Vers├úo do MSBuild 17.14.40+3e7442088 para .NET Framework

  WLXPhotoBase.cpp
C:\Users\mcmco\Desktop\WMMR\src\WLXPhotoBase\WLXPhotoBase.h(32,9): warning C4005: 'WINVER': macro redefinition [C:\Users\mcmco\Desktop\WMMR\build\src\WLXPhotoBase\WLXPhotoBase.vcxproj]
  (compiling source file '../../../src/WLXPhotoBase/WLXPhotoBase.cpp')
      C:\Users\mcmco\Desktop\WMMR\src\WLXPhotoBase\WLXPhotoBase.h(32,9):
      'WINVER' previously declared on the command line
  
C:\Users\mcmco\Desktop\WMMR\src\WLXPhotoBase\WLXPhotoBase.h(33,9): warning C4005: '_WIN32_WINNT': macro redefinition [C:\Users\mcmco\Desktop\WMMR\build\src\WLXPhotoBase\WLXPhotoBase.vcxproj]
  (compiling source file '../../../src/WLXPhotoBase/WLXPhotoBase.cpp')
      C:\Users\mcmco\Desktop\WMMR\src\WLXPhotoBase\WLXPhotoBase.h(33,9):
      '_WIN32_WINNT' previously declared on the command line
  
C:\Users\mcmco\Desktop\WMMR\src\WLXPhotoBase\BaseTypes.h(536,18): warning C4251: 'Base::File::m_strPath': 'ATL::CStringT<wchar_t,ATL::StrTraitATL<wchar_t,ATL::ChTraitsCRT<wchar_t>>>' needs to have dll-interface to be used by clients of 'Base::File' [C:\Users\mcmco\Desktop\WMMR\build\src\WLXPhotoBase\WLXPhotoBase.vcxproj]
  (compiling source file '../../../src/WLXPhotoBase/WLXPhotoBase.cpp')
      C:\Program Files (x86)\Microsoft Visual Studio\2022\BuildTools\VC\Tools\MSVC\14.44.35207\atlmfc\include\cstringt.h(999,7):
      see declaration of 'ATL::CStringT<wchar_t,ATL::StrTraitATL<wchar_t,ATL::ChTraitsCRT<wchar_t>>>'
  
C:\Users\mcmco\Desktop\WMMR\src\WLXPhotoBase\BaseTypes.h(568,18): warning C4251: 'Base::TempFile::m_strPath': 'ATL::CStringT<wchar_t,ATL::StrTraitATL<wchar_t,ATL::ChTraitsCRT<wchar_t>>>' needs to have dll-interface to be used by clients of 'Base::TempFile' [C:\Users\mcmco\Desktop\WMMR\build\src\WLXPhotoBase\WLXPhotoBase.vcxproj]
  (compiling source file '../../../src/WLXPhotoBase/WLXPhotoBase.cpp')
      C:\Program Files (x86)\Microsoft Visual Studio\2022\BuildTools\VC\Tools\MSVC\14.44.35207\atlmfc\include\cstringt.h(999,7):
      see declaration of 'ATL::CStringT<wchar_t,ATL::StrTraitATL<wchar_t,ATL::ChTraitsCRT<wchar_t>>>'
  
C:\Users\mcmco\Desktop\WMMR\src\WLXPhotoBase\BaseTypes.h(661,21): warning C4251: 'Base::FindFile::m_strDirectory': 'ATL::CStringT<wchar_t,ATL::StrTraitATL<wchar_t,ATL::ChTraitsCRT<wchar_t>>>' needs to have dll-interface to be used by clients of 'Base::FindFile' [C:\Users\mcmco\Desktop\WMMR\build\src\WLXPhotoBase\WLXPhotoBase.vcxproj]
  (compiling source file '../../../src/WLXPhotoBase/WLXPhotoBase.cpp')
      C:\Program Files (x86)\Microsoft Visual Studio\2022\BuildTools\VC\Tools\MSVC\14.44.35207\atlmfc\include\cstringt.h(999,7):
      see declaration of 'ATL::CStringT<wchar_t,ATL::StrTraitATL<wchar_t,ATL::ChTraitsCRT<wchar_t>>>'
  
C:\Users\mcmco\Desktop\WMMR\src\WLXPhotoBase\BaseTypes.h(724,25): warning C4251: 'Base::IntSet::m_values': 'ATL::CAtlArray<int,ATL::CElementTraits<int>>' needs to have dll-interface to be used by clients of 'Base::IntSet' [C:\Users\mcmco\Desktop\WMMR\build\src\WLXPhotoBase\WLXPhotoBase.vcxproj]
  (compiling source file '../../../src/WLXPhotoBase/WLXPhotoBase.cpp')
      C:\Program Files (x86)\Microsoft Visual Studio\2022\BuildTools\VC\Tools\MSVC\14.44.35207\atlmfc\include\atlcoll.h(530,7):
      see declaration of 'ATL::CAtlArray<int,ATL::CElementTraits<int>>'
  
C:\Program Files (x86)\Microsoft Visual Studio\2022\BuildTools\VC\Tools\MSVC\14.44.35207\atlmfc\include\atlcomcli.h(207,16): error C2039: 'Release': is not a member of 'ATL::IAtlStringMgr' [C:\Users\mcmco\Desktop\WMMR\build\src\WLXPhotoBase\WLXPhotoBase.vcxproj]
  (compiling source file '../../../src/WLXPhotoBase/WLXPhotoBase.cpp')
      C:\Program Files (x86)\Microsoft Visual Studio\2022\BuildTools\VC\Tools\MSVC\14.44.35207\atlmfc\include\atlsimpstr.h(32,13):
      see declaration of 'ATL::IAtlStringMgr'
      C:\Program Files (x86)\Microsoft Visual Studio\2022\BuildTools\VC\Tools\MSVC\14.44.35207\atlmfc\include\atlcomcli.h(207,16):
      the template instantiation context (the oldest one first) is
          C:\Users\mcmco\Desktop\WMMR\src\WLXPhotoBase\WLXPhotoBase.cpp(306,45):
          see reference to class template instantiation 'ATL::CComPtr<ATL::IAtlStringMgr>' being compiled
          C:\Program Files (x86)\Microsoft Visual Studio\2022\BuildTools\VC\Tools\MSVC\14.44.35207\atlmfc\include\atlcomcli.h(342,12):
          see reference to class template instantiation 'ATL::CComPtrBase<T>' being compiled
          with
          [
              T=ATL::IAtlStringMgr
          ]
          C:\Program Files (x86)\Microsoft Visual Studio\2022\BuildTools\VC\Tools\MSVC\14.44.35207\atlmfc\include\atlcomcli.h(204,6):
          while compiling class template member function 'ATL::CComPtrBase<T>::~CComPtrBase(void) throw()'
          with
          [
              T=ATL::IAtlStringMgr
          ]
              C:\Program Files (x86)\Microsoft Visual Studio\2022\BuildTools\VC\Tools\MSVC\14.44.35207\atlmfc\include\atlcomcli.h(394,1):
              see the first reference to 'ATL::CComPtrBase<T>::~CComPtrBase' in 'ATL::CComPtr<ATL::IAtlStringMgr>::~CComPtr'
          with
          [
              T=ATL::IAtlStringMgr
          ]
  
  SundanceAppMain.cpp
  SundanceAppDataContext.cpp
  AutoSaveManager.cpp
  ClipboardManager.cpp
  StoryboardManager.cpp
  MovieProject.cpp
  MovieExtent.cpp
  Extents.cpp
C:\Users\mcmco\Desktop\WMMR\src\MovieMakerCore\pch.h(21,9): warning C4005: 'WINVER': macro redefinition [C:\Users\mcmco\Desktop\WMMR\build\src\MovieMakerCore\MovieMakerCore.vcxproj]
  (compiling source file '../../../src/MovieMakerCore/SundanceApp/SundanceAppDataContext.cpp')
      C:\Users\mcmco\Desktop\WMMR\src\MovieMakerCore\pch.h(21,9):
      'WINVER' previously declared on the command line
  
C:\Users\mcmco\Desktop\WMMR\src\MovieMakerCore\pch.h(22,9): warning C4005: '_WIN32_WINNT': macro redefinition [C:\Users\mcmco\Desktop\WMMR\build\src\MovieMakerCore\MovieMakerCore.vcxproj]
  (compiling source file '../../../src/MovieMakerCore/SundanceApp/SundanceAppDataContext.cpp')
      C:\Users\mcmco\Desktop\WMMR\src\MovieMakerCore\pch.h(22,9):
      '_WIN32_WINNT' previously declared on the command line
  
C:\Users\mcmco\Desktop\WMMR\src\MovieMakerCore\pch.h(21,9): warning C4005: 'WINVER': macro redefinition [C:\Users\mcmco\Desktop\WMMR\build\src\MovieMakerCore\MovieMakerCore.vcxproj]
  (compiling source file '../../../src/MovieMakerCore/SundanceApp/SundanceAppMain.cpp')
      C:\Users\mcmco\Desktop\WMMR\src\MovieMakerCore\pch.h(21,9):
      'WINVER' previously declared on the command line
  
C:\Users\mcmco\Desktop\WMMR\src\MovieMakerCore\pch.h(30,9): warning C4005: 'WIN32_LEAN_AND_MEAN': macro redefinition [C:\Users\mcmco\Desktop\WMMR\build\src\MovieMakerCore\MovieMakerCore.vcxproj]
  (compiling source file '../../../src/MovieMakerCore/SundanceApp/SundanceAppDataContext.cpp')
      C:\Users\mcmco\Desktop\WMMR\src\MovieMakerCore\pch.h(30,9):
      'WIN32_LEAN_AND_MEAN' previously declared on the command line
  
C:\Users\mcmco\Desktop\WMMR\src\MovieMakerCore\pch.h(22,9): warning C4005: '_WIN32_WINNT': macro redefinition [C:\Users\mcmco\Desktop\WMMR\build\src\MovieMakerCore\MovieMakerCore.vcxproj]
  (compiling source file '../../../src/MovieMakerCore/SundanceApp/SundanceAppMain.cpp')
      C:\Users\mcmco\Desktop\WMMR\src\MovieMakerCore\pch.h(22,9):
      '_WIN32_WINNT' previously declared on the command line
  
C:\Users\mcmco\Desktop\WMMR\src\MovieMakerCore\pch.h(31,9): warning C4005: 'NOMINMAX': macro redefinition [C:\Users\mcmco\Desktop\WMMR\build\src\MovieMakerCore\MovieMakerCore.vcxproj]
  (compiling source file '../../../src/MovieMakerCore/SundanceApp/SundanceAppDataContext.cpp')
      C:\Users\mcmco\Desktop\WMMR\src\MovieMakerCore\pch.h(31,9):
      'NOMINMAX' previously declared on the command line
  
C:\Users\mcmco\Desktop\WMMR\src\MovieMakerCore\pch.h(30,9): warning C4005: 'WIN32_LEAN_AND_MEAN': macro redefinition [C:\Users\mcmco\Desktop\WMMR\build\src\MovieMakerCore\MovieMakerCore.vcxproj]
  (compiling source file '../../../src/MovieMakerCore/SundanceApp/SundanceAppMain.cpp')
      C:\Users\mcmco\Desktop\WMMR\src\MovieMakerCore\pch.h(30,9):
      'WIN32_LEAN_AND_MEAN' previously declared on the command line
  
C:\Users\mcmco\Desktop\WMMR\src\MovieMakerCore\pch.h(32,9): warning C4005: '_CRT_SECURE_NO_WARNINGS': macro redefinition [C:\Users\mcmco\Desktop\WMMR\build\src\MovieMakerCore\MovieMakerCore.vcxproj]
  (compiling source file '../../../src/MovieMakerCore/SundanceApp/SundanceAppDataContext.cpp')
      C:\Users\mcmco\Desktop\WMMR\src\MovieMakerCore\pch.h(32,9):
      '_CRT_SECURE_NO_WARNINGS' previously declared on the command line
  
C:\Users\mcmco\Desktop\WMMR\src\MovieMakerCore\pch.h(33,9): warning C4005: '_WINDLL': macro redefinition [C:\Users\mcmco\Desktop\WMMR\build\src\MovieMakerCore\MovieMakerCore.vcxproj]
  (compiling source file '../../../src/MovieMakerCore/SundanceApp/SundanceAppDataContext.cpp')
      C:\Users\mcmco\Desktop\WMMR\src\MovieMakerCore\pch.h(33,9):
      '_WINDLL' previously declared on the command line
  
C:\Users\mcmco\Desktop\WMMR\src\MovieMakerCore\pch.h(31,9): warning C4005: 'NOMINMAX': macro redefinition [C:\Users\mcmco\Desktop\WMMR\build\src\MovieMakerCore\MovieMakerCore.vcxproj]
  (compiling source file '../../../src/MovieMakerCore/SundanceApp/SundanceAppMain.cpp')
      C:\Users\mcmco\Desktop\WMMR\src\MovieMakerCore\pch.h(31,9):
      'NOMINMAX' previously declared on the command line
  
C:\Users\mcmco\Desktop\WMMR\src\MovieMakerCore\pch.h(34,9): warning C4005: '_AFXDLL': macro redefinition [C:\Users\mcmco\Desktop\WMMR\build\src\MovieMakerCore\MovieMakerCore.vcxproj]
  (compiling source file '../../../src/MovieMakerCore/SundanceApp/SundanceAppDataContext.cpp')
      C:\Users\mcmco\Desktop\WMMR\src\MovieMakerCore\pch.h(34,9):
      '_AFXDLL' previously declared on the command line
  
C:\Users\mcmco\Desktop\WMMR\src\MovieMakerCore\pch.h(35,9): warning C4005: '_ATL_CSTRING_EXPLICIT_CONSTRUCTORS': macro redefinition [C:\Users\mcmco\Desktop\WMMR\build\src\MovieMakerCore\MovieMakerCore.vcxproj]
  (compiling source file '../../../src/MovieMakerCore/SundanceApp/SundanceAppDataContext.cpp')
      C:\Users\mcmco\Desktop\WMMR\src\MovieMakerCore\pch.h(35,9):
      '_ATL_CSTRING_EXPLICIT_CONSTRUCTORS' previously declared on the command line
  
C:\Users\mcmco\Desktop\WMMR\src\MovieMakerCore\pch.h(32,9): warning C4005: '_CRT_SECURE_NO_WARNINGS': macro redefinition [C:\Users\mcmco\Desktop\WMMR\build\src\MovieMakerCore\MovieMakerCore.vcxproj]
  (compiling source file '../../../src/MovieMakerCore/SundanceApp/SundanceAppMain.cpp')
      C:\Users\mcmco\Desktop\WMMR\src\MovieMakerCore\pch.h(32,9):
      '_CRT_SECURE_NO_WARNINGS' previously declared on the command line
  
C:\Users\mcmco\Desktop\WMMR\src\MovieMakerCore\pch.h(36,9): warning C4005: '_ATL_ALL_WARNINGS': macro redefinition [C:\Users\mcmco\Desktop\WMMR\build\src\MovieMakerCore\MovieMakerCore.vcxproj]
  (compiling source file '../../../src/MovieMakerCore/SundanceApp/SundanceAppDataContext.cpp')
      C:\Users\mcmco\Desktop\WMMR\src\MovieMakerCore\pch.h(36,9):
      '_ATL_ALL_WARNINGS' previously declared on the command line
  
C:\Users\mcmco\Desktop\WMMR\src\MovieMakerCore\pch.h(33,9): warning C4005: '_WINDLL': macro redefinition [C:\Users\mcmco\Desktop\WMMR\build\src\MovieMakerCore\MovieMakerCore.vcxproj]
  (compiling source file '../../../src/MovieMakerCore/SundanceApp/SundanceAppMain.cpp')
      C:\Users\mcmco\Desktop\WMMR\src\MovieMakerCore\pch.h(33,9):
      '_WINDLL' previously declared on the command line
  
C:\Users\mcmco\Desktop\WMMR\src\MovieMakerCore\pch.h(34,9): warning C4005: '_AFXDLL': macro redefinition [C:\Users\mcmco\Desktop\WMMR\build\src\MovieMakerCore\MovieMakerCore.vcxproj]
  (compiling source file '../../../src/MovieMakerCore/SundanceApp/SundanceAppMain.cpp')
      C:\Users\mcmco\Desktop\WMMR\src\MovieMakerCore\pch.h(34,9):
      '_AFXDLL' previously declared on the command line
  
C:\Users\mcmco\Desktop\WMMR\src\MovieMakerCore\pch.h(35,9): warning C4005: '_ATL_CSTRING_EXPLICIT_CONSTRUCTORS': macro redefinition [C:\Users\mcmco\Desktop\WMMR\build\src\MovieMakerCore\MovieMakerCore.vcxproj]
  (compiling source file '../../../src/MovieMakerCore/SundanceApp/SundanceAppMain.cpp')
      C:\Users\mcmco\Desktop\WMMR\src\MovieMakerCore\pch.h(35,9):
      '_ATL_CSTRING_EXPLICIT_CONSTRUCTORS' previously declared on the command line
  
C:\Users\mcmco\Desktop\WMMR\src\MovieMakerCore\pch.h(36,9): warning C4005: '_ATL_ALL_WARNINGS': macro redefinition [C:\Users\mcmco\Desktop\WMMR\build\src\MovieMakerCore\MovieMakerCore.vcxproj]
  (compiling source file '../../../src/MovieMakerCore/SundanceApp/SundanceAppMain.cpp')
      C:\Users\mcmco\Desktop\WMMR\src\MovieMakerCore\pch.h(36,9):
      '_ATL_ALL_WARNINGS' previously declared on the command line
  
C:\Users\mcmco\Desktop\WMMR\src\MovieMakerCore\pch.h(21,9): warning C4005: 'WINVER': macro redefinition [C:\Users\mcmco\Desktop\WMMR\build\src\MovieMakerCore\MovieMakerCore.vcxproj]
  (compiling source file '../../../src/MovieMakerCore/SundanceApp/ClipboardManager.cpp')
      C:\Users\mcmco\Desktop\WMMR\src\MovieMakerCore\pch.h(21,9):
      'WINVER' previously declared on the command line
  
C:\Users\mcmco\Desktop\WMMR\src\MovieMakerCore\pch.h(21,9): warning C4005: 'WINVER': macro redefinition [C:\Users\mcmco\Desktop\WMMR\build\src\MovieMakerCore\MovieMakerCore.vcxproj]
  (compiling source file '../../../src/MovieMakerCore/StoryboardManager/MovieProject.cpp')
      C:\Users\mcmco\Desktop\WMMR\src\MovieMakerCore\pch.h(21,9):
      'WINVER' previously declared on the command line
  
C:\Users\mcmco\Desktop\WMMR\src\MovieMakerCore\pch.h(22,9): warning C4005: '_WIN32_WINNT': macro redefinition [C:\Users\mcmco\Desktop\WMMR\build\src\MovieMakerCore\MovieMakerCore.vcxproj]
  (compiling source file '../../../src/MovieMakerCore/SundanceApp/ClipboardManager.cpp')
      C:\Users\mcmco\Desktop\WMMR\src\MovieMakerCore\pch.h(22,9):
      '_WIN32_WINNT' previously declared on the command line
  
C:\Users\mcmco\Desktop\WMMR\src\MovieMakerCore\pch.h(22,9): warning C4005: '_WIN32_WINNT': macro redefinition [C:\Users\mcmco\Desktop\WMMR\build\src\MovieMakerCore\MovieMakerCore.vcxproj]
  (compiling source file '../../../src/MovieMakerCore/StoryboardManager/MovieProject.cpp')
      C:\Users\mcmco\Desktop\WMMR\src\MovieMakerCore\pch.h(22,9):
      '_WIN32_WINNT' previously declared on the command line
  
C:\Users\mcmco\Desktop\WMMR\src\MovieMakerCore\pch.h(30,9): warning C4005: 'WIN32_LEAN_AND_MEAN': macro redefinition [C:\Users\mcmco\Desktop\WMMR\build\src\MovieMakerCore\MovieMakerCore.vcxproj]
  (compiling source file '../../../src/MovieMakerCore/SundanceApp/ClipboardManager.cpp')
      C:\Users\mcmco\Desktop\WMMR\src\MovieMakerCore\pch.h(30,9):
      'WIN32_LEAN_AND_MEAN' previously declared on the command line
  
C:\Users\mcmco\Desktop\WMMR\src\MovieMakerCore\pch.h(21,9): warning C4005: 'WINVER': macro redefinition [C:\Users\mcmco\Desktop\WMMR\build\src\MovieMakerCore\MovieMakerCore.vcxproj]
  (compiling source file '../../../src/MovieMakerCore/StoryboardManager/MovieExtent.cpp')
      C:\Users\mcmco\Desktop\WMMR\src\MovieMakerCore\pch.h(21,9):
      'WINVER' previously declared on the command line
  
C:\Users\mcmco\Desktop\WMMR\src\MovieMakerCore\pch.h(30,9): warning C4005: 'WIN32_LEAN_AND_MEAN': macro redefinition [C:\Users\mcmco\Desktop\WMMR\build\src\MovieMakerCore\MovieMakerCore.vcxproj]
  (compiling source file '../../../src/MovieMakerCore/StoryboardManager/MovieProject.cpp')
      C:\Users\mcmco\Desktop\WMMR\src\MovieMakerCore\pch.h(30,9):
      'WIN32_LEAN_AND_MEAN' previously declared on the command line
  
C:\Users\mcmco\Desktop\WMMR\src\MovieMakerCore\pch.h(31,9): warning C4005: 'NOMINMAX': macro redefinition [C:\Users\mcmco\Desktop\WMMR\build\src\MovieMakerCore\MovieMakerCore.vcxproj]
  (compiling source file '../../../src/MovieMakerCore/SundanceApp/ClipboardManager.cpp')
      C:\Users\mcmco\Desktop\WMMR\src\MovieMakerCore\pch.h(31,9):
      'NOMINMAX' previously declared on the command line
  
C:\Users\mcmco\Desktop\WMMR\src\MovieMakerCore\pch.h(21,9): warning C4005: 'WINVER': macro redefinition [C:\Users\mcmco\Desktop\WMMR\build\src\MovieMakerCore\MovieMakerCore.vcxproj]
  (compiling source file '../../../src/MovieMakerCore/SundanceApp/AutoSaveManager.cpp')
      C:\Users\mcmco\Desktop\WMMR\src\MovieMakerCore\pch.h(21,9):
      'WINVER' previously declared on the command line
  
C:\Users\mcmco\Desktop\WMMR\src\MovieMakerCore\pch.h(22,9): warning C4005: '_WIN32_WINNT': macro redefinition [C:\Users\mcmco\Desktop\WMMR\build\src\MovieMakerCore\MovieMakerCore.vcxproj]
  (compiling source file '../../../src/MovieMakerCore/StoryboardManager/MovieExtent.cpp')
      C:\Users\mcmco\Desktop\WMMR\src\MovieMakerCore\pch.h(22,9):
      '_WIN32_WINNT' previously declared on the command line
  
C:\Users\mcmco\Desktop\WMMR\src\MovieMakerCore\pch.h(32,9): warning C4005: '_CRT_SECURE_NO_WARNINGS': macro redefinition [C:\Users\mcmco\Desktop\WMMR\build\src\MovieMakerCore\MovieMakerCore.vcxproj]
  (compiling source file '../../../src/MovieMakerCore/SundanceApp/ClipboardManager.cpp')
      C:\Users\mcmco\Desktop\WMMR\src\MovieMakerCore\pch.h(32,9):
      '_CRT_SECURE_NO_WARNINGS' previously declared on the command line
  
C:\Users\mcmco\Desktop\WMMR\src\MovieMakerCore\pch.h(31,9): warning C4005: 'NOMINMAX': macro redefinition [C:\Users\mcmco\Desktop\WMMR\build\src\MovieMakerCore\MovieMakerCore.vcxproj]
  (compiling source file '../../../src/MovieMakerCore/StoryboardManager/MovieProject.cpp')
      C:\Users\mcmco\Desktop\WMMR\src\MovieMakerCore\pch.h(31,9):
      'NOMINMAX' previously declared on the command line
  
C:\Users\mcmco\Desktop\WMMR\src\MovieMakerCore\pch.h(22,9): warning C4005: '_WIN32_WINNT': macro redefinition [C:\Users\mcmco\Desktop\WMMR\build\src\MovieMakerCore\MovieMakerCore.vcxproj]
  (compiling source file '../../../src/MovieMakerCore/SundanceApp/AutoSaveManager.cpp')
      C:\Users\mcmco\Desktop\WMMR\src\MovieMakerCore\pch.h(22,9):
      '_WIN32_WINNT' previously declared on the command line
  
C:\Users\mcmco\Desktop\WMMR\src\MovieMakerCore\pch.h(30,9): warning C4005: 'WIN32_LEAN_AND_MEAN': macro redefinition [C:\Users\mcmco\Desktop\WMMR\build\src\MovieMakerCore\MovieMakerCore.vcxproj]
  (compiling source file '../../../src/MovieMakerCore/StoryboardManager/MovieExtent.cpp')
      C:\Users\mcmco\Desktop\WMMR\src\MovieMakerCore\pch.h(30,9):
      'WIN32_LEAN_AND_MEAN' previously declared on the command line
  
C:\Users\mcmco\Desktop\WMMR\src\MovieMakerCore\pch.h(33,9): warning C4005: '_WINDLL': macro redefinition [C:\Users\mcmco\Desktop\WMMR\build\src\MovieMakerCore\MovieMakerCore.vcxproj]
  (compiling source file '../../../src/MovieMakerCore/SundanceApp/ClipboardManager.cpp')
      C:\Users\mcmco\Desktop\WMMR\src\MovieMakerCore\pch.h(33,9):
      '_WINDLL' previously declared on the command line
  
C:\Users\mcmco\Desktop\WMMR\src\MovieMakerCore\pch.h(32,9): warning C4005: '_CRT_SECURE_NO_WARNINGS': macro redefinition [C:\Users\mcmco\Desktop\WMMR\build\src\MovieMakerCore\MovieMakerCore.vcxproj]
  (compiling source file '../../../src/MovieMakerCore/StoryboardManager/MovieProject.cpp')
      C:\Users\mcmco\Desktop\WMMR\src\MovieMakerCore\pch.h(32,9):
      '_CRT_SECURE_NO_WARNINGS' previously declared on the command line
  
C:\Users\mcmco\Desktop\WMMR\src\MovieMakerCore\pch.h(30,9): warning C4005: 'WIN32_LEAN_AND_MEAN': macro redefinition [C:\Users\mcmco\Desktop\WMMR\build\src\MovieMakerCore\MovieMakerCore.vcxproj]
  (compiling source file '../../../src/MovieMakerCore/SundanceApp/AutoSaveManager.cpp')
      C:\Users\mcmco\Desktop\WMMR\src\MovieMakerCore\pch.h(30,9):
      'WIN32_LEAN_AND_MEAN' previously declared on the command line
  
C:\Users\mcmco\Desktop\WMMR\src\MovieMakerCore\pch.h(34,9): warning C4005: '_AFXDLL': macro redefinition [C:\Users\mcmco\Desktop\WMMR\build\src\MovieMakerCore\MovieMakerCore.vcxproj]
  (compiling source file '../../../src/MovieMakerCore/SundanceApp/ClipboardManager.cpp')
      C:\Users\mcmco\Desktop\WMMR\src\MovieMakerCore\pch.h(34,9):
      '_AFXDLL' previously declared on the command line
  
C:\Users\mcmco\Desktop\WMMR\src\MovieMakerCore\pch.h(33,9): warning C4005: '_WINDLL': macro redefinition [C:\Users\mcmco\Desktop\WMMR\build\src\MovieMakerCore\MovieMakerCore.vcxproj]
  (compiling source file '../../../src/MovieMakerCore/StoryboardManager/MovieProject.cpp')
      C:\Users\mcmco\Desktop\WMMR\src\MovieMakerCore\pch.h(33,9):
      '_WINDLL' previously declared on the command line
  
C:\Users\mcmco\Desktop\WMMR\src\MovieMakerCore\pch.h(31,9): warning C4005: 'NOMINMAX': macro redefinition [C:\Users\mcmco\Desktop\WMMR\build\src\MovieMakerCore\MovieMakerCore.vcxproj]
  (compiling source file '../../../src/MovieMakerCore/SundanceApp/AutoSaveManager.cpp')
      C:\Users\mcmco\Desktop\WMMR\src\MovieMakerCore\pch.h(31,9):
      'NOMINMAX' previously declared on the command line
  
C:\Users\mcmco\Desktop\WMMR\src\MovieMakerCore\pch.h(34,9): warning C4005: '_AFXDLL': macro redefinition [C:\Users\mcmco\Desktop\WMMR\build\src\MovieMakerCore\MovieMakerCore.vcxproj]
  (compiling source file '../../../src/MovieMakerCore/StoryboardManager/MovieProject.cpp')
      C:\Users\mcmco\Desktop\WMMR\src\MovieMakerCore\pch.h(34,9):
      '_AFXDLL' previously declared on the command line
  
C:\Users\mcmco\Desktop\WMMR\src\MovieMakerCore\pch.h(32,9): warning C4005: '_CRT_SECURE_NO_WARNINGS': macro redefinition [C:\Users\mcmco\Desktop\WMMR\build\src\MovieMakerCore\MovieMakerCore.vcxproj]
  (compiling source file '../../../src/MovieMakerCore/SundanceApp/AutoSaveManager.cpp')
      C:\Users\mcmco\Desktop\WMMR\src\MovieMakerCore\pch.h(32,9):
      '_CRT_SECURE_NO_WARNINGS' previously declared on the command line
  
C:\Users\mcmco\Desktop\WMMR\src\MovieMakerCore\pch.h(35,9): warning C4005: '_ATL_CSTRING_EXPLICIT_CONSTRUCTORS': macro redefinition [C:\Users\mcmco\Desktop\WMMR\build\src\MovieMakerCore\MovieMakerCore.vcxproj]
  (compiling source file '../../../src/MovieMakerCore/StoryboardManager/MovieProject.cpp')
      C:\Users\mcmco\Desktop\WMMR\src\MovieMakerCore\pch.h(35,9):
      '_ATL_CSTRING_EXPLICIT_CONSTRUCTORS' previously declared on the command line
  
C:\Users\mcmco\Desktop\WMMR\src\MovieMakerCore\pch.h(33,9): warning C4005: '_WINDLL': macro redefinition [C:\Users\mcmco\Desktop\WMMR\build\src\MovieMakerCore\MovieMakerCore.vcxproj]
  (compiling source file '../../../src/MovieMakerCore/SundanceApp/AutoSaveManager.cpp')
      C:\Users\mcmco\Desktop\WMMR\src\MovieMakerCore\pch.h(33,9):
      '_WINDLL' previously declared on the command line
  
C:\Users\mcmco\Desktop\WMMR\src\MovieMakerCore\pch.h(21,9): warning C4005: 'WINVER': macro redefinition [C:\Users\mcmco\Desktop\WMMR\build\src\MovieMakerCore\MovieMakerCore.vcxproj]
  (compiling source file '../../../src/MovieMakerCore/StoryboardManager/StoryboardManager.cpp')
      C:\Users\mcmco\Desktop\WMMR\src\MovieMakerCore\pch.h(21,9):
      'WINVER' previously declared on the command line
  
C:\Users\mcmco\Desktop\WMMR\src\MovieMakerCore\pch.h(36,9): warning C4005: '_ATL_ALL_WARNINGS': macro redefinition [C:\Users\mcmco\Desktop\WMMR\build\src\MovieMakerCore\MovieMakerCore.vcxproj]
  (compiling source file '../../../src/MovieMakerCore/StoryboardManager/MovieProject.cpp')
      C:\Users\mcmco\Desktop\WMMR\src\MovieMakerCore\pch.h(36,9):
      '_ATL_ALL_WARNINGS' previously declared on the command line
  
C:\Users\mcmco\Desktop\WMMR\src\MovieMakerCore\pch.h(34,9): warning C4005: '_AFXDLL': macro redefinition [C:\Users\mcmco\Desktop\WMMR\build\src\MovieMakerCore\MovieMakerCore.vcxproj]
  (compiling source file '../../../src/MovieMakerCore/SundanceApp/AutoSaveManager.cpp')
      C:\Users\mcmco\Desktop\WMMR\src\MovieMakerCore\pch.h(34,9):
      '_AFXDLL' previously declared on the command line
  
C:\Users\mcmco\Desktop\WMMR\src\MovieMakerCore\pch.h(22,9): warning C4005: '_WIN32_WINNT': macro redefinition [C:\Users\mcmco\Desktop\WMMR\build\src\MovieMakerCore\MovieMakerCore.vcxproj]
  (compiling source file '../../../src/MovieMakerCore/StoryboardManager/StoryboardManager.cpp')
      C:\Users\mcmco\Desktop\WMMR\src\MovieMakerCore\pch.h(22,9):
      '_WIN32_WINNT' previously declared on the command line
  
C:\Users\mcmco\Desktop\WMMR\src\MovieMakerCore\pch.h(35,9): warning C4005: '_ATL_CSTRING_EXPLICIT_CONSTRUCTORS': macro redefinition [C:\Users\mcmco\Desktop\WMMR\build\src\MovieMakerCore\MovieMakerCore.vcxproj]
  (compiling source file '../../../src/MovieMakerCore/SundanceApp/AutoSaveManager.cpp')
      C:\Users\mcmco\Desktop\WMMR\src\MovieMakerCore\pch.h(35,9):
      '_ATL_CSTRING_EXPLICIT_CONSTRUCTORS' previously declared on the command line
  
C:\Users\mcmco\Desktop\WMMR\src\MovieMakerCore\pch.h(30,9): warning C4005: 'WIN32_LEAN_AND_MEAN': macro redefinition [C:\Users\mcmco\Desktop\WMMR\build\src\MovieMakerCore\MovieMakerCore.vcxproj]
  (compiling source file '../../../src/MovieMakerCore/StoryboardManager/StoryboardManager.cpp')
      C:\Users\mcmco\Desktop\WMMR\src\MovieMakerCore\pch.h(30,9):
      'WIN32_LEAN_AND_MEAN' previously declared on the command line
  
C:\Users\mcmco\Desktop\WMMR\src\MovieMakerCore\pch.h(36,9): warning C4005: '_ATL_ALL_WARNINGS': macro redefinition [C:\Users\mcmco\Desktop\WMMR\build\src\MovieMakerCore\MovieMakerCore.vcxproj]
  (compiling source file '../../../src/MovieMakerCore/SundanceApp/AutoSaveManager.cpp')
      C:\Users\mcmco\Desktop\WMMR\src\MovieMakerCore\pch.h(36,9):
      '_ATL_ALL_WARNINGS' previously declared on the command line
  
C:\Users\mcmco\Desktop\WMMR\src\MovieMakerCore\pch.h(31,9): warning C4005: 'NOMINMAX': macro redefinition [C:\Users\mcmco\Desktop\WMMR\build\src\MovieMakerCore\MovieMakerCore.vcxproj]
  (compiling source file '../../../src/MovieMakerCore/StoryboardManager/StoryboardManager.cpp')
      C:\Users\mcmco\Desktop\WMMR\src\MovieMakerCore\pch.h(31,9):
      'NOMINMAX' previously declared on the command line
  
C:\Users\mcmco\Desktop\WMMR\src\MovieMakerCore\pch.h(32,9): warning C4005: '_CRT_SECURE_NO_WARNINGS': macro redefinition [C:\Users\mcmco\Desktop\WMMR\build\src\MovieMakerCore\MovieMakerCore.vcxproj]
  (compiling source file '../../../src/MovieMakerCore/StoryboardManager/StoryboardManager.cpp')
      C:\Users\mcmco\Desktop\WMMR\src\MovieMakerCore\pch.h(32,9):
      '_CRT_SECURE_NO_WARNINGS' previously declared on the command line
  
C:\Users\mcmco\Desktop\WMMR\src\MovieMakerCore\pch.h(33,9): warning C4005: '_WINDLL': macro redefinition [C:\Users\mcmco\Desktop\WMMR\build\src\MovieMakerCore\MovieMakerCore.vcxproj]
  (compiling source file '../../../src/MovieMakerCore/StoryboardManager/StoryboardManager.cpp')
      C:\Users\mcmco\Desktop\WMMR\src\MovieMakerCore\pch.h(33,9):
      '_WINDLL' previously declared on the command line
  
C:\Users\mcmco\Desktop\WMMR\src\MovieMakerCore\pch.h(34,9): warning C4005: '_AFXDLL': macro redefinition [C:\Users\mcmco\Desktop\WMMR\build\src\MovieMakerCore\MovieMakerCore.vcxproj]
  (compiling source file '../../../src/MovieMakerCore/StoryboardManager/StoryboardManager.cpp')
      C:\Users\mcmco\Desktop\WMMR\src\MovieMakerCore\pch.h(34,9):
      '_AFXDLL' previously declared on the command line
  
C:\Users\mcmco\Desktop\WMMR\src\MovieMakerCore\pch.h(35,9): warning C4005: '_ATL_CSTRING_EXPLICIT_CONSTRUCTORS': macro redefinition [C:\Users\mcmco\Desktop\WMMR\build\src\MovieMakerCore\MovieMakerCore.vcxproj]
  (compiling source file '../../../src/MovieMakerCore/StoryboardManager/StoryboardManager.cpp')
      C:\Users\mcmco\Desktop\WMMR\src\MovieMakerCore\pch.h(35,9):
      '_ATL_CSTRING_EXPLICIT_CONSTRUCTORS' previously declared on the command line
  
C:\Users\mcmco\Desktop\WMMR\src\MovieMakerCore\pch.h(21,9): warning C4005: 'WINVER': macro redefinition [C:\Users\mcmco\Desktop\WMMR\build\src\MovieMakerCore\MovieMakerCore.vcxproj]
  (compiling source file '../../../src/MovieMakerCore/StoryboardManager/Extents.cpp')
      C:\Users\mcmco\Desktop\WMMR\src\MovieMakerCore\pch.h(21,9):
      'WINVER' previously declared on the command line
  
C:\Users\mcmco\Desktop\WMMR\src\MovieMakerCore\pch.h(35,9): warning C4005: '_ATL_CSTRING_EXPLICIT_CONSTRUCTORS': macro redefinition [C:\Users\mcmco\Desktop\WMMR\build\src\MovieMakerCore\MovieMakerCore.vcxproj]
  (compiling source file '../../../src/MovieMakerCore/SundanceApp/ClipboardManager.cpp')
      C:\Users\mcmco\Desktop\WMMR\src\MovieMakerCore\pch.h(35,9):
      '_ATL_CSTRING_EXPLICIT_CONSTRUCTORS' previously declared on the command line
  
C:\Users\mcmco\Desktop\WMMR\src\MovieMakerCore\pch.h(36,9): warning C4005: '_ATL_ALL_WARNINGS': macro redefinition [C:\Users\mcmco\Desktop\WMMR\build\src\MovieMakerCore\MovieMakerCore.vcxproj]
  (compiling source file '../../../src/MovieMakerCore/StoryboardManager/StoryboardManager.cpp')
      C:\Users\mcmco\Desktop\WMMR\src\MovieMakerCore\pch.h(36,9):
      '_ATL_ALL_WARNINGS' previously declared on the command line
  
C:\Users\mcmco\Desktop\WMMR\src\MovieMakerCore\pch.h(22,9): warning C4005: '_WIN32_WINNT': macro redefinition [C:\Users\mcmco\Desktop\WMMR\build\src\MovieMakerCore\MovieMakerCore.vcxproj]
  (compiling source file '../../../src/MovieMakerCore/StoryboardManager/Extents.cpp')
      C:\Users\mcmco\Desktop\WMMR\src\MovieMakerCore\pch.h(22,9):
      '_WIN32_WINNT' previously declared on the command line
  
C:\Users\mcmco\Desktop\WMMR\src\MovieMakerCore\pch.h(31,9): warning C4005: 'NOMINMAX': macro redefinition [C:\Users\mcmco\Desktop\WMMR\build\src\MovieMakerCore\MovieMakerCore.vcxproj]
  (compiling source file '../../../src/MovieMakerCore/StoryboardManager/MovieExtent.cpp')
      C:\Users\mcmco\Desktop\WMMR\src\MovieMakerCore\pch.h(31,9):
      'NOMINMAX' previously declared on the command line
  
C:\Users\mcmco\Desktop\WMMR\src\MovieMakerCore\pch.h(36,9): warning C4005: '_ATL_ALL_WARNINGS': macro redefinition [C:\Users\mcmco\Desktop\WMMR\build\src\MovieMakerCore\MovieMakerCore.vcxproj]
  (compiling source file '../../../src/MovieMakerCore/SundanceApp/ClipboardManager.cpp')
      C:\Users\mcmco\Desktop\WMMR\src\MovieMakerCore\pch.h(36,9):
      '_ATL_ALL_WARNINGS' previously declared on the command line
  
C:\Users\mcmco\Desktop\WMMR\src\MovieMakerCore\pch.h(30,9): warning C4005: 'WIN32_LEAN_AND_MEAN': macro redefinition [C:\Users\mcmco\Desktop\WMMR\build\src\MovieMakerCore\MovieMakerCore.vcxproj]
  (compiling source file '../../../src/MovieMakerCore/StoryboardManager/Extents.cpp')
      C:\Users\mcmco\Desktop\WMMR\src\MovieMakerCore\pch.h(30,9):
      'WIN32_LEAN_AND_MEAN' previously declared on the command line
  
C:\Users\mcmco\Desktop\WMMR\src\MovieMakerCore\pch.h(32,9): warning C4005: '_CRT_SECURE_NO_WARNINGS': macro redefinition [C:\Users\mcmco\Desktop\WMMR\build\src\MovieMakerCore\MovieMakerCore.vcxproj]
  (compiling source file '../../../src/MovieMakerCore/StoryboardManager/MovieExtent.cpp')
      C:\Users\mcmco\Desktop\WMMR\src\MovieMakerCore\pch.h(32,9):
      '_CRT_SECURE_NO_WARNINGS' previously declared on the command line
  
C:\Users\mcmco\Desktop\WMMR\src\MovieMakerCore\pch.h(31,9): warning C4005: 'NOMINMAX': macro redefinition [C:\Users\mcmco\Desktop\WMMR\build\src\MovieMakerCore\MovieMakerCore.vcxproj]
  (compiling source file '../../../src/MovieMakerCore/StoryboardManager/Extents.cpp')
      C:\Users\mcmco\Desktop\WMMR\src\MovieMakerCore\pch.h(31,9):
      'NOMINMAX' previously declared on the command line
  
C:\Users\mcmco\Desktop\WMMR\src\MovieMakerCore\pch.h(33,9): warning C4005: '_WINDLL': macro redefinition [C:\Users\mcmco\Desktop\WMMR\build\src\MovieMakerCore\MovieMakerCore.vcxproj]
  (compiling source file '../../../src/MovieMakerCore/StoryboardManager/MovieExtent.cpp')
      C:\Users\mcmco\Desktop\WMMR\src\MovieMakerCore\pch.h(33,9):
      '_WINDLL' previously declared on the command line
  
C:\Users\mcmco\Desktop\WMMR\src\MovieMakerCore\pch.h(32,9): warning C4005: '_CRT_SECURE_NO_WARNINGS': macro redefinition [C:\Users\mcmco\Desktop\WMMR\build\src\MovieMakerCore\MovieMakerCore.vcxproj]
  (compiling source file '../../../src/MovieMakerCore/StoryboardManager/Extents.cpp')
      C:\Users\mcmco\Desktop\WMMR\src\MovieMakerCore\pch.h(32,9):
      '_CRT_SECURE_NO_WARNINGS' previously declared on the command line
  
C:\Users\mcmco\Desktop\WMMR\src\MovieMakerCore\pch.h(34,9): warning C4005: '_AFXDLL': macro redefinition [C:\Users\mcmco\Desktop\WMMR\build\src\MovieMakerCore\MovieMakerCore.vcxproj]
  (compiling source file '../../../src/MovieMakerCore/StoryboardManager/MovieExtent.cpp')
      C:\Users\mcmco\Desktop\WMMR\src\MovieMakerCore\pch.h(34,9):
      '_AFXDLL' previously declared on the command line
  
C:\Users\mcmco\Desktop\WMMR\src\MovieMakerCore\pch.h(33,9): warning C4005: '_WINDLL': macro redefinition [C:\Users\mcmco\Desktop\WMMR\build\src\MovieMakerCore\MovieMakerCore.vcxproj]
  (compiling source file '../../../src/MovieMakerCore/StoryboardManager/Extents.cpp')
      C:\Users\mcmco\Desktop\WMMR\src\MovieMakerCore\pch.h(33,9):
      '_WINDLL' previously declared on the command line
  
C:\Users\mcmco\Desktop\WMMR\src\MovieMakerCore\pch.h(35,9): warning C4005: '_ATL_CSTRING_EXPLICIT_CONSTRUCTORS': macro redefinition [C:\Users\mcmco\Desktop\WMMR\build\src\MovieMakerCore\MovieMakerCore.vcxproj]
  (compiling source file '../../../src/MovieMakerCore/StoryboardManager/MovieExtent.cpp')
      C:\Users\mcmco\Desktop\WMMR\src\MovieMakerCore\pch.h(35,9):
      '_ATL_CSTRING_EXPLICIT_CONSTRUCTORS' previously declared on the command line
  
C:\Users\mcmco\Desktop\WMMR\src\MovieMakerCore\pch.h(34,9): warning C4005: '_AFXDLL': macro redefinition [C:\Users\mcmco\Desktop\WMMR\build\src\MovieMakerCore\MovieMakerCore.vcxproj]
  (compiling source file '../../../src/MovieMakerCore/StoryboardManager/Extents.cpp')
      C:\Users\mcmco\Desktop\WMMR\src\MovieMakerCore\pch.h(34,9):
      '_AFXDLL' previously declared on the command line
  
C:\Users\mcmco\Desktop\WMMR\src\MovieMakerCore\pch.h(36,9): warning C4005: '_ATL_ALL_WARNINGS': macro redefinition [C:\Users\mcmco\Desktop\WMMR\build\src\MovieMakerCore\MovieMakerCore.vcxproj]
  (compiling source file '../../../src/MovieMakerCore/StoryboardManager/MovieExtent.cpp')
      C:\Users\mcmco\Desktop\WMMR\src\MovieMakerCore\pch.h(36,9):
      '_ATL_ALL_WARNINGS' previously declared on the command line
  
C:\Users\mcmco\Desktop\WMMR\src\MovieMakerCore\pch.h(35,9): warning C4005: '_ATL_CSTRING_EXPLICIT_CONSTRUCTORS': macro redefinition [C:\Users\mcmco\Desktop\WMMR\build\src\MovieMakerCore\MovieMakerCore.vcxproj]
  (compiling source file '../../../src/MovieMakerCore/StoryboardManager/Extents.cpp')
      C:\Users\mcmco\Desktop\WMMR\src\MovieMakerCore\pch.h(35,9):
      '_ATL_CSTRING_EXPLICIT_CONSTRUCTORS' previously declared on the command line
  
C:\Users\mcmco\Desktop\WMMR\src\MovieMakerCore\pch.h(36,9): warning C4005: '_ATL_ALL_WARNINGS': macro redefinition [C:\Users\mcmco\Desktop\WMMR\build\src\MovieMakerCore\MovieMakerCore.vcxproj]
  (compiling source file '../../../src/MovieMakerCore/StoryboardManager/Extents.cpp')
      C:\Users\mcmco\Desktop\WMMR\src\MovieMakerCore\pch.h(36,9):
      '_ATL_ALL_WARNINGS' previously declared on the command line
  
C:\Users\mcmco\Desktop\WMMR\src\WTL\atlprint.h(809,25): warning C4100: 'dc': unreferenced parameter [C:\Users\mcmco\Desktop\WMMR\build\src\MovieMakerCore\MovieMakerCore.vcxproj]
  (compiling source file '../../../src/MovieMakerCore/StoryboardManager/StoryboardManager.cpp')
  
C:\Users\mcmco\Desktop\WMMR\src\WTL\atlprint.h(809,25): warning C4100: 'dc': unreferenced parameter [C:\Users\mcmco\Desktop\WMMR\build\src\MovieMakerCore\MovieMakerCore.vcxproj]
  (compiling source file '../../../src/MovieMakerCore/StoryboardManager/Extents.cpp')
  
C:\Users\mcmco\Desktop\WMMR\src\WTL\atlprint.h(809,25): warning C4100: 'dc': unreferenced parameter [C:\Users\mcmco\Desktop\WMMR\build\src\MovieMakerCore\MovieMakerCore.vcxproj]
  (compiling source file '../../../src/MovieMakerCore/SundanceApp/SundanceAppMain.cpp')
  
C:\Users\mcmco\Desktop\WMMR\src\WTL\atlprint.h(809,25): warning C4100: 'dc': unreferenced parameter [C:\Users\mcmco\Desktop\WMMR\build\src\MovieMakerCore\MovieMakerCore.vcxproj]
  (compiling source file '../../../src/MovieMakerCore/StoryboardManager/MovieExtent.cpp')
  
C:\Users\mcmco\Desktop\WMMR\src\WTL\atlprint.h(809,25): warning C4100: 'dc': unreferenced parameter [C:\Users\mcmco\Desktop\WMMR\build\src\MovieMakerCore\MovieMakerCore.vcxproj]
  (compiling source file '../../../src/MovieMakerCore/StoryboardManager/MovieProject.cpp')
  
C:\Users\mcmco\Desktop\WMMR\src\WTL\atlprint.h(809,25): warning C4100: 'dc': unreferenced parameter [C:\Users\mcmco\Desktop\WMMR\build\src\MovieMakerCore\MovieMakerCore.vcxproj]
  (compiling source file '../../../src/MovieMakerCore/SundanceApp/SundanceAppDataContext.cpp')
  
C:\Users\mcmco\Desktop\WMMR\src\WTL\atlprint.h(809,25): warning C4100: 'dc': unreferenced parameter [C:\Users\mcmco\Desktop\WMMR\build\src\MovieMakerCore\MovieMakerCore.vcxproj]
  (compiling source file '../../../src/MovieMakerCore/SundanceApp/AutoSaveManager.cpp')
  
C:\Users\mcmco\Desktop\WMMR\src\WTL\atlprint.h(809,25): warning C4100: 'dc': unreferenced parameter [C:\Users\mcmco\Desktop\WMMR\build\src\MovieMakerCore\MovieMakerCore.vcxproj]
  (compiling source file '../../../src/MovieMakerCore/SundanceApp/ClipboardManager.cpp')
  
C:\Users\mcmco\Desktop\WMMR\src\WLXPhotoBase\BaseTypes.h(536,18): warning C4251: 'Base::File::m_strPath': 'ATL::CStringT<wchar_t,ATL::StrTraitATL<wchar_t,ATL::ChTraitsCRT<wchar_t>>>' needs to have dll-interface to be used by clients of 'Base::File' [C:\Users\mcmco\Desktop\WMMR\build\src\MovieMakerCore\MovieMakerCore.vcxproj]
  (compiling source file '../../../src/MovieMakerCore/SundanceApp/SundanceAppMain.cpp')
      C:\Program Files (x86)\Microsoft Visual Studio\2022\BuildTools\VC\Tools\MSVC\14.44.35207\atlmfc\include\cstringt.h(999,7):
      see declaration of 'ATL::CStringT<wchar_t,ATL::StrTraitATL<wchar_t,ATL::ChTraitsCRT<wchar_t>>>'
  
C:\Users\mcmco\Desktop\WMMR\src\WLXPhotoBase\BaseTypes.h(536,18): warning C4251: 'Base::File::m_strPath': 'ATL::CStringT<wchar_t,ATL::StrTraitATL<wchar_t,ATL::ChTraitsCRT<wchar_t>>>' needs to have dll-interface to be used by clients of 'Base::File' [C:\Users\mcmco\Desktop\WMMR\build\src\MovieMakerCore\MovieMakerCore.vcxproj]
  (compiling source file '../../../src/MovieMakerCore/StoryboardManager/Extents.cpp')
      C:\Program Files (x86)\Microsoft Visual Studio\2022\BuildTools\VC\Tools\MSVC\14.44.35207\atlmfc\include\cstringt.h(999,7):
      see declaration of 'ATL::CStringT<wchar_t,ATL::StrTraitATL<wchar_t,ATL::ChTraitsCRT<wchar_t>>>'
  
C:\Users\mcmco\Desktop\WMMR\src\WLXPhotoBase\BaseTypes.h(568,18): warning C4251: 'Base::TempFile::m_strPath': 'ATL::CStringT<wchar_t,ATL::StrTraitATL<wchar_t,ATL::ChTraitsCRT<wchar_t>>>' needs to have dll-interface to be used by clients of 'Base::TempFile' [C:\Users\mcmco\Desktop\WMMR\build\src\MovieMakerCore\MovieMakerCore.vcxproj]
  (compiling source file '../../../src/MovieMakerCore/StoryboardManager/Extents.cpp')
      C:\Program Files (x86)\Microsoft Visual Studio\2022\BuildTools\VC\Tools\MSVC\14.44.35207\atlmfc\include\cstringt.h(999,7):
      see declaration of 'ATL::CStringT<wchar_t,ATL::StrTraitATL<wchar_t,ATL::ChTraitsCRT<wchar_t>>>'
  
C:\Users\mcmco\Desktop\WMMR\src\WLXPhotoBase\BaseTypes.h(568,18): warning C4251: 'Base::TempFile::m_strPath': 'ATL::CStringT<wchar_t,ATL::StrTraitATL<wchar_t,ATL::ChTraitsCRT<wchar_t>>>' needs to have dll-interface to be used by clients of 'Base::TempFile' [C:\Users\mcmco\Desktop\WMMR\build\src\MovieMakerCore\MovieMakerCore.vcxproj]
  (compiling source file '../../../src/MovieMakerCore/SundanceApp/SundanceAppMain.cpp')
      C:\Program Files (x86)\Microsoft Visual Studio\2022\BuildTools\VC\Tools\MSVC\14.44.35207\atlmfc\include\cstringt.h(999,7):
      see declaration of 'ATL::CStringT<wchar_t,ATL::StrTraitATL<wchar_t,ATL::ChTraitsCRT<wchar_t>>>'
  
C:\Users\mcmco\Desktop\WMMR\src\WLXPhotoBase\BaseTypes.h(661,21): warning C4251: 'Base::FindFile::m_strDirectory': 'ATL::CStringT<wchar_t,ATL::StrTraitATL<wchar_t,ATL::ChTraitsCRT<wchar_t>>>' needs to have dll-interface to be used by clients of 'Base::FindFile' [C:\Users\mcmco\Desktop\WMMR\build\src\MovieMakerCore\MovieMakerCore.vcxproj]
  (compiling source file '../../../src/MovieMakerCore/StoryboardManager/Extents.cpp')
      C:\Program Files (x86)\Microsoft Visual Studio\2022\BuildTools\VC\Tools\MSVC\14.44.35207\atlmfc\include\cstringt.h(999,7):
      see declaration of 'ATL::CStringT<wchar_t,ATL::StrTraitATL<wchar_t,ATL::ChTraitsCRT<wchar_t>>>'
  
C:\Users\mcmco\Desktop\WMMR\src\WLXPhotoBase\BaseTypes.h(661,21): warning C4251: 'Base::FindFile::m_strDirectory': 'ATL::CStringT<wchar_t,ATL::StrTraitATL<wchar_t,ATL::ChTraitsCRT<wchar_t>>>' needs to have dll-interface to be used by clients of 'Base::FindFile' [C:\Users\mcmco\Desktop\WMMR\build\src\MovieMakerCore\MovieMakerCore.vcxproj]
  (compiling source file '../../../src/MovieMakerCore/SundanceApp/SundanceAppMain.cpp')
      C:\Program Files (x86)\Microsoft Visual Studio\2022\BuildTools\VC\Tools\MSVC\14.44.35207\atlmfc\include\cstringt.h(999,7):
      see declaration of 'ATL::CStringT<wchar_t,ATL::StrTraitATL<wchar_t,ATL::ChTraitsCRT<wchar_t>>>'
  
C:\Users\mcmco\Desktop\WMMR\src\WLXPhotoBase\BaseTypes.h(724,25): warning C4251: 'Base::IntSet::m_values': 'ATL::CAtlArray<int,ATL::CElementTraits<int>>' needs to have dll-interface to be used by clients of 'Base::IntSet' [C:\Users\mcmco\Desktop\WMMR\build\src\MovieMakerCore\MovieMakerCore.vcxproj]
  (compiling source file '../../../src/MovieMakerCore/StoryboardManager/Extents.cpp')
      C:\Program Files (x86)\Microsoft Visual Studio\2022\BuildTools\VC\Tools\MSVC\14.44.35207\atlmfc\include\atlcoll.h(530,7):
      see declaration of 'ATL::CAtlArray<int,ATL::CElementTraits<int>>'
  
C:\Users\mcmco\Desktop\WMMR\src\WLXPhotoBase\BaseTypes.h(724,25): warning C4251: 'Base::IntSet::m_values': 'ATL::CAtlArray<int,ATL::CElementTraits<int>>' needs to have dll-interface to be used by clients of 'Base::IntSet' [C:\Users\mcmco\Desktop\WMMR\build\src\MovieMakerCore\MovieMakerCore.vcxproj]
  (compiling source file '../../../src/MovieMakerCore/SundanceApp/SundanceAppMain.cpp')
      C:\Program Files (x86)\Microsoft Visual Studio\2022\BuildTools\VC\Tools\MSVC\14.44.35207\atlmfc\include\atlcoll.h(530,7):
      see declaration of 'ATL::CAtlArray<int,ATL::CElementTraits<int>>'
  
C:\Users\mcmco\Desktop\WMMR\src\MovieMakerCore\StoryboardManager\StoryboardManagerExceptions.h(56,18): warning C4251: 'StoryboardManager::StoryboardManagerException::m_strMessage': 'ATL::CStringT<wchar_t,ATL::StrTraitATL<wchar_t,ATL::ChTraitsCRT<wchar_t>>>' needs to have dll-interface to be used by clients of 'StoryboardManager::StoryboardManagerException' [C:\Users\mcmco\Desktop\WMMR\build\src\MovieMakerCore\MovieMakerCore.vcxproj]
  (compiling source file '../../../src/MovieMakerCore/StoryboardManager/Extents.cpp')
      C:\Program Files (x86)\Microsoft Visual Studio\2022\BuildTools\VC\Tools\MSVC\14.44.35207\atlmfc\include\cstringt.h(999,7):
      see declaration of 'ATL::CStringT<wchar_t,ATL::StrTraitATL<wchar_t,ATL::ChTraitsCRT<wchar_t>>>'
  
C:\Users\mcmco\Desktop\WMMR\src\MovieMakerCore\StoryboardManager\StoryboardManagerExceptions.h(86,18): warning C4251: 'StoryboardManager::TemplateInitializationException::m_strTemplateName': 'ATL::CStringT<wchar_t,ATL::StrTraitATL<wchar_t,ATL::ChTraitsCRT<wchar_t>>>' needs to have dll-interface to be used by clients of 'StoryboardManager::TemplateInitializationException' [C:\Users\mcmco\Desktop\WMMR\build\src\MovieMakerCore\MovieMakerCore.vcxproj]
  (compiling source file '../../../src/MovieMakerCore/StoryboardManager/Extents.cpp')
      C:\Program Files (x86)\Microsoft Visual Studio\2022\BuildTools\VC\Tools\MSVC\14.44.35207\atlmfc\include\cstringt.h(999,7):
      see declaration of 'ATL::CStringT<wchar_t,ATL::StrTraitATL<wchar_t,ATL::ChTraitsCRT<wchar_t>>>'
  
C:\Users\mcmco\Desktop\WMMR\src\WLXPhotoBase\BaseTypes.h(536,18): warning C4251: 'Base::File::m_strPath': 'ATL::CStringT<wchar_t,ATL::StrTraitATL<wchar_t,ATL::ChTraitsCRT<wchar_t>>>' needs to have dll-interface to be used by clients of 'Base::File' [C:\Users\mcmco\Desktop\WMMR\build\src\MovieMakerCore\MovieMakerCore.vcxproj]
  (compiling source file '../../../src/MovieMakerCore/StoryboardManager/MovieExtent.cpp')
      C:\Program Files (x86)\Microsoft Visual Studio\2022\BuildTools\VC\Tools\MSVC\14.44.35207\atlmfc\include\cstringt.h(999,7):
      see declaration of 'ATL::CStringT<wchar_t,ATL::StrTraitATL<wchar_t,ATL::ChTraitsCRT<wchar_t>>>'
  
C:\Users\mcmco\Desktop\WMMR\src\MovieMakerCore\StoryboardManager\StoryboardManagerExceptions.h(119,18): warning C4251: 'StoryboardManager::ScriptInitializationException::m_strScriptPath': 'ATL::CStringT<wchar_t,ATL::StrTraitATL<wchar_t,ATL::ChTraitsCRT<wchar_t>>>' needs to have dll-interface to be used by clients of 'StoryboardManager::ScriptInitializationException' [C:\Users\mcmco\Desktop\WMMR\build\src\MovieMakerCore\MovieMakerCore.vcxproj]
  (compiling source file '../../../src/MovieMakerCore/StoryboardManager/Extents.cpp')
      C:\Program Files (x86)\Microsoft Visual Studio\2022\BuildTools\VC\Tools\MSVC\14.44.35207\atlmfc\include\cstringt.h(999,7):
      see declaration of 'ATL::CStringT<wchar_t,ATL::StrTraitATL<wchar_t,ATL::ChTraitsCRT<wchar_t>>>'
  
C:\Users\mcmco\Desktop\WMMR\src\MovieMakerCore\StoryboardManager\StoryboardManagerExceptions.h(120,18): warning C4251: 'StoryboardManager::ScriptInitializationException::m_strScriptEngineId': 'ATL::CStringT<wchar_t,ATL::StrTraitATL<wchar_t,ATL::ChTraitsCRT<wchar_t>>>' needs to have dll-interface to be used by clients of 'StoryboardManager::ScriptInitializationException' [C:\Users\mcmco\Desktop\WMMR\build\src\MovieMakerCore\MovieMakerCore.vcxproj]
  (compiling source file '../../../src/MovieMakerCore/StoryboardManager/Extents.cpp')
      C:\Program Files (x86)\Microsoft Visual Studio\2022\BuildTools\VC\Tools\MSVC\14.44.35207\atlmfc\include\cstringt.h(999,7):
      see declaration of 'ATL::CStringT<wchar_t,ATL::StrTraitATL<wchar_t,ATL::ChTraitsCRT<wchar_t>>>'
  
C:\Users\mcmco\Desktop\WMMR\src\WLXPhotoBase\BaseTypes.h(568,18): warning C4251: 'Base::TempFile::m_strPath': 'ATL::CStringT<wchar_t,ATL::StrTraitATL<wchar_t,ATL::ChTraitsCRT<wchar_t>>>' needs to have dll-interface to be used by clients of 'Base::TempFile' [C:\Users\mcmco\Desktop\WMMR\build\src\MovieMakerCore\MovieMakerCore.vcxproj]
  (compiling source file '../../../src/MovieMakerCore/StoryboardManager/MovieExtent.cpp')
      C:\Program Files (x86)\Microsoft Visual Studio\2022\BuildTools\VC\Tools\MSVC\14.44.35207\atlmfc\include\cstringt.h(999,7):
      see declaration of 'ATL::CStringT<wchar_t,ATL::StrTraitATL<wchar_t,ATL::ChTraitsCRT<wchar_t>>>'
  
C:\Users\mcmco\Desktop\WMMR\src\MovieMakerCore\StoryboardManager\StoryboardManagerExceptions.h(156,18): warning C4251: 'StoryboardManager::EncodeInitializationException::m_strOutputFormat': 'ATL::CStringT<wchar_t,ATL::StrTraitATL<wchar_t,ATL::ChTraitsCRT<wchar_t>>>' needs to have dll-interface to be used by clients of 'StoryboardManager::EncodeInitializationException' [C:\Users\mcmco\Desktop\WMMR\build\src\MovieMakerCore\MovieMakerCore.vcxproj]
  (compiling source file '../../../src/MovieMakerCore/StoryboardManager/Extents.cpp')
      C:\Program Files (x86)\Microsoft Visual Studio\2022\BuildTools\VC\Tools\MSVC\14.44.35207\atlmfc\include\cstringt.h(999,7):
      see declaration of 'ATL::CStringT<wchar_t,ATL::StrTraitATL<wchar_t,ATL::ChTraitsCRT<wchar_t>>>'
  
C:\Users\mcmco\Desktop\WMMR\src\MovieMakerCore\StoryboardManager\StoryboardManagerExceptions.h(157,18): warning C4251: 'StoryboardManager::EncodeInitializationException::m_strCodecName': 'ATL::CStringT<wchar_t,ATL::StrTraitATL<wchar_t,ATL::ChTraitsCRT<wchar_t>>>' needs to have dll-interface to be used by clients of 'StoryboardManager::EncodeInitializationException' [C:\Users\mcmco\Desktop\WMMR\build\src\MovieMakerCore\MovieMakerCore.vcxproj]
  (compiling source file '../../../src/MovieMakerCore/StoryboardManager/Extents.cpp')
      C:\Program Files (x86)\Microsoft Visual Studio\2022\BuildTools\VC\Tools\MSVC\14.44.35207\atlmfc\include\cstringt.h(999,7):
      see declaration of 'ATL::CStringT<wchar_t,ATL::StrTraitATL<wchar_t,ATL::ChTraitsCRT<wchar_t>>>'
  
C:\Users\mcmco\Desktop\WMMR\src\WLXPhotoBase\BaseTypes.h(661,21): warning C4251: 'Base::FindFile::m_strDirectory': 'ATL::CStringT<wchar_t,ATL::StrTraitATL<wchar_t,ATL::ChTraitsCRT<wchar_t>>>' needs to have dll-interface to be used by clients of 'Base::FindFile' [C:\Users\mcmco\Desktop\WMMR\build\src\MovieMakerCore\MovieMakerCore.vcxproj]
  (compiling source file '../../../src/MovieMakerCore/StoryboardManager/MovieExtent.cpp')
      C:\Program Files (x86)\Microsoft Visual Studio\2022\BuildTools\VC\Tools\MSVC\14.44.35207\atlmfc\include\cstringt.h(999,7):
      see declaration of 'ATL::CStringT<wchar_t,ATL::StrTraitATL<wchar_t,ATL::ChTraitsCRT<wchar_t>>>'
  
C:\Users\mcmco\Desktop\WMMR\src\MovieMakerCore\StoryboardManager\TimelineTrack.h(99,25): warning C4251: 'StoryboardManager::TimelineTrack::m_strDisplayName': 'ATL::CStringT<wchar_t,ATL::StrTraitATL<wchar_t,ATL::ChTraitsCRT<wchar_t>>>' needs to have dll-interface to be used by clients of 'StoryboardManager::TimelineTrack' [C:\Users\mcmco\Desktop\WMMR\build\src\MovieMakerCore\MovieMakerCore.vcxproj]
  (compiling source file '../../../src/MovieMakerCore/StoryboardManager/Extents.cpp')
      C:\Program Files (x86)\Microsoft Visual Studio\2022\BuildTools\VC\Tools\MSVC\14.44.35207\atlmfc\include\cstringt.h(999,7):
      see declaration of 'ATL::CStringT<wchar_t,ATL::StrTraitATL<wchar_t,ATL::ChTraitsCRT<wchar_t>>>'
  
C:\Users\mcmco\Desktop\WMMR\src\MovieMakerCore\StoryboardManager\TimelineTrack.h(106,25): error C2079: 'StoryboardManager::TimelineTrack::m_timeline' uses undefined class 'StoryboardManager::ProjectTimeline' [C:\Users\mcmco\Desktop\WMMR\build\src\MovieMakerCore\MovieMakerCore.vcxproj]
  (compiling source file '../../../src/MovieMakerCore/StoryboardManager/Extents.cpp')
  
C:\Users\mcmco\Desktop\WMMR\src\WLXPhotoBase\BaseTypes.h(724,25): warning C4251: 'Base::IntSet::m_values': 'ATL::CAtlArray<int,ATL::CElementTraits<int>>' needs to have dll-interface to be used by clients of 'Base::IntSet' [C:\Users\mcmco\Desktop\WMMR\build\src\MovieMakerCore\MovieMakerCore.vcxproj]
  (compiling source file '../../../src/MovieMakerCore/StoryboardManager/MovieExtent.cpp')
      C:\Program Files (x86)\Microsoft Visual Studio\2022\BuildTools\VC\Tools\MSVC\14.44.35207\atlmfc\include\atlcoll.h(530,7):
      see declaration of 'ATL::CAtlArray<int,ATL::CElementTraits<int>>'
  
C:\Users\mcmco\Desktop\WMMR\src\MovieMakerCore\StoryboardManager\TimelineTrack.h(151,36): warning C4251: 'StoryboardManager::TimelineTrackManager::m_arrTracks': 'ATL::CAtlArray<StoryboardManager::TimelineTrack *,ATL::CElementTraits<E>>' needs to have dll-interface to be used by clients of 'StoryboardManager::TimelineTrackManager' [C:\Users\mcmco\Desktop\WMMR\build\src\MovieMakerCore\MovieMakerCore.vcxproj]
C:\Users\mcmco\Desktop\WMMR\src\MovieMakerCore\StoryboardManager\TimelineTrack.h(151,36): warning C4251:         with [C:\Users\mcmco\Desktop\WMMR\build\src\MovieMakerCore\MovieMakerCore.vcxproj]
C:\Users\mcmco\Desktop\WMMR\src\MovieMakerCore\StoryboardManager\TimelineTrack.h(151,36): warning C4251:         [ [C:\Users\mcmco\Desktop\WMMR\build\src\MovieMakerCore\MovieMakerCore.vcxproj]
C:\Users\mcmco\Desktop\WMMR\src\MovieMakerCore\StoryboardManager\TimelineTrack.h(151,36): warning C4251:             E=StoryboardManager::TimelineTrack * [C:\Users\mcmco\Desktop\WMMR\build\src\MovieMakerCore\MovieMakerCore.vcxproj]
C:\Users\mcmco\Desktop\WMMR\src\MovieMakerCore\StoryboardManager\TimelineTrack.h(151,36): warning C4251:         ] [C:\Users\mcmco\Desktop\WMMR\build\src\MovieMakerCore\MovieMakerCore.vcxproj]
  (compiling source file '../../../src/MovieMakerCore/StoryboardManager/Extents.cpp')
      C:\Program Files (x86)\Microsoft Visual Studio\2022\BuildTools\VC\Tools\MSVC\14.44.35207\atlmfc\include\atlcoll.h(530,7):
      see declaration of 'ATL::CAtlArray<StoryboardManager::TimelineTrack *,ATL::CElementTraits<E>>'
          with
          [
              E=StoryboardManager::TimelineTrack *
          ]
  
C:\Users\mcmco\Desktop\WMMR\src\MovieMakerCore\StoryboardManager\StoryboardManagerExceptions.h(56,18): warning C4251: 'StoryboardManager::StoryboardManagerException::m_strMessage': 'ATL::CStringT<wchar_t,ATL::StrTraitATL<wchar_t,ATL::ChTraitsCRT<wchar_t>>>' needs to have dll-interface to be used by clients of 'StoryboardManager::StoryboardManagerException' [C:\Users\mcmco\Desktop\WMMR\build\src\MovieMakerCore\MovieMakerCore.vcxproj]
  (compiling source file '../../../src/MovieMakerCore/StoryboardManager/MovieExtent.cpp')
      C:\Program Files (x86)\Microsoft Visual Studio\2022\BuildTools\VC\Tools\MSVC\14.44.35207\atlmfc\include\cstringt.h(999,7):
      see declaration of 'ATL::CStringT<wchar_t,ATL::StrTraitATL<wchar_t,ATL::ChTraitsCRT<wchar_t>>>'
  
C:\Users\mcmco\Desktop\WMMR\src\MovieMakerCore\StoryboardManager\StoryboardManagerExceptions.h(86,18): warning C4251: 'StoryboardManager::TemplateInitializationException::m_strTemplateName': 'ATL::CStringT<wchar_t,ATL::StrTraitATL<wchar_t,ATL::ChTraitsCRT<wchar_t>>>' needs to have dll-interface to be used by clients of 'StoryboardManager::TemplateInitializationException' [C:\Users\mcmco\Desktop\WMMR\build\src\MovieMakerCore\MovieMakerCore.vcxproj]
  (compiling source file '../../../src/MovieMakerCore/StoryboardManager/MovieExtent.cpp')
      C:\Program Files (x86)\Microsoft Visual Studio\2022\BuildTools\VC\Tools\MSVC\14.44.35207\atlmfc\include\cstringt.h(999,7):
      see declaration of 'ATL::CStringT<wchar_t,ATL::StrTraitATL<wchar_t,ATL::ChTraitsCRT<wchar_t>>>'
  
C:\Users\mcmco\Desktop\WMMR\src\MovieMakerCore\StoryboardManager\MovieExtent.h(151,25): warning C4251: 'StoryboardManager::MovieExtent::m_strTitleText': 'ATL::CStringT<wchar_t,ATL::StrTraitATL<wchar_t,ATL::ChTraitsCRT<wchar_t>>>' needs to have dll-interface to be used by clients of 'StoryboardManager::MovieExtent' [C:\Users\mcmco\Desktop\WMMR\build\src\MovieMakerCore\MovieMakerCore.vcxproj]
  (compiling source file '../../../src/MovieMakerCore/StoryboardManager/Extents.cpp')
      C:\Program Files (x86)\Microsoft Visual Studio\2022\BuildTools\VC\Tools\MSVC\14.44.35207\atlmfc\include\cstringt.h(999,7):
      see declaration of 'ATL::CStringT<wchar_t,ATL::StrTraitATL<wchar_t,ATL::ChTraitsCRT<wchar_t>>>'
  
C:\Users\mcmco\Desktop\WMMR\src\MovieMakerCore\StoryboardManager\MovieExtent.h(152,25): warning C4251: 'StoryboardManager::MovieExtent::m_strTitleFontFamily': 'ATL::CStringT<wchar_t,ATL::StrTraitATL<wchar_t,ATL::ChTraitsCRT<wchar_t>>>' needs to have dll-interface to be used by clients of 'StoryboardManager::MovieExtent' [C:\Users\mcmco\Desktop\WMMR\build\src\MovieMakerCore\MovieMakerCore.vcxproj]
  (compiling source file '../../../src/MovieMakerCore/StoryboardManager/Extents.cpp')
      C:\Program Files (x86)\Microsoft Visual Studio\2022\BuildTools\VC\Tools\MSVC\14.44.35207\atlmfc\include\cstringt.h(999,7):
      see declaration of 'ATL::CStringT<wchar_t,ATL::StrTraitATL<wchar_t,ATL::ChTraitsCRT<wchar_t>>>'
  
C:\Users\mcmco\Desktop\WMMR\src\MovieMakerCore\StoryboardManager\StoryboardManagerExceptions.h(119,18): warning C4251: 'StoryboardManager::ScriptInitializationException::m_strScriptPath': 'ATL::CStringT<wchar_t,ATL::StrTraitATL<wchar_t,ATL::ChTraitsCRT<wchar_t>>>' needs to have dll-interface to be used by clients of 'StoryboardManager::ScriptInitializationException' [C:\Users\mcmco\Desktop\WMMR\build\src\MovieMakerCore\MovieMakerCore.vcxproj]
  (compiling source file '../../../src/MovieMakerCore/StoryboardManager/MovieExtent.cpp')
      C:\Program Files (x86)\Microsoft Visual Studio\2022\BuildTools\VC\Tools\MSVC\14.44.35207\atlmfc\include\cstringt.h(999,7):
      see declaration of 'ATL::CStringT<wchar_t,ATL::StrTraitATL<wchar_t,ATL::ChTraitsCRT<wchar_t>>>'
  
C:\Users\mcmco\Desktop\WMMR\src\MovieMakerCore\StoryboardManager\StoryboardManagerExceptions.h(120,18): warning C4251: 'StoryboardManager::ScriptInitializationException::m_strScriptEngineId': 'ATL::CStringT<wchar_t,ATL::StrTraitATL<wchar_t,ATL::ChTraitsCRT<wchar_t>>>' needs to have dll-interface to be used by clients of 'StoryboardManager::ScriptInitializationException' [C:\Users\mcmco\Desktop\WMMR\build\src\MovieMakerCore\MovieMakerCore.vcxproj]
  (compiling source file '../../../src/MovieMakerCore/StoryboardManager/MovieExtent.cpp')
      C:\Program Files (x86)\Microsoft Visual Studio\2022\BuildTools\VC\Tools\MSVC\14.44.35207\atlmfc\include\cstringt.h(999,7):
      see declaration of 'ATL::CStringT<wchar_t,ATL::StrTraitATL<wchar_t,ATL::ChTraitsCRT<wchar_t>>>'
  
C:\Users\mcmco\Desktop\WMMR\src\MovieMakerCore\StoryboardManager\Templates.h(127,25): warning C4251: 'StoryboardManager::ThemeEffect::m_strX3dClipName': 'ATL::CStringT<wchar_t,ATL::StrTraitATL<wchar_t,ATL::ChTraitsCRT<wchar_t>>>' needs to have dll-interface to be used by clients of 'StoryboardManager::ThemeEffect' [C:\Users\mcmco\Desktop\WMMR\build\src\MovieMakerCore\MovieMakerCore.vcxproj]
  (compiling source file '../../../src/MovieMakerCore/StoryboardManager/Extents.cpp')
      C:\Program Files (x86)\Microsoft Visual Studio\2022\BuildTools\VC\Tools\MSVC\14.44.35207\atlmfc\include\cstringt.h(999,7):
      see declaration of 'ATL::CStringT<wchar_t,ATL::StrTraitATL<wchar_t,ATL::ChTraitsCRT<wchar_t>>>'
  
C:\Users\mcmco\Desktop\WMMR\src\MovieMakerCore\StoryboardManager\StoryboardManagerExceptions.h(156,18): warning C4251: 'StoryboardManager::EncodeInitializationException::m_strOutputFormat': 'ATL::CStringT<wchar_t,ATL::StrTraitATL<wchar_t,ATL::ChTraitsCRT<wchar_t>>>' needs to have dll-interface to be used by clients of 'StoryboardManager::EncodeInitializationException' [C:\Users\mcmco\Desktop\WMMR\build\src\MovieMakerCore\MovieMakerCore.vcxproj]
  (compiling source file '../../../src/MovieMakerCore/StoryboardManager/MovieExtent.cpp')
      C:\Program Files (x86)\Microsoft Visual Studio\2022\BuildTools\VC\Tools\MSVC\14.44.35207\atlmfc\include\cstringt.h(999,7):
      see declaration of 'ATL::CStringT<wchar_t,ATL::StrTraitATL<wchar_t,ATL::ChTraitsCRT<wchar_t>>>'
  
C:\Users\mcmco\Desktop\WMMR\src\MovieMakerCore\StoryboardManager\StoryboardManagerExceptions.h(157,18): warning C4251: 'StoryboardManager::EncodeInitializationException::m_strCodecName': 'ATL::CStringT<wchar_t,ATL::StrTraitATL<wchar_t,ATL::ChTraitsCRT<wchar_t>>>' needs to have dll-interface to be used by clients of 'StoryboardManager::EncodeInitializationException' [C:\Users\mcmco\Desktop\WMMR\build\src\MovieMakerCore\MovieMakerCore.vcxproj]
  (compiling source file '../../../src/MovieMakerCore/StoryboardManager/MovieExtent.cpp')
      C:\Program Files (x86)\Microsoft Visual Studio\2022\BuildTools\VC\Tools\MSVC\14.44.35207\atlmfc\include\cstringt.h(999,7):
      see declaration of 'ATL::CStringT<wchar_t,ATL::StrTraitATL<wchar_t,ATL::ChTraitsCRT<wchar_t>>>'
  
C:\Users\mcmco\Desktop\WMMR\src\MovieMakerCore\StoryboardManager\Templates.h(135,31): warning C4251: 'StoryboardManager::ThemeEffect::m_arrParameters': 'ATL::CAtlArray<StoryboardManager::ThemeEffect::Parameter,ATL::CElementTraits<E>>' needs to have dll-interface to be used by clients of 'StoryboardManager::ThemeEffect' [C:\Users\mcmco\Desktop\WMMR\build\src\MovieMakerCore\MovieMakerCore.vcxproj]
C:\Users\mcmco\Desktop\WMMR\src\MovieMakerCore\StoryboardManager\Templates.h(135,31): warning C4251:         with [C:\Users\mcmco\Desktop\WMMR\build\src\MovieMakerCore\MovieMakerCore.vcxproj]
C:\Users\mcmco\Desktop\WMMR\src\MovieMakerCore\StoryboardManager\Templates.h(135,31): warning C4251:         [ [C:\Users\mcmco\Desktop\WMMR\build\src\MovieMakerCore\MovieMakerCore.vcxproj]
C:\Users\mcmco\Desktop\WMMR\src\MovieMakerCore\StoryboardManager\Templates.h(135,31): warning C4251:             E=StoryboardManager::ThemeEffect::Parameter [C:\Users\mcmco\Desktop\WMMR\build\src\MovieMakerCore\MovieMakerCore.vcxproj]
C:\Users\mcmco\Desktop\WMMR\src\MovieMakerCore\StoryboardManager\Templates.h(135,31): warning C4251:         ] [C:\Users\mcmco\Desktop\WMMR\build\src\MovieMakerCore\MovieMakerCore.vcxproj]
  (compiling source file '../../../src/MovieMakerCore/StoryboardManager/Extents.cpp')
      C:\Program Files (x86)\Microsoft Visual Studio\2022\BuildTools\VC\Tools\MSVC\14.44.35207\atlmfc\include\atlcoll.h(530,7):
      see declaration of 'ATL::CAtlArray<StoryboardManager::ThemeEffect::Parameter,ATL::CElementTraits<E>>'
          with
          [
              E=StoryboardManager::ThemeEffect::Parameter
          ]
  
C:\Users\mcmco\Desktop\WMMR\src\MovieMakerCore\StoryboardManager\Templates.h(206,21): warning C4251: 'StoryboardManager::AutoMovieTheme::m_strName': 'ATL::CStringT<wchar_t,ATL::StrTraitATL<wchar_t,ATL::ChTraitsCRT<wchar_t>>>' needs to have dll-interface to be used by clients of 'StoryboardManager::AutoMovieTheme' [C:\Users\mcmco\Desktop\WMMR\build\src\MovieMakerCore\MovieMakerCore.vcxproj]
  (compiling source file '../../../src/MovieMakerCore/StoryboardManager/Extents.cpp')
      C:\Program Files (x86)\Microsoft Visual Studio\2022\BuildTools\VC\Tools\MSVC\14.44.35207\atlmfc\include\cstringt.h(999,7):
      see declaration of 'ATL::CStringT<wchar_t,ATL::StrTraitATL<wchar_t,ATL::ChTraitsCRT<wchar_t>>>'
  
C:\Users\mcmco\Desktop\WMMR\src\MovieMakerCore\StoryboardManager\Templates.h(207,21): warning C4251: 'StoryboardManager::AutoMovieTheme::m_strDisplayName': 'ATL::CStringT<wchar_t,ATL::StrTraitATL<wchar_t,ATL::ChTraitsCRT<wchar_t>>>' needs to have dll-interface to be used by clients of 'StoryboardManager::AutoMovieTheme' [C:\Users\mcmco\Desktop\WMMR\build\src\MovieMakerCore\MovieMakerCore.vcxproj]
  (compiling source file '../../../src/MovieMakerCore/StoryboardManager/Extents.cpp')
      C:\Program Files (x86)\Microsoft Visual Studio\2022\BuildTools\VC\Tools\MSVC\14.44.35207\atlmfc\include\cstringt.h(999,7):
      see declaration of 'ATL::CStringT<wchar_t,ATL::StrTraitATL<wchar_t,ATL::ChTraitsCRT<wchar_t>>>'
  
C:\Users\mcmco\Desktop\WMMR\src\MovieMakerCore\StoryboardManager\TimelineTrack.h(99,25): warning C4251: 'StoryboardManager::TimelineTrack::m_strDisplayName': 'ATL::CStringT<wchar_t,ATL::StrTraitATL<wchar_t,ATL::ChTraitsCRT<wchar_t>>>' needs to have dll-interface to be used by clients of 'StoryboardManager::TimelineTrack' [C:\Users\mcmco\Desktop\WMMR\build\src\MovieMakerCore\MovieMakerCore.vcxproj]
  (compiling source file '../../../src/MovieMakerCore/StoryboardManager/MovieExtent.cpp')
      C:\Program Files (x86)\Microsoft Visual Studio\2022\BuildTools\VC\Tools\MSVC\14.44.35207\atlmfc\include\cstringt.h(999,7):
      see declaration of 'ATL::CStringT<wchar_t,ATL::StrTraitATL<wchar_t,ATL::ChTraitsCRT<wchar_t>>>'
  
C:\Users\mcmco\Desktop\WMMR\src\MovieMakerCore\StoryboardManager\Templates.h(208,21): warning C4251: 'StoryboardManager::AutoMovieTheme::m_strDescription': 'ATL::CStringT<wchar_t,ATL::StrTraitATL<wchar_t,ATL::ChTraitsCRT<wchar_t>>>' needs to have dll-interface to be used by clients of 'StoryboardManager::AutoMovieTheme' [C:\Users\mcmco\Desktop\WMMR\build\src\MovieMakerCore\MovieMakerCore.vcxproj]
  (compiling source file '../../../src/MovieMakerCore/StoryboardManager/Extents.cpp')
      C:\Program Files (x86)\Microsoft Visual Studio\2022\BuildTools\VC\Tools\MSVC\14.44.35207\atlmfc\include\cstringt.h(999,7):
      see declaration of 'ATL::CStringT<wchar_t,ATL::StrTraitATL<wchar_t,ATL::ChTraitsCRT<wchar_t>>>'
  
C:\Users\mcmco\Desktop\WMMR\src\MovieMakerCore\StoryboardManager\TimelineTrack.h(106,25): error C2079: 'StoryboardManager::TimelineTrack::m_timeline' uses undefined class 'StoryboardManager::ProjectTimeline' [C:\Users\mcmco\Desktop\WMMR\build\src\MovieMakerCore\MovieMakerCore.vcxproj]
  (compiling source file '../../../src/MovieMakerCore/StoryboardManager/MovieExtent.cpp')
  
C:\Users\mcmco\Desktop\WMMR\src\MovieMakerCore\StoryboardManager\Templates.h(209,21): warning C4251: 'StoryboardManager::AutoMovieTheme::m_strThumbnailPath': 'ATL::CStringT<wchar_t,ATL::StrTraitATL<wchar_t,ATL::ChTraitsCRT<wchar_t>>>' needs to have dll-interface to be used by clients of 'StoryboardManager::AutoMovieTheme' [C:\Users\mcmco\Desktop\WMMR\build\src\MovieMakerCore\MovieMakerCore.vcxproj]
  (compiling source file '../../../src/MovieMakerCore/StoryboardManager/Extents.cpp')
      C:\Program Files (x86)\Microsoft Visual Studio\2022\BuildTools\VC\Tools\MSVC\14.44.35207\atlmfc\include\cstringt.h(999,7):
      see declaration of 'ATL::CStringT<wchar_t,ATL::StrTraitATL<wchar_t,ATL::ChTraitsCRT<wchar_t>>>'
  
C:\Users\mcmco\Desktop\WMMR\src\MovieMakerCore\StoryboardManager\Templates.h(210,21): warning C4251: 'StoryboardManager::AutoMovieTheme::m_strCategory': 'ATL::CStringT<wchar_t,ATL::StrTraitATL<wchar_t,ATL::ChTraitsCRT<wchar_t>>>' needs to have dll-interface to be used by clients of 'StoryboardManager::AutoMovieTheme' [C:\Users\mcmco\Desktop\WMMR\build\src\MovieMakerCore\MovieMakerCore.vcxproj]
  (compiling source file '../../../src/MovieMakerCore/StoryboardManager/Extents.cpp')
      C:\Program Files (x86)\Microsoft Visual Studio\2022\BuildTools\VC\Tools\MSVC\14.44.35207\atlmfc\include\cstringt.h(999,7):
      see declaration of 'ATL::CStringT<wchar_t,ATL::StrTraitATL<wchar_t,ATL::ChTraitsCRT<wchar_t>>>'
  
C:\Users\mcmco\Desktop\WMMR\src\MovieMakerCore\StoryboardManager\Templates.h(211,21): warning C4251: 'StoryboardManager::AutoMovieTheme::m_strTitleFontFamily': 'ATL::CStringT<wchar_t,ATL::StrTraitATL<wchar_t,ATL::ChTraitsCRT<wchar_t>>>' needs to have dll-interface to be used by clients of 'StoryboardManager::AutoMovieTheme' [C:\Users\mcmco\Desktop\WMMR\build\src\MovieMakerCore\MovieMakerCore.vcxproj]
  (compiling source file '../../../src/MovieMakerCore/StoryboardManager/Extents.cpp')
      C:\Program Files (x86)\Microsoft Visual Studio\2022\BuildTools\VC\Tools\MSVC\14.44.35207\atlmfc\include\cstringt.h(999,7):
      see declaration of 'ATL::CStringT<wchar_t,ATL::StrTraitATL<wchar_t,ATL::ChTraitsCRT<wchar_t>>>'
  
C:\Users\mcmco\Desktop\WMMR\src\MovieMakerCore\StoryboardManager\Templates.h(213,33): warning C4251: 'StoryboardManager::AutoMovieTheme::m_arrEffects': 'ATL::CAtlArray<StoryboardManager::ThemeEffect,ATL::CElementTraits<E>>' needs to have dll-interface to be used by clients of 'StoryboardManager::AutoMovieTheme' [C:\Users\mcmco\Desktop\WMMR\build\src\MovieMakerCore\MovieMakerCore.vcxproj]
C:\Users\mcmco\Desktop\WMMR\src\MovieMakerCore\StoryboardManager\Templates.h(213,33): warning C4251:         with [C:\Users\mcmco\Desktop\WMMR\build\src\MovieMakerCore\MovieMakerCore.vcxproj]
C:\Users\mcmco\Desktop\WMMR\src\MovieMakerCore\StoryboardManager\Templates.h(213,33): warning C4251:         [ [C:\Users\mcmco\Desktop\WMMR\build\src\MovieMakerCore\MovieMakerCore.vcxproj]
C:\Users\mcmco\Desktop\WMMR\src\MovieMakerCore\StoryboardManager\Templates.h(213,33): warning C4251:             E=StoryboardManager::ThemeEffect [C:\Users\mcmco\Desktop\WMMR\build\src\MovieMakerCore\MovieMakerCore.vcxproj]
C:\Users\mcmco\Desktop\WMMR\src\MovieMakerCore\StoryboardManager\Templates.h(213,33): warning C4251:         ] [C:\Users\mcmco\Desktop\WMMR\build\src\MovieMakerCore\MovieMakerCore.vcxproj]
  (compiling source file '../../../src/MovieMakerCore/StoryboardManager/Extents.cpp')
      C:\Program Files (x86)\Microsoft Visual Studio\2022\BuildTools\VC\Tools\MSVC\14.44.35207\atlmfc\include\atlcoll.h(530,7):
      see declaration of 'ATL::CAtlArray<StoryboardManager::ThemeEffect,ATL::CElementTraits<E>>'
          with
          [
              E=StoryboardManager::ThemeEffect
          ]
  
C:\Users\mcmco\Desktop\WMMR\src\MovieMakerCore\StoryboardManager\TimelineTrack.h(151,36): warning C4251: 'StoryboardManager::TimelineTrackManager::m_arrTracks': 'ATL::CAtlArray<StoryboardManager::TimelineTrack *,ATL::CElementTraits<E>>' needs to have dll-interface to be used by clients of 'StoryboardManager::TimelineTrackManager' [C:\Users\mcmco\Desktop\WMMR\build\src\MovieMakerCore\MovieMakerCore.vcxproj]
C:\Users\mcmco\Desktop\WMMR\src\MovieMakerCore\StoryboardManager\TimelineTrack.h(151,36): warning C4251:         with [C:\Users\mcmco\Desktop\WMMR\build\src\MovieMakerCore\MovieMakerCore.vcxproj]
C:\Users\mcmco\Desktop\WMMR\src\MovieMakerCore\StoryboardManager\TimelineTrack.h(151,36): warning C4251:         [ [C:\Users\mcmco\Desktop\WMMR\build\src\MovieMakerCore\MovieMakerCore.vcxproj]
C:\Users\mcmco\Desktop\WMMR\src\MovieMakerCore\StoryboardManager\TimelineTrack.h(151,36): warning C4251:             E=StoryboardManager::TimelineTrack * [C:\Users\mcmco\Desktop\WMMR\build\src\MovieMakerCore\MovieMakerCore.vcxproj]
C:\Users\mcmco\Desktop\WMMR\src\MovieMakerCore\StoryboardManager\TimelineTrack.h(151,36): warning C4251:         ] [C:\Users\mcmco\Desktop\WMMR\build\src\MovieMakerCore\MovieMakerCore.vcxproj]
  (compiling source file '../../../src/MovieMakerCore/StoryboardManager/MovieExtent.cpp')
      C:\Program Files (x86)\Microsoft Visual Studio\2022\BuildTools\VC\Tools\MSVC\14.44.35207\atlmfc\include\atlcoll.h(530,7):
      see declaration of 'ATL::CAtlArray<StoryboardManager::TimelineTrack *,ATL::CElementTraits<E>>'
          with
          [
              E=StoryboardManager::TimelineTrack *
          ]
  
C:\Users\mcmco\Desktop\WMMR\src\MovieMakerCore\StoryboardManager\Templates.h(273,25): warning C4251: 'StoryboardManager::TemplateEntry::m_strName': 'ATL::CStringT<wchar_t,ATL::StrTraitATL<wchar_t,ATL::ChTraitsCRT<wchar_t>>>' needs to have dll-interface to be used by clients of 'StoryboardManager::TemplateEntry' [C:\Users\mcmco\Desktop\WMMR\build\src\MovieMakerCore\MovieMakerCore.vcxproj]
  (compiling source file '../../../src/MovieMakerCore/StoryboardManager/Extents.cpp')
      C:\Program Files (x86)\Microsoft Visual Studio\2022\BuildTools\VC\Tools\MSVC\14.44.35207\atlmfc\include\cstringt.h(999,7):
      see declaration of 'ATL::CStringT<wchar_t,ATL::StrTraitATL<wchar_t,ATL::ChTraitsCRT<wchar_t>>>'
  
C:\Users\mcmco\Desktop\WMMR\src\MovieMakerCore\StoryboardManager\Templates.h(274,25): warning C4251: 'StoryboardManager::TemplateEntry::m_strDisplayName': 'ATL::CStringT<wchar_t,ATL::StrTraitATL<wchar_t,ATL::ChTraitsCRT<wchar_t>>>' needs to have dll-interface to be used by clients of 'StoryboardManager::TemplateEntry' [C:\Users\mcmco\Desktop\WMMR\build\src\MovieMakerCore\MovieMakerCore.vcxproj]
  (compiling source file '../../../src/MovieMakerCore/StoryboardManager/Extents.cpp')
      C:\Program Files (x86)\Microsoft Visual Studio\2022\BuildTools\VC\Tools\MSVC\14.44.35207\atlmfc\include\cstringt.h(999,7):
      see declaration of 'ATL::CStringT<wchar_t,ATL::StrTraitATL<wchar_t,ATL::ChTraitsCRT<wchar_t>>>'
  
C:\Users\mcmco\Desktop\WMMR\src\MovieMakerCore\StoryboardManager\Templates.h(275,25): warning C4251: 'StoryboardManager::TemplateEntry::m_strDescription': 'ATL::CStringT<wchar_t,ATL::StrTraitATL<wchar_t,ATL::ChTraitsCRT<wchar_t>>>' needs to have dll-interface to be used by clients of 'StoryboardManager::TemplateEntry' [C:\Users\mcmco\Desktop\WMMR\build\src\MovieMakerCore\MovieMakerCore.vcxproj]
  (compiling source file '../../../src/MovieMakerCore/StoryboardManager/Extents.cpp')
      C:\Program Files (x86)\Microsoft Visual Studio\2022\BuildTools\VC\Tools\MSVC\14.44.35207\atlmfc\include\cstringt.h(999,7):
      see declaration of 'ATL::CStringT<wchar_t,ATL::StrTraitATL<wchar_t,ATL::ChTraitsCRT<wchar_t>>>'
  
C:\Users\mcmco\Desktop\WMMR\src\MovieMakerCore\StoryboardManager\Templates.h(276,25): warning C4251: 'StoryboardManager::TemplateEntry::m_strThumbnailPath': 'ATL::CStringT<wchar_t,ATL::StrTraitATL<wchar_t,ATL::ChTraitsCRT<wchar_t>>>' needs to have dll-interface to be used by clients of 'StoryboardManager::TemplateEntry' [C:\Users\mcmco\Desktop\WMMR\build\src\MovieMakerCore\MovieMakerCore.vcxproj]
  (compiling source file '../../../src/MovieMakerCore/StoryboardManager/Extents.cpp')
      C:\Program Files (x86)\Microsoft Visual Studio\2022\BuildTools\VC\Tools\MSVC\14.44.35207\atlmfc\include\cstringt.h(999,7):
      see declaration of 'ATL::CStringT<wchar_t,ATL::StrTraitATL<wchar_t,ATL::ChTraitsCRT<wchar_t>>>'
  
C:\Users\mcmco\Desktop\WMMR\src\MovieMakerCore\StoryboardManager\Extents.h(104,37): warning C4251: 'StoryboardManager::ExtentCollection::m_arrExtents': 'ATL::CAtlArray<StoryboardManager::MovieExtent *,ATL::CElementTraits<E>>' needs to have dll-interface to be used by clients of 'StoryboardManager::ExtentCollection' [C:\Users\mcmco\Desktop\WMMR\build\src\MovieMakerCore\MovieMakerCore.vcxproj]
C:\Users\mcmco\Desktop\WMMR\src\MovieMakerCore\StoryboardManager\Extents.h(104,37): warning C4251:         with [C:\Users\mcmco\Desktop\WMMR\build\src\MovieMakerCore\MovieMakerCore.vcxproj]
C:\Users\mcmco\Desktop\WMMR\src\MovieMakerCore\StoryboardManager\Extents.h(104,37): warning C4251:         [ [C:\Users\mcmco\Desktop\WMMR\build\src\MovieMakerCore\MovieMakerCore.vcxproj]
C:\Users\mcmco\Desktop\WMMR\src\MovieMakerCore\StoryboardManager\Extents.h(104,37): warning C4251:             E=StoryboardManager::MovieExtent * [C:\Users\mcmco\Desktop\WMMR\build\src\MovieMakerCore\MovieMakerCore.vcxproj]
C:\Users\mcmco\Desktop\WMMR\src\MovieMakerCore\StoryboardManager\Extents.h(104,37): warning C4251:         ] [C:\Users\mcmco\Desktop\WMMR\build\src\MovieMakerCore\MovieMakerCore.vcxproj]
  (compiling source file '../../../src/MovieMakerCore/StoryboardManager/MovieExtent.cpp')
      C:\Program Files (x86)\Microsoft Visual Studio\2022\BuildTools\VC\Tools\MSVC\14.44.35207\atlmfc\include\atlcoll.h(530,7):
      see declaration of 'ATL::CAtlArray<StoryboardManager::MovieExtent *,ATL::CElementTraits<E>>'
          with
          [
              E=StoryboardManager::MovieExtent *
          ]
  
C:\Users\mcmco\Desktop\WMMR\src\MovieMakerCore\StoryboardManager\Extents.h(158,27): warning C4251: 'StoryboardManager::ExtentIdSet::m_arrIds': 'ATL::CAtlArray<DWORD,ATL::CElementTraits<unsigned long>>' needs to have dll-interface to be used by clients of 'StoryboardManager::ExtentIdSet' [C:\Users\mcmco\Desktop\WMMR\build\src\MovieMakerCore\MovieMakerCore.vcxproj]
  (compiling source file '../../../src/MovieMakerCore/StoryboardManager/MovieExtent.cpp')
      C:\Program Files (x86)\Microsoft Visual Studio\2022\BuildTools\VC\Tools\MSVC\14.44.35207\atlmfc\include\atlcoll.h(530,7):
      see declaration of 'ATL::CAtlArray<DWORD,ATL::CElementTraits<unsigned long>>'
  
C:\Users\mcmco\Desktop\WMMR\src\MovieMakerCore\StoryboardManager\Templates.h(343,37): warning C4251: 'StoryboardManager::TemplateTable::m_arrTemplates': 'ATL::CAtlArray<StoryboardManager::TemplateEntry *,ATL::CElementTraits<E>>' needs to have dll-interface to be used by clients of 'StoryboardManager::TemplateTable' [C:\Users\mcmco\Desktop\WMMR\build\src\MovieMakerCore\MovieMakerCore.vcxproj]
C:\Users\mcmco\Desktop\WMMR\src\MovieMakerCore\StoryboardManager\Templates.h(343,37): warning C4251:         with [C:\Users\mcmco\Desktop\WMMR\build\src\MovieMakerCore\MovieMakerCore.vcxproj]
C:\Users\mcmco\Desktop\WMMR\src\MovieMakerCore\StoryboardManager\Templates.h(343,37): warning C4251:         [ [C:\Users\mcmco\Desktop\WMMR\build\src\MovieMakerCore\MovieMakerCore.vcxproj]
C:\Users\mcmco\Desktop\WMMR\src\MovieMakerCore\StoryboardManager\Templates.h(343,37): warning C4251:             E=StoryboardManager::TemplateEntry * [C:\Users\mcmco\Desktop\WMMR\build\src\MovieMakerCore\MovieMakerCore.vcxproj]
C:\Users\mcmco\Desktop\WMMR\src\MovieMakerCore\StoryboardManager\Templates.h(343,37): warning C4251:         ] [C:\Users\mcmco\Desktop\WMMR\build\src\MovieMakerCore\MovieMakerCore.vcxproj]
  (compiling source file '../../../src/MovieMakerCore/StoryboardManager/Extents.cpp')
      C:\Program Files (x86)\Microsoft Visual Studio\2022\BuildTools\VC\Tools\MSVC\14.44.35207\atlmfc\include\atlcoll.h(530,7):
      see declaration of 'ATL::CAtlArray<StoryboardManager::TemplateEntry *,ATL::CElementTraits<E>>'
          with
          [
              E=StoryboardManager::TemplateEntry *
          ]
  
C:\Users\mcmco\Desktop\WMMR\src\MovieMakerCore\StoryboardManager\Templates.h(127,25): warning C4251: 'StoryboardManager::ThemeEffect::m_strX3dClipName': 'ATL::CStringT<wchar_t,ATL::StrTraitATL<wchar_t,ATL::ChTraitsCRT<wchar_t>>>' needs to have dll-interface to be used by clients of 'StoryboardManager::ThemeEffect' [C:\Users\mcmco\Desktop\WMMR\build\src\MovieMakerCore\MovieMakerCore.vcxproj]
  (compiling source file '../../../src/MovieMakerCore/StoryboardManager/MovieExtent.cpp')
      C:\Program Files (x86)\Microsoft Visual Studio\2022\BuildTools\VC\Tools\MSVC\14.44.35207\atlmfc\include\cstringt.h(999,7):
      see declaration of 'ATL::CStringT<wchar_t,ATL::StrTraitATL<wchar_t,ATL::ChTraitsCRT<wchar_t>>>'
  
C:\Users\mcmco\Desktop\WMMR\src\WLXPhotoBase\BaseTypes.h(536,18): warning C4251: 'Base::File::m_strPath': 'ATL::CStringT<wchar_t,ATL::StrTraitATL<wchar_t,ATL::ChTraitsCRT<wchar_t>>>' needs to have dll-interface to be used by clients of 'Base::File' [C:\Users\mcmco\Desktop\WMMR\build\src\MovieMakerCore\MovieMakerCore.vcxproj]
  (compiling source file '../../../src/MovieMakerCore/StoryboardManager/StoryboardManager.cpp')
      C:\Program Files (x86)\Microsoft Visual Studio\2022\BuildTools\VC\Tools\MSVC\14.44.35207\atlmfc\include\cstringt.h(999,7):
      see declaration of 'ATL::CStringT<wchar_t,ATL::StrTraitATL<wchar_t,ATL::ChTraitsCRT<wchar_t>>>'
  
C:\Users\mcmco\Desktop\WMMR\src\MovieMakerCore\StoryboardManager\Templates.h(135,31): warning C4251: 'StoryboardManager::ThemeEffect::m_arrParameters': 'ATL::CAtlArray<StoryboardManager::ThemeEffect::Parameter,ATL::CElementTraits<E>>' needs to have dll-interface to be used by clients of 'StoryboardManager::ThemeEffect' [C:\Users\mcmco\Desktop\WMMR\build\src\MovieMakerCore\MovieMakerCore.vcxproj]
C:\Users\mcmco\Desktop\WMMR\src\MovieMakerCore\StoryboardManager\Templates.h(135,31): warning C4251:         with [C:\Users\mcmco\Desktop\WMMR\build\src\MovieMakerCore\MovieMakerCore.vcxproj]
C:\Users\mcmco\Desktop\WMMR\src\MovieMakerCore\StoryboardManager\Templates.h(135,31): warning C4251:         [ [C:\Users\mcmco\Desktop\WMMR\build\src\MovieMakerCore\MovieMakerCore.vcxproj]
C:\Users\mcmco\Desktop\WMMR\src\MovieMakerCore\StoryboardManager\Templates.h(135,31): warning C4251:             E=StoryboardManager::ThemeEffect::Parameter [C:\Users\mcmco\Desktop\WMMR\build\src\MovieMakerCore\MovieMakerCore.vcxproj]
C:\Users\mcmco\Desktop\WMMR\src\MovieMakerCore\StoryboardManager\Templates.h(135,31): warning C4251:         ] [C:\Users\mcmco\Desktop\WMMR\build\src\MovieMakerCore\MovieMakerCore.vcxproj]
  (compiling source file '../../../src/MovieMakerCore/StoryboardManager/MovieExtent.cpp')
      C:\Program Files (x86)\Microsoft Visual Studio\2022\BuildTools\VC\Tools\MSVC\14.44.35207\atlmfc\include\atlcoll.h(530,7):
      see declaration of 'ATL::CAtlArray<StoryboardManager::ThemeEffect::Parameter,ATL::CElementTraits<E>>'
          with
          [
              E=StoryboardManager::ThemeEffect::Parameter
          ]
  
C:\Users\mcmco\Desktop\WMMR\src\WLXPhotoBase\BaseTypes.h(568,18): warning C4251: 'Base::TempFile::m_strPath': 'ATL::CStringT<wchar_t,ATL::StrTraitATL<wchar_t,ATL::ChTraitsCRT<wchar_t>>>' needs to have dll-interface to be used by clients of 'Base::TempFile' [C:\Users\mcmco\Desktop\WMMR\build\src\MovieMakerCore\MovieMakerCore.vcxproj]
  (compiling source file '../../../src/MovieMakerCore/StoryboardManager/StoryboardManager.cpp')
      C:\Program Files (x86)\Microsoft Visual Studio\2022\BuildTools\VC\Tools\MSVC\14.44.35207\atlmfc\include\cstringt.h(999,7):
      see declaration of 'ATL::CStringT<wchar_t,ATL::StrTraitATL<wchar_t,ATL::ChTraitsCRT<wchar_t>>>'
  
C:\Users\mcmco\Desktop\WMMR\src\MovieMakerCore\StoryboardManager\Templates.h(206,21): warning C4251: 'StoryboardManager::AutoMovieTheme::m_strName': 'ATL::CStringT<wchar_t,ATL::StrTraitATL<wchar_t,ATL::ChTraitsCRT<wchar_t>>>' needs to have dll-interface to be used by clients of 'StoryboardManager::AutoMovieTheme' [C:\Users\mcmco\Desktop\WMMR\build\src\MovieMakerCore\MovieMakerCore.vcxproj]
  (compiling source file '../../../src/MovieMakerCore/StoryboardManager/MovieExtent.cpp')
      C:\Program Files (x86)\Microsoft Visual Studio\2022\BuildTools\VC\Tools\MSVC\14.44.35207\atlmfc\include\cstringt.h(999,7):
      see declaration of 'ATL::CStringT<wchar_t,ATL::StrTraitATL<wchar_t,ATL::ChTraitsCRT<wchar_t>>>'
  
C:\Users\mcmco\Desktop\WMMR\src\MovieMakerCore\StoryboardManager\Templates.h(344,37): warning C4251: 'StoryboardManager::TemplateTable::m_arrThemes': 'ATL::CAtlArray<StoryboardManager::AutoMovieTheme *,ATL::CElementTraits<E>>' needs to have dll-interface to be used by clients of 'StoryboardManager::TemplateTable' [C:\Users\mcmco\Desktop\WMMR\build\src\MovieMakerCore\MovieMakerCore.vcxproj]
C:\Users\mcmco\Desktop\WMMR\src\MovieMakerCore\StoryboardManager\Templates.h(344,37): warning C4251:         with [C:\Users\mcmco\Desktop\WMMR\build\src\MovieMakerCore\MovieMakerCore.vcxproj]
C:\Users\mcmco\Desktop\WMMR\src\MovieMakerCore\StoryboardManager\Templates.h(344,37): warning C4251:         [ [C:\Users\mcmco\Desktop\WMMR\build\src\MovieMakerCore\MovieMakerCore.vcxproj]
C:\Users\mcmco\Desktop\WMMR\src\MovieMakerCore\StoryboardManager\Templates.h(344,37): warning C4251:             E=StoryboardManager::AutoMovieTheme * [C:\Users\mcmco\Desktop\WMMR\build\src\MovieMakerCore\MovieMakerCore.vcxproj]
C:\Users\mcmco\Desktop\WMMR\src\MovieMakerCore\StoryboardManager\Templates.h(344,37): warning C4251:         ] [C:\Users\mcmco\Desktop\WMMR\build\src\MovieMakerCore\MovieMakerCore.vcxproj]
  (compiling source file '../../../src/MovieMakerCore/StoryboardManager/Extents.cpp')
      C:\Program Files (x86)\Microsoft Visual Studio\2022\BuildTools\VC\Tools\MSVC\14.44.35207\atlmfc\include\atlcoll.h(530,7):
      see declaration of 'ATL::CAtlArray<StoryboardManager::AutoMovieTheme *,ATL::CElementTraits<E>>'
          with
          [
              E=StoryboardManager::AutoMovieTheme *
          ]
  
C:\Users\mcmco\Desktop\WMMR\src\MovieMakerCore\StoryboardManager\Templates.h(207,21): warning C4251: 'StoryboardManager::AutoMovieTheme::m_strDisplayName': 'ATL::CStringT<wchar_t,ATL::StrTraitATL<wchar_t,ATL::ChTraitsCRT<wchar_t>>>' needs to have dll-interface to be used by clients of 'StoryboardManager::AutoMovieTheme' [C:\Users\mcmco\Desktop\WMMR\build\src\MovieMakerCore\MovieMakerCore.vcxproj]
  (compiling source file '../../../src/MovieMakerCore/StoryboardManager/MovieExtent.cpp')
      C:\Program Files (x86)\Microsoft Visual Studio\2022\BuildTools\VC\Tools\MSVC\14.44.35207\atlmfc\include\cstringt.h(999,7):
      see declaration of 'ATL::CStringT<wchar_t,ATL::StrTraitATL<wchar_t,ATL::ChTraitsCRT<wchar_t>>>'
  
C:\Users\mcmco\Desktop\WMMR\src\WLXPhotoBase\BaseTypes.h(661,21): warning C4251: 'Base::FindFile::m_strDirectory': 'ATL::CStringT<wchar_t,ATL::StrTraitATL<wchar_t,ATL::ChTraitsCRT<wchar_t>>>' needs to have dll-interface to be used by clients of 'Base::FindFile' [C:\Users\mcmco\Desktop\WMMR\build\src\MovieMakerCore\MovieMakerCore.vcxproj]
  (compiling source file '../../../src/MovieMakerCore/StoryboardManager/StoryboardManager.cpp')
      C:\Program Files (x86)\Microsoft Visual Studio\2022\BuildTools\VC\Tools\MSVC\14.44.35207\atlmfc\include\cstringt.h(999,7):
      see declaration of 'ATL::CStringT<wchar_t,ATL::StrTraitATL<wchar_t,ATL::ChTraitsCRT<wchar_t>>>'
  
C:\Users\mcmco\Desktop\WMMR\src\MovieMakerCore\StoryboardManager\Templates.h(208,21): warning C4251: 'StoryboardManager::AutoMovieTheme::m_strDescription': 'ATL::CStringT<wchar_t,ATL::StrTraitATL<wchar_t,ATL::ChTraitsCRT<wchar_t>>>' needs to have dll-interface to be used by clients of 'StoryboardManager::AutoMovieTheme' [C:\Users\mcmco\Desktop\WMMR\build\src\MovieMakerCore\MovieMakerCore.vcxproj]
  (compiling source file '../../../src/MovieMakerCore/StoryboardManager/MovieExtent.cpp')
      C:\Program Files (x86)\Microsoft Visual Studio\2022\BuildTools\VC\Tools\MSVC\14.44.35207\atlmfc\include\cstringt.h(999,7):
      see declaration of 'ATL::CStringT<wchar_t,ATL::StrTraitATL<wchar_t,ATL::ChTraitsCRT<wchar_t>>>'
  
C:\Users\mcmco\Desktop\WMMR\src\MovieMakerCore\StoryboardManager\Templates.h(209,21): warning C4251: 'StoryboardManager::AutoMovieTheme::m_strThumbnailPath': 'ATL::CStringT<wchar_t,ATL::StrTraitATL<wchar_t,ATL::ChTraitsCRT<wchar_t>>>' needs to have dll-interface to be used by clients of 'StoryboardManager::AutoMovieTheme' [C:\Users\mcmco\Desktop\WMMR\build\src\MovieMakerCore\MovieMakerCore.vcxproj]
  (compiling source file '../../../src/MovieMakerCore/StoryboardManager/MovieExtent.cpp')
      C:\Program Files (x86)\Microsoft Visual Studio\2022\BuildTools\VC\Tools\MSVC\14.44.35207\atlmfc\include\cstringt.h(999,7):
      see declaration of 'ATL::CStringT<wchar_t,ATL::StrTraitATL<wchar_t,ATL::ChTraitsCRT<wchar_t>>>'
  
C:\Users\mcmco\Desktop\WMMR\src\MovieMakerCore\StoryboardManager\Templates.h(210,21): warning C4251: 'StoryboardManager::AutoMovieTheme::m_strCategory': 'ATL::CStringT<wchar_t,ATL::StrTraitATL<wchar_t,ATL::ChTraitsCRT<wchar_t>>>' needs to have dll-interface to be used by clients of 'StoryboardManager::AutoMovieTheme' [C:\Users\mcmco\Desktop\WMMR\build\src\MovieMakerCore\MovieMakerCore.vcxproj]
  (compiling source file '../../../src/MovieMakerCore/StoryboardManager/MovieExtent.cpp')
      C:\Program Files (x86)\Microsoft Visual Studio\2022\BuildTools\VC\Tools\MSVC\14.44.35207\atlmfc\include\cstringt.h(999,7):
      see declaration of 'ATL::CStringT<wchar_t,ATL::StrTraitATL<wchar_t,ATL::ChTraitsCRT<wchar_t>>>'
  
C:\Users\mcmco\Desktop\WMMR\src\WLXPhotoBase\BaseTypes.h(536,18): warning C4251: 'Base::File::m_strPath': 'ATL::CStringT<wchar_t,ATL::StrTraitATL<wchar_t,ATL::ChTraitsCRT<wchar_t>>>' needs to have dll-interface to be used by clients of 'Base::File' [C:\Users\mcmco\Desktop\WMMR\build\src\MovieMakerCore\MovieMakerCore.vcxproj]
  (compiling source file '../../../src/MovieMakerCore/SundanceApp/SundanceAppDataContext.cpp')
      C:\Program Files (x86)\Microsoft Visual Studio\2022\BuildTools\VC\Tools\MSVC\14.44.35207\atlmfc\include\cstringt.h(999,7):
      see declaration of 'ATL::CStringT<wchar_t,ATL::StrTraitATL<wchar_t,ATL::ChTraitsCRT<wchar_t>>>'
  
C:\Users\mcmco\Desktop\WMMR\src\MovieMakerCore\StoryboardManager\Templates.h(211,21): warning C4251: 'StoryboardManager::AutoMovieTheme::m_strTitleFontFamily': 'ATL::CStringT<wchar_t,ATL::StrTraitATL<wchar_t,ATL::ChTraitsCRT<wchar_t>>>' needs to have dll-interface to be used by clients of 'StoryboardManager::AutoMovieTheme' [C:\Users\mcmco\Desktop\WMMR\build\src\MovieMakerCore\MovieMakerCore.vcxproj]
  (compiling source file '../../../src/MovieMakerCore/StoryboardManager/MovieExtent.cpp')
      C:\Program Files (x86)\Microsoft Visual Studio\2022\BuildTools\VC\Tools\MSVC\14.44.35207\atlmfc\include\cstringt.h(999,7):
      see declaration of 'ATL::CStringT<wchar_t,ATL::StrTraitATL<wchar_t,ATL::ChTraitsCRT<wchar_t>>>'
  
C:\Users\mcmco\Desktop\WMMR\src\MovieMakerCore\StoryboardManager\MovieProject.h(119,18): warning C4251: 'StoryboardManager::ProjectMediaItem::m_strSourcePath': 'ATL::CStringT<wchar_t,ATL::StrTraitATL<wchar_t,ATL::ChTraitsCRT<wchar_t>>>' needs to have dll-interface to be used by clients of 'StoryboardManager::ProjectMediaItem' [C:\Users\mcmco\Desktop\WMMR\build\src\MovieMakerCore\MovieMakerCore.vcxproj]
  (compiling source file '../../../src/MovieMakerCore/StoryboardManager/Extents.cpp')
      C:\Program Files (x86)\Microsoft Visual Studio\2022\BuildTools\VC\Tools\MSVC\14.44.35207\atlmfc\include\cstringt.h(999,7):
      see declaration of 'ATL::CStringT<wchar_t,ATL::StrTraitATL<wchar_t,ATL::ChTraitsCRT<wchar_t>>>'
  
C:\Users\mcmco\Desktop\WMMR\src\MovieMakerCore\StoryboardManager\MovieProject.h(120,18): warning C4251: 'StoryboardManager::ProjectMediaItem::m_strThumbnailPath': 'ATL::CStringT<wchar_t,ATL::StrTraitATL<wchar_t,ATL::ChTraitsCRT<wchar_t>>>' needs to have dll-interface to be used by clients of 'StoryboardManager::ProjectMediaItem' [C:\Users\mcmco\Desktop\WMMR\build\src\MovieMakerCore\MovieMakerCore.vcxproj]
  (compiling source file '../../../src/MovieMakerCore/StoryboardManager/Extents.cpp')
      C:\Program Files (x86)\Microsoft Visual Studio\2022\BuildTools\VC\Tools\MSVC\14.44.35207\atlmfc\include\cstringt.h(999,7):
      see declaration of 'ATL::CStringT<wchar_t,ATL::StrTraitATL<wchar_t,ATL::ChTraitsCRT<wchar_t>>>'
  
C:\Users\mcmco\Desktop\WMMR\src\WLXPhotoBase\BaseTypes.h(568,18): warning C4251: 'Base::TempFile::m_strPath': 'ATL::CStringT<wchar_t,ATL::StrTraitATL<wchar_t,ATL::ChTraitsCRT<wchar_t>>>' needs to have dll-interface to be used by clients of 'Base::TempFile' [C:\Users\mcmco\Desktop\WMMR\build\src\MovieMakerCore\MovieMakerCore.vcxproj]
  (compiling source file '../../../src/MovieMakerCore/SundanceApp/SundanceAppDataContext.cpp')
      C:\Program Files (x86)\Microsoft Visual Studio\2022\BuildTools\VC\Tools\MSVC\14.44.35207\atlmfc\include\cstringt.h(999,7):
      see declaration of 'ATL::CStringT<wchar_t,ATL::StrTraitATL<wchar_t,ATL::ChTraitsCRT<wchar_t>>>'
  
C:\Users\mcmco\Desktop\WMMR\src\WLXPhotoBase\BaseTypes.h(724,25): warning C4251: 'Base::IntSet::m_values': 'ATL::CAtlArray<int,ATL::CElementTraits<int>>' needs to have dll-interface to be used by clients of 'Base::IntSet' [C:\Users\mcmco\Desktop\WMMR\build\src\MovieMakerCore\MovieMakerCore.vcxproj]
  (compiling source file '../../../src/MovieMakerCore/StoryboardManager/StoryboardManager.cpp')
      C:\Program Files (x86)\Microsoft Visual Studio\2022\BuildTools\VC\Tools\MSVC\14.44.35207\atlmfc\include\atlcoll.h(530,7):
      see declaration of 'ATL::CAtlArray<int,ATL::CElementTraits<int>>'
  
C:\Users\mcmco\Desktop\WMMR\src\MovieMakerCore\StoryboardManager\MovieProject.h(127,18): warning C4251: 'StoryboardManager::ProjectMediaItem::m_strTags': 'ATL::CStringT<wchar_t,ATL::StrTraitATL<wchar_t,ATL::ChTraitsCRT<wchar_t>>>' needs to have dll-interface to be used by clients of 'StoryboardManager::ProjectMediaItem' [C:\Users\mcmco\Desktop\WMMR\build\src\MovieMakerCore\MovieMakerCore.vcxproj]
  (compiling source file '../../../src/MovieMakerCore/StoryboardManager/Extents.cpp')
      C:\Program Files (x86)\Microsoft Visual Studio\2022\BuildTools\VC\Tools\MSVC\14.44.35207\atlmfc\include\cstringt.h(999,7):
      see declaration of 'ATL::CStringT<wchar_t,ATL::StrTraitATL<wchar_t,ATL::ChTraitsCRT<wchar_t>>>'
  
C:\Users\mcmco\Desktop\WMMR\src\WLXPhotoBase\BaseTypes.h(661,21): warning C4251: 'Base::FindFile::m_strDirectory': 'ATL::CStringT<wchar_t,ATL::StrTraitATL<wchar_t,ATL::ChTraitsCRT<wchar_t>>>' needs to have dll-interface to be used by clients of 'Base::FindFile' [C:\Users\mcmco\Desktop\WMMR\build\src\MovieMakerCore\MovieMakerCore.vcxproj]
  (compiling source file '../../../src/MovieMakerCore/SundanceApp/SundanceAppDataContext.cpp')
      C:\Program Files (x86)\Microsoft Visual Studio\2022\BuildTools\VC\Tools\MSVC\14.44.35207\atlmfc\include\cstringt.h(999,7):
      see declaration of 'ATL::CStringT<wchar_t,ATL::StrTraitATL<wchar_t,ATL::ChTraitsCRT<wchar_t>>>'
  
C:\Users\mcmco\Desktop\WMMR\src\MovieMakerCore\StoryboardManager\Templates.h(213,33): warning C4251: 'StoryboardManager::AutoMovieTheme::m_arrEffects': 'ATL::CAtlArray<StoryboardManager::ThemeEffect,ATL::CElementTraits<E>>' needs to have dll-interface to be used by clients of 'StoryboardManager::AutoMovieTheme' [C:\Users\mcmco\Desktop\WMMR\build\src\MovieMakerCore\MovieMakerCore.vcxproj]
C:\Users\mcmco\Desktop\WMMR\src\MovieMakerCore\StoryboardManager\Templates.h(213,33): warning C4251:         with [C:\Users\mcmco\Desktop\WMMR\build\src\MovieMakerCore\MovieMakerCore.vcxproj]
C:\Users\mcmco\Desktop\WMMR\src\MovieMakerCore\StoryboardManager\Templates.h(213,33): warning C4251:         [ [C:\Users\mcmco\Desktop\WMMR\build\src\MovieMakerCore\MovieMakerCore.vcxproj]
C:\Users\mcmco\Desktop\WMMR\src\MovieMakerCore\StoryboardManager\Templates.h(213,33): warning C4251:             E=StoryboardManager::ThemeEffect [C:\Users\mcmco\Desktop\WMMR\build\src\MovieMakerCore\MovieMakerCore.vcxproj]
C:\Users\mcmco\Desktop\WMMR\src\MovieMakerCore\StoryboardManager\Templates.h(213,33): warning C4251:         ] [C:\Users\mcmco\Desktop\WMMR\build\src\MovieMakerCore\MovieMakerCore.vcxproj]
  (compiling source file '../../../src/MovieMakerCore/StoryboardManager/MovieExtent.cpp')
      C:\Program Files (x86)\Microsoft Visual Studio\2022\BuildTools\VC\Tools\MSVC\14.44.35207\atlmfc\include\atlcoll.h(530,7):
      see declaration of 'ATL::CAtlArray<StoryboardManager::ThemeEffect,ATL::CElementTraits<E>>'
          with
          [
              E=StoryboardManager::ThemeEffect
          ]
  
C:\Users\mcmco\Desktop\WMMR\src\MovieMakerCore\StoryboardManager\MovieProject.h(130,18): warning C4251: 'StoryboardManager::ProjectMediaItem::m_strVideoCodec': 'ATL::CStringT<wchar_t,ATL::StrTraitATL<wchar_t,ATL::ChTraitsCRT<wchar_t>>>' needs to have dll-interface to be used by clients of 'StoryboardManager::ProjectMediaItem' [C:\Users\mcmco\Desktop\WMMR\build\src\MovieMakerCore\MovieMakerCore.vcxproj]
  (compiling source file '../../../src/MovieMakerCore/StoryboardManager/Extents.cpp')
      C:\Program Files (x86)\Microsoft Visual Studio\2022\BuildTools\VC\Tools\MSVC\14.44.35207\atlmfc\include\cstringt.h(999,7):
      see declaration of 'ATL::CStringT<wchar_t,ATL::StrTraitATL<wchar_t,ATL::ChTraitsCRT<wchar_t>>>'
  
C:\Users\mcmco\Desktop\WMMR\src\MovieMakerCore\StoryboardManager\MovieProject.h(131,18): warning C4251: 'StoryboardManager::ProjectMediaItem::m_strAudioCodec': 'ATL::CStringT<wchar_t,ATL::StrTraitATL<wchar_t,ATL::ChTraitsCRT<wchar_t>>>' needs to have dll-interface to be used by clients of 'StoryboardManager::ProjectMediaItem' [C:\Users\mcmco\Desktop\WMMR\build\src\MovieMakerCore\MovieMakerCore.vcxproj]
  (compiling source file '../../../src/MovieMakerCore/StoryboardManager/Extents.cpp')
      C:\Program Files (x86)\Microsoft Visual Studio\2022\BuildTools\VC\Tools\MSVC\14.44.35207\atlmfc\include\cstringt.h(999,7):
      see declaration of 'ATL::CStringT<wchar_t,ATL::StrTraitATL<wchar_t,ATL::ChTraitsCRT<wchar_t>>>'
  
C:\Users\mcmco\Desktop\WMMR\src\MovieMakerCore\StoryboardManager\Templates.h(273,25): warning C4251: 'StoryboardManager::TemplateEntry::m_strName': 'ATL::CStringT<wchar_t,ATL::StrTraitATL<wchar_t,ATL::ChTraitsCRT<wchar_t>>>' needs to have dll-interface to be used by clients of 'StoryboardManager::TemplateEntry' [C:\Users\mcmco\Desktop\WMMR\build\src\MovieMakerCore\MovieMakerCore.vcxproj]
  (compiling source file '../../../src/MovieMakerCore/StoryboardManager/MovieExtent.cpp')
      C:\Program Files (x86)\Microsoft Visual Studio\2022\BuildTools\VC\Tools\MSVC\14.44.35207\atlmfc\include\cstringt.h(999,7):
      see declaration of 'ATL::CStringT<wchar_t,ATL::StrTraitATL<wchar_t,ATL::ChTraitsCRT<wchar_t>>>'
  
C:\Users\mcmco\Desktop\WMMR\src\MovieMakerCore\StoryboardManager\StoryboardManagerExceptions.h(56,18): warning C4251: 'StoryboardManager::StoryboardManagerException::m_strMessage': 'ATL::CStringT<wchar_t,ATL::StrTraitATL<wchar_t,ATL::ChTraitsCRT<wchar_t>>>' needs to have dll-interface to be used by clients of 'StoryboardManager::StoryboardManagerException' [C:\Users\mcmco\Desktop\WMMR\build\src\MovieMakerCore\MovieMakerCore.vcxproj]
  (compiling source file '../../../src/MovieMakerCore/StoryboardManager/StoryboardManager.cpp')
      C:\Program Files (x86)\Microsoft Visual Studio\2022\BuildTools\VC\Tools\MSVC\14.44.35207\atlmfc\include\cstringt.h(999,7):
      see declaration of 'ATL::CStringT<wchar_t,ATL::StrTraitATL<wchar_t,ATL::ChTraitsCRT<wchar_t>>>'
  
C:\Users\mcmco\Desktop\WMMR\src\WLXPhotoBase\BaseTypes.h(724,25): warning C4251: 'Base::IntSet::m_values': 'ATL::CAtlArray<int,ATL::CElementTraits<int>>' needs to have dll-interface to be used by clients of 'Base::IntSet' [C:\Users\mcmco\Desktop\WMMR\build\src\MovieMakerCore\MovieMakerCore.vcxproj]
  (compiling source file '../../../src/MovieMakerCore/SundanceApp/SundanceAppDataContext.cpp')
      C:\Program Files (x86)\Microsoft Visual Studio\2022\BuildTools\VC\Tools\MSVC\14.44.35207\atlmfc\include\atlcoll.h(530,7):
      see declaration of 'ATL::CAtlArray<int,ATL::CElementTraits<int>>'
  
C:\Users\mcmco\Desktop\WMMR\src\MovieMakerCore\StoryboardManager\Templates.h(274,25): warning C4251: 'StoryboardManager::TemplateEntry::m_strDisplayName': 'ATL::CStringT<wchar_t,ATL::StrTraitATL<wchar_t,ATL::ChTraitsCRT<wchar_t>>>' needs to have dll-interface to be used by clients of 'StoryboardManager::TemplateEntry' [C:\Users\mcmco\Desktop\WMMR\build\src\MovieMakerCore\MovieMakerCore.vcxproj]
  (compiling source file '../../../src/MovieMakerCore/StoryboardManager/MovieExtent.cpp')
      C:\Program Files (x86)\Microsoft Visual Studio\2022\BuildTools\VC\Tools\MSVC\14.44.35207\atlmfc\include\cstringt.h(999,7):
      see declaration of 'ATL::CStringT<wchar_t,ATL::StrTraitATL<wchar_t,ATL::ChTraitsCRT<wchar_t>>>'
  
C:\Users\mcmco\Desktop\WMMR\src\MovieMakerCore\StoryboardManager\Templates.h(275,25): warning C4251: 'StoryboardManager::TemplateEntry::m_strDescription': 'ATL::CStringT<wchar_t,ATL::StrTraitATL<wchar_t,ATL::ChTraitsCRT<wchar_t>>>' needs to have dll-interface to be used by clients of 'StoryboardManager::TemplateEntry' [C:\Users\mcmco\Desktop\WMMR\build\src\MovieMakerCore\MovieMakerCore.vcxproj]
  (compiling source file '../../../src/MovieMakerCore/StoryboardManager/MovieExtent.cpp')
      C:\Program Files (x86)\Microsoft Visual Studio\2022\BuildTools\VC\Tools\MSVC\14.44.35207\atlmfc\include\cstringt.h(999,7):
      see declaration of 'ATL::CStringT<wchar_t,ATL::StrTraitATL<wchar_t,ATL::ChTraitsCRT<wchar_t>>>'
  
C:\Users\mcmco\Desktop\WMMR\src\MovieMakerCore\StoryboardManager\StoryboardManagerExceptions.h(86,18): warning C4251: 'StoryboardManager::TemplateInitializationException::m_strTemplateName': 'ATL::CStringT<wchar_t,ATL::StrTraitATL<wchar_t,ATL::ChTraitsCRT<wchar_t>>>' needs to have dll-interface to be used by clients of 'StoryboardManager::TemplateInitializationException' [C:\Users\mcmco\Desktop\WMMR\build\src\MovieMakerCore\MovieMakerCore.vcxproj]
  (compiling source file '../../../src/MovieMakerCore/StoryboardManager/StoryboardManager.cpp')
      C:\Program Files (x86)\Microsoft Visual Studio\2022\BuildTools\VC\Tools\MSVC\14.44.35207\atlmfc\include\cstringt.h(999,7):
      see declaration of 'ATL::CStringT<wchar_t,ATL::StrTraitATL<wchar_t,ATL::ChTraitsCRT<wchar_t>>>'
  
C:\Users\mcmco\Desktop\WMMR\src\MovieMakerCore\StoryboardManager\Templates.h(276,25): warning C4251: 'StoryboardManager::TemplateEntry::m_strThumbnailPath': 'ATL::CStringT<wchar_t,ATL::StrTraitATL<wchar_t,ATL::ChTraitsCRT<wchar_t>>>' needs to have dll-interface to be used by clients of 'StoryboardManager::TemplateEntry' [C:\Users\mcmco\Desktop\WMMR\build\src\MovieMakerCore\MovieMakerCore.vcxproj]
  (compiling source file '../../../src/MovieMakerCore/StoryboardManager/MovieExtent.cpp')
      C:\Program Files (x86)\Microsoft Visual Studio\2022\BuildTools\VC\Tools\MSVC\14.44.35207\atlmfc\include\cstringt.h(999,7):
      see declaration of 'ATL::CStringT<wchar_t,ATL::StrTraitATL<wchar_t,ATL::ChTraitsCRT<wchar_t>>>'
  
C:\Users\mcmco\Desktop\WMMR\src\MovieMakerCore\StoryboardManager\MovieProject.h(176,29): warning C4251: 'StoryboardManager::ProjectTimeline::m_arrExtentIds': 'ATL::CAtlArray<DWORD,ATL::CElementTraits<unsigned long>>' needs to have dll-interface to be used by clients of 'StoryboardManager::ProjectTimeline' [C:\Users\mcmco\Desktop\WMMR\build\src\MovieMakerCore\MovieMakerCore.vcxproj]
  (compiling source file '../../../src/MovieMakerCore/StoryboardManager/Extents.cpp')
      C:\Program Files (x86)\Microsoft Visual Studio\2022\BuildTools\VC\Tools\MSVC\14.44.35207\atlmfc\include\atlcoll.h(530,7):
      see declaration of 'ATL::CAtlArray<DWORD,ATL::CElementTraits<unsigned long>>'
  
C:\Users\mcmco\Desktop\WMMR\src\MovieMakerCore\StoryboardManager\StoryboardManagerExceptions.h(119,18): warning C4251: 'StoryboardManager::ScriptInitializationException::m_strScriptPath': 'ATL::CStringT<wchar_t,ATL::StrTraitATL<wchar_t,ATL::ChTraitsCRT<wchar_t>>>' needs to have dll-interface to be used by clients of 'StoryboardManager::ScriptInitializationException' [C:\Users\mcmco\Desktop\WMMR\build\src\MovieMakerCore\MovieMakerCore.vcxproj]
  (compiling source file '../../../src/MovieMakerCore/StoryboardManager/StoryboardManager.cpp')
      C:\Program Files (x86)\Microsoft Visual Studio\2022\BuildTools\VC\Tools\MSVC\14.44.35207\atlmfc\include\cstringt.h(999,7):
      see declaration of 'ATL::CStringT<wchar_t,ATL::StrTraitATL<wchar_t,ATL::ChTraitsCRT<wchar_t>>>'
  
C:\Users\mcmco\Desktop\WMMR\src\MovieMakerCore\StoryboardManager\StoryboardManagerExceptions.h(120,18): warning C4251: 'StoryboardManager::ScriptInitializationException::m_strScriptEngineId': 'ATL::CStringT<wchar_t,ATL::StrTraitATL<wchar_t,ATL::ChTraitsCRT<wchar_t>>>' needs to have dll-interface to be used by clients of 'StoryboardManager::ScriptInitializationException' [C:\Users\mcmco\Desktop\WMMR\build\src\MovieMakerCore\MovieMakerCore.vcxproj]
  (compiling source file '../../../src/MovieMakerCore/StoryboardManager/StoryboardManager.cpp')
      C:\Program Files (x86)\Microsoft Visual Studio\2022\BuildTools\VC\Tools\MSVC\14.44.35207\atlmfc\include\cstringt.h(999,7):
      see declaration of 'ATL::CStringT<wchar_t,ATL::StrTraitATL<wchar_t,ATL::ChTraitsCRT<wchar_t>>>'
  
C:\Users\mcmco\Desktop\WMMR\src\MovieMakerCore\StoryboardManager\MovieProject.h(248,18): warning C4251: 'StoryboardManager::MovieProjectSettings::m_strProjectName': 'ATL::CStringT<wchar_t,ATL::StrTraitATL<wchar_t,ATL::ChTraitsCRT<wchar_t>>>' needs to have dll-interface to be used by clients of 'StoryboardManager::MovieProjectSettings' [C:\Users\mcmco\Desktop\WMMR\build\src\MovieMakerCore\MovieMakerCore.vcxproj]
  (compiling source file '../../../src/MovieMakerCore/StoryboardManager/Extents.cpp')
      C:\Program Files (x86)\Microsoft Visual Studio\2022\BuildTools\VC\Tools\MSVC\14.44.35207\atlmfc\include\cstringt.h(999,7):
      see declaration of 'ATL::CStringT<wchar_t,ATL::StrTraitATL<wchar_t,ATL::ChTraitsCRT<wchar_t>>>'
  
C:\Users\mcmco\Desktop\WMMR\src\MovieMakerCore\SundanceApp\SundanceAppDataContext.h(43,5): error C2065: 'IDR_SUNDANCE_APP_DATA_CONTEXT': undeclared identifier [C:\Users\mcmco\Desktop\WMMR\build\src\MovieMakerCore\MovieMakerCore.vcxproj]
  (compiling source file '../../../src/MovieMakerCore/SundanceApp/SundanceAppDataContext.cpp')
  
C:\Users\mcmco\Desktop\WMMR\src\MovieMakerCore\StoryboardManager\MovieProject.h(249,18): warning C4251: 'StoryboardManager::MovieProjectSettings::m_strAuthor': 'ATL::CStringT<wchar_t,ATL::StrTraitATL<wchar_t,ATL::ChTraitsCRT<wchar_t>>>' needs to have dll-interface to be used by clients of 'StoryboardManager::MovieProjectSettings' [C:\Users\mcmco\Desktop\WMMR\build\src\MovieMakerCore\MovieMakerCore.vcxproj]
  (compiling source file '../../../src/MovieMakerCore/StoryboardManager/Extents.cpp')
      C:\Program Files (x86)\Microsoft Visual Studio\2022\BuildTools\VC\Tools\MSVC\14.44.35207\atlmfc\include\cstringt.h(999,7):
      see declaration of 'ATL::CStringT<wchar_t,ATL::StrTraitATL<wchar_t,ATL::ChTraitsCRT<wchar_t>>>'
  
C:\Users\mcmco\Desktop\WMMR\src\MovieMakerCore\StoryboardManager\Templates.h(343,37): warning C4251: 'StoryboardManager::TemplateTable::m_arrTemplates': 'ATL::CAtlArray<StoryboardManager::TemplateEntry *,ATL::CElementTraits<E>>' needs to have dll-interface to be used by clients of 'StoryboardManager::TemplateTable' [C:\Users\mcmco\Desktop\WMMR\build\src\MovieMakerCore\MovieMakerCore.vcxproj]
C:\Users\mcmco\Desktop\WMMR\src\MovieMakerCore\StoryboardManager\Templates.h(343,37): warning C4251:         with [C:\Users\mcmco\Desktop\WMMR\build\src\MovieMakerCore\MovieMakerCore.vcxproj]
C:\Users\mcmco\Desktop\WMMR\src\MovieMakerCore\StoryboardManager\Templates.h(343,37): warning C4251:         [ [C:\Users\mcmco\Desktop\WMMR\build\src\MovieMakerCore\MovieMakerCore.vcxproj]
C:\Users\mcmco\Desktop\WMMR\src\MovieMakerCore\StoryboardManager\Templates.h(343,37): warning C4251:             E=StoryboardManager::TemplateEntry * [C:\Users\mcmco\Desktop\WMMR\build\src\MovieMakerCore\MovieMakerCore.vcxproj]
C:\Users\mcmco\Desktop\WMMR\src\MovieMakerCore\StoryboardManager\Templates.h(343,37): warning C4251:         ] [C:\Users\mcmco\Desktop\WMMR\build\src\MovieMakerCore\MovieMakerCore.vcxproj]
  (compiling source file '../../../src/MovieMakerCore/StoryboardManager/MovieExtent.cpp')
      C:\Program Files (x86)\Microsoft Visual Studio\2022\BuildTools\VC\Tools\MSVC\14.44.35207\atlmfc\include\atlcoll.h(530,7):
      see declaration of 'ATL::CAtlArray<StoryboardManager::TemplateEntry *,ATL::CElementTraits<E>>'
          with
          [
              E=StoryboardManager::TemplateEntry *
          ]
  
C:\Users\mcmco\Desktop\WMMR\src\MovieMakerCore\StoryboardManager\StoryboardManagerExceptions.h(156,18): warning C4251: 'StoryboardManager::EncodeInitializationException::m_strOutputFormat': 'ATL::CStringT<wchar_t,ATL::StrTraitATL<wchar_t,ATL::ChTraitsCRT<wchar_t>>>' needs to have dll-interface to be used by clients of 'StoryboardManager::EncodeInitializationException' [C:\Users\mcmco\Desktop\WMMR\build\src\MovieMakerCore\MovieMakerCore.vcxproj]
  (compiling source file '../../../src/MovieMakerCore/StoryboardManager/StoryboardManager.cpp')
      C:\Program Files (x86)\Microsoft Visual Studio\2022\BuildTools\VC\Tools\MSVC\14.44.35207\atlmfc\include\cstringt.h(999,7):
      see declaration of 'ATL::CStringT<wchar_t,ATL::StrTraitATL<wchar_t,ATL::ChTraitsCRT<wchar_t>>>'
  
C:\Users\mcmco\Desktop\WMMR\src\MovieMakerCore\StoryboardManager\StoryboardManagerExceptions.h(157,18): warning C4251: 'StoryboardManager::EncodeInitializationException::m_strCodecName': 'ATL::CStringT<wchar_t,ATL::StrTraitATL<wchar_t,ATL::ChTraitsCRT<wchar_t>>>' needs to have dll-interface to be used by clients of 'StoryboardManager::EncodeInitializationException' [C:\Users\mcmco\Desktop\WMMR\build\src\MovieMakerCore\MovieMakerCore.vcxproj]
  (compiling source file '../../../src/MovieMakerCore/StoryboardManager/StoryboardManager.cpp')
      C:\Program Files (x86)\Microsoft Visual Studio\2022\BuildTools\VC\Tools\MSVC\14.44.35207\atlmfc\include\cstringt.h(999,7):
      see declaration of 'ATL::CStringT<wchar_t,ATL::StrTraitATL<wchar_t,ATL::ChTraitsCRT<wchar_t>>>'
  
C:\Users\mcmco\Desktop\WMMR\src\MovieMakerCore\StoryboardManager\MovieProject.h(390,25): warning C4251: 'StoryboardManager::MovieProject::m_strProjectPath': 'ATL::CStringT<wchar_t,ATL::StrTraitATL<wchar_t,ATL::ChTraitsCRT<wchar_t>>>' needs to have dll-interface to be used by clients of 'StoryboardManager::MovieProject' [C:\Users\mcmco\Desktop\WMMR\build\src\MovieMakerCore\MovieMakerCore.vcxproj]
  (compiling source file '../../../src/MovieMakerCore/StoryboardManager/Extents.cpp')
      C:\Program Files (x86)\Microsoft Visual Studio\2022\BuildTools\VC\Tools\MSVC\14.44.35207\atlmfc\include\cstringt.h(999,7):
      see declaration of 'ATL::CStringT<wchar_t,ATL::StrTraitATL<wchar_t,ATL::ChTraitsCRT<wchar_t>>>'
  
C:\Users\mcmco\Desktop\WMMR\src\MovieMakerCore\StoryboardManager\Templates.h(344,37): warning C4251: 'StoryboardManager::TemplateTable::m_arrThemes': 'ATL::CAtlArray<StoryboardManager::AutoMovieTheme *,ATL::CElementTraits<E>>' needs to have dll-interface to be used by clients of 'StoryboardManager::TemplateTable' [C:\Users\mcmco\Desktop\WMMR\build\src\MovieMakerCore\MovieMakerCore.vcxproj]
C:\Users\mcmco\Desktop\WMMR\src\MovieMakerCore\StoryboardManager\Templates.h(344,37): warning C4251:         with [C:\Users\mcmco\Desktop\WMMR\build\src\MovieMakerCore\MovieMakerCore.vcxproj]
C:\Users\mcmco\Desktop\WMMR\src\MovieMakerCore\StoryboardManager\Templates.h(344,37): warning C4251:         [ [C:\Users\mcmco\Desktop\WMMR\build\src\MovieMakerCore\MovieMakerCore.vcxproj]
C:\Users\mcmco\Desktop\WMMR\src\MovieMakerCore\StoryboardManager\Templates.h(344,37): warning C4251:             E=StoryboardManager::AutoMovieTheme * [C:\Users\mcmco\Desktop\WMMR\build\src\MovieMakerCore\MovieMakerCore.vcxproj]
C:\Users\mcmco\Desktop\WMMR\src\MovieMakerCore\StoryboardManager\Templates.h(344,37): warning C4251:         ] [C:\Users\mcmco\Desktop\WMMR\build\src\MovieMakerCore\MovieMakerCore.vcxproj]
  (compiling source file '../../../src/MovieMakerCore/StoryboardManager/MovieExtent.cpp')
      C:\Program Files (x86)\Microsoft Visual Studio\2022\BuildTools\VC\Tools\MSVC\14.44.35207\atlmfc\include\atlcoll.h(530,7):
      see declaration of 'ATL::CAtlArray<StoryboardManager::AutoMovieTheme *,ATL::CElementTraits<E>>'
          with
          [
              E=StoryboardManager::AutoMovieTheme *
          ]
  
C:\Users\mcmco\Desktop\WMMR\src\MovieMakerCore\StoryboardManager\TimelineTrack.h(99,25): warning C4251: 'StoryboardManager::TimelineTrack::m_strDisplayName': 'ATL::CStringT<wchar_t,ATL::StrTraitATL<wchar_t,ATL::ChTraitsCRT<wchar_t>>>' needs to have dll-interface to be used by clients of 'StoryboardManager::TimelineTrack' [C:\Users\mcmco\Desktop\WMMR\build\src\MovieMakerCore\MovieMakerCore.vcxproj]
  (compiling source file '../../../src/MovieMakerCore/StoryboardManager/StoryboardManager.cpp')
      C:\Program Files (x86)\Microsoft Visual Studio\2022\BuildTools\VC\Tools\MSVC\14.44.35207\atlmfc\include\cstringt.h(999,7):
      see declaration of 'ATL::CStringT<wchar_t,ATL::StrTraitATL<wchar_t,ATL::ChTraitsCRT<wchar_t>>>'
  
C:\Users\mcmco\Desktop\WMMR\src\MovieMakerCore\StoryboardManager\MovieProject.h(394,40): warning C4251: 'StoryboardManager::MovieProject::m_arrMediaItems': 'ATL::CAtlArray<StoryboardManager::ProjectMediaItem,ATL::CElementTraits<E>>' needs to have dll-interface to be used by clients of 'StoryboardManager::MovieProject' [C:\Users\mcmco\Desktop\WMMR\build\src\MovieMakerCore\MovieMakerCore.vcxproj]
C:\Users\mcmco\Desktop\WMMR\src\MovieMakerCore\StoryboardManager\MovieProject.h(394,40): warning C4251:         with [C:\Users\mcmco\Desktop\WMMR\build\src\MovieMakerCore\MovieMakerCore.vcxproj]
C:\Users\mcmco\Desktop\WMMR\src\MovieMakerCore\StoryboardManager\MovieProject.h(394,40): warning C4251:         [ [C:\Users\mcmco\Desktop\WMMR\build\src\MovieMakerCore\MovieMakerCore.vcxproj]
C:\Users\mcmco\Desktop\WMMR\src\MovieMakerCore\StoryboardManager\MovieProject.h(394,40): warning C4251:             E=StoryboardManager::ProjectMediaItem [C:\Users\mcmco\Desktop\WMMR\build\src\MovieMakerCore\MovieMakerCore.vcxproj]
C:\Users\mcmco\Desktop\WMMR\src\MovieMakerCore\StoryboardManager\MovieProject.h(394,40): warning C4251:         ] [C:\Users\mcmco\Desktop\WMMR\build\src\MovieMakerCore\MovieMakerCore.vcxproj]
  (compiling source file '../../../src/MovieMakerCore/StoryboardManager/Extents.cpp')
      C:\Program Files (x86)\Microsoft Visual Studio\2022\BuildTools\VC\Tools\MSVC\14.44.35207\atlmfc\include\atlcoll.h(530,7):
      see declaration of 'ATL::CAtlArray<StoryboardManager::ProjectMediaItem,ATL::CElementTraits<E>>'
          with
          [
              E=StoryboardManager::ProjectMediaItem
          ]
  
C:\Users\mcmco\Desktop\WMMR\src\MovieMakerCore\StoryboardManager\TimelineTrack.h(106,25): error C2079: 'StoryboardManager::TimelineTrack::m_timeline' uses undefined class 'StoryboardManager::ProjectTimeline' [C:\Users\mcmco\Desktop\WMMR\build\src\MovieMakerCore\MovieMakerCore.vcxproj]
  (compiling source file '../../../src/MovieMakerCore/StoryboardManager/StoryboardManager.cpp')
  
C:\Users\mcmco\Desktop\WMMR\src\MovieMakerCore\StoryboardManager\MovieProject.h(119,18): warning C4251: 'StoryboardManager::ProjectMediaItem::m_strSourcePath': 'ATL::CStringT<wchar_t,ATL::StrTraitATL<wchar_t,ATL::ChTraitsCRT<wchar_t>>>' needs to have dll-interface to be used by clients of 'StoryboardManager::ProjectMediaItem' [C:\Users\mcmco\Desktop\WMMR\build\src\MovieMakerCore\MovieMakerCore.vcxproj]
  (compiling source file '../../../src/MovieMakerCore/StoryboardManager/MovieExtent.cpp')
      C:\Program Files (x86)\Microsoft Visual Studio\2022\BuildTools\VC\Tools\MSVC\14.44.35207\atlmfc\include\cstringt.h(999,7):
      see declaration of 'ATL::CStringT<wchar_t,ATL::StrTraitATL<wchar_t,ATL::ChTraitsCRT<wchar_t>>>'
  
C:\Users\mcmco\Desktop\WMMR\src\MovieMakerCore\StoryboardManager\MovieProject.h(120,18): warning C4251: 'StoryboardManager::ProjectMediaItem::m_strThumbnailPath': 'ATL::CStringT<wchar_t,ATL::StrTraitATL<wchar_t,ATL::ChTraitsCRT<wchar_t>>>' needs to have dll-interface to be used by clients of 'StoryboardManager::ProjectMediaItem' [C:\Users\mcmco\Desktop\WMMR\build\src\MovieMakerCore\MovieMakerCore.vcxproj]
  (compiling source file '../../../src/MovieMakerCore/StoryboardManager/MovieExtent.cpp')
      C:\Program Files (x86)\Microsoft Visual Studio\2022\BuildTools\VC\Tools\MSVC\14.44.35207\atlmfc\include\cstringt.h(999,7):
      see declaration of 'ATL::CStringT<wchar_t,ATL::StrTraitATL<wchar_t,ATL::ChTraitsCRT<wchar_t>>>'
  
C:\Users\mcmco\Desktop\WMMR\src\MovieMakerCore\StoryboardManager\MovieProject.h(127,18): warning C4251: 'StoryboardManager::ProjectMediaItem::m_strTags': 'ATL::CStringT<wchar_t,ATL::StrTraitATL<wchar_t,ATL::ChTraitsCRT<wchar_t>>>' needs to have dll-interface to be used by clients of 'StoryboardManager::ProjectMediaItem' [C:\Users\mcmco\Desktop\WMMR\build\src\MovieMakerCore\MovieMakerCore.vcxproj]
  (compiling source file '../../../src/MovieMakerCore/StoryboardManager/MovieExtent.cpp')
      C:\Program Files (x86)\Microsoft Visual Studio\2022\BuildTools\VC\Tools\MSVC\14.44.35207\atlmfc\include\cstringt.h(999,7):
      see declaration of 'ATL::CStringT<wchar_t,ATL::StrTraitATL<wchar_t,ATL::ChTraitsCRT<wchar_t>>>'
  
C:\Users\mcmco\Desktop\WMMR\src\MovieMakerCore\StoryboardManager\MovieProject.h(130,18): warning C4251: 'StoryboardManager::ProjectMediaItem::m_strVideoCodec': 'ATL::CStringT<wchar_t,ATL::StrTraitATL<wchar_t,ATL::ChTraitsCRT<wchar_t>>>' needs to have dll-interface to be used by clients of 'StoryboardManager::ProjectMediaItem' [C:\Users\mcmco\Desktop\WMMR\build\src\MovieMakerCore\MovieMakerCore.vcxproj]
  (compiling source file '../../../src/MovieMakerCore/StoryboardManager/MovieExtent.cpp')
      C:\Program Files (x86)\Microsoft Visual Studio\2022\BuildTools\VC\Tools\MSVC\14.44.35207\atlmfc\include\cstringt.h(999,7):
      see declaration of 'ATL::CStringT<wchar_t,ATL::StrTraitATL<wchar_t,ATL::ChTraitsCRT<wchar_t>>>'
  
C:\Users\mcmco\Desktop\WMMR\src\MovieMakerCore\StoryboardManager\MovieProject.h(404,32): warning C4251: 'StoryboardManager::MovieProject::m_arrUndoStack': 'ATL::CAtlArray<StoryboardManager::MovieProject::UndoEntry *,ATL::CElementTraits<E>>' needs to have dll-interface to be used by clients of 'StoryboardManager::MovieProject' [C:\Users\mcmco\Desktop\WMMR\build\src\MovieMakerCore\MovieMakerCore.vcxproj]
C:\Users\mcmco\Desktop\WMMR\src\MovieMakerCore\StoryboardManager\MovieProject.h(404,32): warning C4251:         with [C:\Users\mcmco\Desktop\WMMR\build\src\MovieMakerCore\MovieMakerCore.vcxproj]
C:\Users\mcmco\Desktop\WMMR\src\MovieMakerCore\StoryboardManager\MovieProject.h(404,32): warning C4251:         [ [C:\Users\mcmco\Desktop\WMMR\build\src\MovieMakerCore\MovieMakerCore.vcxproj]
C:\Users\mcmco\Desktop\WMMR\src\MovieMakerCore\StoryboardManager\MovieProject.h(404,32): warning C4251:             E=StoryboardManager::MovieProject::UndoEntry * [C:\Users\mcmco\Desktop\WMMR\build\src\MovieMakerCore\MovieMakerCore.vcxproj]
C:\Users\mcmco\Desktop\WMMR\src\MovieMakerCore\StoryboardManager\MovieProject.h(404,32): warning C4251:         ] [C:\Users\mcmco\Desktop\WMMR\build\src\MovieMakerCore\MovieMakerCore.vcxproj]
  (compiling source file '../../../src/MovieMakerCore/StoryboardManager/Extents.cpp')
      C:\Program Files (x86)\Microsoft Visual Studio\2022\BuildTools\VC\Tools\MSVC\14.44.35207\atlmfc\include\atlcoll.h(530,7):
      see declaration of 'ATL::CAtlArray<StoryboardManager::MovieProject::UndoEntry *,ATL::CElementTraits<E>>'
          with
          [
              E=StoryboardManager::MovieProject::UndoEntry *
          ]
  
C:\Users\mcmco\Desktop\WMMR\src\MovieMakerCore\StoryboardManager\MovieProject.h(131,18): warning C4251: 'StoryboardManager::ProjectMediaItem::m_strAudioCodec': 'ATL::CStringT<wchar_t,ATL::StrTraitATL<wchar_t,ATL::ChTraitsCRT<wchar_t>>>' needs to have dll-interface to be used by clients of 'StoryboardManager::ProjectMediaItem' [C:\Users\mcmco\Desktop\WMMR\build\src\MovieMakerCore\MovieMakerCore.vcxproj]
  (compiling source file '../../../src/MovieMakerCore/StoryboardManager/MovieExtent.cpp')
      C:\Program Files (x86)\Microsoft Visual Studio\2022\BuildTools\VC\Tools\MSVC\14.44.35207\atlmfc\include\cstringt.h(999,7):
      see declaration of 'ATL::CStringT<wchar_t,ATL::StrTraitATL<wchar_t,ATL::ChTraitsCRT<wchar_t>>>'
  
C:\Users\mcmco\Desktop\WMMR\src\MovieMakerCore\StoryboardManager\MovieProject.h(176,29): warning C4251: 'StoryboardManager::ProjectTimeline::m_arrExtentIds': 'ATL::CAtlArray<DWORD,ATL::CElementTraits<unsigned long>>' needs to have dll-interface to be used by clients of 'StoryboardManager::ProjectTimeline' [C:\Users\mcmco\Desktop\WMMR\build\src\MovieMakerCore\MovieMakerCore.vcxproj]
  (compiling source file '../../../src/MovieMakerCore/StoryboardManager/MovieExtent.cpp')
      C:\Program Files (x86)\Microsoft Visual Studio\2022\BuildTools\VC\Tools\MSVC\14.44.35207\atlmfc\include\atlcoll.h(530,7):
      see declaration of 'ATL::CAtlArray<DWORD,ATL::CElementTraits<unsigned long>>'
  
C:\Users\mcmco\Desktop\WMMR\src\MovieMakerCore\StoryboardManager\TimelineTrack.h(151,36): warning C4251: 'StoryboardManager::TimelineTrackManager::m_arrTracks': 'ATL::CAtlArray<StoryboardManager::TimelineTrack *,ATL::CElementTraits<E>>' needs to have dll-interface to be used by clients of 'StoryboardManager::TimelineTrackManager' [C:\Users\mcmco\Desktop\WMMR\build\src\MovieMakerCore\MovieMakerCore.vcxproj]
C:\Users\mcmco\Desktop\WMMR\src\MovieMakerCore\StoryboardManager\TimelineTrack.h(151,36): warning C4251:         with [C:\Users\mcmco\Desktop\WMMR\build\src\MovieMakerCore\MovieMakerCore.vcxproj]
C:\Users\mcmco\Desktop\WMMR\src\MovieMakerCore\StoryboardManager\TimelineTrack.h(151,36): warning C4251:         [ [C:\Users\mcmco\Desktop\WMMR\build\src\MovieMakerCore\MovieMakerCore.vcxproj]
C:\Users\mcmco\Desktop\WMMR\src\MovieMakerCore\StoryboardManager\TimelineTrack.h(151,36): warning C4251:             E=StoryboardManager::TimelineTrack * [C:\Users\mcmco\Desktop\WMMR\build\src\MovieMakerCore\MovieMakerCore.vcxproj]
C:\Users\mcmco\Desktop\WMMR\src\MovieMakerCore\StoryboardManager\TimelineTrack.h(151,36): warning C4251:         ] [C:\Users\mcmco\Desktop\WMMR\build\src\MovieMakerCore\MovieMakerCore.vcxproj]
  (compiling source file '../../../src/MovieMakerCore/StoryboardManager/StoryboardManager.cpp')
      C:\Program Files (x86)\Microsoft Visual Studio\2022\BuildTools\VC\Tools\MSVC\14.44.35207\atlmfc\include\atlcoll.h(530,7):
      see declaration of 'ATL::CAtlArray<StoryboardManager::TimelineTrack *,ATL::CElementTraits<E>>'
          with
          [
              E=StoryboardManager::TimelineTrack *
          ]
  
C:\Users\mcmco\Desktop\WMMR\src\MovieMakerCore\StoryboardManager\MovieProject.h(248,18): warning C4251: 'StoryboardManager::MovieProjectSettings::m_strProjectName': 'ATL::CStringT<wchar_t,ATL::StrTraitATL<wchar_t,ATL::ChTraitsCRT<wchar_t>>>' needs to have dll-interface to be used by clients of 'StoryboardManager::MovieProjectSettings' [C:\Users\mcmco\Desktop\WMMR\build\src\MovieMakerCore\MovieMakerCore.vcxproj]
  (compiling source file '../../../src/MovieMakerCore/StoryboardManager/MovieExtent.cpp')
      C:\Program Files (x86)\Microsoft Visual Studio\2022\BuildTools\VC\Tools\MSVC\14.44.35207\atlmfc\include\cstringt.h(999,7):
      see declaration of 'ATL::CStringT<wchar_t,ATL::StrTraitATL<wchar_t,ATL::ChTraitsCRT<wchar_t>>>'
  
C:\Users\mcmco\Desktop\WMMR\src\MovieMakerCore\StoryboardManager\MovieProject.h(249,18): warning C4251: 'StoryboardManager::MovieProjectSettings::m_strAuthor': 'ATL::CStringT<wchar_t,ATL::StrTraitATL<wchar_t,ATL::ChTraitsCRT<wchar_t>>>' needs to have dll-interface to be used by clients of 'StoryboardManager::MovieProjectSettings' [C:\Users\mcmco\Desktop\WMMR\build\src\MovieMakerCore\MovieMakerCore.vcxproj]
  (compiling source file '../../../src/MovieMakerCore/StoryboardManager/MovieExtent.cpp')
      C:\Program Files (x86)\Microsoft Visual Studio\2022\BuildTools\VC\Tools\MSVC\14.44.35207\atlmfc\include\cstringt.h(999,7):
      see declaration of 'ATL::CStringT<wchar_t,ATL::StrTraitATL<wchar_t,ATL::ChTraitsCRT<wchar_t>>>'
  
C:\Users\mcmco\Desktop\WMMR\src\MovieMakerCore\StoryboardManager\Extents.h(104,37): warning C4251: 'StoryboardManager::ExtentCollection::m_arrExtents': 'ATL::CAtlArray<StoryboardManager::MovieExtent *,ATL::CElementTraits<E>>' needs to have dll-interface to be used by clients of 'StoryboardManager::ExtentCollection' [C:\Users\mcmco\Desktop\WMMR\build\src\MovieMakerCore\MovieMakerCore.vcxproj]
C:\Users\mcmco\Desktop\WMMR\src\MovieMakerCore\StoryboardManager\Extents.h(104,37): warning C4251:         with [C:\Users\mcmco\Desktop\WMMR\build\src\MovieMakerCore\MovieMakerCore.vcxproj]
C:\Users\mcmco\Desktop\WMMR\src\MovieMakerCore\StoryboardManager\Extents.h(104,37): warning C4251:         [ [C:\Users\mcmco\Desktop\WMMR\build\src\MovieMakerCore\MovieMakerCore.vcxproj]
C:\Users\mcmco\Desktop\WMMR\src\MovieMakerCore\StoryboardManager\Extents.h(104,37): warning C4251:             E=StoryboardManager::MovieExtent * [C:\Users\mcmco\Desktop\WMMR\build\src\MovieMakerCore\MovieMakerCore.vcxproj]
C:\Users\mcmco\Desktop\WMMR\src\MovieMakerCore\StoryboardManager\Extents.h(104,37): warning C4251:         ] [C:\Users\mcmco\Desktop\WMMR\build\src\MovieMakerCore\MovieMakerCore.vcxproj]
  (compiling source file '../../../src/MovieMakerCore/StoryboardManager/Extents.cpp')
      C:\Program Files (x86)\Microsoft Visual Studio\2022\BuildTools\VC\Tools\MSVC\14.44.35207\atlmfc\include\atlcoll.h(530,7):
      see declaration of 'ATL::CAtlArray<StoryboardManager::MovieExtent *,ATL::CElementTraits<E>>'
          with
          [
              E=StoryboardManager::MovieExtent *
          ]
  
C:\Users\mcmco\Desktop\WMMR\src\MovieMakerCore\SundanceApp\ClipboardManager.h(76,9): error C2653: 'StoryboardManager': is not a class or namespace name [C:\Users\mcmco\Desktop\WMMR\build\src\MovieMakerCore\MovieMakerCore.vcxproj]
  (compiling source file '../../../src/MovieMakerCore/SundanceApp/SundanceAppMain.cpp')
  
C:\Users\mcmco\Desktop\WMMR\src\MovieMakerCore\StoryboardManager\Extents.h(158,27): warning C4251: 'StoryboardManager::ExtentIdSet::m_arrIds': 'ATL::CAtlArray<DWORD,ATL::CElementTraits<unsigned long>>' needs to have dll-interface to be used by clients of 'StoryboardManager::ExtentIdSet' [C:\Users\mcmco\Desktop\WMMR\build\src\MovieMakerCore\MovieMakerCore.vcxproj]
  (compiling source file '../../../src/MovieMakerCore/StoryboardManager/Extents.cpp')
      C:\Program Files (x86)\Microsoft Visual Studio\2022\BuildTools\VC\Tools\MSVC\14.44.35207\atlmfc\include\atlcoll.h(530,7):
      see declaration of 'ATL::CAtlArray<DWORD,ATL::CElementTraits<unsigned long>>'
  
C:\Users\mcmco\Desktop\WMMR\src\MovieMakerCore\SundanceApp\ClipboardManager.h(76,46): error C3646: 'track': unknown override specifier [C:\Users\mcmco\Desktop\WMMR\build\src\MovieMakerCore\MovieMakerCore.vcxproj]
  (compiling source file '../../../src/MovieMakerCore/SundanceApp/SundanceAppMain.cpp')
  
C:\Users\mcmco\Desktop\WMMR\src\MovieMakerCore\StoryboardManager\MovieProject.h(390,25): warning C4251: 'StoryboardManager::MovieProject::m_strProjectPath': 'ATL::CStringT<wchar_t,ATL::StrTraitATL<wchar_t,ATL::ChTraitsCRT<wchar_t>>>' needs to have dll-interface to be used by clients of 'StoryboardManager::MovieProject' [C:\Users\mcmco\Desktop\WMMR\build\src\MovieMakerCore\MovieMakerCore.vcxproj]
  (compiling source file '../../../src/MovieMakerCore/StoryboardManager/MovieExtent.cpp')
      C:\Program Files (x86)\Microsoft Visual Studio\2022\BuildTools\VC\Tools\MSVC\14.44.35207\atlmfc\include\cstringt.h(999,7):
      see declaration of 'ATL::CStringT<wchar_t,ATL::StrTraitATL<wchar_t,ATL::ChTraitsCRT<wchar_t>>>'
  
C:\Users\mcmco\Desktop\WMMR\src\MovieMakerCore\SundanceApp\ClipboardManager.h(76,28): error C4430: missing type specifier - int assumed. Note: C++ does not support default-int [C:\Users\mcmco\Desktop\WMMR\build\src\MovieMakerCore\MovieMakerCore.vcxproj]
  (compiling source file '../../../src/MovieMakerCore/SundanceApp/SundanceAppMain.cpp')
  
C:\Users\mcmco\Desktop\WMMR\src\MovieMakerCore\StoryboardManager\MovieExtent.h(151,25): warning C4251: 'StoryboardManager::MovieExtent::m_strTitleText': 'ATL::CStringT<wchar_t,ATL::StrTraitATL<wchar_t,ATL::ChTraitsCRT<wchar_t>>>' needs to have dll-interface to be used by clients of 'StoryboardManager::MovieExtent' [C:\Users\mcmco\Desktop\WMMR\build\src\MovieMakerCore\MovieMakerCore.vcxproj]
  (compiling source file '../../../src/MovieMakerCore/StoryboardManager/StoryboardManager.cpp')
      C:\Program Files (x86)\Microsoft Visual Studio\2022\BuildTools\VC\Tools\MSVC\14.44.35207\atlmfc\include\cstringt.h(999,7):
      see declaration of 'ATL::CStringT<wchar_t,ATL::StrTraitATL<wchar_t,ATL::ChTraitsCRT<wchar_t>>>'
  
C:\Users\mcmco\Desktop\WMMR\src\MovieMakerCore\StoryboardManager\MovieProject.h(394,40): warning C4251: 'StoryboardManager::MovieProject::m_arrMediaItems': 'ATL::CAtlArray<StoryboardManager::ProjectMediaItem,ATL::CElementTraits<E>>' needs to have dll-interface to be used by clients of 'StoryboardManager::MovieProject' [C:\Users\mcmco\Desktop\WMMR\build\src\MovieMakerCore\MovieMakerCore.vcxproj]
C:\Users\mcmco\Desktop\WMMR\src\MovieMakerCore\StoryboardManager\MovieProject.h(394,40): warning C4251:         with [C:\Users\mcmco\Desktop\WMMR\build\src\MovieMakerCore\MovieMakerCore.vcxproj]
C:\Users\mcmco\Desktop\WMMR\src\MovieMakerCore\StoryboardManager\MovieProject.h(394,40): warning C4251:         [ [C:\Users\mcmco\Desktop\WMMR\build\src\MovieMakerCore\MovieMakerCore.vcxproj]
C:\Users\mcmco\Desktop\WMMR\src\MovieMakerCore\StoryboardManager\MovieProject.h(394,40): warning C4251:             E=StoryboardManager::ProjectMediaItem [C:\Users\mcmco\Desktop\WMMR\build\src\MovieMakerCore\MovieMakerCore.vcxproj]
C:\Users\mcmco\Desktop\WMMR\src\MovieMakerCore\StoryboardManager\MovieProject.h(394,40): warning C4251:         ] [C:\Users\mcmco\Desktop\WMMR\build\src\MovieMakerCore\MovieMakerCore.vcxproj]
  (compiling source file '../../../src/MovieMakerCore/StoryboardManager/MovieExtent.cpp')
      C:\Program Files (x86)\Microsoft Visual Studio\2022\BuildTools\VC\Tools\MSVC\14.44.35207\atlmfc\include\atlcoll.h(530,7):
      see declaration of 'ATL::CAtlArray<StoryboardManager::ProjectMediaItem,ATL::CElementTraits<E>>'
          with
          [
              E=StoryboardManager::ProjectMediaItem
          ]
  
C:\Users\mcmco\Desktop\WMMR\src\MovieMakerCore\StoryboardManager\MovieExtent.h(152,25): warning C4251: 'StoryboardManager::MovieExtent::m_strTitleFontFamily': 'ATL::CStringT<wchar_t,ATL::StrTraitATL<wchar_t,ATL::ChTraitsCRT<wchar_t>>>' needs to have dll-interface to be used by clients of 'StoryboardManager::MovieExtent' [C:\Users\mcmco\Desktop\WMMR\build\src\MovieMakerCore\MovieMakerCore.vcxproj]
  (compiling source file '../../../src/MovieMakerCore/StoryboardManager/StoryboardManager.cpp')
      C:\Program Files (x86)\Microsoft Visual Studio\2022\BuildTools\VC\Tools\MSVC\14.44.35207\atlmfc\include\cstringt.h(999,7):
      see declaration of 'ATL::CStringT<wchar_t,ATL::StrTraitATL<wchar_t,ATL::ChTraitsCRT<wchar_t>>>'
  
C:\Users\mcmco\Desktop\WMMR\src\MovieMakerCore\StoryboardManager\MovieProject.h(404,32): warning C4251: 'StoryboardManager::MovieProject::m_arrUndoStack': 'ATL::CAtlArray<StoryboardManager::MovieProject::UndoEntry *,ATL::CElementTraits<E>>' needs to have dll-interface to be used by clients of 'StoryboardManager::MovieProject' [C:\Users\mcmco\Desktop\WMMR\build\src\MovieMakerCore\MovieMakerCore.vcxproj]
C:\Users\mcmco\Desktop\WMMR\src\MovieMakerCore\StoryboardManager\MovieProject.h(404,32): warning C4251:         with [C:\Users\mcmco\Desktop\WMMR\build\src\MovieMakerCore\MovieMakerCore.vcxproj]
C:\Users\mcmco\Desktop\WMMR\src\MovieMakerCore\StoryboardManager\MovieProject.h(404,32): warning C4251:         [ [C:\Users\mcmco\Desktop\WMMR\build\src\MovieMakerCore\MovieMakerCore.vcxproj]
C:\Users\mcmco\Desktop\WMMR\src\MovieMakerCore\StoryboardManager\MovieProject.h(404,32): warning C4251:             E=StoryboardManager::MovieProject::UndoEntry * [C:\Users\mcmco\Desktop\WMMR\build\src\MovieMakerCore\MovieMakerCore.vcxproj]
C:\Users\mcmco\Desktop\WMMR\src\MovieMakerCore\StoryboardManager\MovieProject.h(404,32): warning C4251:         ] [C:\Users\mcmco\Desktop\WMMR\build\src\MovieMakerCore\MovieMakerCore.vcxproj]
  (compiling source file '../../../src/MovieMakerCore/StoryboardManager/MovieExtent.cpp')
      C:\Program Files (x86)\Microsoft Visual Studio\2022\BuildTools\VC\Tools\MSVC\14.44.35207\atlmfc\include\atlcoll.h(530,7):
      see declaration of 'ATL::CAtlArray<StoryboardManager::MovieProject::UndoEntry *,ATL::CElementTraits<E>>'
          with
          [
              E=StoryboardManager::MovieProject::UndoEntry *
          ]
  
C:\Users\mcmco\Desktop\WMMR\src\MovieMakerCore\StoryboardManager\Extents.cpp(197,15): error C2248: 'ATL::CAtlArray<DWORD,ATL::CElementTraits<unsigned long>>::CAtlArray': cannot access private member declared in class 'ATL::CAtlArray<DWORD,ATL::CElementTraits<unsigned long>>' [C:\Users\mcmco\Desktop\WMMR\build\src\MovieMakerCore\MovieMakerCore.vcxproj]
      C:\Program Files (x86)\Microsoft Visual Studio\2022\BuildTools\VC\Tools\MSVC\14.44.35207\atlmfc\include\atlcoll.h(606,2):
      see declaration of 'ATL::CAtlArray<DWORD,ATL::CElementTraits<unsigned long>>::CAtlArray'
      C:\Program Files (x86)\Microsoft Visual Studio\2022\BuildTools\VC\Tools\MSVC\14.44.35207\atlmfc\include\atlcoll.h(530,7):
      see declaration of 'ATL::CAtlArray<DWORD,ATL::CElementTraits<unsigned long>>'
  
C:\Users\mcmco\Desktop\WMMR\src\MovieMakerCore\StoryboardManager\MovieExtent.h(151,25): warning C4251: 'StoryboardManager::MovieExtent::m_strTitleText': 'ATL::CStringT<wchar_t,ATL::StrTraitATL<wchar_t,ATL::ChTraitsCRT<wchar_t>>>' needs to have dll-interface to be used by clients of 'StoryboardManager::MovieExtent' [C:\Users\mcmco\Desktop\WMMR\build\src\MovieMakerCore\MovieMakerCore.vcxproj]
  (compiling source file '../../../src/MovieMakerCore/StoryboardManager/MovieExtent.cpp')
      C:\Program Files (x86)\Microsoft Visual Studio\2022\BuildTools\VC\Tools\MSVC\14.44.35207\atlmfc\include\cstringt.h(999,7):
      see declaration of 'ATL::CStringT<wchar_t,ATL::StrTraitATL<wchar_t,ATL::ChTraitsCRT<wchar_t>>>'
  
C:\Users\mcmco\Desktop\WMMR\src\MovieMakerCore\StoryboardManager\Extents.h(104,37): warning C4251: 'StoryboardManager::ExtentCollection::m_arrExtents': 'ATL::CAtlArray<StoryboardManager::MovieExtent *,ATL::CElementTraits<E>>' needs to have dll-interface to be used by clients of 'StoryboardManager::ExtentCollection' [C:\Users\mcmco\Desktop\WMMR\build\src\MovieMakerCore\MovieMakerCore.vcxproj]
C:\Users\mcmco\Desktop\WMMR\src\MovieMakerCore\StoryboardManager\Extents.h(104,37): warning C4251:         with [C:\Users\mcmco\Desktop\WMMR\build\src\MovieMakerCore\MovieMakerCore.vcxproj]
C:\Users\mcmco\Desktop\WMMR\src\MovieMakerCore\StoryboardManager\Extents.h(104,37): warning C4251:         [ [C:\Users\mcmco\Desktop\WMMR\build\src\MovieMakerCore\MovieMakerCore.vcxproj]
C:\Users\mcmco\Desktop\WMMR\src\MovieMakerCore\StoryboardManager\Extents.h(104,37): warning C4251:             E=StoryboardManager::MovieExtent * [C:\Users\mcmco\Desktop\WMMR\build\src\MovieMakerCore\MovieMakerCore.vcxproj]
C:\Users\mcmco\Desktop\WMMR\src\MovieMakerCore\StoryboardManager\Extents.h(104,37): warning C4251:         ] [C:\Users\mcmco\Desktop\WMMR\build\src\MovieMakerCore\MovieMakerCore.vcxproj]
  (compiling source file '../../../src/MovieMakerCore/StoryboardManager/StoryboardManager.cpp')
      C:\Program Files (x86)\Microsoft Visual Studio\2022\BuildTools\VC\Tools\MSVC\14.44.35207\atlmfc\include\atlcoll.h(530,7):
      see declaration of 'ATL::CAtlArray<StoryboardManager::MovieExtent *,ATL::CElementTraits<E>>'
          with
          [
              E=StoryboardManager::MovieExtent *
          ]
  
C:\Users\mcmco\Desktop\WMMR\src\MovieMakerCore\StoryboardManager\MovieExtent.h(152,25): warning C4251: 'StoryboardManager::MovieExtent::m_strTitleFontFamily': 'ATL::CStringT<wchar_t,ATL::StrTraitATL<wchar_t,ATL::ChTraitsCRT<wchar_t>>>' needs to have dll-interface to be used by clients of 'StoryboardManager::MovieExtent' [C:\Users\mcmco\Desktop\WMMR\build\src\MovieMakerCore\MovieMakerCore.vcxproj]
  (compiling source file '../../../src/MovieMakerCore/StoryboardManager/MovieExtent.cpp')
      C:\Program Files (x86)\Microsoft Visual Studio\2022\BuildTools\VC\Tools\MSVC\14.44.35207\atlmfc\include\cstringt.h(999,7):
      see declaration of 'ATL::CStringT<wchar_t,ATL::StrTraitATL<wchar_t,ATL::ChTraitsCRT<wchar_t>>>'
  
C:\Users\mcmco\Desktop\WMMR\src\MovieMakerCore\StoryboardManager\MovieExtent.cpp(37,7): error C2614: 'StoryboardManager::MovieExtent': illegal member initialization: 'm_hresult' is not a base or member [C:\Users\mcmco\Desktop\WMMR\build\src\MovieMakerCore\MovieMakerCore.vcxproj]
C:\Users\mcmco\Desktop\WMMR\src\MovieMakerCore\StoryboardManager\MovieExtent.cpp(60,7): error C2614: 'StoryboardManager::MovieExtent': illegal member initialization: 'm_hresult' is not a base or member [C:\Users\mcmco\Desktop\WMMR\build\src\MovieMakerCore\MovieMakerCore.vcxproj]
C:\Users\mcmco\Desktop\WMMR\src\MovieMakerCore\StoryboardManager\Extents.h(158,27): warning C4251: 'StoryboardManager::ExtentIdSet::m_arrIds': 'ATL::CAtlArray<DWORD,ATL::CElementTraits<unsigned long>>' needs to have dll-interface to be used by clients of 'StoryboardManager::ExtentIdSet' [C:\Users\mcmco\Desktop\WMMR\build\src\MovieMakerCore\MovieMakerCore.vcxproj]
  (compiling source file '../../../src/MovieMakerCore/StoryboardManager/StoryboardManager.cpp')
      C:\Program Files (x86)\Microsoft Visual Studio\2022\BuildTools\VC\Tools\MSVC\14.44.35207\atlmfc\include\atlcoll.h(530,7):
      see declaration of 'ATL::CAtlArray<DWORD,ATL::CElementTraits<unsigned long>>'
  
C:\Users\mcmco\Desktop\WMMR\src\MovieMakerCore\StoryboardManager\MovieExtent.cpp(243,12): error C2065: 'm_hresult': undeclared identifier [C:\Users\mcmco\Desktop\WMMR\build\src\MovieMakerCore\MovieMakerCore.vcxproj]
C:\Users\mcmco\Desktop\WMMR\src\MovieMakerCore\StoryboardManager\Templates.h(127,25): warning C4251: 'StoryboardManager::ThemeEffect::m_strX3dClipName': 'ATL::CStringT<wchar_t,ATL::StrTraitATL<wchar_t,ATL::ChTraitsCRT<wchar_t>>>' needs to have dll-interface to be used by clients of 'StoryboardManager::ThemeEffect' [C:\Users\mcmco\Desktop\WMMR\build\src\MovieMakerCore\MovieMakerCore.vcxproj]
  (compiling source file '../../../src/MovieMakerCore/StoryboardManager/StoryboardManager.cpp')
      C:\Program Files (x86)\Microsoft Visual Studio\2022\BuildTools\VC\Tools\MSVC\14.44.35207\atlmfc\include\cstringt.h(999,7):
      see declaration of 'ATL::CStringT<wchar_t,ATL::StrTraitATL<wchar_t,ATL::ChTraitsCRT<wchar_t>>>'
  
C:\Users\mcmco\Desktop\WMMR\src\MovieMakerCore\StoryboardManager\MovieExtent.cpp(248,5): error C2065: 'm_hresult': undeclared identifier [C:\Users\mcmco\Desktop\WMMR\build\src\MovieMakerCore\MovieMakerCore.vcxproj]
C:\Users\mcmco\Desktop\WMMR\src\MovieMakerCore\StoryboardManager\Templates.h(135,31): warning C4251: 'StoryboardManager::ThemeEffect::m_arrParameters': 'ATL::CAtlArray<StoryboardManager::ThemeEffect::Parameter,ATL::CElementTraits<E>>' needs to have dll-interface to be used by clients of 'StoryboardManager::ThemeEffect' [C:\Users\mcmco\Desktop\WMMR\build\src\MovieMakerCore\MovieMakerCore.vcxproj]
C:\Users\mcmco\Desktop\WMMR\src\MovieMakerCore\StoryboardManager\Templates.h(135,31): warning C4251:         with [C:\Users\mcmco\Desktop\WMMR\build\src\MovieMakerCore\MovieMakerCore.vcxproj]
C:\Users\mcmco\Desktop\WMMR\src\MovieMakerCore\StoryboardManager\Templates.h(135,31): warning C4251:         [ [C:\Users\mcmco\Desktop\WMMR\build\src\MovieMakerCore\MovieMakerCore.vcxproj]
C:\Users\mcmco\Desktop\WMMR\src\MovieMakerCore\StoryboardManager\Templates.h(135,31): warning C4251:             E=StoryboardManager::ThemeEffect::Parameter [C:\Users\mcmco\Desktop\WMMR\build\src\MovieMakerCore\MovieMakerCore.vcxproj]
C:\Users\mcmco\Desktop\WMMR\src\MovieMakerCore\StoryboardManager\Templates.h(135,31): warning C4251:         ] [C:\Users\mcmco\Desktop\WMMR\build\src\MovieMakerCore\MovieMakerCore.vcxproj]
  (compiling source file '../../../src/MovieMakerCore/StoryboardManager/StoryboardManager.cpp')
      C:\Program Files (x86)\Microsoft Visual Studio\2022\BuildTools\VC\Tools\MSVC\14.44.35207\atlmfc\include\atlcoll.h(530,7):
      see declaration of 'ATL::CAtlArray<StoryboardManager::ThemeEffect::Parameter,ATL::CElementTraits<E>>'
          with
          [
              E=StoryboardManager::ThemeEffect::Parameter
          ]
  
C:\Users\mcmco\Desktop\WMMR\src\MovieMakerCore\StoryboardManager\MovieExtent.cpp(386,13): error C2039: 'm_hresult': is not a member of 'StoryboardManager::MovieExtent' [C:\Users\mcmco\Desktop\WMMR\build\src\MovieMakerCore\MovieMakerCore.vcxproj]
      C:\Users\mcmco\Desktop\WMMR\src\MovieMakerCore\StoryboardManager\MovieExtent.h(36,22):
      see declaration of 'StoryboardManager::MovieExtent'
  
C:\Users\mcmco\Desktop\WMMR\src\MovieMakerCore\StoryboardManager\MovieExtent.cpp(386,25): error C2065: 'm_hresult': undeclared identifier [C:\Users\mcmco\Desktop\WMMR\build\src\MovieMakerCore\MovieMakerCore.vcxproj]
C:\Users\mcmco\Desktop\WMMR\src\MovieMakerCore\StoryboardManager\Templates.h(206,21): warning C4251: 'StoryboardManager::AutoMovieTheme::m_strName': 'ATL::CStringT<wchar_t,ATL::StrTraitATL<wchar_t,ATL::ChTraitsCRT<wchar_t>>>' needs to have dll-interface to be used by clients of 'StoryboardManager::AutoMovieTheme' [C:\Users\mcmco\Desktop\WMMR\build\src\MovieMakerCore\MovieMakerCore.vcxproj]
  (compiling source file '../../../src/MovieMakerCore/StoryboardManager/StoryboardManager.cpp')
      C:\Program Files (x86)\Microsoft Visual Studio\2022\BuildTools\VC\Tools\MSVC\14.44.35207\atlmfc\include\cstringt.h(999,7):
      see declaration of 'ATL::CStringT<wchar_t,ATL::StrTraitATL<wchar_t,ATL::ChTraitsCRT<wchar_t>>>'
  
C:\Users\mcmco\Desktop\WMMR\src\MovieMakerCore\StoryboardManager\Templates.h(207,21): warning C4251: 'StoryboardManager::AutoMovieTheme::m_strDisplayName': 'ATL::CStringT<wchar_t,ATL::StrTraitATL<wchar_t,ATL::ChTraitsCRT<wchar_t>>>' needs to have dll-interface to be used by clients of 'StoryboardManager::AutoMovieTheme' [C:\Users\mcmco\Desktop\WMMR\build\src\MovieMakerCore\MovieMakerCore.vcxproj]
  (compiling source file '../../../src/MovieMakerCore/StoryboardManager/StoryboardManager.cpp')
      C:\Program Files (x86)\Microsoft Visual Studio\2022\BuildTools\VC\Tools\MSVC\14.44.35207\atlmfc\include\cstringt.h(999,7):
      see declaration of 'ATL::CStringT<wchar_t,ATL::StrTraitATL<wchar_t,ATL::ChTraitsCRT<wchar_t>>>'
  
C:\Users\mcmco\Desktop\WMMR\src\MovieMakerCore\StoryboardManager\Templates.h(208,21): warning C4251: 'StoryboardManager::AutoMovieTheme::m_strDescription': 'ATL::CStringT<wchar_t,ATL::StrTraitATL<wchar_t,ATL::ChTraitsCRT<wchar_t>>>' needs to have dll-interface to be used by clients of 'StoryboardManager::AutoMovieTheme' [C:\Users\mcmco\Desktop\WMMR\build\src\MovieMakerCore\MovieMakerCore.vcxproj]
  (compiling source file '../../../src/MovieMakerCore/StoryboardManager/StoryboardManager.cpp')
      C:\Program Files (x86)\Microsoft Visual Studio\2022\BuildTools\VC\Tools\MSVC\14.44.35207\atlmfc\include\cstringt.h(999,7):
      see declaration of 'ATL::CStringT<wchar_t,ATL::StrTraitATL<wchar_t,ATL::ChTraitsCRT<wchar_t>>>'
  
C:\Users\mcmco\Desktop\WMMR\src\MovieMakerCore\StoryboardManager\Templates.h(209,21): warning C4251: 'StoryboardManager::AutoMovieTheme::m_strThumbnailPath': 'ATL::CStringT<wchar_t,ATL::StrTraitATL<wchar_t,ATL::ChTraitsCRT<wchar_t>>>' needs to have dll-interface to be used by clients of 'StoryboardManager::AutoMovieTheme' [C:\Users\mcmco\Desktop\WMMR\build\src\MovieMakerCore\MovieMakerCore.vcxproj]
  (compiling source file '../../../src/MovieMakerCore/StoryboardManager/StoryboardManager.cpp')
      C:\Program Files (x86)\Microsoft Visual Studio\2022\BuildTools\VC\Tools\MSVC\14.44.35207\atlmfc\include\cstringt.h(999,7):
      see declaration of 'ATL::CStringT<wchar_t,ATL::StrTraitATL<wchar_t,ATL::ChTraitsCRT<wchar_t>>>'
  
C:\Users\mcmco\Desktop\WMMR\src\MovieMakerCore\StoryboardManager\Templates.h(210,21): warning C4251: 'StoryboardManager::AutoMovieTheme::m_strCategory': 'ATL::CStringT<wchar_t,ATL::StrTraitATL<wchar_t,ATL::ChTraitsCRT<wchar_t>>>' needs to have dll-interface to be used by clients of 'StoryboardManager::AutoMovieTheme' [C:\Users\mcmco\Desktop\WMMR\build\src\MovieMakerCore\MovieMakerCore.vcxproj]
  (compiling source file '../../../src/MovieMakerCore/StoryboardManager/StoryboardManager.cpp')
      C:\Program Files (x86)\Microsoft Visual Studio\2022\BuildTools\VC\Tools\MSVC\14.44.35207\atlmfc\include\cstringt.h(999,7):
      see declaration of 'ATL::CStringT<wchar_t,ATL::StrTraitATL<wchar_t,ATL::ChTraitsCRT<wchar_t>>>'
  
C:\Users\mcmco\Desktop\WMMR\src\MovieMakerCore\SundanceApp\SundanceAppDataContext.cpp(325,28): error C2027: use of undefined type 'StoryboardManagerNamespace::MovieProject' [C:\Users\mcmco\Desktop\WMMR\build\src\MovieMakerCore\MovieMakerCore.vcxproj]
      C:\Users\mcmco\Desktop\WMMR\src\MovieMakerCore\SundanceApp\SundanceAppMain.h(41,11):
      see declaration of 'StoryboardManagerNamespace::MovieProject'
  
C:\Users\mcmco\Desktop\WMMR\src\MovieMakerCore\StoryboardManager\Templates.h(211,21): warning C4251: 'StoryboardManager::AutoMovieTheme::m_strTitleFontFamily': 'ATL::CStringT<wchar_t,ATL::StrTraitATL<wchar_t,ATL::ChTraitsCRT<wchar_t>>>' needs to have dll-interface to be used by clients of 'StoryboardManager::AutoMovieTheme' [C:\Users\mcmco\Desktop\WMMR\build\src\MovieMakerCore\MovieMakerCore.vcxproj]
  (compiling source file '../../../src/MovieMakerCore/StoryboardManager/StoryboardManager.cpp')
      C:\Program Files (x86)\Microsoft Visual Studio\2022\BuildTools\VC\Tools\MSVC\14.44.35207\atlmfc\include\cstringt.h(999,7):
      see declaration of 'ATL::CStringT<wchar_t,ATL::StrTraitATL<wchar_t,ATL::ChTraitsCRT<wchar_t>>>'
  
C:\Users\mcmco\Desktop\WMMR\src\MovieMakerCore\StoryboardManager\Templates.h(213,33): warning C4251: 'StoryboardManager::AutoMovieTheme::m_arrEffects': 'ATL::CAtlArray<StoryboardManager::ThemeEffect,ATL::CElementTraits<E>>' needs to have dll-interface to be used by clients of 'StoryboardManager::AutoMovieTheme' [C:\Users\mcmco\Desktop\WMMR\build\src\MovieMakerCore\MovieMakerCore.vcxproj]
C:\Users\mcmco\Desktop\WMMR\src\MovieMakerCore\StoryboardManager\Templates.h(213,33): warning C4251:         with [C:\Users\mcmco\Desktop\WMMR\build\src\MovieMakerCore\MovieMakerCore.vcxproj]
C:\Users\mcmco\Desktop\WMMR\src\MovieMakerCore\StoryboardManager\Templates.h(213,33): warning C4251:         [ [C:\Users\mcmco\Desktop\WMMR\build\src\MovieMakerCore\MovieMakerCore.vcxproj]
C:\Users\mcmco\Desktop\WMMR\src\MovieMakerCore\StoryboardManager\Templates.h(213,33): warning C4251:             E=StoryboardManager::ThemeEffect [C:\Users\mcmco\Desktop\WMMR\build\src\MovieMakerCore\MovieMakerCore.vcxproj]
C:\Users\mcmco\Desktop\WMMR\src\MovieMakerCore\StoryboardManager\Templates.h(213,33): warning C4251:         ] [C:\Users\mcmco\Desktop\WMMR\build\src\MovieMakerCore\MovieMakerCore.vcxproj]
  (compiling source file '../../../src/MovieMakerCore/StoryboardManager/StoryboardManager.cpp')
      C:\Program Files (x86)\Microsoft Visual Studio\2022\BuildTools\VC\Tools\MSVC\14.44.35207\atlmfc\include\atlcoll.h(530,7):
      see declaration of 'ATL::CAtlArray<StoryboardManager::ThemeEffect,ATL::CElementTraits<E>>'
          with
          [
              E=StoryboardManager::ThemeEffect
          ]
  
C:\Users\mcmco\Desktop\WMMR\src\MovieMakerCore\StoryboardManager\Templates.h(273,25): warning C4251: 'StoryboardManager::TemplateEntry::m_strName': 'ATL::CStringT<wchar_t,ATL::StrTraitATL<wchar_t,ATL::ChTraitsCRT<wchar_t>>>' needs to have dll-interface to be used by clients of 'StoryboardManager::TemplateEntry' [C:\Users\mcmco\Desktop\WMMR\build\src\MovieMakerCore\MovieMakerCore.vcxproj]
  (compiling source file '../../../src/MovieMakerCore/StoryboardManager/StoryboardManager.cpp')
      C:\Program Files (x86)\Microsoft Visual Studio\2022\BuildTools\VC\Tools\MSVC\14.44.35207\atlmfc\include\cstringt.h(999,7):
      see declaration of 'ATL::CStringT<wchar_t,ATL::StrTraitATL<wchar_t,ATL::ChTraitsCRT<wchar_t>>>'
  
C:\Users\mcmco\Desktop\WMMR\src\MovieMakerCore\StoryboardManager\Templates.h(274,25): warning C4251: 'StoryboardManager::TemplateEntry::m_strDisplayName': 'ATL::CStringT<wchar_t,ATL::StrTraitATL<wchar_t,ATL::ChTraitsCRT<wchar_t>>>' needs to have dll-interface to be used by clients of 'StoryboardManager::TemplateEntry' [C:\Users\mcmco\Desktop\WMMR\build\src\MovieMakerCore\MovieMakerCore.vcxproj]
  (compiling source file '../../../src/MovieMakerCore/StoryboardManager/StoryboardManager.cpp')
      C:\Program Files (x86)\Microsoft Visual Studio\2022\BuildTools\VC\Tools\MSVC\14.44.35207\atlmfc\include\cstringt.h(999,7):
      see declaration of 'ATL::CStringT<wchar_t,ATL::StrTraitATL<wchar_t,ATL::ChTraitsCRT<wchar_t>>>'
  
C:\Users\mcmco\Desktop\WMMR\src\MovieMakerCore\StoryboardManager\Templates.h(275,25): warning C4251: 'StoryboardManager::TemplateEntry::m_strDescription': 'ATL::CStringT<wchar_t,ATL::StrTraitATL<wchar_t,ATL::ChTraitsCRT<wchar_t>>>' needs to have dll-interface to be used by clients of 'StoryboardManager::TemplateEntry' [C:\Users\mcmco\Desktop\WMMR\build\src\MovieMakerCore\MovieMakerCore.vcxproj]
  (compiling source file '../../../src/MovieMakerCore/StoryboardManager/StoryboardManager.cpp')
      C:\Program Files (x86)\Microsoft Visual Studio\2022\BuildTools\VC\Tools\MSVC\14.44.35207\atlmfc\include\cstringt.h(999,7):
      see declaration of 'ATL::CStringT<wchar_t,ATL::StrTraitATL<wchar_t,ATL::ChTraitsCRT<wchar_t>>>'
  
C:\Users\mcmco\Desktop\WMMR\src\WLXPhotoBase\BaseTypes.h(536,18): warning C4251: 'Base::File::m_strPath': 'ATL::CStringT<wchar_t,ATL::StrTraitATL<wchar_t,ATL::ChTraitsCRT<wchar_t>>>' needs to have dll-interface to be used by clients of 'Base::File' [C:\Users\mcmco\Desktop\WMMR\build\src\MovieMakerCore\MovieMakerCore.vcxproj]
  (compiling source file '../../../src/MovieMakerCore/SundanceApp/AutoSaveManager.cpp')
      C:\Program Files (x86)\Microsoft Visual Studio\2022\BuildTools\VC\Tools\MSVC\14.44.35207\atlmfc\include\cstringt.h(999,7):
      see declaration of 'ATL::CStringT<wchar_t,ATL::StrTraitATL<wchar_t,ATL::ChTraitsCRT<wchar_t>>>'
  
C:\Users\mcmco\Desktop\WMMR\src\MovieMakerCore\StoryboardManager\Templates.h(276,25): warning C4251: 'StoryboardManager::TemplateEntry::m_strThumbnailPath': 'ATL::CStringT<wchar_t,ATL::StrTraitATL<wchar_t,ATL::ChTraitsCRT<wchar_t>>>' needs to have dll-interface to be used by clients of 'StoryboardManager::TemplateEntry' [C:\Users\mcmco\Desktop\WMMR\build\src\MovieMakerCore\MovieMakerCore.vcxproj]
  (compiling source file '../../../src/MovieMakerCore/StoryboardManager/StoryboardManager.cpp')
      C:\Program Files (x86)\Microsoft Visual Studio\2022\BuildTools\VC\Tools\MSVC\14.44.35207\atlmfc\include\cstringt.h(999,7):
      see declaration of 'ATL::CStringT<wchar_t,ATL::StrTraitATL<wchar_t,ATL::ChTraitsCRT<wchar_t>>>'
  
C:\Users\mcmco\Desktop\WMMR\src\WLXPhotoBase\BaseTypes.h(568,18): warning C4251: 'Base::TempFile::m_strPath': 'ATL::CStringT<wchar_t,ATL::StrTraitATL<wchar_t,ATL::ChTraitsCRT<wchar_t>>>' needs to have dll-interface to be used by clients of 'Base::TempFile' [C:\Users\mcmco\Desktop\WMMR\build\src\MovieMakerCore\MovieMakerCore.vcxproj]
  (compiling source file '../../../src/MovieMakerCore/SundanceApp/AutoSaveManager.cpp')
      C:\Program Files (x86)\Microsoft Visual Studio\2022\BuildTools\VC\Tools\MSVC\14.44.35207\atlmfc\include\cstringt.h(999,7):
      see declaration of 'ATL::CStringT<wchar_t,ATL::StrTraitATL<wchar_t,ATL::ChTraitsCRT<wchar_t>>>'
  
C:\Users\mcmco\Desktop\WMMR\src\WLXPhotoBase\BaseTypes.h(661,21): warning C4251: 'Base::FindFile::m_strDirectory': 'ATL::CStringT<wchar_t,ATL::StrTraitATL<wchar_t,ATL::ChTraitsCRT<wchar_t>>>' needs to have dll-interface to be used by clients of 'Base::FindFile' [C:\Users\mcmco\Desktop\WMMR\build\src\MovieMakerCore\MovieMakerCore.vcxproj]
  (compiling source file '../../../src/MovieMakerCore/SundanceApp/AutoSaveManager.cpp')
      C:\Program Files (x86)\Microsoft Visual Studio\2022\BuildTools\VC\Tools\MSVC\14.44.35207\atlmfc\include\cstringt.h(999,7):
      see declaration of 'ATL::CStringT<wchar_t,ATL::StrTraitATL<wchar_t,ATL::ChTraitsCRT<wchar_t>>>'
  
C:\Users\mcmco\Desktop\WMMR\src\MovieMakerCore\StoryboardManager\Templates.h(343,37): warning C4251: 'StoryboardManager::TemplateTable::m_arrTemplates': 'ATL::CAtlArray<StoryboardManager::TemplateEntry *,ATL::CElementTraits<E>>' needs to have dll-interface to be used by clients of 'StoryboardManager::TemplateTable' [C:\Users\mcmco\Desktop\WMMR\build\src\MovieMakerCore\MovieMakerCore.vcxproj]
C:\Users\mcmco\Desktop\WMMR\src\MovieMakerCore\StoryboardManager\Templates.h(343,37): warning C4251:         with [C:\Users\mcmco\Desktop\WMMR\build\src\MovieMakerCore\MovieMakerCore.vcxproj]
C:\Users\mcmco\Desktop\WMMR\src\MovieMakerCore\StoryboardManager\Templates.h(343,37): warning C4251:         [ [C:\Users\mcmco\Desktop\WMMR\build\src\MovieMakerCore\MovieMakerCore.vcxproj]
C:\Users\mcmco\Desktop\WMMR\src\MovieMakerCore\StoryboardManager\Templates.h(343,37): warning C4251:             E=StoryboardManager::TemplateEntry * [C:\Users\mcmco\Desktop\WMMR\build\src\MovieMakerCore\MovieMakerCore.vcxproj]
C:\Users\mcmco\Desktop\WMMR\src\MovieMakerCore\StoryboardManager\Templates.h(343,37): warning C4251:         ] [C:\Users\mcmco\Desktop\WMMR\build\src\MovieMakerCore\MovieMakerCore.vcxproj]
  (compiling source file '../../../src/MovieMakerCore/StoryboardManager/StoryboardManager.cpp')
      C:\Program Files (x86)\Microsoft Visual Studio\2022\BuildTools\VC\Tools\MSVC\14.44.35207\atlmfc\include\atlcoll.h(530,7):
      see declaration of 'ATL::CAtlArray<StoryboardManager::TemplateEntry *,ATL::CElementTraits<E>>'
          with
          [
              E=StoryboardManager::TemplateEntry *
          ]
  
C:\Users\mcmco\Desktop\WMMR\src\WLXPhotoBase\BaseTypes.h(724,25): warning C4251: 'Base::IntSet::m_values': 'ATL::CAtlArray<int,ATL::CElementTraits<int>>' needs to have dll-interface to be used by clients of 'Base::IntSet' [C:\Users\mcmco\Desktop\WMMR\build\src\MovieMakerCore\MovieMakerCore.vcxproj]
  (compiling source file '../../../src/MovieMakerCore/SundanceApp/AutoSaveManager.cpp')
      C:\Program Files (x86)\Microsoft Visual Studio\2022\BuildTools\VC\Tools\MSVC\14.44.35207\atlmfc\include\atlcoll.h(530,7):
      see declaration of 'ATL::CAtlArray<int,ATL::CElementTraits<int>>'
  
C:\Users\mcmco\Desktop\WMMR\src\WLXPhotoBase\BaseTypes.h(536,18): warning C4251: 'Base::File::m_strPath': 'ATL::CStringT<wchar_t,ATL::StrTraitATL<wchar_t,ATL::ChTraitsCRT<wchar_t>>>' needs to have dll-interface to be used by clients of 'Base::File' [C:\Users\mcmco\Desktop\WMMR\build\src\MovieMakerCore\MovieMakerCore.vcxproj]
  (compiling source file '../../../src/MovieMakerCore/StoryboardManager/MovieProject.cpp')
      C:\Program Files (x86)\Microsoft Visual Studio\2022\BuildTools\VC\Tools\MSVC\14.44.35207\atlmfc\include\cstringt.h(999,7):
      see declaration of 'ATL::CStringT<wchar_t,ATL::StrTraitATL<wchar_t,ATL::ChTraitsCRT<wchar_t>>>'
  
C:\Users\mcmco\Desktop\WMMR\src\WLXPhotoBase\BaseTypes.h(568,18): warning C4251: 'Base::TempFile::m_strPath': 'ATL::CStringT<wchar_t,ATL::StrTraitATL<wchar_t,ATL::ChTraitsCRT<wchar_t>>>' needs to have dll-interface to be used by clients of 'Base::TempFile' [C:\Users\mcmco\Desktop\WMMR\build\src\MovieMakerCore\MovieMakerCore.vcxproj]
  (compiling source file '../../../src/MovieMakerCore/StoryboardManager/MovieProject.cpp')
      C:\Program Files (x86)\Microsoft Visual Studio\2022\BuildTools\VC\Tools\MSVC\14.44.35207\atlmfc\include\cstringt.h(999,7):
      see declaration of 'ATL::CStringT<wchar_t,ATL::StrTraitATL<wchar_t,ATL::ChTraitsCRT<wchar_t>>>'
  
C:\Users\mcmco\Desktop\WMMR\src\MovieMakerCore\StoryboardManager\Templates.h(344,37): warning C4251: 'StoryboardManager::TemplateTable::m_arrThemes': 'ATL::CAtlArray<StoryboardManager::AutoMovieTheme *,ATL::CElementTraits<E>>' needs to have dll-interface to be used by clients of 'StoryboardManager::TemplateTable' [C:\Users\mcmco\Desktop\WMMR\build\src\MovieMakerCore\MovieMakerCore.vcxproj]
C:\Users\mcmco\Desktop\WMMR\src\MovieMakerCore\StoryboardManager\Templates.h(344,37): warning C4251:         with [C:\Users\mcmco\Desktop\WMMR\build\src\MovieMakerCore\MovieMakerCore.vcxproj]
C:\Users\mcmco\Desktop\WMMR\src\MovieMakerCore\StoryboardManager\Templates.h(344,37): warning C4251:         [ [C:\Users\mcmco\Desktop\WMMR\build\src\MovieMakerCore\MovieMakerCore.vcxproj]
C:\Users\mcmco\Desktop\WMMR\src\MovieMakerCore\StoryboardManager\Templates.h(344,37): warning C4251:             E=StoryboardManager::AutoMovieTheme * [C:\Users\mcmco\Desktop\WMMR\build\src\MovieMakerCore\MovieMakerCore.vcxproj]
C:\Users\mcmco\Desktop\WMMR\src\MovieMakerCore\StoryboardManager\Templates.h(344,37): warning C4251:         ] [C:\Users\mcmco\Desktop\WMMR\build\src\MovieMakerCore\MovieMakerCore.vcxproj]
  (compiling source file '../../../src/MovieMakerCore/StoryboardManager/StoryboardManager.cpp')
      C:\Program Files (x86)\Microsoft Visual Studio\2022\BuildTools\VC\Tools\MSVC\14.44.35207\atlmfc\include\atlcoll.h(530,7):
      see declaration of 'ATL::CAtlArray<StoryboardManager::AutoMovieTheme *,ATL::CElementTraits<E>>'
          with
          [
              E=StoryboardManager::AutoMovieTheme *
          ]
  
C:\Users\mcmco\Desktop\WMMR\src\WLXPhotoBase\BaseTypes.h(661,21): warning C4251: 'Base::FindFile::m_strDirectory': 'ATL::CStringT<wchar_t,ATL::StrTraitATL<wchar_t,ATL::ChTraitsCRT<wchar_t>>>' needs to have dll-interface to be used by clients of 'Base::FindFile' [C:\Users\mcmco\Desktop\WMMR\build\src\MovieMakerCore\MovieMakerCore.vcxproj]
  (compiling source file '../../../src/MovieMakerCore/StoryboardManager/MovieProject.cpp')
      C:\Program Files (x86)\Microsoft Visual Studio\2022\BuildTools\VC\Tools\MSVC\14.44.35207\atlmfc\include\cstringt.h(999,7):
      see declaration of 'ATL::CStringT<wchar_t,ATL::StrTraitATL<wchar_t,ATL::ChTraitsCRT<wchar_t>>>'
  
C:\Users\mcmco\Desktop\WMMR\src\MovieMakerCore\StoryboardManager\MovieProject.h(119,18): warning C4251: 'StoryboardManager::ProjectMediaItem::m_strSourcePath': 'ATL::CStringT<wchar_t,ATL::StrTraitATL<wchar_t,ATL::ChTraitsCRT<wchar_t>>>' needs to have dll-interface to be used by clients of 'StoryboardManager::ProjectMediaItem' [C:\Users\mcmco\Desktop\WMMR\build\src\MovieMakerCore\MovieMakerCore.vcxproj]
  (compiling source file '../../../src/MovieMakerCore/StoryboardManager/StoryboardManager.cpp')
      C:\Program Files (x86)\Microsoft Visual Studio\2022\BuildTools\VC\Tools\MSVC\14.44.35207\atlmfc\include\cstringt.h(999,7):
      see declaration of 'ATL::CStringT<wchar_t,ATL::StrTraitATL<wchar_t,ATL::ChTraitsCRT<wchar_t>>>'
  
C:\Users\mcmco\Desktop\WMMR\src\MovieMakerCore\StoryboardManager\MovieProject.h(120,18): warning C4251: 'StoryboardManager::ProjectMediaItem::m_strThumbnailPath': 'ATL::CStringT<wchar_t,ATL::StrTraitATL<wchar_t,ATL::ChTraitsCRT<wchar_t>>>' needs to have dll-interface to be used by clients of 'StoryboardManager::ProjectMediaItem' [C:\Users\mcmco\Desktop\WMMR\build\src\MovieMakerCore\MovieMakerCore.vcxproj]
  (compiling source file '../../../src/MovieMakerCore/StoryboardManager/StoryboardManager.cpp')
      C:\Program Files (x86)\Microsoft Visual Studio\2022\BuildTools\VC\Tools\MSVC\14.44.35207\atlmfc\include\cstringt.h(999,7):
      see declaration of 'ATL::CStringT<wchar_t,ATL::StrTraitATL<wchar_t,ATL::ChTraitsCRT<wchar_t>>>'
  
C:\Users\mcmco\Desktop\WMMR\src\WLXPhotoBase\BaseTypes.h(724,25): warning C4251: 'Base::IntSet::m_values': 'ATL::CAtlArray<int,ATL::CElementTraits<int>>' needs to have dll-interface to be used by clients of 'Base::IntSet' [C:\Users\mcmco\Desktop\WMMR\build\src\MovieMakerCore\MovieMakerCore.vcxproj]
  (compiling source file '../../../src/MovieMakerCore/StoryboardManager/MovieProject.cpp')
      C:\Program Files (x86)\Microsoft Visual Studio\2022\BuildTools\VC\Tools\MSVC\14.44.35207\atlmfc\include\atlcoll.h(530,7):
      see declaration of 'ATL::CAtlArray<int,ATL::CElementTraits<int>>'
  
C:\Users\mcmco\Desktop\WMMR\src\MovieMakerCore\StoryboardManager\MovieProject.h(127,18): warning C4251: 'StoryboardManager::ProjectMediaItem::m_strTags': 'ATL::CStringT<wchar_t,ATL::StrTraitATL<wchar_t,ATL::ChTraitsCRT<wchar_t>>>' needs to have dll-interface to be used by clients of 'StoryboardManager::ProjectMediaItem' [C:\Users\mcmco\Desktop\WMMR\build\src\MovieMakerCore\MovieMakerCore.vcxproj]
  (compiling source file '../../../src/MovieMakerCore/StoryboardManager/StoryboardManager.cpp')
      C:\Program Files (x86)\Microsoft Visual Studio\2022\BuildTools\VC\Tools\MSVC\14.44.35207\atlmfc\include\cstringt.h(999,7):
      see declaration of 'ATL::CStringT<wchar_t,ATL::StrTraitATL<wchar_t,ATL::ChTraitsCRT<wchar_t>>>'
  
C:\Users\mcmco\Desktop\WMMR\src\MovieMakerCore\StoryboardManager\MovieProject.h(130,18): warning C4251: 'StoryboardManager::ProjectMediaItem::m_strVideoCodec': 'ATL::CStringT<wchar_t,ATL::StrTraitATL<wchar_t,ATL::ChTraitsCRT<wchar_t>>>' needs to have dll-interface to be used by clients of 'StoryboardManager::ProjectMediaItem' [C:\Users\mcmco\Desktop\WMMR\build\src\MovieMakerCore\MovieMakerCore.vcxproj]
  (compiling source file '../../../src/MovieMakerCore/StoryboardManager/StoryboardManager.cpp')
      C:\Program Files (x86)\Microsoft Visual Studio\2022\BuildTools\VC\Tools\MSVC\14.44.35207\atlmfc\include\cstringt.h(999,7):
      see declaration of 'ATL::CStringT<wchar_t,ATL::StrTraitATL<wchar_t,ATL::ChTraitsCRT<wchar_t>>>'
  
C:\Users\mcmco\Desktop\WMMR\src\MovieMakerCore\StoryboardManager\MovieProject.h(131,18): warning C4251: 'StoryboardManager::ProjectMediaItem::m_strAudioCodec': 'ATL::CStringT<wchar_t,ATL::StrTraitATL<wchar_t,ATL::ChTraitsCRT<wchar_t>>>' needs to have dll-interface to be used by clients of 'StoryboardManager::ProjectMediaItem' [C:\Users\mcmco\Desktop\WMMR\build\src\MovieMakerCore\MovieMakerCore.vcxproj]
  (compiling source file '../../../src/MovieMakerCore/StoryboardManager/StoryboardManager.cpp')
      C:\Program Files (x86)\Microsoft Visual Studio\2022\BuildTools\VC\Tools\MSVC\14.44.35207\atlmfc\include\cstringt.h(999,7):
      see declaration of 'ATL::CStringT<wchar_t,ATL::StrTraitATL<wchar_t,ATL::ChTraitsCRT<wchar_t>>>'
  
C:\Users\mcmco\Desktop\WMMR\src\MovieMakerCore\SundanceApp\ClipboardManager.h(84,21): error C2653: 'StoryboardManager': is not a class or namespace name [C:\Users\mcmco\Desktop\WMMR\build\src\MovieMakerCore\MovieMakerCore.vcxproj]
  (compiling source file '../../../src/MovieMakerCore/SundanceApp/SundanceAppMain.cpp')
  
C:\Users\mcmco\Desktop\WMMR\src\MovieMakerCore\SundanceApp\ClipboardManager.h(84,15): error C2614: 'ClipboardManager::ClipboardEntry': illegal member initialization: 'track' is not a base or member [C:\Users\mcmco\Desktop\WMMR\build\src\MovieMakerCore\MovieMakerCore.vcxproj]
  (compiling source file '../../../src/MovieMakerCore/SundanceApp/SundanceAppMain.cpp')
  
C:\Users\mcmco\Desktop\WMMR\src\MovieMakerCore\StoryboardManager\MovieProject.h(176,29): warning C4251: 'StoryboardManager::ProjectTimeline::m_arrExtentIds': 'ATL::CAtlArray<DWORD,ATL::CElementTraits<unsigned long>>' needs to have dll-interface to be used by clients of 'StoryboardManager::ProjectTimeline' [C:\Users\mcmco\Desktop\WMMR\build\src\MovieMakerCore\MovieMakerCore.vcxproj]
  (compiling source file '../../../src/MovieMakerCore/StoryboardManager/StoryboardManager.cpp')
      C:\Program Files (x86)\Microsoft Visual Studio\2022\BuildTools\VC\Tools\MSVC\14.44.35207\atlmfc\include\atlcoll.h(530,7):
      see declaration of 'ATL::CAtlArray<DWORD,ATL::CElementTraits<unsigned long>>'
  
C:\Users\mcmco\Desktop\WMMR\src\MovieMakerCore\StoryboardManager\MovieProject.h(248,18): warning C4251: 'StoryboardManager::MovieProjectSettings::m_strProjectName': 'ATL::CStringT<wchar_t,ATL::StrTraitATL<wchar_t,ATL::ChTraitsCRT<wchar_t>>>' needs to have dll-interface to be used by clients of 'StoryboardManager::MovieProjectSettings' [C:\Users\mcmco\Desktop\WMMR\build\src\MovieMakerCore\MovieMakerCore.vcxproj]
  (compiling source file '../../../src/MovieMakerCore/StoryboardManager/StoryboardManager.cpp')
      C:\Program Files (x86)\Microsoft Visual Studio\2022\BuildTools\VC\Tools\MSVC\14.44.35207\atlmfc\include\cstringt.h(999,7):
      see declaration of 'ATL::CStringT<wchar_t,ATL::StrTraitATL<wchar_t,ATL::ChTraitsCRT<wchar_t>>>'
  
C:\Users\mcmco\Desktop\WMMR\src\MovieMakerCore\StoryboardManager\StoryboardManagerExceptions.h(56,18): warning C4251: 'StoryboardManager::StoryboardManagerException::m_strMessage': 'ATL::CStringT<wchar_t,ATL::StrTraitATL<wchar_t,ATL::ChTraitsCRT<wchar_t>>>' needs to have dll-interface to be used by clients of 'StoryboardManager::StoryboardManagerException' [C:\Users\mcmco\Desktop\WMMR\build\src\MovieMakerCore\MovieMakerCore.vcxproj]
  (compiling source file '../../../src/MovieMakerCore/StoryboardManager/MovieProject.cpp')
      C:\Program Files (x86)\Microsoft Visual Studio\2022\BuildTools\VC\Tools\MSVC\14.44.35207\atlmfc\include\cstringt.h(999,7):
      see declaration of 'ATL::CStringT<wchar_t,ATL::StrTraitATL<wchar_t,ATL::ChTraitsCRT<wchar_t>>>'
  
C:\Users\mcmco\Desktop\WMMR\src\MovieMakerCore\StoryboardManager\MovieProject.h(249,18): warning C4251: 'StoryboardManager::MovieProjectSettings::m_strAuthor': 'ATL::CStringT<wchar_t,ATL::StrTraitATL<wchar_t,ATL::ChTraitsCRT<wchar_t>>>' needs to have dll-interface to be used by clients of 'StoryboardManager::MovieProjectSettings' [C:\Users\mcmco\Desktop\WMMR\build\src\MovieMakerCore\MovieMakerCore.vcxproj]
  (compiling source file '../../../src/MovieMakerCore/StoryboardManager/StoryboardManager.cpp')
      C:\Program Files (x86)\Microsoft Visual Studio\2022\BuildTools\VC\Tools\MSVC\14.44.35207\atlmfc\include\cstringt.h(999,7):
      see declaration of 'ATL::CStringT<wchar_t,ATL::StrTraitATL<wchar_t,ATL::ChTraitsCRT<wchar_t>>>'
  
C:\Users\mcmco\Desktop\WMMR\src\MovieMakerCore\StoryboardManager\StoryboardManagerExceptions.h(86,18): warning C4251: 'StoryboardManager::TemplateInitializationException::m_strTemplateName': 'ATL::CStringT<wchar_t,ATL::StrTraitATL<wchar_t,ATL::ChTraitsCRT<wchar_t>>>' needs to have dll-interface to be used by clients of 'StoryboardManager::TemplateInitializationException' [C:\Users\mcmco\Desktop\WMMR\build\src\MovieMakerCore\MovieMakerCore.vcxproj]
  (compiling source file '../../../src/MovieMakerCore/StoryboardManager/MovieProject.cpp')
      C:\Program Files (x86)\Microsoft Visual Studio\2022\BuildTools\VC\Tools\MSVC\14.44.35207\atlmfc\include\cstringt.h(999,7):
      see declaration of 'ATL::CStringT<wchar_t,ATL::StrTraitATL<wchar_t,ATL::ChTraitsCRT<wchar_t>>>'
  
C:\Users\mcmco\Desktop\WMMR\src\MovieMakerCore\StoryboardManager\MovieProject.h(390,25): warning C4251: 'StoryboardManager::MovieProject::m_strProjectPath': 'ATL::CStringT<wchar_t,ATL::StrTraitATL<wchar_t,ATL::ChTraitsCRT<wchar_t>>>' needs to have dll-interface to be used by clients of 'StoryboardManager::MovieProject' [C:\Users\mcmco\Desktop\WMMR\build\src\MovieMakerCore\MovieMakerCore.vcxproj]
  (compiling source file '../../../src/MovieMakerCore/StoryboardManager/StoryboardManager.cpp')
      C:\Program Files (x86)\Microsoft Visual Studio\2022\BuildTools\VC\Tools\MSVC\14.44.35207\atlmfc\include\cstringt.h(999,7):
      see declaration of 'ATL::CStringT<wchar_t,ATL::StrTraitATL<wchar_t,ATL::ChTraitsCRT<wchar_t>>>'
  
C:\Users\mcmco\Desktop\WMMR\src\MovieMakerCore\StoryboardManager\StoryboardManagerExceptions.h(119,18): warning C4251: 'StoryboardManager::ScriptInitializationException::m_strScriptPath': 'ATL::CStringT<wchar_t,ATL::StrTraitATL<wchar_t,ATL::ChTraitsCRT<wchar_t>>>' needs to have dll-interface to be used by clients of 'StoryboardManager::ScriptInitializationException' [C:\Users\mcmco\Desktop\WMMR\build\src\MovieMakerCore\MovieMakerCore.vcxproj]
  (compiling source file '../../../src/MovieMakerCore/StoryboardManager/MovieProject.cpp')
      C:\Program Files (x86)\Microsoft Visual Studio\2022\BuildTools\VC\Tools\MSVC\14.44.35207\atlmfc\include\cstringt.h(999,7):
      see declaration of 'ATL::CStringT<wchar_t,ATL::StrTraitATL<wchar_t,ATL::ChTraitsCRT<wchar_t>>>'
  
C:\Users\mcmco\Desktop\WMMR\src\MovieMakerCore\StoryboardManager\StoryboardManagerExceptions.h(120,18): warning C4251: 'StoryboardManager::ScriptInitializationException::m_strScriptEngineId': 'ATL::CStringT<wchar_t,ATL::StrTraitATL<wchar_t,ATL::ChTraitsCRT<wchar_t>>>' needs to have dll-interface to be used by clients of 'StoryboardManager::ScriptInitializationException' [C:\Users\mcmco\Desktop\WMMR\build\src\MovieMakerCore\MovieMakerCore.vcxproj]
  (compiling source file '../../../src/MovieMakerCore/StoryboardManager/MovieProject.cpp')
      C:\Program Files (x86)\Microsoft Visual Studio\2022\BuildTools\VC\Tools\MSVC\14.44.35207\atlmfc\include\cstringt.h(999,7):
      see declaration of 'ATL::CStringT<wchar_t,ATL::StrTraitATL<wchar_t,ATL::ChTraitsCRT<wchar_t>>>'
  
C:\Users\mcmco\Desktop\WMMR\src\MovieMakerCore\StoryboardManager\StoryboardManagerExceptions.h(156,18): warning C4251: 'StoryboardManager::EncodeInitializationException::m_strOutputFormat': 'ATL::CStringT<wchar_t,ATL::StrTraitATL<wchar_t,ATL::ChTraitsCRT<wchar_t>>>' needs to have dll-interface to be used by clients of 'StoryboardManager::EncodeInitializationException' [C:\Users\mcmco\Desktop\WMMR\build\src\MovieMakerCore\MovieMakerCore.vcxproj]
  (compiling source file '../../../src/MovieMakerCore/StoryboardManager/MovieProject.cpp')
      C:\Program Files (x86)\Microsoft Visual Studio\2022\BuildTools\VC\Tools\MSVC\14.44.35207\atlmfc\include\cstringt.h(999,7):
      see declaration of 'ATL::CStringT<wchar_t,ATL::StrTraitATL<wchar_t,ATL::ChTraitsCRT<wchar_t>>>'
  
C:\Users\mcmco\Desktop\WMMR\src\MovieMakerCore\StoryboardManager\MovieProject.h(394,40): warning C4251: 'StoryboardManager::MovieProject::m_arrMediaItems': 'ATL::CAtlArray<StoryboardManager::ProjectMediaItem,ATL::CElementTraits<E>>' needs to have dll-interface to be used by clients of 'StoryboardManager::MovieProject' [C:\Users\mcmco\Desktop\WMMR\build\src\MovieMakerCore\MovieMakerCore.vcxproj]
C:\Users\mcmco\Desktop\WMMR\src\MovieMakerCore\StoryboardManager\MovieProject.h(394,40): warning C4251:         with [C:\Users\mcmco\Desktop\WMMR\build\src\MovieMakerCore\MovieMakerCore.vcxproj]
C:\Users\mcmco\Desktop\WMMR\src\MovieMakerCore\StoryboardManager\MovieProject.h(394,40): warning C4251:         [ [C:\Users\mcmco\Desktop\WMMR\build\src\MovieMakerCore\MovieMakerCore.vcxproj]
C:\Users\mcmco\Desktop\WMMR\src\MovieMakerCore\StoryboardManager\MovieProject.h(394,40): warning C4251:             E=StoryboardManager::ProjectMediaItem [C:\Users\mcmco\Desktop\WMMR\build\src\MovieMakerCore\MovieMakerCore.vcxproj]
C:\Users\mcmco\Desktop\WMMR\src\MovieMakerCore\StoryboardManager\MovieProject.h(394,40): warning C4251:         ] [C:\Users\mcmco\Desktop\WMMR\build\src\MovieMakerCore\MovieMakerCore.vcxproj]
  (compiling source file '../../../src/MovieMakerCore/StoryboardManager/StoryboardManager.cpp')
      C:\Program Files (x86)\Microsoft Visual Studio\2022\BuildTools\VC\Tools\MSVC\14.44.35207\atlmfc\include\atlcoll.h(530,7):
      see declaration of 'ATL::CAtlArray<StoryboardManager::ProjectMediaItem,ATL::CElementTraits<E>>'
          with
          [
              E=StoryboardManager::ProjectMediaItem
          ]
  
C:\Users\mcmco\Desktop\WMMR\src\MovieMakerCore\StoryboardManager\StoryboardManagerExceptions.h(157,18): warning C4251: 'StoryboardManager::EncodeInitializationException::m_strCodecName': 'ATL::CStringT<wchar_t,ATL::StrTraitATL<wchar_t,ATL::ChTraitsCRT<wchar_t>>>' needs to have dll-interface to be used by clients of 'StoryboardManager::EncodeInitializationException' [C:\Users\mcmco\Desktop\WMMR\build\src\MovieMakerCore\MovieMakerCore.vcxproj]
  (compiling source file '../../../src/MovieMakerCore/StoryboardManager/MovieProject.cpp')
      C:\Program Files (x86)\Microsoft Visual Studio\2022\BuildTools\VC\Tools\MSVC\14.44.35207\atlmfc\include\cstringt.h(999,7):
      see declaration of 'ATL::CStringT<wchar_t,ATL::StrTraitATL<wchar_t,ATL::ChTraitsCRT<wchar_t>>>'
  
C:\Users\mcmco\Desktop\WMMR\src\MovieMakerCore\StoryboardManager\MovieProject.h(404,32): warning C4251: 'StoryboardManager::MovieProject::m_arrUndoStack': 'ATL::CAtlArray<StoryboardManager::MovieProject::UndoEntry *,ATL::CElementTraits<E>>' needs to have dll-interface to be used by clients of 'StoryboardManager::MovieProject' [C:\Users\mcmco\Desktop\WMMR\build\src\MovieMakerCore\MovieMakerCore.vcxproj]
C:\Users\mcmco\Desktop\WMMR\src\MovieMakerCore\StoryboardManager\MovieProject.h(404,32): warning C4251:         with [C:\Users\mcmco\Desktop\WMMR\build\src\MovieMakerCore\MovieMakerCore.vcxproj]
C:\Users\mcmco\Desktop\WMMR\src\MovieMakerCore\StoryboardManager\MovieProject.h(404,32): warning C4251:         [ [C:\Users\mcmco\Desktop\WMMR\build\src\MovieMakerCore\MovieMakerCore.vcxproj]
C:\Users\mcmco\Desktop\WMMR\src\MovieMakerCore\StoryboardManager\MovieProject.h(404,32): warning C4251:             E=StoryboardManager::MovieProject::UndoEntry * [C:\Users\mcmco\Desktop\WMMR\build\src\MovieMakerCore\MovieMakerCore.vcxproj]
C:\Users\mcmco\Desktop\WMMR\src\MovieMakerCore\StoryboardManager\MovieProject.h(404,32): warning C4251:         ] [C:\Users\mcmco\Desktop\WMMR\build\src\MovieMakerCore\MovieMakerCore.vcxproj]
  (compiling source file '../../../src/MovieMakerCore/StoryboardManager/StoryboardManager.cpp')
      C:\Program Files (x86)\Microsoft Visual Studio\2022\BuildTools\VC\Tools\MSVC\14.44.35207\atlmfc\include\atlcoll.h(530,7):
      see declaration of 'ATL::CAtlArray<StoryboardManager::MovieProject::UndoEntry *,ATL::CElementTraits<E>>'
          with
          [
              E=StoryboardManager::MovieProject::UndoEntry *
          ]
  
C:\Users\mcmco\Desktop\WMMR\src\MovieMakerCore\StoryboardManager\TimelineTrack.h(99,25): warning C4251: 'StoryboardManager::TimelineTrack::m_strDisplayName': 'ATL::CStringT<wchar_t,ATL::StrTraitATL<wchar_t,ATL::ChTraitsCRT<wchar_t>>>' needs to have dll-interface to be used by clients of 'StoryboardManager::TimelineTrack' [C:\Users\mcmco\Desktop\WMMR\build\src\MovieMakerCore\MovieMakerCore.vcxproj]
  (compiling source file '../../../src/MovieMakerCore/StoryboardManager/MovieProject.cpp')
      C:\Program Files (x86)\Microsoft Visual Studio\2022\BuildTools\VC\Tools\MSVC\14.44.35207\atlmfc\include\cstringt.h(999,7):
      see declaration of 'ATL::CStringT<wchar_t,ATL::StrTraitATL<wchar_t,ATL::ChTraitsCRT<wchar_t>>>'
  
C:\Users\mcmco\Desktop\WMMR\src\MovieMakerCore\StoryboardManager\TimelineTrack.h(106,25): error C2079: 'StoryboardManager::TimelineTrack::m_timeline' uses undefined class 'StoryboardManager::ProjectTimeline' [C:\Users\mcmco\Desktop\WMMR\build\src\MovieMakerCore\MovieMakerCore.vcxproj]
  (compiling source file '../../../src/MovieMakerCore/StoryboardManager/MovieProject.cpp')
  
C:\Users\mcmco\Desktop\WMMR\src\MovieMakerCore\StoryboardManager\StoryboardManager.cpp(101,11): error C2027: use of undefined type 'StoryboardManager::ExtentId' [C:\Users\mcmco\Desktop\WMMR\build\src\MovieMakerCore\MovieMakerCore.vcxproj]
      C:\Users\mcmco\Desktop\WMMR\src\MovieMakerCore\StoryboardManager\StoryboardManager.h(137,7):
      see declaration of 'StoryboardManager::ExtentId'
  
C:\Users\mcmco\Desktop\WMMR\src\MovieMakerCore\StoryboardManager\StoryboardManager.cpp(101,11): error C4430: missing type specifier - int assumed. Note: C++ does not support default-int [C:\Users\mcmco\Desktop\WMMR\build\src\MovieMakerCore\MovieMakerCore.vcxproj]
C:\Users\mcmco\Desktop\WMMR\src\MovieMakerCore\StoryboardManager\StoryboardManager.cpp(103,1): error C2550: 'StoryboardManager::{ctor}': constructor initializer lists are only allowed on constructor definitions [C:\Users\mcmco\Desktop\WMMR\build\src\MovieMakerCore\MovieMakerCore.vcxproj]
C:\Users\mcmco\Desktop\WMMR\src\MovieMakerCore\StoryboardManager\StoryboardManager.cpp(104,1): warning C4508: 'StoryboardManager::{ctor}': function should return a value; 'void' return type assumed [C:\Users\mcmco\Desktop\WMMR\build\src\MovieMakerCore\MovieMakerCore.vcxproj]
C:\Users\mcmco\Desktop\WMMR\src\MovieMakerCore\StoryboardManager\StoryboardManager.cpp(106,11): error C2027: use of undefined type 'StoryboardManager::ExtentId' [C:\Users\mcmco\Desktop\WMMR\build\src\MovieMakerCore\MovieMakerCore.vcxproj]
      C:\Users\mcmco\Desktop\WMMR\src\MovieMakerCore\StoryboardManager\StoryboardManager.h(137,7):
      see declaration of 'StoryboardManager::ExtentId'
  
C:\Users\mcmco\Desktop\WMMR\src\MovieMakerCore\StoryboardManager\TimelineTrack.h(151,36): warning C4251: 'StoryboardManager::TimelineTrackManager::m_arrTracks': 'ATL::CAtlArray<StoryboardManager::TimelineTrack *,ATL::CElementTraits<E>>' needs to have dll-interface to be used by clients of 'StoryboardManager::TimelineTrackManager' [C:\Users\mcmco\Desktop\WMMR\build\src\MovieMakerCore\MovieMakerCore.vcxproj]
C:\Users\mcmco\Desktop\WMMR\src\MovieMakerCore\StoryboardManager\TimelineTrack.h(151,36): warning C4251:         with [C:\Users\mcmco\Desktop\WMMR\build\src\MovieMakerCore\MovieMakerCore.vcxproj]
C:\Users\mcmco\Desktop\WMMR\src\MovieMakerCore\StoryboardManager\TimelineTrack.h(151,36): warning C4251:         [ [C:\Users\mcmco\Desktop\WMMR\build\src\MovieMakerCore\MovieMakerCore.vcxproj]
C:\Users\mcmco\Desktop\WMMR\src\MovieMakerCore\StoryboardManager\TimelineTrack.h(151,36): warning C4251:             E=StoryboardManager::TimelineTrack * [C:\Users\mcmco\Desktop\WMMR\build\src\MovieMakerCore\MovieMakerCore.vcxproj]
C:\Users\mcmco\Desktop\WMMR\src\MovieMakerCore\StoryboardManager\TimelineTrack.h(151,36): warning C4251:         ] [C:\Users\mcmco\Desktop\WMMR\build\src\MovieMakerCore\MovieMakerCore.vcxproj]
  (compiling source file '../../../src/MovieMakerCore/StoryboardManager/MovieProject.cpp')
      C:\Program Files (x86)\Microsoft Visual Studio\2022\BuildTools\VC\Tools\MSVC\14.44.35207\atlmfc\include\atlcoll.h(530,7):
      see declaration of 'ATL::CAtlArray<StoryboardManager::TimelineTrack *,ATL::CElementTraits<E>>'
          with
          [
              E=StoryboardManager::TimelineTrack *
          ]
  
C:\Users\mcmco\Desktop\WMMR\src\MovieMakerCore\StoryboardManager\StoryboardManager.cpp(106,11): error C4430: missing type specifier - int assumed. Note: C++ does not support default-int [C:\Users\mcmco\Desktop\WMMR\build\src\MovieMakerCore\MovieMakerCore.vcxproj]
C:\Users\mcmco\Desktop\WMMR\src\MovieMakerCore\StoryboardManager\StoryboardManager.cpp(108,1): error C2550: 'StoryboardManager::{ctor}': constructor initializer lists are only allowed on constructor definitions [C:\Users\mcmco\Desktop\WMMR\build\src\MovieMakerCore\MovieMakerCore.vcxproj]
C:\Users\mcmco\Desktop\WMMR\src\MovieMakerCore\StoryboardManager\StoryboardManager.cpp(109,1): warning C4508: 'StoryboardManager::{ctor}': function should return a value; 'void' return type assumed [C:\Users\mcmco\Desktop\WMMR\build\src\MovieMakerCore\MovieMakerCore.vcxproj]
C:\Users\mcmco\Desktop\WMMR\src\MovieMakerCore\StoryboardManager\StoryboardManager.cpp(111,11): error C2027: use of undefined type 'StoryboardManager::ExtentId' [C:\Users\mcmco\Desktop\WMMR\build\src\MovieMakerCore\MovieMakerCore.vcxproj]
      C:\Users\mcmco\Desktop\WMMR\src\MovieMakerCore\StoryboardManager\StoryboardManager.h(137,7):
      see declaration of 'StoryboardManager::ExtentId'
  
C:\Users\mcmco\Desktop\WMMR\src\MovieMakerCore\StoryboardManager\StoryboardManager.cpp(111,11): error C4430: missing type specifier - int assumed. Note: C++ does not support default-int [C:\Users\mcmco\Desktop\WMMR\build\src\MovieMakerCore\MovieMakerCore.vcxproj]
C:\Users\mcmco\Desktop\WMMR\src\MovieMakerCore\StoryboardManager\StoryboardManager.cpp(112,14): error C2027: use of undefined type 'StoryboardManager::ExtentId' [C:\Users\mcmco\Desktop\WMMR\build\src\MovieMakerCore\MovieMakerCore.vcxproj]
      C:\Users\mcmco\Desktop\WMMR\src\MovieMakerCore\StoryboardManager\StoryboardManager.h(137,7):
      see declaration of 'StoryboardManager::ExtentId'
  
C:\Users\mcmco\Desktop\WMMR\src\MovieMakerCore\StoryboardManager\StoryboardManager.cpp(113,1): error C2550: 'StoryboardManager::{ctor}': constructor initializer lists are only allowed on constructor definitions [C:\Users\mcmco\Desktop\WMMR\build\src\MovieMakerCore\MovieMakerCore.vcxproj]
C:\Users\mcmco\Desktop\WMMR\src\WLXPhotoBase\BaseTypes.h(536,18): warning C4251: 'Base::File::m_strPath': 'ATL::CStringT<wchar_t,ATL::StrTraitATL<wchar_t,ATL::ChTraitsCRT<wchar_t>>>' needs to have dll-interface to be used by clients of 'Base::File' [C:\Users\mcmco\Desktop\WMMR\build\src\MovieMakerCore\MovieMakerCore.vcxproj]
  (compiling source file '../../../src/MovieMakerCore/SundanceApp/ClipboardManager.cpp')
      C:\Program Files (x86)\Microsoft Visual Studio\2022\BuildTools\VC\Tools\MSVC\14.44.35207\atlmfc\include\cstringt.h(999,7):
      see declaration of 'ATL::CStringT<wchar_t,ATL::StrTraitATL<wchar_t,ATL::ChTraitsCRT<wchar_t>>>'
  
C:\Users\mcmco\Desktop\WMMR\src\MovieMakerCore\StoryboardManager\StoryboardManager.cpp(114,1): warning C4508: 'StoryboardManager::{ctor}': function should return a value; 'void' return type assumed [C:\Users\mcmco\Desktop\WMMR\build\src\MovieMakerCore\MovieMakerCore.vcxproj]
C:\Users\mcmco\Desktop\WMMR\src\MovieMakerCore\StoryboardManager\StoryboardManager.cpp(116,21): error C2027: use of undefined type 'StoryboardManager::ExtentId' [C:\Users\mcmco\Desktop\WMMR\build\src\MovieMakerCore\MovieMakerCore.vcxproj]
      C:\Users\mcmco\Desktop\WMMR\src\MovieMakerCore\StoryboardManager\StoryboardManager.h(137,7):
      see declaration of 'StoryboardManager::ExtentId'
  
C:\Users\mcmco\Desktop\WMMR\src\MovieMakerCore\StoryboardManager\StoryboardManager.cpp(118,9): error C2355: 'this': can only be referenced inside non-static member functions or non-static data member initializers [C:\Users\mcmco\Desktop\WMMR\build\src\MovieMakerCore\MovieMakerCore.vcxproj]
C:\Users\mcmco\Desktop\WMMR\src\MovieMakerCore\StoryboardManager\StoryboardManager.cpp(120,9): error C2065: 'm_dwId': undeclared identifier [C:\Users\mcmco\Desktop\WMMR\build\src\MovieMakerCore\MovieMakerCore.vcxproj]
C:\Users\mcmco\Desktop\WMMR\src\WLXPhotoBase\BaseTypes.h(568,18): warning C4251: 'Base::TempFile::m_strPath': 'ATL::CStringT<wchar_t,ATL::StrTraitATL<wchar_t,ATL::ChTraitsCRT<wchar_t>>>' needs to have dll-interface to be used by clients of 'Base::TempFile' [C:\Users\mcmco\Desktop\WMMR\build\src\MovieMakerCore\MovieMakerCore.vcxproj]
  (compiling source file '../../../src/MovieMakerCore/SundanceApp/ClipboardManager.cpp')
      C:\Program Files (x86)\Microsoft Visual Studio\2022\BuildTools\VC\Tools\MSVC\14.44.35207\atlmfc\include\cstringt.h(999,7):
      see declaration of 'ATL::CStringT<wchar_t,ATL::StrTraitATL<wchar_t,ATL::ChTraitsCRT<wchar_t>>>'
  
C:\Users\mcmco\Desktop\WMMR\src\MovieMakerCore\StoryboardManager\StoryboardManager.cpp(120,18): error C2027: use of undefined type 'StoryboardManager::ExtentId' [C:\Users\mcmco\Desktop\WMMR\build\src\MovieMakerCore\MovieMakerCore.vcxproj]
      C:\Users\mcmco\Desktop\WMMR\src\MovieMakerCore\StoryboardManager\StoryboardManager.h(137,7):
      see declaration of 'StoryboardManager::ExtentId'
  
C:\Users\mcmco\Desktop\WMMR\src\MovieMakerCore\StoryboardManager\StoryboardManager.cpp(122,13): error C2355: 'this': can only be referenced inside non-static member functions or non-static data member initializers [C:\Users\mcmco\Desktop\WMMR\build\src\MovieMakerCore\MovieMakerCore.vcxproj]
C:\Users\mcmco\Desktop\WMMR\src\MovieMakerCore\StoryboardManager\MovieExtent.h(151,25): warning C4251: 'StoryboardManager::MovieExtent::m_strTitleText': 'ATL::CStringT<wchar_t,ATL::StrTraitATL<wchar_t,ATL::ChTraitsCRT<wchar_t>>>' needs to have dll-interface to be used by clients of 'StoryboardManager::MovieExtent' [C:\Users\mcmco\Desktop\WMMR\build\src\MovieMakerCore\MovieMakerCore.vcxproj]
  (compiling source file '../../../src/MovieMakerCore/StoryboardManager/MovieProject.cpp')
      C:\Program Files (x86)\Microsoft Visual Studio\2022\BuildTools\VC\Tools\MSVC\14.44.35207\atlmfc\include\cstringt.h(999,7):
      see declaration of 'ATL::CStringT<wchar_t,ATL::StrTraitATL<wchar_t,ATL::ChTraitsCRT<wchar_t>>>'
  
C:\Users\mcmco\Desktop\WMMR\src\MovieMakerCore\StoryboardManager\StoryboardManager.cpp(125,16): error C2027: use of undefined type 'StoryboardManager::ExtentId' [C:\Users\mcmco\Desktop\WMMR\build\src\MovieMakerCore\MovieMakerCore.vcxproj]
      C:\Users\mcmco\Desktop\WMMR\src\MovieMakerCore\StoryboardManager\StoryboardManager.h(137,7):
      see declaration of 'StoryboardManager::ExtentId'
  
C:\Users\mcmco\Desktop\WMMR\src\MovieMakerCore\StoryboardManager\MovieExtent.h(152,25): warning C4251: 'StoryboardManager::MovieExtent::m_strTitleFontFamily': 'ATL::CStringT<wchar_t,ATL::StrTraitATL<wchar_t,ATL::ChTraitsCRT<wchar_t>>>' needs to have dll-interface to be used by clients of 'StoryboardManager::MovieExtent' [C:\Users\mcmco\Desktop\WMMR\build\src\MovieMakerCore\MovieMakerCore.vcxproj]
  (compiling source file '../../../src/MovieMakerCore/StoryboardManager/MovieProject.cpp')
      C:\Program Files (x86)\Microsoft Visual Studio\2022\BuildTools\VC\Tools\MSVC\14.44.35207\atlmfc\include\cstringt.h(999,7):
      see declaration of 'ATL::CStringT<wchar_t,ATL::StrTraitATL<wchar_t,ATL::ChTraitsCRT<wchar_t>>>'
  
C:\Users\mcmco\Desktop\WMMR\src\MovieMakerCore\StoryboardManager\StoryboardManager.cpp(125,16): error C2270: '==': modifiers not allowed on nonmember functions [C:\Users\mcmco\Desktop\WMMR\build\src\MovieMakerCore\MovieMakerCore.vcxproj]
C:\Users\mcmco\Desktop\WMMR\src\MovieMakerCore\StoryboardManager\StoryboardManager.cpp(127,12): error C2065: 'm_dwId': undeclared identifier [C:\Users\mcmco\Desktop\WMMR\build\src\MovieMakerCore\MovieMakerCore.vcxproj]
C:\Users\mcmco\Desktop\WMMR\src\WLXPhotoBase\BaseTypes.h(661,21): warning C4251: 'Base::FindFile::m_strDirectory': 'ATL::CStringT<wchar_t,ATL::StrTraitATL<wchar_t,ATL::ChTraitsCRT<wchar_t>>>' needs to have dll-interface to be used by clients of 'Base::FindFile' [C:\Users\mcmco\Desktop\WMMR\build\src\MovieMakerCore\MovieMakerCore.vcxproj]
  (compiling source file '../../../src/MovieMakerCore/SundanceApp/ClipboardManager.cpp')
      C:\Program Files (x86)\Microsoft Visual Studio\2022\BuildTools\VC\Tools\MSVC\14.44.35207\atlmfc\include\cstringt.h(999,7):
      see declaration of 'ATL::CStringT<wchar_t,ATL::StrTraitATL<wchar_t,ATL::ChTraitsCRT<wchar_t>>>'
  
C:\Users\mcmco\Desktop\WMMR\src\MovieMakerCore\SundanceApp\AutoSaveManager.cpp(198,14): error C2027: use of undefined type 'StoryboardManagerNamespace::MovieProject' [C:\Users\mcmco\Desktop\WMMR\build\src\MovieMakerCore\MovieMakerCore.vcxproj]
      C:\Users\mcmco\Desktop\WMMR\src\MovieMakerCore\SundanceApp\SundanceAppMain.h(41,11):
      see declaration of 'StoryboardManagerNamespace::MovieProject'
  
C:\Users\mcmco\Desktop\WMMR\src\MovieMakerCore\StoryboardManager\StoryboardManager.cpp(127,22): error C2027: use of undefined type 'StoryboardManager::ExtentId' [C:\Users\mcmco\Desktop\WMMR\build\src\MovieMakerCore\MovieMakerCore.vcxproj]
      C:\Users\mcmco\Desktop\WMMR\src\MovieMakerCore\StoryboardManager\StoryboardManager.h(137,7):
      see declaration of 'StoryboardManager::ExtentId'
  
C:\Users\mcmco\Desktop\WMMR\src\MovieMakerCore\StoryboardManager\StoryboardManager.cpp(130,16): error C2027: use of undefined type 'StoryboardManager::ExtentId' [C:\Users\mcmco\Desktop\WMMR\build\src\MovieMakerCore\MovieMakerCore.vcxproj]
      C:\Users\mcmco\Desktop\WMMR\src\MovieMakerCore\StoryboardManager\StoryboardManager.h(137,7):
      see declaration of 'StoryboardManager::ExtentId'
  
C:\Users\mcmco\Desktop\WMMR\src\MovieMakerCore\StoryboardManager\StoryboardManager.cpp(130,16): error C2270: '!=': modifiers not allowed on nonmember functions [C:\Users\mcmco\Desktop\WMMR\build\src\MovieMakerCore\MovieMakerCore.vcxproj]
  Templates.cpp
C:\Users\mcmco\Desktop\WMMR\src\MovieMakerCore\StoryboardManager\StoryboardManager.cpp(132,12): error C2065: 'm_dwId': undeclared identifier [C:\Users\mcmco\Desktop\WMMR\build\src\MovieMakerCore\MovieMakerCore.vcxproj]
C:\Users\mcmco\Desktop\WMMR\src\MovieMakerCore\StoryboardManager\StoryboardManager.cpp(132,22): error C2027: use of undefined type 'StoryboardManager::ExtentId' [C:\Users\mcmco\Desktop\WMMR\build\src\MovieMakerCore\MovieMakerCore.vcxproj]
      C:\Users\mcmco\Desktop\WMMR\src\MovieMakerCore\StoryboardManager\StoryboardManager.h(137,7):
      see declaration of 'StoryboardManager::ExtentId'
  
C:\Users\mcmco\Desktop\WMMR\src\MovieMakerCore\StoryboardManager\StoryboardManager.cpp(135,16): error C2027: use of undefined type 'StoryboardManager::ExtentId' [C:\Users\mcmco\Desktop\WMMR\build\src\MovieMakerCore\MovieMakerCore.vcxproj]
      C:\Users\mcmco\Desktop\WMMR\src\MovieMakerCore\StoryboardManager\StoryboardManager.h(137,7):
      see declaration of 'StoryboardManager::ExtentId'
  
C:\Users\mcmco\Desktop\WMMR\src\MovieMakerCore\StoryboardManager\StoryboardManager.cpp(135,16): error C2270: '<': modifiers not allowed on nonmember functions [C:\Users\mcmco\Desktop\WMMR\build\src\MovieMakerCore\MovieMakerCore.vcxproj]
C:\Users\mcmco\Desktop\WMMR\src\WLXPhotoBase\BaseTypes.h(724,25): warning C4251: 'Base::IntSet::m_values': 'ATL::CAtlArray<int,ATL::CElementTraits<int>>' needs to have dll-interface to be used by clients of 'Base::IntSet' [C:\Users\mcmco\Desktop\WMMR\build\src\MovieMakerCore\MovieMakerCore.vcxproj]
  (compiling source file '../../../src/MovieMakerCore/SundanceApp/ClipboardManager.cpp')
      C:\Program Files (x86)\Microsoft Visual Studio\2022\BuildTools\VC\Tools\MSVC\14.44.35207\atlmfc\include\atlcoll.h(530,7):
      see declaration of 'ATL::CAtlArray<int,ATL::CElementTraits<int>>'
  
C:\Users\mcmco\Desktop\WMMR\src\MovieMakerCore\StoryboardManager\StoryboardManager.cpp(137,12): error C2065: 'm_dwId': undeclared identifier [C:\Users\mcmco\Desktop\WMMR\build\src\MovieMakerCore\MovieMakerCore.vcxproj]
C:\Users\mcmco\Desktop\WMMR\src\MovieMakerCore\StoryboardManager\Extents.h(104,37): warning C4251: 'StoryboardManager::ExtentCollection::m_arrExtents': 'ATL::CAtlArray<StoryboardManager::MovieExtent *,ATL::CElementTraits<E>>' needs to have dll-interface to be used by clients of 'StoryboardManager::ExtentCollection' [C:\Users\mcmco\Desktop\WMMR\build\src\MovieMakerCore\MovieMakerCore.vcxproj]
C:\Users\mcmco\Desktop\WMMR\src\MovieMakerCore\StoryboardManager\Extents.h(104,37): warning C4251:         with [C:\Users\mcmco\Desktop\WMMR\build\src\MovieMakerCore\MovieMakerCore.vcxproj]
C:\Users\mcmco\Desktop\WMMR\src\MovieMakerCore\StoryboardManager\Extents.h(104,37): warning C4251:         [ [C:\Users\mcmco\Desktop\WMMR\build\src\MovieMakerCore\MovieMakerCore.vcxproj]
C:\Users\mcmco\Desktop\WMMR\src\MovieMakerCore\StoryboardManager\Extents.h(104,37): warning C4251:             E=StoryboardManager::MovieExtent * [C:\Users\mcmco\Desktop\WMMR\build\src\MovieMakerCore\MovieMakerCore.vcxproj]
C:\Users\mcmco\Desktop\WMMR\src\MovieMakerCore\StoryboardManager\Extents.h(104,37): warning C4251:         ] [C:\Users\mcmco\Desktop\WMMR\build\src\MovieMakerCore\MovieMakerCore.vcxproj]
  (compiling source file '../../../src/MovieMakerCore/StoryboardManager/MovieProject.cpp')
      C:\Program Files (x86)\Microsoft Visual Studio\2022\BuildTools\VC\Tools\MSVC\14.44.35207\atlmfc\include\atlcoll.h(530,7):
      see declaration of 'ATL::CAtlArray<StoryboardManager::MovieExtent *,ATL::CElementTraits<E>>'
          with
          [
              E=StoryboardManager::MovieExtent *
          ]
  
C:\Users\mcmco\Desktop\WMMR\src\MovieMakerCore\StoryboardManager\StoryboardManager.cpp(137,21): error C2027: use of undefined type 'StoryboardManager::ExtentId' [C:\Users\mcmco\Desktop\WMMR\build\src\MovieMakerCore\MovieMakerCore.vcxproj]
      C:\Users\mcmco\Desktop\WMMR\src\MovieMakerCore\StoryboardManager\StoryboardManager.h(137,7):
      see declaration of 'StoryboardManager::ExtentId'
  
C:\Users\mcmco\Desktop\WMMR\src\MovieMakerCore\StoryboardManager\StoryboardManager.cpp(140,17): error C2027: use of undefined type 'StoryboardManager::ExtentId' [C:\Users\mcmco\Desktop\WMMR\build\src\MovieMakerCore\MovieMakerCore.vcxproj]
      C:\Users\mcmco\Desktop\WMMR\src\MovieMakerCore\StoryboardManager\StoryboardManager.h(137,7):
      see declaration of 'StoryboardManager::ExtentId'
  
C:\Users\mcmco\Desktop\WMMR\src\MovieMakerCore\StoryboardManager\StoryboardManager.cpp(140,17): error C2270: 'GetValue': modifiers not allowed on nonmember functions [C:\Users\mcmco\Desktop\WMMR\build\src\MovieMakerCore\MovieMakerCore.vcxproj]
C:\Users\mcmco\Desktop\WMMR\src\MovieMakerCore\StoryboardManager\StoryboardManager.cpp(142,12): error C2065: 'm_dwId': undeclared identifier [C:\Users\mcmco\Desktop\WMMR\build\src\MovieMakerCore\MovieMakerCore.vcxproj]
C:\Users\mcmco\Desktop\WMMR\src\MovieMakerCore\SundanceApp\ClipboardManager.h(76,9): error C2653: 'StoryboardManager': is not a class or namespace name [C:\Users\mcmco\Desktop\WMMR\build\src\MovieMakerCore\MovieMakerCore.vcxproj]
  (compiling source file '../../../src/MovieMakerCore/SundanceApp/ClipboardManager.cpp')
  
C:\Users\mcmco\Desktop\WMMR\src\MovieMakerCore\StoryboardManager\StoryboardManager.cpp(145,16): error C2027: use of undefined type 'StoryboardManager::ExtentId' [C:\Users\mcmco\Desktop\WMMR\build\src\MovieMakerCore\MovieMakerCore.vcxproj]
      C:\Users\mcmco\Desktop\WMMR\src\MovieMakerCore\StoryboardManager\StoryboardManager.h(137,7):
      see declaration of 'StoryboardManager::ExtentId'
  
C:\Users\mcmco\Desktop\WMMR\src\MovieMakerCore\StoryboardManager\Extents.h(158,27): warning C4251: 'StoryboardManager::ExtentIdSet::m_arrIds': 'ATL::CAtlArray<DWORD,ATL::CElementTraits<unsigned long>>' needs to have dll-interface to be used by clients of 'StoryboardManager::ExtentIdSet' [C:\Users\mcmco\Desktop\WMMR\build\src\MovieMakerCore\MovieMakerCore.vcxproj]
  (compiling source file '../../../src/MovieMakerCore/StoryboardManager/MovieProject.cpp')
      C:\Program Files (x86)\Microsoft Visual Studio\2022\BuildTools\VC\Tools\MSVC\14.44.35207\atlmfc\include\atlcoll.h(530,7):
      see declaration of 'ATL::CAtlArray<DWORD,ATL::CElementTraits<unsigned long>>'
  
C:\Users\mcmco\Desktop\WMMR\src\MovieMakerCore\StoryboardManager\StoryboardManager.cpp(145,16): error C2270: 'IsValid': modifiers not allowed on nonmember functions [C:\Users\mcmco\Desktop\WMMR\build\src\MovieMakerCore\MovieMakerCore.vcxproj]
C:\Users\mcmco\Desktop\WMMR\src\MovieMakerCore\SundanceApp\ClipboardManager.h(76,46): error C3646: 'track': unknown override specifier [C:\Users\mcmco\Desktop\WMMR\build\src\MovieMakerCore\MovieMakerCore.vcxproj]
  (compiling source file '../../../src/MovieMakerCore/SundanceApp/ClipboardManager.cpp')
  
C:\Users\mcmco\Desktop\WMMR\src\MovieMakerCore\StoryboardManager\StoryboardManager.cpp(147,12): error C2065: 'm_dwId': undeclared identifier [C:\Users\mcmco\Desktop\WMMR\build\src\MovieMakerCore\MovieMakerCore.vcxproj]
C:\Users\mcmco\Desktop\WMMR\src\MovieMakerCore\SundanceApp\ClipboardManager.h(76,28): error C4430: missing type specifier - int assumed. Note: C++ does not support default-int [C:\Users\mcmco\Desktop\WMMR\build\src\MovieMakerCore\MovieMakerCore.vcxproj]
  (compiling source file '../../../src/MovieMakerCore/SundanceApp/ClipboardManager.cpp')
  
C:\Users\mcmco\Desktop\WMMR\src\MovieMakerCore\StoryboardManager\StoryboardManager.cpp(150,20): error C2027: use of undefined type 'StoryboardManager::ExtentId' [C:\Users\mcmco\Desktop\WMMR\build\src\MovieMakerCore\MovieMakerCore.vcxproj]
      C:\Users\mcmco\Desktop\WMMR\src\MovieMakerCore\StoryboardManager\StoryboardManager.h(137,7):
      see declaration of 'StoryboardManager::ExtentId'
  
C:\Users\mcmco\Desktop\WMMR\src\MovieMakerCore\StoryboardManager\StoryboardManager.cpp(150,20): error C2079: 'StoryboardManager::Generate' uses undefined class 'StoryboardManager::ExtentId' [C:\Users\mcmco\Desktop\WMMR\build\src\MovieMakerCore\MovieMakerCore.vcxproj]
C:\Users\mcmco\Desktop\WMMR\src\MovieMakerCore\StoryboardManager\Templates.h(127,25): warning C4251: 'StoryboardManager::ThemeEffect::m_strX3dClipName': 'ATL::CStringT<wchar_t,ATL::StrTraitATL<wchar_t,ATL::ChTraitsCRT<wchar_t>>>' needs to have dll-interface to be used by clients of 'StoryboardManager::ThemeEffect' [C:\Users\mcmco\Desktop\WMMR\build\src\MovieMakerCore\MovieMakerCore.vcxproj]
  (compiling source file '../../../src/MovieMakerCore/StoryboardManager/MovieProject.cpp')
      C:\Program Files (x86)\Microsoft Visual Studio\2022\BuildTools\VC\Tools\MSVC\14.44.35207\atlmfc\include\cstringt.h(999,7):
      see declaration of 'ATL::CStringT<wchar_t,ATL::StrTraitATL<wchar_t,ATL::ChTraitsCRT<wchar_t>>>'
  
C:\Users\mcmco\Desktop\WMMR\src\MovieMakerCore\StoryboardManager\Templates.h(135,31): warning C4251: 'StoryboardManager::ThemeEffect::m_arrParameters': 'ATL::CAtlArray<StoryboardManager::ThemeEffect::Parameter,ATL::CElementTraits<E>>' needs to have dll-interface to be used by clients of 'StoryboardManager::ThemeEffect' [C:\Users\mcmco\Desktop\WMMR\build\src\MovieMakerCore\MovieMakerCore.vcxproj]
C:\Users\mcmco\Desktop\WMMR\src\MovieMakerCore\StoryboardManager\Templates.h(135,31): warning C4251:         with [C:\Users\mcmco\Desktop\WMMR\build\src\MovieMakerCore\MovieMakerCore.vcxproj]
C:\Users\mcmco\Desktop\WMMR\src\MovieMakerCore\StoryboardManager\Templates.h(135,31): warning C4251:         [ [C:\Users\mcmco\Desktop\WMMR\build\src\MovieMakerCore\MovieMakerCore.vcxproj]
C:\Users\mcmco\Desktop\WMMR\src\MovieMakerCore\StoryboardManager\Templates.h(135,31): warning C4251:             E=StoryboardManager::ThemeEffect::Parameter [C:\Users\mcmco\Desktop\WMMR\build\src\MovieMakerCore\MovieMakerCore.vcxproj]
C:\Users\mcmco\Desktop\WMMR\src\MovieMakerCore\StoryboardManager\Templates.h(135,31): warning C4251:         ] [C:\Users\mcmco\Desktop\WMMR\build\src\MovieMakerCore\MovieMakerCore.vcxproj]
  (compiling source file '../../../src/MovieMakerCore/StoryboardManager/MovieProject.cpp')
      C:\Program Files (x86)\Microsoft Visual Studio\2022\BuildTools\VC\Tools\MSVC\14.44.35207\atlmfc\include\atlcoll.h(530,7):
      see declaration of 'ATL::CAtlArray<StoryboardManager::ThemeEffect::Parameter,ATL::CElementTraits<E>>'
          with
          [
              E=StoryboardManager::ThemeEffect::Parameter
          ]
  
C:\Users\mcmco\Desktop\WMMR\src\MovieMakerCore\StoryboardManager\Templates.h(206,21): warning C4251: 'StoryboardManager::AutoMovieTheme::m_strName': 'ATL::CStringT<wchar_t,ATL::StrTraitATL<wchar_t,ATL::ChTraitsCRT<wchar_t>>>' needs to have dll-interface to be used by clients of 'StoryboardManager::AutoMovieTheme' [C:\Users\mcmco\Desktop\WMMR\build\src\MovieMakerCore\MovieMakerCore.vcxproj]
  (compiling source file '../../../src/MovieMakerCore/StoryboardManager/MovieProject.cpp')
      C:\Program Files (x86)\Microsoft Visual Studio\2022\BuildTools\VC\Tools\MSVC\14.44.35207\atlmfc\include\cstringt.h(999,7):
      see declaration of 'ATL::CStringT<wchar_t,ATL::StrTraitATL<wchar_t,ATL::ChTraitsCRT<wchar_t>>>'
  
C:\Users\mcmco\Desktop\WMMR\src\MovieMakerCore\StoryboardManager\Templates.h(207,21): warning C4251: 'StoryboardManager::AutoMovieTheme::m_strDisplayName': 'ATL::CStringT<wchar_t,ATL::StrTraitATL<wchar_t,ATL::ChTraitsCRT<wchar_t>>>' needs to have dll-interface to be used by clients of 'StoryboardManager::AutoMovieTheme' [C:\Users\mcmco\Desktop\WMMR\build\src\MovieMakerCore\MovieMakerCore.vcxproj]
  (compiling source file '../../../src/MovieMakerCore/StoryboardManager/MovieProject.cpp')
      C:\Program Files (x86)\Microsoft Visual Studio\2022\BuildTools\VC\Tools\MSVC\14.44.35207\atlmfc\include\cstringt.h(999,7):
      see declaration of 'ATL::CStringT<wchar_t,ATL::StrTraitATL<wchar_t,ATL::ChTraitsCRT<wchar_t>>>'
  
C:\Users\mcmco\Desktop\WMMR\src\MovieMakerCore\StoryboardManager\Templates.h(208,21): warning C4251: 'StoryboardManager::AutoMovieTheme::m_strDescription': 'ATL::CStringT<wchar_t,ATL::StrTraitATL<wchar_t,ATL::ChTraitsCRT<wchar_t>>>' needs to have dll-interface to be used by clients of 'StoryboardManager::AutoMovieTheme' [C:\Users\mcmco\Desktop\WMMR\build\src\MovieMakerCore\MovieMakerCore.vcxproj]
  (compiling source file '../../../src/MovieMakerCore/StoryboardManager/MovieProject.cpp')
      C:\Program Files (x86)\Microsoft Visual Studio\2022\BuildTools\VC\Tools\MSVC\14.44.35207\atlmfc\include\cstringt.h(999,7):
      see declaration of 'ATL::CStringT<wchar_t,ATL::StrTraitATL<wchar_t,ATL::ChTraitsCRT<wchar_t>>>'
  
C:\Users\mcmco\Desktop\WMMR\src\MovieMakerCore\StoryboardManager\Templates.h(209,21): warning C4251: 'StoryboardManager::AutoMovieTheme::m_strThumbnailPath': 'ATL::CStringT<wchar_t,ATL::StrTraitATL<wchar_t,ATL::ChTraitsCRT<wchar_t>>>' needs to have dll-interface to be used by clients of 'StoryboardManager::AutoMovieTheme' [C:\Users\mcmco\Desktop\WMMR\build\src\MovieMakerCore\MovieMakerCore.vcxproj]
  (compiling source file '../../../src/MovieMakerCore/StoryboardManager/MovieProject.cpp')
      C:\Program Files (x86)\Microsoft Visual Studio\2022\BuildTools\VC\Tools\MSVC\14.44.35207\atlmfc\include\cstringt.h(999,7):
      see declaration of 'ATL::CStringT<wchar_t,ATL::StrTraitATL<wchar_t,ATL::ChTraitsCRT<wchar_t>>>'
  
C:\Users\mcmco\Desktop\WMMR\src\MovieMakerCore\StoryboardManager\Templates.h(210,21): warning C4251: 'StoryboardManager::AutoMovieTheme::m_strCategory': 'ATL::CStringT<wchar_t,ATL::StrTraitATL<wchar_t,ATL::ChTraitsCRT<wchar_t>>>' needs to have dll-interface to be used by clients of 'StoryboardManager::AutoMovieTheme' [C:\Users\mcmco\Desktop\WMMR\build\src\MovieMakerCore\MovieMakerCore.vcxproj]
  (compiling source file '../../../src/MovieMakerCore/StoryboardManager/MovieProject.cpp')
      C:\Program Files (x86)\Microsoft Visual Studio\2022\BuildTools\VC\Tools\MSVC\14.44.35207\atlmfc\include\cstringt.h(999,7):
      see declaration of 'ATL::CStringT<wchar_t,ATL::StrTraitATL<wchar_t,ATL::ChTraitsCRT<wchar_t>>>'
  
C:\Users\mcmco\Desktop\WMMR\src\MovieMakerCore\StoryboardManager\Templates.h(211,21): warning C4251: 'StoryboardManager::AutoMovieTheme::m_strTitleFontFamily': 'ATL::CStringT<wchar_t,ATL::StrTraitATL<wchar_t,ATL::ChTraitsCRT<wchar_t>>>' needs to have dll-interface to be used by clients of 'StoryboardManager::AutoMovieTheme' [C:\Users\mcmco\Desktop\WMMR\build\src\MovieMakerCore\MovieMakerCore.vcxproj]
  (compiling source file '../../../src/MovieMakerCore/StoryboardManager/MovieProject.cpp')
      C:\Program Files (x86)\Microsoft Visual Studio\2022\BuildTools\VC\Tools\MSVC\14.44.35207\atlmfc\include\cstringt.h(999,7):
      see declaration of 'ATL::CStringT<wchar_t,ATL::StrTraitATL<wchar_t,ATL::ChTraitsCRT<wchar_t>>>'
  
C:\Users\mcmco\Desktop\WMMR\src\MovieMakerCore\StoryboardManager\Templates.h(213,33): warning C4251: 'StoryboardManager::AutoMovieTheme::m_arrEffects': 'ATL::CAtlArray<StoryboardManager::ThemeEffect,ATL::CElementTraits<E>>' needs to have dll-interface to be used by clients of 'StoryboardManager::AutoMovieTheme' [C:\Users\mcmco\Desktop\WMMR\build\src\MovieMakerCore\MovieMakerCore.vcxproj]
C:\Users\mcmco\Desktop\WMMR\src\MovieMakerCore\StoryboardManager\Templates.h(213,33): warning C4251:         with [C:\Users\mcmco\Desktop\WMMR\build\src\MovieMakerCore\MovieMakerCore.vcxproj]
C:\Users\mcmco\Desktop\WMMR\src\MovieMakerCore\StoryboardManager\Templates.h(213,33): warning C4251:         [ [C:\Users\mcmco\Desktop\WMMR\build\src\MovieMakerCore\MovieMakerCore.vcxproj]
C:\Users\mcmco\Desktop\WMMR\src\MovieMakerCore\StoryboardManager\Templates.h(213,33): warning C4251:             E=StoryboardManager::ThemeEffect [C:\Users\mcmco\Desktop\WMMR\build\src\MovieMakerCore\MovieMakerCore.vcxproj]
C:\Users\mcmco\Desktop\WMMR\src\MovieMakerCore\StoryboardManager\Templates.h(213,33): warning C4251:         ] [C:\Users\mcmco\Desktop\WMMR\build\src\MovieMakerCore\MovieMakerCore.vcxproj]
  (compiling source file '../../../src/MovieMakerCore/StoryboardManager/MovieProject.cpp')
      C:\Program Files (x86)\Microsoft Visual Studio\2022\BuildTools\VC\Tools\MSVC\14.44.35207\atlmfc\include\atlcoll.h(530,7):
      see declaration of 'ATL::CAtlArray<StoryboardManager::ThemeEffect,ATL::CElementTraits<E>>'
          with
          [
              E=StoryboardManager::ThemeEffect
          ]
  
C:\Users\mcmco\Desktop\WMMR\src\MovieMakerCore\StoryboardManager\Templates.h(273,25): warning C4251: 'StoryboardManager::TemplateEntry::m_strName': 'ATL::CStringT<wchar_t,ATL::StrTraitATL<wchar_t,ATL::ChTraitsCRT<wchar_t>>>' needs to have dll-interface to be used by clients of 'StoryboardManager::TemplateEntry' [C:\Users\mcmco\Desktop\WMMR\build\src\MovieMakerCore\MovieMakerCore.vcxproj]
  (compiling source file '../../../src/MovieMakerCore/StoryboardManager/MovieProject.cpp')
      C:\Program Files (x86)\Microsoft Visual Studio\2022\BuildTools\VC\Tools\MSVC\14.44.35207\atlmfc\include\cstringt.h(999,7):
      see declaration of 'ATL::CStringT<wchar_t,ATL::StrTraitATL<wchar_t,ATL::ChTraitsCRT<wchar_t>>>'
  
C:\Users\mcmco\Desktop\WMMR\src\MovieMakerCore\StoryboardManager\Templates.h(274,25): warning C4251: 'StoryboardManager::TemplateEntry::m_strDisplayName': 'ATL::CStringT<wchar_t,ATL::StrTraitATL<wchar_t,ATL::ChTraitsCRT<wchar_t>>>' needs to have dll-interface to be used by clients of 'StoryboardManager::TemplateEntry' [C:\Users\mcmco\Desktop\WMMR\build\src\MovieMakerCore\MovieMakerCore.vcxproj]
  (compiling source file '../../../src/MovieMakerCore/StoryboardManager/MovieProject.cpp')
      C:\Program Files (x86)\Microsoft Visual Studio\2022\BuildTools\VC\Tools\MSVC\14.44.35207\atlmfc\include\cstringt.h(999,7):
      see declaration of 'ATL::CStringT<wchar_t,ATL::StrTraitATL<wchar_t,ATL::ChTraitsCRT<wchar_t>>>'
  
C:\Users\mcmco\Desktop\WMMR\src\MovieMakerCore\StoryboardManager\Templates.h(275,25): warning C4251: 'StoryboardManager::TemplateEntry::m_strDescription': 'ATL::CStringT<wchar_t,ATL::StrTraitATL<wchar_t,ATL::ChTraitsCRT<wchar_t>>>' needs to have dll-interface to be used by clients of 'StoryboardManager::TemplateEntry' [C:\Users\mcmco\Desktop\WMMR\build\src\MovieMakerCore\MovieMakerCore.vcxproj]
  (compiling source file '../../../src/MovieMakerCore/StoryboardManager/MovieProject.cpp')
      C:\Program Files (x86)\Microsoft Visual Studio\2022\BuildTools\VC\Tools\MSVC\14.44.35207\atlmfc\include\cstringt.h(999,7):
      see declaration of 'ATL::CStringT<wchar_t,ATL::StrTraitATL<wchar_t,ATL::ChTraitsCRT<wchar_t>>>'
  
C:\Users\mcmco\Desktop\WMMR\src\MovieMakerCore\StoryboardManager\StoryboardManager.cpp(153,20): error C2027: use of undefined type 'StoryboardManager::ExtentId' [C:\Users\mcmco\Desktop\WMMR\build\src\MovieMakerCore\MovieMakerCore.vcxproj]
      C:\Users\mcmco\Desktop\WMMR\src\MovieMakerCore\StoryboardManager\StoryboardManager.h(137,7):
      see declaration of 'StoryboardManager::ExtentId'
  
C:\Users\mcmco\Desktop\WMMR\src\MovieMakerCore\StoryboardManager\Templates.h(276,25): warning C4251: 'StoryboardManager::TemplateEntry::m_strThumbnailPath': 'ATL::CStringT<wchar_t,ATL::StrTraitATL<wchar_t,ATL::ChTraitsCRT<wchar_t>>>' needs to have dll-interface to be used by clients of 'StoryboardManager::TemplateEntry' [C:\Users\mcmco\Desktop\WMMR\build\src\MovieMakerCore\MovieMakerCore.vcxproj]
  (compiling source file '../../../src/MovieMakerCore/StoryboardManager/MovieProject.cpp')
      C:\Program Files (x86)\Microsoft Visual Studio\2022\BuildTools\VC\Tools\MSVC\14.44.35207\atlmfc\include\cstringt.h(999,7):
      see declaration of 'ATL::CStringT<wchar_t,ATL::StrTraitATL<wchar_t,ATL::ChTraitsCRT<wchar_t>>>'
  
C:\Users\mcmco\Desktop\WMMR\src\MovieMakerCore\StoryboardManager\StoryboardManager.cpp(160,17): error C2027: use of undefined type 'StoryboardManager::TranscodeState' [C:\Users\mcmco\Desktop\WMMR\build\src\MovieMakerCore\MovieMakerCore.vcxproj]
      C:\Users\mcmco\Desktop\WMMR\src\MovieMakerCore\StoryboardManager\StoryboardManager.h(138,7):
      see declaration of 'StoryboardManager::TranscodeState'
  
C:\Users\mcmco\Desktop\WMMR\src\MovieMakerCore\StoryboardManager\StoryboardManager.cpp(160,17): error C4430: missing type specifier - int assumed. Note: C++ does not support default-int [C:\Users\mcmco\Desktop\WMMR\build\src\MovieMakerCore\MovieMakerCore.vcxproj]
C:\Users\mcmco\Desktop\WMMR\src\MovieMakerCore\StoryboardManager\StoryboardManager.cpp(160,17): error C2084: function 'int StoryboardManager::{ctor}(void)' already has a body [C:\Users\mcmco\Desktop\WMMR\build\src\MovieMakerCore\MovieMakerCore.vcxproj]
      C:\Users\mcmco\Desktop\WMMR\src\MovieMakerCore\StoryboardManager\StoryboardManager.cpp(101,11):
      see previous definition of 'StoryboardManager::{ctor}'
  
C:\Users\mcmco\Desktop\WMMR\src\MovieMakerCore\StoryboardManager\StoryboardManager.cpp(163,1): error C2550: 'StoryboardManager::{ctor}': constructor initializer lists are only allowed on constructor definitions [C:\Users\mcmco\Desktop\WMMR\build\src\MovieMakerCore\MovieMakerCore.vcxproj]
C:\Users\mcmco\Desktop\WMMR\src\MovieMakerCore\StoryboardManager\StoryboardManager.cpp(166,17): error C2027: use of undefined type 'StoryboardManager::TranscodeState' [C:\Users\mcmco\Desktop\WMMR\build\src\MovieMakerCore\MovieMakerCore.vcxproj]
      C:\Users\mcmco\Desktop\WMMR\src\MovieMakerCore\StoryboardManager\StoryboardManager.h(138,7):
      see declaration of 'StoryboardManager::TranscodeState'
  
C:\Users\mcmco\Desktop\WMMR\src\MovieMakerCore\StoryboardManager\StoryboardManager.cpp(166,17): error C4430: missing type specifier - int assumed. Note: C++ does not support default-int [C:\Users\mcmco\Desktop\WMMR\build\src\MovieMakerCore\MovieMakerCore.vcxproj]
C:\Users\mcmco\Desktop\WMMR\src\MovieMakerCore\StoryboardManager\StoryboardManager.cpp(169,1): error C2550: 'StoryboardManager::{ctor}': constructor initializer lists are only allowed on constructor definitions [C:\Users\mcmco\Desktop\WMMR\build\src\MovieMakerCore\MovieMakerCore.vcxproj]
C:\Users\mcmco\Desktop\WMMR\src\MovieMakerCore\StoryboardManager\StoryboardManager.cpp(170,1): warning C4508: 'StoryboardManager::{ctor}': function should return a value; 'void' return type assumed [C:\Users\mcmco\Desktop\WMMR\build\src\MovieMakerCore\MovieMakerCore.vcxproj]
C:\Users\mcmco\Desktop\WMMR\src\MovieMakerCore\StoryboardManager\StoryboardManager.cpp(172,18): error C2027: use of undefined type 'StoryboardManager::TranscodeState' [C:\Users\mcmco\Desktop\WMMR\build\src\MovieMakerCore\MovieMakerCore.vcxproj]
      C:\Users\mcmco\Desktop\WMMR\src\MovieMakerCore\StoryboardManager\StoryboardManager.h(138,7):
      see declaration of 'StoryboardManager::TranscodeState'
  
  StoryboardManagerExceptions.cpp
C:\Users\mcmco\Desktop\WMMR\src\MovieMakerCore\StoryboardManager\StoryboardManager.cpp(172,18): error C4430: missing type specifier - int assumed. Note: C++ does not support default-int [C:\Users\mcmco\Desktop\WMMR\build\src\MovieMakerCore\MovieMakerCore.vcxproj]
  Theme.cpp
C:\Users\mcmco\Desktop\WMMR\src\MovieMakerCore\StoryboardManager\Templates.h(343,37): warning C4251: 'StoryboardManager::TemplateTable::m_arrTemplates': 'ATL::CAtlArray<StoryboardManager::TemplateEntry *,ATL::CElementTraits<E>>' needs to have dll-interface to be used by clients of 'StoryboardManager::TemplateTable' [C:\Users\mcmco\Desktop\WMMR\build\src\MovieMakerCore\MovieMakerCore.vcxproj]
C:\Users\mcmco\Desktop\WMMR\src\MovieMakerCore\StoryboardManager\Templates.h(343,37): warning C4251:         with [C:\Users\mcmco\Desktop\WMMR\build\src\MovieMakerCore\MovieMakerCore.vcxproj]
C:\Users\mcmco\Desktop\WMMR\src\MovieMakerCore\StoryboardManager\Templates.h(343,37): warning C4251:         [ [C:\Users\mcmco\Desktop\WMMR\build\src\MovieMakerCore\MovieMakerCore.vcxproj]
C:\Users\mcmco\Desktop\WMMR\src\MovieMakerCore\StoryboardManager\Templates.h(343,37): warning C4251:             E=StoryboardManager::TemplateEntry * [C:\Users\mcmco\Desktop\WMMR\build\src\MovieMakerCore\MovieMakerCore.vcxproj]
C:\Users\mcmco\Desktop\WMMR\src\MovieMakerCore\StoryboardManager\Templates.h(343,37): warning C4251:         ] [C:\Users\mcmco\Desktop\WMMR\build\src\MovieMakerCore\MovieMakerCore.vcxproj]
  (compiling source file '../../../src/MovieMakerCore/StoryboardManager/MovieProject.cpp')
      C:\Program Files (x86)\Microsoft Visual Studio\2022\BuildTools\VC\Tools\MSVC\14.44.35207\atlmfc\include\atlcoll.h(530,7):
      see declaration of 'ATL::CAtlArray<StoryboardManager::TemplateEntry *,ATL::CElementTraits<E>>'
          with
          [
              E=StoryboardManager::TemplateEntry *
          ]
  
C:\Users\mcmco\Desktop\WMMR\src\MovieMakerCore\StoryboardManager\StoryboardManager.cpp(174,1): warning C4508: 'StoryboardManager::{dtor}': function should return a value; 'void' return type assumed [C:\Users\mcmco\Desktop\WMMR\build\src\MovieMakerCore\MovieMakerCore.vcxproj]
C:\Users\mcmco\Desktop\WMMR\src\MovieMakerCore\StoryboardManager\StoryboardManager.cpp(176,38): error C2027: use of undefined type 'StoryboardManager::TranscodeState' [C:\Users\mcmco\Desktop\WMMR\build\src\MovieMakerCore\MovieMakerCore.vcxproj]
      C:\Users\mcmco\Desktop\WMMR\src\MovieMakerCore\StoryboardManager\StoryboardManager.h(138,7):
      see declaration of 'StoryboardManager::TranscodeState'
  
C:\Users\mcmco\Desktop\WMMR\src\MovieMakerCore\StoryboardManager\StoryboardManager.cpp(176,38): error C2270: 'GetState': modifiers not allowed on nonmember functions [C:\Users\mcmco\Desktop\WMMR\build\src\MovieMakerCore\MovieMakerCore.vcxproj]
C:\Users\mcmco\Desktop\WMMR\src\MovieMakerCore\StoryboardManager\StoryboardManager.cpp(178,12): error C2065: 'm_state': undeclared identifier [C:\Users\mcmco\Desktop\WMMR\build\src\MovieMakerCore\MovieMakerCore.vcxproj]
C:\Users\mcmco\Desktop\WMMR\src\MovieMakerCore\StoryboardManager\StoryboardManager.cpp(181,22): error C2027: use of undefined type 'StoryboardManager::TranscodeState' [C:\Users\mcmco\Desktop\WMMR\build\src\MovieMakerCore\MovieMakerCore.vcxproj]
      C:\Users\mcmco\Desktop\WMMR\src\MovieMakerCore\StoryboardManager\StoryboardManager.h(138,7):
      see declaration of 'StoryboardManager::TranscodeState'
  
C:\Users\mcmco\Desktop\WMMR\src\MovieMakerCore\StoryboardManager\StoryboardManager.cpp(183,5): error C2065: 'm_state': undeclared identifier [C:\Users\mcmco\Desktop\WMMR\build\src\MovieMakerCore\MovieMakerCore.vcxproj]
C:\Users\mcmco\Desktop\WMMR\src\MovieMakerCore\StoryboardManager\StoryboardManager.cpp(186,25): error C2027: use of undefined type 'StoryboardManager::TranscodeState' [C:\Users\mcmco\Desktop\WMMR\build\src\MovieMakerCore\MovieMakerCore.vcxproj]
      C:\Users\mcmco\Desktop\WMMR\src\MovieMakerCore\StoryboardManager\StoryboardManager.h(138,7):
      see declaration of 'StoryboardManager::TranscodeState'
  
C:\Users\mcmco\Desktop\WMMR\src\MovieMakerCore\StoryboardManager\StoryboardManager.cpp(186,25): error C2270: 'GetHResult': modifiers not allowed on nonmember functions [C:\Users\mcmco\Desktop\WMMR\build\src\MovieMakerCore\MovieMakerCore.vcxproj]
C:\Users\mcmco\Desktop\WMMR\src\MovieMakerCore\StoryboardManager\StoryboardManager.cpp(188,12): error C2065: 'm_hresult': undeclared identifier [C:\Users\mcmco\Desktop\WMMR\build\src\MovieMakerCore\MovieMakerCore.vcxproj]
C:\Users\mcmco\Desktop\WMMR\src\MovieMakerCore\StoryboardManager\StoryboardManager.cpp(191,22): error C2027: use of undefined type 'StoryboardManager::TranscodeState' [C:\Users\mcmco\Desktop\WMMR\build\src\MovieMakerCore\MovieMakerCore.vcxproj]
      C:\Users\mcmco\Desktop\WMMR\src\MovieMakerCore\StoryboardManager\StoryboardManager.h(138,7):
      see declaration of 'StoryboardManager::TranscodeState'
  
C:\Users\mcmco\Desktop\WMMR\src\MovieMakerCore\StoryboardManager\StoryboardManager.cpp(193,5): error C2065: 'm_hresult': undeclared identifier [C:\Users\mcmco\Desktop\WMMR\build\src\MovieMakerCore\MovieMakerCore.vcxproj]
C:\Users\mcmco\Desktop\WMMR\src\MovieMakerCore\StoryboardManager\StoryboardManager.cpp(196,22): error C2027: use of undefined type 'StoryboardManager::TranscodeState' [C:\Users\mcmco\Desktop\WMMR\build\src\MovieMakerCore\MovieMakerCore.vcxproj]
      C:\Users\mcmco\Desktop\WMMR\src\MovieMakerCore\StoryboardManager\StoryboardManager.h(138,7):
      see declaration of 'StoryboardManager::TranscodeState'
  
C:\Users\mcmco\Desktop\WMMR\src\MovieMakerCore\StoryboardManager\StoryboardManager.cpp(196,22): error C2270: 'IsComplete': modifiers not allowed on nonmember functions [C:\Users\mcmco\Desktop\WMMR\build\src\MovieMakerCore\MovieMakerCore.vcxproj]
C:\Users\mcmco\Desktop\WMMR\src\MovieMakerCore\StoryboardManager\StoryboardManager.cpp(198,12): error C2065: 'm_state': undeclared identifier [C:\Users\mcmco\Desktop\WMMR\build\src\MovieMakerCore\MovieMakerCore.vcxproj]
C:\Users\mcmco\Desktop\WMMR\src\MovieMakerCore\SundanceApp\ClipboardManager.h(84,21): error C2653: 'StoryboardManager': is not a class or namespace name [C:\Users\mcmco\Desktop\WMMR\build\src\MovieMakerCore\MovieMakerCore.vcxproj]
  (compiling source file '../../../src/MovieMakerCore/SundanceApp/ClipboardManager.cpp')
  
C:\Users\mcmco\Desktop\WMMR\src\MovieMakerCore\StoryboardManager\StoryboardManager.cpp(201,22): error C2027: use of undefined type 'StoryboardManager::TranscodeState' [C:\Users\mcmco\Desktop\WMMR\build\src\MovieMakerCore\MovieMakerCore.vcxproj]
      C:\Users\mcmco\Desktop\WMMR\src\MovieMakerCore\StoryboardManager\StoryboardManager.h(138,7):
      see declaration of 'StoryboardManager::TranscodeState'
  
C:\Users\mcmco\Desktop\WMMR\src\MovieMakerCore\SundanceApp\ClipboardManager.h(84,40): error C2065: 'TimelineTrack_Unknown': undeclared identifier [C:\Users\mcmco\Desktop\WMMR\build\src\MovieMakerCore\MovieMakerCore.vcxproj]
  (compiling source file '../../../src/MovieMakerCore/SundanceApp/ClipboardManager.cpp')
  
C:\Users\mcmco\Desktop\WMMR\src\MovieMakerCore\StoryboardManager\StoryboardManager.cpp(201,22): error C2270: 'IsFailed': modifiers not allowed on nonmember functions [C:\Users\mcmco\Desktop\WMMR\build\src\MovieMakerCore\MovieMakerCore.vcxproj]
C:\Users\mcmco\Desktop\WMMR\src\MovieMakerCore\StoryboardManager\StoryboardManager.cpp(203,12): error C2065: 'm_state': undeclared identifier [C:\Users\mcmco\Desktop\WMMR\build\src\MovieMakerCore\MovieMakerCore.vcxproj]
C:\Users\mcmco\Desktop\WMMR\src\MovieMakerCore\SundanceApp\ClipboardManager.h(84,15): error C2614: 'ClipboardManager::ClipboardEntry': illegal member initialization: 'track' is not a base or member [C:\Users\mcmco\Desktop\WMMR\build\src\MovieMakerCore\MovieMakerCore.vcxproj]
  (compiling source file '../../../src/MovieMakerCore/SundanceApp/ClipboardManager.cpp')
  
C:\Users\mcmco\Desktop\WMMR\src\MovieMakerCore\StoryboardManager\StoryboardManager.cpp(206,22): error C2027: use of undefined type 'StoryboardManager::TranscodeState' [C:\Users\mcmco\Desktop\WMMR\build\src\MovieMakerCore\MovieMakerCore.vcxproj]
      C:\Users\mcmco\Desktop\WMMR\src\MovieMakerCore\StoryboardManager\StoryboardManager.h(138,7):
      see declaration of 'StoryboardManager::TranscodeState'
  
C:\Users\mcmco\Desktop\WMMR\src\MovieMakerCore\StoryboardManager\StoryboardManager.cpp(206,22): error C2270: 'IsInProgress': modifiers not allowed on nonmember functions [C:\Users\mcmco\Desktop\WMMR\build\src\MovieMakerCore\MovieMakerCore.vcxproj]
C:\Users\mcmco\Desktop\WMMR\src\MovieMakerCore\StoryboardManager\StoryboardManager.cpp(208,12): error C2065: 'm_state': undeclared identifier [C:\Users\mcmco\Desktop\WMMR\build\src\MovieMakerCore\MovieMakerCore.vcxproj]
C:\Users\mcmco\Desktop\WMMR\src\MovieMakerCore\SundanceApp\SundanceAppMain.cpp(143,58): error C2027: use of undefined type 'ThumbnailCache' [C:\Users\mcmco\Desktop\WMMR\build\src\MovieMakerCore\MovieMakerCore.vcxproj]
      C:\Users\mcmco\Desktop\WMMR\src\MovieMakerCore\SundanceApp\SundanceAppMain.h(32,7):
      see declaration of 'ThumbnailCache'
  
C:\Users\mcmco\Desktop\WMMR\src\MovieMakerCore\SundanceApp\SundanceAppMain.cpp(147,52): error C2027: use of undefined type 'UndoManager' [C:\Users\mcmco\Desktop\WMMR\build\src\MovieMakerCore\MovieMakerCore.vcxproj]
      C:\Users\mcmco\Desktop\WMMR\src\MovieMakerCore\SundanceApp\SundanceAppMain.h(28,7):
      see declaration of 'UndoManager'
  
C:\Users\mcmco\Desktop\WMMR\src\MovieMakerCore\SundanceApp\SundanceAppMain.cpp(151,66): error C2027: use of undefined type 'TimelineController' [C:\Users\mcmco\Desktop\WMMR\build\src\MovieMakerCore\MovieMakerCore.vcxproj]
      C:\Users\mcmco\Desktop\WMMR\src\MovieMakerCore\SundanceApp\SundanceAppMain.h(26,7):
      see declaration of 'TimelineController'
  
C:\Users\mcmco\Desktop\WMMR\src\MovieMakerCore\SundanceApp\SundanceAppMain.cpp(155,58): error C2027: use of undefined type 'ProjectManager' [C:\Users\mcmco\Desktop\WMMR\build\src\MovieMakerCore\MovieMakerCore.vcxproj]
      C:\Users\mcmco\Desktop\WMMR\src\MovieMakerCore\SundanceApp\SundanceAppMain.h(27,7):
      see declaration of 'ProjectManager'
  
C:\Users\mcmco\Desktop\WMMR\src\MovieMakerCore\StoryboardManager\Templates.h(344,37): warning C4251: 'StoryboardManager::TemplateTable::m_arrThemes': 'ATL::CAtlArray<StoryboardManager::AutoMovieTheme *,ATL::CElementTraits<E>>' needs to have dll-interface to be used by clients of 'StoryboardManager::TemplateTable' [C:\Users\mcmco\Desktop\WMMR\build\src\MovieMakerCore\MovieMakerCore.vcxproj]
C:\Users\mcmco\Desktop\WMMR\src\MovieMakerCore\StoryboardManager\Templates.h(344,37): warning C4251:         with [C:\Users\mcmco\Desktop\WMMR\build\src\MovieMakerCore\MovieMakerCore.vcxproj]
C:\Users\mcmco\Desktop\WMMR\src\MovieMakerCore\StoryboardManager\Templates.h(344,37): warning C4251:         [ [C:\Users\mcmco\Desktop\WMMR\build\src\MovieMakerCore\MovieMakerCore.vcxproj]
C:\Users\mcmco\Desktop\WMMR\src\MovieMakerCore\StoryboardManager\Templates.h(344,37): warning C4251:             E=StoryboardManager::AutoMovieTheme * [C:\Users\mcmco\Desktop\WMMR\build\src\MovieMakerCore\MovieMakerCore.vcxproj]
C:\Users\mcmco\Desktop\WMMR\src\MovieMakerCore\StoryboardManager\Templates.h(344,37): warning C4251:         ] [C:\Users\mcmco\Desktop\WMMR\build\src\MovieMakerCore\MovieMakerCore.vcxproj]
  (compiling source file '../../../src/MovieMakerCore/StoryboardManager/MovieProject.cpp')
      C:\Program Files (x86)\Microsoft Visual Studio\2022\BuildTools\VC\Tools\MSVC\14.44.35207\atlmfc\include\atlcoll.h(530,7):
      see declaration of 'ATL::CAtlArray<StoryboardManager::AutoMovieTheme *,ATL::CElementTraits<E>>'
          with
          [
              E=StoryboardManager::AutoMovieTheme *
          ]
  
C:\Users\mcmco\Desktop\WMMR\src\MovieMakerCore\SundanceApp\SundanceAppMain.cpp(159,62): error C2027: use of undefined type 'ExportController' [C:\Users\mcmco\Desktop\WMMR\build\src\MovieMakerCore\MovieMakerCore.vcxproj]
      C:\Users\mcmco\Desktop\WMMR\src\MovieMakerCore\SundanceApp\SundanceAppMain.h(29,7):
      see declaration of 'ExportController'
  
C:\Users\mcmco\Desktop\WMMR\src\MovieMakerCore\SundanceApp\SundanceAppMain.cpp(163,62): error C2027: use of undefined type 'ImportController' [C:\Users\mcmco\Desktop\WMMR\build\src\MovieMakerCore\MovieMakerCore.vcxproj]
      C:\Users\mcmco\Desktop\WMMR\src\MovieMakerCore\SundanceApp\SundanceAppMain.h(30,7):
      see declaration of 'ImportController'
  
C:\Users\mcmco\Desktop\WMMR\src\MovieMakerCore\SundanceApp\SundanceAppMain.cpp(167,66): error C2027: use of undefined type 'PlaybackController' [C:\Users\mcmco\Desktop\WMMR\build\src\MovieMakerCore\MovieMakerCore.vcxproj]
      C:\Users\mcmco\Desktop\WMMR\src\MovieMakerCore\SundanceApp\SundanceAppMain.h(31,7):
      see declaration of 'PlaybackController'
  
C:\Users\mcmco\Desktop\WMMR\src\MovieMakerCore\SundanceApp\SundanceAppMain.cpp(187,5): warning C4150: deletion of pointer to incomplete type 'PlaybackController'; no destructor called [C:\Users\mcmco\Desktop\WMMR\build\src\MovieMakerCore\MovieMakerCore.vcxproj]
      C:\Users\mcmco\Desktop\WMMR\src\MovieMakerCore\SundanceApp\SundanceAppMain.h(31,7):
      see declaration of 'PlaybackController'
  
C:\Users\mcmco\Desktop\WMMR\src\MovieMakerCore\SundanceApp\SundanceAppMain.cpp(190,5): warning C4150: deletion of pointer to incomplete type 'ImportController'; no destructor called [C:\Users\mcmco\Desktop\WMMR\build\src\MovieMakerCore\MovieMakerCore.vcxproj]
      C:\Users\mcmco\Desktop\WMMR\src\MovieMakerCore\SundanceApp\SundanceAppMain.h(30,7):
      see declaration of 'ImportController'
  
C:\Users\mcmco\Desktop\WMMR\src\MovieMakerCore\SundanceApp\SundanceAppMain.cpp(193,5): warning C4150: deletion of pointer to incomplete type 'ExportController'; no destructor called [C:\Users\mcmco\Desktop\WMMR\build\src\MovieMakerCore\MovieMakerCore.vcxproj]
      C:\Users\mcmco\Desktop\WMMR\src\MovieMakerCore\SundanceApp\SundanceAppMain.h(29,7):
      see declaration of 'ExportController'
  
C:\Users\mcmco\Desktop\WMMR\src\MovieMakerCore\StoryboardManager\MovieProject.h(119,18): warning C4251: 'StoryboardManager::ProjectMediaItem::m_strSourcePath': 'ATL::CStringT<wchar_t,ATL::StrTraitATL<wchar_t,ATL::ChTraitsCRT<wchar_t>>>' needs to have dll-interface to be used by clients of 'StoryboardManager::ProjectMediaItem' [C:\Users\mcmco\Desktop\WMMR\build\src\MovieMakerCore\MovieMakerCore.vcxproj]
  (compiling source file '../../../src/MovieMakerCore/StoryboardManager/MovieProject.cpp')
      C:\Program Files (x86)\Microsoft Visual Studio\2022\BuildTools\VC\Tools\MSVC\14.44.35207\atlmfc\include\cstringt.h(999,7):
      see declaration of 'ATL::CStringT<wchar_t,ATL::StrTraitATL<wchar_t,ATL::ChTraitsCRT<wchar_t>>>'
  
C:\Users\mcmco\Desktop\WMMR\src\MovieMakerCore\SundanceApp\SundanceAppMain.cpp(196,5): warning C4150: deletion of pointer to incomplete type 'ProjectManager'; no destructor called [C:\Users\mcmco\Desktop\WMMR\build\src\MovieMakerCore\MovieMakerCore.vcxproj]
      C:\Users\mcmco\Desktop\WMMR\src\MovieMakerCore\SundanceApp\SundanceAppMain.h(27,7):
      see declaration of 'ProjectManager'
  
C:\Users\mcmco\Desktop\WMMR\src\MovieMakerCore\StoryboardManager\MovieProject.h(120,18): warning C4251: 'StoryboardManager::ProjectMediaItem::m_strThumbnailPath': 'ATL::CStringT<wchar_t,ATL::StrTraitATL<wchar_t,ATL::ChTraitsCRT<wchar_t>>>' needs to have dll-interface to be used by clients of 'StoryboardManager::ProjectMediaItem' [C:\Users\mcmco\Desktop\WMMR\build\src\MovieMakerCore\MovieMakerCore.vcxproj]
  (compiling source file '../../../src/MovieMakerCore/StoryboardManager/MovieProject.cpp')
      C:\Program Files (x86)\Microsoft Visual Studio\2022\BuildTools\VC\Tools\MSVC\14.44.35207\atlmfc\include\cstringt.h(999,7):
      see declaration of 'ATL::CStringT<wchar_t,ATL::StrTraitATL<wchar_t,ATL::ChTraitsCRT<wchar_t>>>'
  
C:\Users\mcmco\Desktop\WMMR\src\MovieMakerCore\SundanceApp\SundanceAppMain.cpp(199,5): warning C4150: deletion of pointer to incomplete type 'TimelineController'; no destructor called [C:\Users\mcmco\Desktop\WMMR\build\src\MovieMakerCore\MovieMakerCore.vcxproj]
      C:\Users\mcmco\Desktop\WMMR\src\MovieMakerCore\SundanceApp\SundanceAppMain.h(26,7):
      see declaration of 'TimelineController'
  
C:\Users\mcmco\Desktop\WMMR\src\MovieMakerCore\StoryboardManager\MovieProject.h(127,18): warning C4251: 'StoryboardManager::ProjectMediaItem::m_strTags': 'ATL::CStringT<wchar_t,ATL::StrTraitATL<wchar_t,ATL::ChTraitsCRT<wchar_t>>>' needs to have dll-interface to be used by clients of 'StoryboardManager::ProjectMediaItem' [C:\Users\mcmco\Desktop\WMMR\build\src\MovieMakerCore\MovieMakerCore.vcxproj]
  (compiling source file '../../../src/MovieMakerCore/StoryboardManager/MovieProject.cpp')
      C:\Program Files (x86)\Microsoft Visual Studio\2022\BuildTools\VC\Tools\MSVC\14.44.35207\atlmfc\include\cstringt.h(999,7):
      see declaration of 'ATL::CStringT<wchar_t,ATL::StrTraitATL<wchar_t,ATL::ChTraitsCRT<wchar_t>>>'
  
C:\Users\mcmco\Desktop\WMMR\src\MovieMakerCore\SundanceApp\SundanceAppMain.cpp(202,5): warning C4150: deletion of pointer to incomplete type 'UndoManager'; no destructor called [C:\Users\mcmco\Desktop\WMMR\build\src\MovieMakerCore\MovieMakerCore.vcxproj]
      C:\Users\mcmco\Desktop\WMMR\src\MovieMakerCore\SundanceApp\SundanceAppMain.h(28,7):
      see declaration of 'UndoManager'
  
C:\Users\mcmco\Desktop\WMMR\src\MovieMakerCore\SundanceApp\SundanceAppMain.cpp(205,5): warning C4150: deletion of pointer to incomplete type 'ThumbnailCache'; no destructor called [C:\Users\mcmco\Desktop\WMMR\build\src\MovieMakerCore\MovieMakerCore.vcxproj]
      C:\Users\mcmco\Desktop\WMMR\src\MovieMakerCore\SundanceApp\SundanceAppMain.h(32,7):
      see declaration of 'ThumbnailCache'
  
C:\Users\mcmco\Desktop\WMMR\src\MovieMakerCore\StoryboardManager\MovieProject.h(130,18): warning C4251: 'StoryboardManager::ProjectMediaItem::m_strVideoCodec': 'ATL::CStringT<wchar_t,ATL::StrTraitATL<wchar_t,ATL::ChTraitsCRT<wchar_t>>>' needs to have dll-interface to be used by clients of 'StoryboardManager::ProjectMediaItem' [C:\Users\mcmco\Desktop\WMMR\build\src\MovieMakerCore\MovieMakerCore.vcxproj]
  (compiling source file '../../../src/MovieMakerCore/StoryboardManager/MovieProject.cpp')
      C:\Program Files (x86)\Microsoft Visual Studio\2022\BuildTools\VC\Tools\MSVC\14.44.35207\atlmfc\include\cstringt.h(999,7):
      see declaration of 'ATL::CStringT<wchar_t,ATL::StrTraitATL<wchar_t,ATL::ChTraitsCRT<wchar_t>>>'
  
C:\Users\mcmco\Desktop\WMMR\src\MovieMakerCore\StoryboardManager\MovieProject.h(131,18): warning C4251: 'StoryboardManager::ProjectMediaItem::m_strAudioCodec': 'ATL::CStringT<wchar_t,ATL::StrTraitATL<wchar_t,ATL::ChTraitsCRT<wchar_t>>>' needs to have dll-interface to be used by clients of 'StoryboardManager::ProjectMediaItem' [C:\Users\mcmco\Desktop\WMMR\build\src\MovieMakerCore\MovieMakerCore.vcxproj]
  (compiling source file '../../../src/MovieMakerCore/StoryboardManager/MovieProject.cpp')
      C:\Program Files (x86)\Microsoft Visual Studio\2022\BuildTools\VC\Tools\MSVC\14.44.35207\atlmfc\include\cstringt.h(999,7):
      see declaration of 'ATL::CStringT<wchar_t,ATL::StrTraitATL<wchar_t,ATL::ChTraitsCRT<wchar_t>>>'
  
C:\Users\mcmco\Desktop\WMMR\src\MovieMakerCore\SundanceApp\SundanceAppMain.cpp(277,77): error C2027: use of undefined type 'StoryboardManagerNamespace::MovieProject' [C:\Users\mcmco\Desktop\WMMR\build\src\MovieMakerCore\MovieMakerCore.vcxproj]
      C:\Users\mcmco\Desktop\WMMR\src\MovieMakerCore\SundanceApp\SundanceAppMain.h(41,11):
      see declaration of 'StoryboardManagerNamespace::MovieProject'
  
C:\Users\mcmco\Desktop\WMMR\src\MovieMakerCore\StoryboardManager\MovieProject.h(176,29): warning C4251: 'StoryboardManager::ProjectTimeline::m_arrExtentIds': 'ATL::CAtlArray<DWORD,ATL::CElementTraits<unsigned long>>' needs to have dll-interface to be used by clients of 'StoryboardManager::ProjectTimeline' [C:\Users\mcmco\Desktop\WMMR\build\src\MovieMakerCore\MovieMakerCore.vcxproj]
  (compiling source file '../../../src/MovieMakerCore/StoryboardManager/MovieProject.cpp')
      C:\Program Files (x86)\Microsoft Visual Studio\2022\BuildTools\VC\Tools\MSVC\14.44.35207\atlmfc\include\atlcoll.h(530,7):
      see declaration of 'ATL::CAtlArray<DWORD,ATL::CElementTraits<unsigned long>>'
  
C:\Users\mcmco\Desktop\WMMR\src\MovieMakerCore\SundanceApp\SundanceAppMain.cpp(306,77): error C2027: use of undefined type 'StoryboardManagerNamespace::MovieProject' [C:\Users\mcmco\Desktop\WMMR\build\src\MovieMakerCore\MovieMakerCore.vcxproj]
      C:\Users\mcmco\Desktop\WMMR\src\MovieMakerCore\SundanceApp\SundanceAppMain.h(41,11):
      see declaration of 'StoryboardManagerNamespace::MovieProject'
  
C:\Users\mcmco\Desktop\WMMR\src\MovieMakerCore\SundanceApp\SundanceAppMain.cpp(310,18): error C2027: use of undefined type 'StoryboardManagerNamespace::MovieProject' [C:\Users\mcmco\Desktop\WMMR\build\src\MovieMakerCore\MovieMakerCore.vcxproj]
      C:\Users\mcmco\Desktop\WMMR\src\MovieMakerCore\SundanceApp\SundanceAppMain.h(41,11):
      see declaration of 'StoryboardManagerNamespace::MovieProject'
  
C:\Users\mcmco\Desktop\WMMR\src\MovieMakerCore\StoryboardManager\MovieProject.h(248,18): warning C4251: 'StoryboardManager::MovieProjectSettings::m_strProjectName': 'ATL::CStringT<wchar_t,ATL::StrTraitATL<wchar_t,ATL::ChTraitsCRT<wchar_t>>>' needs to have dll-interface to be used by clients of 'StoryboardManager::MovieProjectSettings' [C:\Users\mcmco\Desktop\WMMR\build\src\MovieMakerCore\MovieMakerCore.vcxproj]
  (compiling source file '../../../src/MovieMakerCore/StoryboardManager/MovieProject.cpp')
      C:\Program Files (x86)\Microsoft Visual Studio\2022\BuildTools\VC\Tools\MSVC\14.44.35207\atlmfc\include\cstringt.h(999,7):
      see declaration of 'ATL::CStringT<wchar_t,ATL::StrTraitATL<wchar_t,ATL::ChTraitsCRT<wchar_t>>>'
  
C:\Users\mcmco\Desktop\WMMR\src\MovieMakerCore\SundanceApp\SundanceAppMain.cpp(313,9): warning C4150: deletion of pointer to incomplete type 'StoryboardManagerNamespace::MovieProject'; no destructor called [C:\Users\mcmco\Desktop\WMMR\build\src\MovieMakerCore\MovieMakerCore.vcxproj]
      C:\Users\mcmco\Desktop\WMMR\src\MovieMakerCore\SundanceApp\SundanceAppMain.h(41,11):
      see declaration of 'StoryboardManagerNamespace::MovieProject'
  
C:\Users\mcmco\Desktop\WMMR\src\MovieMakerCore\StoryboardManager\MovieProject.h(249,18): warning C4251: 'StoryboardManager::MovieProjectSettings::m_strAuthor': 'ATL::CStringT<wchar_t,ATL::StrTraitATL<wchar_t,ATL::ChTraitsCRT<wchar_t>>>' needs to have dll-interface to be used by clients of 'StoryboardManager::MovieProjectSettings' [C:\Users\mcmco\Desktop\WMMR\build\src\MovieMakerCore\MovieMakerCore.vcxproj]
  (compiling source file '../../../src/MovieMakerCore/StoryboardManager/MovieProject.cpp')
      C:\Program Files (x86)\Microsoft Visual Studio\2022\BuildTools\VC\Tools\MSVC\14.44.35207\atlmfc\include\cstringt.h(999,7):
      see declaration of 'ATL::CStringT<wchar_t,ATL::StrTraitATL<wchar_t,ATL::ChTraitsCRT<wchar_t>>>'
  
C:\Users\mcmco\Desktop\WMMR\src\MovieMakerCore\SundanceApp\SundanceAppMain.cpp(336,9): error C2027: use of undefined type 'StoryboardManagerNamespace::MovieProject' [C:\Users\mcmco\Desktop\WMMR\build\src\MovieMakerCore\MovieMakerCore.vcxproj]
      C:\Users\mcmco\Desktop\WMMR\src\MovieMakerCore\SundanceApp\SundanceAppMain.h(41,11):
      see declaration of 'StoryboardManagerNamespace::MovieProject'
  
C:\Users\mcmco\Desktop\WMMR\src\MovieMakerCore\SundanceApp\SundanceAppMain.cpp(341,18): error C2027: use of undefined type 'StoryboardManagerNamespace::MovieProject' [C:\Users\mcmco\Desktop\WMMR\build\src\MovieMakerCore\MovieMakerCore.vcxproj]
      C:\Users\mcmco\Desktop\WMMR\src\MovieMakerCore\SundanceApp\SundanceAppMain.h(41,11):
      see declaration of 'StoryboardManagerNamespace::MovieProject'
  
C:\Users\mcmco\Desktop\WMMR\src\MovieMakerCore\SundanceApp\SundanceAppMain.cpp(359,18): error C2027: use of undefined type 'StoryboardManagerNamespace::MovieProject' [C:\Users\mcmco\Desktop\WMMR\build\src\MovieMakerCore\MovieMakerCore.vcxproj]
      C:\Users\mcmco\Desktop\WMMR\src\MovieMakerCore\SundanceApp\SundanceAppMain.h(41,11):
      see declaration of 'StoryboardManagerNamespace::MovieProject'
  
C:\Users\mcmco\Desktop\WMMR\src\MovieMakerCore\StoryboardManager\MovieProject.h(390,25): warning C4251: 'StoryboardManager::MovieProject::m_strProjectPath': 'ATL::CStringT<wchar_t,ATL::StrTraitATL<wchar_t,ATL::ChTraitsCRT<wchar_t>>>' needs to have dll-interface to be used by clients of 'StoryboardManager::MovieProject' [C:\Users\mcmco\Desktop\WMMR\build\src\MovieMakerCore\MovieMakerCore.vcxproj]
  (compiling source file '../../../src/MovieMakerCore/StoryboardManager/MovieProject.cpp')
      C:\Program Files (x86)\Microsoft Visual Studio\2022\BuildTools\VC\Tools\MSVC\14.44.35207\atlmfc\include\cstringt.h(999,7):
      see declaration of 'ATL::CStringT<wchar_t,ATL::StrTraitATL<wchar_t,ATL::ChTraitsCRT<wchar_t>>>'
  
C:\Users\mcmco\Desktop\WMMR\src\MovieMakerCore\SundanceApp\SundanceAppMain.cpp(375,9): error C2027: use of undefined type 'UndoManager' [C:\Users\mcmco\Desktop\WMMR\build\src\MovieMakerCore\MovieMakerCore.vcxproj]
      C:\Users\mcmco\Desktop\WMMR\src\MovieMakerCore\SundanceApp\SundanceAppMain.h(28,7):
      see declaration of 'UndoManager'
  
C:\Users\mcmco\Desktop\WMMR\src\MovieMakerCore\SundanceApp\SundanceAppMain.cpp(382,9): warning C4150: deletion of pointer to incomplete type 'StoryboardManagerNamespace::MovieProject'; no destructor called [C:\Users\mcmco\Desktop\WMMR\build\src\MovieMakerCore\MovieMakerCore.vcxproj]
      C:\Users\mcmco\Desktop\WMMR\src\MovieMakerCore\SundanceApp\SundanceAppMain.h(41,11):
      see declaration of 'StoryboardManagerNamespace::MovieProject'
  
  ThemeTemplates.cpp
C:\Users\mcmco\Desktop\WMMR\src\MovieMakerCore\SundanceApp\SundanceAppMain.cpp(404,18): error C2027: use of undefined type 'StoryboardManagerNamespace::MovieProject' [C:\Users\mcmco\Desktop\WMMR\build\src\MovieMakerCore\MovieMakerCore.vcxproj]
      C:\Users\mcmco\Desktop\WMMR\src\MovieMakerCore\SundanceApp\SundanceAppMain.h(41,11):
      see declaration of 'StoryboardManagerNamespace::MovieProject'
  
C:\Users\mcmco\Desktop\WMMR\src\MovieMakerCore\StoryboardManager\MovieProject.h(394,40): warning C4251: 'StoryboardManager::MovieProject::m_arrMediaItems': 'ATL::CAtlArray<StoryboardManager::ProjectMediaItem,ATL::CElementTraits<E>>' needs to have dll-interface to be used by clients of 'StoryboardManager::MovieProject' [C:\Users\mcmco\Desktop\WMMR\build\src\MovieMakerCore\MovieMakerCore.vcxproj]
C:\Users\mcmco\Desktop\WMMR\src\MovieMakerCore\StoryboardManager\MovieProject.h(394,40): warning C4251:         with [C:\Users\mcmco\Desktop\WMMR\build\src\MovieMakerCore\MovieMakerCore.vcxproj]
C:\Users\mcmco\Desktop\WMMR\src\MovieMakerCore\StoryboardManager\MovieProject.h(394,40): warning C4251:         [ [C:\Users\mcmco\Desktop\WMMR\build\src\MovieMakerCore\MovieMakerCore.vcxproj]
C:\Users\mcmco\Desktop\WMMR\src\MovieMakerCore\StoryboardManager\MovieProject.h(394,40): warning C4251:             E=StoryboardManager::ProjectMediaItem [C:\Users\mcmco\Desktop\WMMR\build\src\MovieMakerCore\MovieMakerCore.vcxproj]
C:\Users\mcmco\Desktop\WMMR\src\MovieMakerCore\StoryboardManager\MovieProject.h(394,40): warning C4251:         ] [C:\Users\mcmco\Desktop\WMMR\build\src\MovieMakerCore\MovieMakerCore.vcxproj]
  (compiling source file '../../../src/MovieMakerCore/StoryboardManager/MovieProject.cpp')
      C:\Program Files (x86)\Microsoft Visual Studio\2022\BuildTools\VC\Tools\MSVC\14.44.35207\atlmfc\include\atlcoll.h(530,7):
      see declaration of 'ATL::CAtlArray<StoryboardManager::ProjectMediaItem,ATL::CElementTraits<E>>'
          with
          [
              E=StoryboardManager::ProjectMediaItem
          ]
  
C:\Users\mcmco\Desktop\WMMR\src\MovieMakerCore\SundanceApp\SundanceAppMain.cpp(422,18): error C2027: use of undefined type 'StoryboardManagerNamespace::MovieProject' [C:\Users\mcmco\Desktop\WMMR\build\src\MovieMakerCore\MovieMakerCore.vcxproj]
      C:\Users\mcmco\Desktop\WMMR\src\MovieMakerCore\SundanceApp\SundanceAppMain.h(41,11):
      see declaration of 'StoryboardManagerNamespace::MovieProject'
  
C:\Users\mcmco\Desktop\WMMR\src\MovieMakerCore\SundanceApp\SundanceAppMain.cpp(440,18): error C2027: use of undefined type 'StoryboardManagerNamespace::MovieProject' [C:\Users\mcmco\Desktop\WMMR\build\src\MovieMakerCore\MovieMakerCore.vcxproj]
      C:\Users\mcmco\Desktop\WMMR\src\MovieMakerCore\SundanceApp\SundanceAppMain.h(41,11):
      see declaration of 'StoryboardManagerNamespace::MovieProject'
  
C:\Users\mcmco\Desktop\WMMR\src\MovieMakerCore\SundanceApp\SundanceAppMain.cpp(467,20): error C2027: use of undefined type 'StoryboardManagerNamespace::MovieProject' [C:\Users\mcmco\Desktop\WMMR\build\src\MovieMakerCore\MovieMakerCore.vcxproj]
      C:\Users\mcmco\Desktop\WMMR\src\MovieMakerCore\SundanceApp\SundanceAppMain.h(41,11):
      see declaration of 'StoryboardManagerNamespace::MovieProject'
  
C:\Users\mcmco\Desktop\WMMR\src\MovieMakerCore\SundanceApp\SundanceAppMain.cpp(470,14): error C2027: use of undefined type 'StoryboardManagerNamespace::MovieProject' [C:\Users\mcmco\Desktop\WMMR\build\src\MovieMakerCore\MovieMakerCore.vcxproj]
      C:\Users\mcmco\Desktop\WMMR\src\MovieMakerCore\SundanceApp\SundanceAppMain.h(41,11):
      see declaration of 'StoryboardManagerNamespace::MovieProject'
  
C:\Users\mcmco\Desktop\WMMR\src\MovieMakerCore\StoryboardManager\MovieProject.h(404,32): warning C4251: 'StoryboardManager::MovieProject::m_arrUndoStack': 'ATL::CAtlArray<StoryboardManager::MovieProject::UndoEntry *,ATL::CElementTraits<E>>' needs to have dll-interface to be used by clients of 'StoryboardManager::MovieProject' [C:\Users\mcmco\Desktop\WMMR\build\src\MovieMakerCore\MovieMakerCore.vcxproj]
C:\Users\mcmco\Desktop\WMMR\src\MovieMakerCore\StoryboardManager\MovieProject.h(404,32): warning C4251:         with [C:\Users\mcmco\Desktop\WMMR\build\src\MovieMakerCore\MovieMakerCore.vcxproj]
C:\Users\mcmco\Desktop\WMMR\src\MovieMakerCore\StoryboardManager\MovieProject.h(404,32): warning C4251:         [ [C:\Users\mcmco\Desktop\WMMR\build\src\MovieMakerCore\MovieMakerCore.vcxproj]
C:\Users\mcmco\Desktop\WMMR\src\MovieMakerCore\StoryboardManager\MovieProject.h(404,32): warning C4251:             E=StoryboardManager::MovieProject::UndoEntry * [C:\Users\mcmco\Desktop\WMMR\build\src\MovieMakerCore\MovieMakerCore.vcxproj]
C:\Users\mcmco\Desktop\WMMR\src\MovieMakerCore\StoryboardManager\MovieProject.h(404,32): warning C4251:         ] [C:\Users\mcmco\Desktop\WMMR\build\src\MovieMakerCore\MovieMakerCore.vcxproj]
  (compiling source file '../../../src/MovieMakerCore/StoryboardManager/MovieProject.cpp')
      C:\Program Files (x86)\Microsoft Visual Studio\2022\BuildTools\VC\Tools\MSVC\14.44.35207\atlmfc\include\atlcoll.h(530,7):
      see declaration of 'ATL::CAtlArray<StoryboardManager::MovieProject::UndoEntry *,ATL::CElementTraits<E>>'
          with
          [
              E=StoryboardManager::MovieProject::UndoEntry *
          ]
  
C:\Users\mcmco\Desktop\WMMR\src\WLXPhotoBase\BaseTypes.h(329,37): error C2039: 'POSITION': is not a member of 'ATL::CAtlArray<T,ATL::CElementTraits<unsigned long>>' [C:\Users\mcmco\Desktop\WMMR\build\src\MovieMakerCore\MovieMakerCore.vcxproj]
C:\Users\mcmco\Desktop\WMMR\src\WLXPhotoBase\BaseTypes.h(329,37): error C2039:         with [C:\Users\mcmco\Desktop\WMMR\build\src\MovieMakerCore\MovieMakerCore.vcxproj]
C:\Users\mcmco\Desktop\WMMR\src\WLXPhotoBase\BaseTypes.h(329,37): error C2039:         [ [C:\Users\mcmco\Desktop\WMMR\build\src\MovieMakerCore\MovieMakerCore.vcxproj]
C:\Users\mcmco\Desktop\WMMR\src\WLXPhotoBase\BaseTypes.h(329,37): error C2039:             T=DWORD [C:\Users\mcmco\Desktop\WMMR\build\src\MovieMakerCore\MovieMakerCore.vcxproj]
C:\Users\mcmco\Desktop\WMMR\src\WLXPhotoBase\BaseTypes.h(329,37): error C2039:         ] [C:\Users\mcmco\Desktop\WMMR\build\src\MovieMakerCore\MovieMakerCore.vcxproj]
  (compiling source file '../../../src/MovieMakerCore/SundanceApp/SundanceAppMain.cpp')
      C:\Program Files (x86)\Microsoft Visual Studio\2022\BuildTools\VC\Tools\MSVC\14.44.35207\atlmfc\include\atlcoll.h(530,7):
      see declaration of 'ATL::CAtlArray<T,ATL::CElementTraits<unsigned long>>'
          with
          [
              T=DWORD
          ]
      C:\Users\mcmco\Desktop\WMMR\src\WLXPhotoBase\BaseTypes.h(329,37):
      the template instantiation context (the oldest one first) is
          C:\Users\mcmco\Desktop\WMMR\src\MovieMakerCore\SundanceApp\SundanceAppMain.cpp(492,24):
          see reference to class template instantiation 'Base::Array<DWORD>' being compiled
  
C:\Users\mcmco\Desktop\WMMR\src\MovieMakerCore\SundanceApp\SundanceAppMain.cpp(493,5): error C2027: use of undefined type 'StoryboardManagerNamespace::MovieProject' [C:\Users\mcmco\Desktop\WMMR\build\src\MovieMakerCore\MovieMakerCore.vcxproj]
      C:\Users\mcmco\Desktop\WMMR\src\MovieMakerCore\SundanceApp\SundanceAppMain.h(41,11):
      see declaration of 'StoryboardManagerNamespace::MovieProject'
  
C:\Users\mcmco\Desktop\WMMR\src\MovieMakerCore\SundanceApp\SundanceAppMain.cpp(497,9): error C2027: use of undefined type 'Base::DataStructs::IntSet' [C:\Users\mcmco\Desktop\WMMR\build\src\MovieMakerCore\MovieMakerCore.vcxproj]
      C:\Users\mcmco\Desktop\WMMR\src\WLXPhotoBase\WLXPhotoBase.h(79,11):
      see declaration of 'Base::DataStructs::IntSet'
  
C:\Users\mcmco\Desktop\WMMR\src\MovieMakerCore\SundanceApp\SundanceAppMain.cpp(512,5): error C2027: use of undefined type 'StoryboardManagerNamespace::MovieProject' [C:\Users\mcmco\Desktop\WMMR\build\src\MovieMakerCore\MovieMakerCore.vcxproj]
      C:\Users\mcmco\Desktop\WMMR\src\MovieMakerCore\SundanceApp\SundanceAppMain.h(41,11):
      see declaration of 'StoryboardManagerNamespace::MovieProject'
  
C:\Users\mcmco\Desktop\WMMR\src\MovieMakerCore\SundanceApp\SundanceAppMain.cpp(529,28): error C2027: use of undefined type 'StoryboardManagerNamespace::MovieProject' [C:\Users\mcmco\Desktop\WMMR\build\src\MovieMakerCore\MovieMakerCore.vcxproj]
      C:\Users\mcmco\Desktop\WMMR\src\MovieMakerCore\SundanceApp\SundanceAppMain.h(41,11):
      see declaration of 'StoryboardManagerNamespace::MovieProject'
  
C:\Users\mcmco\Desktop\WMMR\src\MovieMakerCore\SundanceApp\SundanceAppMain.cpp(534,18): error C2027: use of undefined type 'StoryboardManagerNamespace::MovieProject' [C:\Users\mcmco\Desktop\WMMR\build\src\MovieMakerCore\MovieMakerCore.vcxproj]
      C:\Users\mcmco\Desktop\WMMR\src\MovieMakerCore\SundanceApp\SundanceAppMain.h(41,11):
      see declaration of 'StoryboardManagerNamespace::MovieProject'
  
C:\Users\mcmco\Desktop\WMMR\src\MovieMakerCore\SundanceApp\SundanceAppMain.cpp(555,5): error C2027: use of undefined type 'StoryboardManagerNamespace::MovieProject' [C:\Users\mcmco\Desktop\WMMR\build\src\MovieMakerCore\MovieMakerCore.vcxproj]
      C:\Users\mcmco\Desktop\WMMR\src\MovieMakerCore\SundanceApp\SundanceAppMain.h(41,11):
      see declaration of 'StoryboardManagerNamespace::MovieProject'
  
C:\Users\mcmco\Desktop\WMMR\src\MovieMakerCore\SundanceApp\SundanceAppMain.cpp(567,9): error C2027: use of undefined type 'ThumbnailCache' [C:\Users\mcmco\Desktop\WMMR\build\src\MovieMakerCore\MovieMakerCore.vcxproj]
      C:\Users\mcmco\Desktop\WMMR\src\MovieMakerCore\SundanceApp\SundanceAppMain.h(32,7):
      see declaration of 'ThumbnailCache'
  
C:\Users\mcmco\Desktop\WMMR\src\MovieMakerCore\SundanceApp\SundanceAppMain.cpp(583,22): error C2027: use of undefined type 'ImportController' [C:\Users\mcmco\Desktop\WMMR\build\src\MovieMakerCore\MovieMakerCore.vcxproj]
      C:\Users\mcmco\Desktop\WMMR\src\MovieMakerCore\SundanceApp\SundanceAppMain.h(30,7):
      see declaration of 'ImportController'
  
C:\Users\mcmco\Desktop\WMMR\src\MovieMakerCore\SundanceApp\SundanceAppMain.cpp(612,11): error C2027: use of undefined type 'ExportController' [C:\Users\mcmco\Desktop\WMMR\build\src\MovieMakerCore\MovieMakerCore.vcxproj]
      C:\Users\mcmco\Desktop\WMMR\src\MovieMakerCore\SundanceApp\SundanceAppMain.h(29,7):
      see declaration of 'ExportController'
  
C:\Users\mcmco\Desktop\WMMR\src\MovieMakerCore\SundanceApp\SundanceAppMain.cpp(638,11): error C2027: use of undefined type 'ExportController' [C:\Users\mcmco\Desktop\WMMR\build\src\MovieMakerCore\MovieMakerCore.vcxproj]
      C:\Users\mcmco\Desktop\WMMR\src\MovieMakerCore\SundanceApp\SundanceAppMain.h(29,7):
      see declaration of 'ExportController'
  
C:\Users\mcmco\Desktop\WMMR\src\MovieMakerCore\SundanceApp\SundanceAppMain.cpp(665,18): error C2027: use of undefined type 'UndoManager' [C:\Users\mcmco\Desktop\WMMR\build\src\MovieMakerCore\MovieMakerCore.vcxproj]
      C:\Users\mcmco\Desktop\WMMR\src\MovieMakerCore\SundanceApp\SundanceAppMain.h(28,7):
      see declaration of 'UndoManager'
  
C:\Users\mcmco\Desktop\WMMR\src\MovieMakerCore\SundanceApp\SundanceAppMain.cpp(680,18): error C2027: use of undefined type 'UndoManager' [C:\Users\mcmco\Desktop\WMMR\build\src\MovieMakerCore\MovieMakerCore.vcxproj]
      C:\Users\mcmco\Desktop\WMMR\src\MovieMakerCore\SundanceApp\SundanceAppMain.h(28,7):
      see declaration of 'UndoManager'
  
C:\Users\mcmco\Desktop\WMMR\src\MovieMakerCore\SundanceApp\SundanceAppMain.cpp(692,29): error C2027: use of undefined type 'UndoManager' [C:\Users\mcmco\Desktop\WMMR\build\src\MovieMakerCore\MovieMakerCore.vcxproj]
      C:\Users\mcmco\Desktop\WMMR\src\MovieMakerCore\SundanceApp\SundanceAppMain.h(28,7):
      see declaration of 'UndoManager'
  
C:\Users\mcmco\Desktop\WMMR\src\MovieMakerCore\SundanceApp\SundanceAppMain.cpp(697,29): error C2027: use of undefined type 'UndoManager' [C:\Users\mcmco\Desktop\WMMR\build\src\MovieMakerCore\MovieMakerCore.vcxproj]
      C:\Users\mcmco\Desktop\WMMR\src\MovieMakerCore\SundanceApp\SundanceAppMain.h(28,7):
      see declaration of 'UndoManager'
  
C:\Users\mcmco\Desktop\WMMR\src\MovieMakerCore\SundanceApp\SundanceAppMain.cpp(764,12): error C2027: use of undefined type 'PlaybackController' [C:\Users\mcmco\Desktop\WMMR\build\src\MovieMakerCore\MovieMakerCore.vcxproj]
      C:\Users\mcmco\Desktop\WMMR\src\MovieMakerCore\SundanceApp\SundanceAppMain.h(31,7):
      see declaration of 'PlaybackController'
  
C:\Users\mcmco\Desktop\WMMR\src\MovieMakerCore\SundanceApp\SundanceAppMain.cpp(772,12): error C2027: use of undefined type 'PlaybackController' [C:\Users\mcmco\Desktop\WMMR\build\src\MovieMakerCore\MovieMakerCore.vcxproj]
      C:\Users\mcmco\Desktop\WMMR\src\MovieMakerCore\SundanceApp\SundanceAppMain.h(31,7):
      see declaration of 'PlaybackController'
  
C:\Users\mcmco\Desktop\WMMR\src\MovieMakerCore\SundanceApp\SundanceAppMain.cpp(780,12): error C2027: use of undefined type 'PlaybackController' [C:\Users\mcmco\Desktop\WMMR\build\src\MovieMakerCore\MovieMakerCore.vcxproj]
      C:\Users\mcmco\Desktop\WMMR\src\MovieMakerCore\SundanceApp\SundanceAppMain.h(31,7):
      see declaration of 'PlaybackController'
  
C:\Users\mcmco\Desktop\WMMR\src\MovieMakerCore\SundanceApp\SundanceAppMain.cpp(785,36): error C2027: use of undefined type 'PlaybackController' [C:\Users\mcmco\Desktop\WMMR\build\src\MovieMakerCore\MovieMakerCore.vcxproj]
      C:\Users\mcmco\Desktop\WMMR\src\MovieMakerCore\SundanceApp\SundanceAppMain.h(31,7):
      see declaration of 'PlaybackController'
  
C:\Users\mcmco\Desktop\WMMR\src\MovieMakerCore\StoryboardManager\MovieProject.cpp(670,23): error C2664: 'HRESULT IXmlWriter::WriteStartDocument(XmlStandalone)': cannot convert argument 1 from 'nullptr' to 'XmlStandalone' [C:\Users\mcmco\Desktop\WMMR\build\src\MovieMakerCore\MovieMakerCore.vcxproj]
      C:\Users\mcmco\Desktop\WMMR\src\MovieMakerCore\StoryboardManager\MovieProject.cpp(670,42):
      nullptr can only be converted to pointer or handle types
      C:\Program Files (x86)\Windows Kits\10\Include\10.0.26100.0\um\xmllite.h(950,43):
      see declaration of 'IXmlWriter::WriteStartDocument'
      C:\Users\mcmco\Desktop\WMMR\src\MovieMakerCore\StoryboardManager\MovieProject.cpp(670,23):
      while trying to match the argument list '(nullptr)'
  
C:\Users\mcmco\Desktop\WMMR\src\MovieMakerCore\StoryboardManager\MovieProject.cpp(680,23): error C2660: 'IXmlWriter::WriteEndElement': function does not take 1 arguments [C:\Users\mcmco\Desktop\WMMR\build\src\MovieMakerCore\MovieMakerCore.vcxproj]
      C:\Program Files (x86)\Windows Kits\10\Include\10.0.26100.0\um\xmllite.h(900,43):
      see declaration of 'IXmlWriter::WriteEndElement'
      C:\Users\mcmco\Desktop\WMMR\src\MovieMakerCore\StoryboardManager\MovieProject.cpp(680,23):
      while trying to match the argument list '(nullptr)'
  
C:\Users\mcmco\Desktop\WMMR\src\MovieMakerCore\StoryboardManager\MovieProject.cpp(685,23): error C2660: 'IXmlWriter::WriteEndDocument': function does not take 1 arguments [C:\Users\mcmco\Desktop\WMMR\build\src\MovieMakerCore\MovieMakerCore.vcxproj]
      C:\Program Files (x86)\Windows Kits\10\Include\10.0.26100.0\um\xmllite.h(898,43):
      see declaration of 'IXmlWriter::WriteEndDocument'
      C:\Users\mcmco\Desktop\WMMR\src\MovieMakerCore\StoryboardManager\MovieProject.cpp(685,23):
      while trying to match the argument list '(nullptr)'
  
C:\Users\mcmco\Desktop\WMMR\src\MovieMakerCore\StoryboardManager\MovieProject.cpp(790,23): error C2664: 'HRESULT IXmlWriter::WriteStartDocument(XmlStandalone)': cannot convert argument 1 from 'nullptr' to 'XmlStandalone' [C:\Users\mcmco\Desktop\WMMR\build\src\MovieMakerCore\MovieMakerCore.vcxproj]
      C:\Users\mcmco\Desktop\WMMR\src\MovieMakerCore\StoryboardManager\MovieProject.cpp(790,42):
      nullptr can only be converted to pointer or handle types
      C:\Program Files (x86)\Windows Kits\10\Include\10.0.26100.0\um\xmllite.h(950,43):
      see declaration of 'IXmlWriter::WriteStartDocument'
      C:\Users\mcmco\Desktop\WMMR\src\MovieMakerCore\StoryboardManager\MovieProject.cpp(790,23):
      while trying to match the argument list '(nullptr)'
  
C:\Users\mcmco\Desktop\WMMR\src\MovieMakerCore\StoryboardManager\MovieProject.cpp(794,23): error C2660: 'IXmlWriter::WriteEndElement': function does not take 1 arguments [C:\Users\mcmco\Desktop\WMMR\build\src\MovieMakerCore\MovieMakerCore.vcxproj]
      C:\Program Files (x86)\Windows Kits\10\Include\10.0.26100.0\um\xmllite.h(900,43):
      see declaration of 'IXmlWriter::WriteEndElement'
      C:\Users\mcmco\Desktop\WMMR\src\MovieMakerCore\StoryboardManager\MovieProject.cpp(794,23):
      while trying to match the argument list '(nullptr)'
  
C:\Users\mcmco\Desktop\WMMR\src\MovieMakerCore\StoryboardManager\MovieProject.cpp(796,23): error C2660: 'IXmlWriter::WriteEndDocument': function does not take 1 arguments [C:\Users\mcmco\Desktop\WMMR\build\src\MovieMakerCore\MovieMakerCore.vcxproj]
      C:\Program Files (x86)\Windows Kits\10\Include\10.0.26100.0\um\xmllite.h(898,43):
      see declaration of 'IXmlWriter::WriteEndDocument'
      C:\Users\mcmco\Desktop\WMMR\src\MovieMakerCore\StoryboardManager\MovieProject.cpp(796,23):
      while trying to match the argument list '(nullptr)'
  
C:\Users\mcmco\Desktop\WMMR\src\MovieMakerCore\pch.h(21,9): warning C4005: 'WINVER': macro redefinition [C:\Users\mcmco\Desktop\WMMR\build\src\MovieMakerCore\MovieMakerCore.vcxproj]
  (compiling source file '../../../src/MovieMakerCore/StoryboardManager/Templates.cpp')
      C:\Users\mcmco\Desktop\WMMR\src\MovieMakerCore\pch.h(21,9):
      'WINVER' previously declared on the command line
  
C:\Users\mcmco\Desktop\WMMR\src\MovieMakerCore\pch.h(22,9): warning C4005: '_WIN32_WINNT': macro redefinition [C:\Users\mcmco\Desktop\WMMR\build\src\MovieMakerCore\MovieMakerCore.vcxproj]
  (compiling source file '../../../src/MovieMakerCore/StoryboardManager/Templates.cpp')
      C:\Users\mcmco\Desktop\WMMR\src\MovieMakerCore\pch.h(22,9):
      '_WIN32_WINNT' previously declared on the command line
  
  ThemeStructure.cpp
C:\Users\mcmco\Desktop\WMMR\src\MovieMakerCore\pch.h(30,9): warning C4005: 'WIN32_LEAN_AND_MEAN': macro redefinition [C:\Users\mcmco\Desktop\WMMR\build\src\MovieMakerCore\MovieMakerCore.vcxproj]
  (compiling source file '../../../src/MovieMakerCore/StoryboardManager/Templates.cpp')
      C:\Users\mcmco\Desktop\WMMR\src\MovieMakerCore\pch.h(30,9):
      'WIN32_LEAN_AND_MEAN' previously declared on the command line
  
C:\Users\mcmco\Desktop\WMMR\src\MovieMakerCore\pch.h(31,9): warning C4005: 'NOMINMAX': macro redefinition [C:\Users\mcmco\Desktop\WMMR\build\src\MovieMakerCore\MovieMakerCore.vcxproj]
  (compiling source file '../../../src/MovieMakerCore/StoryboardManager/Templates.cpp')
      C:\Users\mcmco\Desktop\WMMR\src\MovieMakerCore\pch.h(31,9):
      'NOMINMAX' previously declared on the command line
  
C:\Users\mcmco\Desktop\WMMR\src\MovieMakerCore\pch.h(32,9): warning C4005: '_CRT_SECURE_NO_WARNINGS': macro redefinition [C:\Users\mcmco\Desktop\WMMR\build\src\MovieMakerCore\MovieMakerCore.vcxproj]
  (compiling source file '../../../src/MovieMakerCore/StoryboardManager/Templates.cpp')
      C:\Users\mcmco\Desktop\WMMR\src\MovieMakerCore\pch.h(32,9):
      '_CRT_SECURE_NO_WARNINGS' previously declared on the command line
  
C:\Users\mcmco\Desktop\WMMR\src\MovieMakerCore\pch.h(33,9): warning C4005: '_WINDLL': macro redefinition [C:\Users\mcmco\Desktop\WMMR\build\src\MovieMakerCore\MovieMakerCore.vcxproj]
  (compiling source file '../../../src/MovieMakerCore/StoryboardManager/Templates.cpp')
      C:\Users\mcmco\Desktop\WMMR\src\MovieMakerCore\pch.h(33,9):
      '_WINDLL' previously declared on the command line
  
C:\Users\mcmco\Desktop\WMMR\src\MovieMakerCore\pch.h(34,9): warning C4005: '_AFXDLL': macro redefinition [C:\Users\mcmco\Desktop\WMMR\build\src\MovieMakerCore\MovieMakerCore.vcxproj]
  (compiling source file '../../../src/MovieMakerCore/StoryboardManager/Templates.cpp')
      C:\Users\mcmco\Desktop\WMMR\src\MovieMakerCore\pch.h(34,9):
      '_AFXDLL' previously declared on the command line
  
C:\Users\mcmco\Desktop\WMMR\src\MovieMakerCore\pch.h(35,9): warning C4005: '_ATL_CSTRING_EXPLICIT_CONSTRUCTORS': macro redefinition [C:\Users\mcmco\Desktop\WMMR\build\src\MovieMakerCore\MovieMakerCore.vcxproj]
  (compiling source file '../../../src/MovieMakerCore/StoryboardManager/Templates.cpp')
      C:\Users\mcmco\Desktop\WMMR\src\MovieMakerCore\pch.h(35,9):
      '_ATL_CSTRING_EXPLICIT_CONSTRUCTORS' previously declared on the command line
  
C:\Users\mcmco\Desktop\WMMR\src\MovieMakerCore\pch.h(36,9): warning C4005: '_ATL_ALL_WARNINGS': macro redefinition [C:\Users\mcmco\Desktop\WMMR\build\src\MovieMakerCore\MovieMakerCore.vcxproj]
  (compiling source file '../../../src/MovieMakerCore/StoryboardManager/Templates.cpp')
      C:\Users\mcmco\Desktop\WMMR\src\MovieMakerCore\pch.h(36,9):
      '_ATL_ALL_WARNINGS' previously declared on the command line
  
C:\Users\mcmco\Desktop\WMMR\src\MovieMakerCore\StoryboardManager\MovieProject.cpp(1132,19): error C2664: 'HRESULT IXmlWriter::WriteAttributeString(LPCWSTR,LPCWSTR,LPCWSTR,LPCWSTR)': cannot convert argument 4 from 'errno_t' to 'LPCWSTR' [C:\Users\mcmco\Desktop\WMMR\build\src\MovieMakerCore\MovieMakerCore.vcxproj]
      C:\Users\mcmco\Desktop\WMMR\src\MovieMakerCore\StoryboardManager\MovieProject.cpp(1133,16):
      Conversion from integral type to pointer type requires reinterpret_cast, C-style cast or parenthesized function-style cast
      C:\Program Files (x86)\Windows Kits\10\Include\10.0.26100.0\um\xmllite.h(850,43):
      see declaration of 'IXmlWriter::WriteAttributeString'
      C:\Users\mcmco\Desktop\WMMR\src\MovieMakerCore\StoryboardManager\MovieProject.cpp(1132,19):
      while trying to match the argument list '(nullptr, const wchar_t [13], nullptr, errno_t)'
  
C:\Users\mcmco\Desktop\WMMR\src\MovieMakerCore\StoryboardManager\MovieProject.cpp(1136,19): error C2664: 'HRESULT IXmlWriter::WriteAttributeString(LPCWSTR,LPCWSTR,LPCWSTR,LPCWSTR)': cannot convert argument 4 from 'errno_t' to 'LPCWSTR' [C:\Users\mcmco\Desktop\WMMR\build\src\MovieMakerCore\MovieMakerCore.vcxproj]
      C:\Users\mcmco\Desktop\WMMR\src\MovieMakerCore\StoryboardManager\MovieProject.cpp(1137,16):
      Conversion from integral type to pointer type requires reinterpret_cast, C-style cast or parenthesized function-style cast
      C:\Program Files (x86)\Windows Kits\10\Include\10.0.26100.0\um\xmllite.h(850,43):
      see declaration of 'IXmlWriter::WriteAttributeString'
      C:\Users\mcmco\Desktop\WMMR\src\MovieMakerCore\StoryboardManager\MovieProject.cpp(1136,19):
      while trying to match the argument list '(nullptr, const wchar_t [13], nullptr, errno_t)'
  
C:\Users\mcmco\Desktop\WMMR\src\MovieMakerCore\pch.h(21,9): warning C4005: 'WINVER': macro redefinition [C:\Users\mcmco\Desktop\WMMR\build\src\MovieMakerCore\MovieMakerCore.vcxproj]
  (compiling source file '../../../src/MovieMakerCore/StoryboardManager/StoryboardManagerExceptions.cpp')
      C:\Users\mcmco\Desktop\WMMR\src\MovieMakerCore\pch.h(21,9):
      'WINVER' previously declared on the command line
  
C:\Users\mcmco\Desktop\WMMR\src\MovieMakerCore\pch.h(22,9): warning C4005: '_WIN32_WINNT': macro redefinition [C:\Users\mcmco\Desktop\WMMR\build\src\MovieMakerCore\MovieMakerCore.vcxproj]
  (compiling source file '../../../src/MovieMakerCore/StoryboardManager/StoryboardManagerExceptions.cpp')
      C:\Users\mcmco\Desktop\WMMR\src\MovieMakerCore\pch.h(22,9):
      '_WIN32_WINNT' previously declared on the command line
  
C:\Users\mcmco\Desktop\WMMR\src\MovieMakerCore\StoryboardManager\MovieProject.cpp(1175,23): error C2664: 'HRESULT IXmlWriter::WriteAttributeString(LPCWSTR,LPCWSTR,LPCWSTR,LPCWSTR)': cannot convert argument 4 from 'errno_t' to 'LPCWSTR' [C:\Users\mcmco\Desktop\WMMR\build\src\MovieMakerCore\MovieMakerCore.vcxproj]
      C:\Users\mcmco\Desktop\WMMR\src\MovieMakerCore\StoryboardManager\MovieProject.cpp(1176,20):
      Conversion from integral type to pointer type requires reinterpret_cast, C-style cast or parenthesized function-style cast
      C:\Program Files (x86)\Windows Kits\10\Include\10.0.26100.0\um\xmllite.h(850,43):
      see declaration of 'IXmlWriter::WriteAttributeString'
      C:\Users\mcmco\Desktop\WMMR\src\MovieMakerCore\StoryboardManager\MovieProject.cpp(1175,23):
      while trying to match the argument list '(nullptr, const wchar_t [3], nullptr, errno_t)'
  
C:\Users\mcmco\Desktop\WMMR\src\MovieMakerCore\pch.h(30,9): warning C4005: 'WIN32_LEAN_AND_MEAN': macro redefinition [C:\Users\mcmco\Desktop\WMMR\build\src\MovieMakerCore\MovieMakerCore.vcxproj]
  (compiling source file '../../../src/MovieMakerCore/StoryboardManager/StoryboardManagerExceptions.cpp')
      C:\Users\mcmco\Desktop\WMMR\src\MovieMakerCore\pch.h(30,9):
      'WIN32_LEAN_AND_MEAN' previously declared on the command line
  
C:\Users\mcmco\Desktop\WMMR\src\MovieMakerCore\pch.h(31,9): warning C4005: 'NOMINMAX': macro redefinition [C:\Users\mcmco\Desktop\WMMR\build\src\MovieMakerCore\MovieMakerCore.vcxproj]
  (compiling source file '../../../src/MovieMakerCore/StoryboardManager/StoryboardManagerExceptions.cpp')
      C:\Users\mcmco\Desktop\WMMR\src\MovieMakerCore\pch.h(31,9):
      'NOMINMAX' previously declared on the command line
  
C:\Users\mcmco\Desktop\WMMR\src\MovieMakerCore\pch.h(32,9): warning C4005: '_CRT_SECURE_NO_WARNINGS': macro redefinition [C:\Users\mcmco\Desktop\WMMR\build\src\MovieMakerCore\MovieMakerCore.vcxproj]
  (compiling source file '../../../src/MovieMakerCore/StoryboardManager/StoryboardManagerExceptions.cpp')
      C:\Users\mcmco\Desktop\WMMR\src\MovieMakerCore\pch.h(32,9):
      '_CRT_SECURE_NO_WARNINGS' previously declared on the command line
  
C:\Users\mcmco\Desktop\WMMR\src\MovieMakerCore\StoryboardManager\MovieProject.cpp(1183,23): error C2664: 'HRESULT IXmlWriter::WriteAttributeString(LPCWSTR,LPCWSTR,LPCWSTR,LPCWSTR)': cannot convert argument 4 from 'errno_t' to 'LPCWSTR' [C:\Users\mcmco\Desktop\WMMR\build\src\MovieMakerCore\MovieMakerCore.vcxproj]
      C:\Users\mcmco\Desktop\WMMR\src\MovieMakerCore\StoryboardManager\MovieProject.cpp(1184,20):
      Conversion from integral type to pointer type requires reinterpret_cast, C-style cast or parenthesized function-style cast
      C:\Program Files (x86)\Windows Kits\10\Include\10.0.26100.0\um\xmllite.h(850,43):
      see declaration of 'IXmlWriter::WriteAttributeString'
      C:\Users\mcmco\Desktop\WMMR\src\MovieMakerCore\StoryboardManager\MovieProject.cpp(1183,23):
      while trying to match the argument list '(nullptr, const wchar_t [5], nullptr, errno_t)'
  
C:\Users\mcmco\Desktop\WMMR\src\MovieMakerCore\pch.h(33,9): warning C4005: '_WINDLL': macro redefinition [C:\Users\mcmco\Desktop\WMMR\build\src\MovieMakerCore\MovieMakerCore.vcxproj]
  (compiling source file '../../../src/MovieMakerCore/StoryboardManager/StoryboardManagerExceptions.cpp')
      C:\Users\mcmco\Desktop\WMMR\src\MovieMakerCore\pch.h(33,9):
      '_WINDLL' previously declared on the command line
  
C:\Users\mcmco\Desktop\WMMR\src\MovieMakerCore\pch.h(34,9): warning C4005: '_AFXDLL': macro redefinition [C:\Users\mcmco\Desktop\WMMR\build\src\MovieMakerCore\MovieMakerCore.vcxproj]
  (compiling source file '../../../src/MovieMakerCore/StoryboardManager/StoryboardManagerExceptions.cpp')
      C:\Users\mcmco\Desktop\WMMR\src\MovieMakerCore\pch.h(34,9):
      '_AFXDLL' previously declared on the command line
  
C:\Users\mcmco\Desktop\WMMR\src\MovieMakerCore\StoryboardManager\MovieProject.cpp(1188,13): error C2660: '_i64tow_s': function does not take 3 arguments [C:\Users\mcmco\Desktop\WMMR\build\src\MovieMakerCore\MovieMakerCore.vcxproj]
      C:\Program Files (x86)\Windows Kits\10\Include\10.0.26100.0\ucrt\corecrt_wstdlib.h(264,30):
      see declaration of '_i64tow_s'
      C:\Users\mcmco\Desktop\WMMR\src\MovieMakerCore\StoryboardManager\MovieProject.cpp(1188,13):
      while trying to match the argument list '(LONGLONG, WCHAR [64], int)'
  
C:\Users\mcmco\Desktop\WMMR\src\MovieMakerCore\pch.h(35,9): warning C4005: '_ATL_CSTRING_EXPLICIT_CONSTRUCTORS': macro redefinition [C:\Users\mcmco\Desktop\WMMR\build\src\MovieMakerCore\MovieMakerCore.vcxproj]
  (compiling source file '../../../src/MovieMakerCore/StoryboardManager/StoryboardManagerExceptions.cpp')
      C:\Users\mcmco\Desktop\WMMR\src\MovieMakerCore\pch.h(35,9):
      '_ATL_CSTRING_EXPLICIT_CONSTRUCTORS' previously declared on the command line
  
C:\Users\mcmco\Desktop\WMMR\src\MovieMakerCore\pch.h(36,9): warning C4005: '_ATL_ALL_WARNINGS': macro redefinition [C:\Users\mcmco\Desktop\WMMR\build\src\MovieMakerCore\MovieMakerCore.vcxproj]
  (compiling source file '../../../src/MovieMakerCore/StoryboardManager/StoryboardManagerExceptions.cpp')
      C:\Users\mcmco\Desktop\WMMR\src\MovieMakerCore\pch.h(36,9):
      '_ATL_ALL_WARNINGS' previously declared on the command line
  
C:\Users\mcmco\Desktop\WMMR\src\MovieMakerCore\StoryboardManager\MovieProject.cpp(1193,27): error C2664: 'HRESULT IXmlWriter::WriteAttributeString(LPCWSTR,LPCWSTR,LPCWSTR,LPCWSTR)': cannot convert argument 4 from 'errno_t' to 'LPCWSTR' [C:\Users\mcmco\Desktop\WMMR\build\src\MovieMakerCore\MovieMakerCore.vcxproj]
      C:\Users\mcmco\Desktop\WMMR\src\MovieMakerCore\StoryboardManager\MovieProject.cpp(1194,24):
      Conversion from integral type to pointer type requires reinterpret_cast, C-style cast or parenthesized function-style cast
      C:\Program Files (x86)\Windows Kits\10\Include\10.0.26100.0\um\xmllite.h(850,43):
      see declaration of 'IXmlWriter::WriteAttributeString'
      C:\Users\mcmco\Desktop\WMMR\src\MovieMakerCore\StoryboardManager\MovieProject.cpp(1193,27):
      while trying to match the argument list '(nullptr, const wchar_t [6], nullptr, errno_t)'
  
C:\Users\mcmco\Desktop\WMMR\src\MovieMakerCore\StoryboardManager\MovieProject.cpp(1197,27): error C2664: 'HRESULT IXmlWriter::WriteAttributeString(LPCWSTR,LPCWSTR,LPCWSTR,LPCWSTR)': cannot convert argument 4 from 'errno_t' to 'LPCWSTR' [C:\Users\mcmco\Desktop\WMMR\build\src\MovieMakerCore\MovieMakerCore.vcxproj]
      C:\Users\mcmco\Desktop\WMMR\src\MovieMakerCore\StoryboardManager\MovieProject.cpp(1198,24):
      Conversion from integral type to pointer type requires reinterpret_cast, C-style cast or parenthesized function-style cast
      C:\Program Files (x86)\Windows Kits\10\Include\10.0.26100.0\um\xmllite.h(850,43):
      see declaration of 'IXmlWriter::WriteAttributeString'
      C:\Users\mcmco\Desktop\WMMR\src\MovieMakerCore\StoryboardManager\MovieProject.cpp(1197,27):
      while trying to match the argument list '(nullptr, const wchar_t [7], nullptr, errno_t)'
  
C:\Users\mcmco\Desktop\WMMR\src\MovieMakerCore\StoryboardManager\MovieProject.cpp(1204,27): error C2664: 'HRESULT IXmlWriter::WriteAttributeString(LPCWSTR,LPCWSTR,LPCWSTR,LPCWSTR)': cannot convert argument 4 from 'errno_t' to 'LPCWSTR' [C:\Users\mcmco\Desktop\WMMR\build\src\MovieMakerCore\MovieMakerCore.vcxproj]
      C:\Users\mcmco\Desktop\WMMR\src\MovieMakerCore\StoryboardManager\MovieProject.cpp(1205,24):
      Conversion from integral type to pointer type requires reinterpret_cast, C-style cast or parenthesized function-style cast
      C:\Program Files (x86)\Windows Kits\10\Include\10.0.26100.0\um\xmllite.h(850,43):
      see declaration of 'IXmlWriter::WriteAttributeString'
      C:\Users\mcmco\Desktop\WMMR\src\MovieMakerCore\StoryboardManager\MovieProject.cpp(1204,27):
      while trying to match the argument list '(nullptr, const wchar_t [10], nullptr, errno_t)'
  
C:\Users\mcmco\Desktop\WMMR\src\MovieMakerCore\StoryboardManager\MovieProject.cpp(1209,23): error C2660: 'IXmlWriter::WriteEndElement': function does not take 1 arguments [C:\Users\mcmco\Desktop\WMMR\build\src\MovieMakerCore\MovieMakerCore.vcxproj]
      C:\Program Files (x86)\Windows Kits\10\Include\10.0.26100.0\um\xmllite.h(900,43):
      see declaration of 'IXmlWriter::WriteEndElement'
      C:\Users\mcmco\Desktop\WMMR\src\MovieMakerCore\StoryboardManager\MovieProject.cpp(1209,23):
      while trying to match the argument list '(nullptr)'
  
C:\Users\mcmco\Desktop\WMMR\src\MovieMakerCore\StoryboardManager\MovieProject.cpp(1215,23): error C2660: 'IXmlWriter::WriteEndElement': function does not take 1 arguments [C:\Users\mcmco\Desktop\WMMR\build\src\MovieMakerCore\MovieMakerCore.vcxproj]
      C:\Program Files (x86)\Windows Kits\10\Include\10.0.26100.0\um\xmllite.h(900,43):
      see declaration of 'IXmlWriter::WriteEndElement'
      C:\Users\mcmco\Desktop\WMMR\src\MovieMakerCore\StoryboardManager\MovieProject.cpp(1215,23):
      while trying to match the argument list '(nullptr)'
  
  TextComposition.cpp
C:\Users\mcmco\Desktop\WMMR\src\MovieMakerCore\StoryboardManager\MovieProject.cpp(1248,27): error C2664: 'HRESULT IXmlWriter::WriteAttributeString(LPCWSTR,LPCWSTR,LPCWSTR,LPCWSTR)': cannot convert argument 4 from 'errno_t' to 'LPCWSTR' [C:\Users\mcmco\Desktop\WMMR\build\src\MovieMakerCore\MovieMakerCore.vcxproj]
      C:\Users\mcmco\Desktop\WMMR\src\MovieMakerCore\StoryboardManager\MovieProject.cpp(1249,24):
      Conversion from integral type to pointer type requires reinterpret_cast, C-style cast or parenthesized function-style cast
      C:\Program Files (x86)\Windows Kits\10\Include\10.0.26100.0\um\xmllite.h(850,43):
      see declaration of 'IXmlWriter::WriteAttributeString'
      C:\Users\mcmco\Desktop\WMMR\src\MovieMakerCore\StoryboardManager\MovieProject.cpp(1248,27):
      while trying to match the argument list '(nullptr, const wchar_t [3], nullptr, errno_t)'
  
C:\Users\mcmco\Desktop\WMMR\src\MovieMakerCore\StoryboardManager\MovieProject.cpp(1252,27): error C2660: 'IXmlWriter::WriteEndElement': function does not take 1 arguments [C:\Users\mcmco\Desktop\WMMR\build\src\MovieMakerCore\MovieMakerCore.vcxproj]
      C:\Program Files (x86)\Windows Kits\10\Include\10.0.26100.0\um\xmllite.h(900,43):
      see declaration of 'IXmlWriter::WriteEndElement'
      C:\Users\mcmco\Desktop\WMMR\src\MovieMakerCore\StoryboardManager\MovieProject.cpp(1252,27):
      while trying to match the argument list '(nullptr)'
  
C:\Users\mcmco\Desktop\WMMR\src\MovieMakerCore\StoryboardManager\MovieProject.cpp(1258,27): error C2660: 'IXmlWriter::WriteEndElement': function does not take 1 arguments [C:\Users\mcmco\Desktop\WMMR\build\src\MovieMakerCore\MovieMakerCore.vcxproj]
      C:\Program Files (x86)\Windows Kits\10\Include\10.0.26100.0\um\xmllite.h(900,43):
      see declaration of 'IXmlWriter::WriteEndElement'
      C:\Users\mcmco\Desktop\WMMR\src\MovieMakerCore\StoryboardManager\MovieProject.cpp(1258,27):
      while trying to match the argument list '(nullptr)'
  
C:\Users\mcmco\Desktop\WMMR\src\MovieMakerCore\StoryboardManager\MovieProject.cpp(1273,19): error C2660: 'IXmlWriter::WriteEndElement': function does not take 1 arguments [C:\Users\mcmco\Desktop\WMMR\build\src\MovieMakerCore\MovieMakerCore.vcxproj]
      C:\Program Files (x86)\Windows Kits\10\Include\10.0.26100.0\um\xmllite.h(900,43):
      see declaration of 'IXmlWriter::WriteEndElement'
      C:\Users\mcmco\Desktop\WMMR\src\MovieMakerCore\StoryboardManager\MovieProject.cpp(1273,19):
      while trying to match the argument list '(nullptr)'
  
C:\Users\mcmco\Desktop\WMMR\src\MovieMakerCore\StoryboardManager\MovieProject.cpp(1284,19): error C2660: 'IXmlWriter::WriteEndElement': function does not take 1 arguments [C:\Users\mcmco\Desktop\WMMR\build\src\MovieMakerCore\MovieMakerCore.vcxproj]
      C:\Program Files (x86)\Windows Kits\10\Include\10.0.26100.0\um\xmllite.h(900,43):
      see declaration of 'IXmlWriter::WriteEndElement'
      C:\Users\mcmco\Desktop\WMMR\src\MovieMakerCore\StoryboardManager\MovieProject.cpp(1284,19):
      while trying to match the argument list '(nullptr)'
  
C:\Users\mcmco\Desktop\WMMR\src\MovieMakerCore\StoryboardManager\MovieProject.cpp(1295,19): error C2660: 'IXmlWriter::WriteEndElement': function does not take 1 arguments [C:\Users\mcmco\Desktop\WMMR\build\src\MovieMakerCore\MovieMakerCore.vcxproj]
      C:\Program Files (x86)\Windows Kits\10\Include\10.0.26100.0\um\xmllite.h(900,43):
      see declaration of 'IXmlWriter::WriteEndElement'
      C:\Users\mcmco\Desktop\WMMR\src\MovieMakerCore\StoryboardManager\MovieProject.cpp(1295,19):
      while trying to match the argument list '(nullptr)'
  
C:\Users\mcmco\Desktop\WMMR\src\MovieMakerCore\StoryboardManager\MovieProject.cpp(1312,19): error C2039: 'GetAttributeValueByName': is not a member of 'IXmlReader' [C:\Users\mcmco\Desktop\WMMR\build\src\MovieMakerCore\MovieMakerCore.vcxproj]
      C:\Program Files (x86)\Windows Kits\10\Include\10.0.26100.0\um\xmllite.h(335,5):
      see declaration of 'IXmlReader'
  
C:\Users\mcmco\Desktop\WMMR\src\MovieMakerCore\StoryboardManager\MovieProject.cpp(1318,19): error C2039: 'GetAttributeValueByName': is not a member of 'IXmlReader' [C:\Users\mcmco\Desktop\WMMR\build\src\MovieMakerCore\MovieMakerCore.vcxproj]
      C:\Program Files (x86)\Windows Kits\10\Include\10.0.26100.0\um\xmllite.h(335,5):
      see declaration of 'IXmlReader'
  
C:\Users\mcmco\Desktop\WMMR\src\MovieMakerCore\StoryboardManager\MovieProject.cpp(1324,19): error C2039: 'GetAttributeValueByName': is not a member of 'IXmlReader' [C:\Users\mcmco\Desktop\WMMR\build\src\MovieMakerCore\MovieMakerCore.vcxproj]
      C:\Program Files (x86)\Windows Kits\10\Include\10.0.26100.0\um\xmllite.h(335,5):
      see declaration of 'IXmlReader'
  
C:\Users\mcmco\Desktop\WMMR\src\MovieMakerCore\pch.h(21,9): warning C4005: 'WINVER': macro redefinition [C:\Users\mcmco\Desktop\WMMR\build\src\MovieMakerCore\MovieMakerCore.vcxproj]
  (compiling source file '../../../src/MovieMakerCore/StoryboardManager/Theme/Theme.cpp')
      C:\Users\mcmco\Desktop\WMMR\src\MovieMakerCore\pch.h(21,9):
      'WINVER' previously declared on the command line
  
C:\Users\mcmco\Desktop\WMMR\src\MovieMakerCore\pch.h(22,9): warning C4005: '_WIN32_WINNT': macro redefinition [C:\Users\mcmco\Desktop\WMMR\build\src\MovieMakerCore\MovieMakerCore.vcxproj]
  (compiling source file '../../../src/MovieMakerCore/StoryboardManager/Theme/Theme.cpp')
      C:\Users\mcmco\Desktop\WMMR\src\MovieMakerCore\pch.h(22,9):
      '_WIN32_WINNT' previously declared on the command line
  
C:\Users\mcmco\Desktop\WMMR\src\MovieMakerCore\pch.h(30,9): warning C4005: 'WIN32_LEAN_AND_MEAN': macro redefinition [C:\Users\mcmco\Desktop\WMMR\build\src\MovieMakerCore\MovieMakerCore.vcxproj]
  (compiling source file '../../../src/MovieMakerCore/StoryboardManager/Theme/Theme.cpp')
      C:\Users\mcmco\Desktop\WMMR\src\MovieMakerCore\pch.h(30,9):
      'WIN32_LEAN_AND_MEAN' previously declared on the command line
  
C:\Users\mcmco\Desktop\WMMR\src\MovieMakerCore\pch.h(31,9): warning C4005: 'NOMINMAX': macro redefinition [C:\Users\mcmco\Desktop\WMMR\build\src\MovieMakerCore\MovieMakerCore.vcxproj]
  (compiling source file '../../../src/MovieMakerCore/StoryboardManager/Theme/Theme.cpp')
      C:\Users\mcmco\Desktop\WMMR\src\MovieMakerCore\pch.h(31,9):
      'NOMINMAX' previously declared on the command line
  
C:\Users\mcmco\Desktop\WMMR\src\MovieMakerCore\StoryboardManager\MovieProject.cpp(1391,31): error C2039: 'GetAttributeValueByName': is not a member of 'IXmlReader' [C:\Users\mcmco\Desktop\WMMR\build\src\MovieMakerCore\MovieMakerCore.vcxproj]
      C:\Program Files (x86)\Windows Kits\10\Include\10.0.26100.0\um\xmllite.h(335,5):
      see declaration of 'IXmlReader'
  
C:\Users\mcmco\Desktop\WMMR\src\MovieMakerCore\pch.h(32,9): warning C4005: '_CRT_SECURE_NO_WARNINGS': macro redefinition [C:\Users\mcmco\Desktop\WMMR\build\src\MovieMakerCore\MovieMakerCore.vcxproj]
  (compiling source file '../../../src/MovieMakerCore/StoryboardManager/Theme/Theme.cpp')
      C:\Users\mcmco\Desktop\WMMR\src\MovieMakerCore\pch.h(32,9):
      '_CRT_SECURE_NO_WARNINGS' previously declared on the command line
  
C:\Users\mcmco\Desktop\WMMR\src\MovieMakerCore\StoryboardManager\MovieProject.cpp(1395,31): error C2039: 'GetAttributeValueByName': is not a member of 'IXmlReader' [C:\Users\mcmco\Desktop\WMMR\build\src\MovieMakerCore\MovieMakerCore.vcxproj]
      C:\Program Files (x86)\Windows Kits\10\Include\10.0.26100.0\um\xmllite.h(335,5):
      see declaration of 'IXmlReader'
  
C:\Users\mcmco\Desktop\WMMR\src\MovieMakerCore\pch.h(33,9): warning C4005: '_WINDLL': macro redefinition [C:\Users\mcmco\Desktop\WMMR\build\src\MovieMakerCore\MovieMakerCore.vcxproj]
  (compiling source file '../../../src/MovieMakerCore/StoryboardManager/Theme/Theme.cpp')
      C:\Users\mcmco\Desktop\WMMR\src\MovieMakerCore\pch.h(33,9):
      '_WINDLL' previously declared on the command line
  
C:\Users\mcmco\Desktop\WMMR\src\MovieMakerCore\StoryboardManager\MovieProject.cpp(1399,31): error C2039: 'GetAttributeValueByName': is not a member of 'IXmlReader' [C:\Users\mcmco\Desktop\WMMR\build\src\MovieMakerCore\MovieMakerCore.vcxproj]
      C:\Program Files (x86)\Windows Kits\10\Include\10.0.26100.0\um\xmllite.h(335,5):
      see declaration of 'IXmlReader'
  
C:\Users\mcmco\Desktop\WMMR\src\MovieMakerCore\pch.h(34,9): warning C4005: '_AFXDLL': macro redefinition [C:\Users\mcmco\Desktop\WMMR\build\src\MovieMakerCore\MovieMakerCore.vcxproj]
  (compiling source file '../../../src/MovieMakerCore/StoryboardManager/Theme/Theme.cpp')
      C:\Users\mcmco\Desktop\WMMR\src\MovieMakerCore\pch.h(34,9):
      '_AFXDLL' previously declared on the command line
  
C:\Users\mcmco\Desktop\WMMR\src\MovieMakerCore\StoryboardManager\MovieProject.cpp(1403,31): error C2039: 'GetAttributeValueByName': is not a member of 'IXmlReader' [C:\Users\mcmco\Desktop\WMMR\build\src\MovieMakerCore\MovieMakerCore.vcxproj]
      C:\Program Files (x86)\Windows Kits\10\Include\10.0.26100.0\um\xmllite.h(335,5):
      see declaration of 'IXmlReader'
  
C:\Users\mcmco\Desktop\WMMR\src\MovieMakerCore\pch.h(35,9): warning C4005: '_ATL_CSTRING_EXPLICIT_CONSTRUCTORS': macro redefinition [C:\Users\mcmco\Desktop\WMMR\build\src\MovieMakerCore\MovieMakerCore.vcxproj]
  (compiling source file '../../../src/MovieMakerCore/StoryboardManager/Theme/Theme.cpp')
      C:\Users\mcmco\Desktop\WMMR\src\MovieMakerCore\pch.h(35,9):
      '_ATL_CSTRING_EXPLICIT_CONSTRUCTORS' previously declared on the command line
  
C:\Users\mcmco\Desktop\WMMR\src\MovieMakerCore\StoryboardManager\MovieProject.cpp(1407,31): error C2039: 'GetAttributeValueByName': is not a member of 'IXmlReader' [C:\Users\mcmco\Desktop\WMMR\build\src\MovieMakerCore\MovieMakerCore.vcxproj]
      C:\Program Files (x86)\Windows Kits\10\Include\10.0.26100.0\um\xmllite.h(335,5):
      see declaration of 'IXmlReader'
  
C:\Users\mcmco\Desktop\WMMR\src\MovieMakerCore\pch.h(36,9): warning C4005: '_ATL_ALL_WARNINGS': macro redefinition [C:\Users\mcmco\Desktop\WMMR\build\src\MovieMakerCore\MovieMakerCore.vcxproj]
  (compiling source file '../../../src/MovieMakerCore/StoryboardManager/Theme/Theme.cpp')
      C:\Users\mcmco\Desktop\WMMR\src\MovieMakerCore\pch.h(36,9):
      '_ATL_ALL_WARNINGS' previously declared on the command line
  
C:\Users\mcmco\Desktop\WMMR\src\MovieMakerCore\StoryboardManager\MovieProject.cpp(1411,35): error C2039: 'GetAttributeValueByName': is not a member of 'IXmlReader' [C:\Users\mcmco\Desktop\WMMR\build\src\MovieMakerCore\MovieMakerCore.vcxproj]
      C:\Program Files (x86)\Windows Kits\10\Include\10.0.26100.0\um\xmllite.h(335,5):
      see declaration of 'IXmlReader'
  
C:\Users\mcmco\Desktop\WMMR\src\MovieMakerCore\StoryboardManager\MovieProject.cpp(1416,31): error C2039: 'GetAttributeValueByName': is not a member of 'IXmlReader' [C:\Users\mcmco\Desktop\WMMR\build\src\MovieMakerCore\MovieMakerCore.vcxproj]
      C:\Program Files (x86)\Windows Kits\10\Include\10.0.26100.0\um\xmllite.h(335,5):
      see declaration of 'IXmlReader'
  
C:\Users\mcmco\Desktop\WMMR\src\MovieMakerCore\StoryboardManager\MovieProject.cpp(1439,27): error C2039: 'GetAttributeValueByName': is not a member of 'IXmlReader' [C:\Users\mcmco\Desktop\WMMR\build\src\MovieMakerCore\MovieMakerCore.vcxproj]
      C:\Program Files (x86)\Windows Kits\10\Include\10.0.26100.0\um\xmllite.h(335,5):
      see declaration of 'IXmlReader'
  
C:\Users\mcmco\Desktop\WMMR\src\MovieMakerCore\StoryboardManager\MovieProject.cpp(1476,31): error C2039: 'GetAttributeValueByName': is not a member of 'IXmlReader' [C:\Users\mcmco\Desktop\WMMR\build\src\MovieMakerCore\MovieMakerCore.vcxproj]
      C:\Program Files (x86)\Windows Kits\10\Include\10.0.26100.0\um\xmllite.h(335,5):
      see declaration of 'IXmlReader'
  
C:\Users\mcmco\Desktop\WMMR\src\MovieMakerCore\pch.h(21,9): warning C4005: 'WINVER': macro redefinition [C:\Users\mcmco\Desktop\WMMR\build\src\MovieMakerCore\MovieMakerCore.vcxproj]
  (compiling source file '../../../src/MovieMakerCore/StoryboardManager/Theme/ThemeTemplates.cpp')
      C:\Users\mcmco\Desktop\WMMR\src\MovieMakerCore\pch.h(21,9):
      'WINVER' previously declared on the command line
  
C:\Users\mcmco\Desktop\WMMR\src\MovieMakerCore\pch.h(22,9): warning C4005: '_WIN32_WINNT': macro redefinition [C:\Users\mcmco\Desktop\WMMR\build\src\MovieMakerCore\MovieMakerCore.vcxproj]
  (compiling source file '../../../src/MovieMakerCore/StoryboardManager/Theme/ThemeTemplates.cpp')
      C:\Users\mcmco\Desktop\WMMR\src\MovieMakerCore\pch.h(22,9):
      '_WIN32_WINNT' previously declared on the command line
  
C:\Users\mcmco\Desktop\WMMR\src\MovieMakerCore\pch.h(30,9): warning C4005: 'WIN32_LEAN_AND_MEAN': macro redefinition [C:\Users\mcmco\Desktop\WMMR\build\src\MovieMakerCore\MovieMakerCore.vcxproj]
  (compiling source file '../../../src/MovieMakerCore/StoryboardManager/Theme/ThemeTemplates.cpp')
      C:\Users\mcmco\Desktop\WMMR\src\MovieMakerCore\pch.h(30,9):
      'WIN32_LEAN_AND_MEAN' previously declared on the command line
  
C:\Users\mcmco\Desktop\WMMR\src\MovieMakerCore\pch.h(31,9): warning C4005: 'NOMINMAX': macro redefinition [C:\Users\mcmco\Desktop\WMMR\build\src\MovieMakerCore\MovieMakerCore.vcxproj]
  (compiling source file '../../../src/MovieMakerCore/StoryboardManager/Theme/ThemeTemplates.cpp')
      C:\Users\mcmco\Desktop\WMMR\src\MovieMakerCore\pch.h(31,9):
      'NOMINMAX' previously declared on the command line
  
C:\Users\mcmco\Desktop\WMMR\src\MovieMakerCore\pch.h(32,9): warning C4005: '_CRT_SECURE_NO_WARNINGS': macro redefinition [C:\Users\mcmco\Desktop\WMMR\build\src\MovieMakerCore\MovieMakerCore.vcxproj]
  (compiling source file '../../../src/MovieMakerCore/StoryboardManager/Theme/ThemeTemplates.cpp')
      C:\Users\mcmco\Desktop\WMMR\src\MovieMakerCore\pch.h(32,9):
      '_CRT_SECURE_NO_WARNINGS' previously declared on the command line
  
C:\Users\mcmco\Desktop\WMMR\src\MovieMakerCore\pch.h(33,9): warning C4005: '_WINDLL': macro redefinition [C:\Users\mcmco\Desktop\WMMR\build\src\MovieMakerCore\MovieMakerCore.vcxproj]
  (compiling source file '../../../src/MovieMakerCore/StoryboardManager/Theme/ThemeTemplates.cpp')
      C:\Users\mcmco\Desktop\WMMR\src\MovieMakerCore\pch.h(33,9):
      '_WINDLL' previously declared on the command line
  
C:\Users\mcmco\Desktop\WMMR\src\MovieMakerCore\pch.h(34,9): warning C4005: '_AFXDLL': macro redefinition [C:\Users\mcmco\Desktop\WMMR\build\src\MovieMakerCore\MovieMakerCore.vcxproj]
  (compiling source file '../../../src/MovieMakerCore/StoryboardManager/Theme/ThemeTemplates.cpp')
      C:\Users\mcmco\Desktop\WMMR\src\MovieMakerCore\pch.h(34,9):
      '_AFXDLL' previously declared on the command line
  
C:\Users\mcmco\Desktop\WMMR\src\MovieMakerCore\pch.h(35,9): warning C4005: '_ATL_CSTRING_EXPLICIT_CONSTRUCTORS': macro redefinition [C:\Users\mcmco\Desktop\WMMR\build\src\MovieMakerCore\MovieMakerCore.vcxproj]
  (compiling source file '../../../src/MovieMakerCore/StoryboardManager/Theme/ThemeTemplates.cpp')
      C:\Users\mcmco\Desktop\WMMR\src\MovieMakerCore\pch.h(35,9):
      '_ATL_CSTRING_EXPLICIT_CONSTRUCTORS' previously declared on the command line
  
C:\Users\mcmco\Desktop\WMMR\src\MovieMakerCore\pch.h(36,9): warning C4005: '_ATL_ALL_WARNINGS': macro redefinition [C:\Users\mcmco\Desktop\WMMR\build\src\MovieMakerCore\MovieMakerCore.vcxproj]
  (compiling source file '../../../src/MovieMakerCore/StoryboardManager/Theme/ThemeTemplates.cpp')
      C:\Users\mcmco\Desktop\WMMR\src\MovieMakerCore\pch.h(36,9):
      '_ATL_ALL_WARNINGS' previously declared on the command line
  
  MovieEffect.cpp
C:\Users\mcmco\Desktop\WMMR\src\MovieMakerCore\pch.h(21,9): warning C4005: 'WINVER': macro redefinition [C:\Users\mcmco\Desktop\WMMR\build\src\MovieMakerCore\MovieMakerCore.vcxproj]
  (compiling source file '../../../src/MovieMakerCore/StoryboardManager/Theme/ThemeStructure.cpp')
      C:\Users\mcmco\Desktop\WMMR\src\MovieMakerCore\pch.h(21,9):
      'WINVER' previously declared on the command line
  
C:\Users\mcmco\Desktop\WMMR\src\MovieMakerCore\pch.h(22,9): warning C4005: '_WIN32_WINNT': macro redefinition [C:\Users\mcmco\Desktop\WMMR\build\src\MovieMakerCore\MovieMakerCore.vcxproj]
  (compiling source file '../../../src/MovieMakerCore/StoryboardManager/Theme/ThemeStructure.cpp')
      C:\Users\mcmco\Desktop\WMMR\src\MovieMakerCore\pch.h(22,9):
      '_WIN32_WINNT' previously declared on the command line
  
C:\Users\mcmco\Desktop\WMMR\src\MovieMakerCore\pch.h(30,9): warning C4005: 'WIN32_LEAN_AND_MEAN': macro redefinition [C:\Users\mcmco\Desktop\WMMR\build\src\MovieMakerCore\MovieMakerCore.vcxproj]
  (compiling source file '../../../src/MovieMakerCore/StoryboardManager/Theme/ThemeStructure.cpp')
      C:\Users\mcmco\Desktop\WMMR\src\MovieMakerCore\pch.h(30,9):
      'WIN32_LEAN_AND_MEAN' previously declared on the command line
  
C:\Users\mcmco\Desktop\WMMR\src\MovieMakerCore\pch.h(31,9): warning C4005: 'NOMINMAX': macro redefinition [C:\Users\mcmco\Desktop\WMMR\build\src\MovieMakerCore\MovieMakerCore.vcxproj]
  (compiling source file '../../../src/MovieMakerCore/StoryboardManager/Theme/ThemeStructure.cpp')
      C:\Users\mcmco\Desktop\WMMR\src\MovieMakerCore\pch.h(31,9):
      'NOMINMAX' previously declared on the command line
  
C:\Users\mcmco\Desktop\WMMR\src\MovieMakerCore\pch.h(32,9): warning C4005: '_CRT_SECURE_NO_WARNINGS': macro redefinition [C:\Users\mcmco\Desktop\WMMR\build\src\MovieMakerCore\MovieMakerCore.vcxproj]
  (compiling source file '../../../src/MovieMakerCore/StoryboardManager/Theme/ThemeStructure.cpp')
      C:\Users\mcmco\Desktop\WMMR\src\MovieMakerCore\pch.h(32,9):
      '_CRT_SECURE_NO_WARNINGS' previously declared on the command line
  
C:\Users\mcmco\Desktop\WMMR\src\MovieMakerCore\pch.h(33,9): warning C4005: '_WINDLL': macro redefinition [C:\Users\mcmco\Desktop\WMMR\build\src\MovieMakerCore\MovieMakerCore.vcxproj]
  (compiling source file '../../../src/MovieMakerCore/StoryboardManager/Theme/ThemeStructure.cpp')
      C:\Users\mcmco\Desktop\WMMR\src\MovieMakerCore\pch.h(33,9):
      '_WINDLL' previously declared on the command line
  
C:\Users\mcmco\Desktop\WMMR\src\MovieMakerCore\pch.h(34,9): warning C4005: '_AFXDLL': macro redefinition [C:\Users\mcmco\Desktop\WMMR\build\src\MovieMakerCore\MovieMakerCore.vcxproj]
  (compiling source file '../../../src/MovieMakerCore/StoryboardManager/Theme/ThemeStructure.cpp')
      C:\Users\mcmco\Desktop\WMMR\src\MovieMakerCore\pch.h(34,9):
      '_AFXDLL' previously declared on the command line
  
C:\Users\mcmco\Desktop\WMMR\src\MovieMakerCore\pch.h(35,9): warning C4005: '_ATL_CSTRING_EXPLICIT_CONSTRUCTORS': macro redefinition [C:\Users\mcmco\Desktop\WMMR\build\src\MovieMakerCore\MovieMakerCore.vcxproj]
  (compiling source file '../../../src/MovieMakerCore/StoryboardManager/Theme/ThemeStructure.cpp')
      C:\Users\mcmco\Desktop\WMMR\src\MovieMakerCore\pch.h(35,9):
      '_ATL_CSTRING_EXPLICIT_CONSTRUCTORS' previously declared on the command line
  
C:\Users\mcmco\Desktop\WMMR\src\MovieMakerCore\pch.h(36,9): warning C4005: '_ATL_ALL_WARNINGS': macro redefinition [C:\Users\mcmco\Desktop\WMMR\build\src\MovieMakerCore\MovieMakerCore.vcxproj]
  (compiling source file '../../../src/MovieMakerCore/StoryboardManager/Theme/ThemeStructure.cpp')
      C:\Users\mcmco\Desktop\WMMR\src\MovieMakerCore\pch.h(36,9):
      '_ATL_ALL_WARNINGS' previously declared on the command line
  
  AVSource.cpp
C:\Users\mcmco\Desktop\WMMR\src\MovieMakerCore\pch.h(21,9): warning C4005: 'WINVER': macro redefinition [C:\Users\mcmco\Desktop\WMMR\build\src\MovieMakerCore\MovieMakerCore.vcxproj]
  (compiling source file '../../../src/MovieMakerCore/StoryboardManager/Theme/TextComposition.cpp')
      C:\Users\mcmco\Desktop\WMMR\src\MovieMakerCore\pch.h(21,9):
      'WINVER' previously declared on the command line
  
C:\Users\mcmco\Desktop\WMMR\src\MovieMakerCore\pch.h(22,9): warning C4005: '_WIN32_WINNT': macro redefinition [C:\Users\mcmco\Desktop\WMMR\build\src\MovieMakerCore\MovieMakerCore.vcxproj]
  (compiling source file '../../../src/MovieMakerCore/StoryboardManager/Theme/TextComposition.cpp')
      C:\Users\mcmco\Desktop\WMMR\src\MovieMakerCore\pch.h(22,9):
      '_WIN32_WINNT' previously declared on the command line
  
C:\Users\mcmco\Desktop\WMMR\src\MovieMakerCore\pch.h(30,9): warning C4005: 'WIN32_LEAN_AND_MEAN': macro redefinition [C:\Users\mcmco\Desktop\WMMR\build\src\MovieMakerCore\MovieMakerCore.vcxproj]
  (compiling source file '../../../src/MovieMakerCore/StoryboardManager/Theme/TextComposition.cpp')
      C:\Users\mcmco\Desktop\WMMR\src\MovieMakerCore\pch.h(30,9):
      'WIN32_LEAN_AND_MEAN' previously declared on the command line
  
C:\Users\mcmco\Desktop\WMMR\src\MovieMakerCore\pch.h(31,9): warning C4005: 'NOMINMAX': macro redefinition [C:\Users\mcmco\Desktop\WMMR\build\src\MovieMakerCore\MovieMakerCore.vcxproj]
  (compiling source file '../../../src/MovieMakerCore/StoryboardManager/Theme/TextComposition.cpp')
      C:\Users\mcmco\Desktop\WMMR\src\MovieMakerCore\pch.h(31,9):
      'NOMINMAX' previously declared on the command line
  
C:\Users\mcmco\Desktop\WMMR\src\MovieMakerCore\pch.h(32,9): warning C4005: '_CRT_SECURE_NO_WARNINGS': macro redefinition [C:\Users\mcmco\Desktop\WMMR\build\src\MovieMakerCore\MovieMakerCore.vcxproj]
  (compiling source file '../../../src/MovieMakerCore/StoryboardManager/Theme/TextComposition.cpp')
      C:\Users\mcmco\Desktop\WMMR\src\MovieMakerCore\pch.h(32,9):
      '_CRT_SECURE_NO_WARNINGS' previously declared on the command line
  
C:\Users\mcmco\Desktop\WMMR\src\MovieMakerCore\pch.h(33,9): warning C4005: '_WINDLL': macro redefinition [C:\Users\mcmco\Desktop\WMMR\build\src\MovieMakerCore\MovieMakerCore.vcxproj]
  (compiling source file '../../../src/MovieMakerCore/StoryboardManager/Theme/TextComposition.cpp')
      C:\Users\mcmco\Desktop\WMMR\src\MovieMakerCore\pch.h(33,9):
      '_WINDLL' previously declared on the command line
  
C:\Users\mcmco\Desktop\WMMR\src\MovieMakerCore\pch.h(34,9): warning C4005: '_AFXDLL': macro redefinition [C:\Users\mcmco\Desktop\WMMR\build\src\MovieMakerCore\MovieMakerCore.vcxproj]
  (compiling source file '../../../src/MovieMakerCore/StoryboardManager/Theme/TextComposition.cpp')
      C:\Users\mcmco\Desktop\WMMR\src\MovieMakerCore\pch.h(34,9):
      '_AFXDLL' previously declared on the command line
  
C:\Users\mcmco\Desktop\WMMR\src\MovieMakerCore\pch.h(35,9): warning C4005: '_ATL_CSTRING_EXPLICIT_CONSTRUCTORS': macro redefinition [C:\Users\mcmco\Desktop\WMMR\build\src\MovieMakerCore\MovieMakerCore.vcxproj]
  (compiling source file '../../../src/MovieMakerCore/StoryboardManager/Theme/TextComposition.cpp')
      C:\Users\mcmco\Desktop\WMMR\src\MovieMakerCore\pch.h(35,9):
      '_ATL_CSTRING_EXPLICIT_CONSTRUCTORS' previously declared on the command line
  
C:\Users\mcmco\Desktop\WMMR\src\MovieMakerCore\pch.h(36,9): warning C4005: '_ATL_ALL_WARNINGS': macro redefinition [C:\Users\mcmco\Desktop\WMMR\build\src\MovieMakerCore\MovieMakerCore.vcxproj]
  (compiling source file '../../../src/MovieMakerCore/StoryboardManager/Theme/TextComposition.cpp')
      C:\Users\mcmco\Desktop\WMMR\src\MovieMakerCore\pch.h(36,9):
      '_ATL_ALL_WARNINGS' previously declared on the command line
  
C:\Users\mcmco\Desktop\WMMR\src\MovieMakerCore\pch.h(21,9): warning C4005: 'WINVER': macro redefinition [C:\Users\mcmco\Desktop\WMMR\build\src\MovieMakerCore\MovieMakerCore.vcxproj]
  (compiling source file '../../../src/MovieMakerCore/StoryboardManager/MovieEffect/MovieEffect.cpp')
      C:\Users\mcmco\Desktop\WMMR\src\MovieMakerCore\pch.h(21,9):
      'WINVER' previously declared on the command line
  
C:\Users\mcmco\Desktop\WMMR\src\MovieMakerCore\pch.h(22,9): warning C4005: '_WIN32_WINNT': macro redefinition [C:\Users\mcmco\Desktop\WMMR\build\src\MovieMakerCore\MovieMakerCore.vcxproj]
  (compiling source file '../../../src/MovieMakerCore/StoryboardManager/MovieEffect/MovieEffect.cpp')
      C:\Users\mcmco\Desktop\WMMR\src\MovieMakerCore\pch.h(22,9):
      '_WIN32_WINNT' previously declared on the command line
  
C:\Users\mcmco\Desktop\WMMR\src\MovieMakerCore\pch.h(30,9): warning C4005: 'WIN32_LEAN_AND_MEAN': macro redefinition [C:\Users\mcmco\Desktop\WMMR\build\src\MovieMakerCore\MovieMakerCore.vcxproj]
  (compiling source file '../../../src/MovieMakerCore/StoryboardManager/MovieEffect/MovieEffect.cpp')
      C:\Users\mcmco\Desktop\WMMR\src\MovieMakerCore\pch.h(30,9):
      'WIN32_LEAN_AND_MEAN' previously declared on the command line
  
C:\Users\mcmco\Desktop\WMMR\src\MovieMakerCore\pch.h(31,9): warning C4005: 'NOMINMAX': macro redefinition [C:\Users\mcmco\Desktop\WMMR\build\src\MovieMakerCore\MovieMakerCore.vcxproj]
  (compiling source file '../../../src/MovieMakerCore/StoryboardManager/MovieEffect/MovieEffect.cpp')
      C:\Users\mcmco\Desktop\WMMR\src\MovieMakerCore\pch.h(31,9):
      'NOMINMAX' previously declared on the command line
  
C:\Users\mcmco\Desktop\WMMR\src\MovieMakerCore\pch.h(32,9): warning C4005: '_CRT_SECURE_NO_WARNINGS': macro redefinition [C:\Users\mcmco\Desktop\WMMR\build\src\MovieMakerCore\MovieMakerCore.vcxproj]
  (compiling source file '../../../src/MovieMakerCore/StoryboardManager/MovieEffect/MovieEffect.cpp')
      C:\Users\mcmco\Desktop\WMMR\src\MovieMakerCore\pch.h(32,9):
      '_CRT_SECURE_NO_WARNINGS' previously declared on the command line
  
C:\Users\mcmco\Desktop\WMMR\src\MovieMakerCore\pch.h(33,9): warning C4005: '_WINDLL': macro redefinition [C:\Users\mcmco\Desktop\WMMR\build\src\MovieMakerCore\MovieMakerCore.vcxproj]
  (compiling source file '../../../src/MovieMakerCore/StoryboardManager/MovieEffect/MovieEffect.cpp')
      C:\Users\mcmco\Desktop\WMMR\src\MovieMakerCore\pch.h(33,9):
      '_WINDLL' previously declared on the command line
  
C:\Users\mcmco\Desktop\WMMR\src\MovieMakerCore\pch.h(34,9): warning C4005: '_AFXDLL': macro redefinition [C:\Users\mcmco\Desktop\WMMR\build\src\MovieMakerCore\MovieMakerCore.vcxproj]
  (compiling source file '../../../src/MovieMakerCore/StoryboardManager/MovieEffect/MovieEffect.cpp')
      C:\Users\mcmco\Desktop\WMMR\src\MovieMakerCore\pch.h(34,9):
      '_AFXDLL' previously declared on the command line
  
C:\Users\mcmco\Desktop\WMMR\src\MovieMakerCore\pch.h(35,9): warning C4005: '_ATL_CSTRING_EXPLICIT_CONSTRUCTORS': macro redefinition [C:\Users\mcmco\Desktop\WMMR\build\src\MovieMakerCore\MovieMakerCore.vcxproj]
  (compiling source file '../../../src/MovieMakerCore/StoryboardManager/MovieEffect/MovieEffect.cpp')
      C:\Users\mcmco\Desktop\WMMR\src\MovieMakerCore\pch.h(35,9):
      '_ATL_CSTRING_EXPLICIT_CONSTRUCTORS' previously declared on the command line
  
C:\Users\mcmco\Desktop\WMMR\src\MovieMakerCore\pch.h(36,9): warning C4005: '_ATL_ALL_WARNINGS': macro redefinition [C:\Users\mcmco\Desktop\WMMR\build\src\MovieMakerCore\MovieMakerCore.vcxproj]
  (compiling source file '../../../src/MovieMakerCore/StoryboardManager/MovieEffect/MovieEffect.cpp')
      C:\Users\mcmco\Desktop\WMMR\src\MovieMakerCore\pch.h(36,9):
      '_ATL_ALL_WARNINGS' previously declared on the command line
  
C:\Users\mcmco\Desktop\WMMR\src\MovieMakerCore\pch.h(21,9): warning C4005: 'WINVER': macro redefinition [C:\Users\mcmco\Desktop\WMMR\build\src\MovieMakerCore\MovieMakerCore.vcxproj]
  (compiling source file '../../../src/MovieMakerCore/HMRAVSource/AVSource.cpp')
      C:\Users\mcmco\Desktop\WMMR\src\MovieMakerCore\pch.h(21,9):
      'WINVER' previously declared on the command line
  
C:\Users\mcmco\Desktop\WMMR\src\MovieMakerCore\pch.h(22,9): warning C4005: '_WIN32_WINNT': macro redefinition [C:\Users\mcmco\Desktop\WMMR\build\src\MovieMakerCore\MovieMakerCore.vcxproj]
  (compiling source file '../../../src/MovieMakerCore/HMRAVSource/AVSource.cpp')
      C:\Users\mcmco\Desktop\WMMR\src\MovieMakerCore\pch.h(22,9):
      '_WIN32_WINNT' previously declared on the command line
  
C:\Users\mcmco\Desktop\WMMR\src\MovieMakerCore\pch.h(30,9): warning C4005: 'WIN32_LEAN_AND_MEAN': macro redefinition [C:\Users\mcmco\Desktop\WMMR\build\src\MovieMakerCore\MovieMakerCore.vcxproj]
  (compiling source file '../../../src/MovieMakerCore/HMRAVSource/AVSource.cpp')
      C:\Users\mcmco\Desktop\WMMR\src\MovieMakerCore\pch.h(30,9):
      'WIN32_LEAN_AND_MEAN' previously declared on the command line
  
C:\Users\mcmco\Desktop\WMMR\src\MovieMakerCore\pch.h(31,9): warning C4005: 'NOMINMAX': macro redefinition [C:\Users\mcmco\Desktop\WMMR\build\src\MovieMakerCore\MovieMakerCore.vcxproj]
  (compiling source file '../../../src/MovieMakerCore/HMRAVSource/AVSource.cpp')
      C:\Users\mcmco\Desktop\WMMR\src\MovieMakerCore\pch.h(31,9):
      'NOMINMAX' previously declared on the command line
  
C:\Users\mcmco\Desktop\WMMR\src\MovieMakerCore\pch.h(32,9): warning C4005: '_CRT_SECURE_NO_WARNINGS': macro redefinition [C:\Users\mcmco\Desktop\WMMR\build\src\MovieMakerCore\MovieMakerCore.vcxproj]
  (compiling source file '../../../src/MovieMakerCore/HMRAVSource/AVSource.cpp')
      C:\Users\mcmco\Desktop\WMMR\src\MovieMakerCore\pch.h(32,9):
      '_CRT_SECURE_NO_WARNINGS' previously declared on the command line
  
C:\Users\mcmco\Desktop\WMMR\src\MovieMakerCore\pch.h(33,9): warning C4005: '_WINDLL': macro redefinition [C:\Users\mcmco\Desktop\WMMR\build\src\MovieMakerCore\MovieMakerCore.vcxproj]
  (compiling source file '../../../src/MovieMakerCore/HMRAVSource/AVSource.cpp')
      C:\Users\mcmco\Desktop\WMMR\src\MovieMakerCore\pch.h(33,9):
      '_WINDLL' previously declared on the command line
  
C:\Users\mcmco\Desktop\WMMR\src\MovieMakerCore\pch.h(34,9): warning C4005: '_AFXDLL': macro redefinition [C:\Users\mcmco\Desktop\WMMR\build\src\MovieMakerCore\MovieMakerCore.vcxproj]
  (compiling source file '../../../src/MovieMakerCore/HMRAVSource/AVSource.cpp')
      C:\Users\mcmco\Desktop\WMMR\src\MovieMakerCore\pch.h(34,9):
      '_AFXDLL' previously declared on the command line
  
C:\Users\mcmco\Desktop\WMMR\src\MovieMakerCore\pch.h(35,9): warning C4005: '_ATL_CSTRING_EXPLICIT_CONSTRUCTORS': macro redefinition [C:\Users\mcmco\Desktop\WMMR\build\src\MovieMakerCore\MovieMakerCore.vcxproj]
  (compiling source file '../../../src/MovieMakerCore/HMRAVSource/AVSource.cpp')
      C:\Users\mcmco\Desktop\WMMR\src\MovieMakerCore\pch.h(35,9):
      '_ATL_CSTRING_EXPLICIT_CONSTRUCTORS' previously declared on the command line
  
C:\Users\mcmco\Desktop\WMMR\src\MovieMakerCore\pch.h(36,9): warning C4005: '_ATL_ALL_WARNINGS': macro redefinition [C:\Users\mcmco\Desktop\WMMR\build\src\MovieMakerCore\MovieMakerCore.vcxproj]
  (compiling source file '../../../src/MovieMakerCore/HMRAVSource/AVSource.cpp')
      C:\Users\mcmco\Desktop\WMMR\src\MovieMakerCore\pch.h(36,9):
      '_ATL_ALL_WARNINGS' previously declared on the command line
  
C:\Users\mcmco\Desktop\WMMR\src\WTL\atlprint.h(809,25): warning C4100: 'dc': unreferenced parameter [C:\Users\mcmco\Desktop\WMMR\build\src\MovieMakerCore\MovieMakerCore.vcxproj]
  (compiling source file '../../../src/MovieMakerCore/StoryboardManager/Templates.cpp')
  
C:\Users\mcmco\Desktop\WMMR\src\WTL\atlprint.h(809,25): warning C4100: 'dc': unreferenced parameter [C:\Users\mcmco\Desktop\WMMR\build\src\MovieMakerCore\MovieMakerCore.vcxproj]
  (compiling source file '../../../src/MovieMakerCore/StoryboardManager/Theme/ThemeTemplates.cpp')
  
C:\Users\mcmco\Desktop\WMMR\src\WTL\atlprint.h(809,25): warning C4100: 'dc': unreferenced parameter [C:\Users\mcmco\Desktop\WMMR\build\src\MovieMakerCore\MovieMakerCore.vcxproj]
  (compiling source file '../../../src/MovieMakerCore/StoryboardManager/StoryboardManagerExceptions.cpp')
  
C:\Users\mcmco\Desktop\WMMR\src\WTL\atlprint.h(809,25): warning C4100: 'dc': unreferenced parameter [C:\Users\mcmco\Desktop\WMMR\build\src\MovieMakerCore\MovieMakerCore.vcxproj]
  (compiling source file '../../../src/MovieMakerCore/StoryboardManager/Theme/Theme.cpp')
  
C:\Users\mcmco\Desktop\WMMR\src\WTL\atlprint.h(809,25): warning C4100: 'dc': unreferenced parameter [C:\Users\mcmco\Desktop\WMMR\build\src\MovieMakerCore\MovieMakerCore.vcxproj]
  (compiling source file '../../../src/MovieMakerCore/StoryboardManager/Theme/ThemeStructure.cpp')
  
C:\Users\mcmco\Desktop\WMMR\src\WTL\atlprint.h(809,25): warning C4100: 'dc': unreferenced parameter [C:\Users\mcmco\Desktop\WMMR\build\src\MovieMakerCore\MovieMakerCore.vcxproj]
  (compiling source file '../../../src/MovieMakerCore/StoryboardManager/Theme/TextComposition.cpp')
  
C:\Users\mcmco\Desktop\WMMR\src\WTL\atlprint.h(809,25): warning C4100: 'dc': unreferenced parameter [C:\Users\mcmco\Desktop\WMMR\build\src\MovieMakerCore\MovieMakerCore.vcxproj]
  (compiling source file '../../../src/MovieMakerCore/HMRAVSource/AVSource.cpp')
  
C:\Users\mcmco\Desktop\WMMR\src\WTL\atlprint.h(809,25): warning C4100: 'dc': unreferenced parameter [C:\Users\mcmco\Desktop\WMMR\build\src\MovieMakerCore\MovieMakerCore.vcxproj]
  (compiling source file '../../../src/MovieMakerCore/StoryboardManager/MovieEffect/MovieEffect.cpp')
  
C:\Users\mcmco\Desktop\WMMR\src\WLXPhotoBase\BaseTypes.h(536,18): warning C4251: 'Base::File::m_strPath': 'ATL::CStringT<wchar_t,ATL::StrTraitATL<wchar_t,ATL::ChTraitsCRT<wchar_t>>>' needs to have dll-interface to be used by clients of 'Base::File' [C:\Users\mcmco\Desktop\WMMR\build\src\MovieMakerCore\MovieMakerCore.vcxproj]
  (compiling source file '../../../src/MovieMakerCore/StoryboardManager/Templates.cpp')
      C:\Program Files (x86)\Microsoft Visual Studio\2022\BuildTools\VC\Tools\MSVC\14.44.35207\atlmfc\include\cstringt.h(999,7):
      see declaration of 'ATL::CStringT<wchar_t,ATL::StrTraitATL<wchar_t,ATL::ChTraitsCRT<wchar_t>>>'
  
C:\Users\mcmco\Desktop\WMMR\src\WLXPhotoBase\BaseTypes.h(568,18): warning C4251: 'Base::TempFile::m_strPath': 'ATL::CStringT<wchar_t,ATL::StrTraitATL<wchar_t,ATL::ChTraitsCRT<wchar_t>>>' needs to have dll-interface to be used by clients of 'Base::TempFile' [C:\Users\mcmco\Desktop\WMMR\build\src\MovieMakerCore\MovieMakerCore.vcxproj]
  (compiling source file '../../../src/MovieMakerCore/StoryboardManager/Templates.cpp')
      C:\Program Files (x86)\Microsoft Visual Studio\2022\BuildTools\VC\Tools\MSVC\14.44.35207\atlmfc\include\cstringt.h(999,7):
      see declaration of 'ATL::CStringT<wchar_t,ATL::StrTraitATL<wchar_t,ATL::ChTraitsCRT<wchar_t>>>'
  
C:\Users\mcmco\Desktop\WMMR\src\WLXPhotoBase\BaseTypes.h(661,21): warning C4251: 'Base::FindFile::m_strDirectory': 'ATL::CStringT<wchar_t,ATL::StrTraitATL<wchar_t,ATL::ChTraitsCRT<wchar_t>>>' needs to have dll-interface to be used by clients of 'Base::FindFile' [C:\Users\mcmco\Desktop\WMMR\build\src\MovieMakerCore\MovieMakerCore.vcxproj]
  (compiling source file '../../../src/MovieMakerCore/StoryboardManager/Templates.cpp')
      C:\Program Files (x86)\Microsoft Visual Studio\2022\BuildTools\VC\Tools\MSVC\14.44.35207\atlmfc\include\cstringt.h(999,7):
      see declaration of 'ATL::CStringT<wchar_t,ATL::StrTraitATL<wchar_t,ATL::ChTraitsCRT<wchar_t>>>'
  
C:\Users\mcmco\Desktop\WMMR\src\WLXPhotoBase\BaseTypes.h(724,25): warning C4251: 'Base::IntSet::m_values': 'ATL::CAtlArray<int,ATL::CElementTraits<int>>' needs to have dll-interface to be used by clients of 'Base::IntSet' [C:\Users\mcmco\Desktop\WMMR\build\src\MovieMakerCore\MovieMakerCore.vcxproj]
  (compiling source file '../../../src/MovieMakerCore/StoryboardManager/Templates.cpp')
      C:\Program Files (x86)\Microsoft Visual Studio\2022\BuildTools\VC\Tools\MSVC\14.44.35207\atlmfc\include\atlcoll.h(530,7):
      see declaration of 'ATL::CAtlArray<int,ATL::CElementTraits<int>>'
  
C:\Users\mcmco\Desktop\WMMR\src\MovieMakerCore\StoryboardManager\StoryboardManagerExceptions.h(56,18): warning C4251: 'StoryboardManager::StoryboardManagerException::m_strMessage': 'ATL::CStringT<wchar_t,ATL::StrTraitATL<wchar_t,ATL::ChTraitsCRT<wchar_t>>>' needs to have dll-interface to be used by clients of 'StoryboardManager::StoryboardManagerException' [C:\Users\mcmco\Desktop\WMMR\build\src\MovieMakerCore\MovieMakerCore.vcxproj]
  (compiling source file '../../../src/MovieMakerCore/StoryboardManager/Templates.cpp')
      C:\Program Files (x86)\Microsoft Visual Studio\2022\BuildTools\VC\Tools\MSVC\14.44.35207\atlmfc\include\cstringt.h(999,7):
      see declaration of 'ATL::CStringT<wchar_t,ATL::StrTraitATL<wchar_t,ATL::ChTraitsCRT<wchar_t>>>'
  
C:\Users\mcmco\Desktop\WMMR\src\MovieMakerCore\StoryboardManager\StoryboardManagerExceptions.h(86,18): warning C4251: 'StoryboardManager::TemplateInitializationException::m_strTemplateName': 'ATL::CStringT<wchar_t,ATL::StrTraitATL<wchar_t,ATL::ChTraitsCRT<wchar_t>>>' needs to have dll-interface to be used by clients of 'StoryboardManager::TemplateInitializationException' [C:\Users\mcmco\Desktop\WMMR\build\src\MovieMakerCore\MovieMakerCore.vcxproj]
  (compiling source file '../../../src/MovieMakerCore/StoryboardManager/Templates.cpp')
      C:\Program Files (x86)\Microsoft Visual Studio\2022\BuildTools\VC\Tools\MSVC\14.44.35207\atlmfc\include\cstringt.h(999,7):
      see declaration of 'ATL::CStringT<wchar_t,ATL::StrTraitATL<wchar_t,ATL::ChTraitsCRT<wchar_t>>>'
  
C:\Users\mcmco\Desktop\WMMR\src\MovieMakerCore\StoryboardManager\StoryboardManagerExceptions.h(119,18): warning C4251: 'StoryboardManager::ScriptInitializationException::m_strScriptPath': 'ATL::CStringT<wchar_t,ATL::StrTraitATL<wchar_t,ATL::ChTraitsCRT<wchar_t>>>' needs to have dll-interface to be used by clients of 'StoryboardManager::ScriptInitializationException' [C:\Users\mcmco\Desktop\WMMR\build\src\MovieMakerCore\MovieMakerCore.vcxproj]
  (compiling source file '../../../src/MovieMakerCore/StoryboardManager/Templates.cpp')
      C:\Program Files (x86)\Microsoft Visual Studio\2022\BuildTools\VC\Tools\MSVC\14.44.35207\atlmfc\include\cstringt.h(999,7):
      see declaration of 'ATL::CStringT<wchar_t,ATL::StrTraitATL<wchar_t,ATL::ChTraitsCRT<wchar_t>>>'
  
C:\Users\mcmco\Desktop\WMMR\src\MovieMakerCore\StoryboardManager\StoryboardManagerExceptions.h(120,18): warning C4251: 'StoryboardManager::ScriptInitializationException::m_strScriptEngineId': 'ATL::CStringT<wchar_t,ATL::StrTraitATL<wchar_t,ATL::ChTraitsCRT<wchar_t>>>' needs to have dll-interface to be used by clients of 'StoryboardManager::ScriptInitializationException' [C:\Users\mcmco\Desktop\WMMR\build\src\MovieMakerCore\MovieMakerCore.vcxproj]
  (compiling source file '../../../src/MovieMakerCore/StoryboardManager/Templates.cpp')
      C:\Program Files (x86)\Microsoft Visual Studio\2022\BuildTools\VC\Tools\MSVC\14.44.35207\atlmfc\include\cstringt.h(999,7):
      see declaration of 'ATL::CStringT<wchar_t,ATL::StrTraitATL<wchar_t,ATL::ChTraitsCRT<wchar_t>>>'
  
C:\Users\mcmco\Desktop\WMMR\src\MovieMakerCore\StoryboardManager\StoryboardManagerExceptions.h(156,18): warning C4251: 'StoryboardManager::EncodeInitializationException::m_strOutputFormat': 'ATL::CStringT<wchar_t,ATL::StrTraitATL<wchar_t,ATL::ChTraitsCRT<wchar_t>>>' needs to have dll-interface to be used by clients of 'StoryboardManager::EncodeInitializationException' [C:\Users\mcmco\Desktop\WMMR\build\src\MovieMakerCore\MovieMakerCore.vcxproj]
  (compiling source file '../../../src/MovieMakerCore/StoryboardManager/Templates.cpp')
      C:\Program Files (x86)\Microsoft Visual Studio\2022\BuildTools\VC\Tools\MSVC\14.44.35207\atlmfc\include\cstringt.h(999,7):
      see declaration of 'ATL::CStringT<wchar_t,ATL::StrTraitATL<wchar_t,ATL::ChTraitsCRT<wchar_t>>>'
  
C:\Users\mcmco\Desktop\WMMR\src\MovieMakerCore\StoryboardManager\StoryboardManagerExceptions.h(157,18): warning C4251: 'StoryboardManager::EncodeInitializationException::m_strCodecName': 'ATL::CStringT<wchar_t,ATL::StrTraitATL<wchar_t,ATL::ChTraitsCRT<wchar_t>>>' needs to have dll-interface to be used by clients of 'StoryboardManager::EncodeInitializationException' [C:\Users\mcmco\Desktop\WMMR\build\src\MovieMakerCore\MovieMakerCore.vcxproj]
  (compiling source file '../../../src/MovieMakerCore/StoryboardManager/Templates.cpp')
      C:\Program Files (x86)\Microsoft Visual Studio\2022\BuildTools\VC\Tools\MSVC\14.44.35207\atlmfc\include\cstringt.h(999,7):
      see declaration of 'ATL::CStringT<wchar_t,ATL::StrTraitATL<wchar_t,ATL::ChTraitsCRT<wchar_t>>>'
  
C:\Users\mcmco\Desktop\WMMR\src\MovieMakerCore\StoryboardManager\TimelineTrack.h(99,25): warning C4251: 'StoryboardManager::TimelineTrack::m_strDisplayName': 'ATL::CStringT<wchar_t,ATL::StrTraitATL<wchar_t,ATL::ChTraitsCRT<wchar_t>>>' needs to have dll-interface to be used by clients of 'StoryboardManager::TimelineTrack' [C:\Users\mcmco\Desktop\WMMR\build\src\MovieMakerCore\MovieMakerCore.vcxproj]
  (compiling source file '../../../src/MovieMakerCore/StoryboardManager/Templates.cpp')
      C:\Program Files (x86)\Microsoft Visual Studio\2022\BuildTools\VC\Tools\MSVC\14.44.35207\atlmfc\include\cstringt.h(999,7):
      see declaration of 'ATL::CStringT<wchar_t,ATL::StrTraitATL<wchar_t,ATL::ChTraitsCRT<wchar_t>>>'
  
C:\Users\mcmco\Desktop\WMMR\src\MovieMakerCore\StoryboardManager\TimelineTrack.h(106,25): error C2079: 'StoryboardManager::TimelineTrack::m_timeline' uses undefined class 'StoryboardManager::ProjectTimeline' [C:\Users\mcmco\Desktop\WMMR\build\src\MovieMakerCore\MovieMakerCore.vcxproj]
  (compiling source file '../../../src/MovieMakerCore/StoryboardManager/Templates.cpp')
  
C:\Users\mcmco\Desktop\WMMR\src\MovieMakerCore\StoryboardManager\TimelineTrack.h(151,36): warning C4251: 'StoryboardManager::TimelineTrackManager::m_arrTracks': 'ATL::CAtlArray<StoryboardManager::TimelineTrack *,ATL::CElementTraits<E>>' needs to have dll-interface to be used by clients of 'StoryboardManager::TimelineTrackManager' [C:\Users\mcmco\Desktop\WMMR\build\src\MovieMakerCore\MovieMakerCore.vcxproj]
C:\Users\mcmco\Desktop\WMMR\src\MovieMakerCore\StoryboardManager\TimelineTrack.h(151,36): warning C4251:         with [C:\Users\mcmco\Desktop\WMMR\build\src\MovieMakerCore\MovieMakerCore.vcxproj]
C:\Users\mcmco\Desktop\WMMR\src\MovieMakerCore\StoryboardManager\TimelineTrack.h(151,36): warning C4251:         [ [C:\Users\mcmco\Desktop\WMMR\build\src\MovieMakerCore\MovieMakerCore.vcxproj]
C:\Users\mcmco\Desktop\WMMR\src\MovieMakerCore\StoryboardManager\TimelineTrack.h(151,36): warning C4251:             E=StoryboardManager::TimelineTrack * [C:\Users\mcmco\Desktop\WMMR\build\src\MovieMakerCore\MovieMakerCore.vcxproj]
C:\Users\mcmco\Desktop\WMMR\src\MovieMakerCore\StoryboardManager\TimelineTrack.h(151,36): warning C4251:         ] [C:\Users\mcmco\Desktop\WMMR\build\src\MovieMakerCore\MovieMakerCore.vcxproj]
  (compiling source file '../../../src/MovieMakerCore/StoryboardManager/Templates.cpp')
      C:\Program Files (x86)\Microsoft Visual Studio\2022\BuildTools\VC\Tools\MSVC\14.44.35207\atlmfc\include\atlcoll.h(530,7):
      see declaration of 'ATL::CAtlArray<StoryboardManager::TimelineTrack *,ATL::CElementTraits<E>>'
          with
          [
              E=StoryboardManager::TimelineTrack *
          ]
  
C:\Users\mcmco\Desktop\WMMR\src\MovieMakerCore\StoryboardManager\MovieExtent.h(151,25): warning C4251: 'StoryboardManager::MovieExtent::m_strTitleText': 'ATL::CStringT<wchar_t,ATL::StrTraitATL<wchar_t,ATL::ChTraitsCRT<wchar_t>>>' needs to have dll-interface to be used by clients of 'StoryboardManager::MovieExtent' [C:\Users\mcmco\Desktop\WMMR\build\src\MovieMakerCore\MovieMakerCore.vcxproj]
  (compiling source file '../../../src/MovieMakerCore/StoryboardManager/Templates.cpp')
      C:\Program Files (x86)\Microsoft Visual Studio\2022\BuildTools\VC\Tools\MSVC\14.44.35207\atlmfc\include\cstringt.h(999,7):
      see declaration of 'ATL::CStringT<wchar_t,ATL::StrTraitATL<wchar_t,ATL::ChTraitsCRT<wchar_t>>>'
  
C:\Users\mcmco\Desktop\WMMR\src\MovieMakerCore\StoryboardManager\MovieExtent.h(152,25): warning C4251: 'StoryboardManager::MovieExtent::m_strTitleFontFamily': 'ATL::CStringT<wchar_t,ATL::StrTraitATL<wchar_t,ATL::ChTraitsCRT<wchar_t>>>' needs to have dll-interface to be used by clients of 'StoryboardManager::MovieExtent' [C:\Users\mcmco\Desktop\WMMR\build\src\MovieMakerCore\MovieMakerCore.vcxproj]
  (compiling source file '../../../src/MovieMakerCore/StoryboardManager/Templates.cpp')
      C:\Program Files (x86)\Microsoft Visual Studio\2022\BuildTools\VC\Tools\MSVC\14.44.35207\atlmfc\include\cstringt.h(999,7):
      see declaration of 'ATL::CStringT<wchar_t,ATL::StrTraitATL<wchar_t,ATL::ChTraitsCRT<wchar_t>>>'
  
C:\Users\mcmco\Desktop\WMMR\src\WLXPhotoBase\BaseTypes.h(536,18): warning C4251: 'Base::File::m_strPath': 'ATL::CStringT<wchar_t,ATL::StrTraitATL<wchar_t,ATL::ChTraitsCRT<wchar_t>>>' needs to have dll-interface to be used by clients of 'Base::File' [C:\Users\mcmco\Desktop\WMMR\build\src\MovieMakerCore\MovieMakerCore.vcxproj]
  (compiling source file '../../../src/MovieMakerCore/StoryboardManager/Theme/ThemeTemplates.cpp')
      C:\Program Files (x86)\Microsoft Visual Studio\2022\BuildTools\VC\Tools\MSVC\14.44.35207\atlmfc\include\cstringt.h(999,7):
      see declaration of 'ATL::CStringT<wchar_t,ATL::StrTraitATL<wchar_t,ATL::ChTraitsCRT<wchar_t>>>'
  
C:\Users\mcmco\Desktop\WMMR\src\MovieMakerCore\StoryboardManager\Extents.h(104,37): warning C4251: 'StoryboardManager::ExtentCollection::m_arrExtents': 'ATL::CAtlArray<StoryboardManager::MovieExtent *,ATL::CElementTraits<E>>' needs to have dll-interface to be used by clients of 'StoryboardManager::ExtentCollection' [C:\Users\mcmco\Desktop\WMMR\build\src\MovieMakerCore\MovieMakerCore.vcxproj]
C:\Users\mcmco\Desktop\WMMR\src\MovieMakerCore\StoryboardManager\Extents.h(104,37): warning C4251:         with [C:\Users\mcmco\Desktop\WMMR\build\src\MovieMakerCore\MovieMakerCore.vcxproj]
C:\Users\mcmco\Desktop\WMMR\src\MovieMakerCore\StoryboardManager\Extents.h(104,37): warning C4251:         [ [C:\Users\mcmco\Desktop\WMMR\build\src\MovieMakerCore\MovieMakerCore.vcxproj]
C:\Users\mcmco\Desktop\WMMR\src\MovieMakerCore\StoryboardManager\Extents.h(104,37): warning C4251:             E=StoryboardManager::MovieExtent * [C:\Users\mcmco\Desktop\WMMR\build\src\MovieMakerCore\MovieMakerCore.vcxproj]
C:\Users\mcmco\Desktop\WMMR\src\MovieMakerCore\StoryboardManager\Extents.h(104,37): warning C4251:         ] [C:\Users\mcmco\Desktop\WMMR\build\src\MovieMakerCore\MovieMakerCore.vcxproj]
  (compiling source file '../../../src/MovieMakerCore/StoryboardManager/Templates.cpp')
      C:\Program Files (x86)\Microsoft Visual Studio\2022\BuildTools\VC\Tools\MSVC\14.44.35207\atlmfc\include\atlcoll.h(530,7):
      see declaration of 'ATL::CAtlArray<StoryboardManager::MovieExtent *,ATL::CElementTraits<E>>'
          with
          [
              E=StoryboardManager::MovieExtent *
          ]
  
C:\Users\mcmco\Desktop\WMMR\src\WLXPhotoBase\BaseTypes.h(568,18): warning C4251: 'Base::TempFile::m_strPath': 'ATL::CStringT<wchar_t,ATL::StrTraitATL<wchar_t,ATL::ChTraitsCRT<wchar_t>>>' needs to have dll-interface to be used by clients of 'Base::TempFile' [C:\Users\mcmco\Desktop\WMMR\build\src\MovieMakerCore\MovieMakerCore.vcxproj]
  (compiling source file '../../../src/MovieMakerCore/StoryboardManager/Theme/ThemeTemplates.cpp')
      C:\Program Files (x86)\Microsoft Visual Studio\2022\BuildTools\VC\Tools\MSVC\14.44.35207\atlmfc\include\cstringt.h(999,7):
      see declaration of 'ATL::CStringT<wchar_t,ATL::StrTraitATL<wchar_t,ATL::ChTraitsCRT<wchar_t>>>'
  
C:\Users\mcmco\Desktop\WMMR\src\MovieMakerCore\StoryboardManager\Extents.h(158,27): warning C4251: 'StoryboardManager::ExtentIdSet::m_arrIds': 'ATL::CAtlArray<DWORD,ATL::CElementTraits<unsigned long>>' needs to have dll-interface to be used by clients of 'StoryboardManager::ExtentIdSet' [C:\Users\mcmco\Desktop\WMMR\build\src\MovieMakerCore\MovieMakerCore.vcxproj]
  (compiling source file '../../../src/MovieMakerCore/StoryboardManager/Templates.cpp')
      C:\Program Files (x86)\Microsoft Visual Studio\2022\BuildTools\VC\Tools\MSVC\14.44.35207\atlmfc\include\atlcoll.h(530,7):
      see declaration of 'ATL::CAtlArray<DWORD,ATL::CElementTraits<unsigned long>>'
  
C:\Users\mcmco\Desktop\WMMR\src\WLXPhotoBase\BaseTypes.h(661,21): warning C4251: 'Base::FindFile::m_strDirectory': 'ATL::CStringT<wchar_t,ATL::StrTraitATL<wchar_t,ATL::ChTraitsCRT<wchar_t>>>' needs to have dll-interface to be used by clients of 'Base::FindFile' [C:\Users\mcmco\Desktop\WMMR\build\src\MovieMakerCore\MovieMakerCore.vcxproj]
  (compiling source file '../../../src/MovieMakerCore/StoryboardManager/Theme/ThemeTemplates.cpp')
      C:\Program Files (x86)\Microsoft Visual Studio\2022\BuildTools\VC\Tools\MSVC\14.44.35207\atlmfc\include\cstringt.h(999,7):
      see declaration of 'ATL::CStringT<wchar_t,ATL::StrTraitATL<wchar_t,ATL::ChTraitsCRT<wchar_t>>>'
  
C:\Users\mcmco\Desktop\WMMR\src\WLXPhotoBase\BaseTypes.h(724,25): warning C4251: 'Base::IntSet::m_values': 'ATL::CAtlArray<int,ATL::CElementTraits<int>>' needs to have dll-interface to be used by clients of 'Base::IntSet' [C:\Users\mcmco\Desktop\WMMR\build\src\MovieMakerCore\MovieMakerCore.vcxproj]
  (compiling source file '../../../src/MovieMakerCore/StoryboardManager/Theme/ThemeTemplates.cpp')
      C:\Program Files (x86)\Microsoft Visual Studio\2022\BuildTools\VC\Tools\MSVC\14.44.35207\atlmfc\include\atlcoll.h(530,7):
      see declaration of 'ATL::CAtlArray<int,ATL::CElementTraits<int>>'
  
C:\Users\mcmco\Desktop\WMMR\src\MovieMakerCore\StoryboardManager\MovieProject.h(119,18): warning C4251: 'StoryboardManager::ProjectMediaItem::m_strSourcePath': 'ATL::CStringT<wchar_t,ATL::StrTraitATL<wchar_t,ATL::ChTraitsCRT<wchar_t>>>' needs to have dll-interface to be used by clients of 'StoryboardManager::ProjectMediaItem' [C:\Users\mcmco\Desktop\WMMR\build\src\MovieMakerCore\MovieMakerCore.vcxproj]
  (compiling source file '../../../src/MovieMakerCore/StoryboardManager/Templates.cpp')
      C:\Program Files (x86)\Microsoft Visual Studio\2022\BuildTools\VC\Tools\MSVC\14.44.35207\atlmfc\include\cstringt.h(999,7):
      see declaration of 'ATL::CStringT<wchar_t,ATL::StrTraitATL<wchar_t,ATL::ChTraitsCRT<wchar_t>>>'
  
C:\Users\mcmco\Desktop\WMMR\src\MovieMakerCore\StoryboardManager\MovieProject.h(120,18): warning C4251: 'StoryboardManager::ProjectMediaItem::m_strThumbnailPath': 'ATL::CStringT<wchar_t,ATL::StrTraitATL<wchar_t,ATL::ChTraitsCRT<wchar_t>>>' needs to have dll-interface to be used by clients of 'StoryboardManager::ProjectMediaItem' [C:\Users\mcmco\Desktop\WMMR\build\src\MovieMakerCore\MovieMakerCore.vcxproj]
  (compiling source file '../../../src/MovieMakerCore/StoryboardManager/Templates.cpp')
      C:\Program Files (x86)\Microsoft Visual Studio\2022\BuildTools\VC\Tools\MSVC\14.44.35207\atlmfc\include\cstringt.h(999,7):
      see declaration of 'ATL::CStringT<wchar_t,ATL::StrTraitATL<wchar_t,ATL::ChTraitsCRT<wchar_t>>>'
  
C:\Users\mcmco\Desktop\WMMR\src\MovieMakerCore\StoryboardManager\MovieProject.h(127,18): warning C4251: 'StoryboardManager::ProjectMediaItem::m_strTags': 'ATL::CStringT<wchar_t,ATL::StrTraitATL<wchar_t,ATL::ChTraitsCRT<wchar_t>>>' needs to have dll-interface to be used by clients of 'StoryboardManager::ProjectMediaItem' [C:\Users\mcmco\Desktop\WMMR\build\src\MovieMakerCore\MovieMakerCore.vcxproj]
  (compiling source file '../../../src/MovieMakerCore/StoryboardManager/Templates.cpp')
      C:\Program Files (x86)\Microsoft Visual Studio\2022\BuildTools\VC\Tools\MSVC\14.44.35207\atlmfc\include\cstringt.h(999,7):
      see declaration of 'ATL::CStringT<wchar_t,ATL::StrTraitATL<wchar_t,ATL::ChTraitsCRT<wchar_t>>>'
  
C:\Users\mcmco\Desktop\WMMR\src\MovieMakerCore\StoryboardManager\MovieProject.h(130,18): warning C4251: 'StoryboardManager::ProjectMediaItem::m_strVideoCodec': 'ATL::CStringT<wchar_t,ATL::StrTraitATL<wchar_t,ATL::ChTraitsCRT<wchar_t>>>' needs to have dll-interface to be used by clients of 'StoryboardManager::ProjectMediaItem' [C:\Users\mcmco\Desktop\WMMR\build\src\MovieMakerCore\MovieMakerCore.vcxproj]
  (compiling source file '../../../src/MovieMakerCore/StoryboardManager/Templates.cpp')
      C:\Program Files (x86)\Microsoft Visual Studio\2022\BuildTools\VC\Tools\MSVC\14.44.35207\atlmfc\include\cstringt.h(999,7):
      see declaration of 'ATL::CStringT<wchar_t,ATL::StrTraitATL<wchar_t,ATL::ChTraitsCRT<wchar_t>>>'
  
C:\Users\mcmco\Desktop\WMMR\src\MovieMakerCore\StoryboardManager\MovieProject.h(131,18): warning C4251: 'StoryboardManager::ProjectMediaItem::m_strAudioCodec': 'ATL::CStringT<wchar_t,ATL::StrTraitATL<wchar_t,ATL::ChTraitsCRT<wchar_t>>>' needs to have dll-interface to be used by clients of 'StoryboardManager::ProjectMediaItem' [C:\Users\mcmco\Desktop\WMMR\build\src\MovieMakerCore\MovieMakerCore.vcxproj]
  (compiling source file '../../../src/MovieMakerCore/StoryboardManager/Templates.cpp')
      C:\Program Files (x86)\Microsoft Visual Studio\2022\BuildTools\VC\Tools\MSVC\14.44.35207\atlmfc\include\cstringt.h(999,7):
      see declaration of 'ATL::CStringT<wchar_t,ATL::StrTraitATL<wchar_t,ATL::ChTraitsCRT<wchar_t>>>'
  
C:\Users\mcmco\Desktop\WMMR\src\MovieMakerCore\StoryboardManager\StoryboardManagerExceptions.h(56,18): warning C4251: 'StoryboardManager::StoryboardManagerException::m_strMessage': 'ATL::CStringT<wchar_t,ATL::StrTraitATL<wchar_t,ATL::ChTraitsCRT<wchar_t>>>' needs to have dll-interface to be used by clients of 'StoryboardManager::StoryboardManagerException' [C:\Users\mcmco\Desktop\WMMR\build\src\MovieMakerCore\MovieMakerCore.vcxproj]
  (compiling source file '../../../src/MovieMakerCore/StoryboardManager/Theme/ThemeTemplates.cpp')
      C:\Program Files (x86)\Microsoft Visual Studio\2022\BuildTools\VC\Tools\MSVC\14.44.35207\atlmfc\include\cstringt.h(999,7):
      see declaration of 'ATL::CStringT<wchar_t,ATL::StrTraitATL<wchar_t,ATL::ChTraitsCRT<wchar_t>>>'
  
C:\Users\mcmco\Desktop\WMMR\src\MovieMakerCore\StoryboardManager\MovieProject.h(176,29): warning C4251: 'StoryboardManager::ProjectTimeline::m_arrExtentIds': 'ATL::CAtlArray<DWORD,ATL::CElementTraits<unsigned long>>' needs to have dll-interface to be used by clients of 'StoryboardManager::ProjectTimeline' [C:\Users\mcmco\Desktop\WMMR\build\src\MovieMakerCore\MovieMakerCore.vcxproj]
  (compiling source file '../../../src/MovieMakerCore/StoryboardManager/Templates.cpp')
      C:\Program Files (x86)\Microsoft Visual Studio\2022\BuildTools\VC\Tools\MSVC\14.44.35207\atlmfc\include\atlcoll.h(530,7):
      see declaration of 'ATL::CAtlArray<DWORD,ATL::CElementTraits<unsigned long>>'
  
C:\Users\mcmco\Desktop\WMMR\src\MovieMakerCore\StoryboardManager\MovieProject.h(248,18): warning C4251: 'StoryboardManager::MovieProjectSettings::m_strProjectName': 'ATL::CStringT<wchar_t,ATL::StrTraitATL<wchar_t,ATL::ChTraitsCRT<wchar_t>>>' needs to have dll-interface to be used by clients of 'StoryboardManager::MovieProjectSettings' [C:\Users\mcmco\Desktop\WMMR\build\src\MovieMakerCore\MovieMakerCore.vcxproj]
  (compiling source file '../../../src/MovieMakerCore/StoryboardManager/Templates.cpp')
      C:\Program Files (x86)\Microsoft Visual Studio\2022\BuildTools\VC\Tools\MSVC\14.44.35207\atlmfc\include\cstringt.h(999,7):
      see declaration of 'ATL::CStringT<wchar_t,ATL::StrTraitATL<wchar_t,ATL::ChTraitsCRT<wchar_t>>>'
  
C:\Users\mcmco\Desktop\WMMR\src\MovieMakerCore\StoryboardManager\StoryboardManagerExceptions.h(86,18): warning C4251: 'StoryboardManager::TemplateInitializationException::m_strTemplateName': 'ATL::CStringT<wchar_t,ATL::StrTraitATL<wchar_t,ATL::ChTraitsCRT<wchar_t>>>' needs to have dll-interface to be used by clients of 'StoryboardManager::TemplateInitializationException' [C:\Users\mcmco\Desktop\WMMR\build\src\MovieMakerCore\MovieMakerCore.vcxproj]
  (compiling source file '../../../src/MovieMakerCore/StoryboardManager/Theme/ThemeTemplates.cpp')
      C:\Program Files (x86)\Microsoft Visual Studio\2022\BuildTools\VC\Tools\MSVC\14.44.35207\atlmfc\include\cstringt.h(999,7):
      see declaration of 'ATL::CStringT<wchar_t,ATL::StrTraitATL<wchar_t,ATL::ChTraitsCRT<wchar_t>>>'
  
C:\Users\mcmco\Desktop\WMMR\src\MovieMakerCore\StoryboardManager\MovieProject.h(249,18): warning C4251: 'StoryboardManager::MovieProjectSettings::m_strAuthor': 'ATL::CStringT<wchar_t,ATL::StrTraitATL<wchar_t,ATL::ChTraitsCRT<wchar_t>>>' needs to have dll-interface to be used by clients of 'StoryboardManager::MovieProjectSettings' [C:\Users\mcmco\Desktop\WMMR\build\src\MovieMakerCore\MovieMakerCore.vcxproj]
  (compiling source file '../../../src/MovieMakerCore/StoryboardManager/Templates.cpp')
      C:\Program Files (x86)\Microsoft Visual Studio\2022\BuildTools\VC\Tools\MSVC\14.44.35207\atlmfc\include\cstringt.h(999,7):
      see declaration of 'ATL::CStringT<wchar_t,ATL::StrTraitATL<wchar_t,ATL::ChTraitsCRT<wchar_t>>>'
  
C:\Users\mcmco\Desktop\WMMR\src\MovieMakerCore\StoryboardManager\StoryboardManagerExceptions.h(119,18): warning C4251: 'StoryboardManager::ScriptInitializationException::m_strScriptPath': 'ATL::CStringT<wchar_t,ATL::StrTraitATL<wchar_t,ATL::ChTraitsCRT<wchar_t>>>' needs to have dll-interface to be used by clients of 'StoryboardManager::ScriptInitializationException' [C:\Users\mcmco\Desktop\WMMR\build\src\MovieMakerCore\MovieMakerCore.vcxproj]
  (compiling source file '../../../src/MovieMakerCore/StoryboardManager/Theme/ThemeTemplates.cpp')
      C:\Program Files (x86)\Microsoft Visual Studio\2022\BuildTools\VC\Tools\MSVC\14.44.35207\atlmfc\include\cstringt.h(999,7):
      see declaration of 'ATL::CStringT<wchar_t,ATL::StrTraitATL<wchar_t,ATL::ChTraitsCRT<wchar_t>>>'
  
C:\Users\mcmco\Desktop\WMMR\src\MovieMakerCore\StoryboardManager\StoryboardManagerExceptions.h(120,18): warning C4251: 'StoryboardManager::ScriptInitializationException::m_strScriptEngineId': 'ATL::CStringT<wchar_t,ATL::StrTraitATL<wchar_t,ATL::ChTraitsCRT<wchar_t>>>' needs to have dll-interface to be used by clients of 'StoryboardManager::ScriptInitializationException' [C:\Users\mcmco\Desktop\WMMR\build\src\MovieMakerCore\MovieMakerCore.vcxproj]
  (compiling source file '../../../src/MovieMakerCore/StoryboardManager/Theme/ThemeTemplates.cpp')
      C:\Program Files (x86)\Microsoft Visual Studio\2022\BuildTools\VC\Tools\MSVC\14.44.35207\atlmfc\include\cstringt.h(999,7):
      see declaration of 'ATL::CStringT<wchar_t,ATL::StrTraitATL<wchar_t,ATL::ChTraitsCRT<wchar_t>>>'
  
C:\Users\mcmco\Desktop\WMMR\src\MovieMakerCore\StoryboardManager\MovieProject.h(390,25): warning C4251: 'StoryboardManager::MovieProject::m_strProjectPath': 'ATL::CStringT<wchar_t,ATL::StrTraitATL<wchar_t,ATL::ChTraitsCRT<wchar_t>>>' needs to have dll-interface to be used by clients of 'StoryboardManager::MovieProject' [C:\Users\mcmco\Desktop\WMMR\build\src\MovieMakerCore\MovieMakerCore.vcxproj]
  (compiling source file '../../../src/MovieMakerCore/StoryboardManager/Templates.cpp')
      C:\Program Files (x86)\Microsoft Visual Studio\2022\BuildTools\VC\Tools\MSVC\14.44.35207\atlmfc\include\cstringt.h(999,7):
      see declaration of 'ATL::CStringT<wchar_t,ATL::StrTraitATL<wchar_t,ATL::ChTraitsCRT<wchar_t>>>'
  
C:\Users\mcmco\Desktop\WMMR\src\MovieMakerCore\StoryboardManager\StoryboardManagerExceptions.h(156,18): warning C4251: 'StoryboardManager::EncodeInitializationException::m_strOutputFormat': 'ATL::CStringT<wchar_t,ATL::StrTraitATL<wchar_t,ATL::ChTraitsCRT<wchar_t>>>' needs to have dll-interface to be used by clients of 'StoryboardManager::EncodeInitializationException' [C:\Users\mcmco\Desktop\WMMR\build\src\MovieMakerCore\MovieMakerCore.vcxproj]
  (compiling source file '../../../src/MovieMakerCore/StoryboardManager/Theme/ThemeTemplates.cpp')
      C:\Program Files (x86)\Microsoft Visual Studio\2022\BuildTools\VC\Tools\MSVC\14.44.35207\atlmfc\include\cstringt.h(999,7):
      see declaration of 'ATL::CStringT<wchar_t,ATL::StrTraitATL<wchar_t,ATL::ChTraitsCRT<wchar_t>>>'
  
C:\Users\mcmco\Desktop\WMMR\src\MovieMakerCore\StoryboardManager\StoryboardManagerExceptions.h(157,18): warning C4251: 'StoryboardManager::EncodeInitializationException::m_strCodecName': 'ATL::CStringT<wchar_t,ATL::StrTraitATL<wchar_t,ATL::ChTraitsCRT<wchar_t>>>' needs to have dll-interface to be used by clients of 'StoryboardManager::EncodeInitializationException' [C:\Users\mcmco\Desktop\WMMR\build\src\MovieMakerCore\MovieMakerCore.vcxproj]
  (compiling source file '../../../src/MovieMakerCore/StoryboardManager/Theme/ThemeTemplates.cpp')
      C:\Program Files (x86)\Microsoft Visual Studio\2022\BuildTools\VC\Tools\MSVC\14.44.35207\atlmfc\include\cstringt.h(999,7):
      see declaration of 'ATL::CStringT<wchar_t,ATL::StrTraitATL<wchar_t,ATL::ChTraitsCRT<wchar_t>>>'
  
C:\Users\mcmco\Desktop\WMMR\src\MovieMakerCore\StoryboardManager\TimelineTrack.h(99,25): warning C4251: 'StoryboardManager::TimelineTrack::m_strDisplayName': 'ATL::CStringT<wchar_t,ATL::StrTraitATL<wchar_t,ATL::ChTraitsCRT<wchar_t>>>' needs to have dll-interface to be used by clients of 'StoryboardManager::TimelineTrack' [C:\Users\mcmco\Desktop\WMMR\build\src\MovieMakerCore\MovieMakerCore.vcxproj]
  (compiling source file '../../../src/MovieMakerCore/StoryboardManager/Theme/ThemeTemplates.cpp')
      C:\Program Files (x86)\Microsoft Visual Studio\2022\BuildTools\VC\Tools\MSVC\14.44.35207\atlmfc\include\cstringt.h(999,7):
      see declaration of 'ATL::CStringT<wchar_t,ATL::StrTraitATL<wchar_t,ATL::ChTraitsCRT<wchar_t>>>'
  
C:\Users\mcmco\Desktop\WMMR\src\MovieMakerCore\StoryboardManager\TimelineTrack.h(106,25): error C2079: 'StoryboardManager::TimelineTrack::m_timeline' uses undefined class 'StoryboardManager::ProjectTimeline' [C:\Users\mcmco\Desktop\WMMR\build\src\MovieMakerCore\MovieMakerCore.vcxproj]
  (compiling source file '../../../src/MovieMakerCore/StoryboardManager/Theme/ThemeTemplates.cpp')
  
C:\Users\mcmco\Desktop\WMMR\src\MovieMakerCore\StoryboardManager\MovieProject.h(394,40): warning C4251: 'StoryboardManager::MovieProject::m_arrMediaItems': 'ATL::CAtlArray<StoryboardManager::ProjectMediaItem,ATL::CElementTraits<E>>' needs to have dll-interface to be used by clients of 'StoryboardManager::MovieProject' [C:\Users\mcmco\Desktop\WMMR\build\src\MovieMakerCore\MovieMakerCore.vcxproj]
C:\Users\mcmco\Desktop\WMMR\src\MovieMakerCore\StoryboardManager\MovieProject.h(394,40): warning C4251:         with [C:\Users\mcmco\Desktop\WMMR\build\src\MovieMakerCore\MovieMakerCore.vcxproj]
C:\Users\mcmco\Desktop\WMMR\src\MovieMakerCore\StoryboardManager\MovieProject.h(394,40): warning C4251:         [ [C:\Users\mcmco\Desktop\WMMR\build\src\MovieMakerCore\MovieMakerCore.vcxproj]
C:\Users\mcmco\Desktop\WMMR\src\MovieMakerCore\StoryboardManager\MovieProject.h(394,40): warning C4251:             E=StoryboardManager::ProjectMediaItem [C:\Users\mcmco\Desktop\WMMR\build\src\MovieMakerCore\MovieMakerCore.vcxproj]
C:\Users\mcmco\Desktop\WMMR\src\MovieMakerCore\StoryboardManager\MovieProject.h(394,40): warning C4251:         ] [C:\Users\mcmco\Desktop\WMMR\build\src\MovieMakerCore\MovieMakerCore.vcxproj]
  (compiling source file '../../../src/MovieMakerCore/StoryboardManager/Templates.cpp')
      C:\Program Files (x86)\Microsoft Visual Studio\2022\BuildTools\VC\Tools\MSVC\14.44.35207\atlmfc\include\atlcoll.h(530,7):
      see declaration of 'ATL::CAtlArray<StoryboardManager::ProjectMediaItem,ATL::CElementTraits<E>>'
          with
          [
              E=StoryboardManager::ProjectMediaItem
          ]
  
C:\Users\mcmco\Desktop\WMMR\src\MovieMakerCore\StoryboardManager\TimelineTrack.h(151,36): warning C4251: 'StoryboardManager::TimelineTrackManager::m_arrTracks': 'ATL::CAtlArray<StoryboardManager::TimelineTrack *,ATL::CElementTraits<E>>' needs to have dll-interface to be used by clients of 'StoryboardManager::TimelineTrackManager' [C:\Users\mcmco\Desktop\WMMR\build\src\MovieMakerCore\MovieMakerCore.vcxproj]
C:\Users\mcmco\Desktop\WMMR\src\MovieMakerCore\StoryboardManager\TimelineTrack.h(151,36): warning C4251:         with [C:\Users\mcmco\Desktop\WMMR\build\src\MovieMakerCore\MovieMakerCore.vcxproj]
C:\Users\mcmco\Desktop\WMMR\src\MovieMakerCore\StoryboardManager\TimelineTrack.h(151,36): warning C4251:         [ [C:\Users\mcmco\Desktop\WMMR\build\src\MovieMakerCore\MovieMakerCore.vcxproj]
C:\Users\mcmco\Desktop\WMMR\src\MovieMakerCore\StoryboardManager\TimelineTrack.h(151,36): warning C4251:             E=StoryboardManager::TimelineTrack * [C:\Users\mcmco\Desktop\WMMR\build\src\MovieMakerCore\MovieMakerCore.vcxproj]
C:\Users\mcmco\Desktop\WMMR\src\MovieMakerCore\StoryboardManager\TimelineTrack.h(151,36): warning C4251:         ] [C:\Users\mcmco\Desktop\WMMR\build\src\MovieMakerCore\MovieMakerCore.vcxproj]
  (compiling source file '../../../src/MovieMakerCore/StoryboardManager/Theme/ThemeTemplates.cpp')
      C:\Program Files (x86)\Microsoft Visual Studio\2022\BuildTools\VC\Tools\MSVC\14.44.35207\atlmfc\include\atlcoll.h(530,7):
      see declaration of 'ATL::CAtlArray<StoryboardManager::TimelineTrack *,ATL::CElementTraits<E>>'
          with
          [
              E=StoryboardManager::TimelineTrack *
          ]
  
C:\Users\mcmco\Desktop\WMMR\src\MovieMakerCore\StoryboardManager\MovieProject.h(404,32): warning C4251: 'StoryboardManager::MovieProject::m_arrUndoStack': 'ATL::CAtlArray<StoryboardManager::MovieProject::UndoEntry *,ATL::CElementTraits<E>>' needs to have dll-interface to be used by clients of 'StoryboardManager::MovieProject' [C:\Users\mcmco\Desktop\WMMR\build\src\MovieMakerCore\MovieMakerCore.vcxproj]
C:\Users\mcmco\Desktop\WMMR\src\MovieMakerCore\StoryboardManager\MovieProject.h(404,32): warning C4251:         with [C:\Users\mcmco\Desktop\WMMR\build\src\MovieMakerCore\MovieMakerCore.vcxproj]
C:\Users\mcmco\Desktop\WMMR\src\MovieMakerCore\StoryboardManager\MovieProject.h(404,32): warning C4251:         [ [C:\Users\mcmco\Desktop\WMMR\build\src\MovieMakerCore\MovieMakerCore.vcxproj]
C:\Users\mcmco\Desktop\WMMR\src\MovieMakerCore\StoryboardManager\MovieProject.h(404,32): warning C4251:             E=StoryboardManager::MovieProject::UndoEntry * [C:\Users\mcmco\Desktop\WMMR\build\src\MovieMakerCore\MovieMakerCore.vcxproj]
C:\Users\mcmco\Desktop\WMMR\src\MovieMakerCore\StoryboardManager\MovieProject.h(404,32): warning C4251:         ] [C:\Users\mcmco\Desktop\WMMR\build\src\MovieMakerCore\MovieMakerCore.vcxproj]
  (compiling source file '../../../src/MovieMakerCore/StoryboardManager/Templates.cpp')
      C:\Program Files (x86)\Microsoft Visual Studio\2022\BuildTools\VC\Tools\MSVC\14.44.35207\atlmfc\include\atlcoll.h(530,7):
      see declaration of 'ATL::CAtlArray<StoryboardManager::MovieProject::UndoEntry *,ATL::CElementTraits<E>>'
          with
          [
              E=StoryboardManager::MovieProject::UndoEntry *
          ]
  
C:\Users\mcmco\Desktop\WMMR\src\MovieMakerCore\StoryboardManager\Templates.h(127,25): warning C4251: 'StoryboardManager::ThemeEffect::m_strX3dClipName': 'ATL::CStringT<wchar_t,ATL::StrTraitATL<wchar_t,ATL::ChTraitsCRT<wchar_t>>>' needs to have dll-interface to be used by clients of 'StoryboardManager::ThemeEffect' [C:\Users\mcmco\Desktop\WMMR\build\src\MovieMakerCore\MovieMakerCore.vcxproj]
  (compiling source file '../../../src/MovieMakerCore/StoryboardManager/Templates.cpp')
      C:\Program Files (x86)\Microsoft Visual Studio\2022\BuildTools\VC\Tools\MSVC\14.44.35207\atlmfc\include\cstringt.h(999,7):
      see declaration of 'ATL::CStringT<wchar_t,ATL::StrTraitATL<wchar_t,ATL::ChTraitsCRT<wchar_t>>>'
  
C:\Users\mcmco\Desktop\WMMR\src\MovieMakerCore\StoryboardManager\MovieExtent.h(151,25): warning C4251: 'StoryboardManager::MovieExtent::m_strTitleText': 'ATL::CStringT<wchar_t,ATL::StrTraitATL<wchar_t,ATL::ChTraitsCRT<wchar_t>>>' needs to have dll-interface to be used by clients of 'StoryboardManager::MovieExtent' [C:\Users\mcmco\Desktop\WMMR\build\src\MovieMakerCore\MovieMakerCore.vcxproj]
  (compiling source file '../../../src/MovieMakerCore/StoryboardManager/Theme/ThemeTemplates.cpp')
      C:\Program Files (x86)\Microsoft Visual Studio\2022\BuildTools\VC\Tools\MSVC\14.44.35207\atlmfc\include\cstringt.h(999,7):
      see declaration of 'ATL::CStringT<wchar_t,ATL::StrTraitATL<wchar_t,ATL::ChTraitsCRT<wchar_t>>>'
  
C:\Users\mcmco\Desktop\WMMR\src\MovieMakerCore\StoryboardManager\MovieExtent.h(152,25): warning C4251: 'StoryboardManager::MovieExtent::m_strTitleFontFamily': 'ATL::CStringT<wchar_t,ATL::StrTraitATL<wchar_t,ATL::ChTraitsCRT<wchar_t>>>' needs to have dll-interface to be used by clients of 'StoryboardManager::MovieExtent' [C:\Users\mcmco\Desktop\WMMR\build\src\MovieMakerCore\MovieMakerCore.vcxproj]
  (compiling source file '../../../src/MovieMakerCore/StoryboardManager/Theme/ThemeTemplates.cpp')
      C:\Program Files (x86)\Microsoft Visual Studio\2022\BuildTools\VC\Tools\MSVC\14.44.35207\atlmfc\include\cstringt.h(999,7):
      see declaration of 'ATL::CStringT<wchar_t,ATL::StrTraitATL<wchar_t,ATL::ChTraitsCRT<wchar_t>>>'
  
C:\Users\mcmco\Desktop\WMMR\src\WLXPhotoBase\BaseTypes.h(536,18): warning C4251: 'Base::File::m_strPath': 'ATL::CStringT<wchar_t,ATL::StrTraitATL<wchar_t,ATL::ChTraitsCRT<wchar_t>>>' needs to have dll-interface to be used by clients of 'Base::File' [C:\Users\mcmco\Desktop\WMMR\build\src\MovieMakerCore\MovieMakerCore.vcxproj]
  (compiling source file '../../../src/MovieMakerCore/StoryboardManager/StoryboardManagerExceptions.cpp')
      C:\Program Files (x86)\Microsoft Visual Studio\2022\BuildTools\VC\Tools\MSVC\14.44.35207\atlmfc\include\cstringt.h(999,7):
      see declaration of 'ATL::CStringT<wchar_t,ATL::StrTraitATL<wchar_t,ATL::ChTraitsCRT<wchar_t>>>'
  
C:\Users\mcmco\Desktop\WMMR\src\MovieMakerCore\StoryboardManager\Templates.h(135,31): warning C4251: 'StoryboardManager::ThemeEffect::m_arrParameters': 'ATL::CAtlArray<StoryboardManager::ThemeEffect::Parameter,ATL::CElementTraits<E>>' needs to have dll-interface to be used by clients of 'StoryboardManager::ThemeEffect' [C:\Users\mcmco\Desktop\WMMR\build\src\MovieMakerCore\MovieMakerCore.vcxproj]
C:\Users\mcmco\Desktop\WMMR\src\MovieMakerCore\StoryboardManager\Templates.h(135,31): warning C4251:         with [C:\Users\mcmco\Desktop\WMMR\build\src\MovieMakerCore\MovieMakerCore.vcxproj]
C:\Users\mcmco\Desktop\WMMR\src\MovieMakerCore\StoryboardManager\Templates.h(135,31): warning C4251:         [ [C:\Users\mcmco\Desktop\WMMR\build\src\MovieMakerCore\MovieMakerCore.vcxproj]
C:\Users\mcmco\Desktop\WMMR\src\MovieMakerCore\StoryboardManager\Templates.h(135,31): warning C4251:             E=StoryboardManager::ThemeEffect::Parameter [C:\Users\mcmco\Desktop\WMMR\build\src\MovieMakerCore\MovieMakerCore.vcxproj]
C:\Users\mcmco\Desktop\WMMR\src\MovieMakerCore\StoryboardManager\Templates.h(135,31): warning C4251:         ] [C:\Users\mcmco\Desktop\WMMR\build\src\MovieMakerCore\MovieMakerCore.vcxproj]
  (compiling source file '../../../src/MovieMakerCore/StoryboardManager/Templates.cpp')
      C:\Program Files (x86)\Microsoft Visual Studio\2022\BuildTools\VC\Tools\MSVC\14.44.35207\atlmfc\include\atlcoll.h(530,7):
      see declaration of 'ATL::CAtlArray<StoryboardManager::ThemeEffect::Parameter,ATL::CElementTraits<E>>'
          with
          [
              E=StoryboardManager::ThemeEffect::Parameter
          ]
  
C:\Users\mcmco\Desktop\WMMR\src\MovieMakerCore\StoryboardManager\Extents.h(104,37): warning C4251: 'StoryboardManager::ExtentCollection::m_arrExtents': 'ATL::CAtlArray<StoryboardManager::MovieExtent *,ATL::CElementTraits<E>>' needs to have dll-interface to be used by clients of 'StoryboardManager::ExtentCollection' [C:\Users\mcmco\Desktop\WMMR\build\src\MovieMakerCore\MovieMakerCore.vcxproj]
C:\Users\mcmco\Desktop\WMMR\src\MovieMakerCore\StoryboardManager\Extents.h(104,37): warning C4251:         with [C:\Users\mcmco\Desktop\WMMR\build\src\MovieMakerCore\MovieMakerCore.vcxproj]
C:\Users\mcmco\Desktop\WMMR\src\MovieMakerCore\StoryboardManager\Extents.h(104,37): warning C4251:         [ [C:\Users\mcmco\Desktop\WMMR\build\src\MovieMakerCore\MovieMakerCore.vcxproj]
C:\Users\mcmco\Desktop\WMMR\src\MovieMakerCore\StoryboardManager\Extents.h(104,37): warning C4251:             E=StoryboardManager::MovieExtent * [C:\Users\mcmco\Desktop\WMMR\build\src\MovieMakerCore\MovieMakerCore.vcxproj]
C:\Users\mcmco\Desktop\WMMR\src\MovieMakerCore\StoryboardManager\Extents.h(104,37): warning C4251:         ] [C:\Users\mcmco\Desktop\WMMR\build\src\MovieMakerCore\MovieMakerCore.vcxproj]
  (compiling source file '../../../src/MovieMakerCore/StoryboardManager/Theme/ThemeTemplates.cpp')
      C:\Program Files (x86)\Microsoft Visual Studio\2022\BuildTools\VC\Tools\MSVC\14.44.35207\atlmfc\include\atlcoll.h(530,7):
      see declaration of 'ATL::CAtlArray<StoryboardManager::MovieExtent *,ATL::CElementTraits<E>>'
          with
          [
              E=StoryboardManager::MovieExtent *
          ]
  
C:\Users\mcmco\Desktop\WMMR\src\WLXPhotoBase\BaseTypes.h(568,18): warning C4251: 'Base::TempFile::m_strPath': 'ATL::CStringT<wchar_t,ATL::StrTraitATL<wchar_t,ATL::ChTraitsCRT<wchar_t>>>' needs to have dll-interface to be used by clients of 'Base::TempFile' [C:\Users\mcmco\Desktop\WMMR\build\src\MovieMakerCore\MovieMakerCore.vcxproj]
  (compiling source file '../../../src/MovieMakerCore/StoryboardManager/StoryboardManagerExceptions.cpp')
      C:\Program Files (x86)\Microsoft Visual Studio\2022\BuildTools\VC\Tools\MSVC\14.44.35207\atlmfc\include\cstringt.h(999,7):
      see declaration of 'ATL::CStringT<wchar_t,ATL::StrTraitATL<wchar_t,ATL::ChTraitsCRT<wchar_t>>>'
  
C:\Users\mcmco\Desktop\WMMR\src\WLXPhotoBase\BaseTypes.h(661,21): warning C4251: 'Base::FindFile::m_strDirectory': 'ATL::CStringT<wchar_t,ATL::StrTraitATL<wchar_t,ATL::ChTraitsCRT<wchar_t>>>' needs to have dll-interface to be used by clients of 'Base::FindFile' [C:\Users\mcmco\Desktop\WMMR\build\src\MovieMakerCore\MovieMakerCore.vcxproj]
  (compiling source file '../../../src/MovieMakerCore/StoryboardManager/StoryboardManagerExceptions.cpp')
      C:\Program Files (x86)\Microsoft Visual Studio\2022\BuildTools\VC\Tools\MSVC\14.44.35207\atlmfc\include\cstringt.h(999,7):
      see declaration of 'ATL::CStringT<wchar_t,ATL::StrTraitATL<wchar_t,ATL::ChTraitsCRT<wchar_t>>>'
  
C:\Users\mcmco\Desktop\WMMR\src\MovieMakerCore\StoryboardManager\Extents.h(158,27): warning C4251: 'StoryboardManager::ExtentIdSet::m_arrIds': 'ATL::CAtlArray<DWORD,ATL::CElementTraits<unsigned long>>' needs to have dll-interface to be used by clients of 'StoryboardManager::ExtentIdSet' [C:\Users\mcmco\Desktop\WMMR\build\src\MovieMakerCore\MovieMakerCore.vcxproj]
  (compiling source file '../../../src/MovieMakerCore/StoryboardManager/Theme/ThemeTemplates.cpp')
      C:\Program Files (x86)\Microsoft Visual Studio\2022\BuildTools\VC\Tools\MSVC\14.44.35207\atlmfc\include\atlcoll.h(530,7):
      see declaration of 'ATL::CAtlArray<DWORD,ATL::CElementTraits<unsigned long>>'
  
C:\Users\mcmco\Desktop\WMMR\src\MovieMakerCore\StoryboardManager\Templates.h(206,21): warning C4251: 'StoryboardManager::AutoMovieTheme::m_strName': 'ATL::CStringT<wchar_t,ATL::StrTraitATL<wchar_t,ATL::ChTraitsCRT<wchar_t>>>' needs to have dll-interface to be used by clients of 'StoryboardManager::AutoMovieTheme' [C:\Users\mcmco\Desktop\WMMR\build\src\MovieMakerCore\MovieMakerCore.vcxproj]
  (compiling source file '../../../src/MovieMakerCore/StoryboardManager/Templates.cpp')
      C:\Program Files (x86)\Microsoft Visual Studio\2022\BuildTools\VC\Tools\MSVC\14.44.35207\atlmfc\include\cstringt.h(999,7):
      see declaration of 'ATL::CStringT<wchar_t,ATL::StrTraitATL<wchar_t,ATL::ChTraitsCRT<wchar_t>>>'
  
C:\Users\mcmco\Desktop\WMMR\src\WLXPhotoBase\BaseTypes.h(724,25): warning C4251: 'Base::IntSet::m_values': 'ATL::CAtlArray<int,ATL::CElementTraits<int>>' needs to have dll-interface to be used by clients of 'Base::IntSet' [C:\Users\mcmco\Desktop\WMMR\build\src\MovieMakerCore\MovieMakerCore.vcxproj]
  (compiling source file '../../../src/MovieMakerCore/StoryboardManager/StoryboardManagerExceptions.cpp')
      C:\Program Files (x86)\Microsoft Visual Studio\2022\BuildTools\VC\Tools\MSVC\14.44.35207\atlmfc\include\atlcoll.h(530,7):
      see declaration of 'ATL::CAtlArray<int,ATL::CElementTraits<int>>'
  
C:\Users\mcmco\Desktop\WMMR\src\MovieMakerCore\StoryboardManager\Templates.h(207,21): warning C4251: 'StoryboardManager::AutoMovieTheme::m_strDisplayName': 'ATL::CStringT<wchar_t,ATL::StrTraitATL<wchar_t,ATL::ChTraitsCRT<wchar_t>>>' needs to have dll-interface to be used by clients of 'StoryboardManager::AutoMovieTheme' [C:\Users\mcmco\Desktop\WMMR\build\src\MovieMakerCore\MovieMakerCore.vcxproj]
  (compiling source file '../../../src/MovieMakerCore/StoryboardManager/Templates.cpp')
      C:\Program Files (x86)\Microsoft Visual Studio\2022\BuildTools\VC\Tools\MSVC\14.44.35207\atlmfc\include\cstringt.h(999,7):
      see declaration of 'ATL::CStringT<wchar_t,ATL::StrTraitATL<wchar_t,ATL::ChTraitsCRT<wchar_t>>>'
  
C:\Users\mcmco\Desktop\WMMR\src\MovieMakerCore\StoryboardManager\Templates.h(208,21): warning C4251: 'StoryboardManager::AutoMovieTheme::m_strDescription': 'ATL::CStringT<wchar_t,ATL::StrTraitATL<wchar_t,ATL::ChTraitsCRT<wchar_t>>>' needs to have dll-interface to be used by clients of 'StoryboardManager::AutoMovieTheme' [C:\Users\mcmco\Desktop\WMMR\build\src\MovieMakerCore\MovieMakerCore.vcxproj]
  (compiling source file '../../../src/MovieMakerCore/StoryboardManager/Templates.cpp')
      C:\Program Files (x86)\Microsoft Visual Studio\2022\BuildTools\VC\Tools\MSVC\14.44.35207\atlmfc\include\cstringt.h(999,7):
      see declaration of 'ATL::CStringT<wchar_t,ATL::StrTraitATL<wchar_t,ATL::ChTraitsCRT<wchar_t>>>'
  
C:\Users\mcmco\Desktop\WMMR\src\MovieMakerCore\StoryboardManager\Templates.h(127,25): warning C4251: 'StoryboardManager::ThemeEffect::m_strX3dClipName': 'ATL::CStringT<wchar_t,ATL::StrTraitATL<wchar_t,ATL::ChTraitsCRT<wchar_t>>>' needs to have dll-interface to be used by clients of 'StoryboardManager::ThemeEffect' [C:\Users\mcmco\Desktop\WMMR\build\src\MovieMakerCore\MovieMakerCore.vcxproj]
  (compiling source file '../../../src/MovieMakerCore/StoryboardManager/Theme/ThemeTemplates.cpp')
      C:\Program Files (x86)\Microsoft Visual Studio\2022\BuildTools\VC\Tools\MSVC\14.44.35207\atlmfc\include\cstringt.h(999,7):
      see declaration of 'ATL::CStringT<wchar_t,ATL::StrTraitATL<wchar_t,ATL::ChTraitsCRT<wchar_t>>>'
  
C:\Users\mcmco\Desktop\WMMR\src\MovieMakerCore\StoryboardManager\Templates.h(209,21): warning C4251: 'StoryboardManager::AutoMovieTheme::m_strThumbnailPath': 'ATL::CStringT<wchar_t,ATL::StrTraitATL<wchar_t,ATL::ChTraitsCRT<wchar_t>>>' needs to have dll-interface to be used by clients of 'StoryboardManager::AutoMovieTheme' [C:\Users\mcmco\Desktop\WMMR\build\src\MovieMakerCore\MovieMakerCore.vcxproj]
  (compiling source file '../../../src/MovieMakerCore/StoryboardManager/Templates.cpp')
      C:\Program Files (x86)\Microsoft Visual Studio\2022\BuildTools\VC\Tools\MSVC\14.44.35207\atlmfc\include\cstringt.h(999,7):
      see declaration of 'ATL::CStringT<wchar_t,ATL::StrTraitATL<wchar_t,ATL::ChTraitsCRT<wchar_t>>>'
  
C:\Users\mcmco\Desktop\WMMR\src\MovieMakerCore\StoryboardManager\Templates.h(210,21): warning C4251: 'StoryboardManager::AutoMovieTheme::m_strCategory': 'ATL::CStringT<wchar_t,ATL::StrTraitATL<wchar_t,ATL::ChTraitsCRT<wchar_t>>>' needs to have dll-interface to be used by clients of 'StoryboardManager::AutoMovieTheme' [C:\Users\mcmco\Desktop\WMMR\build\src\MovieMakerCore\MovieMakerCore.vcxproj]
  (compiling source file '../../../src/MovieMakerCore/StoryboardManager/Templates.cpp')
      C:\Program Files (x86)\Microsoft Visual Studio\2022\BuildTools\VC\Tools\MSVC\14.44.35207\atlmfc\include\cstringt.h(999,7):
      see declaration of 'ATL::CStringT<wchar_t,ATL::StrTraitATL<wchar_t,ATL::ChTraitsCRT<wchar_t>>>'
  
C:\Users\mcmco\Desktop\WMMR\src\MovieMakerCore\StoryboardManager\Templates.h(211,21): warning C4251: 'StoryboardManager::AutoMovieTheme::m_strTitleFontFamily': 'ATL::CStringT<wchar_t,ATL::StrTraitATL<wchar_t,ATL::ChTraitsCRT<wchar_t>>>' needs to have dll-interface to be used by clients of 'StoryboardManager::AutoMovieTheme' [C:\Users\mcmco\Desktop\WMMR\build\src\MovieMakerCore\MovieMakerCore.vcxproj]
  (compiling source file '../../../src/MovieMakerCore/StoryboardManager/Templates.cpp')
      C:\Program Files (x86)\Microsoft Visual Studio\2022\BuildTools\VC\Tools\MSVC\14.44.35207\atlmfc\include\cstringt.h(999,7):
      see declaration of 'ATL::CStringT<wchar_t,ATL::StrTraitATL<wchar_t,ATL::ChTraitsCRT<wchar_t>>>'
  
C:\Users\mcmco\Desktop\WMMR\src\MovieMakerCore\StoryboardManager\Templates.h(135,31): warning C4251: 'StoryboardManager::ThemeEffect::m_arrParameters': 'ATL::CAtlArray<StoryboardManager::ThemeEffect::Parameter,ATL::CElementTraits<E>>' needs to have dll-interface to be used by clients of 'StoryboardManager::ThemeEffect' [C:\Users\mcmco\Desktop\WMMR\build\src\MovieMakerCore\MovieMakerCore.vcxproj]
C:\Users\mcmco\Desktop\WMMR\src\MovieMakerCore\StoryboardManager\Templates.h(135,31): warning C4251:         with [C:\Users\mcmco\Desktop\WMMR\build\src\MovieMakerCore\MovieMakerCore.vcxproj]
C:\Users\mcmco\Desktop\WMMR\src\MovieMakerCore\StoryboardManager\Templates.h(135,31): warning C4251:         [ [C:\Users\mcmco\Desktop\WMMR\build\src\MovieMakerCore\MovieMakerCore.vcxproj]
C:\Users\mcmco\Desktop\WMMR\src\MovieMakerCore\StoryboardManager\Templates.h(135,31): warning C4251:             E=StoryboardManager::ThemeEffect::Parameter [C:\Users\mcmco\Desktop\WMMR\build\src\MovieMakerCore\MovieMakerCore.vcxproj]
C:\Users\mcmco\Desktop\WMMR\src\MovieMakerCore\StoryboardManager\Templates.h(135,31): warning C4251:         ] [C:\Users\mcmco\Desktop\WMMR\build\src\MovieMakerCore\MovieMakerCore.vcxproj]
  (compiling source file '../../../src/MovieMakerCore/StoryboardManager/Theme/ThemeTemplates.cpp')
      C:\Program Files (x86)\Microsoft Visual Studio\2022\BuildTools\VC\Tools\MSVC\14.44.35207\atlmfc\include\atlcoll.h(530,7):
      see declaration of 'ATL::CAtlArray<StoryboardManager::ThemeEffect::Parameter,ATL::CElementTraits<E>>'
          with
          [
              E=StoryboardManager::ThemeEffect::Parameter
          ]
  
C:\Users\mcmco\Desktop\WMMR\src\WLXPhotoBase\BaseTypes.h(536,18): warning C4251: 'Base::File::m_strPath': 'ATL::CStringT<wchar_t,ATL::StrTraitATL<wchar_t,ATL::ChTraitsCRT<wchar_t>>>' needs to have dll-interface to be used by clients of 'Base::File' [C:\Users\mcmco\Desktop\WMMR\build\src\MovieMakerCore\MovieMakerCore.vcxproj]
  (compiling source file '../../../src/MovieMakerCore/StoryboardManager/Theme/Theme.cpp')
      C:\Program Files (x86)\Microsoft Visual Studio\2022\BuildTools\VC\Tools\MSVC\14.44.35207\atlmfc\include\cstringt.h(999,7):
      see declaration of 'ATL::CStringT<wchar_t,ATL::StrTraitATL<wchar_t,ATL::ChTraitsCRT<wchar_t>>>'
  
C:\Users\mcmco\Desktop\WMMR\src\MovieMakerCore\StoryboardManager\Templates.h(213,33): warning C4251: 'StoryboardManager::AutoMovieTheme::m_arrEffects': 'ATL::CAtlArray<StoryboardManager::ThemeEffect,ATL::CElementTraits<E>>' needs to have dll-interface to be used by clients of 'StoryboardManager::AutoMovieTheme' [C:\Users\mcmco\Desktop\WMMR\build\src\MovieMakerCore\MovieMakerCore.vcxproj]
C:\Users\mcmco\Desktop\WMMR\src\MovieMakerCore\StoryboardManager\Templates.h(213,33): warning C4251:         with [C:\Users\mcmco\Desktop\WMMR\build\src\MovieMakerCore\MovieMakerCore.vcxproj]
C:\Users\mcmco\Desktop\WMMR\src\MovieMakerCore\StoryboardManager\Templates.h(213,33): warning C4251:         [ [C:\Users\mcmco\Desktop\WMMR\build\src\MovieMakerCore\MovieMakerCore.vcxproj]
C:\Users\mcmco\Desktop\WMMR\src\MovieMakerCore\StoryboardManager\Templates.h(213,33): warning C4251:             E=StoryboardManager::ThemeEffect [C:\Users\mcmco\Desktop\WMMR\build\src\MovieMakerCore\MovieMakerCore.vcxproj]
C:\Users\mcmco\Desktop\WMMR\src\MovieMakerCore\StoryboardManager\Templates.h(213,33): warning C4251:         ] [C:\Users\mcmco\Desktop\WMMR\build\src\MovieMakerCore\MovieMakerCore.vcxproj]
  (compiling source file '../../../src/MovieMakerCore/StoryboardManager/Templates.cpp')
      C:\Program Files (x86)\Microsoft Visual Studio\2022\BuildTools\VC\Tools\MSVC\14.44.35207\atlmfc\include\atlcoll.h(530,7):
      see declaration of 'ATL::CAtlArray<StoryboardManager::ThemeEffect,ATL::CElementTraits<E>>'
          with
          [
              E=StoryboardManager::ThemeEffect
          ]
  
C:\Users\mcmco\Desktop\WMMR\src\WLXPhotoBase\BaseTypes.h(568,18): warning C4251: 'Base::TempFile::m_strPath': 'ATL::CStringT<wchar_t,ATL::StrTraitATL<wchar_t,ATL::ChTraitsCRT<wchar_t>>>' needs to have dll-interface to be used by clients of 'Base::TempFile' [C:\Users\mcmco\Desktop\WMMR\build\src\MovieMakerCore\MovieMakerCore.vcxproj]
  (compiling source file '../../../src/MovieMakerCore/StoryboardManager/Theme/Theme.cpp')
      C:\Program Files (x86)\Microsoft Visual Studio\2022\BuildTools\VC\Tools\MSVC\14.44.35207\atlmfc\include\cstringt.h(999,7):
      see declaration of 'ATL::CStringT<wchar_t,ATL::StrTraitATL<wchar_t,ATL::ChTraitsCRT<wchar_t>>>'
  
C:\Users\mcmco\Desktop\WMMR\src\MovieMakerCore\StoryboardManager\Templates.h(206,21): warning C4251: 'StoryboardManager::AutoMovieTheme::m_strName': 'ATL::CStringT<wchar_t,ATL::StrTraitATL<wchar_t,ATL::ChTraitsCRT<wchar_t>>>' needs to have dll-interface to be used by clients of 'StoryboardManager::AutoMovieTheme' [C:\Users\mcmco\Desktop\WMMR\build\src\MovieMakerCore\MovieMakerCore.vcxproj]
  (compiling source file '../../../src/MovieMakerCore/StoryboardManager/Theme/ThemeTemplates.cpp')
      C:\Program Files (x86)\Microsoft Visual Studio\2022\BuildTools\VC\Tools\MSVC\14.44.35207\atlmfc\include\cstringt.h(999,7):
      see declaration of 'ATL::CStringT<wchar_t,ATL::StrTraitATL<wchar_t,ATL::ChTraitsCRT<wchar_t>>>'
  
C:\Users\mcmco\Desktop\WMMR\src\MovieMakerCore\StoryboardManager\Templates.h(273,25): warning C4251: 'StoryboardManager::TemplateEntry::m_strName': 'ATL::CStringT<wchar_t,ATL::StrTraitATL<wchar_t,ATL::ChTraitsCRT<wchar_t>>>' needs to have dll-interface to be used by clients of 'StoryboardManager::TemplateEntry' [C:\Users\mcmco\Desktop\WMMR\build\src\MovieMakerCore\MovieMakerCore.vcxproj]
  (compiling source file '../../../src/MovieMakerCore/StoryboardManager/Templates.cpp')
      C:\Program Files (x86)\Microsoft Visual Studio\2022\BuildTools\VC\Tools\MSVC\14.44.35207\atlmfc\include\cstringt.h(999,7):
      see declaration of 'ATL::CStringT<wchar_t,ATL::StrTraitATL<wchar_t,ATL::ChTraitsCRT<wchar_t>>>'
  
C:\Users\mcmco\Desktop\WMMR\src\WLXPhotoBase\BaseTypes.h(661,21): warning C4251: 'Base::FindFile::m_strDirectory': 'ATL::CStringT<wchar_t,ATL::StrTraitATL<wchar_t,ATL::ChTraitsCRT<wchar_t>>>' needs to have dll-interface to be used by clients of 'Base::FindFile' [C:\Users\mcmco\Desktop\WMMR\build\src\MovieMakerCore\MovieMakerCore.vcxproj]
  (compiling source file '../../../src/MovieMakerCore/StoryboardManager/Theme/Theme.cpp')
      C:\Program Files (x86)\Microsoft Visual Studio\2022\BuildTools\VC\Tools\MSVC\14.44.35207\atlmfc\include\cstringt.h(999,7):
      see declaration of 'ATL::CStringT<wchar_t,ATL::StrTraitATL<wchar_t,ATL::ChTraitsCRT<wchar_t>>>'
  
C:\Users\mcmco\Desktop\WMMR\src\MovieMakerCore\StoryboardManager\TimelineTrack.h(99,25): warning C4251: 'StoryboardManager::TimelineTrack::m_strDisplayName': 'ATL::CStringT<wchar_t,ATL::StrTraitATL<wchar_t,ATL::ChTraitsCRT<wchar_t>>>' needs to have dll-interface to be used by clients of 'StoryboardManager::TimelineTrack' [C:\Users\mcmco\Desktop\WMMR\build\src\MovieMakerCore\MovieMakerCore.vcxproj]
  (compiling source file '../../../src/MovieMakerCore/StoryboardManager/StoryboardManagerExceptions.cpp')
      C:\Program Files (x86)\Microsoft Visual Studio\2022\BuildTools\VC\Tools\MSVC\14.44.35207\atlmfc\include\cstringt.h(999,7):
      see declaration of 'ATL::CStringT<wchar_t,ATL::StrTraitATL<wchar_t,ATL::ChTraitsCRT<wchar_t>>>'
  
C:\Users\mcmco\Desktop\WMMR\src\MovieMakerCore\StoryboardManager\Templates.h(274,25): warning C4251: 'StoryboardManager::TemplateEntry::m_strDisplayName': 'ATL::CStringT<wchar_t,ATL::StrTraitATL<wchar_t,ATL::ChTraitsCRT<wchar_t>>>' needs to have dll-interface to be used by clients of 'StoryboardManager::TemplateEntry' [C:\Users\mcmco\Desktop\WMMR\build\src\MovieMakerCore\MovieMakerCore.vcxproj]
  (compiling source file '../../../src/MovieMakerCore/StoryboardManager/Templates.cpp')
      C:\Program Files (x86)\Microsoft Visual Studio\2022\BuildTools\VC\Tools\MSVC\14.44.35207\atlmfc\include\cstringt.h(999,7):
      see declaration of 'ATL::CStringT<wchar_t,ATL::StrTraitATL<wchar_t,ATL::ChTraitsCRT<wchar_t>>>'
  
C:\Users\mcmco\Desktop\WMMR\src\MovieMakerCore\StoryboardManager\TimelineTrack.h(106,25): error C2079: 'StoryboardManager::TimelineTrack::m_timeline' uses undefined class 'StoryboardManager::ProjectTimeline' [C:\Users\mcmco\Desktop\WMMR\build\src\MovieMakerCore\MovieMakerCore.vcxproj]
  (compiling source file '../../../src/MovieMakerCore/StoryboardManager/StoryboardManagerExceptions.cpp')
  
C:\Users\mcmco\Desktop\WMMR\src\MovieMakerCore\StoryboardManager\Templates.h(207,21): warning C4251: 'StoryboardManager::AutoMovieTheme::m_strDisplayName': 'ATL::CStringT<wchar_t,ATL::StrTraitATL<wchar_t,ATL::ChTraitsCRT<wchar_t>>>' needs to have dll-interface to be used by clients of 'StoryboardManager::AutoMovieTheme' [C:\Users\mcmco\Desktop\WMMR\build\src\MovieMakerCore\MovieMakerCore.vcxproj]
  (compiling source file '../../../src/MovieMakerCore/StoryboardManager/Theme/ThemeTemplates.cpp')
      C:\Program Files (x86)\Microsoft Visual Studio\2022\BuildTools\VC\Tools\MSVC\14.44.35207\atlmfc\include\cstringt.h(999,7):
      see declaration of 'ATL::CStringT<wchar_t,ATL::StrTraitATL<wchar_t,ATL::ChTraitsCRT<wchar_t>>>'
  
C:\Users\mcmco\Desktop\WMMR\src\MovieMakerCore\StoryboardManager\Templates.h(275,25): warning C4251: 'StoryboardManager::TemplateEntry::m_strDescription': 'ATL::CStringT<wchar_t,ATL::StrTraitATL<wchar_t,ATL::ChTraitsCRT<wchar_t>>>' needs to have dll-interface to be used by clients of 'StoryboardManager::TemplateEntry' [C:\Users\mcmco\Desktop\WMMR\build\src\MovieMakerCore\MovieMakerCore.vcxproj]
  (compiling source file '../../../src/MovieMakerCore/StoryboardManager/Templates.cpp')
      C:\Program Files (x86)\Microsoft Visual Studio\2022\BuildTools\VC\Tools\MSVC\14.44.35207\atlmfc\include\cstringt.h(999,7):
      see declaration of 'ATL::CStringT<wchar_t,ATL::StrTraitATL<wchar_t,ATL::ChTraitsCRT<wchar_t>>>'
  
C:\Users\mcmco\Desktop\WMMR\src\MovieMakerCore\StoryboardManager\Templates.h(208,21): warning C4251: 'StoryboardManager::AutoMovieTheme::m_strDescription': 'ATL::CStringT<wchar_t,ATL::StrTraitATL<wchar_t,ATL::ChTraitsCRT<wchar_t>>>' needs to have dll-interface to be used by clients of 'StoryboardManager::AutoMovieTheme' [C:\Users\mcmco\Desktop\WMMR\build\src\MovieMakerCore\MovieMakerCore.vcxproj]
  (compiling source file '../../../src/MovieMakerCore/StoryboardManager/Theme/ThemeTemplates.cpp')
      C:\Program Files (x86)\Microsoft Visual Studio\2022\BuildTools\VC\Tools\MSVC\14.44.35207\atlmfc\include\cstringt.h(999,7):
      see declaration of 'ATL::CStringT<wchar_t,ATL::StrTraitATL<wchar_t,ATL::ChTraitsCRT<wchar_t>>>'
  
C:\Users\mcmco\Desktop\WMMR\src\MovieMakerCore\StoryboardManager\Templates.h(276,25): warning C4251: 'StoryboardManager::TemplateEntry::m_strThumbnailPath': 'ATL::CStringT<wchar_t,ATL::StrTraitATL<wchar_t,ATL::ChTraitsCRT<wchar_t>>>' needs to have dll-interface to be used by clients of 'StoryboardManager::TemplateEntry' [C:\Users\mcmco\Desktop\WMMR\build\src\MovieMakerCore\MovieMakerCore.vcxproj]
  (compiling source file '../../../src/MovieMakerCore/StoryboardManager/Templates.cpp')
      C:\Program Files (x86)\Microsoft Visual Studio\2022\BuildTools\VC\Tools\MSVC\14.44.35207\atlmfc\include\cstringt.h(999,7):
      see declaration of 'ATL::CStringT<wchar_t,ATL::StrTraitATL<wchar_t,ATL::ChTraitsCRT<wchar_t>>>'
  
C:\Users\mcmco\Desktop\WMMR\src\MovieMakerCore\StoryboardManager\Templates.h(209,21): warning C4251: 'StoryboardManager::AutoMovieTheme::m_strThumbnailPath': 'ATL::CStringT<wchar_t,ATL::StrTraitATL<wchar_t,ATL::ChTraitsCRT<wchar_t>>>' needs to have dll-interface to be used by clients of 'StoryboardManager::AutoMovieTheme' [C:\Users\mcmco\Desktop\WMMR\build\src\MovieMakerCore\MovieMakerCore.vcxproj]
  (compiling source file '../../../src/MovieMakerCore/StoryboardManager/Theme/ThemeTemplates.cpp')
      C:\Program Files (x86)\Microsoft Visual Studio\2022\BuildTools\VC\Tools\MSVC\14.44.35207\atlmfc\include\cstringt.h(999,7):
      see declaration of 'ATL::CStringT<wchar_t,ATL::StrTraitATL<wchar_t,ATL::ChTraitsCRT<wchar_t>>>'
  
C:\Users\mcmco\Desktop\WMMR\src\WLXPhotoBase\BaseTypes.h(724,25): warning C4251: 'Base::IntSet::m_values': 'ATL::CAtlArray<int,ATL::CElementTraits<int>>' needs to have dll-interface to be used by clients of 'Base::IntSet' [C:\Users\mcmco\Desktop\WMMR\build\src\MovieMakerCore\MovieMakerCore.vcxproj]
  (compiling source file '../../../src/MovieMakerCore/StoryboardManager/Theme/Theme.cpp')
      C:\Program Files (x86)\Microsoft Visual Studio\2022\BuildTools\VC\Tools\MSVC\14.44.35207\atlmfc\include\atlcoll.h(530,7):
      see declaration of 'ATL::CAtlArray<int,ATL::CElementTraits<int>>'
  
C:\Users\mcmco\Desktop\WMMR\src\MovieMakerCore\StoryboardManager\Templates.h(210,21): warning C4251: 'StoryboardManager::AutoMovieTheme::m_strCategory': 'ATL::CStringT<wchar_t,ATL::StrTraitATL<wchar_t,ATL::ChTraitsCRT<wchar_t>>>' needs to have dll-interface to be used by clients of 'StoryboardManager::AutoMovieTheme' [C:\Users\mcmco\Desktop\WMMR\build\src\MovieMakerCore\MovieMakerCore.vcxproj]
  (compiling source file '../../../src/MovieMakerCore/StoryboardManager/Theme/ThemeTemplates.cpp')
      C:\Program Files (x86)\Microsoft Visual Studio\2022\BuildTools\VC\Tools\MSVC\14.44.35207\atlmfc\include\cstringt.h(999,7):
      see declaration of 'ATL::CStringT<wchar_t,ATL::StrTraitATL<wchar_t,ATL::ChTraitsCRT<wchar_t>>>'
  
C:\Users\mcmco\Desktop\WMMR\src\MovieMakerCore\StoryboardManager\Templates.h(211,21): warning C4251: 'StoryboardManager::AutoMovieTheme::m_strTitleFontFamily': 'ATL::CStringT<wchar_t,ATL::StrTraitATL<wchar_t,ATL::ChTraitsCRT<wchar_t>>>' needs to have dll-interface to be used by clients of 'StoryboardManager::AutoMovieTheme' [C:\Users\mcmco\Desktop\WMMR\build\src\MovieMakerCore\MovieMakerCore.vcxproj]
  (compiling source file '../../../src/MovieMakerCore/StoryboardManager/Theme/ThemeTemplates.cpp')
      C:\Program Files (x86)\Microsoft Visual Studio\2022\BuildTools\VC\Tools\MSVC\14.44.35207\atlmfc\include\cstringt.h(999,7):
      see declaration of 'ATL::CStringT<wchar_t,ATL::StrTraitATL<wchar_t,ATL::ChTraitsCRT<wchar_t>>>'
  
C:\Users\mcmco\Desktop\WMMR\src\MovieMakerCore\StoryboardManager\TimelineTrack.h(151,36): warning C4251: 'StoryboardManager::TimelineTrackManager::m_arrTracks': 'ATL::CAtlArray<StoryboardManager::TimelineTrack *,ATL::CElementTraits<E>>' needs to have dll-interface to be used by clients of 'StoryboardManager::TimelineTrackManager' [C:\Users\mcmco\Desktop\WMMR\build\src\MovieMakerCore\MovieMakerCore.vcxproj]
C:\Users\mcmco\Desktop\WMMR\src\MovieMakerCore\StoryboardManager\TimelineTrack.h(151,36): warning C4251:         with [C:\Users\mcmco\Desktop\WMMR\build\src\MovieMakerCore\MovieMakerCore.vcxproj]
C:\Users\mcmco\Desktop\WMMR\src\MovieMakerCore\StoryboardManager\TimelineTrack.h(151,36): warning C4251:         [ [C:\Users\mcmco\Desktop\WMMR\build\src\MovieMakerCore\MovieMakerCore.vcxproj]
C:\Users\mcmco\Desktop\WMMR\src\MovieMakerCore\StoryboardManager\TimelineTrack.h(151,36): warning C4251:             E=StoryboardManager::TimelineTrack * [C:\Users\mcmco\Desktop\WMMR\build\src\MovieMakerCore\MovieMakerCore.vcxproj]
C:\Users\mcmco\Desktop\WMMR\src\MovieMakerCore\StoryboardManager\TimelineTrack.h(151,36): warning C4251:         ] [C:\Users\mcmco\Desktop\WMMR\build\src\MovieMakerCore\MovieMakerCore.vcxproj]
  (compiling source file '../../../src/MovieMakerCore/StoryboardManager/StoryboardManagerExceptions.cpp')
      C:\Program Files (x86)\Microsoft Visual Studio\2022\BuildTools\VC\Tools\MSVC\14.44.35207\atlmfc\include\atlcoll.h(530,7):
      see declaration of 'ATL::CAtlArray<StoryboardManager::TimelineTrack *,ATL::CElementTraits<E>>'
          with
          [
              E=StoryboardManager::TimelineTrack *
          ]
  
C:\Users\mcmco\Desktop\WMMR\src\MovieMakerCore\StoryboardManager\Templates.h(343,37): warning C4251: 'StoryboardManager::TemplateTable::m_arrTemplates': 'ATL::CAtlArray<StoryboardManager::TemplateEntry *,ATL::CElementTraits<E>>' needs to have dll-interface to be used by clients of 'StoryboardManager::TemplateTable' [C:\Users\mcmco\Desktop\WMMR\build\src\MovieMakerCore\MovieMakerCore.vcxproj]
C:\Users\mcmco\Desktop\WMMR\src\MovieMakerCore\StoryboardManager\Templates.h(343,37): warning C4251:         with [C:\Users\mcmco\Desktop\WMMR\build\src\MovieMakerCore\MovieMakerCore.vcxproj]
C:\Users\mcmco\Desktop\WMMR\src\MovieMakerCore\StoryboardManager\Templates.h(343,37): warning C4251:         [ [C:\Users\mcmco\Desktop\WMMR\build\src\MovieMakerCore\MovieMakerCore.vcxproj]
C:\Users\mcmco\Desktop\WMMR\src\MovieMakerCore\StoryboardManager\Templates.h(343,37): warning C4251:             E=StoryboardManager::TemplateEntry * [C:\Users\mcmco\Desktop\WMMR\build\src\MovieMakerCore\MovieMakerCore.vcxproj]
C:\Users\mcmco\Desktop\WMMR\src\MovieMakerCore\StoryboardManager\Templates.h(343,37): warning C4251:         ] [C:\Users\mcmco\Desktop\WMMR\build\src\MovieMakerCore\MovieMakerCore.vcxproj]
  (compiling source file '../../../src/MovieMakerCore/StoryboardManager/Templates.cpp')
      C:\Program Files (x86)\Microsoft Visual Studio\2022\BuildTools\VC\Tools\MSVC\14.44.35207\atlmfc\include\atlcoll.h(530,7):
      see declaration of 'ATL::CAtlArray<StoryboardManager::TemplateEntry *,ATL::CElementTraits<E>>'
          with
          [
              E=StoryboardManager::TemplateEntry *
          ]
  
C:\Users\mcmco\Desktop\WMMR\src\MovieMakerCore\StoryboardManager\Templates.h(213,33): warning C4251: 'StoryboardManager::AutoMovieTheme::m_arrEffects': 'ATL::CAtlArray<StoryboardManager::ThemeEffect,ATL::CElementTraits<E>>' needs to have dll-interface to be used by clients of 'StoryboardManager::AutoMovieTheme' [C:\Users\mcmco\Desktop\WMMR\build\src\MovieMakerCore\MovieMakerCore.vcxproj]
C:\Users\mcmco\Desktop\WMMR\src\MovieMakerCore\StoryboardManager\Templates.h(213,33): warning C4251:         with [C:\Users\mcmco\Desktop\WMMR\build\src\MovieMakerCore\MovieMakerCore.vcxproj]
C:\Users\mcmco\Desktop\WMMR\src\MovieMakerCore\StoryboardManager\Templates.h(213,33): warning C4251:         [ [C:\Users\mcmco\Desktop\WMMR\build\src\MovieMakerCore\MovieMakerCore.vcxproj]
C:\Users\mcmco\Desktop\WMMR\src\MovieMakerCore\StoryboardManager\Templates.h(213,33): warning C4251:             E=StoryboardManager::ThemeEffect [C:\Users\mcmco\Desktop\WMMR\build\src\MovieMakerCore\MovieMakerCore.vcxproj]
C:\Users\mcmco\Desktop\WMMR\src\MovieMakerCore\StoryboardManager\Templates.h(213,33): warning C4251:         ] [C:\Users\mcmco\Desktop\WMMR\build\src\MovieMakerCore\MovieMakerCore.vcxproj]
  (compiling source file '../../../src/MovieMakerCore/StoryboardManager/Theme/ThemeTemplates.cpp')
      C:\Program Files (x86)\Microsoft Visual Studio\2022\BuildTools\VC\Tools\MSVC\14.44.35207\atlmfc\include\atlcoll.h(530,7):
      see declaration of 'ATL::CAtlArray<StoryboardManager::ThemeEffect,ATL::CElementTraits<E>>'
          with
          [
              E=StoryboardManager::ThemeEffect
          ]
  
C:\Users\mcmco\Desktop\WMMR\src\MovieMakerCore\StoryboardManager\StoryboardManagerExceptions.h(56,18): warning C4251: 'StoryboardManager::StoryboardManagerException::m_strMessage': 'ATL::CStringT<wchar_t,ATL::StrTraitATL<wchar_t,ATL::ChTraitsCRT<wchar_t>>>' needs to have dll-interface to be used by clients of 'StoryboardManager::StoryboardManagerException' [C:\Users\mcmco\Desktop\WMMR\build\src\MovieMakerCore\MovieMakerCore.vcxproj]
  (compiling source file '../../../src/MovieMakerCore/StoryboardManager/Theme/Theme.cpp')
      C:\Program Files (x86)\Microsoft Visual Studio\2022\BuildTools\VC\Tools\MSVC\14.44.35207\atlmfc\include\cstringt.h(999,7):
      see declaration of 'ATL::CStringT<wchar_t,ATL::StrTraitATL<wchar_t,ATL::ChTraitsCRT<wchar_t>>>'
  
C:\Users\mcmco\Desktop\WMMR\src\MovieMakerCore\StoryboardManager\Templates.h(273,25): warning C4251: 'StoryboardManager::TemplateEntry::m_strName': 'ATL::CStringT<wchar_t,ATL::StrTraitATL<wchar_t,ATL::ChTraitsCRT<wchar_t>>>' needs to have dll-interface to be used by clients of 'StoryboardManager::TemplateEntry' [C:\Users\mcmco\Desktop\WMMR\build\src\MovieMakerCore\MovieMakerCore.vcxproj]
  (compiling source file '../../../src/MovieMakerCore/StoryboardManager/Theme/ThemeTemplates.cpp')
      C:\Program Files (x86)\Microsoft Visual Studio\2022\BuildTools\VC\Tools\MSVC\14.44.35207\atlmfc\include\cstringt.h(999,7):
      see declaration of 'ATL::CStringT<wchar_t,ATL::StrTraitATL<wchar_t,ATL::ChTraitsCRT<wchar_t>>>'
  
C:\Users\mcmco\Desktop\WMMR\src\MovieMakerCore\StoryboardManager\Templates.h(344,37): warning C4251: 'StoryboardManager::TemplateTable::m_arrThemes': 'ATL::CAtlArray<StoryboardManager::AutoMovieTheme *,ATL::CElementTraits<E>>' needs to have dll-interface to be used by clients of 'StoryboardManager::TemplateTable' [C:\Users\mcmco\Desktop\WMMR\build\src\MovieMakerCore\MovieMakerCore.vcxproj]
C:\Users\mcmco\Desktop\WMMR\src\MovieMakerCore\StoryboardManager\Templates.h(344,37): warning C4251:         with [C:\Users\mcmco\Desktop\WMMR\build\src\MovieMakerCore\MovieMakerCore.vcxproj]
C:\Users\mcmco\Desktop\WMMR\src\MovieMakerCore\StoryboardManager\Templates.h(344,37): warning C4251:         [ [C:\Users\mcmco\Desktop\WMMR\build\src\MovieMakerCore\MovieMakerCore.vcxproj]
C:\Users\mcmco\Desktop\WMMR\src\MovieMakerCore\StoryboardManager\Templates.h(344,37): warning C4251:             E=StoryboardManager::AutoMovieTheme * [C:\Users\mcmco\Desktop\WMMR\build\src\MovieMakerCore\MovieMakerCore.vcxproj]
C:\Users\mcmco\Desktop\WMMR\src\MovieMakerCore\StoryboardManager\Templates.h(344,37): warning C4251:         ] [C:\Users\mcmco\Desktop\WMMR\build\src\MovieMakerCore\MovieMakerCore.vcxproj]
  (compiling source file '../../../src/MovieMakerCore/StoryboardManager/Templates.cpp')
      C:\Program Files (x86)\Microsoft Visual Studio\2022\BuildTools\VC\Tools\MSVC\14.44.35207\atlmfc\include\atlcoll.h(530,7):
      see declaration of 'ATL::CAtlArray<StoryboardManager::AutoMovieTheme *,ATL::CElementTraits<E>>'
          with
          [
              E=StoryboardManager::AutoMovieTheme *
          ]
  
C:\Users\mcmco\Desktop\WMMR\src\MovieMakerCore\StoryboardManager\MovieExtent.h(151,25): warning C4251: 'StoryboardManager::MovieExtent::m_strTitleText': 'ATL::CStringT<wchar_t,ATL::StrTraitATL<wchar_t,ATL::ChTraitsCRT<wchar_t>>>' needs to have dll-interface to be used by clients of 'StoryboardManager::MovieExtent' [C:\Users\mcmco\Desktop\WMMR\build\src\MovieMakerCore\MovieMakerCore.vcxproj]
  (compiling source file '../../../src/MovieMakerCore/StoryboardManager/StoryboardManagerExceptions.cpp')
      C:\Program Files (x86)\Microsoft Visual Studio\2022\BuildTools\VC\Tools\MSVC\14.44.35207\atlmfc\include\cstringt.h(999,7):
      see declaration of 'ATL::CStringT<wchar_t,ATL::StrTraitATL<wchar_t,ATL::ChTraitsCRT<wchar_t>>>'
  
C:\Users\mcmco\Desktop\WMMR\src\MovieMakerCore\StoryboardManager\Templates.h(274,25): warning C4251: 'StoryboardManager::TemplateEntry::m_strDisplayName': 'ATL::CStringT<wchar_t,ATL::StrTraitATL<wchar_t,ATL::ChTraitsCRT<wchar_t>>>' needs to have dll-interface to be used by clients of 'StoryboardManager::TemplateEntry' [C:\Users\mcmco\Desktop\WMMR\build\src\MovieMakerCore\MovieMakerCore.vcxproj]
  (compiling source file '../../../src/MovieMakerCore/StoryboardManager/Theme/ThemeTemplates.cpp')
      C:\Program Files (x86)\Microsoft Visual Studio\2022\BuildTools\VC\Tools\MSVC\14.44.35207\atlmfc\include\cstringt.h(999,7):
      see declaration of 'ATL::CStringT<wchar_t,ATL::StrTraitATL<wchar_t,ATL::ChTraitsCRT<wchar_t>>>'
  
C:\Users\mcmco\Desktop\WMMR\src\MovieMakerCore\StoryboardManager\StoryboardManagerExceptions.h(86,18): warning C4251: 'StoryboardManager::TemplateInitializationException::m_strTemplateName': 'ATL::CStringT<wchar_t,ATL::StrTraitATL<wchar_t,ATL::ChTraitsCRT<wchar_t>>>' needs to have dll-interface to be used by clients of 'StoryboardManager::TemplateInitializationException' [C:\Users\mcmco\Desktop\WMMR\build\src\MovieMakerCore\MovieMakerCore.vcxproj]
  (compiling source file '../../../src/MovieMakerCore/StoryboardManager/Theme/Theme.cpp')
      C:\Program Files (x86)\Microsoft Visual Studio\2022\BuildTools\VC\Tools\MSVC\14.44.35207\atlmfc\include\cstringt.h(999,7):
      see declaration of 'ATL::CStringT<wchar_t,ATL::StrTraitATL<wchar_t,ATL::ChTraitsCRT<wchar_t>>>'
  
C:\Users\mcmco\Desktop\WMMR\src\MovieMakerCore\StoryboardManager\MovieExtent.h(152,25): warning C4251: 'StoryboardManager::MovieExtent::m_strTitleFontFamily': 'ATL::CStringT<wchar_t,ATL::StrTraitATL<wchar_t,ATL::ChTraitsCRT<wchar_t>>>' needs to have dll-interface to be used by clients of 'StoryboardManager::MovieExtent' [C:\Users\mcmco\Desktop\WMMR\build\src\MovieMakerCore\MovieMakerCore.vcxproj]
  (compiling source file '../../../src/MovieMakerCore/StoryboardManager/StoryboardManagerExceptions.cpp')
      C:\Program Files (x86)\Microsoft Visual Studio\2022\BuildTools\VC\Tools\MSVC\14.44.35207\atlmfc\include\cstringt.h(999,7):
      see declaration of 'ATL::CStringT<wchar_t,ATL::StrTraitATL<wchar_t,ATL::ChTraitsCRT<wchar_t>>>'
  
C:\Users\mcmco\Desktop\WMMR\src\MovieMakerCore\StoryboardManager\Templates.h(275,25): warning C4251: 'StoryboardManager::TemplateEntry::m_strDescription': 'ATL::CStringT<wchar_t,ATL::StrTraitATL<wchar_t,ATL::ChTraitsCRT<wchar_t>>>' needs to have dll-interface to be used by clients of 'StoryboardManager::TemplateEntry' [C:\Users\mcmco\Desktop\WMMR\build\src\MovieMakerCore\MovieMakerCore.vcxproj]
  (compiling source file '../../../src/MovieMakerCore/StoryboardManager/Theme/ThemeTemplates.cpp')
      C:\Program Files (x86)\Microsoft Visual Studio\2022\BuildTools\VC\Tools\MSVC\14.44.35207\atlmfc\include\cstringt.h(999,7):
      see declaration of 'ATL::CStringT<wchar_t,ATL::StrTraitATL<wchar_t,ATL::ChTraitsCRT<wchar_t>>>'
  
C:\Users\mcmco\Desktop\WMMR\src\MovieMakerCore\StoryboardManager\Templates.h(276,25): warning C4251: 'StoryboardManager::TemplateEntry::m_strThumbnailPath': 'ATL::CStringT<wchar_t,ATL::StrTraitATL<wchar_t,ATL::ChTraitsCRT<wchar_t>>>' needs to have dll-interface to be used by clients of 'StoryboardManager::TemplateEntry' [C:\Users\mcmco\Desktop\WMMR\build\src\MovieMakerCore\MovieMakerCore.vcxproj]
  (compiling source file '../../../src/MovieMakerCore/StoryboardManager/Theme/ThemeTemplates.cpp')
      C:\Program Files (x86)\Microsoft Visual Studio\2022\BuildTools\VC\Tools\MSVC\14.44.35207\atlmfc\include\cstringt.h(999,7):
      see declaration of 'ATL::CStringT<wchar_t,ATL::StrTraitATL<wchar_t,ATL::ChTraitsCRT<wchar_t>>>'
  
C:\Users\mcmco\Desktop\WMMR\src\MovieMakerCore\StoryboardManager\StoryboardManagerExceptions.h(119,18): warning C4251: 'StoryboardManager::ScriptInitializationException::m_strScriptPath': 'ATL::CStringT<wchar_t,ATL::StrTraitATL<wchar_t,ATL::ChTraitsCRT<wchar_t>>>' needs to have dll-interface to be used by clients of 'StoryboardManager::ScriptInitializationException' [C:\Users\mcmco\Desktop\WMMR\build\src\MovieMakerCore\MovieMakerCore.vcxproj]
  (compiling source file '../../../src/MovieMakerCore/StoryboardManager/Theme/Theme.cpp')
      C:\Program Files (x86)\Microsoft Visual Studio\2022\BuildTools\VC\Tools\MSVC\14.44.35207\atlmfc\include\cstringt.h(999,7):
      see declaration of 'ATL::CStringT<wchar_t,ATL::StrTraitATL<wchar_t,ATL::ChTraitsCRT<wchar_t>>>'
  
C:\Users\mcmco\Desktop\WMMR\src\MovieMakerCore\StoryboardManager\StoryboardManagerExceptions.h(120,18): warning C4251: 'StoryboardManager::ScriptInitializationException::m_strScriptEngineId': 'ATL::CStringT<wchar_t,ATL::StrTraitATL<wchar_t,ATL::ChTraitsCRT<wchar_t>>>' needs to have dll-interface to be used by clients of 'StoryboardManager::ScriptInitializationException' [C:\Users\mcmco\Desktop\WMMR\build\src\MovieMakerCore\MovieMakerCore.vcxproj]
  (compiling source file '../../../src/MovieMakerCore/StoryboardManager/Theme/Theme.cpp')
      C:\Program Files (x86)\Microsoft Visual Studio\2022\BuildTools\VC\Tools\MSVC\14.44.35207\atlmfc\include\cstringt.h(999,7):
      see declaration of 'ATL::CStringT<wchar_t,ATL::StrTraitATL<wchar_t,ATL::ChTraitsCRT<wchar_t>>>'
  
C:\Users\mcmco\Desktop\WMMR\src\MovieMakerCore\StoryboardManager\StoryboardManagerExceptions.h(156,18): warning C4251: 'StoryboardManager::EncodeInitializationException::m_strOutputFormat': 'ATL::CStringT<wchar_t,ATL::StrTraitATL<wchar_t,ATL::ChTraitsCRT<wchar_t>>>' needs to have dll-interface to be used by clients of 'StoryboardManager::EncodeInitializationException' [C:\Users\mcmco\Desktop\WMMR\build\src\MovieMakerCore\MovieMakerCore.vcxproj]
  (compiling source file '../../../src/MovieMakerCore/StoryboardManager/Theme/Theme.cpp')
      C:\Program Files (x86)\Microsoft Visual Studio\2022\BuildTools\VC\Tools\MSVC\14.44.35207\atlmfc\include\cstringt.h(999,7):
      see declaration of 'ATL::CStringT<wchar_t,ATL::StrTraitATL<wchar_t,ATL::ChTraitsCRT<wchar_t>>>'
  
C:\Users\mcmco\Desktop\WMMR\src\MovieMakerCore\StoryboardManager\Extents.h(104,37): warning C4251: 'StoryboardManager::ExtentCollection::m_arrExtents': 'ATL::CAtlArray<StoryboardManager::MovieExtent *,ATL::CElementTraits<E>>' needs to have dll-interface to be used by clients of 'StoryboardManager::ExtentCollection' [C:\Users\mcmco\Desktop\WMMR\build\src\MovieMakerCore\MovieMakerCore.vcxproj]
C:\Users\mcmco\Desktop\WMMR\src\MovieMakerCore\StoryboardManager\Extents.h(104,37): warning C4251:         with [C:\Users\mcmco\Desktop\WMMR\build\src\MovieMakerCore\MovieMakerCore.vcxproj]
C:\Users\mcmco\Desktop\WMMR\src\MovieMakerCore\StoryboardManager\Extents.h(104,37): warning C4251:         [ [C:\Users\mcmco\Desktop\WMMR\build\src\MovieMakerCore\MovieMakerCore.vcxproj]
C:\Users\mcmco\Desktop\WMMR\src\MovieMakerCore\StoryboardManager\Extents.h(104,37): warning C4251:             E=StoryboardManager::MovieExtent * [C:\Users\mcmco\Desktop\WMMR\build\src\MovieMakerCore\MovieMakerCore.vcxproj]
C:\Users\mcmco\Desktop\WMMR\src\MovieMakerCore\StoryboardManager\Extents.h(104,37): warning C4251:         ] [C:\Users\mcmco\Desktop\WMMR\build\src\MovieMakerCore\MovieMakerCore.vcxproj]
  (compiling source file '../../../src/MovieMakerCore/StoryboardManager/StoryboardManagerExceptions.cpp')
      C:\Program Files (x86)\Microsoft Visual Studio\2022\BuildTools\VC\Tools\MSVC\14.44.35207\atlmfc\include\atlcoll.h(530,7):
      see declaration of 'ATL::CAtlArray<StoryboardManager::MovieExtent *,ATL::CElementTraits<E>>'
          with
          [
              E=StoryboardManager::MovieExtent *
          ]
  
C:\Users\mcmco\Desktop\WMMR\src\MovieMakerCore\StoryboardManager\StoryboardManagerExceptions.h(157,18): warning C4251: 'StoryboardManager::EncodeInitializationException::m_strCodecName': 'ATL::CStringT<wchar_t,ATL::StrTraitATL<wchar_t,ATL::ChTraitsCRT<wchar_t>>>' needs to have dll-interface to be used by clients of 'StoryboardManager::EncodeInitializationException' [C:\Users\mcmco\Desktop\WMMR\build\src\MovieMakerCore\MovieMakerCore.vcxproj]
  (compiling source file '../../../src/MovieMakerCore/StoryboardManager/Theme/Theme.cpp')
      C:\Program Files (x86)\Microsoft Visual Studio\2022\BuildTools\VC\Tools\MSVC\14.44.35207\atlmfc\include\cstringt.h(999,7):
      see declaration of 'ATL::CStringT<wchar_t,ATL::StrTraitATL<wchar_t,ATL::ChTraitsCRT<wchar_t>>>'
  
C:\Users\mcmco\Desktop\WMMR\src\MovieMakerCore\StoryboardManager\Templates.h(343,37): warning C4251: 'StoryboardManager::TemplateTable::m_arrTemplates': 'ATL::CAtlArray<StoryboardManager::TemplateEntry *,ATL::CElementTraits<E>>' needs to have dll-interface to be used by clients of 'StoryboardManager::TemplateTable' [C:\Users\mcmco\Desktop\WMMR\build\src\MovieMakerCore\MovieMakerCore.vcxproj]
C:\Users\mcmco\Desktop\WMMR\src\MovieMakerCore\StoryboardManager\Templates.h(343,37): warning C4251:         with [C:\Users\mcmco\Desktop\WMMR\build\src\MovieMakerCore\MovieMakerCore.vcxproj]
C:\Users\mcmco\Desktop\WMMR\src\MovieMakerCore\StoryboardManager\Templates.h(343,37): warning C4251:         [ [C:\Users\mcmco\Desktop\WMMR\build\src\MovieMakerCore\MovieMakerCore.vcxproj]
C:\Users\mcmco\Desktop\WMMR\src\MovieMakerCore\StoryboardManager\Templates.h(343,37): warning C4251:             E=StoryboardManager::TemplateEntry * [C:\Users\mcmco\Desktop\WMMR\build\src\MovieMakerCore\MovieMakerCore.vcxproj]
C:\Users\mcmco\Desktop\WMMR\src\MovieMakerCore\StoryboardManager\Templates.h(343,37): warning C4251:         ] [C:\Users\mcmco\Desktop\WMMR\build\src\MovieMakerCore\MovieMakerCore.vcxproj]
  (compiling source file '../../../src/MovieMakerCore/StoryboardManager/Theme/ThemeTemplates.cpp')
      C:\Program Files (x86)\Microsoft Visual Studio\2022\BuildTools\VC\Tools\MSVC\14.44.35207\atlmfc\include\atlcoll.h(530,7):
      see declaration of 'ATL::CAtlArray<StoryboardManager::TemplateEntry *,ATL::CElementTraits<E>>'
          with
          [
              E=StoryboardManager::TemplateEntry *
          ]
  
C:\Users\mcmco\Desktop\WMMR\src\MovieMakerCore\StoryboardManager\Extents.h(158,27): warning C4251: 'StoryboardManager::ExtentIdSet::m_arrIds': 'ATL::CAtlArray<DWORD,ATL::CElementTraits<unsigned long>>' needs to have dll-interface to be used by clients of 'StoryboardManager::ExtentIdSet' [C:\Users\mcmco\Desktop\WMMR\build\src\MovieMakerCore\MovieMakerCore.vcxproj]
  (compiling source file '../../../src/MovieMakerCore/StoryboardManager/StoryboardManagerExceptions.cpp')
      C:\Program Files (x86)\Microsoft Visual Studio\2022\BuildTools\VC\Tools\MSVC\14.44.35207\atlmfc\include\atlcoll.h(530,7):
      see declaration of 'ATL::CAtlArray<DWORD,ATL::CElementTraits<unsigned long>>'
  
C:\Users\mcmco\Desktop\WMMR\src\MovieMakerCore\StoryboardManager\TimelineTrack.h(99,25): warning C4251: 'StoryboardManager::TimelineTrack::m_strDisplayName': 'ATL::CStringT<wchar_t,ATL::StrTraitATL<wchar_t,ATL::ChTraitsCRT<wchar_t>>>' needs to have dll-interface to be used by clients of 'StoryboardManager::TimelineTrack' [C:\Users\mcmco\Desktop\WMMR\build\src\MovieMakerCore\MovieMakerCore.vcxproj]
  (compiling source file '../../../src/MovieMakerCore/StoryboardManager/Theme/Theme.cpp')
      C:\Program Files (x86)\Microsoft Visual Studio\2022\BuildTools\VC\Tools\MSVC\14.44.35207\atlmfc\include\cstringt.h(999,7):
      see declaration of 'ATL::CStringT<wchar_t,ATL::StrTraitATL<wchar_t,ATL::ChTraitsCRT<wchar_t>>>'
  
C:\Users\mcmco\Desktop\WMMR\src\MovieMakerCore\StoryboardManager\Templates.h(344,37): warning C4251: 'StoryboardManager::TemplateTable::m_arrThemes': 'ATL::CAtlArray<StoryboardManager::AutoMovieTheme *,ATL::CElementTraits<E>>' needs to have dll-interface to be used by clients of 'StoryboardManager::TemplateTable' [C:\Users\mcmco\Desktop\WMMR\build\src\MovieMakerCore\MovieMakerCore.vcxproj]
C:\Users\mcmco\Desktop\WMMR\src\MovieMakerCore\StoryboardManager\Templates.h(344,37): warning C4251:         with [C:\Users\mcmco\Desktop\WMMR\build\src\MovieMakerCore\MovieMakerCore.vcxproj]
C:\Users\mcmco\Desktop\WMMR\src\MovieMakerCore\StoryboardManager\Templates.h(344,37): warning C4251:         [ [C:\Users\mcmco\Desktop\WMMR\build\src\MovieMakerCore\MovieMakerCore.vcxproj]
C:\Users\mcmco\Desktop\WMMR\src\MovieMakerCore\StoryboardManager\Templates.h(344,37): warning C4251:             E=StoryboardManager::AutoMovieTheme * [C:\Users\mcmco\Desktop\WMMR\build\src\MovieMakerCore\MovieMakerCore.vcxproj]
C:\Users\mcmco\Desktop\WMMR\src\MovieMakerCore\StoryboardManager\Templates.h(344,37): warning C4251:         ] [C:\Users\mcmco\Desktop\WMMR\build\src\MovieMakerCore\MovieMakerCore.vcxproj]
  (compiling source file '../../../src/MovieMakerCore/StoryboardManager/Theme/ThemeTemplates.cpp')
      C:\Program Files (x86)\Microsoft Visual Studio\2022\BuildTools\VC\Tools\MSVC\14.44.35207\atlmfc\include\atlcoll.h(530,7):
      see declaration of 'ATL::CAtlArray<StoryboardManager::AutoMovieTheme *,ATL::CElementTraits<E>>'
          with
          [
              E=StoryboardManager::AutoMovieTheme *
          ]
  
C:\Users\mcmco\Desktop\WMMR\src\MovieMakerCore\StoryboardManager\TimelineTrack.h(106,25): error C2079: 'StoryboardManager::TimelineTrack::m_timeline' uses undefined class 'StoryboardManager::ProjectTimeline' [C:\Users\mcmco\Desktop\WMMR\build\src\MovieMakerCore\MovieMakerCore.vcxproj]
  (compiling source file '../../../src/MovieMakerCore/StoryboardManager/Theme/Theme.cpp')
  
C:\Users\mcmco\Desktop\WMMR\src\MovieMakerCore\StoryboardManager\Templates.h(127,25): warning C4251: 'StoryboardManager::ThemeEffect::m_strX3dClipName': 'ATL::CStringT<wchar_t,ATL::StrTraitATL<wchar_t,ATL::ChTraitsCRT<wchar_t>>>' needs to have dll-interface to be used by clients of 'StoryboardManager::ThemeEffect' [C:\Users\mcmco\Desktop\WMMR\build\src\MovieMakerCore\MovieMakerCore.vcxproj]
  (compiling source file '../../../src/MovieMakerCore/StoryboardManager/StoryboardManagerExceptions.cpp')
      C:\Program Files (x86)\Microsoft Visual Studio\2022\BuildTools\VC\Tools\MSVC\14.44.35207\atlmfc\include\cstringt.h(999,7):
      see declaration of 'ATL::CStringT<wchar_t,ATL::StrTraitATL<wchar_t,ATL::ChTraitsCRT<wchar_t>>>'
  
C:\Users\mcmco\Desktop\WMMR\src\MovieMakerCore\StoryboardManager\MovieProject.h(119,18): warning C4251: 'StoryboardManager::ProjectMediaItem::m_strSourcePath': 'ATL::CStringT<wchar_t,ATL::StrTraitATL<wchar_t,ATL::ChTraitsCRT<wchar_t>>>' needs to have dll-interface to be used by clients of 'StoryboardManager::ProjectMediaItem' [C:\Users\mcmco\Desktop\WMMR\build\src\MovieMakerCore\MovieMakerCore.vcxproj]
  (compiling source file '../../../src/MovieMakerCore/StoryboardManager/Theme/ThemeTemplates.cpp')
      C:\Program Files (x86)\Microsoft Visual Studio\2022\BuildTools\VC\Tools\MSVC\14.44.35207\atlmfc\include\cstringt.h(999,7):
      see declaration of 'ATL::CStringT<wchar_t,ATL::StrTraitATL<wchar_t,ATL::ChTraitsCRT<wchar_t>>>'
  
C:\Users\mcmco\Desktop\WMMR\src\MovieMakerCore\StoryboardManager\MovieProject.h(120,18): warning C4251: 'StoryboardManager::ProjectMediaItem::m_strThumbnailPath': 'ATL::CStringT<wchar_t,ATL::StrTraitATL<wchar_t,ATL::ChTraitsCRT<wchar_t>>>' needs to have dll-interface to be used by clients of 'StoryboardManager::ProjectMediaItem' [C:\Users\mcmco\Desktop\WMMR\build\src\MovieMakerCore\MovieMakerCore.vcxproj]
  (compiling source file '../../../src/MovieMakerCore/StoryboardManager/Theme/ThemeTemplates.cpp')
      C:\Program Files (x86)\Microsoft Visual Studio\2022\BuildTools\VC\Tools\MSVC\14.44.35207\atlmfc\include\cstringt.h(999,7):
      see declaration of 'ATL::CStringT<wchar_t,ATL::StrTraitATL<wchar_t,ATL::ChTraitsCRT<wchar_t>>>'
  
C:\Users\mcmco\Desktop\WMMR\src\MovieMakerCore\StoryboardManager\TimelineTrack.h(151,36): warning C4251: 'StoryboardManager::TimelineTrackManager::m_arrTracks': 'ATL::CAtlArray<StoryboardManager::TimelineTrack *,ATL::CElementTraits<E>>' needs to have dll-interface to be used by clients of 'StoryboardManager::TimelineTrackManager' [C:\Users\mcmco\Desktop\WMMR\build\src\MovieMakerCore\MovieMakerCore.vcxproj]
C:\Users\mcmco\Desktop\WMMR\src\MovieMakerCore\StoryboardManager\TimelineTrack.h(151,36): warning C4251:         with [C:\Users\mcmco\Desktop\WMMR\build\src\MovieMakerCore\MovieMakerCore.vcxproj]
C:\Users\mcmco\Desktop\WMMR\src\MovieMakerCore\StoryboardManager\TimelineTrack.h(151,36): warning C4251:         [ [C:\Users\mcmco\Desktop\WMMR\build\src\MovieMakerCore\MovieMakerCore.vcxproj]
C:\Users\mcmco\Desktop\WMMR\src\MovieMakerCore\StoryboardManager\TimelineTrack.h(151,36): warning C4251:             E=StoryboardManager::TimelineTrack * [C:\Users\mcmco\Desktop\WMMR\build\src\MovieMakerCore\MovieMakerCore.vcxproj]
C:\Users\mcmco\Desktop\WMMR\src\MovieMakerCore\StoryboardManager\TimelineTrack.h(151,36): warning C4251:         ] [C:\Users\mcmco\Desktop\WMMR\build\src\MovieMakerCore\MovieMakerCore.vcxproj]
  (compiling source file '../../../src/MovieMakerCore/StoryboardManager/Theme/Theme.cpp')
      C:\Program Files (x86)\Microsoft Visual Studio\2022\BuildTools\VC\Tools\MSVC\14.44.35207\atlmfc\include\atlcoll.h(530,7):
      see declaration of 'ATL::CAtlArray<StoryboardManager::TimelineTrack *,ATL::CElementTraits<E>>'
          with
          [
              E=StoryboardManager::TimelineTrack *
          ]
  
C:\Users\mcmco\Desktop\WMMR\src\MovieMakerCore\StoryboardManager\MovieProject.h(127,18): warning C4251: 'StoryboardManager::ProjectMediaItem::m_strTags': 'ATL::CStringT<wchar_t,ATL::StrTraitATL<wchar_t,ATL::ChTraitsCRT<wchar_t>>>' needs to have dll-interface to be used by clients of 'StoryboardManager::ProjectMediaItem' [C:\Users\mcmco\Desktop\WMMR\build\src\MovieMakerCore\MovieMakerCore.vcxproj]
  (compiling source file '../../../src/MovieMakerCore/StoryboardManager/Theme/ThemeTemplates.cpp')
      C:\Program Files (x86)\Microsoft Visual Studio\2022\BuildTools\VC\Tools\MSVC\14.44.35207\atlmfc\include\cstringt.h(999,7):
      see declaration of 'ATL::CStringT<wchar_t,ATL::StrTraitATL<wchar_t,ATL::ChTraitsCRT<wchar_t>>>'
  
C:\Users\mcmco\Desktop\WMMR\src\MovieMakerCore\StoryboardManager\MovieProject.h(130,18): warning C4251: 'StoryboardManager::ProjectMediaItem::m_strVideoCodec': 'ATL::CStringT<wchar_t,ATL::StrTraitATL<wchar_t,ATL::ChTraitsCRT<wchar_t>>>' needs to have dll-interface to be used by clients of 'StoryboardManager::ProjectMediaItem' [C:\Users\mcmco\Desktop\WMMR\build\src\MovieMakerCore\MovieMakerCore.vcxproj]
  (compiling source file '../../../src/MovieMakerCore/StoryboardManager/Theme/ThemeTemplates.cpp')
      C:\Program Files (x86)\Microsoft Visual Studio\2022\BuildTools\VC\Tools\MSVC\14.44.35207\atlmfc\include\cstringt.h(999,7):
      see declaration of 'ATL::CStringT<wchar_t,ATL::StrTraitATL<wchar_t,ATL::ChTraitsCRT<wchar_t>>>'
  
C:\Users\mcmco\Desktop\WMMR\src\MovieMakerCore\StoryboardManager\Templates.h(135,31): warning C4251: 'StoryboardManager::ThemeEffect::m_arrParameters': 'ATL::CAtlArray<StoryboardManager::ThemeEffect::Parameter,ATL::CElementTraits<E>>' needs to have dll-interface to be used by clients of 'StoryboardManager::ThemeEffect' [C:\Users\mcmco\Desktop\WMMR\build\src\MovieMakerCore\MovieMakerCore.vcxproj]
C:\Users\mcmco\Desktop\WMMR\src\MovieMakerCore\StoryboardManager\Templates.h(135,31): warning C4251:         with [C:\Users\mcmco\Desktop\WMMR\build\src\MovieMakerCore\MovieMakerCore.vcxproj]
C:\Users\mcmco\Desktop\WMMR\src\MovieMakerCore\StoryboardManager\Templates.h(135,31): warning C4251:         [ [C:\Users\mcmco\Desktop\WMMR\build\src\MovieMakerCore\MovieMakerCore.vcxproj]
C:\Users\mcmco\Desktop\WMMR\src\MovieMakerCore\StoryboardManager\Templates.h(135,31): warning C4251:             E=StoryboardManager::ThemeEffect::Parameter [C:\Users\mcmco\Desktop\WMMR\build\src\MovieMakerCore\MovieMakerCore.vcxproj]
C:\Users\mcmco\Desktop\WMMR\src\MovieMakerCore\StoryboardManager\Templates.h(135,31): warning C4251:         ] [C:\Users\mcmco\Desktop\WMMR\build\src\MovieMakerCore\MovieMakerCore.vcxproj]
  (compiling source file '../../../src/MovieMakerCore/StoryboardManager/StoryboardManagerExceptions.cpp')
      C:\Program Files (x86)\Microsoft Visual Studio\2022\BuildTools\VC\Tools\MSVC\14.44.35207\atlmfc\include\atlcoll.h(530,7):
      see declaration of 'ATL::CAtlArray<StoryboardManager::ThemeEffect::Parameter,ATL::CElementTraits<E>>'
          with
          [
              E=StoryboardManager::ThemeEffect::Parameter
          ]
  
C:\Users\mcmco\Desktop\WMMR\src\MovieMakerCore\StoryboardManager\MovieProject.h(131,18): warning C4251: 'StoryboardManager::ProjectMediaItem::m_strAudioCodec': 'ATL::CStringT<wchar_t,ATL::StrTraitATL<wchar_t,ATL::ChTraitsCRT<wchar_t>>>' needs to have dll-interface to be used by clients of 'StoryboardManager::ProjectMediaItem' [C:\Users\mcmco\Desktop\WMMR\build\src\MovieMakerCore\MovieMakerCore.vcxproj]
  (compiling source file '../../../src/MovieMakerCore/StoryboardManager/Theme/ThemeTemplates.cpp')
      C:\Program Files (x86)\Microsoft Visual Studio\2022\BuildTools\VC\Tools\MSVC\14.44.35207\atlmfc\include\cstringt.h(999,7):
      see declaration of 'ATL::CStringT<wchar_t,ATL::StrTraitATL<wchar_t,ATL::ChTraitsCRT<wchar_t>>>'
  
C:\Users\mcmco\Desktop\WMMR\src\MovieMakerCore\StoryboardManager\Templates.h(206,21): warning C4251: 'StoryboardManager::AutoMovieTheme::m_strName': 'ATL::CStringT<wchar_t,ATL::StrTraitATL<wchar_t,ATL::ChTraitsCRT<wchar_t>>>' needs to have dll-interface to be used by clients of 'StoryboardManager::AutoMovieTheme' [C:\Users\mcmco\Desktop\WMMR\build\src\MovieMakerCore\MovieMakerCore.vcxproj]
  (compiling source file '../../../src/MovieMakerCore/StoryboardManager/StoryboardManagerExceptions.cpp')
      C:\Program Files (x86)\Microsoft Visual Studio\2022\BuildTools\VC\Tools\MSVC\14.44.35207\atlmfc\include\cstringt.h(999,7):
      see declaration of 'ATL::CStringT<wchar_t,ATL::StrTraitATL<wchar_t,ATL::ChTraitsCRT<wchar_t>>>'
  
C:\Users\mcmco\Desktop\WMMR\src\MovieMakerCore\StoryboardManager\MovieProject.h(176,29): warning C4251: 'StoryboardManager::ProjectTimeline::m_arrExtentIds': 'ATL::CAtlArray<DWORD,ATL::CElementTraits<unsigned long>>' needs to have dll-interface to be used by clients of 'StoryboardManager::ProjectTimeline' [C:\Users\mcmco\Desktop\WMMR\build\src\MovieMakerCore\MovieMakerCore.vcxproj]
  (compiling source file '../../../src/MovieMakerCore/StoryboardManager/Theme/ThemeTemplates.cpp')
      C:\Program Files (x86)\Microsoft Visual Studio\2022\BuildTools\VC\Tools\MSVC\14.44.35207\atlmfc\include\atlcoll.h(530,7):
      see declaration of 'ATL::CAtlArray<DWORD,ATL::CElementTraits<unsigned long>>'
  
C:\Users\mcmco\Desktop\WMMR\src\MovieMakerCore\StoryboardManager\Templates.h(207,21): warning C4251: 'StoryboardManager::AutoMovieTheme::m_strDisplayName': 'ATL::CStringT<wchar_t,ATL::StrTraitATL<wchar_t,ATL::ChTraitsCRT<wchar_t>>>' needs to have dll-interface to be used by clients of 'StoryboardManager::AutoMovieTheme' [C:\Users\mcmco\Desktop\WMMR\build\src\MovieMakerCore\MovieMakerCore.vcxproj]
  (compiling source file '../../../src/MovieMakerCore/StoryboardManager/StoryboardManagerExceptions.cpp')
      C:\Program Files (x86)\Microsoft Visual Studio\2022\BuildTools\VC\Tools\MSVC\14.44.35207\atlmfc\include\cstringt.h(999,7):
      see declaration of 'ATL::CStringT<wchar_t,ATL::StrTraitATL<wchar_t,ATL::ChTraitsCRT<wchar_t>>>'
  
C:\Users\mcmco\Desktop\WMMR\src\MovieMakerCore\StoryboardManager\Templates.h(208,21): warning C4251: 'StoryboardManager::AutoMovieTheme::m_strDescription': 'ATL::CStringT<wchar_t,ATL::StrTraitATL<wchar_t,ATL::ChTraitsCRT<wchar_t>>>' needs to have dll-interface to be used by clients of 'StoryboardManager::AutoMovieTheme' [C:\Users\mcmco\Desktop\WMMR\build\src\MovieMakerCore\MovieMakerCore.vcxproj]
  (compiling source file '../../../src/MovieMakerCore/StoryboardManager/StoryboardManagerExceptions.cpp')
      C:\Program Files (x86)\Microsoft Visual Studio\2022\BuildTools\VC\Tools\MSVC\14.44.35207\atlmfc\include\cstringt.h(999,7):
      see declaration of 'ATL::CStringT<wchar_t,ATL::StrTraitATL<wchar_t,ATL::ChTraitsCRT<wchar_t>>>'
  
C:\Users\mcmco\Desktop\WMMR\src\MovieMakerCore\StoryboardManager\MovieExtent.h(151,25): warning C4251: 'StoryboardManager::MovieExtent::m_strTitleText': 'ATL::CStringT<wchar_t,ATL::StrTraitATL<wchar_t,ATL::ChTraitsCRT<wchar_t>>>' needs to have dll-interface to be used by clients of 'StoryboardManager::MovieExtent' [C:\Users\mcmco\Desktop\WMMR\build\src\MovieMakerCore\MovieMakerCore.vcxproj]
  (compiling source file '../../../src/MovieMakerCore/StoryboardManager/Theme/Theme.cpp')
      C:\Program Files (x86)\Microsoft Visual Studio\2022\BuildTools\VC\Tools\MSVC\14.44.35207\atlmfc\include\cstringt.h(999,7):
      see declaration of 'ATL::CStringT<wchar_t,ATL::StrTraitATL<wchar_t,ATL::ChTraitsCRT<wchar_t>>>'
  
C:\Users\mcmco\Desktop\WMMR\src\MovieMakerCore\StoryboardManager\MovieProject.h(248,18): warning C4251: 'StoryboardManager::MovieProjectSettings::m_strProjectName': 'ATL::CStringT<wchar_t,ATL::StrTraitATL<wchar_t,ATL::ChTraitsCRT<wchar_t>>>' needs to have dll-interface to be used by clients of 'StoryboardManager::MovieProjectSettings' [C:\Users\mcmco\Desktop\WMMR\build\src\MovieMakerCore\MovieMakerCore.vcxproj]
  (compiling source file '../../../src/MovieMakerCore/StoryboardManager/Theme/ThemeTemplates.cpp')
      C:\Program Files (x86)\Microsoft Visual Studio\2022\BuildTools\VC\Tools\MSVC\14.44.35207\atlmfc\include\cstringt.h(999,7):
      see declaration of 'ATL::CStringT<wchar_t,ATL::StrTraitATL<wchar_t,ATL::ChTraitsCRT<wchar_t>>>'
  
C:\Users\mcmco\Desktop\WMMR\src\MovieMakerCore\StoryboardManager\Templates.h(209,21): warning C4251: 'StoryboardManager::AutoMovieTheme::m_strThumbnailPath': 'ATL::CStringT<wchar_t,ATL::StrTraitATL<wchar_t,ATL::ChTraitsCRT<wchar_t>>>' needs to have dll-interface to be used by clients of 'StoryboardManager::AutoMovieTheme' [C:\Users\mcmco\Desktop\WMMR\build\src\MovieMakerCore\MovieMakerCore.vcxproj]
  (compiling source file '../../../src/MovieMakerCore/StoryboardManager/StoryboardManagerExceptions.cpp')
      C:\Program Files (x86)\Microsoft Visual Studio\2022\BuildTools\VC\Tools\MSVC\14.44.35207\atlmfc\include\cstringt.h(999,7):
      see declaration of 'ATL::CStringT<wchar_t,ATL::StrTraitATL<wchar_t,ATL::ChTraitsCRT<wchar_t>>>'
  
C:\Users\mcmco\Desktop\WMMR\src\MovieMakerCore\StoryboardManager\MovieExtent.h(152,25): warning C4251: 'StoryboardManager::MovieExtent::m_strTitleFontFamily': 'ATL::CStringT<wchar_t,ATL::StrTraitATL<wchar_t,ATL::ChTraitsCRT<wchar_t>>>' needs to have dll-interface to be used by clients of 'StoryboardManager::MovieExtent' [C:\Users\mcmco\Desktop\WMMR\build\src\MovieMakerCore\MovieMakerCore.vcxproj]
  (compiling source file '../../../src/MovieMakerCore/StoryboardManager/Theme/Theme.cpp')
      C:\Program Files (x86)\Microsoft Visual Studio\2022\BuildTools\VC\Tools\MSVC\14.44.35207\atlmfc\include\cstringt.h(999,7):
      see declaration of 'ATL::CStringT<wchar_t,ATL::StrTraitATL<wchar_t,ATL::ChTraitsCRT<wchar_t>>>'
  
C:\Users\mcmco\Desktop\WMMR\src\MovieMakerCore\StoryboardManager\MovieProject.h(249,18): warning C4251: 'StoryboardManager::MovieProjectSettings::m_strAuthor': 'ATL::CStringT<wchar_t,ATL::StrTraitATL<wchar_t,ATL::ChTraitsCRT<wchar_t>>>' needs to have dll-interface to be used by clients of 'StoryboardManager::MovieProjectSettings' [C:\Users\mcmco\Desktop\WMMR\build\src\MovieMakerCore\MovieMakerCore.vcxproj]
  (compiling source file '../../../src/MovieMakerCore/StoryboardManager/Theme/ThemeTemplates.cpp')
      C:\Program Files (x86)\Microsoft Visual Studio\2022\BuildTools\VC\Tools\MSVC\14.44.35207\atlmfc\include\cstringt.h(999,7):
      see declaration of 'ATL::CStringT<wchar_t,ATL::StrTraitATL<wchar_t,ATL::ChTraitsCRT<wchar_t>>>'
  
C:\Users\mcmco\Desktop\WMMR\src\MovieMakerCore\StoryboardManager\Templates.h(210,21): warning C4251: 'StoryboardManager::AutoMovieTheme::m_strCategory': 'ATL::CStringT<wchar_t,ATL::StrTraitATL<wchar_t,ATL::ChTraitsCRT<wchar_t>>>' needs to have dll-interface to be used by clients of 'StoryboardManager::AutoMovieTheme' [C:\Users\mcmco\Desktop\WMMR\build\src\MovieMakerCore\MovieMakerCore.vcxproj]
  (compiling source file '../../../src/MovieMakerCore/StoryboardManager/StoryboardManagerExceptions.cpp')
      C:\Program Files (x86)\Microsoft Visual Studio\2022\BuildTools\VC\Tools\MSVC\14.44.35207\atlmfc\include\cstringt.h(999,7):
      see declaration of 'ATL::CStringT<wchar_t,ATL::StrTraitATL<wchar_t,ATL::ChTraitsCRT<wchar_t>>>'
  
C:\Users\mcmco\Desktop\WMMR\src\MovieMakerCore\StoryboardManager\Templates.h(211,21): warning C4251: 'StoryboardManager::AutoMovieTheme::m_strTitleFontFamily': 'ATL::CStringT<wchar_t,ATL::StrTraitATL<wchar_t,ATL::ChTraitsCRT<wchar_t>>>' needs to have dll-interface to be used by clients of 'StoryboardManager::AutoMovieTheme' [C:\Users\mcmco\Desktop\WMMR\build\src\MovieMakerCore\MovieMakerCore.vcxproj]
  (compiling source file '../../../src/MovieMakerCore/StoryboardManager/StoryboardManagerExceptions.cpp')
      C:\Program Files (x86)\Microsoft Visual Studio\2022\BuildTools\VC\Tools\MSVC\14.44.35207\atlmfc\include\cstringt.h(999,7):
      see declaration of 'ATL::CStringT<wchar_t,ATL::StrTraitATL<wchar_t,ATL::ChTraitsCRT<wchar_t>>>'
  
C:\Users\mcmco\Desktop\WMMR\src\MovieMakerCore\StoryboardManager\MovieProject.h(390,25): warning C4251: 'StoryboardManager::MovieProject::m_strProjectPath': 'ATL::CStringT<wchar_t,ATL::StrTraitATL<wchar_t,ATL::ChTraitsCRT<wchar_t>>>' needs to have dll-interface to be used by clients of 'StoryboardManager::MovieProject' [C:\Users\mcmco\Desktop\WMMR\build\src\MovieMakerCore\MovieMakerCore.vcxproj]
  (compiling source file '../../../src/MovieMakerCore/StoryboardManager/Theme/ThemeTemplates.cpp')
      C:\Program Files (x86)\Microsoft Visual Studio\2022\BuildTools\VC\Tools\MSVC\14.44.35207\atlmfc\include\cstringt.h(999,7):
      see declaration of 'ATL::CStringT<wchar_t,ATL::StrTraitATL<wchar_t,ATL::ChTraitsCRT<wchar_t>>>'
  
C:\Users\mcmco\Desktop\WMMR\src\MovieMakerCore\StoryboardManager\Extents.h(104,37): warning C4251: 'StoryboardManager::ExtentCollection::m_arrExtents': 'ATL::CAtlArray<StoryboardManager::MovieExtent *,ATL::CElementTraits<E>>' needs to have dll-interface to be used by clients of 'StoryboardManager::ExtentCollection' [C:\Users\mcmco\Desktop\WMMR\build\src\MovieMakerCore\MovieMakerCore.vcxproj]
C:\Users\mcmco\Desktop\WMMR\src\MovieMakerCore\StoryboardManager\Extents.h(104,37): warning C4251:         with [C:\Users\mcmco\Desktop\WMMR\build\src\MovieMakerCore\MovieMakerCore.vcxproj]
C:\Users\mcmco\Desktop\WMMR\src\MovieMakerCore\StoryboardManager\Extents.h(104,37): warning C4251:         [ [C:\Users\mcmco\Desktop\WMMR\build\src\MovieMakerCore\MovieMakerCore.vcxproj]
C:\Users\mcmco\Desktop\WMMR\src\MovieMakerCore\StoryboardManager\Extents.h(104,37): warning C4251:             E=StoryboardManager::MovieExtent * [C:\Users\mcmco\Desktop\WMMR\build\src\MovieMakerCore\MovieMakerCore.vcxproj]
C:\Users\mcmco\Desktop\WMMR\src\MovieMakerCore\StoryboardManager\Extents.h(104,37): warning C4251:         ] [C:\Users\mcmco\Desktop\WMMR\build\src\MovieMakerCore\MovieMakerCore.vcxproj]
  (compiling source file '../../../src/MovieMakerCore/StoryboardManager/Theme/Theme.cpp')
      C:\Program Files (x86)\Microsoft Visual Studio\2022\BuildTools\VC\Tools\MSVC\14.44.35207\atlmfc\include\atlcoll.h(530,7):
      see declaration of 'ATL::CAtlArray<StoryboardManager::MovieExtent *,ATL::CElementTraits<E>>'
          with
          [
              E=StoryboardManager::MovieExtent *
          ]
  
C:\Users\mcmco\Desktop\WMMR\src\MovieMakerCore\StoryboardManager\Templates.h(213,33): warning C4251: 'StoryboardManager::AutoMovieTheme::m_arrEffects': 'ATL::CAtlArray<StoryboardManager::ThemeEffect,ATL::CElementTraits<E>>' needs to have dll-interface to be used by clients of 'StoryboardManager::AutoMovieTheme' [C:\Users\mcmco\Desktop\WMMR\build\src\MovieMakerCore\MovieMakerCore.vcxproj]
C:\Users\mcmco\Desktop\WMMR\src\MovieMakerCore\StoryboardManager\Templates.h(213,33): warning C4251:         with [C:\Users\mcmco\Desktop\WMMR\build\src\MovieMakerCore\MovieMakerCore.vcxproj]
C:\Users\mcmco\Desktop\WMMR\src\MovieMakerCore\StoryboardManager\Templates.h(213,33): warning C4251:         [ [C:\Users\mcmco\Desktop\WMMR\build\src\MovieMakerCore\MovieMakerCore.vcxproj]
C:\Users\mcmco\Desktop\WMMR\src\MovieMakerCore\StoryboardManager\Templates.h(213,33): warning C4251:             E=StoryboardManager::ThemeEffect [C:\Users\mcmco\Desktop\WMMR\build\src\MovieMakerCore\MovieMakerCore.vcxproj]
C:\Users\mcmco\Desktop\WMMR\src\MovieMakerCore\StoryboardManager\Templates.h(213,33): warning C4251:         ] [C:\Users\mcmco\Desktop\WMMR\build\src\MovieMakerCore\MovieMakerCore.vcxproj]
  (compiling source file '../../../src/MovieMakerCore/StoryboardManager/StoryboardManagerExceptions.cpp')
      C:\Program Files (x86)\Microsoft Visual Studio\2022\BuildTools\VC\Tools\MSVC\14.44.35207\atlmfc\include\atlcoll.h(530,7):
      see declaration of 'ATL::CAtlArray<StoryboardManager::ThemeEffect,ATL::CElementTraits<E>>'
          with
          [
              E=StoryboardManager::ThemeEffect
          ]
  
C:\Users\mcmco\Desktop\WMMR\src\MovieMakerCore\StoryboardManager\MovieProject.h(394,40): warning C4251: 'StoryboardManager::MovieProject::m_arrMediaItems': 'ATL::CAtlArray<StoryboardManager::ProjectMediaItem,ATL::CElementTraits<E>>' needs to have dll-interface to be used by clients of 'StoryboardManager::MovieProject' [C:\Users\mcmco\Desktop\WMMR\build\src\MovieMakerCore\MovieMakerCore.vcxproj]
C:\Users\mcmco\Desktop\WMMR\src\MovieMakerCore\StoryboardManager\MovieProject.h(394,40): warning C4251:         with [C:\Users\mcmco\Desktop\WMMR\build\src\MovieMakerCore\MovieMakerCore.vcxproj]
C:\Users\mcmco\Desktop\WMMR\src\MovieMakerCore\StoryboardManager\MovieProject.h(394,40): warning C4251:         [ [C:\Users\mcmco\Desktop\WMMR\build\src\MovieMakerCore\MovieMakerCore.vcxproj]
C:\Users\mcmco\Desktop\WMMR\src\MovieMakerCore\StoryboardManager\MovieProject.h(394,40): warning C4251:             E=StoryboardManager::ProjectMediaItem [C:\Users\mcmco\Desktop\WMMR\build\src\MovieMakerCore\MovieMakerCore.vcxproj]
C:\Users\mcmco\Desktop\WMMR\src\MovieMakerCore\StoryboardManager\MovieProject.h(394,40): warning C4251:         ] [C:\Users\mcmco\Desktop\WMMR\build\src\MovieMakerCore\MovieMakerCore.vcxproj]
  (compiling source file '../../../src/MovieMakerCore/StoryboardManager/Theme/ThemeTemplates.cpp')
      C:\Program Files (x86)\Microsoft Visual Studio\2022\BuildTools\VC\Tools\MSVC\14.44.35207\atlmfc\include\atlcoll.h(530,7):
      see declaration of 'ATL::CAtlArray<StoryboardManager::ProjectMediaItem,ATL::CElementTraits<E>>'
          with
          [
              E=StoryboardManager::ProjectMediaItem
          ]
  
C:\Users\mcmco\Desktop\WMMR\src\MovieMakerCore\StoryboardManager\Templates.h(273,25): warning C4251: 'StoryboardManager::TemplateEntry::m_strName': 'ATL::CStringT<wchar_t,ATL::StrTraitATL<wchar_t,ATL::ChTraitsCRT<wchar_t>>>' needs to have dll-interface to be used by clients of 'StoryboardManager::TemplateEntry' [C:\Users\mcmco\Desktop\WMMR\build\src\MovieMakerCore\MovieMakerCore.vcxproj]
  (compiling source file '../../../src/MovieMakerCore/StoryboardManager/StoryboardManagerExceptions.cpp')
      C:\Program Files (x86)\Microsoft Visual Studio\2022\BuildTools\VC\Tools\MSVC\14.44.35207\atlmfc\include\cstringt.h(999,7):
      see declaration of 'ATL::CStringT<wchar_t,ATL::StrTraitATL<wchar_t,ATL::ChTraitsCRT<wchar_t>>>'
  
C:\Users\mcmco\Desktop\WMMR\src\MovieMakerCore\StoryboardManager\Templates.h(274,25): warning C4251: 'StoryboardManager::TemplateEntry::m_strDisplayName': 'ATL::CStringT<wchar_t,ATL::StrTraitATL<wchar_t,ATL::ChTraitsCRT<wchar_t>>>' needs to have dll-interface to be used by clients of 'StoryboardManager::TemplateEntry' [C:\Users\mcmco\Desktop\WMMR\build\src\MovieMakerCore\MovieMakerCore.vcxproj]
  (compiling source file '../../../src/MovieMakerCore/StoryboardManager/StoryboardManagerExceptions.cpp')
      C:\Program Files (x86)\Microsoft Visual Studio\2022\BuildTools\VC\Tools\MSVC\14.44.35207\atlmfc\include\cstringt.h(999,7):
      see declaration of 'ATL::CStringT<wchar_t,ATL::StrTraitATL<wchar_t,ATL::ChTraitsCRT<wchar_t>>>'
  
C:\Users\mcmco\Desktop\WMMR\src\MovieMakerCore\StoryboardManager\Extents.h(158,27): warning C4251: 'StoryboardManager::ExtentIdSet::m_arrIds': 'ATL::CAtlArray<DWORD,ATL::CElementTraits<unsigned long>>' needs to have dll-interface to be used by clients of 'StoryboardManager::ExtentIdSet' [C:\Users\mcmco\Desktop\WMMR\build\src\MovieMakerCore\MovieMakerCore.vcxproj]
  (compiling source file '../../../src/MovieMakerCore/StoryboardManager/Theme/Theme.cpp')
      C:\Program Files (x86)\Microsoft Visual Studio\2022\BuildTools\VC\Tools\MSVC\14.44.35207\atlmfc\include\atlcoll.h(530,7):
      see declaration of 'ATL::CAtlArray<DWORD,ATL::CElementTraits<unsigned long>>'
  
C:\Users\mcmco\Desktop\WMMR\src\MovieMakerCore\StoryboardManager\Templates.h(275,25): warning C4251: 'StoryboardManager::TemplateEntry::m_strDescription': 'ATL::CStringT<wchar_t,ATL::StrTraitATL<wchar_t,ATL::ChTraitsCRT<wchar_t>>>' needs to have dll-interface to be used by clients of 'StoryboardManager::TemplateEntry' [C:\Users\mcmco\Desktop\WMMR\build\src\MovieMakerCore\MovieMakerCore.vcxproj]
  (compiling source file '../../../src/MovieMakerCore/StoryboardManager/StoryboardManagerExceptions.cpp')
      C:\Program Files (x86)\Microsoft Visual Studio\2022\BuildTools\VC\Tools\MSVC\14.44.35207\atlmfc\include\cstringt.h(999,7):
      see declaration of 'ATL::CStringT<wchar_t,ATL::StrTraitATL<wchar_t,ATL::ChTraitsCRT<wchar_t>>>'
  
C:\Users\mcmco\Desktop\WMMR\src\MovieMakerCore\StoryboardManager\Templates.h(276,25): warning C4251: 'StoryboardManager::TemplateEntry::m_strThumbnailPath': 'ATL::CStringT<wchar_t,ATL::StrTraitATL<wchar_t,ATL::ChTraitsCRT<wchar_t>>>' needs to have dll-interface to be used by clients of 'StoryboardManager::TemplateEntry' [C:\Users\mcmco\Desktop\WMMR\build\src\MovieMakerCore\MovieMakerCore.vcxproj]
  (compiling source file '../../../src/MovieMakerCore/StoryboardManager/StoryboardManagerExceptions.cpp')
      C:\Program Files (x86)\Microsoft Visual Studio\2022\BuildTools\VC\Tools\MSVC\14.44.35207\atlmfc\include\cstringt.h(999,7):
      see declaration of 'ATL::CStringT<wchar_t,ATL::StrTraitATL<wchar_t,ATL::ChTraitsCRT<wchar_t>>>'
  
C:\Users\mcmco\Desktop\WMMR\src\MovieMakerCore\StoryboardManager\MovieProject.h(404,32): warning C4251: 'StoryboardManager::MovieProject::m_arrUndoStack': 'ATL::CAtlArray<StoryboardManager::MovieProject::UndoEntry *,ATL::CElementTraits<E>>' needs to have dll-interface to be used by clients of 'StoryboardManager::MovieProject' [C:\Users\mcmco\Desktop\WMMR\build\src\MovieMakerCore\MovieMakerCore.vcxproj]
C:\Users\mcmco\Desktop\WMMR\src\MovieMakerCore\StoryboardManager\MovieProject.h(404,32): warning C4251:         with [C:\Users\mcmco\Desktop\WMMR\build\src\MovieMakerCore\MovieMakerCore.vcxproj]
C:\Users\mcmco\Desktop\WMMR\src\MovieMakerCore\StoryboardManager\MovieProject.h(404,32): warning C4251:         [ [C:\Users\mcmco\Desktop\WMMR\build\src\MovieMakerCore\MovieMakerCore.vcxproj]
C:\Users\mcmco\Desktop\WMMR\src\MovieMakerCore\StoryboardManager\MovieProject.h(404,32): warning C4251:             E=StoryboardManager::MovieProject::UndoEntry * [C:\Users\mcmco\Desktop\WMMR\build\src\MovieMakerCore\MovieMakerCore.vcxproj]
C:\Users\mcmco\Desktop\WMMR\src\MovieMakerCore\StoryboardManager\MovieProject.h(404,32): warning C4251:         ] [C:\Users\mcmco\Desktop\WMMR\build\src\MovieMakerCore\MovieMakerCore.vcxproj]
  (compiling source file '../../../src/MovieMakerCore/StoryboardManager/Theme/ThemeTemplates.cpp')
      C:\Program Files (x86)\Microsoft Visual Studio\2022\BuildTools\VC\Tools\MSVC\14.44.35207\atlmfc\include\atlcoll.h(530,7):
      see declaration of 'ATL::CAtlArray<StoryboardManager::MovieProject::UndoEntry *,ATL::CElementTraits<E>>'
          with
          [
              E=StoryboardManager::MovieProject::UndoEntry *
          ]
  
C:\Users\mcmco\Desktop\WMMR\src\MovieMakerCore\StoryboardManager\Templates.h(127,25): warning C4251: 'StoryboardManager::ThemeEffect::m_strX3dClipName': 'ATL::CStringT<wchar_t,ATL::StrTraitATL<wchar_t,ATL::ChTraitsCRT<wchar_t>>>' needs to have dll-interface to be used by clients of 'StoryboardManager::ThemeEffect' [C:\Users\mcmco\Desktop\WMMR\build\src\MovieMakerCore\MovieMakerCore.vcxproj]
  (compiling source file '../../../src/MovieMakerCore/StoryboardManager/Theme/Theme.cpp')
      C:\Program Files (x86)\Microsoft Visual Studio\2022\BuildTools\VC\Tools\MSVC\14.44.35207\atlmfc\include\cstringt.h(999,7):
      see declaration of 'ATL::CStringT<wchar_t,ATL::StrTraitATL<wchar_t,ATL::ChTraitsCRT<wchar_t>>>'
  
C:\Users\mcmco\Desktop\WMMR\src\MovieMakerCore\StoryboardManager\Theme\ThemeTemplates.h(105,25): warning C4251: 'StoryboardManager::TemplatePlaceholder::m_strId': 'ATL::CStringT<wchar_t,ATL::StrTraitATL<wchar_t,ATL::ChTraitsCRT<wchar_t>>>' needs to have dll-interface to be used by clients of 'StoryboardManager::TemplatePlaceholder' [C:\Users\mcmco\Desktop\WMMR\build\src\MovieMakerCore\MovieMakerCore.vcxproj]
  (compiling source file '../../../src/MovieMakerCore/StoryboardManager/Theme/ThemeTemplates.cpp')
      C:\Program Files (x86)\Microsoft Visual Studio\2022\BuildTools\VC\Tools\MSVC\14.44.35207\atlmfc\include\cstringt.h(999,7):
      see declaration of 'ATL::CStringT<wchar_t,ATL::StrTraitATL<wchar_t,ATL::ChTraitsCRT<wchar_t>>>'
  
C:\Users\mcmco\Desktop\WMMR\src\MovieMakerCore\StoryboardManager\Theme\ThemeTemplates.h(106,25): warning C4251: 'StoryboardManager::TemplatePlaceholder::m_strName': 'ATL::CStringT<wchar_t,ATL::StrTraitATL<wchar_t,ATL::ChTraitsCRT<wchar_t>>>' needs to have dll-interface to be used by clients of 'StoryboardManager::TemplatePlaceholder' [C:\Users\mcmco\Desktop\WMMR\build\src\MovieMakerCore\MovieMakerCore.vcxproj]
  (compiling source file '../../../src/MovieMakerCore/StoryboardManager/Theme/ThemeTemplates.cpp')
      C:\Program Files (x86)\Microsoft Visual Studio\2022\BuildTools\VC\Tools\MSVC\14.44.35207\atlmfc\include\cstringt.h(999,7):
      see declaration of 'ATL::CStringT<wchar_t,ATL::StrTraitATL<wchar_t,ATL::ChTraitsCRT<wchar_t>>>'
  
C:\Users\mcmco\Desktop\WMMR\src\MovieMakerCore\StoryboardManager\Templates.h(343,37): warning C4251: 'StoryboardManager::TemplateTable::m_arrTemplates': 'ATL::CAtlArray<StoryboardManager::TemplateEntry *,ATL::CElementTraits<E>>' needs to have dll-interface to be used by clients of 'StoryboardManager::TemplateTable' [C:\Users\mcmco\Desktop\WMMR\build\src\MovieMakerCore\MovieMakerCore.vcxproj]
C:\Users\mcmco\Desktop\WMMR\src\MovieMakerCore\StoryboardManager\Templates.h(343,37): warning C4251:         with [C:\Users\mcmco\Desktop\WMMR\build\src\MovieMakerCore\MovieMakerCore.vcxproj]
C:\Users\mcmco\Desktop\WMMR\src\MovieMakerCore\StoryboardManager\Templates.h(343,37): warning C4251:         [ [C:\Users\mcmco\Desktop\WMMR\build\src\MovieMakerCore\MovieMakerCore.vcxproj]
C:\Users\mcmco\Desktop\WMMR\src\MovieMakerCore\StoryboardManager\Templates.h(343,37): warning C4251:             E=StoryboardManager::TemplateEntry * [C:\Users\mcmco\Desktop\WMMR\build\src\MovieMakerCore\MovieMakerCore.vcxproj]
C:\Users\mcmco\Desktop\WMMR\src\MovieMakerCore\StoryboardManager\Templates.h(343,37): warning C4251:         ] [C:\Users\mcmco\Desktop\WMMR\build\src\MovieMakerCore\MovieMakerCore.vcxproj]
  (compiling source file '../../../src/MovieMakerCore/StoryboardManager/StoryboardManagerExceptions.cpp')
      C:\Program Files (x86)\Microsoft Visual Studio\2022\BuildTools\VC\Tools\MSVC\14.44.35207\atlmfc\include\atlcoll.h(530,7):
      see declaration of 'ATL::CAtlArray<StoryboardManager::TemplateEntry *,ATL::CElementTraits<E>>'
          with
          [
              E=StoryboardManager::TemplateEntry *
          ]
  
C:\Users\mcmco\Desktop\WMMR\src\MovieMakerCore\StoryboardManager\Theme\ThemeTemplates.h(122,25): warning C4251: 'StoryboardManager::TemplatePlaceholder::m_strDefaultValue': 'ATL::CStringT<wchar_t,ATL::StrTraitATL<wchar_t,ATL::ChTraitsCRT<wchar_t>>>' needs to have dll-interface to be used by clients of 'StoryboardManager::TemplatePlaceholder' [C:\Users\mcmco\Desktop\WMMR\build\src\MovieMakerCore\MovieMakerCore.vcxproj]
  (compiling source file '../../../src/MovieMakerCore/StoryboardManager/Theme/ThemeTemplates.cpp')
      C:\Program Files (x86)\Microsoft Visual Studio\2022\BuildTools\VC\Tools\MSVC\14.44.35207\atlmfc\include\cstringt.h(999,7):
      see declaration of 'ATL::CStringT<wchar_t,ATL::StrTraitATL<wchar_t,ATL::ChTraitsCRT<wchar_t>>>'
  
C:\Users\mcmco\Desktop\WMMR\src\MovieMakerCore\StoryboardManager\Templates.h(135,31): warning C4251: 'StoryboardManager::ThemeEffect::m_arrParameters': 'ATL::CAtlArray<StoryboardManager::ThemeEffect::Parameter,ATL::CElementTraits<E>>' needs to have dll-interface to be used by clients of 'StoryboardManager::ThemeEffect' [C:\Users\mcmco\Desktop\WMMR\build\src\MovieMakerCore\MovieMakerCore.vcxproj]
C:\Users\mcmco\Desktop\WMMR\src\MovieMakerCore\StoryboardManager\Templates.h(135,31): warning C4251:         with [C:\Users\mcmco\Desktop\WMMR\build\src\MovieMakerCore\MovieMakerCore.vcxproj]
C:\Users\mcmco\Desktop\WMMR\src\MovieMakerCore\StoryboardManager\Templates.h(135,31): warning C4251:         [ [C:\Users\mcmco\Desktop\WMMR\build\src\MovieMakerCore\MovieMakerCore.vcxproj]
C:\Users\mcmco\Desktop\WMMR\src\MovieMakerCore\StoryboardManager\Templates.h(135,31): warning C4251:             E=StoryboardManager::ThemeEffect::Parameter [C:\Users\mcmco\Desktop\WMMR\build\src\MovieMakerCore\MovieMakerCore.vcxproj]
C:\Users\mcmco\Desktop\WMMR\src\MovieMakerCore\StoryboardManager\Templates.h(135,31): warning C4251:         ] [C:\Users\mcmco\Desktop\WMMR\build\src\MovieMakerCore\MovieMakerCore.vcxproj]
  (compiling source file '../../../src/MovieMakerCore/StoryboardManager/Theme/Theme.cpp')
      C:\Program Files (x86)\Microsoft Visual Studio\2022\BuildTools\VC\Tools\MSVC\14.44.35207\atlmfc\include\atlcoll.h(530,7):
      see declaration of 'ATL::CAtlArray<StoryboardManager::ThemeEffect::Parameter,ATL::CElementTraits<E>>'
          with
          [
              E=StoryboardManager::ThemeEffect::Parameter
          ]
  
C:\Users\mcmco\Desktop\WMMR\src\MovieMakerCore\StoryboardManager\Templates.h(344,37): warning C4251: 'StoryboardManager::TemplateTable::m_arrThemes': 'ATL::CAtlArray<StoryboardManager::AutoMovieTheme *,ATL::CElementTraits<E>>' needs to have dll-interface to be used by clients of 'StoryboardManager::TemplateTable' [C:\Users\mcmco\Desktop\WMMR\build\src\MovieMakerCore\MovieMakerCore.vcxproj]
C:\Users\mcmco\Desktop\WMMR\src\MovieMakerCore\StoryboardManager\Templates.h(344,37): warning C4251:         with [C:\Users\mcmco\Desktop\WMMR\build\src\MovieMakerCore\MovieMakerCore.vcxproj]
C:\Users\mcmco\Desktop\WMMR\src\MovieMakerCore\StoryboardManager\Templates.h(344,37): warning C4251:         [ [C:\Users\mcmco\Desktop\WMMR\build\src\MovieMakerCore\MovieMakerCore.vcxproj]
C:\Users\mcmco\Desktop\WMMR\src\MovieMakerCore\StoryboardManager\Templates.h(344,37): warning C4251:             E=StoryboardManager::AutoMovieTheme * [C:\Users\mcmco\Desktop\WMMR\build\src\MovieMakerCore\MovieMakerCore.vcxproj]
C:\Users\mcmco\Desktop\WMMR\src\MovieMakerCore\StoryboardManager\Templates.h(344,37): warning C4251:         ] [C:\Users\mcmco\Desktop\WMMR\build\src\MovieMakerCore\MovieMakerCore.vcxproj]
  (compiling source file '../../../src/MovieMakerCore/StoryboardManager/StoryboardManagerExceptions.cpp')
      C:\Program Files (x86)\Microsoft Visual Studio\2022\BuildTools\VC\Tools\MSVC\14.44.35207\atlmfc\include\atlcoll.h(530,7):
      see declaration of 'ATL::CAtlArray<StoryboardManager::AutoMovieTheme *,ATL::CElementTraits<E>>'
          with
          [
              E=StoryboardManager::AutoMovieTheme *
          ]
  
C:\Users\mcmco\Desktop\WMMR\src\MovieMakerCore\StoryboardManager\Templates.h(206,21): warning C4251: 'StoryboardManager::AutoMovieTheme::m_strName': 'ATL::CStringT<wchar_t,ATL::StrTraitATL<wchar_t,ATL::ChTraitsCRT<wchar_t>>>' needs to have dll-interface to be used by clients of 'StoryboardManager::AutoMovieTheme' [C:\Users\mcmco\Desktop\WMMR\build\src\MovieMakerCore\MovieMakerCore.vcxproj]
  (compiling source file '../../../src/MovieMakerCore/StoryboardManager/Theme/Theme.cpp')
      C:\Program Files (x86)\Microsoft Visual Studio\2022\BuildTools\VC\Tools\MSVC\14.44.35207\atlmfc\include\cstringt.h(999,7):
      see declaration of 'ATL::CStringT<wchar_t,ATL::StrTraitATL<wchar_t,ATL::ChTraitsCRT<wchar_t>>>'
  
C:\Users\mcmco\Desktop\WMMR\src\MovieMakerCore\StoryboardManager\Templates.h(207,21): warning C4251: 'StoryboardManager::AutoMovieTheme::m_strDisplayName': 'ATL::CStringT<wchar_t,ATL::StrTraitATL<wchar_t,ATL::ChTraitsCRT<wchar_t>>>' needs to have dll-interface to be used by clients of 'StoryboardManager::AutoMovieTheme' [C:\Users\mcmco\Desktop\WMMR\build\src\MovieMakerCore\MovieMakerCore.vcxproj]
  (compiling source file '../../../src/MovieMakerCore/StoryboardManager/Theme/Theme.cpp')
      C:\Program Files (x86)\Microsoft Visual Studio\2022\BuildTools\VC\Tools\MSVC\14.44.35207\atlmfc\include\cstringt.h(999,7):
      see declaration of 'ATL::CStringT<wchar_t,ATL::StrTraitATL<wchar_t,ATL::ChTraitsCRT<wchar_t>>>'
  
C:\Users\mcmco\Desktop\WMMR\src\MovieMakerCore\StoryboardManager\Templates.h(208,21): warning C4251: 'StoryboardManager::AutoMovieTheme::m_strDescription': 'ATL::CStringT<wchar_t,ATL::StrTraitATL<wchar_t,ATL::ChTraitsCRT<wchar_t>>>' needs to have dll-interface to be used by clients of 'StoryboardManager::AutoMovieTheme' [C:\Users\mcmco\Desktop\WMMR\build\src\MovieMakerCore\MovieMakerCore.vcxproj]
  (compiling source file '../../../src/MovieMakerCore/StoryboardManager/Theme/Theme.cpp')
      C:\Program Files (x86)\Microsoft Visual Studio\2022\BuildTools\VC\Tools\MSVC\14.44.35207\atlmfc\include\cstringt.h(999,7):
      see declaration of 'ATL::CStringT<wchar_t,ATL::StrTraitATL<wchar_t,ATL::ChTraitsCRT<wchar_t>>>'
  
C:\Users\mcmco\Desktop\WMMR\src\MovieMakerCore\StoryboardManager\Templates.h(209,21): warning C4251: 'StoryboardManager::AutoMovieTheme::m_strThumbnailPath': 'ATL::CStringT<wchar_t,ATL::StrTraitATL<wchar_t,ATL::ChTraitsCRT<wchar_t>>>' needs to have dll-interface to be used by clients of 'StoryboardManager::AutoMovieTheme' [C:\Users\mcmco\Desktop\WMMR\build\src\MovieMakerCore\MovieMakerCore.vcxproj]
  (compiling source file '../../../src/MovieMakerCore/StoryboardManager/Theme/Theme.cpp')
      C:\Program Files (x86)\Microsoft Visual Studio\2022\BuildTools\VC\Tools\MSVC\14.44.35207\atlmfc\include\cstringt.h(999,7):
      see declaration of 'ATL::CStringT<wchar_t,ATL::StrTraitATL<wchar_t,ATL::ChTraitsCRT<wchar_t>>>'
  
C:\Users\mcmco\Desktop\WMMR\src\MovieMakerCore\StoryboardManager\Theme\ThemeTemplates.h(160,21): warning C4251: 'StoryboardManager::TemplateProperty::m_strKey': 'ATL::CStringT<wchar_t,ATL::StrTraitATL<wchar_t,ATL::ChTraitsCRT<wchar_t>>>' needs to have dll-interface to be used by clients of 'StoryboardManager::TemplateProperty' [C:\Users\mcmco\Desktop\WMMR\build\src\MovieMakerCore\MovieMakerCore.vcxproj]
  (compiling source file '../../../src/MovieMakerCore/StoryboardManager/Theme/ThemeTemplates.cpp')
      C:\Program Files (x86)\Microsoft Visual Studio\2022\BuildTools\VC\Tools\MSVC\14.44.35207\atlmfc\include\cstringt.h(999,7):
      see declaration of 'ATL::CStringT<wchar_t,ATL::StrTraitATL<wchar_t,ATL::ChTraitsCRT<wchar_t>>>'
  
C:\Users\mcmco\Desktop\WMMR\src\MovieMakerCore\StoryboardManager\Templates.h(210,21): warning C4251: 'StoryboardManager::AutoMovieTheme::m_strCategory': 'ATL::CStringT<wchar_t,ATL::StrTraitATL<wchar_t,ATL::ChTraitsCRT<wchar_t>>>' needs to have dll-interface to be used by clients of 'StoryboardManager::AutoMovieTheme' [C:\Users\mcmco\Desktop\WMMR\build\src\MovieMakerCore\MovieMakerCore.vcxproj]
  (compiling source file '../../../src/MovieMakerCore/StoryboardManager/Theme/Theme.cpp')
      C:\Program Files (x86)\Microsoft Visual Studio\2022\BuildTools\VC\Tools\MSVC\14.44.35207\atlmfc\include\cstringt.h(999,7):
      see declaration of 'ATL::CStringT<wchar_t,ATL::StrTraitATL<wchar_t,ATL::ChTraitsCRT<wchar_t>>>'
  
C:\Users\mcmco\Desktop\WMMR\src\MovieMakerCore\StoryboardManager\Theme\ThemeTemplates.h(161,21): warning C4251: 'StoryboardManager::TemplateProperty::m_strValue': 'ATL::CStringT<wchar_t,ATL::StrTraitATL<wchar_t,ATL::ChTraitsCRT<wchar_t>>>' needs to have dll-interface to be used by clients of 'StoryboardManager::TemplateProperty' [C:\Users\mcmco\Desktop\WMMR\build\src\MovieMakerCore\MovieMakerCore.vcxproj]
  (compiling source file '../../../src/MovieMakerCore/StoryboardManager/Theme/ThemeTemplates.cpp')
      C:\Program Files (x86)\Microsoft Visual Studio\2022\BuildTools\VC\Tools\MSVC\14.44.35207\atlmfc\include\cstringt.h(999,7):
      see declaration of 'ATL::CStringT<wchar_t,ATL::StrTraitATL<wchar_t,ATL::ChTraitsCRT<wchar_t>>>'
  
C:\Users\mcmco\Desktop\WMMR\src\MovieMakerCore\StoryboardManager\Templates.h(211,21): warning C4251: 'StoryboardManager::AutoMovieTheme::m_strTitleFontFamily': 'ATL::CStringT<wchar_t,ATL::StrTraitATL<wchar_t,ATL::ChTraitsCRT<wchar_t>>>' needs to have dll-interface to be used by clients of 'StoryboardManager::AutoMovieTheme' [C:\Users\mcmco\Desktop\WMMR\build\src\MovieMakerCore\MovieMakerCore.vcxproj]
  (compiling source file '../../../src/MovieMakerCore/StoryboardManager/Theme/Theme.cpp')
      C:\Program Files (x86)\Microsoft Visual Studio\2022\BuildTools\VC\Tools\MSVC\14.44.35207\atlmfc\include\cstringt.h(999,7):
      see declaration of 'ATL::CStringT<wchar_t,ATL::StrTraitATL<wchar_t,ATL::ChTraitsCRT<wchar_t>>>'
  
C:\Users\mcmco\Desktop\WMMR\src\MovieMakerCore\StoryboardManager\Theme\ThemeTemplates.h(220,33): warning C4251: 'StoryboardManager::TemplateSocket::m_strId': 'ATL::CStringT<wchar_t,ATL::StrTraitATL<wchar_t,ATL::ChTraitsCRT<wchar_t>>>' needs to have dll-interface to be used by clients of 'StoryboardManager::TemplateSocket' [C:\Users\mcmco\Desktop\WMMR\build\src\MovieMakerCore\MovieMakerCore.vcxproj]
  (compiling source file '../../../src/MovieMakerCore/StoryboardManager/Theme/ThemeTemplates.cpp')
      C:\Program Files (x86)\Microsoft Visual Studio\2022\BuildTools\VC\Tools\MSVC\14.44.35207\atlmfc\include\cstringt.h(999,7):
      see declaration of 'ATL::CStringT<wchar_t,ATL::StrTraitATL<wchar_t,ATL::ChTraitsCRT<wchar_t>>>'
  
C:\Users\mcmco\Desktop\WMMR\src\MovieMakerCore\StoryboardManager\Theme\ThemeTemplates.h(221,33): warning C4251: 'StoryboardManager::TemplateSocket::m_strName': 'ATL::CStringT<wchar_t,ATL::StrTraitATL<wchar_t,ATL::ChTraitsCRT<wchar_t>>>' needs to have dll-interface to be used by clients of 'StoryboardManager::TemplateSocket' [C:\Users\mcmco\Desktop\WMMR\build\src\MovieMakerCore\MovieMakerCore.vcxproj]
  (compiling source file '../../../src/MovieMakerCore/StoryboardManager/Theme/ThemeTemplates.cpp')
      C:\Program Files (x86)\Microsoft Visual Studio\2022\BuildTools\VC\Tools\MSVC\14.44.35207\atlmfc\include\cstringt.h(999,7):
      see declaration of 'ATL::CStringT<wchar_t,ATL::StrTraitATL<wchar_t,ATL::ChTraitsCRT<wchar_t>>>'
  
C:\Users\mcmco\Desktop\WMMR\src\MovieMakerCore\StoryboardManager\Theme\ThemeTemplates.h(223,33): warning C4251: 'StoryboardManager::TemplateSocket::m_strPlaceholderId': 'ATL::CStringT<wchar_t,ATL::StrTraitATL<wchar_t,ATL::ChTraitsCRT<wchar_t>>>' needs to have dll-interface to be used by clients of 'StoryboardManager::TemplateSocket' [C:\Users\mcmco\Desktop\WMMR\build\src\MovieMakerCore\MovieMakerCore.vcxproj]
  (compiling source file '../../../src/MovieMakerCore/StoryboardManager/Theme/ThemeTemplates.cpp')
      C:\Program Files (x86)\Microsoft Visual Studio\2022\BuildTools\VC\Tools\MSVC\14.44.35207\atlmfc\include\cstringt.h(999,7):
      see declaration of 'ATL::CStringT<wchar_t,ATL::StrTraitATL<wchar_t,ATL::ChTraitsCRT<wchar_t>>>'
  
C:\Users\mcmco\Desktop\WMMR\src\MovieMakerCore\StoryboardManager\Templates.h(213,33): warning C4251: 'StoryboardManager::AutoMovieTheme::m_arrEffects': 'ATL::CAtlArray<StoryboardManager::ThemeEffect,ATL::CElementTraits<E>>' needs to have dll-interface to be used by clients of 'StoryboardManager::AutoMovieTheme' [C:\Users\mcmco\Desktop\WMMR\build\src\MovieMakerCore\MovieMakerCore.vcxproj]
C:\Users\mcmco\Desktop\WMMR\src\MovieMakerCore\StoryboardManager\Templates.h(213,33): warning C4251:         with [C:\Users\mcmco\Desktop\WMMR\build\src\MovieMakerCore\MovieMakerCore.vcxproj]
C:\Users\mcmco\Desktop\WMMR\src\MovieMakerCore\StoryboardManager\Templates.h(213,33): warning C4251:         [ [C:\Users\mcmco\Desktop\WMMR\build\src\MovieMakerCore\MovieMakerCore.vcxproj]
C:\Users\mcmco\Desktop\WMMR\src\MovieMakerCore\StoryboardManager\Templates.h(213,33): warning C4251:             E=StoryboardManager::ThemeEffect [C:\Users\mcmco\Desktop\WMMR\build\src\MovieMakerCore\MovieMakerCore.vcxproj]
C:\Users\mcmco\Desktop\WMMR\src\MovieMakerCore\StoryboardManager\Templates.h(213,33): warning C4251:         ] [C:\Users\mcmco\Desktop\WMMR\build\src\MovieMakerCore\MovieMakerCore.vcxproj]
  (compiling source file '../../../src/MovieMakerCore/StoryboardManager/Theme/Theme.cpp')
      C:\Program Files (x86)\Microsoft Visual Studio\2022\BuildTools\VC\Tools\MSVC\14.44.35207\atlmfc\include\atlcoll.h(530,7):
      see declaration of 'ATL::CAtlArray<StoryboardManager::ThemeEffect,ATL::CElementTraits<E>>'
          with
          [
              E=StoryboardManager::ThemeEffect
          ]
  
C:\Users\mcmco\Desktop\WMMR\src\MovieMakerCore\StoryboardManager\Templates.h(273,25): warning C4251: 'StoryboardManager::TemplateEntry::m_strName': 'ATL::CStringT<wchar_t,ATL::StrTraitATL<wchar_t,ATL::ChTraitsCRT<wchar_t>>>' needs to have dll-interface to be used by clients of 'StoryboardManager::TemplateEntry' [C:\Users\mcmco\Desktop\WMMR\build\src\MovieMakerCore\MovieMakerCore.vcxproj]
  (compiling source file '../../../src/MovieMakerCore/StoryboardManager/Theme/Theme.cpp')
      C:\Program Files (x86)\Microsoft Visual Studio\2022\BuildTools\VC\Tools\MSVC\14.44.35207\atlmfc\include\cstringt.h(999,7):
      see declaration of 'ATL::CStringT<wchar_t,ATL::StrTraitATL<wchar_t,ATL::ChTraitsCRT<wchar_t>>>'
  
C:\Users\mcmco\Desktop\WMMR\src\MovieMakerCore\StoryboardManager\Templates.h(274,25): warning C4251: 'StoryboardManager::TemplateEntry::m_strDisplayName': 'ATL::CStringT<wchar_t,ATL::StrTraitATL<wchar_t,ATL::ChTraitsCRT<wchar_t>>>' needs to have dll-interface to be used by clients of 'StoryboardManager::TemplateEntry' [C:\Users\mcmco\Desktop\WMMR\build\src\MovieMakerCore\MovieMakerCore.vcxproj]
  (compiling source file '../../../src/MovieMakerCore/StoryboardManager/Theme/Theme.cpp')
      C:\Program Files (x86)\Microsoft Visual Studio\2022\BuildTools\VC\Tools\MSVC\14.44.35207\atlmfc\include\cstringt.h(999,7):
      see declaration of 'ATL::CStringT<wchar_t,ATL::StrTraitATL<wchar_t,ATL::ChTraitsCRT<wchar_t>>>'
  
C:\Users\mcmco\Desktop\WMMR\src\MovieMakerCore\StoryboardManager\Templates.h(275,25): warning C4251: 'StoryboardManager::TemplateEntry::m_strDescription': 'ATL::CStringT<wchar_t,ATL::StrTraitATL<wchar_t,ATL::ChTraitsCRT<wchar_t>>>' needs to have dll-interface to be used by clients of 'StoryboardManager::TemplateEntry' [C:\Users\mcmco\Desktop\WMMR\build\src\MovieMakerCore\MovieMakerCore.vcxproj]
  (compiling source file '../../../src/MovieMakerCore/StoryboardManager/Theme/Theme.cpp')
      C:\Program Files (x86)\Microsoft Visual Studio\2022\BuildTools\VC\Tools\MSVC\14.44.35207\atlmfc\include\cstringt.h(999,7):
      see declaration of 'ATL::CStringT<wchar_t,ATL::StrTraitATL<wchar_t,ATL::ChTraitsCRT<wchar_t>>>'
  
C:\Users\mcmco\Desktop\WMMR\src\MovieMakerCore\StoryboardManager\MovieProject.h(119,18): warning C4251: 'StoryboardManager::ProjectMediaItem::m_strSourcePath': 'ATL::CStringT<wchar_t,ATL::StrTraitATL<wchar_t,ATL::ChTraitsCRT<wchar_t>>>' needs to have dll-interface to be used by clients of 'StoryboardManager::ProjectMediaItem' [C:\Users\mcmco\Desktop\WMMR\build\src\MovieMakerCore\MovieMakerCore.vcxproj]
  (compiling source file '../../../src/MovieMakerCore/StoryboardManager/StoryboardManagerExceptions.cpp')
      C:\Program Files (x86)\Microsoft Visual Studio\2022\BuildTools\VC\Tools\MSVC\14.44.35207\atlmfc\include\cstringt.h(999,7):
      see declaration of 'ATL::CStringT<wchar_t,ATL::StrTraitATL<wchar_t,ATL::ChTraitsCRT<wchar_t>>>'
  
C:\Users\mcmco\Desktop\WMMR\src\MovieMakerCore\StoryboardManager\Templates.h(276,25): warning C4251: 'StoryboardManager::TemplateEntry::m_strThumbnailPath': 'ATL::CStringT<wchar_t,ATL::StrTraitATL<wchar_t,ATL::ChTraitsCRT<wchar_t>>>' needs to have dll-interface to be used by clients of 'StoryboardManager::TemplateEntry' [C:\Users\mcmco\Desktop\WMMR\build\src\MovieMakerCore\MovieMakerCore.vcxproj]
  (compiling source file '../../../src/MovieMakerCore/StoryboardManager/Theme/Theme.cpp')
      C:\Program Files (x86)\Microsoft Visual Studio\2022\BuildTools\VC\Tools\MSVC\14.44.35207\atlmfc\include\cstringt.h(999,7):
      see declaration of 'ATL::CStringT<wchar_t,ATL::StrTraitATL<wchar_t,ATL::ChTraitsCRT<wchar_t>>>'
  
C:\Users\mcmco\Desktop\WMMR\src\WLXPhotoBase\BaseTypes.h(536,18): warning C4251: 'Base::File::m_strPath': 'ATL::CStringT<wchar_t,ATL::StrTraitATL<wchar_t,ATL::ChTraitsCRT<wchar_t>>>' needs to have dll-interface to be used by clients of 'Base::File' [C:\Users\mcmco\Desktop\WMMR\build\src\MovieMakerCore\MovieMakerCore.vcxproj]
  (compiling source file '../../../src/MovieMakerCore/StoryboardManager/Theme/ThemeStructure.cpp')
      C:\Program Files (x86)\Microsoft Visual Studio\2022\BuildTools\VC\Tools\MSVC\14.44.35207\atlmfc\include\cstringt.h(999,7):
      see declaration of 'ATL::CStringT<wchar_t,ATL::StrTraitATL<wchar_t,ATL::ChTraitsCRT<wchar_t>>>'
  
C:\Users\mcmco\Desktop\WMMR\src\MovieMakerCore\StoryboardManager\MovieProject.h(120,18): warning C4251: 'StoryboardManager::ProjectMediaItem::m_strThumbnailPath': 'ATL::CStringT<wchar_t,ATL::StrTraitATL<wchar_t,ATL::ChTraitsCRT<wchar_t>>>' needs to have dll-interface to be used by clients of 'StoryboardManager::ProjectMediaItem' [C:\Users\mcmco\Desktop\WMMR\build\src\MovieMakerCore\MovieMakerCore.vcxproj]
  (compiling source file '../../../src/MovieMakerCore/StoryboardManager/StoryboardManagerExceptions.cpp')
      C:\Program Files (x86)\Microsoft Visual Studio\2022\BuildTools\VC\Tools\MSVC\14.44.35207\atlmfc\include\cstringt.h(999,7):
      see declaration of 'ATL::CStringT<wchar_t,ATL::StrTraitATL<wchar_t,ATL::ChTraitsCRT<wchar_t>>>'
  
C:\Users\mcmco\Desktop\WMMR\src\MovieMakerCore\StoryboardManager\MovieProject.h(127,18): warning C4251: 'StoryboardManager::ProjectMediaItem::m_strTags': 'ATL::CStringT<wchar_t,ATL::StrTraitATL<wchar_t,ATL::ChTraitsCRT<wchar_t>>>' needs to have dll-interface to be used by clients of 'StoryboardManager::ProjectMediaItem' [C:\Users\mcmco\Desktop\WMMR\build\src\MovieMakerCore\MovieMakerCore.vcxproj]
  (compiling source file '../../../src/MovieMakerCore/StoryboardManager/StoryboardManagerExceptions.cpp')
      C:\Program Files (x86)\Microsoft Visual Studio\2022\BuildTools\VC\Tools\MSVC\14.44.35207\atlmfc\include\cstringt.h(999,7):
      see declaration of 'ATL::CStringT<wchar_t,ATL::StrTraitATL<wchar_t,ATL::ChTraitsCRT<wchar_t>>>'
  
C:\Users\mcmco\Desktop\WMMR\src\WLXPhotoBase\BaseTypes.h(568,18): warning C4251: 'Base::TempFile::m_strPath': 'ATL::CStringT<wchar_t,ATL::StrTraitATL<wchar_t,ATL::ChTraitsCRT<wchar_t>>>' needs to have dll-interface to be used by clients of 'Base::TempFile' [C:\Users\mcmco\Desktop\WMMR\build\src\MovieMakerCore\MovieMakerCore.vcxproj]
  (compiling source file '../../../src/MovieMakerCore/StoryboardManager/Theme/ThemeStructure.cpp')
      C:\Program Files (x86)\Microsoft Visual Studio\2022\BuildTools\VC\Tools\MSVC\14.44.35207\atlmfc\include\cstringt.h(999,7):
      see declaration of 'ATL::CStringT<wchar_t,ATL::StrTraitATL<wchar_t,ATL::ChTraitsCRT<wchar_t>>>'
  
C:\Users\mcmco\Desktop\WMMR\src\MovieMakerCore\StoryboardManager\MovieProject.h(130,18): warning C4251: 'StoryboardManager::ProjectMediaItem::m_strVideoCodec': 'ATL::CStringT<wchar_t,ATL::StrTraitATL<wchar_t,ATL::ChTraitsCRT<wchar_t>>>' needs to have dll-interface to be used by clients of 'StoryboardManager::ProjectMediaItem' [C:\Users\mcmco\Desktop\WMMR\build\src\MovieMakerCore\MovieMakerCore.vcxproj]
  (compiling source file '../../../src/MovieMakerCore/StoryboardManager/StoryboardManagerExceptions.cpp')
      C:\Program Files (x86)\Microsoft Visual Studio\2022\BuildTools\VC\Tools\MSVC\14.44.35207\atlmfc\include\cstringt.h(999,7):
      see declaration of 'ATL::CStringT<wchar_t,ATL::StrTraitATL<wchar_t,ATL::ChTraitsCRT<wchar_t>>>'
  
C:\Users\mcmco\Desktop\WMMR\src\WLXPhotoBase\BaseTypes.h(661,21): warning C4251: 'Base::FindFile::m_strDirectory': 'ATL::CStringT<wchar_t,ATL::StrTraitATL<wchar_t,ATL::ChTraitsCRT<wchar_t>>>' needs to have dll-interface to be used by clients of 'Base::FindFile' [C:\Users\mcmco\Desktop\WMMR\build\src\MovieMakerCore\MovieMakerCore.vcxproj]
  (compiling source file '../../../src/MovieMakerCore/StoryboardManager/Theme/ThemeStructure.cpp')
      C:\Program Files (x86)\Microsoft Visual Studio\2022\BuildTools\VC\Tools\MSVC\14.44.35207\atlmfc\include\cstringt.h(999,7):
      see declaration of 'ATL::CStringT<wchar_t,ATL::StrTraitATL<wchar_t,ATL::ChTraitsCRT<wchar_t>>>'
  
C:\Users\mcmco\Desktop\WMMR\src\MovieMakerCore\StoryboardManager\Theme\ThemeTemplates.h(227,38): warning C4251: 'StoryboardManager::TemplateSocket::m_arrProperties': 'ATL::CAtlArray<StoryboardManager::TemplateProperty,ATL::CElementTraits<E>>' needs to have dll-interface to be used by clients of 'StoryboardManager::TemplateSocket' [C:\Users\mcmco\Desktop\WMMR\build\src\MovieMakerCore\MovieMakerCore.vcxproj]
C:\Users\mcmco\Desktop\WMMR\src\MovieMakerCore\StoryboardManager\Theme\ThemeTemplates.h(227,38): warning C4251:         with [C:\Users\mcmco\Desktop\WMMR\build\src\MovieMakerCore\MovieMakerCore.vcxproj]
C:\Users\mcmco\Desktop\WMMR\src\MovieMakerCore\StoryboardManager\Theme\ThemeTemplates.h(227,38): warning C4251:         [ [C:\Users\mcmco\Desktop\WMMR\build\src\MovieMakerCore\MovieMakerCore.vcxproj]
C:\Users\mcmco\Desktop\WMMR\src\MovieMakerCore\StoryboardManager\Theme\ThemeTemplates.h(227,38): warning C4251:             E=StoryboardManager::TemplateProperty [C:\Users\mcmco\Desktop\WMMR\build\src\MovieMakerCore\MovieMakerCore.vcxproj]
C:\Users\mcmco\Desktop\WMMR\src\MovieMakerCore\StoryboardManager\Theme\ThemeTemplates.h(227,38): warning C4251:         ] [C:\Users\mcmco\Desktop\WMMR\build\src\MovieMakerCore\MovieMakerCore.vcxproj]
  (compiling source file '../../../src/MovieMakerCore/StoryboardManager/Theme/ThemeTemplates.cpp')
      C:\Program Files (x86)\Microsoft Visual Studio\2022\BuildTools\VC\Tools\MSVC\14.44.35207\atlmfc\include\atlcoll.h(530,7):
      see declaration of 'ATL::CAtlArray<StoryboardManager::TemplateProperty,ATL::CElementTraits<E>>'
          with
          [
              E=StoryboardManager::TemplateProperty
          ]
  
C:\Users\mcmco\Desktop\WMMR\src\MovieMakerCore\StoryboardManager\MovieProject.h(131,18): warning C4251: 'StoryboardManager::ProjectMediaItem::m_strAudioCodec': 'ATL::CStringT<wchar_t,ATL::StrTraitATL<wchar_t,ATL::ChTraitsCRT<wchar_t>>>' needs to have dll-interface to be used by clients of 'StoryboardManager::ProjectMediaItem' [C:\Users\mcmco\Desktop\WMMR\build\src\MovieMakerCore\MovieMakerCore.vcxproj]
  (compiling source file '../../../src/MovieMakerCore/StoryboardManager/StoryboardManagerExceptions.cpp')
      C:\Program Files (x86)\Microsoft Visual Studio\2022\BuildTools\VC\Tools\MSVC\14.44.35207\atlmfc\include\cstringt.h(999,7):
      see declaration of 'ATL::CStringT<wchar_t,ATL::StrTraitATL<wchar_t,ATL::ChTraitsCRT<wchar_t>>>'
  
C:\Users\mcmco\Desktop\WMMR\src\MovieMakerCore\StoryboardManager\Templates.h(343,37): warning C4251: 'StoryboardManager::TemplateTable::m_arrTemplates': 'ATL::CAtlArray<StoryboardManager::TemplateEntry *,ATL::CElementTraits<E>>' needs to have dll-interface to be used by clients of 'StoryboardManager::TemplateTable' [C:\Users\mcmco\Desktop\WMMR\build\src\MovieMakerCore\MovieMakerCore.vcxproj]
C:\Users\mcmco\Desktop\WMMR\src\MovieMakerCore\StoryboardManager\Templates.h(343,37): warning C4251:         with [C:\Users\mcmco\Desktop\WMMR\build\src\MovieMakerCore\MovieMakerCore.vcxproj]
C:\Users\mcmco\Desktop\WMMR\src\MovieMakerCore\StoryboardManager\Templates.h(343,37): warning C4251:         [ [C:\Users\mcmco\Desktop\WMMR\build\src\MovieMakerCore\MovieMakerCore.vcxproj]
C:\Users\mcmco\Desktop\WMMR\src\MovieMakerCore\StoryboardManager\Templates.h(343,37): warning C4251:             E=StoryboardManager::TemplateEntry * [C:\Users\mcmco\Desktop\WMMR\build\src\MovieMakerCore\MovieMakerCore.vcxproj]
C:\Users\mcmco\Desktop\WMMR\src\MovieMakerCore\StoryboardManager\Templates.h(343,37): warning C4251:         ] [C:\Users\mcmco\Desktop\WMMR\build\src\MovieMakerCore\MovieMakerCore.vcxproj]
  MFSource.cpp
  (compiling source file '../../../src/MovieMakerCore/StoryboardManager/Theme/Theme.cpp')
      C:\Program Files (x86)\Microsoft Visual Studio\2022\BuildTools\VC\Tools\MSVC\14.44.35207\atlmfc\include\atlcoll.h(530,7):
      see declaration of 'ATL::CAtlArray<StoryboardManager::TemplateEntry *,ATL::CElementTraits<E>>'
          with
          [
              E=StoryboardManager::TemplateEntry *
          ]
  
C:\Users\mcmco\Desktop\WMMR\src\MovieMakerCore\StoryboardManager\Theme\ThemeTemplates.h(263,18): warning C4251: 'StoryboardManager::TemplateSocketsParser::m_strLastError': 'ATL::CStringT<wchar_t,ATL::StrTraitATL<wchar_t,ATL::ChTraitsCRT<wchar_t>>>' needs to have dll-interface to be used by clients of 'StoryboardManager::TemplateSocketsParser' [C:\Users\mcmco\Desktop\WMMR\build\src\MovieMakerCore\MovieMakerCore.vcxproj]
  (compiling source file '../../../src/MovieMakerCore/StoryboardManager/Theme/ThemeTemplates.cpp')
      C:\Program Files (x86)\Microsoft Visual Studio\2022\BuildTools\VC\Tools\MSVC\14.44.35207\atlmfc\include\cstringt.h(999,7):
      see declaration of 'ATL::CStringT<wchar_t,ATL::StrTraitATL<wchar_t,ATL::ChTraitsCRT<wchar_t>>>'
  
C:\Users\mcmco\Desktop\WMMR\src\MovieMakerCore\StoryboardManager\MovieProject.h(176,29): warning C4251: 'StoryboardManager::ProjectTimeline::m_arrExtentIds': 'ATL::CAtlArray<DWORD,ATL::CElementTraits<unsigned long>>' needs to have dll-interface to be used by clients of 'StoryboardManager::ProjectTimeline' [C:\Users\mcmco\Desktop\WMMR\build\src\MovieMakerCore\MovieMakerCore.vcxproj]
  (compiling source file '../../../src/MovieMakerCore/StoryboardManager/StoryboardManagerExceptions.cpp')
      C:\Program Files (x86)\Microsoft Visual Studio\2022\BuildTools\VC\Tools\MSVC\14.44.35207\atlmfc\include\atlcoll.h(530,7):
      see declaration of 'ATL::CAtlArray<DWORD,ATL::CElementTraits<unsigned long>>'
  
C:\Users\mcmco\Desktop\WMMR\src\WLXPhotoBase\BaseTypes.h(724,25): warning C4251: 'Base::IntSet::m_values': 'ATL::CAtlArray<int,ATL::CElementTraits<int>>' needs to have dll-interface to be used by clients of 'Base::IntSet' [C:\Users\mcmco\Desktop\WMMR\build\src\MovieMakerCore\MovieMakerCore.vcxproj]
  (compiling source file '../../../src/MovieMakerCore/StoryboardManager/Theme/ThemeStructure.cpp')
      C:\Program Files (x86)\Microsoft Visual Studio\2022\BuildTools\VC\Tools\MSVC\14.44.35207\atlmfc\include\atlcoll.h(530,7):
      see declaration of 'ATL::CAtlArray<int,ATL::CElementTraits<int>>'
  
C:\Users\mcmco\Desktop\WMMR\src\MovieMakerCore\StoryboardManager\Theme\ThemeTemplates.h(324,21): warning C4251: 'StoryboardManager::BaseTemplate::m_strId': 'ATL::CStringT<wchar_t,ATL::StrTraitATL<wchar_t,ATL::ChTraitsCRT<wchar_t>>>' needs to have dll-interface to be used by clients of 'StoryboardManager::BaseTemplate' [C:\Users\mcmco\Desktop\WMMR\build\src\MovieMakerCore\MovieMakerCore.vcxproj]
  (compiling source file '../../../src/MovieMakerCore/StoryboardManager/Theme/ThemeTemplates.cpp')
      C:\Program Files (x86)\Microsoft Visual Studio\2022\BuildTools\VC\Tools\MSVC\14.44.35207\atlmfc\include\cstringt.h(999,7):
      see declaration of 'ATL::CStringT<wchar_t,ATL::StrTraitATL<wchar_t,ATL::ChTraitsCRT<wchar_t>>>'
  
C:\Users\mcmco\Desktop\WMMR\src\MovieMakerCore\StoryboardManager\Templates.h(344,37): warning C4251: 'StoryboardManager::TemplateTable::m_arrThemes': 'ATL::CAtlArray<StoryboardManager::AutoMovieTheme *,ATL::CElementTraits<E>>' needs to have dll-interface to be used by clients of 'StoryboardManager::TemplateTable' [C:\Users\mcmco\Desktop\WMMR\build\src\MovieMakerCore\MovieMakerCore.vcxproj]
C:\Users\mcmco\Desktop\WMMR\src\MovieMakerCore\StoryboardManager\Templates.h(344,37): warning C4251:         with [C:\Users\mcmco\Desktop\WMMR\build\src\MovieMakerCore\MovieMakerCore.vcxproj]
C:\Users\mcmco\Desktop\WMMR\src\MovieMakerCore\StoryboardManager\Templates.h(344,37): warning C4251:         [ [C:\Users\mcmco\Desktop\WMMR\build\src\MovieMakerCore\MovieMakerCore.vcxproj]
C:\Users\mcmco\Desktop\WMMR\src\MovieMakerCore\StoryboardManager\Templates.h(344,37): warning C4251:             E=StoryboardManager::AutoMovieTheme * [C:\Users\mcmco\Desktop\WMMR\build\src\MovieMakerCore\MovieMakerCore.vcxproj]
C:\Users\mcmco\Desktop\WMMR\src\MovieMakerCore\StoryboardManager\Templates.h(344,37): warning C4251:         ] [C:\Users\mcmco\Desktop\WMMR\build\src\MovieMakerCore\MovieMakerCore.vcxproj]
  (compiling source file '../../../src/MovieMakerCore/StoryboardManager/Theme/Theme.cpp')
      C:\Program Files (x86)\Microsoft Visual Studio\2022\BuildTools\VC\Tools\MSVC\14.44.35207\atlmfc\include\atlcoll.h(530,7):
      see declaration of 'ATL::CAtlArray<StoryboardManager::AutoMovieTheme *,ATL::CElementTraits<E>>'
          with
          [
              E=StoryboardManager::AutoMovieTheme *
          ]
  
C:\Users\mcmco\Desktop\WMMR\src\MovieMakerCore\StoryboardManager\Theme\ThemeTemplates.h(325,21): warning C4251: 'StoryboardManager::BaseTemplate::m_strName': 'ATL::CStringT<wchar_t,ATL::StrTraitATL<wchar_t,ATL::ChTraitsCRT<wchar_t>>>' needs to have dll-interface to be used by clients of 'StoryboardManager::BaseTemplate' [C:\Users\mcmco\Desktop\WMMR\build\src\MovieMakerCore\MovieMakerCore.vcxproj]
  (compiling source file '../../../src/MovieMakerCore/StoryboardManager/Theme/ThemeTemplates.cpp')
      C:\Program Files (x86)\Microsoft Visual Studio\2022\BuildTools\VC\Tools\MSVC\14.44.35207\atlmfc\include\cstringt.h(999,7):
      see declaration of 'ATL::CStringT<wchar_t,ATL::StrTraitATL<wchar_t,ATL::ChTraitsCRT<wchar_t>>>'
  
C:\Users\mcmco\Desktop\WMMR\src\MovieMakerCore\StoryboardManager\MovieProject.h(248,18): warning C4251: 'StoryboardManager::MovieProjectSettings::m_strProjectName': 'ATL::CStringT<wchar_t,ATL::StrTraitATL<wchar_t,ATL::ChTraitsCRT<wchar_t>>>' needs to have dll-interface to be used by clients of 'StoryboardManager::MovieProjectSettings' [C:\Users\mcmco\Desktop\WMMR\build\src\MovieMakerCore\MovieMakerCore.vcxproj]
  (compiling source file '../../../src/MovieMakerCore/StoryboardManager/StoryboardManagerExceptions.cpp')
      C:\Program Files (x86)\Microsoft Visual Studio\2022\BuildTools\VC\Tools\MSVC\14.44.35207\atlmfc\include\cstringt.h(999,7):
      see declaration of 'ATL::CStringT<wchar_t,ATL::StrTraitATL<wchar_t,ATL::ChTraitsCRT<wchar_t>>>'
  
C:\Users\mcmco\Desktop\WMMR\src\MovieMakerCore\StoryboardManager\Theme\ThemeTemplates.h(328,45): warning C4251: 'StoryboardManager::BaseTemplate::m_arrProperties': 'ATL::CAtlArray<StoryboardManager::TemplateProperty,ATL::CElementTraits<E>>' needs to have dll-interface to be used by clients of 'StoryboardManager::BaseTemplate' [C:\Users\mcmco\Desktop\WMMR\build\src\MovieMakerCore\MovieMakerCore.vcxproj]
C:\Users\mcmco\Desktop\WMMR\src\MovieMakerCore\StoryboardManager\Theme\ThemeTemplates.h(328,45): warning C4251:         with [C:\Users\mcmco\Desktop\WMMR\build\src\MovieMakerCore\MovieMakerCore.vcxproj]
C:\Users\mcmco\Desktop\WMMR\src\MovieMakerCore\StoryboardManager\Theme\ThemeTemplates.h(328,45): warning C4251:         [ [C:\Users\mcmco\Desktop\WMMR\build\src\MovieMakerCore\MovieMakerCore.vcxproj]
C:\Users\mcmco\Desktop\WMMR\src\MovieMakerCore\StoryboardManager\Theme\ThemeTemplates.h(328,45): warning C4251:             E=StoryboardManager::TemplateProperty [C:\Users\mcmco\Desktop\WMMR\build\src\MovieMakerCore\MovieMakerCore.vcxproj]
C:\Users\mcmco\Desktop\WMMR\src\MovieMakerCore\StoryboardManager\Theme\ThemeTemplates.h(328,45): warning C4251:         ] [C:\Users\mcmco\Desktop\WMMR\build\src\MovieMakerCore\MovieMakerCore.vcxproj]
  (compiling source file '../../../src/MovieMakerCore/StoryboardManager/Theme/ThemeTemplates.cpp')
      C:\Program Files (x86)\Microsoft Visual Studio\2022\BuildTools\VC\Tools\MSVC\14.44.35207\atlmfc\include\atlcoll.h(530,7):
      see declaration of 'ATL::CAtlArray<StoryboardManager::TemplateProperty,ATL::CElementTraits<E>>'
          with
          [
              E=StoryboardManager::TemplateProperty
          ]
  
C:\Users\mcmco\Desktop\WMMR\src\MovieMakerCore\StoryboardManager\MovieProject.h(249,18): warning C4251: 'StoryboardManager::MovieProjectSettings::m_strAuthor': 'ATL::CStringT<wchar_t,ATL::StrTraitATL<wchar_t,ATL::ChTraitsCRT<wchar_t>>>' needs to have dll-interface to be used by clients of 'StoryboardManager::MovieProjectSettings' [C:\Users\mcmco\Desktop\WMMR\build\src\MovieMakerCore\MovieMakerCore.vcxproj]
  (compiling source file '../../../src/MovieMakerCore/StoryboardManager/StoryboardManagerExceptions.cpp')
      C:\Program Files (x86)\Microsoft Visual Studio\2022\BuildTools\VC\Tools\MSVC\14.44.35207\atlmfc\include\cstringt.h(999,7):
      see declaration of 'ATL::CStringT<wchar_t,ATL::StrTraitATL<wchar_t,ATL::ChTraitsCRT<wchar_t>>>'
  
C:\Users\mcmco\Desktop\WMMR\src\MovieMakerCore\StoryboardManager\MovieProject.h(119,18): warning C4251: 'StoryboardManager::ProjectMediaItem::m_strSourcePath': 'ATL::CStringT<wchar_t,ATL::StrTraitATL<wchar_t,ATL::ChTraitsCRT<wchar_t>>>' needs to have dll-interface to be used by clients of 'StoryboardManager::ProjectMediaItem' [C:\Users\mcmco\Desktop\WMMR\build\src\MovieMakerCore\MovieMakerCore.vcxproj]
  (compiling source file '../../../src/MovieMakerCore/StoryboardManager/Theme/Theme.cpp')
      C:\Program Files (x86)\Microsoft Visual Studio\2022\BuildTools\VC\Tools\MSVC\14.44.35207\atlmfc\include\cstringt.h(999,7):
      see declaration of 'ATL::CStringT<wchar_t,ATL::StrTraitATL<wchar_t,ATL::ChTraitsCRT<wchar_t>>>'
  
C:\Users\mcmco\Desktop\WMMR\src\MovieMakerCore\StoryboardManager\MovieProject.h(120,18): warning C4251: 'StoryboardManager::ProjectMediaItem::m_strThumbnailPath': 'ATL::CStringT<wchar_t,ATL::StrTraitATL<wchar_t,ATL::ChTraitsCRT<wchar_t>>>' needs to have dll-interface to be used by clients of 'StoryboardManager::ProjectMediaItem' [C:\Users\mcmco\Desktop\WMMR\build\src\MovieMakerCore\MovieMakerCore.vcxproj]
  (compiling source file '../../../src/MovieMakerCore/StoryboardManager/Theme/Theme.cpp')
      C:\Program Files (x86)\Microsoft Visual Studio\2022\BuildTools\VC\Tools\MSVC\14.44.35207\atlmfc\include\cstringt.h(999,7):
      see declaration of 'ATL::CStringT<wchar_t,ATL::StrTraitATL<wchar_t,ATL::ChTraitsCRT<wchar_t>>>'
  
C:\Users\mcmco\Desktop\WMMR\src\MovieMakerCore\StoryboardManager\Theme\ThemeTemplates.h(329,45): warning C4251: 'StoryboardManager::BaseTemplate::m_arrSockets': 'ATL::CAtlArray<StoryboardManager::TemplateSocket,ATL::CElementTraits<E>>' needs to have dll-interface to be used by clients of 'StoryboardManager::BaseTemplate' [C:\Users\mcmco\Desktop\WMMR\build\src\MovieMakerCore\MovieMakerCore.vcxproj]
C:\Users\mcmco\Desktop\WMMR\src\MovieMakerCore\StoryboardManager\Theme\ThemeTemplates.h(329,45): warning C4251:         with [C:\Users\mcmco\Desktop\WMMR\build\src\MovieMakerCore\MovieMakerCore.vcxproj]
C:\Users\mcmco\Desktop\WMMR\src\MovieMakerCore\StoryboardManager\Theme\ThemeTemplates.h(329,45): warning C4251:         [ [C:\Users\mcmco\Desktop\WMMR\build\src\MovieMakerCore\MovieMakerCore.vcxproj]
C:\Users\mcmco\Desktop\WMMR\src\MovieMakerCore\StoryboardManager\Theme\ThemeTemplates.h(329,45): warning C4251:             E=StoryboardManager::TemplateSocket [C:\Users\mcmco\Desktop\WMMR\build\src\MovieMakerCore\MovieMakerCore.vcxproj]
C:\Users\mcmco\Desktop\WMMR\src\MovieMakerCore\StoryboardManager\Theme\ThemeTemplates.h(329,45): warning C4251:         ] [C:\Users\mcmco\Desktop\WMMR\build\src\MovieMakerCore\MovieMakerCore.vcxproj]
  (compiling source file '../../../src/MovieMakerCore/StoryboardManager/Theme/ThemeTemplates.cpp')
      C:\Program Files (x86)\Microsoft Visual Studio\2022\BuildTools\VC\Tools\MSVC\14.44.35207\atlmfc\include\atlcoll.h(530,7):
      see declaration of 'ATL::CAtlArray<StoryboardManager::TemplateSocket,ATL::CElementTraits<E>>'
          with
          [
              E=StoryboardManager::TemplateSocket
          ]
  
C:\Users\mcmco\Desktop\WMMR\src\MovieMakerCore\StoryboardManager\MovieProject.h(127,18): warning C4251: 'StoryboardManager::ProjectMediaItem::m_strTags': 'ATL::CStringT<wchar_t,ATL::StrTraitATL<wchar_t,ATL::ChTraitsCRT<wchar_t>>>' needs to have dll-interface to be used by clients of 'StoryboardManager::ProjectMediaItem' [C:\Users\mcmco\Desktop\WMMR\build\src\MovieMakerCore\MovieMakerCore.vcxproj]
  (compiling source file '../../../src/MovieMakerCore/StoryboardManager/Theme/Theme.cpp')
      C:\Program Files (x86)\Microsoft Visual Studio\2022\BuildTools\VC\Tools\MSVC\14.44.35207\atlmfc\include\cstringt.h(999,7):
      see declaration of 'ATL::CStringT<wchar_t,ATL::StrTraitATL<wchar_t,ATL::ChTraitsCRT<wchar_t>>>'
  
C:\Users\mcmco\Desktop\WMMR\src\MovieMakerCore\StoryboardManager\MovieProject.h(130,18): warning C4251: 'StoryboardManager::ProjectMediaItem::m_strVideoCodec': 'ATL::CStringT<wchar_t,ATL::StrTraitATL<wchar_t,ATL::ChTraitsCRT<wchar_t>>>' needs to have dll-interface to be used by clients of 'StoryboardManager::ProjectMediaItem' [C:\Users\mcmco\Desktop\WMMR\build\src\MovieMakerCore\MovieMakerCore.vcxproj]
  (compiling source file '../../../src/MovieMakerCore/StoryboardManager/Theme/Theme.cpp')
      C:\Program Files (x86)\Microsoft Visual Studio\2022\BuildTools\VC\Tools\MSVC\14.44.35207\atlmfc\include\cstringt.h(999,7):
      see declaration of 'ATL::CStringT<wchar_t,ATL::StrTraitATL<wchar_t,ATL::ChTraitsCRT<wchar_t>>>'
  
C:\Users\mcmco\Desktop\WMMR\src\MovieMakerCore\StoryboardManager\StoryboardManagerExceptions.h(56,18): warning C4251: 'StoryboardManager::StoryboardManagerException::m_strMessage': 'ATL::CStringT<wchar_t,ATL::StrTraitATL<wchar_t,ATL::ChTraitsCRT<wchar_t>>>' needs to have dll-interface to be used by clients of 'StoryboardManager::StoryboardManagerException' [C:\Users\mcmco\Desktop\WMMR\build\src\MovieMakerCore\MovieMakerCore.vcxproj]
  (compiling source file '../../../src/MovieMakerCore/StoryboardManager/Theme/ThemeStructure.cpp')
      C:\Program Files (x86)\Microsoft Visual Studio\2022\BuildTools\VC\Tools\MSVC\14.44.35207\atlmfc\include\cstringt.h(999,7):
      see declaration of 'ATL::CStringT<wchar_t,ATL::StrTraitATL<wchar_t,ATL::ChTraitsCRT<wchar_t>>>'
  
C:\Users\mcmco\Desktop\WMMR\src\MovieMakerCore\StoryboardManager\MovieProject.h(390,25): warning C4251: 'StoryboardManager::MovieProject::m_strProjectPath': 'ATL::CStringT<wchar_t,ATL::StrTraitATL<wchar_t,ATL::ChTraitsCRT<wchar_t>>>' needs to have dll-interface to be used by clients of 'StoryboardManager::MovieProject' [C:\Users\mcmco\Desktop\WMMR\build\src\MovieMakerCore\MovieMakerCore.vcxproj]
  (compiling source file '../../../src/MovieMakerCore/StoryboardManager/StoryboardManagerExceptions.cpp')
      C:\Program Files (x86)\Microsoft Visual Studio\2022\BuildTools\VC\Tools\MSVC\14.44.35207\atlmfc\include\cstringt.h(999,7):
      see declaration of 'ATL::CStringT<wchar_t,ATL::StrTraitATL<wchar_t,ATL::ChTraitsCRT<wchar_t>>>'
  
C:\Users\mcmco\Desktop\WMMR\src\MovieMakerCore\StoryboardManager\MovieProject.h(131,18): warning C4251: 'StoryboardManager::ProjectMediaItem::m_strAudioCodec': 'ATL::CStringT<wchar_t,ATL::StrTraitATL<wchar_t,ATL::ChTraitsCRT<wchar_t>>>' needs to have dll-interface to be used by clients of 'StoryboardManager::ProjectMediaItem' [C:\Users\mcmco\Desktop\WMMR\build\src\MovieMakerCore\MovieMakerCore.vcxproj]
  (compiling source file '../../../src/MovieMakerCore/StoryboardManager/Theme/Theme.cpp')
      C:\Program Files (x86)\Microsoft Visual Studio\2022\BuildTools\VC\Tools\MSVC\14.44.35207\atlmfc\include\cstringt.h(999,7):
      see declaration of 'ATL::CStringT<wchar_t,ATL::StrTraitATL<wchar_t,ATL::ChTraitsCRT<wchar_t>>>'
  
C:\Users\mcmco\Desktop\WMMR\src\MovieMakerCore\StoryboardManager\Theme\ThemeTemplates.h(330,45): warning C4251: 'StoryboardManager::BaseTemplate::m_arrPlaceholders': 'ATL::CAtlArray<StoryboardManager::TemplatePlaceholder,ATL::CElementTraits<E>>' needs to have dll-interface to be used by clients of 'StoryboardManager::BaseTemplate' [C:\Users\mcmco\Desktop\WMMR\build\src\MovieMakerCore\MovieMakerCore.vcxproj]
C:\Users\mcmco\Desktop\WMMR\src\MovieMakerCore\StoryboardManager\Theme\ThemeTemplates.h(330,45): warning C4251:         with [C:\Users\mcmco\Desktop\WMMR\build\src\MovieMakerCore\MovieMakerCore.vcxproj]
C:\Users\mcmco\Desktop\WMMR\src\MovieMakerCore\StoryboardManager\Theme\ThemeTemplates.h(330,45): warning C4251:         [ [C:\Users\mcmco\Desktop\WMMR\build\src\MovieMakerCore\MovieMakerCore.vcxproj]
C:\Users\mcmco\Desktop\WMMR\src\MovieMakerCore\StoryboardManager\Theme\ThemeTemplates.h(330,45): warning C4251:             E=StoryboardManager::TemplatePlaceholder [C:\Users\mcmco\Desktop\WMMR\build\src\MovieMakerCore\MovieMakerCore.vcxproj]
C:\Users\mcmco\Desktop\WMMR\src\MovieMakerCore\StoryboardManager\Theme\ThemeTemplates.h(330,45): warning C4251:         ] [C:\Users\mcmco\Desktop\WMMR\build\src\MovieMakerCore\MovieMakerCore.vcxproj]
  (compiling source file '../../../src/MovieMakerCore/StoryboardManager/Theme/ThemeTemplates.cpp')
      C:\Program Files (x86)\Microsoft Visual Studio\2022\BuildTools\VC\Tools\MSVC\14.44.35207\atlmfc\include\atlcoll.h(530,7):
      see declaration of 'ATL::CAtlArray<StoryboardManager::TemplatePlaceholder,ATL::CElementTraits<E>>'
          with
          [
              E=StoryboardManager::TemplatePlaceholder
          ]
  
C:\Users\mcmco\Desktop\WMMR\src\MovieMakerCore\StoryboardManager\StoryboardManagerExceptions.h(86,18): warning C4251: 'StoryboardManager::TemplateInitializationException::m_strTemplateName': 'ATL::CStringT<wchar_t,ATL::StrTraitATL<wchar_t,ATL::ChTraitsCRT<wchar_t>>>' needs to have dll-interface to be used by clients of 'StoryboardManager::TemplateInitializationException' [C:\Users\mcmco\Desktop\WMMR\build\src\MovieMakerCore\MovieMakerCore.vcxproj]
  (compiling source file '../../../src/MovieMakerCore/StoryboardManager/Theme/ThemeStructure.cpp')
      C:\Program Files (x86)\Microsoft Visual Studio\2022\BuildTools\VC\Tools\MSVC\14.44.35207\atlmfc\include\cstringt.h(999,7):
      see declaration of 'ATL::CStringT<wchar_t,ATL::StrTraitATL<wchar_t,ATL::ChTraitsCRT<wchar_t>>>'
  
C:\Users\mcmco\Desktop\WMMR\src\MovieMakerCore\StoryboardManager\MovieProject.h(176,29): warning C4251: 'StoryboardManager::ProjectTimeline::m_arrExtentIds': 'ATL::CAtlArray<DWORD,ATL::CElementTraits<unsigned long>>' needs to have dll-interface to be used by clients of 'StoryboardManager::ProjectTimeline' [C:\Users\mcmco\Desktop\WMMR\build\src\MovieMakerCore\MovieMakerCore.vcxproj]
  (compiling source file '../../../src/MovieMakerCore/StoryboardManager/Theme/Theme.cpp')
      C:\Program Files (x86)\Microsoft Visual Studio\2022\BuildTools\VC\Tools\MSVC\14.44.35207\atlmfc\include\atlcoll.h(530,7):
      see declaration of 'ATL::CAtlArray<DWORD,ATL::CElementTraits<unsigned long>>'
  
C:\Users\mcmco\Desktop\WMMR\src\MovieMakerCore\StoryboardManager\Theme\ThemeTemplates.h(373,21): warning C4251: 'StoryboardManager::BaseX3DTemplate::m_strX3dScenePath': 'ATL::CStringT<wchar_t,ATL::StrTraitATL<wchar_t,ATL::ChTraitsCRT<wchar_t>>>' needs to have dll-interface to be used by clients of 'StoryboardManager::BaseX3DTemplate' [C:\Users\mcmco\Desktop\WMMR\build\src\MovieMakerCore\MovieMakerCore.vcxproj]
  (compiling source file '../../../src/MovieMakerCore/StoryboardManager/Theme/ThemeTemplates.cpp')
      C:\Program Files (x86)\Microsoft Visual Studio\2022\BuildTools\VC\Tools\MSVC\14.44.35207\atlmfc\include\cstringt.h(999,7):
      see declaration of 'ATL::CStringT<wchar_t,ATL::StrTraitATL<wchar_t,ATL::ChTraitsCRT<wchar_t>>>'
  
C:\Users\mcmco\Desktop\WMMR\src\MovieMakerCore\StoryboardManager\StoryboardManagerExceptions.h(119,18): warning C4251: 'StoryboardManager::ScriptInitializationException::m_strScriptPath': 'ATL::CStringT<wchar_t,ATL::StrTraitATL<wchar_t,ATL::ChTraitsCRT<wchar_t>>>' needs to have dll-interface to be used by clients of 'StoryboardManager::ScriptInitializationException' [C:\Users\mcmco\Desktop\WMMR\build\src\MovieMakerCore\MovieMakerCore.vcxproj]
  (compiling source file '../../../src/MovieMakerCore/StoryboardManager/Theme/ThemeStructure.cpp')
      C:\Program Files (x86)\Microsoft Visual Studio\2022\BuildTools\VC\Tools\MSVC\14.44.35207\atlmfc\include\cstringt.h(999,7):
      see declaration of 'ATL::CStringT<wchar_t,ATL::StrTraitATL<wchar_t,ATL::ChTraitsCRT<wchar_t>>>'
  
C:\Users\mcmco\Desktop\WMMR\src\MovieMakerCore\StoryboardManager\StoryboardManagerExceptions.h(120,18): warning C4251: 'StoryboardManager::ScriptInitializationException::m_strScriptEngineId': 'ATL::CStringT<wchar_t,ATL::StrTraitATL<wchar_t,ATL::ChTraitsCRT<wchar_t>>>' needs to have dll-interface to be used by clients of 'StoryboardManager::ScriptInitializationException' [C:\Users\mcmco\Desktop\WMMR\build\src\MovieMakerCore\MovieMakerCore.vcxproj]
  (compiling source file '../../../src/MovieMakerCore/StoryboardManager/Theme/ThemeStructure.cpp')
      C:\Program Files (x86)\Microsoft Visual Studio\2022\BuildTools\VC\Tools\MSVC\14.44.35207\atlmfc\include\cstringt.h(999,7):
      see declaration of 'ATL::CStringT<wchar_t,ATL::StrTraitATL<wchar_t,ATL::ChTraitsCRT<wchar_t>>>'
  
C:\Users\mcmco\Desktop\WMMR\src\MovieMakerCore\StoryboardManager\Theme\ThemeTemplates.h(374,26): warning C4251: 'StoryboardManager::BaseX3DTemplate::m_arrX3dSceneData': 'ATL::CAtlArray<BYTE,ATL::CElementTraits<unsigned char>>' needs to have dll-interface to be used by clients of 'StoryboardManager::BaseX3DTemplate' [C:\Users\mcmco\Desktop\WMMR\build\src\MovieMakerCore\MovieMakerCore.vcxproj]
  (compiling source file '../../../src/MovieMakerCore/StoryboardManager/Theme/ThemeTemplates.cpp')
      C:\Program Files (x86)\Microsoft Visual Studio\2022\BuildTools\VC\Tools\MSVC\14.44.35207\atlmfc\include\atlcoll.h(530,7):
      see declaration of 'ATL::CAtlArray<BYTE,ATL::CElementTraits<unsigned char>>'
  
C:\Users\mcmco\Desktop\WMMR\src\MovieMakerCore\StoryboardManager\StoryboardManagerExceptions.h(156,18): warning C4251: 'StoryboardManager::EncodeInitializationException::m_strOutputFormat': 'ATL::CStringT<wchar_t,ATL::StrTraitATL<wchar_t,ATL::ChTraitsCRT<wchar_t>>>' needs to have dll-interface to be used by clients of 'StoryboardManager::EncodeInitializationException' [C:\Users\mcmco\Desktop\WMMR\build\src\MovieMakerCore\MovieMakerCore.vcxproj]
  (compiling source file '../../../src/MovieMakerCore/StoryboardManager/Theme/ThemeStructure.cpp')
      C:\Program Files (x86)\Microsoft Visual Studio\2022\BuildTools\VC\Tools\MSVC\14.44.35207\atlmfc\include\cstringt.h(999,7):
      see declaration of 'ATL::CStringT<wchar_t,ATL::StrTraitATL<wchar_t,ATL::ChTraitsCRT<wchar_t>>>'
  
C:\Users\mcmco\Desktop\WMMR\src\MovieMakerCore\StoryboardManager\StoryboardManagerExceptions.h(157,18): warning C4251: 'StoryboardManager::EncodeInitializationException::m_strCodecName': 'ATL::CStringT<wchar_t,ATL::StrTraitATL<wchar_t,ATL::ChTraitsCRT<wchar_t>>>' needs to have dll-interface to be used by clients of 'StoryboardManager::EncodeInitializationException' [C:\Users\mcmco\Desktop\WMMR\build\src\MovieMakerCore\MovieMakerCore.vcxproj]
  (compiling source file '../../../src/MovieMakerCore/StoryboardManager/Theme/ThemeStructure.cpp')
      C:\Program Files (x86)\Microsoft Visual Studio\2022\BuildTools\VC\Tools\MSVC\14.44.35207\atlmfc\include\cstringt.h(999,7):
      see declaration of 'ATL::CStringT<wchar_t,ATL::StrTraitATL<wchar_t,ATL::ChTraitsCRT<wchar_t>>>'
  
C:\Users\mcmco\Desktop\WMMR\src\MovieMakerCore\StoryboardManager\MovieProject.h(394,40): warning C4251: 'StoryboardManager::MovieProject::m_arrMediaItems': 'ATL::CAtlArray<StoryboardManager::ProjectMediaItem,ATL::CElementTraits<E>>' needs to have dll-interface to be used by clients of 'StoryboardManager::MovieProject' [C:\Users\mcmco\Desktop\WMMR\build\src\MovieMakerCore\MovieMakerCore.vcxproj]
C:\Users\mcmco\Desktop\WMMR\src\MovieMakerCore\StoryboardManager\MovieProject.h(394,40): warning C4251:         with [C:\Users\mcmco\Desktop\WMMR\build\src\MovieMakerCore\MovieMakerCore.vcxproj]
C:\Users\mcmco\Desktop\WMMR\src\MovieMakerCore\StoryboardManager\MovieProject.h(394,40): warning C4251:         [ [C:\Users\mcmco\Desktop\WMMR\build\src\MovieMakerCore\MovieMakerCore.vcxproj]
C:\Users\mcmco\Desktop\WMMR\src\MovieMakerCore\StoryboardManager\MovieProject.h(394,40): warning C4251:             E=StoryboardManager::ProjectMediaItem [C:\Users\mcmco\Desktop\WMMR\build\src\MovieMakerCore\MovieMakerCore.vcxproj]
C:\Users\mcmco\Desktop\WMMR\src\MovieMakerCore\StoryboardManager\MovieProject.h(394,40): warning C4251:         ] [C:\Users\mcmco\Desktop\WMMR\build\src\MovieMakerCore\MovieMakerCore.vcxproj]
  (compiling source file '../../../src/MovieMakerCore/StoryboardManager/StoryboardManagerExceptions.cpp')
      C:\Program Files (x86)\Microsoft Visual Studio\2022\BuildTools\VC\Tools\MSVC\14.44.35207\atlmfc\include\atlcoll.h(530,7):
      see declaration of 'ATL::CAtlArray<StoryboardManager::ProjectMediaItem,ATL::CElementTraits<E>>'
          with
          [
              E=StoryboardManager::ProjectMediaItem
          ]
  
C:\Users\mcmco\Desktop\WMMR\src\MovieMakerCore\StoryboardManager\Theme\ThemeTemplates.h(387,30): warning C4251: 'StoryboardManager::BaseX3DTemplate::m_arrKeyframes': 'ATL::CAtlArray<StoryboardManager::BaseX3DTemplate::Keyframe,ATL::CElementTraits<E>>' needs to have dll-interface to be used by clients of 'StoryboardManager::BaseX3DTemplate' [C:\Users\mcmco\Desktop\WMMR\build\src\MovieMakerCore\MovieMakerCore.vcxproj]
C:\Users\mcmco\Desktop\WMMR\src\MovieMakerCore\StoryboardManager\Theme\ThemeTemplates.h(387,30): warning C4251:         with [C:\Users\mcmco\Desktop\WMMR\build\src\MovieMakerCore\MovieMakerCore.vcxproj]
C:\Users\mcmco\Desktop\WMMR\src\MovieMakerCore\StoryboardManager\Theme\ThemeTemplates.h(387,30): warning C4251:         [ [C:\Users\mcmco\Desktop\WMMR\build\src\MovieMakerCore\MovieMakerCore.vcxproj]
C:\Users\mcmco\Desktop\WMMR\src\MovieMakerCore\StoryboardManager\Theme\ThemeTemplates.h(387,30): warning C4251:             E=StoryboardManager::BaseX3DTemplate::Keyframe [C:\Users\mcmco\Desktop\WMMR\build\src\MovieMakerCore\MovieMakerCore.vcxproj]
C:\Users\mcmco\Desktop\WMMR\src\MovieMakerCore\StoryboardManager\Theme\ThemeTemplates.h(387,30): warning C4251:         ] [C:\Users\mcmco\Desktop\WMMR\build\src\MovieMakerCore\MovieMakerCore.vcxproj]
  (compiling source file '../../../src/MovieMakerCore/StoryboardManager/Theme/ThemeTemplates.cpp')
      C:\Program Files (x86)\Microsoft Visual Studio\2022\BuildTools\VC\Tools\MSVC\14.44.35207\atlmfc\include\atlcoll.h(530,7):
      see declaration of 'ATL::CAtlArray<StoryboardManager::BaseX3DTemplate::Keyframe,ATL::CElementTraits<E>>'
          with
          [
              E=StoryboardManager::BaseX3DTemplate::Keyframe
          ]
  
C:\Users\mcmco\Desktop\WMMR\src\MovieMakerCore\StoryboardManager\TimelineTrack.h(99,25): warning C4251: 'StoryboardManager::TimelineTrack::m_strDisplayName': 'ATL::CStringT<wchar_t,ATL::StrTraitATL<wchar_t,ATL::ChTraitsCRT<wchar_t>>>' needs to have dll-interface to be used by clients of 'StoryboardManager::TimelineTrack' [C:\Users\mcmco\Desktop\WMMR\build\src\MovieMakerCore\MovieMakerCore.vcxproj]
  (compiling source file '../../../src/MovieMakerCore/StoryboardManager/Theme/ThemeStructure.cpp')
      C:\Program Files (x86)\Microsoft Visual Studio\2022\BuildTools\VC\Tools\MSVC\14.44.35207\atlmfc\include\cstringt.h(999,7):
      see declaration of 'ATL::CStringT<wchar_t,ATL::StrTraitATL<wchar_t,ATL::ChTraitsCRT<wchar_t>>>'
  
C:\Users\mcmco\Desktop\WMMR\src\MovieMakerCore\StoryboardManager\TimelineTrack.h(106,25): error C2079: 'StoryboardManager::TimelineTrack::m_timeline' uses undefined class 'StoryboardManager::ProjectTimeline' [C:\Users\mcmco\Desktop\WMMR\build\src\MovieMakerCore\MovieMakerCore.vcxproj]
  (compiling source file '../../../src/MovieMakerCore/StoryboardManager/Theme/ThemeStructure.cpp')
  
C:\Users\mcmco\Desktop\WMMR\src\MovieMakerCore\StoryboardManager\MovieProject.h(404,32): warning C4251: 'StoryboardManager::MovieProject::m_arrUndoStack': 'ATL::CAtlArray<StoryboardManager::MovieProject::UndoEntry *,ATL::CElementTraits<E>>' needs to have dll-interface to be used by clients of 'StoryboardManager::MovieProject' [C:\Users\mcmco\Desktop\WMMR\build\src\MovieMakerCore\MovieMakerCore.vcxproj]
C:\Users\mcmco\Desktop\WMMR\src\MovieMakerCore\StoryboardManager\MovieProject.h(404,32): warning C4251:         with [C:\Users\mcmco\Desktop\WMMR\build\src\MovieMakerCore\MovieMakerCore.vcxproj]
C:\Users\mcmco\Desktop\WMMR\src\MovieMakerCore\StoryboardManager\MovieProject.h(404,32): warning C4251:         [ [C:\Users\mcmco\Desktop\WMMR\build\src\MovieMakerCore\MovieMakerCore.vcxproj]
C:\Users\mcmco\Desktop\WMMR\src\MovieMakerCore\StoryboardManager\MovieProject.h(404,32): warning C4251:             E=StoryboardManager::MovieProject::UndoEntry * [C:\Users\mcmco\Desktop\WMMR\build\src\MovieMakerCore\MovieMakerCore.vcxproj]
C:\Users\mcmco\Desktop\WMMR\src\MovieMakerCore\StoryboardManager\MovieProject.h(404,32): warning C4251:         ] [C:\Users\mcmco\Desktop\WMMR\build\src\MovieMakerCore\MovieMakerCore.vcxproj]
  (compiling source file '../../../src/MovieMakerCore/StoryboardManager/StoryboardManagerExceptions.cpp')
      C:\Program Files (x86)\Microsoft Visual Studio\2022\BuildTools\VC\Tools\MSVC\14.44.35207\atlmfc\include\atlcoll.h(530,7):
      see declaration of 'ATL::CAtlArray<StoryboardManager::MovieProject::UndoEntry *,ATL::CElementTraits<E>>'
          with
          [
              E=StoryboardManager::MovieProject::UndoEntry *
          ]
  
C:\Users\mcmco\Desktop\WMMR\src\MovieMakerCore\StoryboardManager\Theme\ThemeTemplates.h(421,38): warning C4251: 'StoryboardManager::CompositeX3DTemplate::m_arrSubTemplates': 'ATL::CAtlArray<StoryboardManager::BaseX3DTemplate *,ATL::CElementTraits<E>>' needs to have dll-interface to be used by clients of 'StoryboardManager::CompositeX3DTemplate' [C:\Users\mcmco\Desktop\WMMR\build\src\MovieMakerCore\MovieMakerCore.vcxproj]
C:\Users\mcmco\Desktop\WMMR\src\MovieMakerCore\StoryboardManager\Theme\ThemeTemplates.h(421,38): warning C4251:         with [C:\Users\mcmco\Desktop\WMMR\build\src\MovieMakerCore\MovieMakerCore.vcxproj]
C:\Users\mcmco\Desktop\WMMR\src\MovieMakerCore\StoryboardManager\Theme\ThemeTemplates.h(421,38): warning C4251:         [ [C:\Users\mcmco\Desktop\WMMR\build\src\MovieMakerCore\MovieMakerCore.vcxproj]
C:\Users\mcmco\Desktop\WMMR\src\MovieMakerCore\StoryboardManager\Theme\ThemeTemplates.h(421,38): warning C4251:             E=StoryboardManager::BaseX3DTemplate * [C:\Users\mcmco\Desktop\WMMR\build\src\MovieMakerCore\MovieMakerCore.vcxproj]
C:\Users\mcmco\Desktop\WMMR\src\MovieMakerCore\StoryboardManager\Theme\ThemeTemplates.h(421,38): warning C4251:         ] [C:\Users\mcmco\Desktop\WMMR\build\src\MovieMakerCore\MovieMakerCore.vcxproj]
  (compiling source file '../../../src/MovieMakerCore/StoryboardManager/Theme/ThemeTemplates.cpp')
      C:\Program Files (x86)\Microsoft Visual Studio\2022\BuildTools\VC\Tools\MSVC\14.44.35207\atlmfc\include\atlcoll.h(530,7):
      see declaration of 'ATL::CAtlArray<StoryboardManager::BaseX3DTemplate *,ATL::CElementTraits<E>>'
          with
          [
              E=StoryboardManager::BaseX3DTemplate *
          ]
  
C:\Users\mcmco\Desktop\WMMR\src\MovieMakerCore\StoryboardManager\StoryboardManagerExceptions.h(56,18): warning C4251: 'StoryboardManager::StoryboardManagerException::m_strMessage': 'ATL::CStringT<wchar_t,ATL::StrTraitATL<wchar_t,ATL::ChTraitsCRT<wchar_t>>>' needs to have dll-interface to be used by clients of 'StoryboardManager::StoryboardManagerException' [C:\Users\mcmco\Desktop\WMMR\build\src\MovieMakerCore\MovieMakerCore.vcxproj]
  (compiling source file '../../../src/MovieMakerCore/StoryboardManager/StoryboardManagerExceptions.cpp')
      C:\Program Files (x86)\Microsoft Visual Studio\2022\BuildTools\VC\Tools\MSVC\14.44.35207\atlmfc\include\cstringt.h(999,7):
      see declaration of 'ATL::CStringT<wchar_t,ATL::StrTraitATL<wchar_t,ATL::ChTraitsCRT<wchar_t>>>'
  
C:\Users\mcmco\Desktop\WMMR\src\MovieMakerCore\StoryboardManager\StoryboardManagerExceptions.h(86,18): warning C4251: 'StoryboardManager::TemplateInitializationException::m_strTemplateName': 'ATL::CStringT<wchar_t,ATL::StrTraitATL<wchar_t,ATL::ChTraitsCRT<wchar_t>>>' needs to have dll-interface to be used by clients of 'StoryboardManager::TemplateInitializationException' [C:\Users\mcmco\Desktop\WMMR\build\src\MovieMakerCore\MovieMakerCore.vcxproj]
  (compiling source file '../../../src/MovieMakerCore/StoryboardManager/StoryboardManagerExceptions.cpp')
      C:\Program Files (x86)\Microsoft Visual Studio\2022\BuildTools\VC\Tools\MSVC\14.44.35207\atlmfc\include\cstringt.h(999,7):
      see declaration of 'ATL::CStringT<wchar_t,ATL::StrTraitATL<wchar_t,ATL::ChTraitsCRT<wchar_t>>>'
  
C:\Users\mcmco\Desktop\WMMR\src\MovieMakerCore\StoryboardManager\Theme\ThemeTemplates.h(475,21): warning C4251: 'StoryboardManager::ThemeX3DTemplate::m_strBackgroundModelPath': 'ATL::CStringT<wchar_t,ATL::StrTraitATL<wchar_t,ATL::ChTraitsCRT<wchar_t>>>' needs to have dll-interface to be used by clients of 'StoryboardManager::ThemeX3DTemplate' [C:\Users\mcmco\Desktop\WMMR\build\src\MovieMakerCore\MovieMakerCore.vcxproj]
  (compiling source file '../../../src/MovieMakerCore/StoryboardManager/Theme/ThemeTemplates.cpp')
      C:\Program Files (x86)\Microsoft Visual Studio\2022\BuildTools\VC\Tools\MSVC\14.44.35207\atlmfc\include\cstringt.h(999,7):
      see declaration of 'ATL::CStringT<wchar_t,ATL::StrTraitATL<wchar_t,ATL::ChTraitsCRT<wchar_t>>>'
  
C:\Users\mcmco\Desktop\WMMR\src\MovieMakerCore\StoryboardManager\TimelineTrack.h(151,36): warning C4251: 'StoryboardManager::TimelineTrackManager::m_arrTracks': 'ATL::CAtlArray<StoryboardManager::TimelineTrack *,ATL::CElementTraits<E>>' needs to have dll-interface to be used by clients of 'StoryboardManager::TimelineTrackManager' [C:\Users\mcmco\Desktop\WMMR\build\src\MovieMakerCore\MovieMakerCore.vcxproj]
C:\Users\mcmco\Desktop\WMMR\src\MovieMakerCore\StoryboardManager\TimelineTrack.h(151,36): warning C4251:         with [C:\Users\mcmco\Desktop\WMMR\build\src\MovieMakerCore\MovieMakerCore.vcxproj]
C:\Users\mcmco\Desktop\WMMR\src\MovieMakerCore\StoryboardManager\TimelineTrack.h(151,36): warning C4251:         [ [C:\Users\mcmco\Desktop\WMMR\build\src\MovieMakerCore\MovieMakerCore.vcxproj]
C:\Users\mcmco\Desktop\WMMR\src\MovieMakerCore\StoryboardManager\TimelineTrack.h(151,36): warning C4251:             E=StoryboardManager::TimelineTrack * [C:\Users\mcmco\Desktop\WMMR\build\src\MovieMakerCore\MovieMakerCore.vcxproj]
C:\Users\mcmco\Desktop\WMMR\src\MovieMakerCore\StoryboardManager\TimelineTrack.h(151,36): warning C4251:         ] [C:\Users\mcmco\Desktop\WMMR\build\src\MovieMakerCore\MovieMakerCore.vcxproj]
  (compiling source file '../../../src/MovieMakerCore/StoryboardManager/Theme/ThemeStructure.cpp')
      C:\Program Files (x86)\Microsoft Visual Studio\2022\BuildTools\VC\Tools\MSVC\14.44.35207\atlmfc\include\atlcoll.h(530,7):
      see declaration of 'ATL::CAtlArray<StoryboardManager::TimelineTrack *,ATL::CElementTraits<E>>'
          with
          [
              E=StoryboardManager::TimelineTrack *
          ]
  
C:\Users\mcmco\Desktop\WMMR\src\MovieMakerCore\StoryboardManager\StoryboardManagerExceptions.h(119,18): warning C4251: 'StoryboardManager::ScriptInitializationException::m_strScriptPath': 'ATL::CStringT<wchar_t,ATL::StrTraitATL<wchar_t,ATL::ChTraitsCRT<wchar_t>>>' needs to have dll-interface to be used by clients of 'StoryboardManager::ScriptInitializationException' [C:\Users\mcmco\Desktop\WMMR\build\src\MovieMakerCore\MovieMakerCore.vcxproj]
  (compiling source file '../../../src/MovieMakerCore/StoryboardManager/StoryboardManagerExceptions.cpp')
      C:\Program Files (x86)\Microsoft Visual Studio\2022\BuildTools\VC\Tools\MSVC\14.44.35207\atlmfc\include\cstringt.h(999,7):
      see declaration of 'ATL::CStringT<wchar_t,ATL::StrTraitATL<wchar_t,ATL::ChTraitsCRT<wchar_t>>>'
  
C:\Users\mcmco\Desktop\WMMR\src\MovieMakerCore\StoryboardManager\StoryboardManagerExceptions.h(120,18): warning C4251: 'StoryboardManager::ScriptInitializationException::m_strScriptEngineId': 'ATL::CStringT<wchar_t,ATL::StrTraitATL<wchar_t,ATL::ChTraitsCRT<wchar_t>>>' needs to have dll-interface to be used by clients of 'StoryboardManager::ScriptInitializationException' [C:\Users\mcmco\Desktop\WMMR\build\src\MovieMakerCore\MovieMakerCore.vcxproj]
  (compiling source file '../../../src/MovieMakerCore/StoryboardManager/StoryboardManagerExceptions.cpp')
      C:\Program Files (x86)\Microsoft Visual Studio\2022\BuildTools\VC\Tools\MSVC\14.44.35207\atlmfc\include\cstringt.h(999,7):
      see declaration of 'ATL::CStringT<wchar_t,ATL::StrTraitATL<wchar_t,ATL::ChTraitsCRT<wchar_t>>>'
  
C:\Users\mcmco\Desktop\WMMR\src\MovieMakerCore\StoryboardManager\Theme\ThemeTemplates.h(522,21): warning C4251: 'StoryboardManager::EffectX3DTemplate::m_strVertexShaderPath': 'ATL::CStringT<wchar_t,ATL::StrTraitATL<wchar_t,ATL::ChTraitsCRT<wchar_t>>>' needs to have dll-interface to be used by clients of 'StoryboardManager::EffectX3DTemplate' [C:\Users\mcmco\Desktop\WMMR\build\src\MovieMakerCore\MovieMakerCore.vcxproj]
  (compiling source file '../../../src/MovieMakerCore/StoryboardManager/Theme/ThemeTemplates.cpp')
      C:\Program Files (x86)\Microsoft Visual Studio\2022\BuildTools\VC\Tools\MSVC\14.44.35207\atlmfc\include\cstringt.h(999,7):
      see declaration of 'ATL::CStringT<wchar_t,ATL::StrTraitATL<wchar_t,ATL::ChTraitsCRT<wchar_t>>>'
  
C:\Users\mcmco\Desktop\WMMR\src\MovieMakerCore\StoryboardManager\Theme\ThemeTemplates.h(523,21): warning C4251: 'StoryboardManager::EffectX3DTemplate::m_strPixelShaderPath': 'ATL::CStringT<wchar_t,ATL::StrTraitATL<wchar_t,ATL::ChTraitsCRT<wchar_t>>>' needs to have dll-interface to be used by clients of 'StoryboardManager::EffectX3DTemplate' [C:\Users\mcmco\Desktop\WMMR\build\src\MovieMakerCore\MovieMakerCore.vcxproj]
  (compiling source file '../../../src/MovieMakerCore/StoryboardManager/Theme/ThemeTemplates.cpp')
      C:\Program Files (x86)\Microsoft Visual Studio\2022\BuildTools\VC\Tools\MSVC\14.44.35207\atlmfc\include\cstringt.h(999,7):
      see declaration of 'ATL::CStringT<wchar_t,ATL::StrTraitATL<wchar_t,ATL::ChTraitsCRT<wchar_t>>>'
  
C:\Users\mcmco\Desktop\WMMR\src\MovieMakerCore\StoryboardManager\StoryboardManagerExceptions.h(156,18): warning C4251: 'StoryboardManager::EncodeInitializationException::m_strOutputFormat': 'ATL::CStringT<wchar_t,ATL::StrTraitATL<wchar_t,ATL::ChTraitsCRT<wchar_t>>>' needs to have dll-interface to be used by clients of 'StoryboardManager::EncodeInitializationException' [C:\Users\mcmco\Desktop\WMMR\build\src\MovieMakerCore\MovieMakerCore.vcxproj]
  (compiling source file '../../../src/MovieMakerCore/StoryboardManager/StoryboardManagerExceptions.cpp')
      C:\Program Files (x86)\Microsoft Visual Studio\2022\BuildTools\VC\Tools\MSVC\14.44.35207\atlmfc\include\cstringt.h(999,7):
      see declaration of 'ATL::CStringT<wchar_t,ATL::StrTraitATL<wchar_t,ATL::ChTraitsCRT<wchar_t>>>'
  
C:\Users\mcmco\Desktop\WMMR\src\MovieMakerCore\StoryboardManager\StoryboardManagerExceptions.h(157,18): warning C4251: 'StoryboardManager::EncodeInitializationException::m_strCodecName': 'ATL::CStringT<wchar_t,ATL::StrTraitATL<wchar_t,ATL::ChTraitsCRT<wchar_t>>>' needs to have dll-interface to be used by clients of 'StoryboardManager::EncodeInitializationException' [C:\Users\mcmco\Desktop\WMMR\build\src\MovieMakerCore\MovieMakerCore.vcxproj]
  (compiling source file '../../../src/MovieMakerCore/StoryboardManager/StoryboardManagerExceptions.cpp')
      C:\Program Files (x86)\Microsoft Visual Studio\2022\BuildTools\VC\Tools\MSVC\14.44.35207\atlmfc\include\cstringt.h(999,7):
      see declaration of 'ATL::CStringT<wchar_t,ATL::StrTraitATL<wchar_t,ATL::ChTraitsCRT<wchar_t>>>'
  
C:\Users\mcmco\Desktop\WMMR\src\MovieMakerCore\StoryboardManager\Theme\ThemeTemplates.h(524,34): warning C4251: 'StoryboardManager::EffectX3DTemplate::m_arrTexturePaths': 'ATL::CAtlArray<ATL::CString,ATL::CElementTraits<ATL::CAtlStringW>>' needs to have dll-interface to be used by clients of 'StoryboardManager::EffectX3DTemplate' [C:\Users\mcmco\Desktop\WMMR\build\src\MovieMakerCore\MovieMakerCore.vcxproj]
  (compiling source file '../../../src/MovieMakerCore/StoryboardManager/Theme/ThemeTemplates.cpp')
      C:\Program Files (x86)\Microsoft Visual Studio\2022\BuildTools\VC\Tools\MSVC\14.44.35207\atlmfc\include\atlcoll.h(530,7):
      see declaration of 'ATL::CAtlArray<ATL::CString,ATL::CElementTraits<ATL::CAtlStringW>>'
  
C:\Users\mcmco\Desktop\WMMR\src\MovieMakerCore\StoryboardManager\MovieExtent.h(151,25): warning C4251: 'StoryboardManager::MovieExtent::m_strTitleText': 'ATL::CStringT<wchar_t,ATL::StrTraitATL<wchar_t,ATL::ChTraitsCRT<wchar_t>>>' needs to have dll-interface to be used by clients of 'StoryboardManager::MovieExtent' [C:\Users\mcmco\Desktop\WMMR\build\src\MovieMakerCore\MovieMakerCore.vcxproj]
  (compiling source file '../../../src/MovieMakerCore/StoryboardManager/Theme/ThemeStructure.cpp')
      C:\Program Files (x86)\Microsoft Visual Studio\2022\BuildTools\VC\Tools\MSVC\14.44.35207\atlmfc\include\cstringt.h(999,7):
      see declaration of 'ATL::CStringT<wchar_t,ATL::StrTraitATL<wchar_t,ATL::ChTraitsCRT<wchar_t>>>'
  
C:\Users\mcmco\Desktop\WMMR\src\MovieMakerCore\StoryboardManager\Theme\ThemeTemplates.h(579,21): warning C4251: 'StoryboardManager::ExtentX3DTemplate::m_strMediaSocketId': 'ATL::CStringT<wchar_t,ATL::StrTraitATL<wchar_t,ATL::ChTraitsCRT<wchar_t>>>' needs to have dll-interface to be used by clients of 'StoryboardManager::ExtentX3DTemplate' [C:\Users\mcmco\Desktop\WMMR\build\src\MovieMakerCore\MovieMakerCore.vcxproj]
  (compiling source file '../../../src/MovieMakerCore/StoryboardManager/Theme/ThemeTemplates.cpp')
      C:\Program Files (x86)\Microsoft Visual Studio\2022\BuildTools\VC\Tools\MSVC\14.44.35207\atlmfc\include\cstringt.h(999,7):
      see declaration of 'ATL::CStringT<wchar_t,ATL::StrTraitATL<wchar_t,ATL::ChTraitsCRT<wchar_t>>>'
  
C:\Users\mcmco\Desktop\WMMR\src\MovieMakerCore\StoryboardManager\MovieExtent.h(152,25): warning C4251: 'StoryboardManager::MovieExtent::m_strTitleFontFamily': 'ATL::CStringT<wchar_t,ATL::StrTraitATL<wchar_t,ATL::ChTraitsCRT<wchar_t>>>' needs to have dll-interface to be used by clients of 'StoryboardManager::MovieExtent' [C:\Users\mcmco\Desktop\WMMR\build\src\MovieMakerCore\MovieMakerCore.vcxproj]
  (compiling source file '../../../src/MovieMakerCore/StoryboardManager/Theme/ThemeStructure.cpp')
      C:\Program Files (x86)\Microsoft Visual Studio\2022\BuildTools\VC\Tools\MSVC\14.44.35207\atlmfc\include\cstringt.h(999,7):
      see declaration of 'ATL::CStringT<wchar_t,ATL::StrTraitATL<wchar_t,ATL::ChTraitsCRT<wchar_t>>>'
  
C:\Users\mcmco\Desktop\WMMR\src\MovieMakerCore\StoryboardManager\Theme\ThemeTemplates.h(580,21): warning C4251: 'StoryboardManager::ExtentX3DTemplate::m_strEntranceAnimation': 'ATL::CStringT<wchar_t,ATL::StrTraitATL<wchar_t,ATL::ChTraitsCRT<wchar_t>>>' needs to have dll-interface to be used by clients of 'StoryboardManager::ExtentX3DTemplate' [C:\Users\mcmco\Desktop\WMMR\build\src\MovieMakerCore\MovieMakerCore.vcxproj]
  (compiling source file '../../../src/MovieMakerCore/StoryboardManager/Theme/ThemeTemplates.cpp')
      C:\Program Files (x86)\Microsoft Visual Studio\2022\BuildTools\VC\Tools\MSVC\14.44.35207\atlmfc\include\cstringt.h(999,7):
      see declaration of 'ATL::CStringT<wchar_t,ATL::StrTraitATL<wchar_t,ATL::ChTraitsCRT<wchar_t>>>'
  
C:\Users\mcmco\Desktop\WMMR\src\MovieMakerCore\StoryboardManager\MovieProject.h(248,18): warning C4251: 'StoryboardManager::MovieProjectSettings::m_strProjectName': 'ATL::CStringT<wchar_t,ATL::StrTraitATL<wchar_t,ATL::ChTraitsCRT<wchar_t>>>' needs to have dll-interface to be used by clients of 'StoryboardManager::MovieProjectSettings' [C:\Users\mcmco\Desktop\WMMR\build\src\MovieMakerCore\MovieMakerCore.vcxproj]
  (compiling source file '../../../src/MovieMakerCore/StoryboardManager/Theme/Theme.cpp')
      C:\Program Files (x86)\Microsoft Visual Studio\2022\BuildTools\VC\Tools\MSVC\14.44.35207\atlmfc\include\cstringt.h(999,7):
      see declaration of 'ATL::CStringT<wchar_t,ATL::StrTraitATL<wchar_t,ATL::ChTraitsCRT<wchar_t>>>'
  
C:\Users\mcmco\Desktop\WMMR\src\MovieMakerCore\StoryboardManager\Theme\ThemeTemplates.h(581,21): warning C4251: 'StoryboardManager::ExtentX3DTemplate::m_strExitAnimation': 'ATL::CStringT<wchar_t,ATL::StrTraitATL<wchar_t,ATL::ChTraitsCRT<wchar_t>>>' needs to have dll-interface to be used by clients of 'StoryboardManager::ExtentX3DTemplate' [C:\Users\mcmco\Desktop\WMMR\build\src\MovieMakerCore\MovieMakerCore.vcxproj]
  (compiling source file '../../../src/MovieMakerCore/StoryboardManager/Theme/ThemeTemplates.cpp')
      C:\Program Files (x86)\Microsoft Visual Studio\2022\BuildTools\VC\Tools\MSVC\14.44.35207\atlmfc\include\cstringt.h(999,7):
      see declaration of 'ATL::CStringT<wchar_t,ATL::StrTraitATL<wchar_t,ATL::ChTraitsCRT<wchar_t>>>'
  
C:\Users\mcmco\Desktop\WMMR\src\MovieMakerCore\StoryboardManager\MovieProject.h(249,18): warning C4251: 'StoryboardManager::MovieProjectSettings::m_strAuthor': 'ATL::CStringT<wchar_t,ATL::StrTraitATL<wchar_t,ATL::ChTraitsCRT<wchar_t>>>' needs to have dll-interface to be used by clients of 'StoryboardManager::MovieProjectSettings' [C:\Users\mcmco\Desktop\WMMR\build\src\MovieMakerCore\MovieMakerCore.vcxproj]
  (compiling source file '../../../src/MovieMakerCore/StoryboardManager/Theme/Theme.cpp')
      C:\Program Files (x86)\Microsoft Visual Studio\2022\BuildTools\VC\Tools\MSVC\14.44.35207\atlmfc\include\cstringt.h(999,7):
      see declaration of 'ATL::CStringT<wchar_t,ATL::StrTraitATL<wchar_t,ATL::ChTraitsCRT<wchar_t>>>'
  
C:\Users\mcmco\Desktop\WMMR\src\MovieMakerCore\StoryboardManager\Extents.h(104,37): warning C4251: 'StoryboardManager::ExtentCollection::m_arrExtents': 'ATL::CAtlArray<StoryboardManager::MovieExtent *,ATL::CElementTraits<E>>' needs to have dll-interface to be used by clients of 'StoryboardManager::ExtentCollection' [C:\Users\mcmco\Desktop\WMMR\build\src\MovieMakerCore\MovieMakerCore.vcxproj]
C:\Users\mcmco\Desktop\WMMR\src\MovieMakerCore\StoryboardManager\Extents.h(104,37): warning C4251:         with [C:\Users\mcmco\Desktop\WMMR\build\src\MovieMakerCore\MovieMakerCore.vcxproj]
C:\Users\mcmco\Desktop\WMMR\src\MovieMakerCore\StoryboardManager\Extents.h(104,37): warning C4251:         [ [C:\Users\mcmco\Desktop\WMMR\build\src\MovieMakerCore\MovieMakerCore.vcxproj]
C:\Users\mcmco\Desktop\WMMR\src\MovieMakerCore\StoryboardManager\Extents.h(104,37): warning C4251:             E=StoryboardManager::MovieExtent * [C:\Users\mcmco\Desktop\WMMR\build\src\MovieMakerCore\MovieMakerCore.vcxproj]
C:\Users\mcmco\Desktop\WMMR\src\MovieMakerCore\StoryboardManager\Extents.h(104,37): warning C4251:         ] [C:\Users\mcmco\Desktop\WMMR\build\src\MovieMakerCore\MovieMakerCore.vcxproj]
  (compiling source file '../../../src/MovieMakerCore/StoryboardManager/Theme/ThemeStructure.cpp')
      C:\Program Files (x86)\Microsoft Visual Studio\2022\BuildTools\VC\Tools\MSVC\14.44.35207\atlmfc\include\atlcoll.h(530,7):
      see declaration of 'ATL::CAtlArray<StoryboardManager::MovieExtent *,ATL::CElementTraits<E>>'
          with
          [
              E=StoryboardManager::MovieExtent *
          ]
  
C:\Users\mcmco\Desktop\WMMR\src\MovieMakerCore\StoryboardManager\MovieProject.h(390,25): warning C4251: 'StoryboardManager::MovieProject::m_strProjectPath': 'ATL::CStringT<wchar_t,ATL::StrTraitATL<wchar_t,ATL::ChTraitsCRT<wchar_t>>>' needs to have dll-interface to be used by clients of 'StoryboardManager::MovieProject' [C:\Users\mcmco\Desktop\WMMR\build\src\MovieMakerCore\MovieMakerCore.vcxproj]
  (compiling source file '../../../src/MovieMakerCore/StoryboardManager/Theme/Theme.cpp')
      C:\Program Files (x86)\Microsoft Visual Studio\2022\BuildTools\VC\Tools\MSVC\14.44.35207\atlmfc\include\cstringt.h(999,7):
      see declaration of 'ATL::CStringT<wchar_t,ATL::StrTraitATL<wchar_t,ATL::ChTraitsCRT<wchar_t>>>'
  
C:\Users\mcmco\Desktop\WMMR\src\MovieMakerCore\StoryboardManager\Theme\ThemeTemplates.h(625,41): warning C4251: 'StoryboardManager::EffectTemplateHandler::m_arrEntries': 'ATL::CAtlArray<StoryboardManager::EffectTemplateHandler::EffectTemplateEntry,ATL::CElementTraits<E>>' needs to have dll-interface to be used by clients of 'StoryboardManager::EffectTemplateHandler' [C:\Users\mcmco\Desktop\WMMR\build\src\MovieMakerCore\MovieMakerCore.vcxproj]
C:\Users\mcmco\Desktop\WMMR\src\MovieMakerCore\StoryboardManager\Theme\ThemeTemplates.h(625,41): warning C4251:         with [C:\Users\mcmco\Desktop\WMMR\build\src\MovieMakerCore\MovieMakerCore.vcxproj]
C:\Users\mcmco\Desktop\WMMR\src\MovieMakerCore\StoryboardManager\Theme\ThemeTemplates.h(625,41): warning C4251:         [ [C:\Users\mcmco\Desktop\WMMR\build\src\MovieMakerCore\MovieMakerCore.vcxproj]
C:\Users\mcmco\Desktop\WMMR\src\MovieMakerCore\StoryboardManager\Theme\ThemeTemplates.h(625,41): warning C4251:             E=StoryboardManager::EffectTemplateHandler::EffectTemplateEntry [C:\Users\mcmco\Desktop\WMMR\build\src\MovieMakerCore\MovieMakerCore.vcxproj]
C:\Users\mcmco\Desktop\WMMR\src\MovieMakerCore\StoryboardManager\Theme\ThemeTemplates.h(625,41): warning C4251:         ] [C:\Users\mcmco\Desktop\WMMR\build\src\MovieMakerCore\MovieMakerCore.vcxproj]
  (compiling source file '../../../src/MovieMakerCore/StoryboardManager/Theme/ThemeTemplates.cpp')
      C:\Program Files (x86)\Microsoft Visual Studio\2022\BuildTools\VC\Tools\MSVC\14.44.35207\atlmfc\include\atlcoll.h(530,7):
      see declaration of 'ATL::CAtlArray<StoryboardManager::EffectTemplateHandler::EffectTemplateEntry,ATL::CElementTraits<E>>'
          with
          [
              E=StoryboardManager::EffectTemplateHandler::EffectTemplateEntry
          ]
  
C:\Users\mcmco\Desktop\WMMR\src\MovieMakerCore\StoryboardManager\Extents.h(158,27): warning C4251: 'StoryboardManager::ExtentIdSet::m_arrIds': 'ATL::CAtlArray<DWORD,ATL::CElementTraits<unsigned long>>' needs to have dll-interface to be used by clients of 'StoryboardManager::ExtentIdSet' [C:\Users\mcmco\Desktop\WMMR\build\src\MovieMakerCore\MovieMakerCore.vcxproj]
  (compiling source file '../../../src/MovieMakerCore/StoryboardManager/Theme/ThemeStructure.cpp')
      C:\Program Files (x86)\Microsoft Visual Studio\2022\BuildTools\VC\Tools\MSVC\14.44.35207\atlmfc\include\atlcoll.h(530,7):
      see declaration of 'ATL::CAtlArray<DWORD,ATL::CElementTraits<unsigned long>>'
  
C:\Users\mcmco\Desktop\WMMR\src\MovieMakerCore\StoryboardManager\MovieProject.h(394,40): warning C4251: 'StoryboardManager::MovieProject::m_arrMediaItems': 'ATL::CAtlArray<StoryboardManager::ProjectMediaItem,ATL::CElementTraits<E>>' needs to have dll-interface to be used by clients of 'StoryboardManager::MovieProject' [C:\Users\mcmco\Desktop\WMMR\build\src\MovieMakerCore\MovieMakerCore.vcxproj]
C:\Users\mcmco\Desktop\WMMR\src\MovieMakerCore\StoryboardManager\MovieProject.h(394,40): warning C4251:         with [C:\Users\mcmco\Desktop\WMMR\build\src\MovieMakerCore\MovieMakerCore.vcxproj]
C:\Users\mcmco\Desktop\WMMR\src\MovieMakerCore\StoryboardManager\MovieProject.h(394,40): warning C4251:         [ [C:\Users\mcmco\Desktop\WMMR\build\src\MovieMakerCore\MovieMakerCore.vcxproj]
C:\Users\mcmco\Desktop\WMMR\src\MovieMakerCore\StoryboardManager\MovieProject.h(394,40): warning C4251:             E=StoryboardManager::ProjectMediaItem [C:\Users\mcmco\Desktop\WMMR\build\src\MovieMakerCore\MovieMakerCore.vcxproj]
C:\Users\mcmco\Desktop\WMMR\src\MovieMakerCore\StoryboardManager\MovieProject.h(394,40): warning C4251:         ] [C:\Users\mcmco\Desktop\WMMR\build\src\MovieMakerCore\MovieMakerCore.vcxproj]
  (compiling source file '../../../src/MovieMakerCore/StoryboardManager/Theme/Theme.cpp')
      C:\Program Files (x86)\Microsoft Visual Studio\2022\BuildTools\VC\Tools\MSVC\14.44.35207\atlmfc\include\atlcoll.h(530,7):
      see declaration of 'ATL::CAtlArray<StoryboardManager::ProjectMediaItem,ATL::CElementTraits<E>>'
          with
          [
              E=StoryboardManager::ProjectMediaItem
          ]
  
C:\Users\mcmco\Desktop\WMMR\src\MovieMakerCore\StoryboardManager\Theme\ThemeTemplates.h(673,42): warning C4251: 'StoryboardManager::ExtentSocketsHandler::m_arrMappings': 'ATL::CAtlArray<StoryboardManager::ExtentSocketsHandler::ExtentSocketMapping,ATL::CElementTraits<E>>' needs to have dll-interface to be used by clients of 'StoryboardManager::ExtentSocketsHandler' [C:\Users\mcmco\Desktop\WMMR\build\src\MovieMakerCore\MovieMakerCore.vcxproj]
C:\Users\mcmco\Desktop\WMMR\src\MovieMakerCore\StoryboardManager\Theme\ThemeTemplates.h(673,42): warning C4251:         with [C:\Users\mcmco\Desktop\WMMR\build\src\MovieMakerCore\MovieMakerCore.vcxproj]
C:\Users\mcmco\Desktop\WMMR\src\MovieMakerCore\StoryboardManager\Theme\ThemeTemplates.h(673,42): warning C4251:         [ [C:\Users\mcmco\Desktop\WMMR\build\src\MovieMakerCore\MovieMakerCore.vcxproj]
C:\Users\mcmco\Desktop\WMMR\src\MovieMakerCore\StoryboardManager\Theme\ThemeTemplates.h(673,42): warning C4251:             E=StoryboardManager::ExtentSocketsHandler::ExtentSocketMapping [C:\Users\mcmco\Desktop\WMMR\build\src\MovieMakerCore\MovieMakerCore.vcxproj]
C:\Users\mcmco\Desktop\WMMR\src\MovieMakerCore\StoryboardManager\Theme\ThemeTemplates.h(673,42): warning C4251:         ] [C:\Users\mcmco\Desktop\WMMR\build\src\MovieMakerCore\MovieMakerCore.vcxproj]
  (compiling source file '../../../src/MovieMakerCore/StoryboardManager/Theme/ThemeTemplates.cpp')
      C:\Program Files (x86)\Microsoft Visual Studio\2022\BuildTools\VC\Tools\MSVC\14.44.35207\atlmfc\include\atlcoll.h(530,7):
      see declaration of 'ATL::CAtlArray<StoryboardManager::ExtentSocketsHandler::ExtentSocketMapping,ATL::CElementTraits<E>>'
          with
          [
              E=StoryboardManager::ExtentSocketsHandler::ExtentSocketMapping
          ]
  
C:\Users\mcmco\Desktop\WMMR\src\MovieMakerCore\StoryboardManager\Templates.h(127,25): warning C4251: 'StoryboardManager::ThemeEffect::m_strX3dClipName': 'ATL::CStringT<wchar_t,ATL::StrTraitATL<wchar_t,ATL::ChTraitsCRT<wchar_t>>>' needs to have dll-interface to be used by clients of 'StoryboardManager::ThemeEffect' [C:\Users\mcmco\Desktop\WMMR\build\src\MovieMakerCore\MovieMakerCore.vcxproj]
  (compiling source file '../../../src/MovieMakerCore/StoryboardManager/Theme/ThemeStructure.cpp')
      C:\Program Files (x86)\Microsoft Visual Studio\2022\BuildTools\VC\Tools\MSVC\14.44.35207\atlmfc\include\cstringt.h(999,7):
      see declaration of 'ATL::CStringT<wchar_t,ATL::StrTraitATL<wchar_t,ATL::ChTraitsCRT<wchar_t>>>'
  
C:\Users\mcmco\Desktop\WMMR\src\MovieMakerCore\StoryboardManager\MovieProject.h(404,32): warning C4251: 'StoryboardManager::MovieProject::m_arrUndoStack': 'ATL::CAtlArray<StoryboardManager::MovieProject::UndoEntry *,ATL::CElementTraits<E>>' needs to have dll-interface to be used by clients of 'StoryboardManager::MovieProject' [C:\Users\mcmco\Desktop\WMMR\build\src\MovieMakerCore\MovieMakerCore.vcxproj]
C:\Users\mcmco\Desktop\WMMR\src\MovieMakerCore\StoryboardManager\MovieProject.h(404,32): warning C4251:         with [C:\Users\mcmco\Desktop\WMMR\build\src\MovieMakerCore\MovieMakerCore.vcxproj]
C:\Users\mcmco\Desktop\WMMR\src\MovieMakerCore\StoryboardManager\MovieProject.h(404,32): warning C4251:         [ [C:\Users\mcmco\Desktop\WMMR\build\src\MovieMakerCore\MovieMakerCore.vcxproj]
C:\Users\mcmco\Desktop\WMMR\src\MovieMakerCore\StoryboardManager\MovieProject.h(404,32): warning C4251:             E=StoryboardManager::MovieProject::UndoEntry * [C:\Users\mcmco\Desktop\WMMR\build\src\MovieMakerCore\MovieMakerCore.vcxproj]
C:\Users\mcmco\Desktop\WMMR\src\MovieMakerCore\StoryboardManager\MovieProject.h(404,32): warning C4251:         ] [C:\Users\mcmco\Desktop\WMMR\build\src\MovieMakerCore\MovieMakerCore.vcxproj]
  (compiling source file '../../../src/MovieMakerCore/StoryboardManager/Theme/Theme.cpp')
      C:\Program Files (x86)\Microsoft Visual Studio\2022\BuildTools\VC\Tools\MSVC\14.44.35207\atlmfc\include\atlcoll.h(530,7):
      see declaration of 'ATL::CAtlArray<StoryboardManager::MovieProject::UndoEntry *,ATL::CElementTraits<E>>'
          with
          [
              E=StoryboardManager::MovieProject::UndoEntry *
          ]
  
C:\Users\mcmco\Desktop\WMMR\src\MovieMakerCore\StoryboardManager\Theme\Theme.h(155,25): warning C4251: 'StoryboardManager::Theme::m_strName': 'ATL::CStringT<wchar_t,ATL::StrTraitATL<wchar_t,ATL::ChTraitsCRT<wchar_t>>>' needs to have dll-interface to be used by clients of 'StoryboardManager::Theme' [C:\Users\mcmco\Desktop\WMMR\build\src\MovieMakerCore\MovieMakerCore.vcxproj]
  (compiling source file '../../../src/MovieMakerCore/StoryboardManager/Theme/Theme.cpp')
      C:\Program Files (x86)\Microsoft Visual Studio\2022\BuildTools\VC\Tools\MSVC\14.44.35207\atlmfc\include\cstringt.h(999,7):
      see declaration of 'ATL::CStringT<wchar_t,ATL::StrTraitATL<wchar_t,ATL::ChTraitsCRT<wchar_t>>>'
  
C:\Users\mcmco\Desktop\WMMR\src\MovieMakerCore\StoryboardManager\Templates.h(135,31): warning C4251: 'StoryboardManager::ThemeEffect::m_arrParameters': 'ATL::CAtlArray<StoryboardManager::ThemeEffect::Parameter,ATL::CElementTraits<E>>' needs to have dll-interface to be used by clients of 'StoryboardManager::ThemeEffect' [C:\Users\mcmco\Desktop\WMMR\build\src\MovieMakerCore\MovieMakerCore.vcxproj]
C:\Users\mcmco\Desktop\WMMR\src\MovieMakerCore\StoryboardManager\Templates.h(135,31): warning C4251:         with [C:\Users\mcmco\Desktop\WMMR\build\src\MovieMakerCore\MovieMakerCore.vcxproj]
C:\Users\mcmco\Desktop\WMMR\src\MovieMakerCore\StoryboardManager\Templates.h(135,31): warning C4251:         [ [C:\Users\mcmco\Desktop\WMMR\build\src\MovieMakerCore\MovieMakerCore.vcxproj]
C:\Users\mcmco\Desktop\WMMR\src\MovieMakerCore\StoryboardManager\Templates.h(135,31): warning C4251:             E=StoryboardManager::ThemeEffect::Parameter [C:\Users\mcmco\Desktop\WMMR\build\src\MovieMakerCore\MovieMakerCore.vcxproj]
C:\Users\mcmco\Desktop\WMMR\src\MovieMakerCore\StoryboardManager\Templates.h(135,31): warning C4251:         ] [C:\Users\mcmco\Desktop\WMMR\build\src\MovieMakerCore\MovieMakerCore.vcxproj]
  (compiling source file '../../../src/MovieMakerCore/StoryboardManager/Theme/ThemeStructure.cpp')
      C:\Program Files (x86)\Microsoft Visual Studio\2022\BuildTools\VC\Tools\MSVC\14.44.35207\atlmfc\include\atlcoll.h(530,7):
      see declaration of 'ATL::CAtlArray<StoryboardManager::ThemeEffect::Parameter,ATL::CElementTraits<E>>'
          with
          [
              E=StoryboardManager::ThemeEffect::Parameter
          ]
  
C:\Users\mcmco\Desktop\WMMR\src\MovieMakerCore\StoryboardManager\Theme\Theme.h(156,25): warning C4251: 'StoryboardManager::Theme::m_strDisplayName': 'ATL::CStringT<wchar_t,ATL::StrTraitATL<wchar_t,ATL::ChTraitsCRT<wchar_t>>>' needs to have dll-interface to be used by clients of 'StoryboardManager::Theme' [C:\Users\mcmco\Desktop\WMMR\build\src\MovieMakerCore\MovieMakerCore.vcxproj]
  (compiling source file '../../../src/MovieMakerCore/StoryboardManager/Theme/Theme.cpp')
      C:\Program Files (x86)\Microsoft Visual Studio\2022\BuildTools\VC\Tools\MSVC\14.44.35207\atlmfc\include\cstringt.h(999,7):
      see declaration of 'ATL::CStringT<wchar_t,ATL::StrTraitATL<wchar_t,ATL::ChTraitsCRT<wchar_t>>>'
  
C:\Users\mcmco\Desktop\WMMR\src\MovieMakerCore\StoryboardManager\Templates.h(206,21): warning C4251: 'StoryboardManager::AutoMovieTheme::m_strName': 'ATL::CStringT<wchar_t,ATL::StrTraitATL<wchar_t,ATL::ChTraitsCRT<wchar_t>>>' needs to have dll-interface to be used by clients of 'StoryboardManager::AutoMovieTheme' [C:\Users\mcmco\Desktop\WMMR\build\src\MovieMakerCore\MovieMakerCore.vcxproj]
  (compiling source file '../../../src/MovieMakerCore/StoryboardManager/Theme/ThemeStructure.cpp')
      C:\Program Files (x86)\Microsoft Visual Studio\2022\BuildTools\VC\Tools\MSVC\14.44.35207\atlmfc\include\cstringt.h(999,7):
      see declaration of 'ATL::CStringT<wchar_t,ATL::StrTraitATL<wchar_t,ATL::ChTraitsCRT<wchar_t>>>'
  
C:\Users\mcmco\Desktop\WMMR\src\MovieMakerCore\StoryboardManager\Theme\Theme.h(157,25): warning C4251: 'StoryboardManager::Theme::m_strDescription': 'ATL::CStringT<wchar_t,ATL::StrTraitATL<wchar_t,ATL::ChTraitsCRT<wchar_t>>>' needs to have dll-interface to be used by clients of 'StoryboardManager::Theme' [C:\Users\mcmco\Desktop\WMMR\build\src\MovieMakerCore\MovieMakerCore.vcxproj]
  (compiling source file '../../../src/MovieMakerCore/StoryboardManager/Theme/Theme.cpp')
      C:\Program Files (x86)\Microsoft Visual Studio\2022\BuildTools\VC\Tools\MSVC\14.44.35207\atlmfc\include\cstringt.h(999,7):
      see declaration of 'ATL::CStringT<wchar_t,ATL::StrTraitATL<wchar_t,ATL::ChTraitsCRT<wchar_t>>>'
  
C:\Users\mcmco\Desktop\WMMR\src\MovieMakerCore\StoryboardManager\Templates.h(207,21): warning C4251: 'StoryboardManager::AutoMovieTheme::m_strDisplayName': 'ATL::CStringT<wchar_t,ATL::StrTraitATL<wchar_t,ATL::ChTraitsCRT<wchar_t>>>' needs to have dll-interface to be used by clients of 'StoryboardManager::AutoMovieTheme' [C:\Users\mcmco\Desktop\WMMR\build\src\MovieMakerCore\MovieMakerCore.vcxproj]
  (compiling source file '../../../src/MovieMakerCore/StoryboardManager/Theme/ThemeStructure.cpp')
      C:\Program Files (x86)\Microsoft Visual Studio\2022\BuildTools\VC\Tools\MSVC\14.44.35207\atlmfc\include\cstringt.h(999,7):
      see declaration of 'ATL::CStringT<wchar_t,ATL::StrTraitATL<wchar_t,ATL::ChTraitsCRT<wchar_t>>>'
  
C:\Users\mcmco\Desktop\WMMR\src\MovieMakerCore\StoryboardManager\Theme\Theme.h(158,25): warning C4251: 'StoryboardManager::Theme::m_strThumbnailPath': 'ATL::CStringT<wchar_t,ATL::StrTraitATL<wchar_t,ATL::ChTraitsCRT<wchar_t>>>' needs to have dll-interface to be used by clients of 'StoryboardManager::Theme' [C:\Users\mcmco\Desktop\WMMR\build\src\MovieMakerCore\MovieMakerCore.vcxproj]
  (compiling source file '../../../src/MovieMakerCore/StoryboardManager/Theme/Theme.cpp')
      C:\Program Files (x86)\Microsoft Visual Studio\2022\BuildTools\VC\Tools\MSVC\14.44.35207\atlmfc\include\cstringt.h(999,7):
      see declaration of 'ATL::CStringT<wchar_t,ATL::StrTraitATL<wchar_t,ATL::ChTraitsCRT<wchar_t>>>'
  
C:\Users\mcmco\Desktop\WMMR\src\MovieMakerCore\StoryboardManager\Templates.h(208,21): warning C4251: 'StoryboardManager::AutoMovieTheme::m_strDescription': 'ATL::CStringT<wchar_t,ATL::StrTraitATL<wchar_t,ATL::ChTraitsCRT<wchar_t>>>' needs to have dll-interface to be used by clients of 'StoryboardManager::AutoMovieTheme' [C:\Users\mcmco\Desktop\WMMR\build\src\MovieMakerCore\MovieMakerCore.vcxproj]
  DShowSource.cpp
  (compiling source file '../../../src/MovieMakerCore/StoryboardManager/Theme/ThemeStructure.cpp')
      C:\Program Files (x86)\Microsoft Visual Studio\2022\BuildTools\VC\Tools\MSVC\14.44.35207\atlmfc\include\cstringt.h(999,7):
      see declaration of 'ATL::CStringT<wchar_t,ATL::StrTraitATL<wchar_t,ATL::ChTraitsCRT<wchar_t>>>'
  
C:\Users\mcmco\Desktop\WMMR\src\MovieMakerCore\StoryboardManager\Theme\Theme.h(159,25): warning C4251: 'StoryboardManager::Theme::m_strCategory': 'ATL::CStringT<wchar_t,ATL::StrTraitATL<wchar_t,ATL::ChTraitsCRT<wchar_t>>>' needs to have dll-interface to be used by clients of 'StoryboardManager::Theme' [C:\Users\mcmco\Desktop\WMMR\build\src\MovieMakerCore\MovieMakerCore.vcxproj]
  (compiling source file '../../../src/MovieMakerCore/StoryboardManager/Theme/Theme.cpp')
      C:\Program Files (x86)\Microsoft Visual Studio\2022\BuildTools\VC\Tools\MSVC\14.44.35207\atlmfc\include\cstringt.h(999,7):
      see declaration of 'ATL::CStringT<wchar_t,ATL::StrTraitATL<wchar_t,ATL::ChTraitsCRT<wchar_t>>>'
  
C:\Users\mcmco\Desktop\WMMR\src\MovieMakerCore\StoryboardManager\Templates.h(209,21): warning C4251: 'StoryboardManager::AutoMovieTheme::m_strThumbnailPath': 'ATL::CStringT<wchar_t,ATL::StrTraitATL<wchar_t,ATL::ChTraitsCRT<wchar_t>>>' needs to have dll-interface to be used by clients of 'StoryboardManager::AutoMovieTheme' [C:\Users\mcmco\Desktop\WMMR\build\src\MovieMakerCore\MovieMakerCore.vcxproj]
  (compiling source file '../../../src/MovieMakerCore/StoryboardManager/Theme/ThemeStructure.cpp')
      C:\Program Files (x86)\Microsoft Visual Studio\2022\BuildTools\VC\Tools\MSVC\14.44.35207\atlmfc\include\cstringt.h(999,7):
      see declaration of 'ATL::CStringT<wchar_t,ATL::StrTraitATL<wchar_t,ATL::ChTraitsCRT<wchar_t>>>'
  
C:\Users\mcmco\Desktop\WMMR\src\MovieMakerCore\StoryboardManager\Templates.h(210,21): warning C4251: 'StoryboardManager::AutoMovieTheme::m_strCategory': 'ATL::CStringT<wchar_t,ATL::StrTraitATL<wchar_t,ATL::ChTraitsCRT<wchar_t>>>' needs to have dll-interface to be used by clients of 'StoryboardManager::AutoMovieTheme' [C:\Users\mcmco\Desktop\WMMR\build\src\MovieMakerCore\MovieMakerCore.vcxproj]
  (compiling source file '../../../src/MovieMakerCore/StoryboardManager/Theme/ThemeStructure.cpp')
      C:\Program Files (x86)\Microsoft Visual Studio\2022\BuildTools\VC\Tools\MSVC\14.44.35207\atlmfc\include\cstringt.h(999,7):
      see declaration of 'ATL::CStringT<wchar_t,ATL::StrTraitATL<wchar_t,ATL::ChTraitsCRT<wchar_t>>>'
  
C:\Users\mcmco\Desktop\WMMR\src\MovieMakerCore\StoryboardManager\Templates.h(211,21): warning C4251: 'StoryboardManager::AutoMovieTheme::m_strTitleFontFamily': 'ATL::CStringT<wchar_t,ATL::StrTraitATL<wchar_t,ATL::ChTraitsCRT<wchar_t>>>' needs to have dll-interface to be used by clients of 'StoryboardManager::AutoMovieTheme' [C:\Users\mcmco\Desktop\WMMR\build\src\MovieMakerCore\MovieMakerCore.vcxproj]
  (compiling source file '../../../src/MovieMakerCore/StoryboardManager/Theme/ThemeStructure.cpp')
      C:\Program Files (x86)\Microsoft Visual Studio\2022\BuildTools\VC\Tools\MSVC\14.44.35207\atlmfc\include\cstringt.h(999,7):
      see declaration of 'ATL::CStringT<wchar_t,ATL::StrTraitATL<wchar_t,ATL::ChTraitsCRT<wchar_t>>>'
  
C:\Users\mcmco\Desktop\WMMR\src\MovieMakerCore\StoryboardManager\Theme\Theme.h(170,51): warning C4251: 'StoryboardManager::Theme::m_arrEffectTemplates': 'ATL::CAtlArray<StoryboardManager::ThemeEffectTemplate *,ATL::CElementTraits<E>>' needs to have dll-interface to be used by clients of 'StoryboardManager::Theme' [C:\Users\mcmco\Desktop\WMMR\build\src\MovieMakerCore\MovieMakerCore.vcxproj]
C:\Users\mcmco\Desktop\WMMR\src\MovieMakerCore\StoryboardManager\Theme\Theme.h(170,51): warning C4251:         with [C:\Users\mcmco\Desktop\WMMR\build\src\MovieMakerCore\MovieMakerCore.vcxproj]
C:\Users\mcmco\Desktop\WMMR\src\MovieMakerCore\StoryboardManager\Theme\Theme.h(170,51): warning C4251:         [ [C:\Users\mcmco\Desktop\WMMR\build\src\MovieMakerCore\MovieMakerCore.vcxproj]
C:\Users\mcmco\Desktop\WMMR\src\MovieMakerCore\StoryboardManager\Theme\Theme.h(170,51): warning C4251:             E=StoryboardManager::ThemeEffectTemplate * [C:\Users\mcmco\Desktop\WMMR\build\src\MovieMakerCore\MovieMakerCore.vcxproj]
C:\Users\mcmco\Desktop\WMMR\src\MovieMakerCore\StoryboardManager\Theme\Theme.h(170,51): warning C4251:         ] [C:\Users\mcmco\Desktop\WMMR\build\src\MovieMakerCore\MovieMakerCore.vcxproj]
  (compiling source file '../../../src/MovieMakerCore/StoryboardManager/Theme/Theme.cpp')
      C:\Program Files (x86)\Microsoft Visual Studio\2022\BuildTools\VC\Tools\MSVC\14.44.35207\atlmfc\include\atlcoll.h(530,7):
      see declaration of 'ATL::CAtlArray<StoryboardManager::ThemeEffectTemplate *,ATL::CElementTraits<E>>'
          with
          [
              E=StoryboardManager::ThemeEffectTemplate *
          ]
  
C:\Users\mcmco\Desktop\WMMR\src\MovieMakerCore\StoryboardManager\Templates.h(213,33): warning C4251: 'StoryboardManager::AutoMovieTheme::m_arrEffects': 'ATL::CAtlArray<StoryboardManager::ThemeEffect,ATL::CElementTraits<E>>' needs to have dll-interface to be used by clients of 'StoryboardManager::AutoMovieTheme' [C:\Users\mcmco\Desktop\WMMR\build\src\MovieMakerCore\MovieMakerCore.vcxproj]
C:\Users\mcmco\Desktop\WMMR\src\MovieMakerCore\StoryboardManager\Templates.h(213,33): warning C4251:         with [C:\Users\mcmco\Desktop\WMMR\build\src\MovieMakerCore\MovieMakerCore.vcxproj]
C:\Users\mcmco\Desktop\WMMR\src\MovieMakerCore\StoryboardManager\Templates.h(213,33): warning C4251:         [ [C:\Users\mcmco\Desktop\WMMR\build\src\MovieMakerCore\MovieMakerCore.vcxproj]
C:\Users\mcmco\Desktop\WMMR\src\MovieMakerCore\StoryboardManager\Templates.h(213,33): warning C4251:             E=StoryboardManager::ThemeEffect [C:\Users\mcmco\Desktop\WMMR\build\src\MovieMakerCore\MovieMakerCore.vcxproj]
C:\Users\mcmco\Desktop\WMMR\src\MovieMakerCore\StoryboardManager\Templates.h(213,33): warning C4251:         ] [C:\Users\mcmco\Desktop\WMMR\build\src\MovieMakerCore\MovieMakerCore.vcxproj]
  (compiling source file '../../../src/MovieMakerCore/StoryboardManager/Theme/ThemeStructure.cpp')
      C:\Program Files (x86)\Microsoft Visual Studio\2022\BuildTools\VC\Tools\MSVC\14.44.35207\atlmfc\include\atlcoll.h(530,7):
      see declaration of 'ATL::CAtlArray<StoryboardManager::ThemeEffect,ATL::CElementTraits<E>>'
          with
          [
              E=StoryboardManager::ThemeEffect
          ]
  
C:\Users\mcmco\Desktop\WMMR\src\MovieMakerCore\StoryboardManager\Theme\Theme.h(171,52): warning C4251: 'StoryboardManager::Theme::m_arrTransitionTemplates': 'ATL::CAtlArray<StoryboardManager::ThemeTransition *,ATL::CElementTraits<E>>' needs to have dll-interface to be used by clients of 'StoryboardManager::Theme' [C:\Users\mcmco\Desktop\WMMR\build\src\MovieMakerCore\MovieMakerCore.vcxproj]
C:\Users\mcmco\Desktop\WMMR\src\MovieMakerCore\StoryboardManager\Theme\Theme.h(171,52): warning C4251:         with [C:\Users\mcmco\Desktop\WMMR\build\src\MovieMakerCore\MovieMakerCore.vcxproj]
C:\Users\mcmco\Desktop\WMMR\src\MovieMakerCore\StoryboardManager\Theme\Theme.h(171,52): warning C4251:         [ [C:\Users\mcmco\Desktop\WMMR\build\src\MovieMakerCore\MovieMakerCore.vcxproj]
C:\Users\mcmco\Desktop\WMMR\src\MovieMakerCore\StoryboardManager\Theme\Theme.h(171,52): warning C4251:             E=StoryboardManager::ThemeTransition * [C:\Users\mcmco\Desktop\WMMR\build\src\MovieMakerCore\MovieMakerCore.vcxproj]
C:\Users\mcmco\Desktop\WMMR\src\MovieMakerCore\StoryboardManager\Theme\Theme.h(171,52): warning C4251:         ] [C:\Users\mcmco\Desktop\WMMR\build\src\MovieMakerCore\MovieMakerCore.vcxproj]
  (compiling source file '../../../src/MovieMakerCore/StoryboardManager/Theme/Theme.cpp')
      C:\Program Files (x86)\Microsoft Visual Studio\2022\BuildTools\VC\Tools\MSVC\14.44.35207\atlmfc\include\atlcoll.h(530,7):
      see declaration of 'ATL::CAtlArray<StoryboardManager::ThemeTransition *,ATL::CElementTraits<E>>'
          with
          [
              E=StoryboardManager::ThemeTransition *
          ]
  
C:\Users\mcmco\Desktop\WMMR\src\MovieMakerCore\StoryboardManager\Templates.h(273,25): warning C4251: 'StoryboardManager::TemplateEntry::m_strName': 'ATL::CStringT<wchar_t,ATL::StrTraitATL<wchar_t,ATL::ChTraitsCRT<wchar_t>>>' needs to have dll-interface to be used by clients of 'StoryboardManager::TemplateEntry' [C:\Users\mcmco\Desktop\WMMR\build\src\MovieMakerCore\MovieMakerCore.vcxproj]
  (compiling source file '../../../src/MovieMakerCore/StoryboardManager/Theme/ThemeStructure.cpp')
      C:\Program Files (x86)\Microsoft Visual Studio\2022\BuildTools\VC\Tools\MSVC\14.44.35207\atlmfc\include\cstringt.h(999,7):
      see declaration of 'ATL::CStringT<wchar_t,ATL::StrTraitATL<wchar_t,ATL::ChTraitsCRT<wchar_t>>>'
  
C:\Users\mcmco\Desktop\WMMR\src\MovieMakerCore\StoryboardManager\Templates.h(274,25): warning C4251: 'StoryboardManager::TemplateEntry::m_strDisplayName': 'ATL::CStringT<wchar_t,ATL::StrTraitATL<wchar_t,ATL::ChTraitsCRT<wchar_t>>>' needs to have dll-interface to be used by clients of 'StoryboardManager::TemplateEntry' [C:\Users\mcmco\Desktop\WMMR\build\src\MovieMakerCore\MovieMakerCore.vcxproj]
  (compiling source file '../../../src/MovieMakerCore/StoryboardManager/Theme/ThemeStructure.cpp')
      C:\Program Files (x86)\Microsoft Visual Studio\2022\BuildTools\VC\Tools\MSVC\14.44.35207\atlmfc\include\cstringt.h(999,7):
      see declaration of 'ATL::CStringT<wchar_t,ATL::StrTraitATL<wchar_t,ATL::ChTraitsCRT<wchar_t>>>'
  
C:\Users\mcmco\Desktop\WMMR\src\MovieMakerCore\StoryboardManager\Theme\Theme.h(246,25): warning C4251: 'StoryboardManager::ThemeProject::m_strTitleText': 'ATL::CStringT<wchar_t,ATL::StrTraitATL<wchar_t,ATL::ChTraitsCRT<wchar_t>>>' needs to have dll-interface to be used by clients of 'StoryboardManager::ThemeProject' [C:\Users\mcmco\Desktop\WMMR\build\src\MovieMakerCore\MovieMakerCore.vcxproj]
  (compiling source file '../../../src/MovieMakerCore/StoryboardManager/Theme/Theme.cpp')
      C:\Program Files (x86)\Microsoft Visual Studio\2022\BuildTools\VC\Tools\MSVC\14.44.35207\atlmfc\include\cstringt.h(999,7):
      see declaration of 'ATL::CStringT<wchar_t,ATL::StrTraitATL<wchar_t,ATL::ChTraitsCRT<wchar_t>>>'
  
C:\Users\mcmco\Desktop\WMMR\src\MovieMakerCore\StoryboardManager\Templates.h(275,25): warning C4251: 'StoryboardManager::TemplateEntry::m_strDescription': 'ATL::CStringT<wchar_t,ATL::StrTraitATL<wchar_t,ATL::ChTraitsCRT<wchar_t>>>' needs to have dll-interface to be used by clients of 'StoryboardManager::TemplateEntry' [C:\Users\mcmco\Desktop\WMMR\build\src\MovieMakerCore\MovieMakerCore.vcxproj]
  (compiling source file '../../../src/MovieMakerCore/StoryboardManager/Theme/ThemeStructure.cpp')
      C:\Program Files (x86)\Microsoft Visual Studio\2022\BuildTools\VC\Tools\MSVC\14.44.35207\atlmfc\include\cstringt.h(999,7):
      see declaration of 'ATL::CStringT<wchar_t,ATL::StrTraitATL<wchar_t,ATL::ChTraitsCRT<wchar_t>>>'
  
C:\Users\mcmco\Desktop\WMMR\src\MovieMakerCore\StoryboardManager\Theme\Theme.h(247,25): warning C4251: 'StoryboardManager::ThemeProject::m_strCreditsText': 'ATL::CStringT<wchar_t,ATL::StrTraitATL<wchar_t,ATL::ChTraitsCRT<wchar_t>>>' needs to have dll-interface to be used by clients of 'StoryboardManager::ThemeProject' [C:\Users\mcmco\Desktop\WMMR\build\src\MovieMakerCore\MovieMakerCore.vcxproj]
  (compiling source file '../../../src/MovieMakerCore/StoryboardManager/Theme/Theme.cpp')
      C:\Program Files (x86)\Microsoft Visual Studio\2022\BuildTools\VC\Tools\MSVC\14.44.35207\atlmfc\include\cstringt.h(999,7):
      see declaration of 'ATL::CStringT<wchar_t,ATL::StrTraitATL<wchar_t,ATL::ChTraitsCRT<wchar_t>>>'
  
C:\Users\mcmco\Desktop\WMMR\src\MovieMakerCore\StoryboardManager\Templates.h(276,25): warning C4251: 'StoryboardManager::TemplateEntry::m_strThumbnailPath': 'ATL::CStringT<wchar_t,ATL::StrTraitATL<wchar_t,ATL::ChTraitsCRT<wchar_t>>>' needs to have dll-interface to be used by clients of 'StoryboardManager::TemplateEntry' [C:\Users\mcmco\Desktop\WMMR\build\src\MovieMakerCore\MovieMakerCore.vcxproj]
  (compiling source file '../../../src/MovieMakerCore/StoryboardManager/Theme/ThemeStructure.cpp')
      C:\Program Files (x86)\Microsoft Visual Studio\2022\BuildTools\VC\Tools\MSVC\14.44.35207\atlmfc\include\cstringt.h(999,7):
      see declaration of 'ATL::CStringT<wchar_t,ATL::StrTraitATL<wchar_t,ATL::ChTraitsCRT<wchar_t>>>'
  
C:\Users\mcmco\Desktop\WMMR\src\MovieMakerCore\StoryboardManager\Theme\Theme.h(248,25): warning C4251: 'StoryboardManager::ThemeProject::m_strTitleFontFamily': 'ATL::CStringT<wchar_t,ATL::StrTraitATL<wchar_t,ATL::ChTraitsCRT<wchar_t>>>' needs to have dll-interface to be used by clients of 'StoryboardManager::ThemeProject' [C:\Users\mcmco\Desktop\WMMR\build\src\MovieMakerCore\MovieMakerCore.vcxproj]
  (compiling source file '../../../src/MovieMakerCore/StoryboardManager/Theme/Theme.cpp')
      C:\Program Files (x86)\Microsoft Visual Studio\2022\BuildTools\VC\Tools\MSVC\14.44.35207\atlmfc\include\cstringt.h(999,7):
      see declaration of 'ATL::CStringT<wchar_t,ATL::StrTraitATL<wchar_t,ATL::ChTraitsCRT<wchar_t>>>'
  
C:\Users\mcmco\Desktop\WMMR\src\MovieMakerCore\StoryboardManager\Theme\Theme.h(249,25): warning C4251: 'StoryboardManager::ThemeProject::m_strCreditsFontFamily': 'ATL::CStringT<wchar_t,ATL::StrTraitATL<wchar_t,ATL::ChTraitsCRT<wchar_t>>>' needs to have dll-interface to be used by clients of 'StoryboardManager::ThemeProject' [C:\Users\mcmco\Desktop\WMMR\build\src\MovieMakerCore\MovieMakerCore.vcxproj]
  (compiling source file '../../../src/MovieMakerCore/StoryboardManager/Theme/Theme.cpp')
      C:\Program Files (x86)\Microsoft Visual Studio\2022\BuildTools\VC\Tools\MSVC\14.44.35207\atlmfc\include\cstringt.h(999,7):
      see declaration of 'ATL::CStringT<wchar_t,ATL::StrTraitATL<wchar_t,ATL::ChTraitsCRT<wchar_t>>>'
  
C:\Users\mcmco\Desktop\WMMR\src\MovieMakerCore\StoryboardManager\Templates.h(343,37): warning C4251: 'StoryboardManager::TemplateTable::m_arrTemplates': 'ATL::CAtlArray<StoryboardManager::TemplateEntry *,ATL::CElementTraits<E>>' needs to have dll-interface to be used by clients of 'StoryboardManager::TemplateTable' [C:\Users\mcmco\Desktop\WMMR\build\src\MovieMakerCore\MovieMakerCore.vcxproj]
C:\Users\mcmco\Desktop\WMMR\src\MovieMakerCore\StoryboardManager\Templates.h(343,37): warning C4251:         with [C:\Users\mcmco\Desktop\WMMR\build\src\MovieMakerCore\MovieMakerCore.vcxproj]
C:\Users\mcmco\Desktop\WMMR\src\MovieMakerCore\StoryboardManager\Templates.h(343,37): warning C4251:         [ [C:\Users\mcmco\Desktop\WMMR\build\src\MovieMakerCore\MovieMakerCore.vcxproj]
C:\Users\mcmco\Desktop\WMMR\src\MovieMakerCore\StoryboardManager\Templates.h(343,37): warning C4251:             E=StoryboardManager::TemplateEntry * [C:\Users\mcmco\Desktop\WMMR\build\src\MovieMakerCore\MovieMakerCore.vcxproj]
C:\Users\mcmco\Desktop\WMMR\src\MovieMakerCore\StoryboardManager\Templates.h(343,37): warning C4251:         ] [C:\Users\mcmco\Desktop\WMMR\build\src\MovieMakerCore\MovieMakerCore.vcxproj]
  (compiling source file '../../../src/MovieMakerCore/StoryboardManager/Theme/ThemeStructure.cpp')
      C:\Program Files (x86)\Microsoft Visual Studio\2022\BuildTools\VC\Tools\MSVC\14.44.35207\atlmfc\include\atlcoll.h(530,7):
      see declaration of 'ATL::CAtlArray<StoryboardManager::TemplateEntry *,ATL::CElementTraits<E>>'
          with
          [
              E=StoryboardManager::TemplateEntry *
          ]
  
C:\Users\mcmco\Desktop\WMMR\src\MovieMakerCore\StoryboardManager\Theme\Theme.h(321,29): warning C4251: 'StoryboardManager::ThemeManager::m_arrThemes': 'ATL::CAtlArray<StoryboardManager::Theme *,ATL::CElementTraits<E>>' needs to have dll-interface to be used by clients of 'StoryboardManager::ThemeManager' [C:\Users\mcmco\Desktop\WMMR\build\src\MovieMakerCore\MovieMakerCore.vcxproj]
C:\Users\mcmco\Desktop\WMMR\src\MovieMakerCore\StoryboardManager\Theme\Theme.h(321,29): warning C4251:         with [C:\Users\mcmco\Desktop\WMMR\build\src\MovieMakerCore\MovieMakerCore.vcxproj]
C:\Users\mcmco\Desktop\WMMR\src\MovieMakerCore\StoryboardManager\Theme\Theme.h(321,29): warning C4251:         [ [C:\Users\mcmco\Desktop\WMMR\build\src\MovieMakerCore\MovieMakerCore.vcxproj]
C:\Users\mcmco\Desktop\WMMR\src\MovieMakerCore\StoryboardManager\Theme\Theme.h(321,29): warning C4251:             E=StoryboardManager::Theme * [C:\Users\mcmco\Desktop\WMMR\build\src\MovieMakerCore\MovieMakerCore.vcxproj]
C:\Users\mcmco\Desktop\WMMR\src\MovieMakerCore\StoryboardManager\Theme\Theme.h(321,29): warning C4251:         ] [C:\Users\mcmco\Desktop\WMMR\build\src\MovieMakerCore\MovieMakerCore.vcxproj]
  (compiling source file '../../../src/MovieMakerCore/StoryboardManager/Theme/Theme.cpp')
      C:\Program Files (x86)\Microsoft Visual Studio\2022\BuildTools\VC\Tools\MSVC\14.44.35207\atlmfc\include\atlcoll.h(530,7):
      see declaration of 'ATL::CAtlArray<StoryboardManager::Theme *,ATL::CElementTraits<E>>'
          with
          [
              E=StoryboardManager::Theme *
          ]
  
C:\Users\mcmco\Desktop\WMMR\src\MovieMakerCore\StoryboardManager\Theme\ThemeTemplates.cpp(419,22): error C2664: 'HRESULT IXmlReader::GetLocalName(LPCWSTR *,UINT *)': cannot convert argument 1 from 'BSTR *' to 'LPCWSTR *' [C:\Users\mcmco\Desktop\WMMR\build\src\MovieMakerCore\MovieMakerCore.vcxproj]
      C:\Users\mcmco\Desktop\WMMR\src\MovieMakerCore\StoryboardManager\Theme\ThemeTemplates.cpp(419,35):
      Conversion loses qualifiers
      C:\Program Files (x86)\Windows Kits\10\Include\10.0.26100.0\um\xmllite.h(386,43):
      see declaration of 'IXmlReader::GetLocalName'
      C:\Users\mcmco\Desktop\WMMR\src\MovieMakerCore\StoryboardManager\Theme\ThemeTemplates.cpp(419,22):
      while trying to match the argument list '(BSTR *, nullptr)'
  
C:\Users\mcmco\Desktop\WMMR\src\MovieMakerCore\StoryboardManager\Theme\Theme.h(322,29): warning C4251: 'StoryboardManager::ThemeManager::m_strThemeDirectory': 'ATL::CStringT<wchar_t,ATL::StrTraitATL<wchar_t,ATL::ChTraitsCRT<wchar_t>>>' needs to have dll-interface to be used by clients of 'StoryboardManager::ThemeManager' [C:\Users\mcmco\Desktop\WMMR\build\src\MovieMakerCore\MovieMakerCore.vcxproj]
  (compiling source file '../../../src/MovieMakerCore/StoryboardManager/Theme/Theme.cpp')
      C:\Program Files (x86)\Microsoft Visual Studio\2022\BuildTools\VC\Tools\MSVC\14.44.35207\atlmfc\include\cstringt.h(999,7):
      see declaration of 'ATL::CStringT<wchar_t,ATL::StrTraitATL<wchar_t,ATL::ChTraitsCRT<wchar_t>>>'
  
C:\Users\mcmco\Desktop\WMMR\src\MovieMakerCore\StoryboardManager\Theme\Theme.h(323,29): warning C4251: 'StoryboardManager::ThemeManager::m_strDefaultThemeName': 'ATL::CStringT<wchar_t,ATL::StrTraitATL<wchar_t,ATL::ChTraitsCRT<wchar_t>>>' needs to have dll-interface to be used by clients of 'StoryboardManager::ThemeManager' [C:\Users\mcmco\Desktop\WMMR\build\src\MovieMakerCore\MovieMakerCore.vcxproj]
  (compiling source file '../../../src/MovieMakerCore/StoryboardManager/Theme/Theme.cpp')
      C:\Program Files (x86)\Microsoft Visual Studio\2022\BuildTools\VC\Tools\MSVC\14.44.35207\atlmfc\include\cstringt.h(999,7):
      see declaration of 'ATL::CStringT<wchar_t,ATL::StrTraitATL<wchar_t,ATL::ChTraitsCRT<wchar_t>>>'
  
C:\Users\mcmco\Desktop\WMMR\src\MovieMakerCore\StoryboardManager\Templates.h(344,37): warning C4251: 'StoryboardManager::TemplateTable::m_arrThemes': 'ATL::CAtlArray<StoryboardManager::AutoMovieTheme *,ATL::CElementTraits<E>>' needs to have dll-interface to be used by clients of 'StoryboardManager::TemplateTable' [C:\Users\mcmco\Desktop\WMMR\build\src\MovieMakerCore\MovieMakerCore.vcxproj]
C:\Users\mcmco\Desktop\WMMR\src\MovieMakerCore\StoryboardManager\Templates.h(344,37): warning C4251:         with [C:\Users\mcmco\Desktop\WMMR\build\src\MovieMakerCore\MovieMakerCore.vcxproj]
C:\Users\mcmco\Desktop\WMMR\src\MovieMakerCore\StoryboardManager\Templates.h(344,37): warning C4251:         [ [C:\Users\mcmco\Desktop\WMMR\build\src\MovieMakerCore\MovieMakerCore.vcxproj]
C:\Users\mcmco\Desktop\WMMR\src\MovieMakerCore\StoryboardManager\Templates.h(344,37): warning C4251:             E=StoryboardManager::AutoMovieTheme * [C:\Users\mcmco\Desktop\WMMR\build\src\MovieMakerCore\MovieMakerCore.vcxproj]
C:\Users\mcmco\Desktop\WMMR\src\MovieMakerCore\StoryboardManager\Templates.h(344,37): warning C4251:         ] [C:\Users\mcmco\Desktop\WMMR\build\src\MovieMakerCore\MovieMakerCore.vcxproj]
  (compiling source file '../../../src/MovieMakerCore/StoryboardManager/Theme/ThemeStructure.cpp')
      C:\Program Files (x86)\Microsoft Visual Studio\2022\BuildTools\VC\Tools\MSVC\14.44.35207\atlmfc\include\atlcoll.h(530,7):
      see declaration of 'ATL::CAtlArray<StoryboardManager::AutoMovieTheme *,ATL::CElementTraits<E>>'
          with
          [
              E=StoryboardManager::AutoMovieTheme *
          ]
  
C:\Users\mcmco\Desktop\WMMR\src\MovieMakerCore\StoryboardManager\Theme\ThemeTemplates.h(105,25): warning C4251: 'StoryboardManager::TemplatePlaceholder::m_strId': 'ATL::CStringT<wchar_t,ATL::StrTraitATL<wchar_t,ATL::ChTraitsCRT<wchar_t>>>' needs to have dll-interface to be used by clients of 'StoryboardManager::TemplatePlaceholder' [C:\Users\mcmco\Desktop\WMMR\build\src\MovieMakerCore\MovieMakerCore.vcxproj]
  (compiling source file '../../../src/MovieMakerCore/StoryboardManager/Theme/Theme.cpp')
      C:\Program Files (x86)\Microsoft Visual Studio\2022\BuildTools\VC\Tools\MSVC\14.44.35207\atlmfc\include\cstringt.h(999,7):
      see declaration of 'ATL::CStringT<wchar_t,ATL::StrTraitATL<wchar_t,ATL::ChTraitsCRT<wchar_t>>>'
  
C:\Users\mcmco\Desktop\WMMR\src\MovieMakerCore\StoryboardManager\Theme\ThemeTemplates.cpp(458,22): error C2664: 'HRESULT IXmlReader::GetLocalName(LPCWSTR *,UINT *)': cannot convert argument 1 from 'BSTR *' to 'LPCWSTR *' [C:\Users\mcmco\Desktop\WMMR\build\src\MovieMakerCore\MovieMakerCore.vcxproj]
      C:\Users\mcmco\Desktop\WMMR\src\MovieMakerCore\StoryboardManager\Theme\ThemeTemplates.cpp(458,35):
      Conversion loses qualifiers
      C:\Program Files (x86)\Windows Kits\10\Include\10.0.26100.0\um\xmllite.h(386,43):
      see declaration of 'IXmlReader::GetLocalName'
      C:\Users\mcmco\Desktop\WMMR\src\MovieMakerCore\StoryboardManager\Theme\ThemeTemplates.cpp(458,22):
      while trying to match the argument list '(BSTR *, nullptr)'
  
  EncodeProfile.cpp
C:\Users\mcmco\Desktop\WMMR\src\MovieMakerCore\StoryboardManager\MovieProject.h(119,18): warning C4251: 'StoryboardManager::ProjectMediaItem::m_strSourcePath': 'ATL::CStringT<wchar_t,ATL::StrTraitATL<wchar_t,ATL::ChTraitsCRT<wchar_t>>>' needs to have dll-interface to be used by clients of 'StoryboardManager::ProjectMediaItem' [C:\Users\mcmco\Desktop\WMMR\build\src\MovieMakerCore\MovieMakerCore.vcxproj]
  (compiling source file '../../../src/MovieMakerCore/StoryboardManager/Theme/ThemeStructure.cpp')
      C:\Program Files (x86)\Microsoft Visual Studio\2022\BuildTools\VC\Tools\MSVC\14.44.35207\atlmfc\include\cstringt.h(999,7):
      see declaration of 'ATL::CStringT<wchar_t,ATL::StrTraitATL<wchar_t,ATL::ChTraitsCRT<wchar_t>>>'
  
C:\Users\mcmco\Desktop\WMMR\src\MovieMakerCore\StoryboardManager\Theme\ThemeTemplates.h(106,25): warning C4251: 'StoryboardManager::TemplatePlaceholder::m_strName': 'ATL::CStringT<wchar_t,ATL::StrTraitATL<wchar_t,ATL::ChTraitsCRT<wchar_t>>>' needs to have dll-interface to be used by clients of 'StoryboardManager::TemplatePlaceholder' [C:\Users\mcmco\Desktop\WMMR\build\src\MovieMakerCore\MovieMakerCore.vcxproj]
  (compiling source file '../../../src/MovieMakerCore/StoryboardManager/Theme/Theme.cpp')
      C:\Program Files (x86)\Microsoft Visual Studio\2022\BuildTools\VC\Tools\MSVC\14.44.35207\atlmfc\include\cstringt.h(999,7):
      see declaration of 'ATL::CStringT<wchar_t,ATL::StrTraitATL<wchar_t,ATL::ChTraitsCRT<wchar_t>>>'
  
C:\Users\mcmco\Desktop\WMMR\src\MovieMakerCore\StoryboardManager\MovieProject.h(120,18): warning C4251: 'StoryboardManager::ProjectMediaItem::m_strThumbnailPath': 'ATL::CStringT<wchar_t,ATL::StrTraitATL<wchar_t,ATL::ChTraitsCRT<wchar_t>>>' needs to have dll-interface to be used by clients of 'StoryboardManager::ProjectMediaItem' [C:\Users\mcmco\Desktop\WMMR\build\src\MovieMakerCore\MovieMakerCore.vcxproj]
  (compiling source file '../../../src/MovieMakerCore/StoryboardManager/Theme/ThemeStructure.cpp')
      C:\Program Files (x86)\Microsoft Visual Studio\2022\BuildTools\VC\Tools\MSVC\14.44.35207\atlmfc\include\cstringt.h(999,7):
      see declaration of 'ATL::CStringT<wchar_t,ATL::StrTraitATL<wchar_t,ATL::ChTraitsCRT<wchar_t>>>'
  
C:\Users\mcmco\Desktop\WMMR\src\MovieMakerCore\StoryboardManager\Theme\ThemeTemplates.h(122,25): warning C4251: 'StoryboardManager::TemplatePlaceholder::m_strDefaultValue': 'ATL::CStringT<wchar_t,ATL::StrTraitATL<wchar_t,ATL::ChTraitsCRT<wchar_t>>>' needs to have dll-interface to be used by clients of 'StoryboardManager::TemplatePlaceholder' [C:\Users\mcmco\Desktop\WMMR\build\src\MovieMakerCore\MovieMakerCore.vcxproj]
  (compiling source file '../../../src/MovieMakerCore/StoryboardManager/Theme/Theme.cpp')
      C:\Program Files (x86)\Microsoft Visual Studio\2022\BuildTools\VC\Tools\MSVC\14.44.35207\atlmfc\include\cstringt.h(999,7):
      see declaration of 'ATL::CStringT<wchar_t,ATL::StrTraitATL<wchar_t,ATL::ChTraitsCRT<wchar_t>>>'
  
C:\Users\mcmco\Desktop\WMMR\src\MovieMakerCore\StoryboardManager\MovieProject.h(127,18): warning C4251: 'StoryboardManager::ProjectMediaItem::m_strTags': 'ATL::CStringT<wchar_t,ATL::StrTraitATL<wchar_t,ATL::ChTraitsCRT<wchar_t>>>' needs to have dll-interface to be used by clients of 'StoryboardManager::ProjectMediaItem' [C:\Users\mcmco\Desktop\WMMR\build\src\MovieMakerCore\MovieMakerCore.vcxproj]
  (compiling source file '../../../src/MovieMakerCore/StoryboardManager/Theme/ThemeStructure.cpp')
      C:\Program Files (x86)\Microsoft Visual Studio\2022\BuildTools\VC\Tools\MSVC\14.44.35207\atlmfc\include\cstringt.h(999,7):
      see declaration of 'ATL::CStringT<wchar_t,ATL::StrTraitATL<wchar_t,ATL::ChTraitsCRT<wchar_t>>>'
  
C:\Users\mcmco\Desktop\WMMR\src\MovieMakerCore\StoryboardManager\MovieProject.h(130,18): warning C4251: 'StoryboardManager::ProjectMediaItem::m_strVideoCodec': 'ATL::CStringT<wchar_t,ATL::StrTraitATL<wchar_t,ATL::ChTraitsCRT<wchar_t>>>' needs to have dll-interface to be used by clients of 'StoryboardManager::ProjectMediaItem' [C:\Users\mcmco\Desktop\WMMR\build\src\MovieMakerCore\MovieMakerCore.vcxproj]
  (compiling source file '../../../src/MovieMakerCore/StoryboardManager/Theme/ThemeStructure.cpp')
      C:\Program Files (x86)\Microsoft Visual Studio\2022\BuildTools\VC\Tools\MSVC\14.44.35207\atlmfc\include\cstringt.h(999,7):
      see declaration of 'ATL::CStringT<wchar_t,ATL::StrTraitATL<wchar_t,ATL::ChTraitsCRT<wchar_t>>>'
  
C:\Users\mcmco\Desktop\WMMR\src\MovieMakerCore\StoryboardManager\Theme\ThemeTemplates.cpp(494,9): error C2039: 'GetAttribute': is not a member of 'IXmlReader' [C:\Users\mcmco\Desktop\WMMR\build\src\MovieMakerCore\MovieMakerCore.vcxproj]
      C:\Program Files (x86)\Windows Kits\10\Include\10.0.26100.0\um\xmllite.h(335,5):
      see declaration of 'IXmlReader'
  
C:\Users\mcmco\Desktop\WMMR\src\MovieMakerCore\StoryboardManager\Theme\ThemeTemplates.h(160,21): warning C4251: 'StoryboardManager::TemplateProperty::m_strKey': 'ATL::CStringT<wchar_t,ATL::StrTraitATL<wchar_t,ATL::ChTraitsCRT<wchar_t>>>' needs to have dll-interface to be used by clients of 'StoryboardManager::TemplateProperty' [C:\Users\mcmco\Desktop\WMMR\build\src\MovieMakerCore\MovieMakerCore.vcxproj]
  (compiling source file '../../../src/MovieMakerCore/StoryboardManager/Theme/Theme.cpp')
      C:\Program Files (x86)\Microsoft Visual Studio\2022\BuildTools\VC\Tools\MSVC\14.44.35207\atlmfc\include\cstringt.h(999,7):
      see declaration of 'ATL::CStringT<wchar_t,ATL::StrTraitATL<wchar_t,ATL::ChTraitsCRT<wchar_t>>>'
  
C:\Users\mcmco\Desktop\WMMR\src\MovieMakerCore\StoryboardManager\MovieProject.h(131,18): warning C4251: 'StoryboardManager::ProjectMediaItem::m_strAudioCodec': 'ATL::CStringT<wchar_t,ATL::StrTraitATL<wchar_t,ATL::ChTraitsCRT<wchar_t>>>' needs to have dll-interface to be used by clients of 'StoryboardManager::ProjectMediaItem' [C:\Users\mcmco\Desktop\WMMR\build\src\MovieMakerCore\MovieMakerCore.vcxproj]
  (compiling source file '../../../src/MovieMakerCore/StoryboardManager/Theme/ThemeStructure.cpp')
      C:\Program Files (x86)\Microsoft Visual Studio\2022\BuildTools\VC\Tools\MSVC\14.44.35207\atlmfc\include\cstringt.h(999,7):
      see declaration of 'ATL::CStringT<wchar_t,ATL::StrTraitATL<wchar_t,ATL::ChTraitsCRT<wchar_t>>>'
  
C:\Users\mcmco\Desktop\WMMR\src\MovieMakerCore\StoryboardManager\Theme\ThemeTemplates.h(161,21): warning C4251: 'StoryboardManager::TemplateProperty::m_strValue': 'ATL::CStringT<wchar_t,ATL::StrTraitATL<wchar_t,ATL::ChTraitsCRT<wchar_t>>>' needs to have dll-interface to be used by clients of 'StoryboardManager::TemplateProperty' [C:\Users\mcmco\Desktop\WMMR\build\src\MovieMakerCore\MovieMakerCore.vcxproj]
  (compiling source file '../../../src/MovieMakerCore/StoryboardManager/Theme/Theme.cpp')
      C:\Program Files (x86)\Microsoft Visual Studio\2022\BuildTools\VC\Tools\MSVC\14.44.35207\atlmfc\include\cstringt.h(999,7):
      see declaration of 'ATL::CStringT<wchar_t,ATL::StrTraitATL<wchar_t,ATL::ChTraitsCRT<wchar_t>>>'
  
C:\Users\mcmco\Desktop\WMMR\src\MovieMakerCore\StoryboardManager\Theme\ThemeTemplates.cpp(497,9): error C2039: 'GetAttribute': is not a member of 'IXmlReader' [C:\Users\mcmco\Desktop\WMMR\build\src\MovieMakerCore\MovieMakerCore.vcxproj]
      C:\Program Files (x86)\Windows Kits\10\Include\10.0.26100.0\um\xmllite.h(335,5):
      see declaration of 'IXmlReader'
  
C:\Users\mcmco\Desktop\WMMR\src\MovieMakerCore\StoryboardManager\Theme\ThemeTemplates.cpp(500,9): error C2039: 'GetAttribute': is not a member of 'IXmlReader' [C:\Users\mcmco\Desktop\WMMR\build\src\MovieMakerCore\MovieMakerCore.vcxproj]
      C:\Program Files (x86)\Windows Kits\10\Include\10.0.26100.0\um\xmllite.h(335,5):
      see declaration of 'IXmlReader'
  
C:\Users\mcmco\Desktop\WMMR\src\MovieMakerCore\StoryboardManager\MovieProject.h(176,29): warning C4251: 'StoryboardManager::ProjectTimeline::m_arrExtentIds': 'ATL::CAtlArray<DWORD,ATL::CElementTraits<unsigned long>>' needs to have dll-interface to be used by clients of 'StoryboardManager::ProjectTimeline' [C:\Users\mcmco\Desktop\WMMR\build\src\MovieMakerCore\MovieMakerCore.vcxproj]
  (compiling source file '../../../src/MovieMakerCore/StoryboardManager/Theme/ThemeStructure.cpp')
      C:\Program Files (x86)\Microsoft Visual Studio\2022\BuildTools\VC\Tools\MSVC\14.44.35207\atlmfc\include\atlcoll.h(530,7):
      see declaration of 'ATL::CAtlArray<DWORD,ATL::CElementTraits<unsigned long>>'
  
C:\Users\mcmco\Desktop\WMMR\src\MovieMakerCore\StoryboardManager\Theme\ThemeTemplates.h(220,33): warning C4251: 'StoryboardManager::TemplateSocket::m_strId': 'ATL::CStringT<wchar_t,ATL::StrTraitATL<wchar_t,ATL::ChTraitsCRT<wchar_t>>>' needs to have dll-interface to be used by clients of 'StoryboardManager::TemplateSocket' [C:\Users\mcmco\Desktop\WMMR\build\src\MovieMakerCore\MovieMakerCore.vcxproj]
  (compiling source file '../../../src/MovieMakerCore/StoryboardManager/Theme/Theme.cpp')
      C:\Program Files (x86)\Microsoft Visual Studio\2022\BuildTools\VC\Tools\MSVC\14.44.35207\atlmfc\include\cstringt.h(999,7):
      see declaration of 'ATL::CStringT<wchar_t,ATL::StrTraitATL<wchar_t,ATL::ChTraitsCRT<wchar_t>>>'
  
C:\Users\mcmco\Desktop\WMMR\src\MovieMakerCore\StoryboardManager\Theme\ThemeTemplates.h(221,33): warning C4251: 'StoryboardManager::TemplateSocket::m_strName': 'ATL::CStringT<wchar_t,ATL::StrTraitATL<wchar_t,ATL::ChTraitsCRT<wchar_t>>>' needs to have dll-interface to be used by clients of 'StoryboardManager::TemplateSocket' [C:\Users\mcmco\Desktop\WMMR\build\src\MovieMakerCore\MovieMakerCore.vcxproj]
  (compiling source file '../../../src/MovieMakerCore/StoryboardManager/Theme/Theme.cpp')
      C:\Program Files (x86)\Microsoft Visual Studio\2022\BuildTools\VC\Tools\MSVC\14.44.35207\atlmfc\include\cstringt.h(999,7):
      see declaration of 'ATL::CStringT<wchar_t,ATL::StrTraitATL<wchar_t,ATL::ChTraitsCRT<wchar_t>>>'
  
C:\Users\mcmco\Desktop\WMMR\src\MovieMakerCore\StoryboardManager\Theme\ThemeTemplates.h(223,33): warning C4251: 'StoryboardManager::TemplateSocket::m_strPlaceholderId': 'ATL::CStringT<wchar_t,ATL::StrTraitATL<wchar_t,ATL::ChTraitsCRT<wchar_t>>>' needs to have dll-interface to be used by clients of 'StoryboardManager::TemplateSocket' [C:\Users\mcmco\Desktop\WMMR\build\src\MovieMakerCore\MovieMakerCore.vcxproj]
  (compiling source file '../../../src/MovieMakerCore/StoryboardManager/Theme/Theme.cpp')
      C:\Program Files (x86)\Microsoft Visual Studio\2022\BuildTools\VC\Tools\MSVC\14.44.35207\atlmfc\include\cstringt.h(999,7):
      see declaration of 'ATL::CStringT<wchar_t,ATL::StrTraitATL<wchar_t,ATL::ChTraitsCRT<wchar_t>>>'
  
C:\Users\mcmco\Desktop\WMMR\src\MovieMakerCore\StoryboardManager\MovieProject.h(248,18): warning C4251: 'StoryboardManager::MovieProjectSettings::m_strProjectName': 'ATL::CStringT<wchar_t,ATL::StrTraitATL<wchar_t,ATL::ChTraitsCRT<wchar_t>>>' needs to have dll-interface to be used by clients of 'StoryboardManager::MovieProjectSettings' [C:\Users\mcmco\Desktop\WMMR\build\src\MovieMakerCore\MovieMakerCore.vcxproj]
  (compiling source file '../../../src/MovieMakerCore/StoryboardManager/Theme/ThemeStructure.cpp')
      C:\Program Files (x86)\Microsoft Visual Studio\2022\BuildTools\VC\Tools\MSVC\14.44.35207\atlmfc\include\cstringt.h(999,7):
      see declaration of 'ATL::CStringT<wchar_t,ATL::StrTraitATL<wchar_t,ATL::ChTraitsCRT<wchar_t>>>'
  
C:\Users\mcmco\Desktop\WMMR\src\MovieMakerCore\StoryboardManager\Theme\ThemeTemplates.cpp(512,9): error C2039: 'GetAttribute': is not a member of 'IXmlReader' [C:\Users\mcmco\Desktop\WMMR\build\src\MovieMakerCore\MovieMakerCore.vcxproj]
      C:\Program Files (x86)\Windows Kits\10\Include\10.0.26100.0\um\xmllite.h(335,5):
      see declaration of 'IXmlReader'
  
C:\Users\mcmco\Desktop\WMMR\src\MovieMakerCore\StoryboardManager\MovieProject.h(249,18): warning C4251: 'StoryboardManager::MovieProjectSettings::m_strAuthor': 'ATL::CStringT<wchar_t,ATL::StrTraitATL<wchar_t,ATL::ChTraitsCRT<wchar_t>>>' needs to have dll-interface to be used by clients of 'StoryboardManager::MovieProjectSettings' [C:\Users\mcmco\Desktop\WMMR\build\src\MovieMakerCore\MovieMakerCore.vcxproj]
  (compiling source file '../../../src/MovieMakerCore/StoryboardManager/Theme/ThemeStructure.cpp')
      C:\Program Files (x86)\Microsoft Visual Studio\2022\BuildTools\VC\Tools\MSVC\14.44.35207\atlmfc\include\cstringt.h(999,7):
      see declaration of 'ATL::CStringT<wchar_t,ATL::StrTraitATL<wchar_t,ATL::ChTraitsCRT<wchar_t>>>'
  
C:\Users\mcmco\Desktop\WMMR\src\MovieMakerCore\StoryboardManager\Theme\ThemeTemplates.cpp(522,9): error C2039: 'GetAttribute': is not a member of 'IXmlReader' [C:\Users\mcmco\Desktop\WMMR\build\src\MovieMakerCore\MovieMakerCore.vcxproj]
      C:\Program Files (x86)\Windows Kits\10\Include\10.0.26100.0\um\xmllite.h(335,5):
      see declaration of 'IXmlReader'
  
C:\Users\mcmco\Desktop\WMMR\src\MovieMakerCore\StoryboardManager\Theme\ThemeTemplates.cpp(525,9): error C2039: 'GetAttribute': is not a member of 'IXmlReader' [C:\Users\mcmco\Desktop\WMMR\build\src\MovieMakerCore\MovieMakerCore.vcxproj]
      C:\Program Files (x86)\Windows Kits\10\Include\10.0.26100.0\um\xmllite.h(335,5):
      see declaration of 'IXmlReader'
  
C:\Users\mcmco\Desktop\WMMR\src\MovieMakerCore\StoryboardManager\Theme\ThemeTemplates.h(227,38): warning C4251: 'StoryboardManager::TemplateSocket::m_arrProperties': 'ATL::CAtlArray<StoryboardManager::TemplateProperty,ATL::CElementTraits<E>>' needs to have dll-interface to be used by clients of 'StoryboardManager::TemplateSocket' [C:\Users\mcmco\Desktop\WMMR\build\src\MovieMakerCore\MovieMakerCore.vcxproj]
C:\Users\mcmco\Desktop\WMMR\src\MovieMakerCore\StoryboardManager\Theme\ThemeTemplates.h(227,38): warning C4251:         with [C:\Users\mcmco\Desktop\WMMR\build\src\MovieMakerCore\MovieMakerCore.vcxproj]
C:\Users\mcmco\Desktop\WMMR\src\MovieMakerCore\StoryboardManager\Theme\ThemeTemplates.h(227,38): warning C4251:         [ [C:\Users\mcmco\Desktop\WMMR\build\src\MovieMakerCore\MovieMakerCore.vcxproj]
C:\Users\mcmco\Desktop\WMMR\src\MovieMakerCore\StoryboardManager\Theme\ThemeTemplates.h(227,38): warning C4251:             E=StoryboardManager::TemplateProperty [C:\Users\mcmco\Desktop\WMMR\build\src\MovieMakerCore\MovieMakerCore.vcxproj]
C:\Users\mcmco\Desktop\WMMR\src\MovieMakerCore\StoryboardManager\Theme\ThemeTemplates.h(227,38): warning C4251:         ] [C:\Users\mcmco\Desktop\WMMR\build\src\MovieMakerCore\MovieMakerCore.vcxproj]
  (compiling source file '../../../src/MovieMakerCore/StoryboardManager/Theme/Theme.cpp')
      C:\Program Files (x86)\Microsoft Visual Studio\2022\BuildTools\VC\Tools\MSVC\14.44.35207\atlmfc\include\atlcoll.h(530,7):
      see declaration of 'ATL::CAtlArray<StoryboardManager::TemplateProperty,ATL::CElementTraits<E>>'
          with
          [
              E=StoryboardManager::TemplateProperty
          ]
  
C:\Users\mcmco\Desktop\WMMR\src\MovieMakerCore\StoryboardManager\Theme\ThemeTemplates.cpp(528,9): error C2039: 'GetAttribute': is not a member of 'IXmlReader' [C:\Users\mcmco\Desktop\WMMR\build\src\MovieMakerCore\MovieMakerCore.vcxproj]
      C:\Program Files (x86)\Windows Kits\10\Include\10.0.26100.0\um\xmllite.h(335,5):
      see declaration of 'IXmlReader'
  
C:\Users\mcmco\Desktop\WMMR\src\MovieMakerCore\StoryboardManager\MovieProject.h(390,25): warning C4251: 'StoryboardManager::MovieProject::m_strProjectPath': 'ATL::CStringT<wchar_t,ATL::StrTraitATL<wchar_t,ATL::ChTraitsCRT<wchar_t>>>' needs to have dll-interface to be used by clients of 'StoryboardManager::MovieProject' [C:\Users\mcmco\Desktop\WMMR\build\src\MovieMakerCore\MovieMakerCore.vcxproj]
  (compiling source file '../../../src/MovieMakerCore/StoryboardManager/Theme/ThemeStructure.cpp')
      C:\Program Files (x86)\Microsoft Visual Studio\2022\BuildTools\VC\Tools\MSVC\14.44.35207\atlmfc\include\cstringt.h(999,7):
      see declaration of 'ATL::CStringT<wchar_t,ATL::StrTraitATL<wchar_t,ATL::ChTraitsCRT<wchar_t>>>'
  
C:\Users\mcmco\Desktop\WMMR\src\MovieMakerCore\StoryboardManager\Theme\ThemeTemplates.h(263,18): warning C4251: 'StoryboardManager::TemplateSocketsParser::m_strLastError': 'ATL::CStringT<wchar_t,ATL::StrTraitATL<wchar_t,ATL::ChTraitsCRT<wchar_t>>>' needs to have dll-interface to be used by clients of 'StoryboardManager::TemplateSocketsParser' [C:\Users\mcmco\Desktop\WMMR\build\src\MovieMakerCore\MovieMakerCore.vcxproj]
  (compiling source file '../../../src/MovieMakerCore/StoryboardManager/Theme/Theme.cpp')
      C:\Program Files (x86)\Microsoft Visual Studio\2022\BuildTools\VC\Tools\MSVC\14.44.35207\atlmfc\include\cstringt.h(999,7):
      see declaration of 'ATL::CStringT<wchar_t,ATL::StrTraitATL<wchar_t,ATL::ChTraitsCRT<wchar_t>>>'
  
C:\Users\mcmco\Desktop\WMMR\src\MovieMakerCore\StoryboardManager\Theme\ThemeTemplates.cpp(551,22): error C2664: 'HRESULT IXmlReader::GetLocalName(LPCWSTR *,UINT *)': cannot convert argument 1 from 'BSTR *' to 'LPCWSTR *' [C:\Users\mcmco\Desktop\WMMR\build\src\MovieMakerCore\MovieMakerCore.vcxproj]
      C:\Users\mcmco\Desktop\WMMR\src\MovieMakerCore\StoryboardManager\Theme\ThemeTemplates.cpp(551,35):
      Conversion loses qualifiers
      C:\Program Files (x86)\Windows Kits\10\Include\10.0.26100.0\um\xmllite.h(386,43):
      see declaration of 'IXmlReader::GetLocalName'
      C:\Users\mcmco\Desktop\WMMR\src\MovieMakerCore\StoryboardManager\Theme\ThemeTemplates.cpp(551,22):
      while trying to match the argument list '(BSTR *, nullptr)'
  
C:\Users\mcmco\Desktop\WMMR\src\MovieMakerCore\StoryboardManager\Theme\ThemeTemplates.h(324,21): warning C4251: 'StoryboardManager::BaseTemplate::m_strId': 'ATL::CStringT<wchar_t,ATL::StrTraitATL<wchar_t,ATL::ChTraitsCRT<wchar_t>>>' needs to have dll-interface to be used by clients of 'StoryboardManager::BaseTemplate' [C:\Users\mcmco\Desktop\WMMR\build\src\MovieMakerCore\MovieMakerCore.vcxproj]
  (compiling source file '../../../src/MovieMakerCore/StoryboardManager/Theme/Theme.cpp')
      C:\Program Files (x86)\Microsoft Visual Studio\2022\BuildTools\VC\Tools\MSVC\14.44.35207\atlmfc\include\cstringt.h(999,7):
      see declaration of 'ATL::CStringT<wchar_t,ATL::StrTraitATL<wchar_t,ATL::ChTraitsCRT<wchar_t>>>'
  
C:\Users\mcmco\Desktop\WMMR\src\MovieMakerCore\StoryboardManager\MovieProject.h(394,40): warning C4251: 'StoryboardManager::MovieProject::m_arrMediaItems': 'ATL::CAtlArray<StoryboardManager::ProjectMediaItem,ATL::CElementTraits<E>>' needs to have dll-interface to be used by clients of 'StoryboardManager::MovieProject' [C:\Users\mcmco\Desktop\WMMR\build\src\MovieMakerCore\MovieMakerCore.vcxproj]
C:\Users\mcmco\Desktop\WMMR\src\MovieMakerCore\StoryboardManager\MovieProject.h(394,40): warning C4251:         with [C:\Users\mcmco\Desktop\WMMR\build\src\MovieMakerCore\MovieMakerCore.vcxproj]
C:\Users\mcmco\Desktop\WMMR\src\MovieMakerCore\StoryboardManager\MovieProject.h(394,40): warning C4251:         [ [C:\Users\mcmco\Desktop\WMMR\build\src\MovieMakerCore\MovieMakerCore.vcxproj]
C:\Users\mcmco\Desktop\WMMR\src\MovieMakerCore\StoryboardManager\MovieProject.h(394,40): warning C4251:             E=StoryboardManager::ProjectMediaItem [C:\Users\mcmco\Desktop\WMMR\build\src\MovieMakerCore\MovieMakerCore.vcxproj]
C:\Users\mcmco\Desktop\WMMR\src\MovieMakerCore\StoryboardManager\MovieProject.h(394,40): warning C4251:         ] [C:\Users\mcmco\Desktop\WMMR\build\src\MovieMakerCore\MovieMakerCore.vcxproj]
  (compiling source file '../../../src/MovieMakerCore/StoryboardManager/Theme/ThemeStructure.cpp')
      C:\Program Files (x86)\Microsoft Visual Studio\2022\BuildTools\VC\Tools\MSVC\14.44.35207\atlmfc\include\atlcoll.h(530,7):
      see declaration of 'ATL::CAtlArray<StoryboardManager::ProjectMediaItem,ATL::CElementTraits<E>>'
          with
          [
              E=StoryboardManager::ProjectMediaItem
          ]
  
C:\Users\mcmco\Desktop\WMMR\src\MovieMakerCore\StoryboardManager\Theme\ThemeTemplates.h(325,21): warning C4251: 'StoryboardManager::BaseTemplate::m_strName': 'ATL::CStringT<wchar_t,ATL::StrTraitATL<wchar_t,ATL::ChTraitsCRT<wchar_t>>>' needs to have dll-interface to be used by clients of 'StoryboardManager::BaseTemplate' [C:\Users\mcmco\Desktop\WMMR\build\src\MovieMakerCore\MovieMakerCore.vcxproj]
  (compiling source file '../../../src/MovieMakerCore/StoryboardManager/Theme/Theme.cpp')
      C:\Program Files (x86)\Microsoft Visual Studio\2022\BuildTools\VC\Tools\MSVC\14.44.35207\atlmfc\include\cstringt.h(999,7):
      see declaration of 'ATL::CStringT<wchar_t,ATL::StrTraitATL<wchar_t,ATL::ChTraitsCRT<wchar_t>>>'
  
C:\Users\mcmco\Desktop\WMMR\src\MovieMakerCore\StoryboardManager\Theme\ThemeTemplates.cpp(556,21): error C2039: 'GetAttribute': is not a member of 'IXmlReader' [C:\Users\mcmco\Desktop\WMMR\build\src\MovieMakerCore\MovieMakerCore.vcxproj]
      C:\Program Files (x86)\Windows Kits\10\Include\10.0.26100.0\um\xmllite.h(335,5):
      see declaration of 'IXmlReader'
  
C:\Users\mcmco\Desktop\WMMR\src\MovieMakerCore\StoryboardManager\Theme\ThemeTemplates.h(328,45): warning C4251: 'StoryboardManager::BaseTemplate::m_arrProperties': 'ATL::CAtlArray<StoryboardManager::TemplateProperty,ATL::CElementTraits<E>>' needs to have dll-interface to be used by clients of 'StoryboardManager::BaseTemplate' [C:\Users\mcmco\Desktop\WMMR\build\src\MovieMakerCore\MovieMakerCore.vcxproj]
C:\Users\mcmco\Desktop\WMMR\src\MovieMakerCore\StoryboardManager\Theme\ThemeTemplates.h(328,45): warning C4251:         with [C:\Users\mcmco\Desktop\WMMR\build\src\MovieMakerCore\MovieMakerCore.vcxproj]
C:\Users\mcmco\Desktop\WMMR\src\MovieMakerCore\StoryboardManager\Theme\ThemeTemplates.h(328,45): warning C4251:         [ [C:\Users\mcmco\Desktop\WMMR\build\src\MovieMakerCore\MovieMakerCore.vcxproj]
C:\Users\mcmco\Desktop\WMMR\src\MovieMakerCore\StoryboardManager\Theme\ThemeTemplates.h(328,45): warning C4251:             E=StoryboardManager::TemplateProperty [C:\Users\mcmco\Desktop\WMMR\build\src\MovieMakerCore\MovieMakerCore.vcxproj]
C:\Users\mcmco\Desktop\WMMR\src\MovieMakerCore\StoryboardManager\Theme\ThemeTemplates.h(328,45): warning C4251:         ] [C:\Users\mcmco\Desktop\WMMR\build\src\MovieMakerCore\MovieMakerCore.vcxproj]
  (compiling source file '../../../src/MovieMakerCore/StoryboardManager/Theme/Theme.cpp')
      C:\Program Files (x86)\Microsoft Visual Studio\2022\BuildTools\VC\Tools\MSVC\14.44.35207\atlmfc\include\atlcoll.h(530,7):
      see declaration of 'ATL::CAtlArray<StoryboardManager::TemplateProperty,ATL::CElementTraits<E>>'
          with
          [
              E=StoryboardManager::TemplateProperty
          ]
  
C:\Users\mcmco\Desktop\WMMR\src\MovieMakerCore\StoryboardManager\Theme\ThemeTemplates.cpp(558,21): error C2039: 'GetAttribute': is not a member of 'IXmlReader' [C:\Users\mcmco\Desktop\WMMR\build\src\MovieMakerCore\MovieMakerCore.vcxproj]
      C:\Program Files (x86)\Windows Kits\10\Include\10.0.26100.0\um\xmllite.h(335,5):
      see declaration of 'IXmlReader'
  
C:\Users\mcmco\Desktop\WMMR\src\MovieMakerCore\StoryboardManager\MovieProject.h(404,32): warning C4251: 'StoryboardManager::MovieProject::m_arrUndoStack': 'ATL::CAtlArray<StoryboardManager::MovieProject::UndoEntry *,ATL::CElementTraits<E>>' needs to have dll-interface to be used by clients of 'StoryboardManager::MovieProject' [C:\Users\mcmco\Desktop\WMMR\build\src\MovieMakerCore\MovieMakerCore.vcxproj]
C:\Users\mcmco\Desktop\WMMR\src\MovieMakerCore\StoryboardManager\MovieProject.h(404,32): warning C4251:         with [C:\Users\mcmco\Desktop\WMMR\build\src\MovieMakerCore\MovieMakerCore.vcxproj]
C:\Users\mcmco\Desktop\WMMR\src\MovieMakerCore\StoryboardManager\MovieProject.h(404,32): warning C4251:         [ [C:\Users\mcmco\Desktop\WMMR\build\src\MovieMakerCore\MovieMakerCore.vcxproj]
C:\Users\mcmco\Desktop\WMMR\src\MovieMakerCore\StoryboardManager\MovieProject.h(404,32): warning C4251:             E=StoryboardManager::MovieProject::UndoEntry * [C:\Users\mcmco\Desktop\WMMR\build\src\MovieMakerCore\MovieMakerCore.vcxproj]
C:\Users\mcmco\Desktop\WMMR\src\MovieMakerCore\StoryboardManager\MovieProject.h(404,32): warning C4251:         ] [C:\Users\mcmco\Desktop\WMMR\build\src\MovieMakerCore\MovieMakerCore.vcxproj]
  (compiling source file '../../../src/MovieMakerCore/StoryboardManager/Theme/ThemeStructure.cpp')
      C:\Program Files (x86)\Microsoft Visual Studio\2022\BuildTools\VC\Tools\MSVC\14.44.35207\atlmfc\include\atlcoll.h(530,7):
      see declaration of 'ATL::CAtlArray<StoryboardManager::MovieProject::UndoEntry *,ATL::CElementTraits<E>>'
          with
          [
              E=StoryboardManager::MovieProject::UndoEntry *
          ]
  
C:\Users\mcmco\Desktop\WMMR\src\MovieMakerCore\StoryboardManager\Theme\ThemeTemplates.h(329,45): warning C4251: 'StoryboardManager::BaseTemplate::m_arrSockets': 'ATL::CAtlArray<StoryboardManager::TemplateSocket,ATL::CElementTraits<E>>' needs to have dll-interface to be used by clients of 'StoryboardManager::BaseTemplate' [C:\Users\mcmco\Desktop\WMMR\build\src\MovieMakerCore\MovieMakerCore.vcxproj]
C:\Users\mcmco\Desktop\WMMR\src\MovieMakerCore\StoryboardManager\Theme\ThemeTemplates.h(329,45): warning C4251:         with [C:\Users\mcmco\Desktop\WMMR\build\src\MovieMakerCore\MovieMakerCore.vcxproj]
C:\Users\mcmco\Desktop\WMMR\src\MovieMakerCore\StoryboardManager\Theme\ThemeTemplates.h(329,45): warning C4251:         [ [C:\Users\mcmco\Desktop\WMMR\build\src\MovieMakerCore\MovieMakerCore.vcxproj]
C:\Users\mcmco\Desktop\WMMR\src\MovieMakerCore\StoryboardManager\Theme\ThemeTemplates.h(329,45): warning C4251:             E=StoryboardManager::TemplateSocket [C:\Users\mcmco\Desktop\WMMR\build\src\MovieMakerCore\MovieMakerCore.vcxproj]
C:\Users\mcmco\Desktop\WMMR\src\MovieMakerCore\StoryboardManager\Theme\ThemeTemplates.h(329,45): warning C4251:         ] [C:\Users\mcmco\Desktop\WMMR\build\src\MovieMakerCore\MovieMakerCore.vcxproj]
  (compiling source file '../../../src/MovieMakerCore/StoryboardManager/Theme/Theme.cpp')
      C:\Program Files (x86)\Microsoft Visual Studio\2022\BuildTools\VC\Tools\MSVC\14.44.35207\atlmfc\include\atlcoll.h(530,7):
      see declaration of 'ATL::CAtlArray<StoryboardManager::TemplateSocket,ATL::CElementTraits<E>>'
          with
          [
              E=StoryboardManager::TemplateSocket
          ]
  
C:\Users\mcmco\Desktop\WMMR\src\MovieMakerCore\StoryboardManager\Theme\ThemeTemplates.h(105,25): warning C4251: 'StoryboardManager::TemplatePlaceholder::m_strId': 'ATL::CStringT<wchar_t,ATL::StrTraitATL<wchar_t,ATL::ChTraitsCRT<wchar_t>>>' needs to have dll-interface to be used by clients of 'StoryboardManager::TemplatePlaceholder' [C:\Users\mcmco\Desktop\WMMR\build\src\MovieMakerCore\MovieMakerCore.vcxproj]
  (compiling source file '../../../src/MovieMakerCore/StoryboardManager/Theme/ThemeStructure.cpp')
      C:\Program Files (x86)\Microsoft Visual Studio\2022\BuildTools\VC\Tools\MSVC\14.44.35207\atlmfc\include\cstringt.h(999,7):
      see declaration of 'ATL::CStringT<wchar_t,ATL::StrTraitATL<wchar_t,ATL::ChTraitsCRT<wchar_t>>>'
  
C:\Users\mcmco\Desktop\WMMR\src\MovieMakerCore\StoryboardManager\Theme\ThemeTemplates.h(106,25): warning C4251: 'StoryboardManager::TemplatePlaceholder::m_strName': 'ATL::CStringT<wchar_t,ATL::StrTraitATL<wchar_t,ATL::ChTraitsCRT<wchar_t>>>' needs to have dll-interface to be used by clients of 'StoryboardManager::TemplatePlaceholder' [C:\Users\mcmco\Desktop\WMMR\build\src\MovieMakerCore\MovieMakerCore.vcxproj]
  (compiling source file '../../../src/MovieMakerCore/StoryboardManager/Theme/ThemeStructure.cpp')
      C:\Program Files (x86)\Microsoft Visual Studio\2022\BuildTools\VC\Tools\MSVC\14.44.35207\atlmfc\include\cstringt.h(999,7):
      see declaration of 'ATL::CStringT<wchar_t,ATL::StrTraitATL<wchar_t,ATL::ChTraitsCRT<wchar_t>>>'
  
C:\Users\mcmco\Desktop\WMMR\src\MovieMakerCore\StoryboardManager\Theme\ThemeTemplates.h(122,25): warning C4251: 'StoryboardManager::TemplatePlaceholder::m_strDefaultValue': 'ATL::CStringT<wchar_t,ATL::StrTraitATL<wchar_t,ATL::ChTraitsCRT<wchar_t>>>' needs to have dll-interface to be used by clients of 'StoryboardManager::TemplatePlaceholder' [C:\Users\mcmco\Desktop\WMMR\build\src\MovieMakerCore\MovieMakerCore.vcxproj]
  (compiling source file '../../../src/MovieMakerCore/StoryboardManager/Theme/ThemeStructure.cpp')
      C:\Program Files (x86)\Microsoft Visual Studio\2022\BuildTools\VC\Tools\MSVC\14.44.35207\atlmfc\include\cstringt.h(999,7):
      see declaration of 'ATL::CStringT<wchar_t,ATL::StrTraitATL<wchar_t,ATL::ChTraitsCRT<wchar_t>>>'
  
C:\Users\mcmco\Desktop\WMMR\src\MovieMakerCore\StoryboardManager\Theme\ThemeTemplates.h(330,45): warning C4251: 'StoryboardManager::BaseTemplate::m_arrPlaceholders': 'ATL::CAtlArray<StoryboardManager::TemplatePlaceholder,ATL::CElementTraits<E>>' needs to have dll-interface to be used by clients of 'StoryboardManager::BaseTemplate' [C:\Users\mcmco\Desktop\WMMR\build\src\MovieMakerCore\MovieMakerCore.vcxproj]
C:\Users\mcmco\Desktop\WMMR\src\MovieMakerCore\StoryboardManager\Theme\ThemeTemplates.h(330,45): warning C4251:         with [C:\Users\mcmco\Desktop\WMMR\build\src\MovieMakerCore\MovieMakerCore.vcxproj]
C:\Users\mcmco\Desktop\WMMR\src\MovieMakerCore\StoryboardManager\Theme\ThemeTemplates.h(330,45): warning C4251:         [ [C:\Users\mcmco\Desktop\WMMR\build\src\MovieMakerCore\MovieMakerCore.vcxproj]
C:\Users\mcmco\Desktop\WMMR\src\MovieMakerCore\StoryboardManager\Theme\ThemeTemplates.h(330,45): warning C4251:             E=StoryboardManager::TemplatePlaceholder [C:\Users\mcmco\Desktop\WMMR\build\src\MovieMakerCore\MovieMakerCore.vcxproj]
C:\Users\mcmco\Desktop\WMMR\src\MovieMakerCore\StoryboardManager\Theme\ThemeTemplates.h(330,45): warning C4251:         ] [C:\Users\mcmco\Desktop\WMMR\build\src\MovieMakerCore\MovieMakerCore.vcxproj]
  (compiling source file '../../../src/MovieMakerCore/StoryboardManager/Theme/Theme.cpp')
      C:\Program Files (x86)\Microsoft Visual Studio\2022\BuildTools\VC\Tools\MSVC\14.44.35207\atlmfc\include\atlcoll.h(530,7):
      see declaration of 'ATL::CAtlArray<StoryboardManager::TemplatePlaceholder,ATL::CElementTraits<E>>'
          with
          [
              E=StoryboardManager::TemplatePlaceholder
          ]
  
C:\Users\mcmco\Desktop\WMMR\src\MovieMakerCore\StoryboardManager\Theme\ThemeTemplates.h(160,21): warning C4251: 'StoryboardManager::TemplateProperty::m_strKey': 'ATL::CStringT<wchar_t,ATL::StrTraitATL<wchar_t,ATL::ChTraitsCRT<wchar_t>>>' needs to have dll-interface to be used by clients of 'StoryboardManager::TemplateProperty' [C:\Users\mcmco\Desktop\WMMR\build\src\MovieMakerCore\MovieMakerCore.vcxproj]
  (compiling source file '../../../src/MovieMakerCore/StoryboardManager/Theme/ThemeStructure.cpp')
      C:\Program Files (x86)\Microsoft Visual Studio\2022\BuildTools\VC\Tools\MSVC\14.44.35207\atlmfc\include\cstringt.h(999,7):
      see declaration of 'ATL::CStringT<wchar_t,ATL::StrTraitATL<wchar_t,ATL::ChTraitsCRT<wchar_t>>>'
  
C:\Users\mcmco\Desktop\WMMR\src\MovieMakerCore\StoryboardManager\Theme\ThemeTemplates.h(161,21): warning C4251: 'StoryboardManager::TemplateProperty::m_strValue': 'ATL::CStringT<wchar_t,ATL::StrTraitATL<wchar_t,ATL::ChTraitsCRT<wchar_t>>>' needs to have dll-interface to be used by clients of 'StoryboardManager::TemplateProperty' [C:\Users\mcmco\Desktop\WMMR\build\src\MovieMakerCore\MovieMakerCore.vcxproj]
  (compiling source file '../../../src/MovieMakerCore/StoryboardManager/Theme/ThemeStructure.cpp')
      C:\Program Files (x86)\Microsoft Visual Studio\2022\BuildTools\VC\Tools\MSVC\14.44.35207\atlmfc\include\cstringt.h(999,7):
      see declaration of 'ATL::CStringT<wchar_t,ATL::StrTraitATL<wchar_t,ATL::ChTraitsCRT<wchar_t>>>'
  
C:\Users\mcmco\Desktop\WMMR\src\MovieMakerCore\StoryboardManager\Theme\ThemeTemplates.h(373,21): warning C4251: 'StoryboardManager::BaseX3DTemplate::m_strX3dScenePath': 'ATL::CStringT<wchar_t,ATL::StrTraitATL<wchar_t,ATL::ChTraitsCRT<wchar_t>>>' needs to have dll-interface to be used by clients of 'StoryboardManager::BaseX3DTemplate' [C:\Users\mcmco\Desktop\WMMR\build\src\MovieMakerCore\MovieMakerCore.vcxproj]
  (compiling source file '../../../src/MovieMakerCore/StoryboardManager/Theme/Theme.cpp')
      C:\Program Files (x86)\Microsoft Visual Studio\2022\BuildTools\VC\Tools\MSVC\14.44.35207\atlmfc\include\cstringt.h(999,7):
      see declaration of 'ATL::CStringT<wchar_t,ATL::StrTraitATL<wchar_t,ATL::ChTraitsCRT<wchar_t>>>'
  
C:\Users\mcmco\Desktop\WMMR\src\MovieMakerCore\StoryboardManager\Theme\ThemeTemplates.h(220,33): warning C4251: 'StoryboardManager::TemplateSocket::m_strId': 'ATL::CStringT<wchar_t,ATL::StrTraitATL<wchar_t,ATL::ChTraitsCRT<wchar_t>>>' needs to have dll-interface to be used by clients of 'StoryboardManager::TemplateSocket' [C:\Users\mcmco\Desktop\WMMR\build\src\MovieMakerCore\MovieMakerCore.vcxproj]
  (compiling source file '../../../src/MovieMakerCore/StoryboardManager/Theme/ThemeStructure.cpp')
      C:\Program Files (x86)\Microsoft Visual Studio\2022\BuildTools\VC\Tools\MSVC\14.44.35207\atlmfc\include\cstringt.h(999,7):
      see declaration of 'ATL::CStringT<wchar_t,ATL::StrTraitATL<wchar_t,ATL::ChTraitsCRT<wchar_t>>>'
  
C:\Users\mcmco\Desktop\WMMR\src\MovieMakerCore\StoryboardManager\Theme\ThemeTemplates.h(221,33): warning C4251: 'StoryboardManager::TemplateSocket::m_strName': 'ATL::CStringT<wchar_t,ATL::StrTraitATL<wchar_t,ATL::ChTraitsCRT<wchar_t>>>' needs to have dll-interface to be used by clients of 'StoryboardManager::TemplateSocket' [C:\Users\mcmco\Desktop\WMMR\build\src\MovieMakerCore\MovieMakerCore.vcxproj]
  (compiling source file '../../../src/MovieMakerCore/StoryboardManager/Theme/ThemeStructure.cpp')
      C:\Program Files (x86)\Microsoft Visual Studio\2022\BuildTools\VC\Tools\MSVC\14.44.35207\atlmfc\include\cstringt.h(999,7):
      see declaration of 'ATL::CStringT<wchar_t,ATL::StrTraitATL<wchar_t,ATL::ChTraitsCRT<wchar_t>>>'
  
C:\Users\mcmco\Desktop\WMMR\src\MovieMakerCore\StoryboardManager\Theme\ThemeTemplates.h(223,33): warning C4251: 'StoryboardManager::TemplateSocket::m_strPlaceholderId': 'ATL::CStringT<wchar_t,ATL::StrTraitATL<wchar_t,ATL::ChTraitsCRT<wchar_t>>>' needs to have dll-interface to be used by clients of 'StoryboardManager::TemplateSocket' [C:\Users\mcmco\Desktop\WMMR\build\src\MovieMakerCore\MovieMakerCore.vcxproj]
  (compiling source file '../../../src/MovieMakerCore/StoryboardManager/Theme/ThemeStructure.cpp')
      C:\Program Files (x86)\Microsoft Visual Studio\2022\BuildTools\VC\Tools\MSVC\14.44.35207\atlmfc\include\cstringt.h(999,7):
      see declaration of 'ATL::CStringT<wchar_t,ATL::StrTraitATL<wchar_t,ATL::ChTraitsCRT<wchar_t>>>'
  
C:\Users\mcmco\Desktop\WMMR\src\MovieMakerCore\StoryboardManager\Theme\ThemeTemplates.h(374,26): warning C4251: 'StoryboardManager::BaseX3DTemplate::m_arrX3dSceneData': 'ATL::CAtlArray<BYTE,ATL::CElementTraits<unsigned char>>' needs to have dll-interface to be used by clients of 'StoryboardManager::BaseX3DTemplate' [C:\Users\mcmco\Desktop\WMMR\build\src\MovieMakerCore\MovieMakerCore.vcxproj]
  (compiling source file '../../../src/MovieMakerCore/StoryboardManager/Theme/Theme.cpp')
      C:\Program Files (x86)\Microsoft Visual Studio\2022\BuildTools\VC\Tools\MSVC\14.44.35207\atlmfc\include\atlcoll.h(530,7):
      see declaration of 'ATL::CAtlArray<BYTE,ATL::CElementTraits<unsigned char>>'
  
C:\Users\mcmco\Desktop\WMMR\src\MovieMakerCore\StoryboardManager\Theme\ThemeTemplates.h(227,38): warning C4251: 'StoryboardManager::TemplateSocket::m_arrProperties': 'ATL::CAtlArray<StoryboardManager::TemplateProperty,ATL::CElementTraits<E>>' needs to have dll-interface to be used by clients of 'StoryboardManager::TemplateSocket' [C:\Users\mcmco\Desktop\WMMR\build\src\MovieMakerCore\MovieMakerCore.vcxproj]
C:\Users\mcmco\Desktop\WMMR\src\MovieMakerCore\StoryboardManager\Theme\ThemeTemplates.h(227,38): warning C4251:         with [C:\Users\mcmco\Desktop\WMMR\build\src\MovieMakerCore\MovieMakerCore.vcxproj]
C:\Users\mcmco\Desktop\WMMR\src\MovieMakerCore\StoryboardManager\Theme\ThemeTemplates.h(227,38): warning C4251:         [ [C:\Users\mcmco\Desktop\WMMR\build\src\MovieMakerCore\MovieMakerCore.vcxproj]
C:\Users\mcmco\Desktop\WMMR\src\MovieMakerCore\StoryboardManager\Theme\ThemeTemplates.h(227,38): warning C4251:             E=StoryboardManager::TemplateProperty [C:\Users\mcmco\Desktop\WMMR\build\src\MovieMakerCore\MovieMakerCore.vcxproj]
C:\Users\mcmco\Desktop\WMMR\src\MovieMakerCore\StoryboardManager\Theme\ThemeTemplates.h(227,38): warning C4251:         ] [C:\Users\mcmco\Desktop\WMMR\build\src\MovieMakerCore\MovieMakerCore.vcxproj]
  (compiling source file '../../../src/MovieMakerCore/StoryboardManager/Theme/ThemeStructure.cpp')
      C:\Program Files (x86)\Microsoft Visual Studio\2022\BuildTools\VC\Tools\MSVC\14.44.35207\atlmfc\include\atlcoll.h(530,7):
      see declaration of 'ATL::CAtlArray<StoryboardManager::TemplateProperty,ATL::CElementTraits<E>>'
          with
          [
              E=StoryboardManager::TemplateProperty
          ]
  
C:\Users\mcmco\Desktop\WMMR\src\MovieMakerCore\StoryboardManager\Theme\ThemeTemplates.h(387,30): warning C4251: 'StoryboardManager::BaseX3DTemplate::m_arrKeyframes': 'ATL::CAtlArray<StoryboardManager::BaseX3DTemplate::Keyframe,ATL::CElementTraits<E>>' needs to have dll-interface to be used by clients of 'StoryboardManager::BaseX3DTemplate' [C:\Users\mcmco\Desktop\WMMR\build\src\MovieMakerCore\MovieMakerCore.vcxproj]
C:\Users\mcmco\Desktop\WMMR\src\MovieMakerCore\StoryboardManager\Theme\ThemeTemplates.h(387,30): warning C4251:         with [C:\Users\mcmco\Desktop\WMMR\build\src\MovieMakerCore\MovieMakerCore.vcxproj]
C:\Users\mcmco\Desktop\WMMR\src\MovieMakerCore\StoryboardManager\Theme\ThemeTemplates.h(387,30): warning C4251:         [ [C:\Users\mcmco\Desktop\WMMR\build\src\MovieMakerCore\MovieMakerCore.vcxproj]
C:\Users\mcmco\Desktop\WMMR\src\MovieMakerCore\StoryboardManager\Theme\ThemeTemplates.h(387,30): warning C4251:             E=StoryboardManager::BaseX3DTemplate::Keyframe [C:\Users\mcmco\Desktop\WMMR\build\src\MovieMakerCore\MovieMakerCore.vcxproj]
C:\Users\mcmco\Desktop\WMMR\src\MovieMakerCore\StoryboardManager\Theme\ThemeTemplates.h(387,30): warning C4251:         ] [C:\Users\mcmco\Desktop\WMMR\build\src\MovieMakerCore\MovieMakerCore.vcxproj]
  (compiling source file '../../../src/MovieMakerCore/StoryboardManager/Theme/Theme.cpp')
      C:\Program Files (x86)\Microsoft Visual Studio\2022\BuildTools\VC\Tools\MSVC\14.44.35207\atlmfc\include\atlcoll.h(530,7):
      see declaration of 'ATL::CAtlArray<StoryboardManager::BaseX3DTemplate::Keyframe,ATL::CElementTraits<E>>'
          with
          [
              E=StoryboardManager::BaseX3DTemplate::Keyframe
          ]
  
C:\Users\mcmco\Desktop\WMMR\src\MovieMakerCore\StoryboardManager\Theme\ThemeTemplates.h(263,18): warning C4251: 'StoryboardManager::TemplateSocketsParser::m_strLastError': 'ATL::CStringT<wchar_t,ATL::StrTraitATL<wchar_t,ATL::ChTraitsCRT<wchar_t>>>' needs to have dll-interface to be used by clients of 'StoryboardManager::TemplateSocketsParser' [C:\Users\mcmco\Desktop\WMMR\build\src\MovieMakerCore\MovieMakerCore.vcxproj]
  (compiling source file '../../../src/MovieMakerCore/StoryboardManager/Theme/ThemeStructure.cpp')
      C:\Program Files (x86)\Microsoft Visual Studio\2022\BuildTools\VC\Tools\MSVC\14.44.35207\atlmfc\include\cstringt.h(999,7):
      see declaration of 'ATL::CStringT<wchar_t,ATL::StrTraitATL<wchar_t,ATL::ChTraitsCRT<wchar_t>>>'
  
C:\Users\mcmco\Desktop\WMMR\src\MovieMakerCore\StoryboardManager\Theme\ThemeTemplates.h(324,21): warning C4251: 'StoryboardManager::BaseTemplate::m_strId': 'ATL::CStringT<wchar_t,ATL::StrTraitATL<wchar_t,ATL::ChTraitsCRT<wchar_t>>>' needs to have dll-interface to be used by clients of 'StoryboardManager::BaseTemplate' [C:\Users\mcmco\Desktop\WMMR\build\src\MovieMakerCore\MovieMakerCore.vcxproj]
  (compiling source file '../../../src/MovieMakerCore/StoryboardManager/Theme/ThemeStructure.cpp')
      C:\Program Files (x86)\Microsoft Visual Studio\2022\BuildTools\VC\Tools\MSVC\14.44.35207\atlmfc\include\cstringt.h(999,7):
      see declaration of 'ATL::CStringT<wchar_t,ATL::StrTraitATL<wchar_t,ATL::ChTraitsCRT<wchar_t>>>'
  
C:\Users\mcmco\Desktop\WMMR\src\MovieMakerCore\StoryboardManager\Theme\ThemeTemplates.h(325,21): warning C4251: 'StoryboardManager::BaseTemplate::m_strName': 'ATL::CStringT<wchar_t,ATL::StrTraitATL<wchar_t,ATL::ChTraitsCRT<wchar_t>>>' needs to have dll-interface to be used by clients of 'StoryboardManager::BaseTemplate' [C:\Users\mcmco\Desktop\WMMR\build\src\MovieMakerCore\MovieMakerCore.vcxproj]
  (compiling source file '../../../src/MovieMakerCore/StoryboardManager/Theme/ThemeStructure.cpp')
      C:\Program Files (x86)\Microsoft Visual Studio\2022\BuildTools\VC\Tools\MSVC\14.44.35207\atlmfc\include\cstringt.h(999,7):
      see declaration of 'ATL::CStringT<wchar_t,ATL::StrTraitATL<wchar_t,ATL::ChTraitsCRT<wchar_t>>>'
  
C:\Users\mcmco\Desktop\WMMR\src\MovieMakerCore\StoryboardManager\Theme\ThemeTemplates.h(328,45): warning C4251: 'StoryboardManager::BaseTemplate::m_arrProperties': 'ATL::CAtlArray<StoryboardManager::TemplateProperty,ATL::CElementTraits<E>>' needs to have dll-interface to be used by clients of 'StoryboardManager::BaseTemplate' [C:\Users\mcmco\Desktop\WMMR\build\src\MovieMakerCore\MovieMakerCore.vcxproj]
C:\Users\mcmco\Desktop\WMMR\src\MovieMakerCore\StoryboardManager\Theme\ThemeTemplates.h(328,45): warning C4251:         with [C:\Users\mcmco\Desktop\WMMR\build\src\MovieMakerCore\MovieMakerCore.vcxproj]
C:\Users\mcmco\Desktop\WMMR\src\MovieMakerCore\StoryboardManager\Theme\ThemeTemplates.h(328,45): warning C4251:         [ [C:\Users\mcmco\Desktop\WMMR\build\src\MovieMakerCore\MovieMakerCore.vcxproj]
C:\Users\mcmco\Desktop\WMMR\src\MovieMakerCore\StoryboardManager\Theme\ThemeTemplates.h(328,45): warning C4251:             E=StoryboardManager::TemplateProperty [C:\Users\mcmco\Desktop\WMMR\build\src\MovieMakerCore\MovieMakerCore.vcxproj]
C:\Users\mcmco\Desktop\WMMR\src\MovieMakerCore\StoryboardManager\Theme\ThemeTemplates.h(328,45): warning C4251:         ] [C:\Users\mcmco\Desktop\WMMR\build\src\MovieMakerCore\MovieMakerCore.vcxproj]
  (compiling source file '../../../src/MovieMakerCore/StoryboardManager/Theme/ThemeStructure.cpp')
      C:\Program Files (x86)\Microsoft Visual Studio\2022\BuildTools\VC\Tools\MSVC\14.44.35207\atlmfc\include\atlcoll.h(530,7):
      see declaration of 'ATL::CAtlArray<StoryboardManager::TemplateProperty,ATL::CElementTraits<E>>'
          with
          [
              E=StoryboardManager::TemplateProperty
          ]
  
C:\Users\mcmco\Desktop\WMMR\src\MovieMakerCore\StoryboardManager\Theme\ThemeTemplates.h(329,45): warning C4251: 'StoryboardManager::BaseTemplate::m_arrSockets': 'ATL::CAtlArray<StoryboardManager::TemplateSocket,ATL::CElementTraits<E>>' needs to have dll-interface to be used by clients of 'StoryboardManager::BaseTemplate' [C:\Users\mcmco\Desktop\WMMR\build\src\MovieMakerCore\MovieMakerCore.vcxproj]
C:\Users\mcmco\Desktop\WMMR\src\MovieMakerCore\StoryboardManager\Theme\ThemeTemplates.h(329,45): warning C4251:         with [C:\Users\mcmco\Desktop\WMMR\build\src\MovieMakerCore\MovieMakerCore.vcxproj]
C:\Users\mcmco\Desktop\WMMR\src\MovieMakerCore\StoryboardManager\Theme\ThemeTemplates.h(329,45): warning C4251:         [ [C:\Users\mcmco\Desktop\WMMR\build\src\MovieMakerCore\MovieMakerCore.vcxproj]
C:\Users\mcmco\Desktop\WMMR\src\MovieMakerCore\StoryboardManager\Theme\ThemeTemplates.h(329,45): warning C4251:             E=StoryboardManager::TemplateSocket [C:\Users\mcmco\Desktop\WMMR\build\src\MovieMakerCore\MovieMakerCore.vcxproj]
C:\Users\mcmco\Desktop\WMMR\src\MovieMakerCore\StoryboardManager\Theme\ThemeTemplates.h(329,45): warning C4251:         ] [C:\Users\mcmco\Desktop\WMMR\build\src\MovieMakerCore\MovieMakerCore.vcxproj]
  (compiling source file '../../../src/MovieMakerCore/StoryboardManager/Theme/ThemeStructure.cpp')
      C:\Program Files (x86)\Microsoft Visual Studio\2022\BuildTools\VC\Tools\MSVC\14.44.35207\atlmfc\include\atlcoll.h(530,7):
      see declaration of 'ATL::CAtlArray<StoryboardManager::TemplateSocket,ATL::CElementTraits<E>>'
          with
          [
              E=StoryboardManager::TemplateSocket
          ]
  
C:\Users\mcmco\Desktop\WMMR\src\MovieMakerCore\StoryboardManager\Theme\ThemeTemplates.h(330,45): warning C4251: 'StoryboardManager::BaseTemplate::m_arrPlaceholders': 'ATL::CAtlArray<StoryboardManager::TemplatePlaceholder,ATL::CElementTraits<E>>' needs to have dll-interface to be used by clients of 'StoryboardManager::BaseTemplate' [C:\Users\mcmco\Desktop\WMMR\build\src\MovieMakerCore\MovieMakerCore.vcxproj]
C:\Users\mcmco\Desktop\WMMR\src\MovieMakerCore\StoryboardManager\Theme\ThemeTemplates.h(330,45): warning C4251:         with [C:\Users\mcmco\Desktop\WMMR\build\src\MovieMakerCore\MovieMakerCore.vcxproj]
C:\Users\mcmco\Desktop\WMMR\src\MovieMakerCore\StoryboardManager\Theme\ThemeTemplates.h(330,45): warning C4251:         [ [C:\Users\mcmco\Desktop\WMMR\build\src\MovieMakerCore\MovieMakerCore.vcxproj]
C:\Users\mcmco\Desktop\WMMR\src\MovieMakerCore\StoryboardManager\Theme\ThemeTemplates.h(330,45): warning C4251:             E=StoryboardManager::TemplatePlaceholder [C:\Users\mcmco\Desktop\WMMR\build\src\MovieMakerCore\MovieMakerCore.vcxproj]
C:\Users\mcmco\Desktop\WMMR\src\MovieMakerCore\StoryboardManager\Theme\ThemeTemplates.h(330,45): warning C4251:         ] [C:\Users\mcmco\Desktop\WMMR\build\src\MovieMakerCore\MovieMakerCore.vcxproj]
  (compiling source file '../../../src/MovieMakerCore/StoryboardManager/Theme/ThemeStructure.cpp')
      C:\Program Files (x86)\Microsoft Visual Studio\2022\BuildTools\VC\Tools\MSVC\14.44.35207\atlmfc\include\atlcoll.h(530,7):
      see declaration of 'ATL::CAtlArray<StoryboardManager::TemplatePlaceholder,ATL::CElementTraits<E>>'
          with
          [
              E=StoryboardManager::TemplatePlaceholder
          ]
  
C:\Users\mcmco\Desktop\WMMR\src\MovieMakerCore\StoryboardManager\Theme\ThemeTemplates.h(421,38): warning C4251: 'StoryboardManager::CompositeX3DTemplate::m_arrSubTemplates': 'ATL::CAtlArray<StoryboardManager::BaseX3DTemplate *,ATL::CElementTraits<E>>' needs to have dll-interface to be used by clients of 'StoryboardManager::CompositeX3DTemplate' [C:\Users\mcmco\Desktop\WMMR\build\src\MovieMakerCore\MovieMakerCore.vcxproj]
C:\Users\mcmco\Desktop\WMMR\src\MovieMakerCore\StoryboardManager\Theme\ThemeTemplates.h(421,38): warning C4251:         with [C:\Users\mcmco\Desktop\WMMR\build\src\MovieMakerCore\MovieMakerCore.vcxproj]
C:\Users\mcmco\Desktop\WMMR\src\MovieMakerCore\StoryboardManager\Theme\ThemeTemplates.h(421,38): warning C4251:         [ [C:\Users\mcmco\Desktop\WMMR\build\src\MovieMakerCore\MovieMakerCore.vcxproj]
C:\Users\mcmco\Desktop\WMMR\src\MovieMakerCore\StoryboardManager\Theme\ThemeTemplates.h(421,38): warning C4251:             E=StoryboardManager::BaseX3DTemplate * [C:\Users\mcmco\Desktop\WMMR\build\src\MovieMakerCore\MovieMakerCore.vcxproj]
C:\Users\mcmco\Desktop\WMMR\src\MovieMakerCore\StoryboardManager\Theme\ThemeTemplates.h(421,38): warning C4251:         ] [C:\Users\mcmco\Desktop\WMMR\build\src\MovieMakerCore\MovieMakerCore.vcxproj]
  (compiling source file '../../../src/MovieMakerCore/StoryboardManager/Theme/Theme.cpp')
      C:\Program Files (x86)\Microsoft Visual Studio\2022\BuildTools\VC\Tools\MSVC\14.44.35207\atlmfc\include\atlcoll.h(530,7):
      see declaration of 'ATL::CAtlArray<StoryboardManager::BaseX3DTemplate *,ATL::CElementTraits<E>>'
          with
          [
              E=StoryboardManager::BaseX3DTemplate *
          ]
  
C:\Users\mcmco\Desktop\WMMR\src\MovieMakerCore\StoryboardManager\Theme\ThemeTemplates.h(373,21): warning C4251: 'StoryboardManager::BaseX3DTemplate::m_strX3dScenePath': 'ATL::CStringT<wchar_t,ATL::StrTraitATL<wchar_t,ATL::ChTraitsCRT<wchar_t>>>' needs to have dll-interface to be used by clients of 'StoryboardManager::BaseX3DTemplate' [C:\Users\mcmco\Desktop\WMMR\build\src\MovieMakerCore\MovieMakerCore.vcxproj]
  (compiling source file '../../../src/MovieMakerCore/StoryboardManager/Theme/ThemeStructure.cpp')
      C:\Program Files (x86)\Microsoft Visual Studio\2022\BuildTools\VC\Tools\MSVC\14.44.35207\atlmfc\include\cstringt.h(999,7):
      see declaration of 'ATL::CStringT<wchar_t,ATL::StrTraitATL<wchar_t,ATL::ChTraitsCRT<wchar_t>>>'
  
C:\Users\mcmco\Desktop\WMMR\src\MovieMakerCore\StoryboardManager\Theme\ThemeTemplates.h(475,21): warning C4251: 'StoryboardManager::ThemeX3DTemplate::m_strBackgroundModelPath': 'ATL::CStringT<wchar_t,ATL::StrTraitATL<wchar_t,ATL::ChTraitsCRT<wchar_t>>>' needs to have dll-interface to be used by clients of 'StoryboardManager::ThemeX3DTemplate' [C:\Users\mcmco\Desktop\WMMR\build\src\MovieMakerCore\MovieMakerCore.vcxproj]
  (compiling source file '../../../src/MovieMakerCore/StoryboardManager/Theme/Theme.cpp')
      C:\Program Files (x86)\Microsoft Visual Studio\2022\BuildTools\VC\Tools\MSVC\14.44.35207\atlmfc\include\cstringt.h(999,7):
      see declaration of 'ATL::CStringT<wchar_t,ATL::StrTraitATL<wchar_t,ATL::ChTraitsCRT<wchar_t>>>'
  
C:\Users\mcmco\Desktop\WMMR\src\MovieMakerCore\StoryboardManager\Theme\ThemeTemplates.h(374,26): warning C4251: 'StoryboardManager::BaseX3DTemplate::m_arrX3dSceneData': 'ATL::CAtlArray<BYTE,ATL::CElementTraits<unsigned char>>' needs to have dll-interface to be used by clients of 'StoryboardManager::BaseX3DTemplate' [C:\Users\mcmco\Desktop\WMMR\build\src\MovieMakerCore\MovieMakerCore.vcxproj]
  (compiling source file '../../../src/MovieMakerCore/StoryboardManager/Theme/ThemeStructure.cpp')
      C:\Program Files (x86)\Microsoft Visual Studio\2022\BuildTools\VC\Tools\MSVC\14.44.35207\atlmfc\include\atlcoll.h(530,7):
      see declaration of 'ATL::CAtlArray<BYTE,ATL::CElementTraits<unsigned char>>'
  
C:\Users\mcmco\Desktop\WMMR\src\MovieMakerCore\StoryboardManager\Theme\ThemeTemplates.h(522,21): warning C4251: 'StoryboardManager::EffectX3DTemplate::m_strVertexShaderPath': 'ATL::CStringT<wchar_t,ATL::StrTraitATL<wchar_t,ATL::ChTraitsCRT<wchar_t>>>' needs to have dll-interface to be used by clients of 'StoryboardManager::EffectX3DTemplate' [C:\Users\mcmco\Desktop\WMMR\build\src\MovieMakerCore\MovieMakerCore.vcxproj]
  (compiling source file '../../../src/MovieMakerCore/StoryboardManager/Theme/Theme.cpp')
      C:\Program Files (x86)\Microsoft Visual Studio\2022\BuildTools\VC\Tools\MSVC\14.44.35207\atlmfc\include\cstringt.h(999,7):
      see declaration of 'ATL::CStringT<wchar_t,ATL::StrTraitATL<wchar_t,ATL::ChTraitsCRT<wchar_t>>>'
  
C:\Users\mcmco\Desktop\WMMR\src\MovieMakerCore\StoryboardManager\Theme\ThemeTemplates.h(523,21): warning C4251: 'StoryboardManager::EffectX3DTemplate::m_strPixelShaderPath': 'ATL::CStringT<wchar_t,ATL::StrTraitATL<wchar_t,ATL::ChTraitsCRT<wchar_t>>>' needs to have dll-interface to be used by clients of 'StoryboardManager::EffectX3DTemplate' [C:\Users\mcmco\Desktop\WMMR\build\src\MovieMakerCore\MovieMakerCore.vcxproj]
  (compiling source file '../../../src/MovieMakerCore/StoryboardManager/Theme/Theme.cpp')
      C:\Program Files (x86)\Microsoft Visual Studio\2022\BuildTools\VC\Tools\MSVC\14.44.35207\atlmfc\include\cstringt.h(999,7):
      see declaration of 'ATL::CStringT<wchar_t,ATL::StrTraitATL<wchar_t,ATL::ChTraitsCRT<wchar_t>>>'
  
C:\Users\mcmco\Desktop\WMMR\src\MovieMakerCore\StoryboardManager\Theme\ThemeTemplates.h(387,30): warning C4251: 'StoryboardManager::BaseX3DTemplate::m_arrKeyframes': 'ATL::CAtlArray<StoryboardManager::BaseX3DTemplate::Keyframe,ATL::CElementTraits<E>>' needs to have dll-interface to be used by clients of 'StoryboardManager::BaseX3DTemplate' [C:\Users\mcmco\Desktop\WMMR\build\src\MovieMakerCore\MovieMakerCore.vcxproj]
C:\Users\mcmco\Desktop\WMMR\src\MovieMakerCore\StoryboardManager\Theme\ThemeTemplates.h(387,30): warning C4251:         with [C:\Users\mcmco\Desktop\WMMR\build\src\MovieMakerCore\MovieMakerCore.vcxproj]
C:\Users\mcmco\Desktop\WMMR\src\MovieMakerCore\StoryboardManager\Theme\ThemeTemplates.h(387,30): warning C4251:         [ [C:\Users\mcmco\Desktop\WMMR\build\src\MovieMakerCore\MovieMakerCore.vcxproj]
C:\Users\mcmco\Desktop\WMMR\src\MovieMakerCore\StoryboardManager\Theme\ThemeTemplates.h(387,30): warning C4251:             E=StoryboardManager::BaseX3DTemplate::Keyframe [C:\Users\mcmco\Desktop\WMMR\build\src\MovieMakerCore\MovieMakerCore.vcxproj]
C:\Users\mcmco\Desktop\WMMR\src\MovieMakerCore\StoryboardManager\Theme\ThemeTemplates.h(387,30): warning C4251:         ] [C:\Users\mcmco\Desktop\WMMR\build\src\MovieMakerCore\MovieMakerCore.vcxproj]
  (compiling source file '../../../src/MovieMakerCore/StoryboardManager/Theme/ThemeStructure.cpp')
      C:\Program Files (x86)\Microsoft Visual Studio\2022\BuildTools\VC\Tools\MSVC\14.44.35207\atlmfc\include\atlcoll.h(530,7):
      see declaration of 'ATL::CAtlArray<StoryboardManager::BaseX3DTemplate::Keyframe,ATL::CElementTraits<E>>'
          with
          [
              E=StoryboardManager::BaseX3DTemplate::Keyframe
          ]
  
C:\Users\mcmco\Desktop\WMMR\src\MovieMakerCore\StoryboardManager\Theme\ThemeTemplates.h(524,34): warning C4251: 'StoryboardManager::EffectX3DTemplate::m_arrTexturePaths': 'ATL::CAtlArray<ATL::CString,ATL::CElementTraits<ATL::CAtlStringW>>' needs to have dll-interface to be used by clients of 'StoryboardManager::EffectX3DTemplate' [C:\Users\mcmco\Desktop\WMMR\build\src\MovieMakerCore\MovieMakerCore.vcxproj]
  (compiling source file '../../../src/MovieMakerCore/StoryboardManager/Theme/Theme.cpp')
      C:\Program Files (x86)\Microsoft Visual Studio\2022\BuildTools\VC\Tools\MSVC\14.44.35207\atlmfc\include\atlcoll.h(530,7):
      see declaration of 'ATL::CAtlArray<ATL::CString,ATL::CElementTraits<ATL::CAtlStringW>>'
  
C:\Users\mcmco\Desktop\WMMR\src\MovieMakerCore\StoryboardManager\Theme\ThemeTemplates.h(421,38): warning C4251: 'StoryboardManager::CompositeX3DTemplate::m_arrSubTemplates': 'ATL::CAtlArray<StoryboardManager::BaseX3DTemplate *,ATL::CElementTraits<E>>' needs to have dll-interface to be used by clients of 'StoryboardManager::CompositeX3DTemplate' [C:\Users\mcmco\Desktop\WMMR\build\src\MovieMakerCore\MovieMakerCore.vcxproj]
C:\Users\mcmco\Desktop\WMMR\src\MovieMakerCore\StoryboardManager\Theme\ThemeTemplates.h(421,38): warning C4251:         with [C:\Users\mcmco\Desktop\WMMR\build\src\MovieMakerCore\MovieMakerCore.vcxproj]
C:\Users\mcmco\Desktop\WMMR\src\MovieMakerCore\StoryboardManager\Theme\ThemeTemplates.h(421,38): warning C4251:         [ [C:\Users\mcmco\Desktop\WMMR\build\src\MovieMakerCore\MovieMakerCore.vcxproj]
C:\Users\mcmco\Desktop\WMMR\src\MovieMakerCore\StoryboardManager\Theme\ThemeTemplates.h(421,38): warning C4251:             E=StoryboardManager::BaseX3DTemplate * [C:\Users\mcmco\Desktop\WMMR\build\src\MovieMakerCore\MovieMakerCore.vcxproj]
C:\Users\mcmco\Desktop\WMMR\src\MovieMakerCore\StoryboardManager\Theme\ThemeTemplates.h(421,38): warning C4251:         ] [C:\Users\mcmco\Desktop\WMMR\build\src\MovieMakerCore\MovieMakerCore.vcxproj]
  (compiling source file '../../../src/MovieMakerCore/StoryboardManager/Theme/ThemeStructure.cpp')
      C:\Program Files (x86)\Microsoft Visual Studio\2022\BuildTools\VC\Tools\MSVC\14.44.35207\atlmfc\include\atlcoll.h(530,7):
      see declaration of 'ATL::CAtlArray<StoryboardManager::BaseX3DTemplate *,ATL::CElementTraits<E>>'
          with
          [
              E=StoryboardManager::BaseX3DTemplate *
          ]
  
C:\Users\mcmco\Desktop\WMMR\src\MovieMakerCore\StoryboardManager\Theme\ThemeTemplates.h(579,21): warning C4251: 'StoryboardManager::ExtentX3DTemplate::m_strMediaSocketId': 'ATL::CStringT<wchar_t,ATL::StrTraitATL<wchar_t,ATL::ChTraitsCRT<wchar_t>>>' needs to have dll-interface to be used by clients of 'StoryboardManager::ExtentX3DTemplate' [C:\Users\mcmco\Desktop\WMMR\build\src\MovieMakerCore\MovieMakerCore.vcxproj]
  (compiling source file '../../../src/MovieMakerCore/StoryboardManager/Theme/Theme.cpp')
      C:\Program Files (x86)\Microsoft Visual Studio\2022\BuildTools\VC\Tools\MSVC\14.44.35207\atlmfc\include\cstringt.h(999,7):
      see declaration of 'ATL::CStringT<wchar_t,ATL::StrTraitATL<wchar_t,ATL::ChTraitsCRT<wchar_t>>>'
  
C:\Users\mcmco\Desktop\WMMR\src\MovieMakerCore\StoryboardManager\Theme\ThemeTemplates.h(475,21): warning C4251: 'StoryboardManager::ThemeX3DTemplate::m_strBackgroundModelPath': 'ATL::CStringT<wchar_t,ATL::StrTraitATL<wchar_t,ATL::ChTraitsCRT<wchar_t>>>' needs to have dll-interface to be used by clients of 'StoryboardManager::ThemeX3DTemplate' [C:\Users\mcmco\Desktop\WMMR\build\src\MovieMakerCore\MovieMakerCore.vcxproj]
  (compiling source file '../../../src/MovieMakerCore/StoryboardManager/Theme/ThemeStructure.cpp')
      C:\Program Files (x86)\Microsoft Visual Studio\2022\BuildTools\VC\Tools\MSVC\14.44.35207\atlmfc\include\cstringt.h(999,7):
      see declaration of 'ATL::CStringT<wchar_t,ATL::StrTraitATL<wchar_t,ATL::ChTraitsCRT<wchar_t>>>'
  
C:\Users\mcmco\Desktop\WMMR\src\MovieMakerCore\StoryboardManager\Theme\ThemeTemplates.h(580,21): warning C4251: 'StoryboardManager::ExtentX3DTemplate::m_strEntranceAnimation': 'ATL::CStringT<wchar_t,ATL::StrTraitATL<wchar_t,ATL::ChTraitsCRT<wchar_t>>>' needs to have dll-interface to be used by clients of 'StoryboardManager::ExtentX3DTemplate' [C:\Users\mcmco\Desktop\WMMR\build\src\MovieMakerCore\MovieMakerCore.vcxproj]
  (compiling source file '../../../src/MovieMakerCore/StoryboardManager/Theme/Theme.cpp')
      C:\Program Files (x86)\Microsoft Visual Studio\2022\BuildTools\VC\Tools\MSVC\14.44.35207\atlmfc\include\cstringt.h(999,7):
      see declaration of 'ATL::CStringT<wchar_t,ATL::StrTraitATL<wchar_t,ATL::ChTraitsCRT<wchar_t>>>'
  
C:\Users\mcmco\Desktop\WMMR\src\MovieMakerCore\StoryboardManager\Theme\ThemeTemplates.h(581,21): warning C4251: 'StoryboardManager::ExtentX3DTemplate::m_strExitAnimation': 'ATL::CStringT<wchar_t,ATL::StrTraitATL<wchar_t,ATL::ChTraitsCRT<wchar_t>>>' needs to have dll-interface to be used by clients of 'StoryboardManager::ExtentX3DTemplate' [C:\Users\mcmco\Desktop\WMMR\build\src\MovieMakerCore\MovieMakerCore.vcxproj]
  (compiling source file '../../../src/MovieMakerCore/StoryboardManager/Theme/Theme.cpp')
      C:\Program Files (x86)\Microsoft Visual Studio\2022\BuildTools\VC\Tools\MSVC\14.44.35207\atlmfc\include\cstringt.h(999,7):
      see declaration of 'ATL::CStringT<wchar_t,ATL::StrTraitATL<wchar_t,ATL::ChTraitsCRT<wchar_t>>>'
  
C:\Users\mcmco\Desktop\WMMR\src\MovieMakerCore\StoryboardManager\Theme\ThemeTemplates.h(522,21): warning C4251: 'StoryboardManager::EffectX3DTemplate::m_strVertexShaderPath': 'ATL::CStringT<wchar_t,ATL::StrTraitATL<wchar_t,ATL::ChTraitsCRT<wchar_t>>>' needs to have dll-interface to be used by clients of 'StoryboardManager::EffectX3DTemplate' [C:\Users\mcmco\Desktop\WMMR\build\src\MovieMakerCore\MovieMakerCore.vcxproj]
  (compiling source file '../../../src/MovieMakerCore/StoryboardManager/Theme/ThemeStructure.cpp')
      C:\Program Files (x86)\Microsoft Visual Studio\2022\BuildTools\VC\Tools\MSVC\14.44.35207\atlmfc\include\cstringt.h(999,7):
      see declaration of 'ATL::CStringT<wchar_t,ATL::StrTraitATL<wchar_t,ATL::ChTraitsCRT<wchar_t>>>'
  
C:\Users\mcmco\Desktop\WMMR\src\MovieMakerCore\StoryboardManager\Theme\ThemeTemplates.h(523,21): warning C4251: 'StoryboardManager::EffectX3DTemplate::m_strPixelShaderPath': 'ATL::CStringT<wchar_t,ATL::StrTraitATL<wchar_t,ATL::ChTraitsCRT<wchar_t>>>' needs to have dll-interface to be used by clients of 'StoryboardManager::EffectX3DTemplate' [C:\Users\mcmco\Desktop\WMMR\build\src\MovieMakerCore\MovieMakerCore.vcxproj]
  (compiling source file '../../../src/MovieMakerCore/StoryboardManager/Theme/ThemeStructure.cpp')
      C:\Program Files (x86)\Microsoft Visual Studio\2022\BuildTools\VC\Tools\MSVC\14.44.35207\atlmfc\include\cstringt.h(999,7):
      see declaration of 'ATL::CStringT<wchar_t,ATL::StrTraitATL<wchar_t,ATL::ChTraitsCRT<wchar_t>>>'
  
C:\Users\mcmco\Desktop\WMMR\src\MovieMakerCore\StoryboardManager\Theme\ThemeTemplates.h(524,34): warning C4251: 'StoryboardManager::EffectX3DTemplate::m_arrTexturePaths': 'ATL::CAtlArray<ATL::CString,ATL::CElementTraits<ATL::CAtlStringW>>' needs to have dll-interface to be used by clients of 'StoryboardManager::EffectX3DTemplate' [C:\Users\mcmco\Desktop\WMMR\build\src\MovieMakerCore\MovieMakerCore.vcxproj]
  (compiling source file '../../../src/MovieMakerCore/StoryboardManager/Theme/ThemeStructure.cpp')
      C:\Program Files (x86)\Microsoft Visual Studio\2022\BuildTools\VC\Tools\MSVC\14.44.35207\atlmfc\include\atlcoll.h(530,7):
      see declaration of 'ATL::CAtlArray<ATL::CString,ATL::CElementTraits<ATL::CAtlStringW>>'
  
C:\Users\mcmco\Desktop\WMMR\src\MovieMakerCore\StoryboardManager\Theme\ThemeTemplates.h(625,41): warning C4251: 'StoryboardManager::EffectTemplateHandler::m_arrEntries': 'ATL::CAtlArray<StoryboardManager::EffectTemplateHandler::EffectTemplateEntry,ATL::CElementTraits<E>>' needs to have dll-interface to be used by clients of 'StoryboardManager::EffectTemplateHandler' [C:\Users\mcmco\Desktop\WMMR\build\src\MovieMakerCore\MovieMakerCore.vcxproj]
C:\Users\mcmco\Desktop\WMMR\src\MovieMakerCore\StoryboardManager\Theme\ThemeTemplates.h(625,41): warning C4251:         with [C:\Users\mcmco\Desktop\WMMR\build\src\MovieMakerCore\MovieMakerCore.vcxproj]
C:\Users\mcmco\Desktop\WMMR\src\MovieMakerCore\StoryboardManager\Theme\ThemeTemplates.h(625,41): warning C4251:         [ [C:\Users\mcmco\Desktop\WMMR\build\src\MovieMakerCore\MovieMakerCore.vcxproj]
C:\Users\mcmco\Desktop\WMMR\src\MovieMakerCore\StoryboardManager\Theme\ThemeTemplates.h(625,41): warning C4251:             E=StoryboardManager::EffectTemplateHandler::EffectTemplateEntry [C:\Users\mcmco\Desktop\WMMR\build\src\MovieMakerCore\MovieMakerCore.vcxproj]
C:\Users\mcmco\Desktop\WMMR\src\MovieMakerCore\StoryboardManager\Theme\ThemeTemplates.h(625,41): warning C4251:         ] [C:\Users\mcmco\Desktop\WMMR\build\src\MovieMakerCore\MovieMakerCore.vcxproj]
  (compiling source file '../../../src/MovieMakerCore/StoryboardManager/Theme/Theme.cpp')
      C:\Program Files (x86)\Microsoft Visual Studio\2022\BuildTools\VC\Tools\MSVC\14.44.35207\atlmfc\include\atlcoll.h(530,7):
      see declaration of 'ATL::CAtlArray<StoryboardManager::EffectTemplateHandler::EffectTemplateEntry,ATL::CElementTraits<E>>'
          with
          [
              E=StoryboardManager::EffectTemplateHandler::EffectTemplateEntry
          ]
  
C:\Users\mcmco\Desktop\WMMR\src\MovieMakerCore\StoryboardManager\Theme\ThemeTemplates.h(579,21): warning C4251: 'StoryboardManager::ExtentX3DTemplate::m_strMediaSocketId': 'ATL::CStringT<wchar_t,ATL::StrTraitATL<wchar_t,ATL::ChTraitsCRT<wchar_t>>>' needs to have dll-interface to be used by clients of 'StoryboardManager::ExtentX3DTemplate' [C:\Users\mcmco\Desktop\WMMR\build\src\MovieMakerCore\MovieMakerCore.vcxproj]
  (compiling source file '../../../src/MovieMakerCore/StoryboardManager/Theme/ThemeStructure.cpp')
      C:\Program Files (x86)\Microsoft Visual Studio\2022\BuildTools\VC\Tools\MSVC\14.44.35207\atlmfc\include\cstringt.h(999,7):
      see declaration of 'ATL::CStringT<wchar_t,ATL::StrTraitATL<wchar_t,ATL::ChTraitsCRT<wchar_t>>>'
  
C:\Users\mcmco\Desktop\WMMR\src\MovieMakerCore\StoryboardManager\Theme\ThemeTemplates.h(580,21): warning C4251: 'StoryboardManager::ExtentX3DTemplate::m_strEntranceAnimation': 'ATL::CStringT<wchar_t,ATL::StrTraitATL<wchar_t,ATL::ChTraitsCRT<wchar_t>>>' needs to have dll-interface to be used by clients of 'StoryboardManager::ExtentX3DTemplate' [C:\Users\mcmco\Desktop\WMMR\build\src\MovieMakerCore\MovieMakerCore.vcxproj]
  (compiling source file '../../../src/MovieMakerCore/StoryboardManager/Theme/ThemeStructure.cpp')
      C:\Program Files (x86)\Microsoft Visual Studio\2022\BuildTools\VC\Tools\MSVC\14.44.35207\atlmfc\include\cstringt.h(999,7):
      see declaration of 'ATL::CStringT<wchar_t,ATL::StrTraitATL<wchar_t,ATL::ChTraitsCRT<wchar_t>>>'
  
C:\Users\mcmco\Desktop\WMMR\src\MovieMakerCore\StoryboardManager\Theme\ThemeTemplates.h(581,21): warning C4251: 'StoryboardManager::ExtentX3DTemplate::m_strExitAnimation': 'ATL::CStringT<wchar_t,ATL::StrTraitATL<wchar_t,ATL::ChTraitsCRT<wchar_t>>>' needs to have dll-interface to be used by clients of 'StoryboardManager::ExtentX3DTemplate' [C:\Users\mcmco\Desktop\WMMR\build\src\MovieMakerCore\MovieMakerCore.vcxproj]
  (compiling source file '../../../src/MovieMakerCore/StoryboardManager/Theme/ThemeStructure.cpp')
      C:\Program Files (x86)\Microsoft Visual Studio\2022\BuildTools\VC\Tools\MSVC\14.44.35207\atlmfc\include\cstringt.h(999,7):
      see declaration of 'ATL::CStringT<wchar_t,ATL::StrTraitATL<wchar_t,ATL::ChTraitsCRT<wchar_t>>>'
  
C:\Users\mcmco\Desktop\WMMR\src\MovieMakerCore\StoryboardManager\Theme\ThemeTemplates.h(673,42): warning C4251: 'StoryboardManager::ExtentSocketsHandler::m_arrMappings': 'ATL::CAtlArray<StoryboardManager::ExtentSocketsHandler::ExtentSocketMapping,ATL::CElementTraits<E>>' needs to have dll-interface to be used by clients of 'StoryboardManager::ExtentSocketsHandler' [C:\Users\mcmco\Desktop\WMMR\build\src\MovieMakerCore\MovieMakerCore.vcxproj]
C:\Users\mcmco\Desktop\WMMR\src\MovieMakerCore\StoryboardManager\Theme\ThemeTemplates.h(673,42): warning C4251:         with [C:\Users\mcmco\Desktop\WMMR\build\src\MovieMakerCore\MovieMakerCore.vcxproj]
C:\Users\mcmco\Desktop\WMMR\src\MovieMakerCore\StoryboardManager\Theme\ThemeTemplates.h(673,42): warning C4251:         [ [C:\Users\mcmco\Desktop\WMMR\build\src\MovieMakerCore\MovieMakerCore.vcxproj]
C:\Users\mcmco\Desktop\WMMR\src\MovieMakerCore\StoryboardManager\Theme\ThemeTemplates.h(673,42): warning C4251:             E=StoryboardManager::ExtentSocketsHandler::ExtentSocketMapping [C:\Users\mcmco\Desktop\WMMR\build\src\MovieMakerCore\MovieMakerCore.vcxproj]
C:\Users\mcmco\Desktop\WMMR\src\MovieMakerCore\StoryboardManager\Theme\ThemeTemplates.h(673,42): warning C4251:         ] [C:\Users\mcmco\Desktop\WMMR\build\src\MovieMakerCore\MovieMakerCore.vcxproj]
  (compiling source file '../../../src/MovieMakerCore/StoryboardManager/Theme/Theme.cpp')
      C:\Program Files (x86)\Microsoft Visual Studio\2022\BuildTools\VC\Tools\MSVC\14.44.35207\atlmfc\include\atlcoll.h(530,7):
      see declaration of 'ATL::CAtlArray<StoryboardManager::ExtentSocketsHandler::ExtentSocketMapping,ATL::CElementTraits<E>>'
          with
          [
              E=StoryboardManager::ExtentSocketsHandler::ExtentSocketMapping
          ]
  
C:\Users\mcmco\Desktop\WMMR\src\MovieMakerCore\StoryboardManager\Theme\ThemeTemplates.h(625,41): warning C4251: 'StoryboardManager::EffectTemplateHandler::m_arrEntries': 'ATL::CAtlArray<StoryboardManager::EffectTemplateHandler::EffectTemplateEntry,ATL::CElementTraits<E>>' needs to have dll-interface to be used by clients of 'StoryboardManager::EffectTemplateHandler' [C:\Users\mcmco\Desktop\WMMR\build\src\MovieMakerCore\MovieMakerCore.vcxproj]
C:\Users\mcmco\Desktop\WMMR\src\MovieMakerCore\StoryboardManager\Theme\ThemeTemplates.h(625,41): warning C4251:         with [C:\Users\mcmco\Desktop\WMMR\build\src\MovieMakerCore\MovieMakerCore.vcxproj]
C:\Users\mcmco\Desktop\WMMR\src\MovieMakerCore\StoryboardManager\Theme\ThemeTemplates.h(625,41): warning C4251:         [ [C:\Users\mcmco\Desktop\WMMR\build\src\MovieMakerCore\MovieMakerCore.vcxproj]
C:\Users\mcmco\Desktop\WMMR\src\MovieMakerCore\StoryboardManager\Theme\ThemeTemplates.h(625,41): warning C4251:             E=StoryboardManager::EffectTemplateHandler::EffectTemplateEntry [C:\Users\mcmco\Desktop\WMMR\build\src\MovieMakerCore\MovieMakerCore.vcxproj]
C:\Users\mcmco\Desktop\WMMR\src\MovieMakerCore\StoryboardManager\Theme\ThemeTemplates.h(625,41): warning C4251:         ] [C:\Users\mcmco\Desktop\WMMR\build\src\MovieMakerCore\MovieMakerCore.vcxproj]
  (compiling source file '../../../src/MovieMakerCore/StoryboardManager/Theme/ThemeStructure.cpp')
      C:\Program Files (x86)\Microsoft Visual Studio\2022\BuildTools\VC\Tools\MSVC\14.44.35207\atlmfc\include\atlcoll.h(530,7):
      see declaration of 'ATL::CAtlArray<StoryboardManager::EffectTemplateHandler::EffectTemplateEntry,ATL::CElementTraits<E>>'
          with
          [
              E=StoryboardManager::EffectTemplateHandler::EffectTemplateEntry
          ]
  
C:\Users\mcmco\Desktop\WMMR\src\MovieMakerCore\StoryboardManager\Theme\ThemeStructure.h(116,25): warning C4251: 'StoryboardManager::ThemeComplexType::m_strId': 'ATL::CStringT<wchar_t,ATL::StrTraitATL<wchar_t,ATL::ChTraitsCRT<wchar_t>>>' needs to have dll-interface to be used by clients of 'StoryboardManager::ThemeComplexType' [C:\Users\mcmco\Desktop\WMMR\build\src\MovieMakerCore\MovieMakerCore.vcxproj]
  (compiling source file '../../../src/MovieMakerCore/StoryboardManager/Theme/Theme.cpp')
      C:\Program Files (x86)\Microsoft Visual Studio\2022\BuildTools\VC\Tools\MSVC\14.44.35207\atlmfc\include\cstringt.h(999,7):
      see declaration of 'ATL::CStringT<wchar_t,ATL::StrTraitATL<wchar_t,ATL::ChTraitsCRT<wchar_t>>>'
  
C:\Users\mcmco\Desktop\WMMR\src\MovieMakerCore\StoryboardManager\Theme\ThemeStructure.h(117,25): warning C4251: 'StoryboardManager::ThemeComplexType::m_strName': 'ATL::CStringT<wchar_t,ATL::StrTraitATL<wchar_t,ATL::ChTraitsCRT<wchar_t>>>' needs to have dll-interface to be used by clients of 'StoryboardManager::ThemeComplexType' [C:\Users\mcmco\Desktop\WMMR\build\src\MovieMakerCore\MovieMakerCore.vcxproj]
  (compiling source file '../../../src/MovieMakerCore/StoryboardManager/Theme/Theme.cpp')
      C:\Program Files (x86)\Microsoft Visual Studio\2022\BuildTools\VC\Tools\MSVC\14.44.35207\atlmfc\include\cstringt.h(999,7):
      see declaration of 'ATL::CStringT<wchar_t,ATL::StrTraitATL<wchar_t,ATL::ChTraitsCRT<wchar_t>>>'
  
C:\Users\mcmco\Desktop\WMMR\src\MovieMakerCore\StoryboardManager\Theme\ThemeTemplates.h(673,42): warning C4251: 'StoryboardManager::ExtentSocketsHandler::m_arrMappings': 'ATL::CAtlArray<StoryboardManager::ExtentSocketsHandler::ExtentSocketMapping,ATL::CElementTraits<E>>' needs to have dll-interface to be used by clients of 'StoryboardManager::ExtentSocketsHandler' [C:\Users\mcmco\Desktop\WMMR\build\src\MovieMakerCore\MovieMakerCore.vcxproj]
C:\Users\mcmco\Desktop\WMMR\src\MovieMakerCore\StoryboardManager\Theme\ThemeTemplates.h(673,42): warning C4251:         with [C:\Users\mcmco\Desktop\WMMR\build\src\MovieMakerCore\MovieMakerCore.vcxproj]
C:\Users\mcmco\Desktop\WMMR\src\MovieMakerCore\StoryboardManager\Theme\ThemeTemplates.h(673,42): warning C4251:         [ [C:\Users\mcmco\Desktop\WMMR\build\src\MovieMakerCore\MovieMakerCore.vcxproj]
C:\Users\mcmco\Desktop\WMMR\src\MovieMakerCore\StoryboardManager\Theme\ThemeTemplates.h(673,42): warning C4251:             E=StoryboardManager::ExtentSocketsHandler::ExtentSocketMapping [C:\Users\mcmco\Desktop\WMMR\build\src\MovieMakerCore\MovieMakerCore.vcxproj]
C:\Users\mcmco\Desktop\WMMR\src\MovieMakerCore\StoryboardManager\Theme\ThemeTemplates.h(673,42): warning C4251:         ] [C:\Users\mcmco\Desktop\WMMR\build\src\MovieMakerCore\MovieMakerCore.vcxproj]
  (compiling source file '../../../src/MovieMakerCore/StoryboardManager/Theme/ThemeStructure.cpp')
      C:\Program Files (x86)\Microsoft Visual Studio\2022\BuildTools\VC\Tools\MSVC\14.44.35207\atlmfc\include\atlcoll.h(530,7):
      see declaration of 'ATL::CAtlArray<StoryboardManager::ExtentSocketsHandler::ExtentSocketMapping,ATL::CElementTraits<E>>'
          with
          [
              E=StoryboardManager::ExtentSocketsHandler::ExtentSocketMapping
          ]
  
C:\Users\mcmco\Desktop\WMMR\src\MovieMakerCore\StoryboardManager\Theme\ThemeStructure.h(123,39): warning C4251: 'StoryboardManager::ThemeComplexType::m_arrChildren': 'ATL::CAtlArray<StoryboardManager::ThemeComplexType *,ATL::CElementTraits<E>>' needs to have dll-interface to be used by clients of 'StoryboardManager::ThemeComplexType' [C:\Users\mcmco\Desktop\WMMR\build\src\MovieMakerCore\MovieMakerCore.vcxproj]
C:\Users\mcmco\Desktop\WMMR\src\MovieMakerCore\StoryboardManager\Theme\ThemeStructure.h(123,39): warning C4251:         with [C:\Users\mcmco\Desktop\WMMR\build\src\MovieMakerCore\MovieMakerCore.vcxproj]
C:\Users\mcmco\Desktop\WMMR\src\MovieMakerCore\StoryboardManager\Theme\ThemeStructure.h(123,39): warning C4251:         [ [C:\Users\mcmco\Desktop\WMMR\build\src\MovieMakerCore\MovieMakerCore.vcxproj]
C:\Users\mcmco\Desktop\WMMR\src\MovieMakerCore\StoryboardManager\Theme\ThemeStructure.h(123,39): warning C4251:             E=StoryboardManager::ThemeComplexType * [C:\Users\mcmco\Desktop\WMMR\build\src\MovieMakerCore\MovieMakerCore.vcxproj]
C:\Users\mcmco\Desktop\WMMR\src\MovieMakerCore\StoryboardManager\Theme\ThemeStructure.h(123,39): warning C4251:         ] [C:\Users\mcmco\Desktop\WMMR\build\src\MovieMakerCore\MovieMakerCore.vcxproj]
  (compiling source file '../../../src/MovieMakerCore/StoryboardManager/Theme/Theme.cpp')
      C:\Program Files (x86)\Microsoft Visual Studio\2022\BuildTools\VC\Tools\MSVC\14.44.35207\atlmfc\include\atlcoll.h(530,7):
      see declaration of 'ATL::CAtlArray<StoryboardManager::ThemeComplexType *,ATL::CElementTraits<E>>'
          with
          [
              E=StoryboardManager::ThemeComplexType *
          ]
  
C:\Users\mcmco\Desktop\WMMR\src\MovieMakerCore\StoryboardManager\Theme\ThemeStructure.h(116,25): warning C4251: 'StoryboardManager::ThemeComplexType::m_strId': 'ATL::CStringT<wchar_t,ATL::StrTraitATL<wchar_t,ATL::ChTraitsCRT<wchar_t>>>' needs to have dll-interface to be used by clients of 'StoryboardManager::ThemeComplexType' [C:\Users\mcmco\Desktop\WMMR\build\src\MovieMakerCore\MovieMakerCore.vcxproj]
  (compiling source file '../../../src/MovieMakerCore/StoryboardManager/Theme/ThemeStructure.cpp')
      C:\Program Files (x86)\Microsoft Visual Studio\2022\BuildTools\VC\Tools\MSVC\14.44.35207\atlmfc\include\cstringt.h(999,7):
      see declaration of 'ATL::CStringT<wchar_t,ATL::StrTraitATL<wchar_t,ATL::ChTraitsCRT<wchar_t>>>'
  
C:\Users\mcmco\Desktop\WMMR\src\MovieMakerCore\StoryboardManager\Theme\ThemeStructure.h(117,25): warning C4251: 'StoryboardManager::ThemeComplexType::m_strName': 'ATL::CStringT<wchar_t,ATL::StrTraitATL<wchar_t,ATL::ChTraitsCRT<wchar_t>>>' needs to have dll-interface to be used by clients of 'StoryboardManager::ThemeComplexType' [C:\Users\mcmco\Desktop\WMMR\build\src\MovieMakerCore\MovieMakerCore.vcxproj]
  (compiling source file '../../../src/MovieMakerCore/StoryboardManager/Theme/ThemeStructure.cpp')
      C:\Program Files (x86)\Microsoft Visual Studio\2022\BuildTools\VC\Tools\MSVC\14.44.35207\atlmfc\include\cstringt.h(999,7):
      see declaration of 'ATL::CStringT<wchar_t,ATL::StrTraitATL<wchar_t,ATL::ChTraitsCRT<wchar_t>>>'
  
C:\Users\mcmco\Desktop\WMMR\src\MovieMakerCore\StoryboardManager\Theme\ThemeStructure.h(214,37): warning C4251: 'StoryboardManager::ThemeMid::m_arrTracks': 'ATL::CAtlArray<StoryboardManager::ThemeTrack *,ATL::CElementTraits<E>>' needs to have dll-interface to be used by clients of 'StoryboardManager::ThemeMid' [C:\Users\mcmco\Desktop\WMMR\build\src\MovieMakerCore\MovieMakerCore.vcxproj]
C:\Users\mcmco\Desktop\WMMR\src\MovieMakerCore\StoryboardManager\Theme\ThemeStructure.h(214,37): warning C4251:         with [C:\Users\mcmco\Desktop\WMMR\build\src\MovieMakerCore\MovieMakerCore.vcxproj]
C:\Users\mcmco\Desktop\WMMR\src\MovieMakerCore\StoryboardManager\Theme\ThemeStructure.h(214,37): warning C4251:         [ [C:\Users\mcmco\Desktop\WMMR\build\src\MovieMakerCore\MovieMakerCore.vcxproj]
C:\Users\mcmco\Desktop\WMMR\src\MovieMakerCore\StoryboardManager\Theme\ThemeStructure.h(214,37): warning C4251:             E=StoryboardManager::ThemeTrack * [C:\Users\mcmco\Desktop\WMMR\build\src\MovieMakerCore\MovieMakerCore.vcxproj]
C:\Users\mcmco\Desktop\WMMR\src\MovieMakerCore\StoryboardManager\Theme\ThemeStructure.h(214,37): warning C4251:         ] [C:\Users\mcmco\Desktop\WMMR\build\src\MovieMakerCore\MovieMakerCore.vcxproj]
  (compiling source file '../../../src/MovieMakerCore/StoryboardManager/Theme/Theme.cpp')
      C:\Program Files (x86)\Microsoft Visual Studio\2022\BuildTools\VC\Tools\MSVC\14.44.35207\atlmfc\include\atlcoll.h(530,7):
      see declaration of 'ATL::CAtlArray<StoryboardManager::ThemeTrack *,ATL::CElementTraits<E>>'
          with
          [
              E=StoryboardManager::ThemeTrack *
          ]
  
C:\Users\mcmco\Desktop\WMMR\src\MovieMakerCore\StoryboardManager\Theme\ThemeStructure.h(123,39): warning C4251: 'StoryboardManager::ThemeComplexType::m_arrChildren': 'ATL::CAtlArray<StoryboardManager::ThemeComplexType *,ATL::CElementTraits<E>>' needs to have dll-interface to be used by clients of 'StoryboardManager::ThemeComplexType' [C:\Users\mcmco\Desktop\WMMR\build\src\MovieMakerCore\MovieMakerCore.vcxproj]
C:\Users\mcmco\Desktop\WMMR\src\MovieMakerCore\StoryboardManager\Theme\ThemeStructure.h(123,39): warning C4251:         with [C:\Users\mcmco\Desktop\WMMR\build\src\MovieMakerCore\MovieMakerCore.vcxproj]
C:\Users\mcmco\Desktop\WMMR\src\MovieMakerCore\StoryboardManager\Theme\ThemeStructure.h(123,39): warning C4251:         [ [C:\Users\mcmco\Desktop\WMMR\build\src\MovieMakerCore\MovieMakerCore.vcxproj]
C:\Users\mcmco\Desktop\WMMR\src\MovieMakerCore\StoryboardManager\Theme\ThemeStructure.h(123,39): warning C4251:             E=StoryboardManager::ThemeComplexType * [C:\Users\mcmco\Desktop\WMMR\build\src\MovieMakerCore\MovieMakerCore.vcxproj]
C:\Users\mcmco\Desktop\WMMR\src\MovieMakerCore\StoryboardManager\Theme\ThemeStructure.h(123,39): warning C4251:         ] [C:\Users\mcmco\Desktop\WMMR\build\src\MovieMakerCore\MovieMakerCore.vcxproj]
  (compiling source file '../../../src/MovieMakerCore/StoryboardManager/Theme/ThemeStructure.cpp')
      C:\Program Files (x86)\Microsoft Visual Studio\2022\BuildTools\VC\Tools\MSVC\14.44.35207\atlmfc\include\atlcoll.h(530,7):
      see declaration of 'ATL::CAtlArray<StoryboardManager::ThemeComplexType *,ATL::CElementTraits<E>>'
          with
          [
              E=StoryboardManager::ThemeComplexType *
          ]
  
C:\Users\mcmco\Desktop\WMMR\src\MovieMakerCore\StoryboardManager\Theme\ThemeStructure.h(302,39): warning C4251: 'StoryboardManager::ComplexIntro::m_arrLayers': 'ATL::CAtlArray<StoryboardManager::ThemeComplexType *,ATL::CElementTraits<E>>' needs to have dll-interface to be used by clients of 'StoryboardManager::ComplexIntro' [C:\Users\mcmco\Desktop\WMMR\build\src\MovieMakerCore\MovieMakerCore.vcxproj]
C:\Users\mcmco\Desktop\WMMR\src\MovieMakerCore\StoryboardManager\Theme\ThemeStructure.h(302,39): warning C4251:         with [C:\Users\mcmco\Desktop\WMMR\build\src\MovieMakerCore\MovieMakerCore.vcxproj]
C:\Users\mcmco\Desktop\WMMR\src\MovieMakerCore\StoryboardManager\Theme\ThemeStructure.h(302,39): warning C4251:         [ [C:\Users\mcmco\Desktop\WMMR\build\src\MovieMakerCore\MovieMakerCore.vcxproj]
C:\Users\mcmco\Desktop\WMMR\src\MovieMakerCore\StoryboardManager\Theme\ThemeStructure.h(302,39): warning C4251:             E=StoryboardManager::ThemeComplexType * [C:\Users\mcmco\Desktop\WMMR\build\src\MovieMakerCore\MovieMakerCore.vcxproj]
C:\Users\mcmco\Desktop\WMMR\src\MovieMakerCore\StoryboardManager\Theme\ThemeStructure.h(302,39): warning C4251:         ] [C:\Users\mcmco\Desktop\WMMR\build\src\MovieMakerCore\MovieMakerCore.vcxproj]
  (compiling source file '../../../src/MovieMakerCore/StoryboardManager/Theme/Theme.cpp')
      C:\Program Files (x86)\Microsoft Visual Studio\2022\BuildTools\VC\Tools\MSVC\14.44.35207\atlmfc\include\atlcoll.h(530,7):
      see declaration of 'ATL::CAtlArray<StoryboardManager::ThemeComplexType *,ATL::CElementTraits<E>>'
          with
          [
              E=StoryboardManager::ThemeComplexType *
          ]
  
C:\Users\mcmco\Desktop\WMMR\src\MovieMakerCore\StoryboardManager\Theme\ThemeStructure.h(197,24): error C2143: syntax error: missing ';' before '*' [C:\Users\mcmco\Desktop\WMMR\build\src\MovieMakerCore\MovieMakerCore.vcxproj]
  (compiling source file '../../../src/MovieMakerCore/StoryboardManager/Theme/ThemeStructure.cpp')
  
C:\Users\mcmco\Desktop\WMMR\src\MovieMakerCore\StoryboardManager\Theme\ThemeStructure.h(197,5): error C4430: missing type specifier - int assumed. Note: C++ does not support default-int [C:\Users\mcmco\Desktop\WMMR\build\src\MovieMakerCore\MovieMakerCore.vcxproj]
  (compiling source file '../../../src/MovieMakerCore/StoryboardManager/Theme/ThemeStructure.cpp')
  
C:\Users\mcmco\Desktop\WMMR\src\MovieMakerCore\StoryboardManager\Theme\ThemeStructure.h(197,52): error C2238: unexpected token(s) preceding ';' [C:\Users\mcmco\Desktop\WMMR\build\src\MovieMakerCore\MovieMakerCore.vcxproj]
  (compiling source file '../../../src/MovieMakerCore/StoryboardManager/Theme/ThemeStructure.cpp')
  
C:\Users\mcmco\Desktop\WMMR\src\MovieMakerCore\StoryboardManager\Theme\ThemeStructure.h(198,5): error C4430: missing type specifier - int assumed. Note: C++ does not support default-int [C:\Users\mcmco\Desktop\WMMR\build\src\MovieMakerCore\MovieMakerCore.vcxproj]
  (compiling source file '../../../src/MovieMakerCore/StoryboardManager/Theme/ThemeStructure.cpp')
  
C:\Users\mcmco\Desktop\WMMR\src\MovieMakerCore\StoryboardManager\Theme\ThemeStructure.h(198,30): error C2143: syntax error: missing ';' before '*' [C:\Users\mcmco\Desktop\WMMR\build\src\MovieMakerCore\MovieMakerCore.vcxproj]
  (compiling source file '../../../src/MovieMakerCore/StoryboardManager/Theme/ThemeStructure.cpp')
  
C:\Users\mcmco\Desktop\WMMR\src\MovieMakerCore\StoryboardManager\Theme\ThemeStructure.h(198,64): error C2238: unexpected token(s) preceding ';' [C:\Users\mcmco\Desktop\WMMR\build\src\MovieMakerCore\MovieMakerCore.vcxproj]
  (compiling source file '../../../src/MovieMakerCore/StoryboardManager/Theme/ThemeStructure.cpp')
  
C:\Users\mcmco\Desktop\WMMR\src\MovieMakerCore\StoryboardManager\Theme\ThemeStructure.h(199,35): error C2061: syntax error: identifier 'ThemeEffectTemplate' [C:\Users\mcmco\Desktop\WMMR\build\src\MovieMakerCore\MovieMakerCore.vcxproj]
  (compiling source file '../../../src/MovieMakerCore/StoryboardManager/Theme/ThemeStructure.cpp')
  
C:\Users\mcmco\Desktop\WMMR\src\MovieMakerCore\StoryboardManager\Theme\ThemeStructure.h(303,39): warning C4251: 'StoryboardManager::ComplexIntro::m_arrEntranceEffects': 'ATL::CAtlArray<StoryboardManager::ThemeEffect *,ATL::CElementTraits<E>>' needs to have dll-interface to be used by clients of 'StoryboardManager::ComplexIntro' [C:\Users\mcmco\Desktop\WMMR\build\src\MovieMakerCore\MovieMakerCore.vcxproj]
C:\Users\mcmco\Desktop\WMMR\src\MovieMakerCore\StoryboardManager\Theme\ThemeStructure.h(303,39): warning C4251:         with [C:\Users\mcmco\Desktop\WMMR\build\src\MovieMakerCore\MovieMakerCore.vcxproj]
C:\Users\mcmco\Desktop\WMMR\src\MovieMakerCore\StoryboardManager\Theme\ThemeStructure.h(303,39): warning C4251:         [ [C:\Users\mcmco\Desktop\WMMR\build\src\MovieMakerCore\MovieMakerCore.vcxproj]
C:\Users\mcmco\Desktop\WMMR\src\MovieMakerCore\StoryboardManager\Theme\ThemeStructure.h(303,39): warning C4251:             E=StoryboardManager::ThemeEffect * [C:\Users\mcmco\Desktop\WMMR\build\src\MovieMakerCore\MovieMakerCore.vcxproj]
C:\Users\mcmco\Desktop\WMMR\src\MovieMakerCore\StoryboardManager\Theme\ThemeStructure.h(303,39): warning C4251:         ] [C:\Users\mcmco\Desktop\WMMR\build\src\MovieMakerCore\MovieMakerCore.vcxproj]
  (compiling source file '../../../src/MovieMakerCore/StoryboardManager/Theme/Theme.cpp')
      C:\Program Files (x86)\Microsoft Visual Studio\2022\BuildTools\VC\Tools\MSVC\14.44.35207\atlmfc\include\atlcoll.h(530,7):
      see declaration of 'ATL::CAtlArray<StoryboardManager::ThemeEffect *,ATL::CElementTraits<E>>'
          with
          [
              E=StoryboardManager::ThemeEffect *
          ]
  
C:\Users\mcmco\Desktop\WMMR\src\MovieMakerCore\StoryboardManager\Theme\ThemeStructure.h(202,20): error C2143: syntax error: missing ';' before '*' [C:\Users\mcmco\Desktop\WMMR\build\src\MovieMakerCore\MovieMakerCore.vcxproj]
  (compiling source file '../../../src/MovieMakerCore/StoryboardManager/Theme/ThemeStructure.cpp')
  
C:\Users\mcmco\Desktop\WMMR\src\MovieMakerCore\StoryboardManager\Theme\ThemeStructure.h(202,5): error C4430: missing type specifier - int assumed. Note: C++ does not support default-int [C:\Users\mcmco\Desktop\WMMR\build\src\MovieMakerCore\MovieMakerCore.vcxproj]
  (compiling source file '../../../src/MovieMakerCore/StoryboardManager/Theme/ThemeStructure.cpp')
  
C:\Users\mcmco\Desktop\WMMR\src\MovieMakerCore\StoryboardManager\Theme\ThemeStructure.h(202,44): error C2238: unexpected token(s) preceding ';' [C:\Users\mcmco\Desktop\WMMR\build\src\MovieMakerCore\MovieMakerCore.vcxproj]
  (compiling source file '../../../src/MovieMakerCore/StoryboardManager/Theme/ThemeStructure.cpp')
  
C:\Users\mcmco\Desktop\WMMR\src\MovieMakerCore\StoryboardManager\Theme\ThemeStructure.h(203,5): error C4430: missing type specifier - int assumed. Note: C++ does not support default-int [C:\Users\mcmco\Desktop\WMMR\build\src\MovieMakerCore\MovieMakerCore.vcxproj]
  (compiling source file '../../../src/MovieMakerCore/StoryboardManager/Theme/ThemeStructure.cpp')
  
C:\Users\mcmco\Desktop\WMMR\src\MovieMakerCore\StoryboardManager\Theme\ThemeStructure.h(325,21): warning C4251: 'StoryboardManager::SimpleIntro::m_strOverlayText': 'ATL::CStringT<wchar_t,ATL::StrTraitATL<wchar_t,ATL::ChTraitsCRT<wchar_t>>>' needs to have dll-interface to be used by clients of 'StoryboardManager::SimpleIntro' [C:\Users\mcmco\Desktop\WMMR\build\src\MovieMakerCore\MovieMakerCore.vcxproj]
  (compiling source file '../../../src/MovieMakerCore/StoryboardManager/Theme/Theme.cpp')
      C:\Program Files (x86)\Microsoft Visual Studio\2022\BuildTools\VC\Tools\MSVC\14.44.35207\atlmfc\include\cstringt.h(999,7):
      see declaration of 'ATL::CStringT<wchar_t,ATL::StrTraitATL<wchar_t,ATL::ChTraitsCRT<wchar_t>>>'
  
C:\Users\mcmco\Desktop\WMMR\src\MovieMakerCore\StoryboardManager\Theme\ThemeStructure.h(203,26): error C2143: syntax error: missing ';' before '*' [C:\Users\mcmco\Desktop\WMMR\build\src\MovieMakerCore\MovieMakerCore.vcxproj]
  (compiling source file '../../../src/MovieMakerCore/StoryboardManager/Theme/ThemeStructure.cpp')
  
C:\Users\mcmco\Desktop\WMMR\src\MovieMakerCore\StoryboardManager\Theme\ThemeStructure.h(203,56): error C2238: unexpected token(s) preceding ';' [C:\Users\mcmco\Desktop\WMMR\build\src\MovieMakerCore\MovieMakerCore.vcxproj]
  (compiling source file '../../../src/MovieMakerCore/StoryboardManager/Theme/ThemeStructure.cpp')
  
C:\Users\mcmco\Desktop\WMMR\src\MovieMakerCore\StoryboardManager\Theme\ThemeStructure.h(204,31): error C2061: syntax error: identifier 'ThemeTransition' [C:\Users\mcmco\Desktop\WMMR\build\src\MovieMakerCore\MovieMakerCore.vcxproj]
  (compiling source file '../../../src/MovieMakerCore/StoryboardManager/Theme/ThemeStructure.cpp')
  
C:\Users\mcmco\Desktop\WMMR\src\MovieMakerCore\StoryboardManager\Theme\ThemeStructure.h(406,25): warning C4251: 'StoryboardManager::ThemeTitle::m_strText': 'ATL::CStringT<wchar_t,ATL::StrTraitATL<wchar_t,ATL::ChTraitsCRT<wchar_t>>>' needs to have dll-interface to be used by clients of 'StoryboardManager::ThemeTitle' [C:\Users\mcmco\Desktop\WMMR\build\src\MovieMakerCore\MovieMakerCore.vcxproj]
  (compiling source file '../../../src/MovieMakerCore/StoryboardManager/Theme/Theme.cpp')
      C:\Program Files (x86)\Microsoft Visual Studio\2022\BuildTools\VC\Tools\MSVC\14.44.35207\atlmfc\include\cstringt.h(999,7):
      see declaration of 'ATL::CStringT<wchar_t,ATL::StrTraitATL<wchar_t,ATL::ChTraitsCRT<wchar_t>>>'
  
C:\Users\mcmco\Desktop\WMMR\src\MovieMakerCore\StoryboardManager\Theme\ThemeStructure.h(407,25): warning C4251: 'StoryboardManager::ThemeTitle::m_strFontFamily': 'ATL::CStringT<wchar_t,ATL::StrTraitATL<wchar_t,ATL::ChTraitsCRT<wchar_t>>>' needs to have dll-interface to be used by clients of 'StoryboardManager::ThemeTitle' [C:\Users\mcmco\Desktop\WMMR\build\src\MovieMakerCore\MovieMakerCore.vcxproj]
  (compiling source file '../../../src/MovieMakerCore/StoryboardManager/Theme/Theme.cpp')
      C:\Program Files (x86)\Microsoft Visual Studio\2022\BuildTools\VC\Tools\MSVC\14.44.35207\atlmfc\include\cstringt.h(999,7):
      see declaration of 'ATL::CStringT<wchar_t,ATL::StrTraitATL<wchar_t,ATL::ChTraitsCRT<wchar_t>>>'
  
C:\Users\mcmco\Desktop\WMMR\src\WLXPhotoBase\BaseTypes.h(536,18): warning C4251: 'Base::File::m_strPath': 'ATL::CStringT<wchar_t,ATL::StrTraitATL<wchar_t,ATL::ChTraitsCRT<wchar_t>>>' needs to have dll-interface to be used by clients of 'Base::File' [C:\Users\mcmco\Desktop\WMMR\build\src\MovieMakerCore\MovieMakerCore.vcxproj]
  (compiling source file '../../../src/MovieMakerCore/HMRAVSource/AVSource.cpp')
      C:\Program Files (x86)\Microsoft Visual Studio\2022\BuildTools\VC\Tools\MSVC\14.44.35207\atlmfc\include\cstringt.h(999,7):
      see declaration of 'ATL::CStringT<wchar_t,ATL::StrTraitATL<wchar_t,ATL::ChTraitsCRT<wchar_t>>>'
  
C:\Users\mcmco\Desktop\WMMR\src\MovieMakerCore\StoryboardManager\Theme\ThemeStructure.h(214,37): warning C4251: 'StoryboardManager::ThemeMid::m_arrTracks': 'ATL::CAtlArray<StoryboardManager::ThemeTrack *,ATL::CElementTraits<E>>' needs to have dll-interface to be used by clients of 'StoryboardManager::ThemeMid' [C:\Users\mcmco\Desktop\WMMR\build\src\MovieMakerCore\MovieMakerCore.vcxproj]
C:\Users\mcmco\Desktop\WMMR\src\MovieMakerCore\StoryboardManager\Theme\ThemeStructure.h(214,37): warning C4251:         with [C:\Users\mcmco\Desktop\WMMR\build\src\MovieMakerCore\MovieMakerCore.vcxproj]
C:\Users\mcmco\Desktop\WMMR\src\MovieMakerCore\StoryboardManager\Theme\ThemeStructure.h(214,37): warning C4251:         [ [C:\Users\mcmco\Desktop\WMMR\build\src\MovieMakerCore\MovieMakerCore.vcxproj]
C:\Users\mcmco\Desktop\WMMR\src\MovieMakerCore\StoryboardManager\Theme\ThemeStructure.h(214,37): warning C4251:             E=StoryboardManager::ThemeTrack * [C:\Users\mcmco\Desktop\WMMR\build\src\MovieMakerCore\MovieMakerCore.vcxproj]
C:\Users\mcmco\Desktop\WMMR\src\MovieMakerCore\StoryboardManager\Theme\ThemeStructure.h(214,37): warning C4251:         ] [C:\Users\mcmco\Desktop\WMMR\build\src\MovieMakerCore\MovieMakerCore.vcxproj]
  (compiling source file '../../../src/MovieMakerCore/StoryboardManager/Theme/ThemeStructure.cpp')
      C:\Program Files (x86)\Microsoft Visual Studio\2022\BuildTools\VC\Tools\MSVC\14.44.35207\atlmfc\include\atlcoll.h(530,7):
      see declaration of 'ATL::CAtlArray<StoryboardManager::ThemeTrack *,ATL::CElementTraits<E>>'
          with
          [
              E=StoryboardManager::ThemeTrack *
          ]
  
C:\Users\mcmco\Desktop\WMMR\src\MovieMakerCore\StoryboardManager\Theme\ThemeStructure.h(215,24): error C2143: syntax error: missing ';' before '*' [C:\Users\mcmco\Desktop\WMMR\build\src\MovieMakerCore\MovieMakerCore.vcxproj]
  (compiling source file '../../../src/MovieMakerCore/StoryboardManager/Theme/ThemeStructure.cpp')
  
C:\Users\mcmco\Desktop\WMMR\src\MovieMakerCore\StoryboardManager\Theme\ThemeStructure.h(215,5): error C4430: missing type specifier - int assumed. Note: C++ does not support default-int [C:\Users\mcmco\Desktop\WMMR\build\src\MovieMakerCore\MovieMakerCore.vcxproj]
  (compiling source file '../../../src/MovieMakerCore/StoryboardManager/Theme/ThemeStructure.cpp')
  
C:\Users\mcmco\Desktop\WMMR\src\WLXPhotoBase\BaseTypes.h(568,18): warning C4251: 'Base::TempFile::m_strPath': 'ATL::CStringT<wchar_t,ATL::StrTraitATL<wchar_t,ATL::ChTraitsCRT<wchar_t>>>' needs to have dll-interface to be used by clients of 'Base::TempFile' [C:\Users\mcmco\Desktop\WMMR\build\src\MovieMakerCore\MovieMakerCore.vcxproj]
  (compiling source file '../../../src/MovieMakerCore/HMRAVSource/AVSource.cpp')
      C:\Program Files (x86)\Microsoft Visual Studio\2022\BuildTools\VC\Tools\MSVC\14.44.35207\atlmfc\include\cstringt.h(999,7):
      see declaration of 'ATL::CStringT<wchar_t,ATL::StrTraitATL<wchar_t,ATL::ChTraitsCRT<wchar_t>>>'
  
C:\Users\mcmco\Desktop\WMMR\src\MovieMakerCore\StoryboardManager\Theme\ThemeStructure.h(215,61): error C2238: unexpected token(s) preceding ';' [C:\Users\mcmco\Desktop\WMMR\build\src\MovieMakerCore\MovieMakerCore.vcxproj]
  (compiling source file '../../../src/MovieMakerCore/StoryboardManager/Theme/ThemeStructure.cpp')
  
C:\Users\mcmco\Desktop\WMMR\src\MovieMakerCore\StoryboardManager\Theme\ThemeStructure.h(216,20): error C2143: syntax error: missing ';' before '*' [C:\Users\mcmco\Desktop\WMMR\build\src\MovieMakerCore\MovieMakerCore.vcxproj]
  (compiling source file '../../../src/MovieMakerCore/StoryboardManager/Theme/ThemeStructure.cpp')
  
C:\Users\mcmco\Desktop\WMMR\src\MovieMakerCore\StoryboardManager\Theme\ThemeStructure.h(216,5): error C4430: missing type specifier - int assumed. Note: C++ does not support default-int [C:\Users\mcmco\Desktop\WMMR\build\src\MovieMakerCore\MovieMakerCore.vcxproj]
  (compiling source file '../../../src/MovieMakerCore/StoryboardManager/Theme/ThemeStructure.cpp')
  
C:\Users\mcmco\Desktop\WMMR\src\MovieMakerCore\StoryboardManager\Theme\ThemeStructure.h(216,57): error C2238: unexpected token(s) preceding ';' [C:\Users\mcmco\Desktop\WMMR\build\src\MovieMakerCore\MovieMakerCore.vcxproj]
  (compiling source file '../../../src/MovieMakerCore/StoryboardManager/Theme/ThemeStructure.cpp')
  
C:\Users\mcmco\Desktop\WMMR\src\MovieMakerCore\StoryboardManager\Theme\ThemeStructure.h(458,31): warning C4251: 'StoryboardManager::ThemeComplexTitle::m_arrLines': 'ATL::CAtlArray<StoryboardManager::ThemeComplexTitle::TitleLine,ATL::CElementTraits<E>>' needs to have dll-interface to be used by clients of 'StoryboardManager::ThemeComplexTitle' [C:\Users\mcmco\Desktop\WMMR\build\src\MovieMakerCore\MovieMakerCore.vcxproj]
C:\Users\mcmco\Desktop\WMMR\src\MovieMakerCore\StoryboardManager\Theme\ThemeStructure.h(458,31): warning C4251:         with [C:\Users\mcmco\Desktop\WMMR\build\src\MovieMakerCore\MovieMakerCore.vcxproj]
C:\Users\mcmco\Desktop\WMMR\src\MovieMakerCore\StoryboardManager\Theme\ThemeStructure.h(458,31): warning C4251:         [ [C:\Users\mcmco\Desktop\WMMR\build\src\MovieMakerCore\MovieMakerCore.vcxproj]
C:\Users\mcmco\Desktop\WMMR\src\MovieMakerCore\StoryboardManager\Theme\ThemeStructure.h(458,31): warning C4251:             E=StoryboardManager::ThemeComplexTitle::TitleLine [C:\Users\mcmco\Desktop\WMMR\build\src\MovieMakerCore\MovieMakerCore.vcxproj]
C:\Users\mcmco\Desktop\WMMR\src\MovieMakerCore\StoryboardManager\Theme\ThemeStructure.h(458,31): warning C4251:         ] [C:\Users\mcmco\Desktop\WMMR\build\src\MovieMakerCore\MovieMakerCore.vcxproj]
  (compiling source file '../../../src/MovieMakerCore/StoryboardManager/Theme/Theme.cpp')
      C:\Program Files (x86)\Microsoft Visual Studio\2022\BuildTools\VC\Tools\MSVC\14.44.35207\atlmfc\include\atlcoll.h(530,7):
      see declaration of 'ATL::CAtlArray<StoryboardManager::ThemeComplexTitle::TitleLine,ATL::CElementTraits<E>>'
          with
          [
              E=StoryboardManager::ThemeComplexTitle::TitleLine
          ]
  
C:\Users\mcmco\Desktop\WMMR\src\WLXPhotoBase\BaseTypes.h(661,21): warning C4251: 'Base::FindFile::m_strDirectory': 'ATL::CStringT<wchar_t,ATL::StrTraitATL<wchar_t,ATL::ChTraitsCRT<wchar_t>>>' needs to have dll-interface to be used by clients of 'Base::FindFile' [C:\Users\mcmco\Desktop\WMMR\build\src\MovieMakerCore\MovieMakerCore.vcxproj]
  (compiling source file '../../../src/MovieMakerCore/HMRAVSource/AVSource.cpp')
      C:\Program Files (x86)\Microsoft Visual Studio\2022\BuildTools\VC\Tools\MSVC\14.44.35207\atlmfc\include\cstringt.h(999,7):
      see declaration of 'ATL::CStringT<wchar_t,ATL::StrTraitATL<wchar_t,ATL::ChTraitsCRT<wchar_t>>>'
  
C:\Users\mcmco\Desktop\WMMR\src\MovieMakerCore\StoryboardManager\Theme\ThemeStructure.h(525,21): warning C4251: 'StoryboardManager::ThemeTrack::m_strId': 'ATL::CStringT<wchar_t,ATL::StrTraitATL<wchar_t,ATL::ChTraitsCRT<wchar_t>>>' needs to have dll-interface to be used by clients of 'StoryboardManager::ThemeTrack' [C:\Users\mcmco\Desktop\WMMR\build\src\MovieMakerCore\MovieMakerCore.vcxproj]
  (compiling source file '../../../src/MovieMakerCore/StoryboardManager/Theme/Theme.cpp')
      C:\Program Files (x86)\Microsoft Visual Studio\2022\BuildTools\VC\Tools\MSVC\14.44.35207\atlmfc\include\cstringt.h(999,7):
      see declaration of 'ATL::CStringT<wchar_t,ATL::StrTraitATL<wchar_t,ATL::ChTraitsCRT<wchar_t>>>'
  
C:\Users\mcmco\Desktop\WMMR\src\MovieMakerCore\StoryboardManager\Theme\ThemeStructure.h(302,39): warning C4251: 'StoryboardManager::ComplexIntro::m_arrLayers': 'ATL::CAtlArray<StoryboardManager::ThemeComplexType *,ATL::CElementTraits<E>>' needs to have dll-interface to be used by clients of 'StoryboardManager::ComplexIntro' [C:\Users\mcmco\Desktop\WMMR\build\src\MovieMakerCore\MovieMakerCore.vcxproj]
C:\Users\mcmco\Desktop\WMMR\src\MovieMakerCore\StoryboardManager\Theme\ThemeStructure.h(302,39): warning C4251:         with [C:\Users\mcmco\Desktop\WMMR\build\src\MovieMakerCore\MovieMakerCore.vcxproj]
C:\Users\mcmco\Desktop\WMMR\src\MovieMakerCore\StoryboardManager\Theme\ThemeStructure.h(302,39): warning C4251:         [ [C:\Users\mcmco\Desktop\WMMR\build\src\MovieMakerCore\MovieMakerCore.vcxproj]
C:\Users\mcmco\Desktop\WMMR\src\MovieMakerCore\StoryboardManager\Theme\ThemeStructure.h(302,39): warning C4251:             E=StoryboardManager::ThemeComplexType * [C:\Users\mcmco\Desktop\WMMR\build\src\MovieMakerCore\MovieMakerCore.vcxproj]
C:\Users\mcmco\Desktop\WMMR\src\MovieMakerCore\StoryboardManager\Theme\ThemeStructure.h(302,39): warning C4251:         ] [C:\Users\mcmco\Desktop\WMMR\build\src\MovieMakerCore\MovieMakerCore.vcxproj]
  (compiling source file '../../../src/MovieMakerCore/StoryboardManager/Theme/ThemeStructure.cpp')
      C:\Program Files (x86)\Microsoft Visual Studio\2022\BuildTools\VC\Tools\MSVC\14.44.35207\atlmfc\include\atlcoll.h(530,7):
      see declaration of 'ATL::CAtlArray<StoryboardManager::ThemeComplexType *,ATL::CElementTraits<E>>'
          with
          [
              E=StoryboardManager::ThemeComplexType *
          ]
  
C:\Users\mcmco\Desktop\WMMR\src\MovieMakerCore\StoryboardManager\Theme\ThemeStructure.h(526,21): warning C4251: 'StoryboardManager::ThemeTrack::m_strName': 'ATL::CStringT<wchar_t,ATL::StrTraitATL<wchar_t,ATL::ChTraitsCRT<wchar_t>>>' needs to have dll-interface to be used by clients of 'StoryboardManager::ThemeTrack' [C:\Users\mcmco\Desktop\WMMR\build\src\MovieMakerCore\MovieMakerCore.vcxproj]
  (compiling source file '../../../src/MovieMakerCore/StoryboardManager/Theme/Theme.cpp')
      C:\Program Files (x86)\Microsoft Visual Studio\2022\BuildTools\VC\Tools\MSVC\14.44.35207\atlmfc\include\cstringt.h(999,7):
      see declaration of 'ATL::CStringT<wchar_t,ATL::StrTraitATL<wchar_t,ATL::ChTraitsCRT<wchar_t>>>'
  
C:\Users\mcmco\Desktop\WMMR\src\WLXPhotoBase\BaseTypes.h(724,25): warning C4251: 'Base::IntSet::m_values': 'ATL::CAtlArray<int,ATL::CElementTraits<int>>' needs to have dll-interface to be used by clients of 'Base::IntSet' [C:\Users\mcmco\Desktop\WMMR\build\src\MovieMakerCore\MovieMakerCore.vcxproj]
  (compiling source file '../../../src/MovieMakerCore/HMRAVSource/AVSource.cpp')
      C:\Program Files (x86)\Microsoft Visual Studio\2022\BuildTools\VC\Tools\MSVC\14.44.35207\atlmfc\include\atlcoll.h(530,7):
      see declaration of 'ATL::CAtlArray<int,ATL::CElementTraits<int>>'
  
C:\Users\mcmco\Desktop\WMMR\src\MovieMakerCore\StoryboardManager\Theme\ThemeStructure.h(528,39): warning C4251: 'StoryboardManager::ThemeTrack::m_arrElements': 'ATL::CAtlArray<StoryboardManager::ThemeComplexType *,ATL::CElementTraits<E>>' needs to have dll-interface to be used by clients of 'StoryboardManager::ThemeTrack' [C:\Users\mcmco\Desktop\WMMR\build\src\MovieMakerCore\MovieMakerCore.vcxproj]
C:\Users\mcmco\Desktop\WMMR\src\MovieMakerCore\StoryboardManager\Theme\ThemeStructure.h(528,39): warning C4251:         with [C:\Users\mcmco\Desktop\WMMR\build\src\MovieMakerCore\MovieMakerCore.vcxproj]
C:\Users\mcmco\Desktop\WMMR\src\MovieMakerCore\StoryboardManager\Theme\ThemeStructure.h(528,39): warning C4251:         [ [C:\Users\mcmco\Desktop\WMMR\build\src\MovieMakerCore\MovieMakerCore.vcxproj]
C:\Users\mcmco\Desktop\WMMR\src\MovieMakerCore\StoryboardManager\Theme\ThemeStructure.h(528,39): warning C4251:             E=StoryboardManager::ThemeComplexType * [C:\Users\mcmco\Desktop\WMMR\build\src\MovieMakerCore\MovieMakerCore.vcxproj]
C:\Users\mcmco\Desktop\WMMR\src\MovieMakerCore\StoryboardManager\Theme\ThemeStructure.h(528,39): warning C4251:         ] [C:\Users\mcmco\Desktop\WMMR\build\src\MovieMakerCore\MovieMakerCore.vcxproj]
  (compiling source file '../../../src/MovieMakerCore/StoryboardManager/Theme/Theme.cpp')
      C:\Program Files (x86)\Microsoft Visual Studio\2022\BuildTools\VC\Tools\MSVC\14.44.35207\atlmfc\include\atlcoll.h(530,7):
      see declaration of 'ATL::CAtlArray<StoryboardManager::ThemeComplexType *,ATL::CElementTraits<E>>'
          with
          [
              E=StoryboardManager::ThemeComplexType *
          ]
  
C:\Users\mcmco\Desktop\WMMR\src\MovieMakerCore\StoryboardManager\Theme\ThemeStructure.h(303,39): warning C4251: 'StoryboardManager::ComplexIntro::m_arrEntranceEffects': 'ATL::CAtlArray<StoryboardManager::ThemeEffect *,ATL::CElementTraits<E>>' needs to have dll-interface to be used by clients of 'StoryboardManager::ComplexIntro' [C:\Users\mcmco\Desktop\WMMR\build\src\MovieMakerCore\MovieMakerCore.vcxproj]
C:\Users\mcmco\Desktop\WMMR\src\MovieMakerCore\StoryboardManager\Theme\ThemeStructure.h(303,39): warning C4251:         with [C:\Users\mcmco\Desktop\WMMR\build\src\MovieMakerCore\MovieMakerCore.vcxproj]
C:\Users\mcmco\Desktop\WMMR\src\MovieMakerCore\StoryboardManager\Theme\ThemeStructure.h(303,39): warning C4251:         [ [C:\Users\mcmco\Desktop\WMMR\build\src\MovieMakerCore\MovieMakerCore.vcxproj]
C:\Users\mcmco\Desktop\WMMR\src\MovieMakerCore\StoryboardManager\Theme\ThemeStructure.h(303,39): warning C4251:             E=StoryboardManager::ThemeEffect * [C:\Users\mcmco\Desktop\WMMR\build\src\MovieMakerCore\MovieMakerCore.vcxproj]
C:\Users\mcmco\Desktop\WMMR\src\MovieMakerCore\StoryboardManager\Theme\ThemeStructure.h(303,39): warning C4251:         ] [C:\Users\mcmco\Desktop\WMMR\build\src\MovieMakerCore\MovieMakerCore.vcxproj]
  (compiling source file '../../../src/MovieMakerCore/StoryboardManager/Theme/ThemeStructure.cpp')
      C:\Program Files (x86)\Microsoft Visual Studio\2022\BuildTools\VC\Tools\MSVC\14.44.35207\atlmfc\include\atlcoll.h(530,7):
      see declaration of 'ATL::CAtlArray<StoryboardManager::ThemeEffect *,ATL::CElementTraits<E>>'
          with
          [
              E=StoryboardManager::ThemeEffect *
          ]
  
C:\Users\mcmco\Desktop\WMMR\src\MovieMakerCore\StoryboardManager\Theme\ThemeStructure.h(582,21): warning C4251: 'StoryboardManager::ThemeDependentTrack::m_strDependsOnTrackId': 'ATL::CStringT<wchar_t,ATL::StrTraitATL<wchar_t,ATL::ChTraitsCRT<wchar_t>>>' needs to have dll-interface to be used by clients of 'StoryboardManager::ThemeDependentTrack' [C:\Users\mcmco\Desktop\WMMR\build\src\MovieMakerCore\MovieMakerCore.vcxproj]
  (compiling source file '../../../src/MovieMakerCore/StoryboardManager/Theme/Theme.cpp')
      C:\Program Files (x86)\Microsoft Visual Studio\2022\BuildTools\VC\Tools\MSVC\14.44.35207\atlmfc\include\cstringt.h(999,7):
      see declaration of 'ATL::CStringT<wchar_t,ATL::StrTraitATL<wchar_t,ATL::ChTraitsCRT<wchar_t>>>'
  
C:\Users\mcmco\Desktop\WMMR\src\MovieMakerCore\StoryboardManager\Theme\ThemeStructure.h(325,21): warning C4251: 'StoryboardManager::SimpleIntro::m_strOverlayText': 'ATL::CStringT<wchar_t,ATL::StrTraitATL<wchar_t,ATL::ChTraitsCRT<wchar_t>>>' needs to have dll-interface to be used by clients of 'StoryboardManager::SimpleIntro' [C:\Users\mcmco\Desktop\WMMR\build\src\MovieMakerCore\MovieMakerCore.vcxproj]
  (compiling source file '../../../src/MovieMakerCore/StoryboardManager/Theme/ThemeStructure.cpp')
      C:\Program Files (x86)\Microsoft Visual Studio\2022\BuildTools\VC\Tools\MSVC\14.44.35207\atlmfc\include\cstringt.h(999,7):
      see declaration of 'ATL::CStringT<wchar_t,ATL::StrTraitATL<wchar_t,ATL::ChTraitsCRT<wchar_t>>>'
  
C:\Users\mcmco\Desktop\WMMR\src\MovieMakerCore\StoryboardManager\Theme\ThemeStructure.h(617,21): warning C4251: 'StoryboardManager::ThemeSimpleElement::m_strMediaSocketId': 'ATL::CStringT<wchar_t,ATL::StrTraitATL<wchar_t,ATL::ChTraitsCRT<wchar_t>>>' needs to have dll-interface to be used by clients of 'StoryboardManager::ThemeSimpleElement' [C:\Users\mcmco\Desktop\WMMR\build\src\MovieMakerCore\MovieMakerCore.vcxproj]
  (compiling source file '../../../src/MovieMakerCore/StoryboardManager/Theme/Theme.cpp')
      C:\Program Files (x86)\Microsoft Visual Studio\2022\BuildTools\VC\Tools\MSVC\14.44.35207\atlmfc\include\cstringt.h(999,7):
      see declaration of 'ATL::CStringT<wchar_t,ATL::StrTraitATL<wchar_t,ATL::ChTraitsCRT<wchar_t>>>'
  
C:\Users\mcmco\Desktop\WMMR\src\MovieMakerCore\StoryboardManager\Theme\ThemeStructure.h(406,25): warning C4251: 'StoryboardManager::ThemeTitle::m_strText': 'ATL::CStringT<wchar_t,ATL::StrTraitATL<wchar_t,ATL::ChTraitsCRT<wchar_t>>>' needs to have dll-interface to be used by clients of 'StoryboardManager::ThemeTitle' [C:\Users\mcmco\Desktop\WMMR\build\src\MovieMakerCore\MovieMakerCore.vcxproj]
  (compiling source file '../../../src/MovieMakerCore/StoryboardManager/Theme/ThemeStructure.cpp')
      C:\Program Files (x86)\Microsoft Visual Studio\2022\BuildTools\VC\Tools\MSVC\14.44.35207\atlmfc\include\cstringt.h(999,7):
      see declaration of 'ATL::CStringT<wchar_t,ATL::StrTraitATL<wchar_t,ATL::ChTraitsCRT<wchar_t>>>'
  
C:\Users\mcmco\Desktop\WMMR\src\MovieMakerCore\StoryboardManager\Theme\ThemeStructure.h(657,21): warning C4251: 'StoryboardManager::ThemeInterior::m_strBackgroundModelPath': 'ATL::CStringT<wchar_t,ATL::StrTraitATL<wchar_t,ATL::ChTraitsCRT<wchar_t>>>' needs to have dll-interface to be used by clients of 'StoryboardManager::ThemeInterior' [C:\Users\mcmco\Desktop\WMMR\build\src\MovieMakerCore\MovieMakerCore.vcxproj]
  (compiling source file '../../../src/MovieMakerCore/StoryboardManager/Theme/Theme.cpp')
      C:\Program Files (x86)\Microsoft Visual Studio\2022\BuildTools\VC\Tools\MSVC\14.44.35207\atlmfc\include\cstringt.h(999,7):
      see declaration of 'ATL::CStringT<wchar_t,ATL::StrTraitATL<wchar_t,ATL::ChTraitsCRT<wchar_t>>>'
  
C:\Users\mcmco\Desktop\WMMR\src\MovieMakerCore\StoryboardManager\Theme\ThemeStructure.h(407,25): warning C4251: 'StoryboardManager::ThemeTitle::m_strFontFamily': 'ATL::CStringT<wchar_t,ATL::StrTraitATL<wchar_t,ATL::ChTraitsCRT<wchar_t>>>' needs to have dll-interface to be used by clients of 'StoryboardManager::ThemeTitle' [C:\Users\mcmco\Desktop\WMMR\build\src\MovieMakerCore\MovieMakerCore.vcxproj]
  (compiling source file '../../../src/MovieMakerCore/StoryboardManager/Theme/ThemeStructure.cpp')
      C:\Program Files (x86)\Microsoft Visual Studio\2022\BuildTools\VC\Tools\MSVC\14.44.35207\atlmfc\include\cstringt.h(999,7):
      see declaration of 'ATL::CStringT<wchar_t,ATL::StrTraitATL<wchar_t,ATL::ChTraitsCRT<wchar_t>>>'
  
C:\Users\mcmco\Desktop\WMMR\src\MovieMakerCore\StoryboardManager\Theme\ThemeStructure.h(658,41): warning C4251: 'StoryboardManager::ThemeInterior::m_arrDecorations': 'ATL::CAtlArray<StoryboardManager::ThemeSimpleElement *,ATL::CElementTraits<E>>' needs to have dll-interface to be used by clients of 'StoryboardManager::ThemeInterior' [C:\Users\mcmco\Desktop\WMMR\build\src\MovieMakerCore\MovieMakerCore.vcxproj]
C:\Users\mcmco\Desktop\WMMR\src\MovieMakerCore\StoryboardManager\Theme\ThemeStructure.h(658,41): warning C4251:         with [C:\Users\mcmco\Desktop\WMMR\build\src\MovieMakerCore\MovieMakerCore.vcxproj]
C:\Users\mcmco\Desktop\WMMR\src\MovieMakerCore\StoryboardManager\Theme\ThemeStructure.h(658,41): warning C4251:         [ [C:\Users\mcmco\Desktop\WMMR\build\src\MovieMakerCore\MovieMakerCore.vcxproj]
C:\Users\mcmco\Desktop\WMMR\src\MovieMakerCore\StoryboardManager\Theme\ThemeStructure.h(658,41): warning C4251:             E=StoryboardManager::ThemeSimpleElement * [C:\Users\mcmco\Desktop\WMMR\build\src\MovieMakerCore\MovieMakerCore.vcxproj]
C:\Users\mcmco\Desktop\WMMR\src\MovieMakerCore\StoryboardManager\Theme\ThemeStructure.h(658,41): warning C4251:         ] [C:\Users\mcmco\Desktop\WMMR\build\src\MovieMakerCore\MovieMakerCore.vcxproj]
  (compiling source file '../../../src/MovieMakerCore/StoryboardManager/Theme/Theme.cpp')
      C:\Program Files (x86)\Microsoft Visual Studio\2022\BuildTools\VC\Tools\MSVC\14.44.35207\atlmfc\include\atlcoll.h(530,7):
      see declaration of 'ATL::CAtlArray<StoryboardManager::ThemeSimpleElement *,ATL::CElementTraits<E>>'
          with
          [
              E=StoryboardManager::ThemeSimpleElement *
          ]
  
C:\Users\mcmco\Desktop\WMMR\src\MovieMakerCore\StoryboardManager\Theme\ThemeStructure.h(458,31): warning C4251: 'StoryboardManager::ThemeComplexTitle::m_arrLines': 'ATL::CAtlArray<StoryboardManager::ThemeComplexTitle::TitleLine,ATL::CElementTraits<E>>' needs to have dll-interface to be used by clients of 'StoryboardManager::ThemeComplexTitle' [C:\Users\mcmco\Desktop\WMMR\build\src\MovieMakerCore\MovieMakerCore.vcxproj]
C:\Users\mcmco\Desktop\WMMR\src\MovieMakerCore\StoryboardManager\Theme\ThemeStructure.h(458,31): warning C4251:         with [C:\Users\mcmco\Desktop\WMMR\build\src\MovieMakerCore\MovieMakerCore.vcxproj]
C:\Users\mcmco\Desktop\WMMR\src\MovieMakerCore\StoryboardManager\Theme\ThemeStructure.h(458,31): warning C4251:         [ [C:\Users\mcmco\Desktop\WMMR\build\src\MovieMakerCore\MovieMakerCore.vcxproj]
C:\Users\mcmco\Desktop\WMMR\src\MovieMakerCore\StoryboardManager\Theme\ThemeStructure.h(458,31): warning C4251:             E=StoryboardManager::ThemeComplexTitle::TitleLine [C:\Users\mcmco\Desktop\WMMR\build\src\MovieMakerCore\MovieMakerCore.vcxproj]
C:\Users\mcmco\Desktop\WMMR\src\MovieMakerCore\StoryboardManager\Theme\ThemeStructure.h(458,31): warning C4251:         ] [C:\Users\mcmco\Desktop\WMMR\build\src\MovieMakerCore\MovieMakerCore.vcxproj]
  (compiling source file '../../../src/MovieMakerCore/StoryboardManager/Theme/ThemeStructure.cpp')
      C:\Program Files (x86)\Microsoft Visual Studio\2022\BuildTools\VC\Tools\MSVC\14.44.35207\atlmfc\include\atlcoll.h(530,7):
      see declaration of 'ATL::CAtlArray<StoryboardManager::ThemeComplexTitle::TitleLine,ATL::CElementTraits<E>>'
          with
          [
              E=StoryboardManager::ThemeComplexTitle::TitleLine
          ]
  
  StreamSink.cpp
C:\Users\mcmco\Desktop\WMMR\src\MovieMakerCore\StoryboardManager\Theme\ThemeStructure.h(708,33): warning C4251: 'StoryboardManager::ThemeTransition::m_strId': 'ATL::CStringT<wchar_t,ATL::StrTraitATL<wchar_t,ATL::ChTraitsCRT<wchar_t>>>' needs to have dll-interface to be used by clients of 'StoryboardManager::ThemeTransition' [C:\Users\mcmco\Desktop\WMMR\build\src\MovieMakerCore\MovieMakerCore.vcxproj]
  (compiling source file '../../../src/MovieMakerCore/StoryboardManager/Theme/Theme.cpp')
      C:\Program Files (x86)\Microsoft Visual Studio\2022\BuildTools\VC\Tools\MSVC\14.44.35207\atlmfc\include\cstringt.h(999,7):
      see declaration of 'ATL::CStringT<wchar_t,ATL::StrTraitATL<wchar_t,ATL::ChTraitsCRT<wchar_t>>>'
  
C:\Users\mcmco\Desktop\WMMR\src\MovieMakerCore\StoryboardManager\Theme\ThemeStructure.h(709,33): warning C4251: 'StoryboardManager::ThemeTransition::m_strName': 'ATL::CStringT<wchar_t,ATL::StrTraitATL<wchar_t,ATL::ChTraitsCRT<wchar_t>>>' needs to have dll-interface to be used by clients of 'StoryboardManager::ThemeTransition' [C:\Users\mcmco\Desktop\WMMR\build\src\MovieMakerCore\MovieMakerCore.vcxproj]
  (compiling source file '../../../src/MovieMakerCore/StoryboardManager/Theme/Theme.cpp')
      C:\Program Files (x86)\Microsoft Visual Studio\2022\BuildTools\VC\Tools\MSVC\14.44.35207\atlmfc\include\cstringt.h(999,7):
      see declaration of 'ATL::CStringT<wchar_t,ATL::StrTraitATL<wchar_t,ATL::ChTraitsCRT<wchar_t>>>'
  
C:\Users\mcmco\Desktop\WMMR\src\MovieMakerCore\StoryboardManager\Theme\ThemeStructure.h(710,33): warning C4251: 'StoryboardManager::ThemeTransition::m_strClipName': 'ATL::CStringT<wchar_t,ATL::StrTraitATL<wchar_t,ATL::ChTraitsCRT<wchar_t>>>' needs to have dll-interface to be used by clients of 'StoryboardManager::ThemeTransition' [C:\Users\mcmco\Desktop\WMMR\build\src\MovieMakerCore\MovieMakerCore.vcxproj]
  (compiling source file '../../../src/MovieMakerCore/StoryboardManager/Theme/Theme.cpp')
      C:\Program Files (x86)\Microsoft Visual Studio\2022\BuildTools\VC\Tools\MSVC\14.44.35207\atlmfc\include\cstringt.h(999,7):
      see declaration of 'ATL::CStringT<wchar_t,ATL::StrTraitATL<wchar_t,ATL::ChTraitsCRT<wchar_t>>>'
  
C:\Users\mcmco\Desktop\WMMR\src\MovieMakerCore\StoryboardManager\Theme\ThemeStructure.h(525,21): warning C4251: 'StoryboardManager::ThemeTrack::m_strId': 'ATL::CStringT<wchar_t,ATL::StrTraitATL<wchar_t,ATL::ChTraitsCRT<wchar_t>>>' needs to have dll-interface to be used by clients of 'StoryboardManager::ThemeTrack' [C:\Users\mcmco\Desktop\WMMR\build\src\MovieMakerCore\MovieMakerCore.vcxproj]
  (compiling source file '../../../src/MovieMakerCore/StoryboardManager/Theme/ThemeStructure.cpp')
      C:\Program Files (x86)\Microsoft Visual Studio\2022\BuildTools\VC\Tools\MSVC\14.44.35207\atlmfc\include\cstringt.h(999,7):
      see declaration of 'ATL::CStringT<wchar_t,ATL::StrTraitATL<wchar_t,ATL::ChTraitsCRT<wchar_t>>>'
  
C:\Users\mcmco\Desktop\WMMR\src\MovieMakerCore\StoryboardManager\Theme\ThemeStructure.h(712,38): warning C4251: 'StoryboardManager::ThemeTransition::m_arrParameters': 'ATL::CAtlArray<StoryboardManager::TemplateProperty,ATL::CElementTraits<E>>' needs to have dll-interface to be used by clients of 'StoryboardManager::ThemeTransition' [C:\Users\mcmco\Desktop\WMMR\build\src\MovieMakerCore\MovieMakerCore.vcxproj]
C:\Users\mcmco\Desktop\WMMR\src\MovieMakerCore\StoryboardManager\Theme\ThemeStructure.h(712,38): warning C4251:         with [C:\Users\mcmco\Desktop\WMMR\build\src\MovieMakerCore\MovieMakerCore.vcxproj]
C:\Users\mcmco\Desktop\WMMR\src\MovieMakerCore\StoryboardManager\Theme\ThemeStructure.h(712,38): warning C4251:         [ [C:\Users\mcmco\Desktop\WMMR\build\src\MovieMakerCore\MovieMakerCore.vcxproj]
C:\Users\mcmco\Desktop\WMMR\src\MovieMakerCore\StoryboardManager\Theme\ThemeStructure.h(712,38): warning C4251:             E=StoryboardManager::TemplateProperty [C:\Users\mcmco\Desktop\WMMR\build\src\MovieMakerCore\MovieMakerCore.vcxproj]
C:\Users\mcmco\Desktop\WMMR\src\MovieMakerCore\StoryboardManager\Theme\ThemeStructure.h(712,38): warning C4251:         ] [C:\Users\mcmco\Desktop\WMMR\build\src\MovieMakerCore\MovieMakerCore.vcxproj]
  (compiling source file '../../../src/MovieMakerCore/StoryboardManager/Theme/Theme.cpp')
      C:\Program Files (x86)\Microsoft Visual Studio\2022\BuildTools\VC\Tools\MSVC\14.44.35207\atlmfc\include\atlcoll.h(530,7):
      see declaration of 'ATL::CAtlArray<StoryboardManager::TemplateProperty,ATL::CElementTraits<E>>'
          with
          [
              E=StoryboardManager::TemplateProperty
          ]
  
C:\Users\mcmco\Desktop\WMMR\src\MovieMakerCore\StoryboardManager\Theme\ThemeStructure.h(526,21): warning C4251: 'StoryboardManager::ThemeTrack::m_strName': 'ATL::CStringT<wchar_t,ATL::StrTraitATL<wchar_t,ATL::ChTraitsCRT<wchar_t>>>' needs to have dll-interface to be used by clients of 'StoryboardManager::ThemeTrack' [C:\Users\mcmco\Desktop\WMMR\build\src\MovieMakerCore\MovieMakerCore.vcxproj]
  (compiling source file '../../../src/MovieMakerCore/StoryboardManager/Theme/ThemeStructure.cpp')
      C:\Program Files (x86)\Microsoft Visual Studio\2022\BuildTools\VC\Tools\MSVC\14.44.35207\atlmfc\include\cstringt.h(999,7):
      see declaration of 'ATL::CStringT<wchar_t,ATL::StrTraitATL<wchar_t,ATL::ChTraitsCRT<wchar_t>>>'
  
C:\Users\mcmco\Desktop\WMMR\src\MovieMakerCore\StoryboardManager\Theme\ThemeStructure.h(528,39): warning C4251: 'StoryboardManager::ThemeTrack::m_arrElements': 'ATL::CAtlArray<StoryboardManager::ThemeComplexType *,ATL::CElementTraits<E>>' needs to have dll-interface to be used by clients of 'StoryboardManager::ThemeTrack' [C:\Users\mcmco\Desktop\WMMR\build\src\MovieMakerCore\MovieMakerCore.vcxproj]
C:\Users\mcmco\Desktop\WMMR\src\MovieMakerCore\StoryboardManager\Theme\ThemeStructure.h(528,39): warning C4251:         with [C:\Users\mcmco\Desktop\WMMR\build\src\MovieMakerCore\MovieMakerCore.vcxproj]
C:\Users\mcmco\Desktop\WMMR\src\MovieMakerCore\StoryboardManager\Theme\ThemeStructure.h(528,39): warning C4251:         [ [C:\Users\mcmco\Desktop\WMMR\build\src\MovieMakerCore\MovieMakerCore.vcxproj]
C:\Users\mcmco\Desktop\WMMR\src\MovieMakerCore\StoryboardManager\Theme\ThemeStructure.h(528,39): warning C4251:             E=StoryboardManager::ThemeComplexType * [C:\Users\mcmco\Desktop\WMMR\build\src\MovieMakerCore\MovieMakerCore.vcxproj]
C:\Users\mcmco\Desktop\WMMR\src\MovieMakerCore\StoryboardManager\Theme\ThemeStructure.h(528,39): warning C4251:         ] [C:\Users\mcmco\Desktop\WMMR\build\src\MovieMakerCore\MovieMakerCore.vcxproj]
  (compiling source file '../../../src/MovieMakerCore/StoryboardManager/Theme/ThemeStructure.cpp')
      C:\Program Files (x86)\Microsoft Visual Studio\2022\BuildTools\VC\Tools\MSVC\14.44.35207\atlmfc\include\atlcoll.h(530,7):
      see declaration of 'ATL::CAtlArray<StoryboardManager::ThemeComplexType *,ATL::CElementTraits<E>>'
          with
          [
              E=StoryboardManager::ThemeComplexType *
          ]
  
C:\Users\mcmco\Desktop\WMMR\src\MovieMakerCore\StoryboardManager\Theme\ThemeStructure.h(753,21): warning C4251: 'StoryboardManager::ThemeEffectTemplate::m_strId': 'ATL::CStringT<wchar_t,ATL::StrTraitATL<wchar_t,ATL::ChTraitsCRT<wchar_t>>>' needs to have dll-interface to be used by clients of 'StoryboardManager::ThemeEffectTemplate' [C:\Users\mcmco\Desktop\WMMR\build\src\MovieMakerCore\MovieMakerCore.vcxproj]
  (compiling source file '../../../src/MovieMakerCore/StoryboardManager/Theme/Theme.cpp')
      C:\Program Files (x86)\Microsoft Visual Studio\2022\BuildTools\VC\Tools\MSVC\14.44.35207\atlmfc\include\cstringt.h(999,7):
      see declaration of 'ATL::CStringT<wchar_t,ATL::StrTraitATL<wchar_t,ATL::ChTraitsCRT<wchar_t>>>'
  
C:\Users\mcmco\Desktop\WMMR\src\MovieMakerCore\StoryboardManager\Theme\ThemeStructure.h(754,21): warning C4251: 'StoryboardManager::ThemeEffectTemplate::m_strName': 'ATL::CStringT<wchar_t,ATL::StrTraitATL<wchar_t,ATL::ChTraitsCRT<wchar_t>>>' needs to have dll-interface to be used by clients of 'StoryboardManager::ThemeEffectTemplate' [C:\Users\mcmco\Desktop\WMMR\build\src\MovieMakerCore\MovieMakerCore.vcxproj]
  (compiling source file '../../../src/MovieMakerCore/StoryboardManager/Theme/Theme.cpp')
      C:\Program Files (x86)\Microsoft Visual Studio\2022\BuildTools\VC\Tools\MSVC\14.44.35207\atlmfc\include\cstringt.h(999,7):
      see declaration of 'ATL::CStringT<wchar_t,ATL::StrTraitATL<wchar_t,ATL::ChTraitsCRT<wchar_t>>>'
  
C:\Users\mcmco\Desktop\WMMR\src\MovieMakerCore\StoryboardManager\Theme\ThemeStructure.h(582,21): warning C4251: 'StoryboardManager::ThemeDependentTrack::m_strDependsOnTrackId': 'ATL::CStringT<wchar_t,ATL::StrTraitATL<wchar_t,ATL::ChTraitsCRT<wchar_t>>>' needs to have dll-interface to be used by clients of 'StoryboardManager::ThemeDependentTrack' [C:\Users\mcmco\Desktop\WMMR\build\src\MovieMakerCore\MovieMakerCore.vcxproj]
  (compiling source file '../../../src/MovieMakerCore/StoryboardManager/Theme/ThemeStructure.cpp')
      C:\Program Files (x86)\Microsoft Visual Studio\2022\BuildTools\VC\Tools\MSVC\14.44.35207\atlmfc\include\cstringt.h(999,7):
      see declaration of 'ATL::CStringT<wchar_t,ATL::StrTraitATL<wchar_t,ATL::ChTraitsCRT<wchar_t>>>'
  
C:\Users\mcmco\Desktop\WMMR\src\MovieMakerCore\StoryboardManager\Theme\ThemeStructure.h(755,34): warning C4251: 'StoryboardManager::ThemeEffectTemplate::m_arrEffects': 'ATL::CAtlArray<StoryboardManager::ThemeEffect *,ATL::CElementTraits<E>>' needs to have dll-interface to be used by clients of 'StoryboardManager::ThemeEffectTemplate' [C:\Users\mcmco\Desktop\WMMR\build\src\MovieMakerCore\MovieMakerCore.vcxproj]
C:\Users\mcmco\Desktop\WMMR\src\MovieMakerCore\StoryboardManager\Theme\ThemeStructure.h(755,34): warning C4251:         with [C:\Users\mcmco\Desktop\WMMR\build\src\MovieMakerCore\MovieMakerCore.vcxproj]
C:\Users\mcmco\Desktop\WMMR\src\MovieMakerCore\StoryboardManager\Theme\ThemeStructure.h(755,34): warning C4251:         [ [C:\Users\mcmco\Desktop\WMMR\build\src\MovieMakerCore\MovieMakerCore.vcxproj]
C:\Users\mcmco\Desktop\WMMR\src\MovieMakerCore\StoryboardManager\Theme\ThemeStructure.h(755,34): warning C4251:             E=StoryboardManager::ThemeEffect * [C:\Users\mcmco\Desktop\WMMR\build\src\MovieMakerCore\MovieMakerCore.vcxproj]
C:\Users\mcmco\Desktop\WMMR\src\MovieMakerCore\StoryboardManager\Theme\ThemeStructure.h(755,34): warning C4251:         ] [C:\Users\mcmco\Desktop\WMMR\build\src\MovieMakerCore\MovieMakerCore.vcxproj]
  (compiling source file '../../../src/MovieMakerCore/StoryboardManager/Theme/Theme.cpp')
      C:\Program Files (x86)\Microsoft Visual Studio\2022\BuildTools\VC\Tools\MSVC\14.44.35207\atlmfc\include\atlcoll.h(530,7):
      see declaration of 'ATL::CAtlArray<StoryboardManager::ThemeEffect *,ATL::CElementTraits<E>>'
          with
          [
              E=StoryboardManager::ThemeEffect *
          ]
  
C:\Users\mcmco\Desktop\WMMR\src\MovieMakerCore\StoryboardManager\Theme\ThemeStructure.h(787,21): warning C4251: 'StoryboardManager::ThemeFirstEffect::m_strEntryAnimation': 'ATL::CStringT<wchar_t,ATL::StrTraitATL<wchar_t,ATL::ChTraitsCRT<wchar_t>>>' needs to have dll-interface to be used by clients of 'StoryboardManager::ThemeFirstEffect' [C:\Users\mcmco\Desktop\WMMR\build\src\MovieMakerCore\MovieMakerCore.vcxproj]
  (compiling source file '../../../src/MovieMakerCore/StoryboardManager/Theme/Theme.cpp')
      C:\Program Files (x86)\Microsoft Visual Studio\2022\BuildTools\VC\Tools\MSVC\14.44.35207\atlmfc\include\cstringt.h(999,7):
      see declaration of 'ATL::CStringT<wchar_t,ATL::StrTraitATL<wchar_t,ATL::ChTraitsCRT<wchar_t>>>'
  
C:\Users\mcmco\Desktop\WMMR\src\MovieMakerCore\StoryboardManager\Theme\ThemeStructure.h(617,21): warning C4251: 'StoryboardManager::ThemeSimpleElement::m_strMediaSocketId': 'ATL::CStringT<wchar_t,ATL::StrTraitATL<wchar_t,ATL::ChTraitsCRT<wchar_t>>>' needs to have dll-interface to be used by clients of 'StoryboardManager::ThemeSimpleElement' [C:\Users\mcmco\Desktop\WMMR\build\src\MovieMakerCore\MovieMakerCore.vcxproj]
  (compiling source file '../../../src/MovieMakerCore/StoryboardManager/Theme/ThemeStructure.cpp')
      C:\Program Files (x86)\Microsoft Visual Studio\2022\BuildTools\VC\Tools\MSVC\14.44.35207\atlmfc\include\cstringt.h(999,7):
      see declaration of 'ATL::CStringT<wchar_t,ATL::StrTraitATL<wchar_t,ATL::ChTraitsCRT<wchar_t>>>'
  
C:\Users\mcmco\Desktop\WMMR\src\MovieMakerCore\StoryboardManager\Theme\ThemeStructure.h(812,21): warning C4251: 'StoryboardManager::ThemeLastEffect::m_strExitAnimation': 'ATL::CStringT<wchar_t,ATL::StrTraitATL<wchar_t,ATL::ChTraitsCRT<wchar_t>>>' needs to have dll-interface to be used by clients of 'StoryboardManager::ThemeLastEffect' [C:\Users\mcmco\Desktop\WMMR\build\src\MovieMakerCore\MovieMakerCore.vcxproj]
  (compiling source file '../../../src/MovieMakerCore/StoryboardManager/Theme/Theme.cpp')
      C:\Program Files (x86)\Microsoft Visual Studio\2022\BuildTools\VC\Tools\MSVC\14.44.35207\atlmfc\include\cstringt.h(999,7):
      see declaration of 'ATL::CStringT<wchar_t,ATL::StrTraitATL<wchar_t,ATL::ChTraitsCRT<wchar_t>>>'
  
C:\Users\mcmco\Desktop\WMMR\src\MovieMakerCore\StoryboardManager\Theme\ThemeStructure.h(657,21): warning C4251: 'StoryboardManager::ThemeInterior::m_strBackgroundModelPath': 'ATL::CStringT<wchar_t,ATL::StrTraitATL<wchar_t,ATL::ChTraitsCRT<wchar_t>>>' needs to have dll-interface to be used by clients of 'StoryboardManager::ThemeInterior' [C:\Users\mcmco\Desktop\WMMR\build\src\MovieMakerCore\MovieMakerCore.vcxproj]
  (compiling source file '../../../src/MovieMakerCore/StoryboardManager/Theme/ThemeStructure.cpp')
      C:\Program Files (x86)\Microsoft Visual Studio\2022\BuildTools\VC\Tools\MSVC\14.44.35207\atlmfc\include\cstringt.h(999,7):
      see declaration of 'ATL::CStringT<wchar_t,ATL::StrTraitATL<wchar_t,ATL::ChTraitsCRT<wchar_t>>>'
  
C:\Users\mcmco\Desktop\WMMR\src\MovieMakerCore\StoryboardManager\Theme\ThemeStructure.h(658,41): warning C4251: 'StoryboardManager::ThemeInterior::m_arrDecorations': 'ATL::CAtlArray<StoryboardManager::ThemeSimpleElement *,ATL::CElementTraits<E>>' needs to have dll-interface to be used by clients of 'StoryboardManager::ThemeInterior' [C:\Users\mcmco\Desktop\WMMR\build\src\MovieMakerCore\MovieMakerCore.vcxproj]
C:\Users\mcmco\Desktop\WMMR\src\MovieMakerCore\StoryboardManager\Theme\ThemeStructure.h(658,41): warning C4251:         with [C:\Users\mcmco\Desktop\WMMR\build\src\MovieMakerCore\MovieMakerCore.vcxproj]
C:\Users\mcmco\Desktop\WMMR\src\MovieMakerCore\StoryboardManager\Theme\ThemeStructure.h(658,41): warning C4251:         [ [C:\Users\mcmco\Desktop\WMMR\build\src\MovieMakerCore\MovieMakerCore.vcxproj]
C:\Users\mcmco\Desktop\WMMR\src\MovieMakerCore\StoryboardManager\Theme\ThemeStructure.h(658,41): warning C4251:             E=StoryboardManager::ThemeSimpleElement * [C:\Users\mcmco\Desktop\WMMR\build\src\MovieMakerCore\MovieMakerCore.vcxproj]
C:\Users\mcmco\Desktop\WMMR\src\MovieMakerCore\StoryboardManager\Theme\ThemeStructure.h(658,41): warning C4251:         ] [C:\Users\mcmco\Desktop\WMMR\build\src\MovieMakerCore\MovieMakerCore.vcxproj]
  (compiling source file '../../../src/MovieMakerCore/StoryboardManager/Theme/ThemeStructure.cpp')
      C:\Program Files (x86)\Microsoft Visual Studio\2022\BuildTools\VC\Tools\MSVC\14.44.35207\atlmfc\include\atlcoll.h(530,7):
      see declaration of 'ATL::CAtlArray<StoryboardManager::ThemeSimpleElement *,ATL::CElementTraits<E>>'
          with
          [
              E=StoryboardManager::ThemeSimpleElement *
          ]
  
C:\Users\mcmco\Desktop\WMMR\src\MovieMakerCore\StoryboardManager\Theme\ThemeStructure.h(910,33): warning C4251: 'StoryboardManager::SimpleEffect::m_arrParams': 'ATL::CAtlArray<StoryboardManager::SimpleEffect::EffectParam,ATL::CElementTraits<E>>' needs to have dll-interface to be used by clients of 'StoryboardManager::SimpleEffect' [C:\Users\mcmco\Desktop\WMMR\build\src\MovieMakerCore\MovieMakerCore.vcxproj]
C:\Users\mcmco\Desktop\WMMR\src\MovieMakerCore\StoryboardManager\Theme\ThemeStructure.h(910,33): warning C4251:         with [C:\Users\mcmco\Desktop\WMMR\build\src\MovieMakerCore\MovieMakerCore.vcxproj]
C:\Users\mcmco\Desktop\WMMR\src\MovieMakerCore\StoryboardManager\Theme\ThemeStructure.h(910,33): warning C4251:         [ [C:\Users\mcmco\Desktop\WMMR\build\src\MovieMakerCore\MovieMakerCore.vcxproj]
C:\Users\mcmco\Desktop\WMMR\src\MovieMakerCore\StoryboardManager\Theme\ThemeStructure.h(910,33): warning C4251:             E=StoryboardManager::SimpleEffect::EffectParam [C:\Users\mcmco\Desktop\WMMR\build\src\MovieMakerCore\MovieMakerCore.vcxproj]
C:\Users\mcmco\Desktop\WMMR\src\MovieMakerCore\StoryboardManager\Theme\ThemeStructure.h(910,33): warning C4251:         ] [C:\Users\mcmco\Desktop\WMMR\build\src\MovieMakerCore\MovieMakerCore.vcxproj]
  (compiling source file '../../../src/MovieMakerCore/StoryboardManager/Theme/Theme.cpp')
      C:\Program Files (x86)\Microsoft Visual Studio\2022\BuildTools\VC\Tools\MSVC\14.44.35207\atlmfc\include\atlcoll.h(530,7):
      see declaration of 'ATL::CAtlArray<StoryboardManager::SimpleEffect::EffectParam,ATL::CElementTraits<E>>'
          with
          [
              E=StoryboardManager::SimpleEffect::EffectParam
          ]
  
C:\Users\mcmco\Desktop\WMMR\src\MovieMakerCore\StoryboardManager\Theme\ThemeStructure.h(708,33): warning C4251: 'StoryboardManager::ThemeTransition::m_strId': 'ATL::CStringT<wchar_t,ATL::StrTraitATL<wchar_t,ATL::ChTraitsCRT<wchar_t>>>' needs to have dll-interface to be used by clients of 'StoryboardManager::ThemeTransition' [C:\Users\mcmco\Desktop\WMMR\build\src\MovieMakerCore\MovieMakerCore.vcxproj]
  (compiling source file '../../../src/MovieMakerCore/StoryboardManager/Theme/ThemeStructure.cpp')
      C:\Program Files (x86)\Microsoft Visual Studio\2022\BuildTools\VC\Tools\MSVC\14.44.35207\atlmfc\include\cstringt.h(999,7):
      see declaration of 'ATL::CStringT<wchar_t,ATL::StrTraitATL<wchar_t,ATL::ChTraitsCRT<wchar_t>>>'
  
C:\Users\mcmco\Desktop\WMMR\src\MovieMakerCore\StoryboardManager\Theme\ThemeStructure.h(709,33): warning C4251: 'StoryboardManager::ThemeTransition::m_strName': 'ATL::CStringT<wchar_t,ATL::StrTraitATL<wchar_t,ATL::ChTraitsCRT<wchar_t>>>' needs to have dll-interface to be used by clients of 'StoryboardManager::ThemeTransition' [C:\Users\mcmco\Desktop\WMMR\build\src\MovieMakerCore\MovieMakerCore.vcxproj]
  (compiling source file '../../../src/MovieMakerCore/StoryboardManager/Theme/ThemeStructure.cpp')
      C:\Program Files (x86)\Microsoft Visual Studio\2022\BuildTools\VC\Tools\MSVC\14.44.35207\atlmfc\include\cstringt.h(999,7):
      see declaration of 'ATL::CStringT<wchar_t,ATL::StrTraitATL<wchar_t,ATL::ChTraitsCRT<wchar_t>>>'
  
C:\Users\mcmco\Desktop\WMMR\src\MovieMakerCore\StoryboardManager\Theme\ThemeStructure.h(710,33): warning C4251: 'StoryboardManager::ThemeTransition::m_strClipName': 'ATL::CStringT<wchar_t,ATL::StrTraitATL<wchar_t,ATL::ChTraitsCRT<wchar_t>>>' needs to have dll-interface to be used by clients of 'StoryboardManager::ThemeTransition' [C:\Users\mcmco\Desktop\WMMR\build\src\MovieMakerCore\MovieMakerCore.vcxproj]
  (compiling source file '../../../src/MovieMakerCore/StoryboardManager/Theme/ThemeStructure.cpp')
      C:\Program Files (x86)\Microsoft Visual Studio\2022\BuildTools\VC\Tools\MSVC\14.44.35207\atlmfc\include\cstringt.h(999,7):
      see declaration of 'ATL::CStringT<wchar_t,ATL::StrTraitATL<wchar_t,ATL::ChTraitsCRT<wchar_t>>>'
  
C:\Users\mcmco\Desktop\WMMR\src\MovieMakerCore\StoryboardManager\Theme\ThemeStructure.h(712,38): warning C4251: 'StoryboardManager::ThemeTransition::m_arrParameters': 'ATL::CAtlArray<StoryboardManager::TemplateProperty,ATL::CElementTraits<E>>' needs to have dll-interface to be used by clients of 'StoryboardManager::ThemeTransition' [C:\Users\mcmco\Desktop\WMMR\build\src\MovieMakerCore\MovieMakerCore.vcxproj]
C:\Users\mcmco\Desktop\WMMR\src\MovieMakerCore\StoryboardManager\Theme\ThemeStructure.h(712,38): warning C4251:         with [C:\Users\mcmco\Desktop\WMMR\build\src\MovieMakerCore\MovieMakerCore.vcxproj]
C:\Users\mcmco\Desktop\WMMR\src\MovieMakerCore\StoryboardManager\Theme\ThemeStructure.h(712,38): warning C4251:         [ [C:\Users\mcmco\Desktop\WMMR\build\src\MovieMakerCore\MovieMakerCore.vcxproj]
C:\Users\mcmco\Desktop\WMMR\src\MovieMakerCore\StoryboardManager\Theme\ThemeStructure.h(712,38): warning C4251:             E=StoryboardManager::TemplateProperty [C:\Users\mcmco\Desktop\WMMR\build\src\MovieMakerCore\MovieMakerCore.vcxproj]
C:\Users\mcmco\Desktop\WMMR\src\MovieMakerCore\StoryboardManager\Theme\ThemeStructure.h(712,38): warning C4251:         ] [C:\Users\mcmco\Desktop\WMMR\build\src\MovieMakerCore\MovieMakerCore.vcxproj]
  (compiling source file '../../../src/MovieMakerCore/StoryboardManager/Theme/ThemeStructure.cpp')
      C:\Program Files (x86)\Microsoft Visual Studio\2022\BuildTools\VC\Tools\MSVC\14.44.35207\atlmfc\include\atlcoll.h(530,7):
      see declaration of 'ATL::CAtlArray<StoryboardManager::TemplateProperty,ATL::CElementTraits<E>>'
          with
          [
              E=StoryboardManager::TemplateProperty
          ]
  
C:\Users\mcmco\Desktop\WMMR\src\MovieMakerCore\StoryboardManager\Theme\ThemeStructure.h(753,21): warning C4251: 'StoryboardManager::ThemeEffectTemplate::m_strId': 'ATL::CStringT<wchar_t,ATL::StrTraitATL<wchar_t,ATL::ChTraitsCRT<wchar_t>>>' needs to have dll-interface to be used by clients of 'StoryboardManager::ThemeEffectTemplate' [C:\Users\mcmco\Desktop\WMMR\build\src\MovieMakerCore\MovieMakerCore.vcxproj]
  (compiling source file '../../../src/MovieMakerCore/StoryboardManager/Theme/ThemeStructure.cpp')
      C:\Program Files (x86)\Microsoft Visual Studio\2022\BuildTools\VC\Tools\MSVC\14.44.35207\atlmfc\include\cstringt.h(999,7):
      see declaration of 'ATL::CStringT<wchar_t,ATL::StrTraitATL<wchar_t,ATL::ChTraitsCRT<wchar_t>>>'
  
C:\Users\mcmco\Desktop\WMMR\src\MovieMakerCore\StoryboardManager\Theme\ThemeStructure.h(754,21): warning C4251: 'StoryboardManager::ThemeEffectTemplate::m_strName': 'ATL::CStringT<wchar_t,ATL::StrTraitATL<wchar_t,ATL::ChTraitsCRT<wchar_t>>>' needs to have dll-interface to be used by clients of 'StoryboardManager::ThemeEffectTemplate' [C:\Users\mcmco\Desktop\WMMR\build\src\MovieMakerCore\MovieMakerCore.vcxproj]
  (compiling source file '../../../src/MovieMakerCore/StoryboardManager/Theme/ThemeStructure.cpp')
      C:\Program Files (x86)\Microsoft Visual Studio\2022\BuildTools\VC\Tools\MSVC\14.44.35207\atlmfc\include\cstringt.h(999,7):
      see declaration of 'ATL::CStringT<wchar_t,ATL::StrTraitATL<wchar_t,ATL::ChTraitsCRT<wchar_t>>>'
  
C:\Users\mcmco\Desktop\WMMR\src\MovieMakerCore\StoryboardManager\Theme\ThemeStructure.h(755,34): warning C4251: 'StoryboardManager::ThemeEffectTemplate::m_arrEffects': 'ATL::CAtlArray<StoryboardManager::ThemeEffect *,ATL::CElementTraits<E>>' needs to have dll-interface to be used by clients of 'StoryboardManager::ThemeEffectTemplate' [C:\Users\mcmco\Desktop\WMMR\build\src\MovieMakerCore\MovieMakerCore.vcxproj]
C:\Users\mcmco\Desktop\WMMR\src\MovieMakerCore\StoryboardManager\Theme\ThemeStructure.h(755,34): warning C4251:         with [C:\Users\mcmco\Desktop\WMMR\build\src\MovieMakerCore\MovieMakerCore.vcxproj]
C:\Users\mcmco\Desktop\WMMR\src\MovieMakerCore\StoryboardManager\Theme\ThemeStructure.h(755,34): warning C4251:         [ [C:\Users\mcmco\Desktop\WMMR\build\src\MovieMakerCore\MovieMakerCore.vcxproj]
C:\Users\mcmco\Desktop\WMMR\src\MovieMakerCore\StoryboardManager\Theme\ThemeStructure.h(755,34): warning C4251:             E=StoryboardManager::ThemeEffect * [C:\Users\mcmco\Desktop\WMMR\build\src\MovieMakerCore\MovieMakerCore.vcxproj]
C:\Users\mcmco\Desktop\WMMR\src\MovieMakerCore\StoryboardManager\Theme\ThemeStructure.h(755,34): warning C4251:         ] [C:\Users\mcmco\Desktop\WMMR\build\src\MovieMakerCore\MovieMakerCore.vcxproj]
  (compiling source file '../../../src/MovieMakerCore/StoryboardManager/Theme/ThemeStructure.cpp')
      C:\Program Files (x86)\Microsoft Visual Studio\2022\BuildTools\VC\Tools\MSVC\14.44.35207\atlmfc\include\atlcoll.h(530,7):
      see declaration of 'ATL::CAtlArray<StoryboardManager::ThemeEffect *,ATL::CElementTraits<E>>'
          with
          [
              E=StoryboardManager::ThemeEffect *
          ]
  
C:\Users\mcmco\Desktop\WMMR\src\MovieMakerCore\StoryboardManager\Theme\ThemeStructure.h(787,21): warning C4251: 'StoryboardManager::ThemeFirstEffect::m_strEntryAnimation': 'ATL::CStringT<wchar_t,ATL::StrTraitATL<wchar_t,ATL::ChTraitsCRT<wchar_t>>>' needs to have dll-interface to be used by clients of 'StoryboardManager::ThemeFirstEffect' [C:\Users\mcmco\Desktop\WMMR\build\src\MovieMakerCore\MovieMakerCore.vcxproj]
  (compiling source file '../../../src/MovieMakerCore/StoryboardManager/Theme/ThemeStructure.cpp')
      C:\Program Files (x86)\Microsoft Visual Studio\2022\BuildTools\VC\Tools\MSVC\14.44.35207\atlmfc\include\cstringt.h(999,7):
      see declaration of 'ATL::CStringT<wchar_t,ATL::StrTraitATL<wchar_t,ATL::ChTraitsCRT<wchar_t>>>'
  
C:\Users\mcmco\Desktop\WMMR\src\MovieMakerCore\StoryboardManager\Theme\ThemeStructure.h(812,21): warning C4251: 'StoryboardManager::ThemeLastEffect::m_strExitAnimation': 'ATL::CStringT<wchar_t,ATL::StrTraitATL<wchar_t,ATL::ChTraitsCRT<wchar_t>>>' needs to have dll-interface to be used by clients of 'StoryboardManager::ThemeLastEffect' [C:\Users\mcmco\Desktop\WMMR\build\src\MovieMakerCore\MovieMakerCore.vcxproj]
  (compiling source file '../../../src/MovieMakerCore/StoryboardManager/Theme/ThemeStructure.cpp')
      C:\Program Files (x86)\Microsoft Visual Studio\2022\BuildTools\VC\Tools\MSVC\14.44.35207\atlmfc\include\cstringt.h(999,7):
      see declaration of 'ATL::CStringT<wchar_t,ATL::StrTraitATL<wchar_t,ATL::ChTraitsCRT<wchar_t>>>'
  
C:\Users\mcmco\Desktop\WMMR\src\MovieMakerCore\StoryboardManager\Theme\ThemeStructure.h(910,33): warning C4251: 'StoryboardManager::SimpleEffect::m_arrParams': 'ATL::CAtlArray<StoryboardManager::SimpleEffect::EffectParam,ATL::CElementTraits<E>>' needs to have dll-interface to be used by clients of 'StoryboardManager::SimpleEffect' [C:\Users\mcmco\Desktop\WMMR\build\src\MovieMakerCore\MovieMakerCore.vcxproj]
C:\Users\mcmco\Desktop\WMMR\src\MovieMakerCore\StoryboardManager\Theme\ThemeStructure.h(910,33): warning C4251:         with [C:\Users\mcmco\Desktop\WMMR\build\src\MovieMakerCore\MovieMakerCore.vcxproj]
C:\Users\mcmco\Desktop\WMMR\src\MovieMakerCore\StoryboardManager\Theme\ThemeStructure.h(910,33): warning C4251:         [ [C:\Users\mcmco\Desktop\WMMR\build\src\MovieMakerCore\MovieMakerCore.vcxproj]
C:\Users\mcmco\Desktop\WMMR\src\MovieMakerCore\StoryboardManager\Theme\ThemeStructure.h(910,33): warning C4251:             E=StoryboardManager::SimpleEffect::EffectParam [C:\Users\mcmco\Desktop\WMMR\build\src\MovieMakerCore\MovieMakerCore.vcxproj]
C:\Users\mcmco\Desktop\WMMR\src\MovieMakerCore\StoryboardManager\Theme\ThemeStructure.h(910,33): warning C4251:         ] [C:\Users\mcmco\Desktop\WMMR\build\src\MovieMakerCore\MovieMakerCore.vcxproj]
  (compiling source file '../../../src/MovieMakerCore/StoryboardManager/Theme/ThemeStructure.cpp')
      C:\Program Files (x86)\Microsoft Visual Studio\2022\BuildTools\VC\Tools\MSVC\14.44.35207\atlmfc\include\atlcoll.h(530,7):
      see declaration of 'ATL::CAtlArray<StoryboardManager::SimpleEffect::EffectParam,ATL::CElementTraits<E>>'
          with
          [
              E=StoryboardManager::SimpleEffect::EffectParam
          ]
  
C:\Users\mcmco\Desktop\WMMR\src\MovieMakerCore\StoryboardManager\Theme\Theme.cpp(333,23): error C2664: 'HRESULT IXmlReader::GetLocalName(LPCWSTR *,UINT *)': cannot convert argument 1 from 'BSTR *' to 'LPCWSTR *' [C:\Users\mcmco\Desktop\WMMR\build\src\MovieMakerCore\MovieMakerCore.vcxproj]
      C:\Users\mcmco\Desktop\WMMR\src\MovieMakerCore\StoryboardManager\Theme\Theme.cpp(333,36):
      Conversion loses qualifiers
      C:\Program Files (x86)\Windows Kits\10\Include\10.0.26100.0\um\xmllite.h(386,43):
      see declaration of 'IXmlReader::GetLocalName'
      C:\Users\mcmco\Desktop\WMMR\src\MovieMakerCore\StoryboardManager\Theme\Theme.cpp(333,23):
      while trying to match the argument list '(BSTR *, nullptr)'
  
C:\Users\mcmco\Desktop\WMMR\src\WLXPhotoBase\BaseTypes.h(536,18): warning C4251: 'Base::File::m_strPath': 'ATL::CStringT<wchar_t,ATL::StrTraitATL<wchar_t,ATL::ChTraitsCRT<wchar_t>>>' needs to have dll-interface to be used by clients of 'Base::File' [C:\Users\mcmco\Desktop\WMMR\build\src\MovieMakerCore\MovieMakerCore.vcxproj]
  (compiling source file '../../../src/MovieMakerCore/StoryboardManager/Theme/TextComposition.cpp')
      C:\Program Files (x86)\Microsoft Visual Studio\2022\BuildTools\VC\Tools\MSVC\14.44.35207\atlmfc\include\cstringt.h(999,7):
      see declaration of 'ATL::CStringT<wchar_t,ATL::StrTraitATL<wchar_t,ATL::ChTraitsCRT<wchar_t>>>'
  
C:\Users\mcmco\Desktop\WMMR\src\WLXPhotoBase\BaseTypes.h(536,18): warning C4251: 'Base::File::m_strPath': 'ATL::CStringT<wchar_t,ATL::StrTraitATL<wchar_t,ATL::ChTraitsCRT<wchar_t>>>' needs to have dll-interface to be used by clients of 'Base::File' [C:\Users\mcmco\Desktop\WMMR\build\src\MovieMakerCore\MovieMakerCore.vcxproj]
  (compiling source file '../../../src/MovieMakerCore/StoryboardManager/MovieEffect/MovieEffect.cpp')
      C:\Program Files (x86)\Microsoft Visual Studio\2022\BuildTools\VC\Tools\MSVC\14.44.35207\atlmfc\include\cstringt.h(999,7):
      see declaration of 'ATL::CStringT<wchar_t,ATL::StrTraitATL<wchar_t,ATL::ChTraitsCRT<wchar_t>>>'
  
C:\Users\mcmco\Desktop\WMMR\src\MovieMakerCore\StoryboardManager\Theme\Theme.cpp(338,21): error C2039: 'GetAttribute': is not a member of 'ATL::_NoAddRefReleaseOnCComPtr<T>' [C:\Users\mcmco\Desktop\WMMR\build\src\MovieMakerCore\MovieMakerCore.vcxproj]
C:\Users\mcmco\Desktop\WMMR\src\MovieMakerCore\StoryboardManager\Theme\Theme.cpp(338,21): error C2039:         with [C:\Users\mcmco\Desktop\WMMR\build\src\MovieMakerCore\MovieMakerCore.vcxproj]
C:\Users\mcmco\Desktop\WMMR\src\MovieMakerCore\StoryboardManager\Theme\Theme.cpp(338,21): error C2039:         [ [C:\Users\mcmco\Desktop\WMMR\build\src\MovieMakerCore\MovieMakerCore.vcxproj]
C:\Users\mcmco\Desktop\WMMR\src\MovieMakerCore\StoryboardManager\Theme\Theme.cpp(338,21): error C2039:             T=IXmlReader [C:\Users\mcmco\Desktop\WMMR\build\src\MovieMakerCore\MovieMakerCore.vcxproj]
C:\Users\mcmco\Desktop\WMMR\src\MovieMakerCore\StoryboardManager\Theme\Theme.cpp(338,21): error C2039:         ] [C:\Users\mcmco\Desktop\WMMR\build\src\MovieMakerCore\MovieMakerCore.vcxproj]
      C:\Program Files (x86)\Microsoft Visual Studio\2022\BuildTools\VC\Tools\MSVC\14.44.35207\atlmfc\include\atlcomcli.h(134,29):
      see declaration of 'ATL::_NoAddRefReleaseOnCComPtr<T>'
          with
          [
              T=IXmlReader
          ]
  
C:\Users\mcmco\Desktop\WMMR\src\WLXPhotoBase\BaseTypes.h(568,18): warning C4251: 'Base::TempFile::m_strPath': 'ATL::CStringT<wchar_t,ATL::StrTraitATL<wchar_t,ATL::ChTraitsCRT<wchar_t>>>' needs to have dll-interface to be used by clients of 'Base::TempFile' [C:\Users\mcmco\Desktop\WMMR\build\src\MovieMakerCore\MovieMakerCore.vcxproj]
  (compiling source file '../../../src/MovieMakerCore/StoryboardManager/MovieEffect/MovieEffect.cpp')
      C:\Program Files (x86)\Microsoft Visual Studio\2022\BuildTools\VC\Tools\MSVC\14.44.35207\atlmfc\include\cstringt.h(999,7):
      see declaration of 'ATL::CStringT<wchar_t,ATL::StrTraitATL<wchar_t,ATL::ChTraitsCRT<wchar_t>>>'
  
C:\Users\mcmco\Desktop\WMMR\src\WLXPhotoBase\BaseTypes.h(568,18): warning C4251: 'Base::TempFile::m_strPath': 'ATL::CStringT<wchar_t,ATL::StrTraitATL<wchar_t,ATL::ChTraitsCRT<wchar_t>>>' needs to have dll-interface to be used by clients of 'Base::TempFile' [C:\Users\mcmco\Desktop\WMMR\build\src\MovieMakerCore\MovieMakerCore.vcxproj]
  (compiling source file '../../../src/MovieMakerCore/StoryboardManager/Theme/TextComposition.cpp')
      C:\Program Files (x86)\Microsoft Visual Studio\2022\BuildTools\VC\Tools\MSVC\14.44.35207\atlmfc\include\cstringt.h(999,7):
      see declaration of 'ATL::CStringT<wchar_t,ATL::StrTraitATL<wchar_t,ATL::ChTraitsCRT<wchar_t>>>'
  
C:\Users\mcmco\Desktop\WMMR\src\MovieMakerCore\StoryboardManager\Theme\Theme.cpp(343,21): error C2039: 'GetAttribute': is not a member of 'ATL::_NoAddRefReleaseOnCComPtr<T>' [C:\Users\mcmco\Desktop\WMMR\build\src\MovieMakerCore\MovieMakerCore.vcxproj]
C:\Users\mcmco\Desktop\WMMR\src\MovieMakerCore\StoryboardManager\Theme\Theme.cpp(343,21): error C2039:         with [C:\Users\mcmco\Desktop\WMMR\build\src\MovieMakerCore\MovieMakerCore.vcxproj]
C:\Users\mcmco\Desktop\WMMR\src\MovieMakerCore\StoryboardManager\Theme\Theme.cpp(343,21): error C2039:         [ [C:\Users\mcmco\Desktop\WMMR\build\src\MovieMakerCore\MovieMakerCore.vcxproj]
C:\Users\mcmco\Desktop\WMMR\src\MovieMakerCore\StoryboardManager\Theme\Theme.cpp(343,21): error C2039:             T=IXmlReader [C:\Users\mcmco\Desktop\WMMR\build\src\MovieMakerCore\MovieMakerCore.vcxproj]
C:\Users\mcmco\Desktop\WMMR\src\MovieMakerCore\StoryboardManager\Theme\Theme.cpp(343,21): error C2039:         ] [C:\Users\mcmco\Desktop\WMMR\build\src\MovieMakerCore\MovieMakerCore.vcxproj]
      C:\Program Files (x86)\Microsoft Visual Studio\2022\BuildTools\VC\Tools\MSVC\14.44.35207\atlmfc\include\atlcomcli.h(134,29):
      see declaration of 'ATL::_NoAddRefReleaseOnCComPtr<T>'
          with
          [
              T=IXmlReader
          ]
  
C:\Users\mcmco\Desktop\WMMR\src\MovieMakerCore\StoryboardManager\Theme\Theme.cpp(356,16): error C2039: 'SaveToXml': is not a member of 'StoryboardManager::Theme' [C:\Users\mcmco\Desktop\WMMR\build\src\MovieMakerCore\MovieMakerCore.vcxproj]
      C:\Users\mcmco\Desktop\WMMR\src\MovieMakerCore\StoryboardManager\Theme\Theme.h(74,22):
      see declaration of 'StoryboardManager::Theme'
  
C:\Users\mcmco\Desktop\WMMR\src\WLXPhotoBase\BaseTypes.h(661,21): warning C4251: 'Base::FindFile::m_strDirectory': 'ATL::CStringT<wchar_t,ATL::StrTraitATL<wchar_t,ATL::ChTraitsCRT<wchar_t>>>' needs to have dll-interface to be used by clients of 'Base::FindFile' [C:\Users\mcmco\Desktop\WMMR\build\src\MovieMakerCore\MovieMakerCore.vcxproj]
  (compiling source file '../../../src/MovieMakerCore/StoryboardManager/MovieEffect/MovieEffect.cpp')
      C:\Program Files (x86)\Microsoft Visual Studio\2022\BuildTools\VC\Tools\MSVC\14.44.35207\atlmfc\include\cstringt.h(999,7):
      see declaration of 'ATL::CStringT<wchar_t,ATL::StrTraitATL<wchar_t,ATL::ChTraitsCRT<wchar_t>>>'
  
C:\Users\mcmco\Desktop\WMMR\src\WLXPhotoBase\BaseTypes.h(661,21): warning C4251: 'Base::FindFile::m_strDirectory': 'ATL::CStringT<wchar_t,ATL::StrTraitATL<wchar_t,ATL::ChTraitsCRT<wchar_t>>>' needs to have dll-interface to be used by clients of 'Base::FindFile' [C:\Users\mcmco\Desktop\WMMR\build\src\MovieMakerCore\MovieMakerCore.vcxproj]
  (compiling source file '../../../src/MovieMakerCore/StoryboardManager/Theme/TextComposition.cpp')
      C:\Program Files (x86)\Microsoft Visual Studio\2022\BuildTools\VC\Tools\MSVC\14.44.35207\atlmfc\include\cstringt.h(999,7):
      see declaration of 'ATL::CStringT<wchar_t,ATL::StrTraitATL<wchar_t,ATL::ChTraitsCRT<wchar_t>>>'
  
C:\Users\mcmco\Desktop\WMMR\src\WLXPhotoBase\BaseTypes.h(724,25): warning C4251: 'Base::IntSet::m_values': 'ATL::CAtlArray<int,ATL::CElementTraits<int>>' needs to have dll-interface to be used by clients of 'Base::IntSet' [C:\Users\mcmco\Desktop\WMMR\build\src\MovieMakerCore\MovieMakerCore.vcxproj]
  (compiling source file '../../../src/MovieMakerCore/StoryboardManager/MovieEffect/MovieEffect.cpp')
      C:\Program Files (x86)\Microsoft Visual Studio\2022\BuildTools\VC\Tools\MSVC\14.44.35207\atlmfc\include\atlcoll.h(530,7):
      see declaration of 'ATL::CAtlArray<int,ATL::CElementTraits<int>>'
  
C:\Users\mcmco\Desktop\WMMR\src\MovieMakerCore\StoryboardManager\Theme\Theme.cpp(373,27): error C2065: 'XmlWriterProperty_ProcessNamespaces': undeclared identifier [C:\Users\mcmco\Desktop\WMMR\build\src\MovieMakerCore\MovieMakerCore.vcxproj]
C:\Users\mcmco\Desktop\WMMR\src\WLXPhotoBase\BaseTypes.h(724,25): warning C4251: 'Base::IntSet::m_values': 'ATL::CAtlArray<int,ATL::CElementTraits<int>>' needs to have dll-interface to be used by clients of 'Base::IntSet' [C:\Users\mcmco\Desktop\WMMR\build\src\MovieMakerCore\MovieMakerCore.vcxproj]
  (compiling source file '../../../src/MovieMakerCore/StoryboardManager/Theme/TextComposition.cpp')
      C:\Program Files (x86)\Microsoft Visual Studio\2022\BuildTools\VC\Tools\MSVC\14.44.35207\atlmfc\include\atlcoll.h(530,7):
      see declaration of 'ATL::CAtlArray<int,ATL::CElementTraits<int>>'
  
C:\Users\mcmco\Desktop\WMMR\src\MovieMakerCore\StoryboardManager\Theme\Theme.cpp(435,37): error C2027: use of undefined type 'StoryboardManager::TextManager' [C:\Users\mcmco\Desktop\WMMR\build\src\MovieMakerCore\MovieMakerCore.vcxproj]
      C:\Users\mcmco\Desktop\WMMR\src\MovieMakerCore\StoryboardManager\Theme\Theme.h(235,11):
      see declaration of 'StoryboardManager::TextManager'
  
C:\Users\mcmco\Desktop\WMMR\src\MovieMakerCore\StoryboardManager\Theme\Theme.cpp(440,5): warning C4150: deletion of pointer to incomplete type 'StoryboardManager::TextManager'; no destructor called [C:\Users\mcmco\Desktop\WMMR\build\src\MovieMakerCore\MovieMakerCore.vcxproj]
      C:\Users\mcmco\Desktop\WMMR\src\MovieMakerCore\StoryboardManager\Theme\Theme.h(235,11):
      see declaration of 'StoryboardManager::TextManager'
  
C:\Users\mcmco\Desktop\WMMR\src\MovieMakerCore\StoryboardManager\StoryboardManagerExceptions.h(56,18): warning C4251: 'StoryboardManager::StoryboardManagerException::m_strMessage': 'ATL::CStringT<wchar_t,ATL::StrTraitATL<wchar_t,ATL::ChTraitsCRT<wchar_t>>>' needs to have dll-interface to be used by clients of 'StoryboardManager::StoryboardManagerException' [C:\Users\mcmco\Desktop\WMMR\build\src\MovieMakerCore\MovieMakerCore.vcxproj]
  (compiling source file '../../../src/MovieMakerCore/StoryboardManager/MovieEffect/MovieEffect.cpp')
      C:\Program Files (x86)\Microsoft Visual Studio\2022\BuildTools\VC\Tools\MSVC\14.44.35207\atlmfc\include\cstringt.h(999,7):
      see declaration of 'ATL::CStringT<wchar_t,ATL::StrTraitATL<wchar_t,ATL::ChTraitsCRT<wchar_t>>>'
  
C:\Users\mcmco\Desktop\WMMR\src\MovieMakerCore\StoryboardManager\Theme\Theme.cpp(467,9): error C2027: use of undefined type 'StoryboardManager::TextManager' [C:\Users\mcmco\Desktop\WMMR\build\src\MovieMakerCore\MovieMakerCore.vcxproj]
      C:\Users\mcmco\Desktop\WMMR\src\MovieMakerCore\StoryboardManager\Theme\Theme.h(235,11):
      see declaration of 'StoryboardManager::TextManager'
  
C:\Users\mcmco\Desktop\WMMR\src\MovieMakerCore\StoryboardManager\StoryboardManagerExceptions.h(56,18): warning C4251: 'StoryboardManager::StoryboardManagerException::m_strMessage': 'ATL::CStringT<wchar_t,ATL::StrTraitATL<wchar_t,ATL::ChTraitsCRT<wchar_t>>>' needs to have dll-interface to be used by clients of 'StoryboardManager::StoryboardManagerException' [C:\Users\mcmco\Desktop\WMMR\build\src\MovieMakerCore\MovieMakerCore.vcxproj]
  (compiling source file '../../../src/MovieMakerCore/StoryboardManager/Theme/TextComposition.cpp')
      C:\Program Files (x86)\Microsoft Visual Studio\2022\BuildTools\VC\Tools\MSVC\14.44.35207\atlmfc\include\cstringt.h(999,7):
      see declaration of 'ATL::CStringT<wchar_t,ATL::StrTraitATL<wchar_t,ATL::ChTraitsCRT<wchar_t>>>'
  
C:\Users\mcmco\Desktop\WMMR\src\MovieMakerCore\StoryboardManager\Theme\Theme.cpp(479,9): error C2027: use of undefined type 'StoryboardManager::TextManager' [C:\Users\mcmco\Desktop\WMMR\build\src\MovieMakerCore\MovieMakerCore.vcxproj]
      C:\Users\mcmco\Desktop\WMMR\src\MovieMakerCore\StoryboardManager\Theme\Theme.h(235,11):
      see declaration of 'StoryboardManager::TextManager'
  
C:\Users\mcmco\Desktop\WMMR\src\MovieMakerCore\StoryboardManager\StoryboardManagerExceptions.h(86,18): warning C4251: 'StoryboardManager::TemplateInitializationException::m_strTemplateName': 'ATL::CStringT<wchar_t,ATL::StrTraitATL<wchar_t,ATL::ChTraitsCRT<wchar_t>>>' needs to have dll-interface to be used by clients of 'StoryboardManager::TemplateInitializationException' [C:\Users\mcmco\Desktop\WMMR\build\src\MovieMakerCore\MovieMakerCore.vcxproj]
  (compiling source file '../../../src/MovieMakerCore/StoryboardManager/MovieEffect/MovieEffect.cpp')
      C:\Program Files (x86)\Microsoft Visual Studio\2022\BuildTools\VC\Tools\MSVC\14.44.35207\atlmfc\include\cstringt.h(999,7):
      see declaration of 'ATL::CStringT<wchar_t,ATL::StrTraitATL<wchar_t,ATL::ChTraitsCRT<wchar_t>>>'
  
C:\Users\mcmco\Desktop\WMMR\src\MovieMakerCore\StoryboardManager\Theme\ThemeStructure.cpp(170,1): error C2789: 'StoryboardManager::ThemeMid::ThemeEffectTemplate': an object of const-qualified type must be initialized [C:\Users\mcmco\Desktop\WMMR\build\src\MovieMakerCore\MovieMakerCore.vcxproj]
      C:\Users\mcmco\Desktop\WMMR\src\MovieMakerCore\StoryboardManager\Theme\ThemeStructure.h(198,11):
      see declaration of 'StoryboardManager::ThemeMid::ThemeEffectTemplate'
  
C:\Users\mcmco\Desktop\WMMR\src\MovieMakerCore\StoryboardManager\StoryboardManagerExceptions.h(86,18): warning C4251: 'StoryboardManager::TemplateInitializationException::m_strTemplateName': 'ATL::CStringT<wchar_t,ATL::StrTraitATL<wchar_t,ATL::ChTraitsCRT<wchar_t>>>' needs to have dll-interface to be used by clients of 'StoryboardManager::TemplateInitializationException' [C:\Users\mcmco\Desktop\WMMR\build\src\MovieMakerCore\MovieMakerCore.vcxproj]
  (compiling source file '../../../src/MovieMakerCore/StoryboardManager/Theme/TextComposition.cpp')
      C:\Program Files (x86)\Microsoft Visual Studio\2022\BuildTools\VC\Tools\MSVC\14.44.35207\atlmfc\include\cstringt.h(999,7):
      see declaration of 'ATL::CStringT<wchar_t,ATL::StrTraitATL<wchar_t,ATL::ChTraitsCRT<wchar_t>>>'
  
C:\Users\mcmco\Desktop\WMMR\src\MovieMakerCore\StoryboardManager\Theme\ThemeStructure.cpp(170,1): error C2789: 'StoryboardManager::ThemeMid::ThemeTransition': an object of const-qualified type must be initialized [C:\Users\mcmco\Desktop\WMMR\build\src\MovieMakerCore\MovieMakerCore.vcxproj]
      C:\Users\mcmco\Desktop\WMMR\src\MovieMakerCore\StoryboardManager\Theme\ThemeStructure.h(203,11):
      see declaration of 'StoryboardManager::ThemeMid::ThemeTransition'
  
C:\Users\mcmco\Desktop\WMMR\src\MovieMakerCore\StoryboardManager\StoryboardManagerExceptions.h(119,18): warning C4251: 'StoryboardManager::ScriptInitializationException::m_strScriptPath': 'ATL::CStringT<wchar_t,ATL::StrTraitATL<wchar_t,ATL::ChTraitsCRT<wchar_t>>>' needs to have dll-interface to be used by clients of 'StoryboardManager::ScriptInitializationException' [C:\Users\mcmco\Desktop\WMMR\build\src\MovieMakerCore\MovieMakerCore.vcxproj]
  (compiling source file '../../../src/MovieMakerCore/StoryboardManager/MovieEffect/MovieEffect.cpp')
      C:\Program Files (x86)\Microsoft Visual Studio\2022\BuildTools\VC\Tools\MSVC\14.44.35207\atlmfc\include\cstringt.h(999,7):
      see declaration of 'ATL::CStringT<wchar_t,ATL::StrTraitATL<wchar_t,ATL::ChTraitsCRT<wchar_t>>>'
  
C:\Users\mcmco\Desktop\WMMR\src\MovieMakerCore\StoryboardManager\Theme\ThemeStructure.cpp(167,7): error C2614: 'StoryboardManager::ThemeMid': illegal member initialization: 'm_pDefaultEffectTemplate' is not a base or member [C:\Users\mcmco\Desktop\WMMR\build\src\MovieMakerCore\MovieMakerCore.vcxproj]
C:\Users\mcmco\Desktop\WMMR\src\MovieMakerCore\StoryboardManager\StoryboardManagerExceptions.h(119,18): warning C4251: 'StoryboardManager::ScriptInitializationException::m_strScriptPath': 'ATL::CStringT<wchar_t,ATL::StrTraitATL<wchar_t,ATL::ChTraitsCRT<wchar_t>>>' needs to have dll-interface to be used by clients of 'StoryboardManager::ScriptInitializationException' [C:\Users\mcmco\Desktop\WMMR\build\src\MovieMakerCore\MovieMakerCore.vcxproj]
  (compiling source file '../../../src/MovieMakerCore/StoryboardManager/Theme/TextComposition.cpp')
      C:\Program Files (x86)\Microsoft Visual Studio\2022\BuildTools\VC\Tools\MSVC\14.44.35207\atlmfc\include\cstringt.h(999,7):
      see declaration of 'ATL::CStringT<wchar_t,ATL::StrTraitATL<wchar_t,ATL::ChTraitsCRT<wchar_t>>>'
  
C:\Users\mcmco\Desktop\WMMR\src\MovieMakerCore\StoryboardManager\StoryboardManagerExceptions.h(120,18): warning C4251: 'StoryboardManager::ScriptInitializationException::m_strScriptEngineId': 'ATL::CStringT<wchar_t,ATL::StrTraitATL<wchar_t,ATL::ChTraitsCRT<wchar_t>>>' needs to have dll-interface to be used by clients of 'StoryboardManager::ScriptInitializationException' [C:\Users\mcmco\Desktop\WMMR\build\src\MovieMakerCore\MovieMakerCore.vcxproj]
  (compiling source file '../../../src/MovieMakerCore/StoryboardManager/MovieEffect/MovieEffect.cpp')
      C:\Program Files (x86)\Microsoft Visual Studio\2022\BuildTools\VC\Tools\MSVC\14.44.35207\atlmfc\include\cstringt.h(999,7):
      see declaration of 'ATL::CStringT<wchar_t,ATL::StrTraitATL<wchar_t,ATL::ChTraitsCRT<wchar_t>>>'
  
C:\Users\mcmco\Desktop\WMMR\src\MovieMakerCore\pch.h(21,9): warning C4005: 'WINVER': macro redefinition [C:\Users\mcmco\Desktop\WMMR\build\src\MovieMakerCore\MovieMakerCore.vcxproj]
  VideoCapture.cpp
  (compiling source file '../../../src/MovieMakerCore/HMRAVSource/MFSource.cpp')
      C:\Users\mcmco\Desktop\WMMR\src\MovieMakerCore\pch.h(21,9):
      'WINVER' previously declared on the command line
  
C:\Users\mcmco\Desktop\WMMR\src\MovieMakerCore\StoryboardManager\StoryboardManagerExceptions.h(120,18): warning C4251: 'StoryboardManager::ScriptInitializationException::m_strScriptEngineId': 'ATL::CStringT<wchar_t,ATL::StrTraitATL<wchar_t,ATL::ChTraitsCRT<wchar_t>>>' needs to have dll-interface to be used by clients of 'StoryboardManager::ScriptInitializationException' [C:\Users\mcmco\Desktop\WMMR\build\src\MovieMakerCore\MovieMakerCore.vcxproj]
  (compiling source file '../../../src/MovieMakerCore/StoryboardManager/Theme/TextComposition.cpp')
      C:\Program Files (x86)\Microsoft Visual Studio\2022\BuildTools\VC\Tools\MSVC\14.44.35207\atlmfc\include\cstringt.h(999,7):
      see declaration of 'ATL::CStringT<wchar_t,ATL::StrTraitATL<wchar_t,ATL::ChTraitsCRT<wchar_t>>>'
  
C:\Users\mcmco\Desktop\WMMR\src\MovieMakerCore\pch.h(22,9): warning C4005: '_WIN32_WINNT': macro redefinition [C:\Users\mcmco\Desktop\WMMR\build\src\MovieMakerCore\MovieMakerCore.vcxproj]
  (compiling source file '../../../src/MovieMakerCore/HMRAVSource/MFSource.cpp')
      C:\Users\mcmco\Desktop\WMMR\src\MovieMakerCore\pch.h(22,9):
      '_WIN32_WINNT' previously declared on the command line
  
C:\Users\mcmco\Desktop\WMMR\src\MovieMakerCore\pch.h(30,9): warning C4005: 'WIN32_LEAN_AND_MEAN': macro redefinition [C:\Users\mcmco\Desktop\WMMR\build\src\MovieMakerCore\MovieMakerCore.vcxproj]
  (compiling source file '../../../src/MovieMakerCore/HMRAVSource/MFSource.cpp')
      C:\Users\mcmco\Desktop\WMMR\src\MovieMakerCore\pch.h(30,9):
      'WIN32_LEAN_AND_MEAN' previously declared on the command line
  
C:\Users\mcmco\Desktop\WMMR\src\MovieMakerCore\pch.h(31,9): warning C4005: 'NOMINMAX': macro redefinition [C:\Users\mcmco\Desktop\WMMR\build\src\MovieMakerCore\MovieMakerCore.vcxproj]
  (compiling source file '../../../src/MovieMakerCore/HMRAVSource/MFSource.cpp')
      C:\Users\mcmco\Desktop\WMMR\src\MovieMakerCore\pch.h(31,9):
      'NOMINMAX' previously declared on the command line
  
C:\Users\mcmco\Desktop\WMMR\src\MovieMakerCore\StoryboardManager\StoryboardManagerExceptions.h(156,18): warning C4251: 'StoryboardManager::EncodeInitializationException::m_strOutputFormat': 'ATL::CStringT<wchar_t,ATL::StrTraitATL<wchar_t,ATL::ChTraitsCRT<wchar_t>>>' needs to have dll-interface to be used by clients of 'StoryboardManager::EncodeInitializationException' [C:\Users\mcmco\Desktop\WMMR\build\src\MovieMakerCore\MovieMakerCore.vcxproj]
  (compiling source file '../../../src/MovieMakerCore/StoryboardManager/Theme/TextComposition.cpp')
      C:\Program Files (x86)\Microsoft Visual Studio\2022\BuildTools\VC\Tools\MSVC\14.44.35207\atlmfc\include\cstringt.h(999,7):
      see declaration of 'ATL::CStringT<wchar_t,ATL::StrTraitATL<wchar_t,ATL::ChTraitsCRT<wchar_t>>>'
  
C:\Users\mcmco\Desktop\WMMR\src\MovieMakerCore\pch.h(32,9): warning C4005: '_CRT_SECURE_NO_WARNINGS': macro redefinition [C:\Users\mcmco\Desktop\WMMR\build\src\MovieMakerCore\MovieMakerCore.vcxproj]
  (compiling source file '../../../src/MovieMakerCore/HMRAVSource/MFSource.cpp')
      C:\Users\mcmco\Desktop\WMMR\src\MovieMakerCore\pch.h(32,9):
      '_CRT_SECURE_NO_WARNINGS' previously declared on the command line
  
C:\Users\mcmco\Desktop\WMMR\src\MovieMakerCore\pch.h(33,9): warning C4005: '_WINDLL': macro redefinition [C:\Users\mcmco\Desktop\WMMR\build\src\MovieMakerCore\MovieMakerCore.vcxproj]
  (compiling source file '../../../src/MovieMakerCore/HMRAVSource/MFSource.cpp')
      C:\Users\mcmco\Desktop\WMMR\src\MovieMakerCore\pch.h(33,9):
      '_WINDLL' previously declared on the command line
  
C:\Users\mcmco\Desktop\WMMR\src\MovieMakerCore\StoryboardManager\StoryboardManagerExceptions.h(157,18): warning C4251: 'StoryboardManager::EncodeInitializationException::m_strCodecName': 'ATL::CStringT<wchar_t,ATL::StrTraitATL<wchar_t,ATL::ChTraitsCRT<wchar_t>>>' needs to have dll-interface to be used by clients of 'StoryboardManager::EncodeInitializationException' [C:\Users\mcmco\Desktop\WMMR\build\src\MovieMakerCore\MovieMakerCore.vcxproj]
  (compiling source file '../../../src/MovieMakerCore/StoryboardManager/Theme/TextComposition.cpp')
      C:\Program Files (x86)\Microsoft Visual Studio\2022\BuildTools\VC\Tools\MSVC\14.44.35207\atlmfc\include\cstringt.h(999,7):
      see declaration of 'ATL::CStringT<wchar_t,ATL::StrTraitATL<wchar_t,ATL::ChTraitsCRT<wchar_t>>>'
  
C:\Users\mcmco\Desktop\WMMR\src\MovieMakerCore\StoryboardManager\StoryboardManagerExceptions.h(156,18): warning C4251: 'StoryboardManager::EncodeInitializationException::m_strOutputFormat': 'ATL::CStringT<wchar_t,ATL::StrTraitATL<wchar_t,ATL::ChTraitsCRT<wchar_t>>>' needs to have dll-interface to be used by clients of 'StoryboardManager::EncodeInitializationException' [C:\Users\mcmco\Desktop\WMMR\build\src\MovieMakerCore\MovieMakerCore.vcxproj]
  (compiling source file '../../../src/MovieMakerCore/StoryboardManager/MovieEffect/MovieEffect.cpp')
      C:\Program Files (x86)\Microsoft Visual Studio\2022\BuildTools\VC\Tools\MSVC\14.44.35207\atlmfc\include\cstringt.h(999,7):
      see declaration of 'ATL::CStringT<wchar_t,ATL::StrTraitATL<wchar_t,ATL::ChTraitsCRT<wchar_t>>>'
  
C:\Users\mcmco\Desktop\WMMR\src\MovieMakerCore\pch.h(34,9): warning C4005: '_AFXDLL': macro redefinition [C:\Users\mcmco\Desktop\WMMR\build\src\MovieMakerCore\MovieMakerCore.vcxproj]
  (compiling source file '../../../src/MovieMakerCore/HMRAVSource/MFSource.cpp')
      C:\Users\mcmco\Desktop\WMMR\src\MovieMakerCore\pch.h(34,9):
      '_AFXDLL' previously declared on the command line
  
C:\Users\mcmco\Desktop\WMMR\src\MovieMakerCore\StoryboardManager\StoryboardManagerExceptions.h(157,18): warning C4251: 'StoryboardManager::EncodeInitializationException::m_strCodecName': 'ATL::CStringT<wchar_t,ATL::StrTraitATL<wchar_t,ATL::ChTraitsCRT<wchar_t>>>' needs to have dll-interface to be used by clients of 'StoryboardManager::EncodeInitializationException' [C:\Users\mcmco\Desktop\WMMR\build\src\MovieMakerCore\MovieMakerCore.vcxproj]
  (compiling source file '../../../src/MovieMakerCore/StoryboardManager/MovieEffect/MovieEffect.cpp')
      C:\Program Files (x86)\Microsoft Visual Studio\2022\BuildTools\VC\Tools\MSVC\14.44.35207\atlmfc\include\cstringt.h(999,7):
      see declaration of 'ATL::CStringT<wchar_t,ATL::StrTraitATL<wchar_t,ATL::ChTraitsCRT<wchar_t>>>'
  
C:\Users\mcmco\Desktop\WMMR\src\MovieMakerCore\pch.h(35,9): warning C4005: '_ATL_CSTRING_EXPLICIT_CONSTRUCTORS': macro redefinition [C:\Users\mcmco\Desktop\WMMR\build\src\MovieMakerCore\MovieMakerCore.vcxproj]
  (compiling source file '../../../src/MovieMakerCore/HMRAVSource/MFSource.cpp')
      C:\Users\mcmco\Desktop\WMMR\src\MovieMakerCore\pch.h(35,9):
      '_ATL_CSTRING_EXPLICIT_CONSTRUCTORS' previously declared on the command line
  
C:\Users\mcmco\Desktop\WMMR\src\MovieMakerCore\pch.h(36,9): warning C4005: '_ATL_ALL_WARNINGS': macro redefinition [C:\Users\mcmco\Desktop\WMMR\build\src\MovieMakerCore\MovieMakerCore.vcxproj]
  (compiling source file '../../../src/MovieMakerCore/HMRAVSource/MFSource.cpp')
      C:\Users\mcmco\Desktop\WMMR\src\MovieMakerCore\pch.h(36,9):
      '_ATL_ALL_WARNINGS' previously declared on the command line
  
C:\Users\mcmco\Desktop\WMMR\src\MovieMakerCore\StoryboardManager\TimelineTrack.h(99,25): warning C4251: 'StoryboardManager::TimelineTrack::m_strDisplayName': 'ATL::CStringT<wchar_t,ATL::StrTraitATL<wchar_t,ATL::ChTraitsCRT<wchar_t>>>' needs to have dll-interface to be used by clients of 'StoryboardManager::TimelineTrack' [C:\Users\mcmco\Desktop\WMMR\build\src\MovieMakerCore\MovieMakerCore.vcxproj]
  (compiling source file '../../../src/MovieMakerCore/StoryboardManager/Theme/TextComposition.cpp')
      C:\Program Files (x86)\Microsoft Visual Studio\2022\BuildTools\VC\Tools\MSVC\14.44.35207\atlmfc\include\cstringt.h(999,7):
      see declaration of 'ATL::CStringT<wchar_t,ATL::StrTraitATL<wchar_t,ATL::ChTraitsCRT<wchar_t>>>'
  
C:\Users\mcmco\Desktop\WMMR\src\MovieMakerCore\StoryboardManager\TimelineTrack.h(106,25): error C2079: 'StoryboardManager::TimelineTrack::m_timeline' uses undefined class 'StoryboardManager::ProjectTimeline' [C:\Users\mcmco\Desktop\WMMR\build\src\MovieMakerCore\MovieMakerCore.vcxproj]
  (compiling source file '../../../src/MovieMakerCore/StoryboardManager/Theme/TextComposition.cpp')
  
C:\Users\mcmco\Desktop\WMMR\src\MovieMakerCore\StoryboardManager\TimelineTrack.h(99,25): warning C4251: 'StoryboardManager::TimelineTrack::m_strDisplayName': 'ATL::CStringT<wchar_t,ATL::StrTraitATL<wchar_t,ATL::ChTraitsCRT<wchar_t>>>' needs to have dll-interface to be used by clients of 'StoryboardManager::TimelineTrack' [C:\Users\mcmco\Desktop\WMMR\build\src\MovieMakerCore\MovieMakerCore.vcxproj]
  (compiling source file '../../../src/MovieMakerCore/StoryboardManager/MovieEffect/MovieEffect.cpp')
      C:\Program Files (x86)\Microsoft Visual Studio\2022\BuildTools\VC\Tools\MSVC\14.44.35207\atlmfc\include\cstringt.h(999,7):
      see declaration of 'ATL::CStringT<wchar_t,ATL::StrTraitATL<wchar_t,ATL::ChTraitsCRT<wchar_t>>>'
  
C:\Users\mcmco\Desktop\WMMR\src\MovieMakerCore\StoryboardManager\TimelineTrack.h(106,25): error C2079: 'StoryboardManager::TimelineTrack::m_timeline' uses undefined class 'StoryboardManager::ProjectTimeline' [C:\Users\mcmco\Desktop\WMMR\build\src\MovieMakerCore\MovieMakerCore.vcxproj]
  (compiling source file '../../../src/MovieMakerCore/StoryboardManager/MovieEffect/MovieEffect.cpp')
  
C:\Users\mcmco\Desktop\WMMR\src\MovieMakerCore\StoryboardManager\TimelineTrack.h(151,36): warning C4251: 'StoryboardManager::TimelineTrackManager::m_arrTracks': 'ATL::CAtlArray<StoryboardManager::TimelineTrack *,ATL::CElementTraits<E>>' needs to have dll-interface to be used by clients of 'StoryboardManager::TimelineTrackManager' [C:\Users\mcmco\Desktop\WMMR\build\src\MovieMakerCore\MovieMakerCore.vcxproj]
C:\Users\mcmco\Desktop\WMMR\src\MovieMakerCore\StoryboardManager\TimelineTrack.h(151,36): warning C4251:         with [C:\Users\mcmco\Desktop\WMMR\build\src\MovieMakerCore\MovieMakerCore.vcxproj]
C:\Users\mcmco\Desktop\WMMR\src\MovieMakerCore\StoryboardManager\TimelineTrack.h(151,36): warning C4251:         [ [C:\Users\mcmco\Desktop\WMMR\build\src\MovieMakerCore\MovieMakerCore.vcxproj]
C:\Users\mcmco\Desktop\WMMR\src\MovieMakerCore\StoryboardManager\TimelineTrack.h(151,36): warning C4251:             E=StoryboardManager::TimelineTrack * [C:\Users\mcmco\Desktop\WMMR\build\src\MovieMakerCore\MovieMakerCore.vcxproj]
C:\Users\mcmco\Desktop\WMMR\src\MovieMakerCore\StoryboardManager\TimelineTrack.h(151,36): warning C4251:         ] [C:\Users\mcmco\Desktop\WMMR\build\src\MovieMakerCore\MovieMakerCore.vcxproj]
  (compiling source file '../../../src/MovieMakerCore/StoryboardManager/Theme/TextComposition.cpp')
      C:\Program Files (x86)\Microsoft Visual Studio\2022\BuildTools\VC\Tools\MSVC\14.44.35207\atlmfc\include\atlcoll.h(530,7):
      see declaration of 'ATL::CAtlArray<StoryboardManager::TimelineTrack *,ATL::CElementTraits<E>>'
          with
          [
              E=StoryboardManager::TimelineTrack *
          ]
  
C:\Users\mcmco\Desktop\WMMR\src\MovieMakerCore\StoryboardManager\Theme\ThemeStructure.cpp(168,7): error C2614: 'StoryboardManager::ThemeMid': illegal member initialization: 'm_pDefaultTransition' is not a base or member [C:\Users\mcmco\Desktop\WMMR\build\src\MovieMakerCore\MovieMakerCore.vcxproj]
C:\Users\mcmco\Desktop\WMMR\src\MovieMakerCore\StoryboardManager\TimelineTrack.h(151,36): warning C4251: 'StoryboardManager::TimelineTrackManager::m_arrTracks': 'ATL::CAtlArray<StoryboardManager::TimelineTrack *,ATL::CElementTraits<E>>' needs to have dll-interface to be used by clients of 'StoryboardManager::TimelineTrackManager' [C:\Users\mcmco\Desktop\WMMR\build\src\MovieMakerCore\MovieMakerCore.vcxproj]
C:\Users\mcmco\Desktop\WMMR\src\MovieMakerCore\StoryboardManager\TimelineTrack.h(151,36): warning C4251:         with [C:\Users\mcmco\Desktop\WMMR\build\src\MovieMakerCore\MovieMakerCore.vcxproj]
C:\Users\mcmco\Desktop\WMMR\src\MovieMakerCore\StoryboardManager\TimelineTrack.h(151,36): warning C4251:         [ [C:\Users\mcmco\Desktop\WMMR\build\src\MovieMakerCore\MovieMakerCore.vcxproj]
C:\Users\mcmco\Desktop\WMMR\src\MovieMakerCore\StoryboardManager\TimelineTrack.h(151,36): warning C4251:             E=StoryboardManager::TimelineTrack * [C:\Users\mcmco\Desktop\WMMR\build\src\MovieMakerCore\MovieMakerCore.vcxproj]
C:\Users\mcmco\Desktop\WMMR\src\MovieMakerCore\StoryboardManager\TimelineTrack.h(151,36): warning C4251:         ] [C:\Users\mcmco\Desktop\WMMR\build\src\MovieMakerCore\MovieMakerCore.vcxproj]
  (compiling source file '../../../src/MovieMakerCore/StoryboardManager/MovieEffect/MovieEffect.cpp')
      C:\Program Files (x86)\Microsoft Visual Studio\2022\BuildTools\VC\Tools\MSVC\14.44.35207\atlmfc\include\atlcoll.h(530,7):
      see declaration of 'ATL::CAtlArray<StoryboardManager::TimelineTrack *,ATL::CElementTraits<E>>'
          with
          [
              E=StoryboardManager::TimelineTrack *
          ]
  
C:\Users\mcmco\Desktop\WMMR\src\MovieMakerCore\StoryboardManager\MovieExtent.h(151,25): warning C4251: 'StoryboardManager::MovieExtent::m_strTitleText': 'ATL::CStringT<wchar_t,ATL::StrTraitATL<wchar_t,ATL::ChTraitsCRT<wchar_t>>>' needs to have dll-interface to be used by clients of 'StoryboardManager::MovieExtent' [C:\Users\mcmco\Desktop\WMMR\build\src\MovieMakerCore\MovieMakerCore.vcxproj]
  (compiling source file '../../../src/MovieMakerCore/StoryboardManager/Theme/TextComposition.cpp')
      C:\Program Files (x86)\Microsoft Visual Studio\2022\BuildTools\VC\Tools\MSVC\14.44.35207\atlmfc\include\cstringt.h(999,7):
      see declaration of 'ATL::CStringT<wchar_t,ATL::StrTraitATL<wchar_t,ATL::ChTraitsCRT<wchar_t>>>'
  
C:\Users\mcmco\Desktop\WMMR\src\MovieMakerCore\StoryboardManager\Theme\ThemeStructure.cpp(209,32): error C2039: 'GetDefaultEffectTemplate': is not a member of 'StoryboardManager::ThemeMid' [C:\Users\mcmco\Desktop\WMMR\build\src\MovieMakerCore\MovieMakerCore.vcxproj]
      C:\Users\mcmco\Desktop\WMMR\src\MovieMakerCore\StoryboardManager\Theme\ThemeStructure.h(180,22):
      see declaration of 'StoryboardManager::ThemeMid'
  
C:\Users\mcmco\Desktop\WMMR\src\MovieMakerCore\StoryboardManager\MovieExtent.h(152,25): warning C4251: 'StoryboardManager::MovieExtent::m_strTitleFontFamily': 'ATL::CStringT<wchar_t,ATL::StrTraitATL<wchar_t,ATL::ChTraitsCRT<wchar_t>>>' needs to have dll-interface to be used by clients of 'StoryboardManager::MovieExtent' [C:\Users\mcmco\Desktop\WMMR\build\src\MovieMakerCore\MovieMakerCore.vcxproj]
  (compiling source file '../../../src/MovieMakerCore/StoryboardManager/Theme/TextComposition.cpp')
      C:\Program Files (x86)\Microsoft Visual Studio\2022\BuildTools\VC\Tools\MSVC\14.44.35207\atlmfc\include\cstringt.h(999,7):
      see declaration of 'ATL::CStringT<wchar_t,ATL::StrTraitATL<wchar_t,ATL::ChTraitsCRT<wchar_t>>>'
  
C:\Users\mcmco\Desktop\WMMR\src\MovieMakerCore\StoryboardManager\Theme\ThemeStructure.cpp(209,68): error C2065: 'm_pDefaultEffectTemplate': undeclared identifier [C:\Users\mcmco\Desktop\WMMR\build\src\MovieMakerCore\MovieMakerCore.vcxproj]
C:\Users\mcmco\Desktop\WMMR\src\MovieMakerCore\StoryboardManager\Theme\ThemeStructure.cpp(210,38): error C2039: 'GetDefaultEffectTemplate': is not a member of 'StoryboardManager::ThemeMid' [C:\Users\mcmco\Desktop\WMMR\build\src\MovieMakerCore\MovieMakerCore.vcxproj]
      C:\Users\mcmco\Desktop\WMMR\src\MovieMakerCore\StoryboardManager\Theme\ThemeStructure.h(180,22):
      see declaration of 'StoryboardManager::ThemeMid'
  
C:\Users\mcmco\Desktop\WMMR\src\MovieMakerCore\StoryboardManager\MovieExtent.h(151,25): warning C4251: 'StoryboardManager::MovieExtent::m_strTitleText': 'ATL::CStringT<wchar_t,ATL::StrTraitATL<wchar_t,ATL::ChTraitsCRT<wchar_t>>>' needs to have dll-interface to be used by clients of 'StoryboardManager::MovieExtent' [C:\Users\mcmco\Desktop\WMMR\build\src\MovieMakerCore\MovieMakerCore.vcxproj]
  (compiling source file '../../../src/MovieMakerCore/StoryboardManager/MovieEffect/MovieEffect.cpp')
      C:\Program Files (x86)\Microsoft Visual Studio\2022\BuildTools\VC\Tools\MSVC\14.44.35207\atlmfc\include\cstringt.h(999,7):
      see declaration of 'ATL::CStringT<wchar_t,ATL::StrTraitATL<wchar_t,ATL::ChTraitsCRT<wchar_t>>>'
  
C:\Users\mcmco\Desktop\WMMR\src\MovieMakerCore\StoryboardManager\Theme\ThemeStructure.cpp(210,38): error C2270: 'GetDefaultEffectTemplate': modifiers not allowed on nonmember functions [C:\Users\mcmco\Desktop\WMMR\build\src\MovieMakerCore\MovieMakerCore.vcxproj]
C:\Users\mcmco\Desktop\WMMR\src\MovieMakerCore\StoryboardManager\MovieExtent.h(152,25): warning C4251: 'StoryboardManager::MovieExtent::m_strTitleFontFamily': 'ATL::CStringT<wchar_t,ATL::StrTraitATL<wchar_t,ATL::ChTraitsCRT<wchar_t>>>' needs to have dll-interface to be used by clients of 'StoryboardManager::MovieExtent' [C:\Users\mcmco\Desktop\WMMR\build\src\MovieMakerCore\MovieMakerCore.vcxproj]
  (compiling source file '../../../src/MovieMakerCore/StoryboardManager/MovieEffect/MovieEffect.cpp')
      C:\Program Files (x86)\Microsoft Visual Studio\2022\BuildTools\VC\Tools\MSVC\14.44.35207\atlmfc\include\cstringt.h(999,7):
      see declaration of 'ATL::CStringT<wchar_t,ATL::StrTraitATL<wchar_t,ATL::ChTraitsCRT<wchar_t>>>'
  
C:\Users\mcmco\Desktop\WMMR\src\MovieMakerCore\StoryboardManager\Theme\ThemeStructure.cpp(210,38): error C2556: 'const StoryboardManager::ThemeEffectTemplate *StoryboardManager::GetDefaultEffectTemplate(void)': overloaded function differs only by return type from 'StoryboardManager::ThemeEffectTemplate *StoryboardManager::GetDefaultEffectTemplate(void)' [C:\Users\mcmco\Desktop\WMMR\build\src\MovieMakerCore\MovieMakerCore.vcxproj]
      C:\Users\mcmco\Desktop\WMMR\src\MovieMakerCore\StoryboardManager\Theme\ThemeStructure.cpp(209,32):
      see declaration of 'StoryboardManager::GetDefaultEffectTemplate'
  
C:\Users\mcmco\Desktop\WMMR\src\MovieMakerCore\StoryboardManager\Theme\ThemeStructure.cpp(210,80): error C2065: 'm_pDefaultEffectTemplate': undeclared identifier [C:\Users\mcmco\Desktop\WMMR\build\src\MovieMakerCore\MovieMakerCore.vcxproj]
C:\Users\mcmco\Desktop\WMMR\src\MovieMakerCore\HMRAVSource\MFSource.h(79,25): error C2504: 'HMRAVSource::AVSource': base class undefined [C:\Users\mcmco\Desktop\WMMR\build\src\MovieMakerCore\MovieMakerCore.vcxproj]
  (compiling source file '../../../src/MovieMakerCore/HMRAVSource/AVSource.cpp')
  
C:\Users\mcmco\Desktop\WMMR\src\MovieMakerCore\StoryboardManager\Theme\ThemeStructure.cpp(211,62): error C2065: 'pTemplate': undeclared identifier [C:\Users\mcmco\Desktop\WMMR\build\src\MovieMakerCore\MovieMakerCore.vcxproj]
C:\Users\mcmco\Desktop\WMMR\src\MovieMakerCore\HMRAVSource\MFSource.h(86,18): error C4430: missing type specifier - int assumed. Note: C++ does not support default-int [C:\Users\mcmco\Desktop\WMMR\build\src\MovieMakerCore\MovieMakerCore.vcxproj]
  (compiling source file '../../../src/MovieMakerCore/HMRAVSource/AVSource.cpp')
  
C:\Users\mcmco\Desktop\WMMR\src\MovieMakerCore\StoryboardManager\Theme\ThemeStructure.cpp(211,41): error C2597: illegal reference to non-static member 'StoryboardManager::ThemeMid::ThemeEffectTemplate' [C:\Users\mcmco\Desktop\WMMR\build\src\MovieMakerCore\MovieMakerCore.vcxproj]
      C:\Users\mcmco\Desktop\WMMR\src\MovieMakerCore\StoryboardManager\Theme\ThemeStructure.cpp(211,41):
      see declaration of 'StoryboardManager::ThemeMid::ThemeEffectTemplate'
  
C:\Users\mcmco\Desktop\WMMR\src\MovieMakerCore\HMRAVSource\MFSource.h(86,36): error C2143: syntax error: missing ',' before '&' [C:\Users\mcmco\Desktop\WMMR\build\src\MovieMakerCore\MovieMakerCore.vcxproj]
  (compiling source file '../../../src/MovieMakerCore/HMRAVSource/AVSource.cpp')
  
C:\Users\mcmco\Desktop\WMMR\src\MovieMakerCore\StoryboardManager\Theme\ThemeStructure.cpp(211,41): error C3867: 'StoryboardManager::ThemeMid::ThemeEffectTemplate': non-standard syntax; use '&' to create a pointer to member [C:\Users\mcmco\Desktop\WMMR\build\src\MovieMakerCore\MovieMakerCore.vcxproj]
C:\Users\mcmco\Desktop\WMMR\src\MovieMakerCore\StoryboardManager\Extents.h(104,37): warning C4251: 'StoryboardManager::ExtentCollection::m_arrExtents': 'ATL::CAtlArray<StoryboardManager::MovieExtent *,ATL::CElementTraits<E>>' needs to have dll-interface to be used by clients of 'StoryboardManager::ExtentCollection' [C:\Users\mcmco\Desktop\WMMR\build\src\MovieMakerCore\MovieMakerCore.vcxproj]
C:\Users\mcmco\Desktop\WMMR\src\MovieMakerCore\StoryboardManager\Extents.h(104,37): warning C4251:         with [C:\Users\mcmco\Desktop\WMMR\build\src\MovieMakerCore\MovieMakerCore.vcxproj]
C:\Users\mcmco\Desktop\WMMR\src\MovieMakerCore\StoryboardManager\Extents.h(104,37): warning C4251:         [ [C:\Users\mcmco\Desktop\WMMR\build\src\MovieMakerCore\MovieMakerCore.vcxproj]
C:\Users\mcmco\Desktop\WMMR\src\MovieMakerCore\StoryboardManager\Extents.h(104,37): warning C4251:             E=StoryboardManager::MovieExtent * [C:\Users\mcmco\Desktop\WMMR\build\src\MovieMakerCore\MovieMakerCore.vcxproj]
C:\Users\mcmco\Desktop\WMMR\src\MovieMakerCore\StoryboardManager\Extents.h(104,37): warning C4251:         ] [C:\Users\mcmco\Desktop\WMMR\build\src\MovieMakerCore\MovieMakerCore.vcxproj]
  (compiling source file '../../../src/MovieMakerCore/StoryboardManager/Theme/TextComposition.cpp')
      C:\Program Files (x86)\Microsoft Visual Studio\2022\BuildTools\VC\Tools\MSVC\14.44.35207\atlmfc\include\atlcoll.h(530,7):
      see declaration of 'ATL::CAtlArray<StoryboardManager::MovieExtent *,ATL::CElementTraits<E>>'
          with
          [
              E=StoryboardManager::MovieExtent *
          ]
  
C:\Users\mcmco\Desktop\WMMR\src\MovieMakerCore\StoryboardManager\Theme\ThemeStructure.cpp(211,41): error C2568: '*': unable to resolve function overload [C:\Users\mcmco\Desktop\WMMR\build\src\MovieMakerCore\MovieMakerCore.vcxproj]
C:\Users\mcmco\Desktop\WMMR\src\MovieMakerCore\StoryboardManager\Theme\ThemeStructure.cpp(211,16): error C2761: 'void StoryboardManager::ThemeMid::SetDefaultEffectTemplate(void)': redeclaration of member is not allowed [C:\Users\mcmco\Desktop\WMMR\build\src\MovieMakerCore\MovieMakerCore.vcxproj]
C:\Users\mcmco\Desktop\WMMR\src\MovieMakerCore\StoryboardManager\Theme\ThemeStructure.cpp(211,73): error C2143: syntax error: missing ';' before '{' [C:\Users\mcmco\Desktop\WMMR\build\src\MovieMakerCore\MovieMakerCore.vcxproj]
C:\Users\mcmco\Desktop\WMMR\src\MovieMakerCore\StoryboardManager\Theme\ThemeStructure.cpp(211,73): error C2447: '{': missing function header (old-style formal list?) [C:\Users\mcmco\Desktop\WMMR\build\src\MovieMakerCore\MovieMakerCore.vcxproj]
C:\Users\mcmco\Desktop\WMMR\src\MovieMakerCore\StoryboardManager\Theme\ThemeStructure.cpp(213,28): error C2039: 'GetDefaultTransition': is not a member of 'StoryboardManager::ThemeMid' [C:\Users\mcmco\Desktop\WMMR\build\src\MovieMakerCore\MovieMakerCore.vcxproj]
      C:\Users\mcmco\Desktop\WMMR\src\MovieMakerCore\StoryboardManager\Theme\ThemeStructure.h(180,22):
      see declaration of 'StoryboardManager::ThemeMid'
  
C:\Users\mcmco\Desktop\WMMR\src\MovieMakerCore\StoryboardManager\Theme\ThemeStructure.cpp(213,60): error C2065: 'm_pDefaultTransition': undeclared identifier [C:\Users\mcmco\Desktop\WMMR\build\src\MovieMakerCore\MovieMakerCore.vcxproj]
C:\Users\mcmco\Desktop\WMMR\src\MovieMakerCore\StoryboardManager\Extents.h(158,27): warning C4251: 'StoryboardManager::ExtentIdSet::m_arrIds': 'ATL::CAtlArray<DWORD,ATL::CElementTraits<unsigned long>>' needs to have dll-interface to be used by clients of 'StoryboardManager::ExtentIdSet' [C:\Users\mcmco\Desktop\WMMR\build\src\MovieMakerCore\MovieMakerCore.vcxproj]
  (compiling source file '../../../src/MovieMakerCore/StoryboardManager/Theme/TextComposition.cpp')
      C:\Program Files (x86)\Microsoft Visual Studio\2022\BuildTools\VC\Tools\MSVC\14.44.35207\atlmfc\include\atlcoll.h(530,7):
      see declaration of 'ATL::CAtlArray<DWORD,ATL::CElementTraits<unsigned long>>'
  
C:\Users\mcmco\Desktop\WMMR\src\MovieMakerCore\StoryboardManager\Theme\ThemeStructure.cpp(214,34): error C2039: 'GetDefaultTransition': is not a member of 'StoryboardManager::ThemeMid' [C:\Users\mcmco\Desktop\WMMR\build\src\MovieMakerCore\MovieMakerCore.vcxproj]
      C:\Users\mcmco\Desktop\WMMR\src\MovieMakerCore\StoryboardManager\Theme\ThemeStructure.h(180,22):
      see declaration of 'StoryboardManager::ThemeMid'
  
C:\Users\mcmco\Desktop\WMMR\src\MovieMakerCore\StoryboardManager\Theme\ThemeStructure.cpp(214,34): error C2270: 'GetDefaultTransition': modifiers not allowed on nonmember functions [C:\Users\mcmco\Desktop\WMMR\build\src\MovieMakerCore\MovieMakerCore.vcxproj]
C:\Users\mcmco\Desktop\WMMR\src\MovieMakerCore\StoryboardManager\Theme\ThemeStructure.cpp(214,34): error C2556: 'const StoryboardManager::ThemeTransition *StoryboardManager::GetDefaultTransition(void)': overloaded function differs only by return type from 'StoryboardManager::ThemeTransition *StoryboardManager::GetDefaultTransition(void)' [C:\Users\mcmco\Desktop\WMMR\build\src\MovieMakerCore\MovieMakerCore.vcxproj]
      C:\Users\mcmco\Desktop\WMMR\src\MovieMakerCore\StoryboardManager\Theme\ThemeStructure.cpp(213,28):
      see declaration of 'StoryboardManager::GetDefaultTransition'
  
C:\Users\mcmco\Desktop\WMMR\src\MovieMakerCore\StoryboardManager\Theme\ThemeStructure.cpp(214,72): error C2065: 'm_pDefaultTransition': undeclared identifier [C:\Users\mcmco\Desktop\WMMR\build\src\MovieMakerCore\MovieMakerCore.vcxproj]
C:\Users\mcmco\Desktop\WMMR\src\MovieMakerCore\StoryboardManager\Theme\ThemeStructure.cpp(215,54): error C2065: 'pTransition': undeclared identifier [C:\Users\mcmco\Desktop\WMMR\build\src\MovieMakerCore\MovieMakerCore.vcxproj]
C:\Users\mcmco\Desktop\WMMR\src\MovieMakerCore\StoryboardManager\Theme\ThemeStructure.cpp(215,37): error C2597: illegal reference to non-static member 'StoryboardManager::ThemeMid::ThemeTransition' [C:\Users\mcmco\Desktop\WMMR\build\src\MovieMakerCore\MovieMakerCore.vcxproj]
      C:\Users\mcmco\Desktop\WMMR\src\MovieMakerCore\StoryboardManager\Theme\ThemeStructure.cpp(215,37):
      see declaration of 'StoryboardManager::ThemeMid::ThemeTransition'
  
C:\Users\mcmco\Desktop\WMMR\src\MovieMakerCore\StoryboardManager\Theme\ThemeStructure.cpp(215,37): error C3867: 'StoryboardManager::ThemeMid::ThemeTransition': non-standard syntax; use '&' to create a pointer to member [C:\Users\mcmco\Desktop\WMMR\build\src\MovieMakerCore\MovieMakerCore.vcxproj]
C:\Users\mcmco\Desktop\WMMR\src\MovieMakerCore\StoryboardManager\Theme\ThemeStructure.cpp(215,37): error C2568: '*': unable to resolve function overload [C:\Users\mcmco\Desktop\WMMR\build\src\MovieMakerCore\MovieMakerCore.vcxproj]
C:\Users\mcmco\Desktop\WMMR\src\MovieMakerCore\StoryboardManager\Templates.h(127,25): warning C4251: 'StoryboardManager::ThemeEffect::m_strX3dClipName': 'ATL::CStringT<wchar_t,ATL::StrTraitATL<wchar_t,ATL::ChTraitsCRT<wchar_t>>>' needs to have dll-interface to be used by clients of 'StoryboardManager::ThemeEffect' [C:\Users\mcmco\Desktop\WMMR\build\src\MovieMakerCore\MovieMakerCore.vcxproj]
  (compiling source file '../../../src/MovieMakerCore/StoryboardManager/Theme/TextComposition.cpp')
      C:\Program Files (x86)\Microsoft Visual Studio\2022\BuildTools\VC\Tools\MSVC\14.44.35207\atlmfc\include\cstringt.h(999,7):
      see declaration of 'ATL::CStringT<wchar_t,ATL::StrTraitATL<wchar_t,ATL::ChTraitsCRT<wchar_t>>>'
  
C:\Users\mcmco\Desktop\WMMR\src\MovieMakerCore\StoryboardManager\Theme\ThemeStructure.cpp(215,16): error C2761: 'void StoryboardManager::ThemeMid::SetDefaultTransition(void)': redeclaration of member is not allowed [C:\Users\mcmco\Desktop\WMMR\build\src\MovieMakerCore\MovieMakerCore.vcxproj]
C:\Users\mcmco\Desktop\WMMR\src\MovieMakerCore\StoryboardManager\Theme\ThemeStructure.cpp(215,67): error C2143: syntax error: missing ';' before '{' [C:\Users\mcmco\Desktop\WMMR\build\src\MovieMakerCore\MovieMakerCore.vcxproj]
C:\Users\mcmco\Desktop\WMMR\src\MovieMakerCore\StoryboardManager\Theme\ThemeStructure.cpp(215,67): error C2447: '{': missing function header (old-style formal list?) [C:\Users\mcmco\Desktop\WMMR\build\src\MovieMakerCore\MovieMakerCore.vcxproj]
C:\Users\mcmco\Desktop\WMMR\src\MovieMakerCore\HMRAVSource\MFSource.h(126,32): error C4430: missing type specifier - int assumed. Note: C++ does not support default-int [C:\Users\mcmco\Desktop\WMMR\build\src\MovieMakerCore\MovieMakerCore.vcxproj]
  (compiling source file '../../../src/MovieMakerCore/HMRAVSource/AVSource.cpp')
  
C:\Users\mcmco\Desktop\WMMR\src\MovieMakerCore\HMRAVSource\MFSource.h(126,50): error C2143: syntax error: missing ',' before '&' [C:\Users\mcmco\Desktop\WMMR\build\src\MovieMakerCore\MovieMakerCore.vcxproj]
  (compiling source file '../../../src/MovieMakerCore/HMRAVSource/AVSource.cpp')
  
C:\Users\mcmco\Desktop\WMMR\src\MovieMakerCore\HMRAVSource\MFSource.h(86,13): error C3668: 'HMRAVSource::MFSource::Open': method with override specifier 'override' did not override any base class methods [C:\Users\mcmco\Desktop\WMMR\build\src\MovieMakerCore\MovieMakerCore.vcxproj]
  (compiling source file '../../../src/MovieMakerCore/HMRAVSource/AVSource.cpp')
  
C:\Users\mcmco\Desktop\WMMR\src\MovieMakerCore\pch.h(21,9): warning C4005: 'WINVER': macro redefinition [C:\Users\mcmco\Desktop\WMMR\build\src\MovieMakerCore\MovieMakerCore.vcxproj]
  (compiling source file '../../../src/MovieMakerCore/HMRAVSource/DShowSource.cpp')
      C:\Users\mcmco\Desktop\WMMR\src\MovieMakerCore\pch.h(21,9):
      'WINVER' previously declared on the command line
  
C:\Users\mcmco\Desktop\WMMR\src\MovieMakerCore\HMRAVSource\MFSource.h(87,13): error C3668: 'HMRAVSource::MFSource::Close': method with override specifier 'override' did not override any base class methods [C:\Users\mcmco\Desktop\WMMR\build\src\MovieMakerCore\MovieMakerCore.vcxproj]
  (compiling source file '../../../src/MovieMakerCore/HMRAVSource/AVSource.cpp')
  
C:\Users\mcmco\Desktop\WMMR\src\MovieMakerCore\pch.h(22,9): warning C4005: '_WIN32_WINNT': macro redefinition [C:\Users\mcmco\Desktop\WMMR\build\src\MovieMakerCore\MovieMakerCore.vcxproj]
  (compiling source file '../../../src/MovieMakerCore/HMRAVSource/DShowSource.cpp')
      C:\Users\mcmco\Desktop\WMMR\src\MovieMakerCore\pch.h(22,9):
      '_WIN32_WINNT' previously declared on the command line
  
C:\Users\mcmco\Desktop\WMMR\src\MovieMakerCore\HMRAVSource\MFSource.h(89,13): error C3668: 'HMRAVSource::MFSource::SetPositionHns': method with override specifier 'override' did not override any base class methods [C:\Users\mcmco\Desktop\WMMR\build\src\MovieMakerCore\MovieMakerCore.vcxproj]
  (compiling source file '../../../src/MovieMakerCore/HMRAVSource/AVSource.cpp')
  
C:\Users\mcmco\Desktop\WMMR\src\MovieMakerCore\StoryboardManager\Templates.h(135,31): warning C4251: 'StoryboardManager::ThemeEffect::m_arrParameters': 'ATL::CAtlArray<StoryboardManager::ThemeEffect::Parameter,ATL::CElementTraits<E>>' needs to have dll-interface to be used by clients of 'StoryboardManager::ThemeEffect' [C:\Users\mcmco\Desktop\WMMR\build\src\MovieMakerCore\MovieMakerCore.vcxproj]
C:\Users\mcmco\Desktop\WMMR\src\MovieMakerCore\StoryboardManager\Templates.h(135,31): warning C4251:         with [C:\Users\mcmco\Desktop\WMMR\build\src\MovieMakerCore\MovieMakerCore.vcxproj]
C:\Users\mcmco\Desktop\WMMR\src\MovieMakerCore\StoryboardManager\Templates.h(135,31): warning C4251:         [ [C:\Users\mcmco\Desktop\WMMR\build\src\MovieMakerCore\MovieMakerCore.vcxproj]
C:\Users\mcmco\Desktop\WMMR\src\MovieMakerCore\StoryboardManager\Templates.h(135,31): warning C4251:             E=StoryboardManager::ThemeEffect::Parameter [C:\Users\mcmco\Desktop\WMMR\build\src\MovieMakerCore\MovieMakerCore.vcxproj]
C:\Users\mcmco\Desktop\WMMR\src\MovieMakerCore\StoryboardManager\Templates.h(135,31): warning C4251:         ] [C:\Users\mcmco\Desktop\WMMR\build\src\MovieMakerCore\MovieMakerCore.vcxproj]
  (compiling source file '../../../src/MovieMakerCore/StoryboardManager/Theme/TextComposition.cpp')
      C:\Program Files (x86)\Microsoft Visual Studio\2022\BuildTools\VC\Tools\MSVC\14.44.35207\atlmfc\include\atlcoll.h(530,7):
      see declaration of 'ATL::CAtlArray<StoryboardManager::ThemeEffect::Parameter,ATL::CElementTraits<E>>'
          with
          [
              E=StoryboardManager::ThemeEffect::Parameter
          ]
  
C:\Users\mcmco\Desktop\WMMR\src\MovieMakerCore\pch.h(30,9): warning C4005: 'WIN32_LEAN_AND_MEAN': macro redefinition [C:\Users\mcmco\Desktop\WMMR\build\src\MovieMakerCore\MovieMakerCore.vcxproj]
  (compiling source file '../../../src/MovieMakerCore/HMRAVSource/DShowSource.cpp')
      C:\Users\mcmco\Desktop\WMMR\src\MovieMakerCore\pch.h(30,9):
      'WIN32_LEAN_AND_MEAN' previously declared on the command line
  
C:\Users\mcmco\Desktop\WMMR\src\MovieMakerCore\HMRAVSource\MFSource.h(91,13): error C3668: 'HMRAVSource::MFSource::Start': method with override specifier 'override' did not override any base class methods [C:\Users\mcmco\Desktop\WMMR\build\src\MovieMakerCore\MovieMakerCore.vcxproj]
  (compiling source file '../../../src/MovieMakerCore/HMRAVSource/AVSource.cpp')
  
C:\Users\mcmco\Desktop\WMMR\src\MovieMakerCore\HMRAVSource\MFSource.h(92,13): error C3668: 'HMRAVSource::MFSource::Stop': method with override specifier 'override' did not override any base class methods [C:\Users\mcmco\Desktop\WMMR\build\src\MovieMakerCore\MovieMakerCore.vcxproj]
  (compiling source file '../../../src/MovieMakerCore/HMRAVSource/AVSource.cpp')
  
C:\Users\mcmco\Desktop\WMMR\src\MovieMakerCore\pch.h(31,9): warning C4005: 'NOMINMAX': macro redefinition [C:\Users\mcmco\Desktop\WMMR\build\src\MovieMakerCore\MovieMakerCore.vcxproj]
  (compiling source file '../../../src/MovieMakerCore/HMRAVSource/DShowSource.cpp')
      C:\Users\mcmco\Desktop\WMMR\src\MovieMakerCore\pch.h(31,9):
      'NOMINMAX' previously declared on the command line
  
C:\Users\mcmco\Desktop\WMMR\src\MovieMakerCore\HMRAVSource\MFSource.h(94,13): error C3668: 'HMRAVSource::MFSource::ReadSample': method with override specifier 'override' did not override any base class methods [C:\Users\mcmco\Desktop\WMMR\build\src\MovieMakerCore\MovieMakerCore.vcxproj]
  (compiling source file '../../../src/MovieMakerCore/HMRAVSource/AVSource.cpp')
  
C:\Users\mcmco\Desktop\WMMR\src\MovieMakerCore\HMRAVSource\MFSource.h(95,13): error C3668: 'HMRAVSource::MFSource::Flush': method with override specifier 'override' did not override any base class methods [C:\Users\mcmco\Desktop\WMMR\build\src\MovieMakerCore\MovieMakerCore.vcxproj]
  (compiling source file '../../../src/MovieMakerCore/HMRAVSource/AVSource.cpp')
  
C:\Users\mcmco\Desktop\WMMR\src\MovieMakerCore\pch.h(32,9): warning C4005: '_CRT_SECURE_NO_WARNINGS': macro redefinition [C:\Users\mcmco\Desktop\WMMR\build\src\MovieMakerCore\MovieMakerCore.vcxproj]
  (compiling source file '../../../src/MovieMakerCore/HMRAVSource/DShowSource.cpp')
      C:\Users\mcmco\Desktop\WMMR\src\MovieMakerCore\pch.h(32,9):
      '_CRT_SECURE_NO_WARNINGS' previously declared on the command line
  
C:\Users\mcmco\Desktop\WMMR\src\MovieMakerCore\StoryboardManager\Templates.h(206,21): warning C4251: 'StoryboardManager::AutoMovieTheme::m_strName': 'ATL::CStringT<wchar_t,ATL::StrTraitATL<wchar_t,ATL::ChTraitsCRT<wchar_t>>>' needs to have dll-interface to be used by clients of 'StoryboardManager::AutoMovieTheme' [C:\Users\mcmco\Desktop\WMMR\build\src\MovieMakerCore\MovieMakerCore.vcxproj]
  (compiling source file '../../../src/MovieMakerCore/StoryboardManager/Theme/TextComposition.cpp')
      C:\Program Files (x86)\Microsoft Visual Studio\2022\BuildTools\VC\Tools\MSVC\14.44.35207\atlmfc\include\cstringt.h(999,7):
      see declaration of 'ATL::CStringT<wchar_t,ATL::StrTraitATL<wchar_t,ATL::ChTraitsCRT<wchar_t>>>'
  
C:\Users\mcmco\Desktop\WMMR\src\MovieMakerCore\HMRAVSource\MFSource.h(97,13): error C3668: 'HMRAVSource::MFSource::GetEvent': method with override specifier 'override' did not override any base class methods [C:\Users\mcmco\Desktop\WMMR\build\src\MovieMakerCore\MovieMakerCore.vcxproj]
  (compiling source file '../../../src/MovieMakerCore/HMRAVSource/AVSource.cpp')
  
C:\Users\mcmco\Desktop\WMMR\src\MovieMakerCore\HMRAVSource\MFSource.h(98,13): error C3668: 'HMRAVSource::MFSource::BeginGetEvent': method with override specifier 'override' did not override any base class methods [C:\Users\mcmco\Desktop\WMMR\build\src\MovieMakerCore\MovieMakerCore.vcxproj]
  (compiling source file '../../../src/MovieMakerCore/HMRAVSource/AVSource.cpp')
  
C:\Users\mcmco\Desktop\WMMR\src\MovieMakerCore\pch.h(33,9): warning C4005: '_WINDLL': macro redefinition [C:\Users\mcmco\Desktop\WMMR\build\src\MovieMakerCore\MovieMakerCore.vcxproj]
  (compiling source file '../../../src/MovieMakerCore/HMRAVSource/DShowSource.cpp')
      C:\Users\mcmco\Desktop\WMMR\src\MovieMakerCore\pch.h(33,9):
      '_WINDLL' previously declared on the command line
  
C:\Users\mcmco\Desktop\WMMR\src\MovieMakerCore\StoryboardManager\Templates.h(207,21): warning C4251: 'StoryboardManager::AutoMovieTheme::m_strDisplayName': 'ATL::CStringT<wchar_t,ATL::StrTraitATL<wchar_t,ATL::ChTraitsCRT<wchar_t>>>' needs to have dll-interface to be used by clients of 'StoryboardManager::AutoMovieTheme' [C:\Users\mcmco\Desktop\WMMR\build\src\MovieMakerCore\MovieMakerCore.vcxproj]
  (compiling source file '../../../src/MovieMakerCore/StoryboardManager/Theme/TextComposition.cpp')
      C:\Program Files (x86)\Microsoft Visual Studio\2022\BuildTools\VC\Tools\MSVC\14.44.35207\atlmfc\include\cstringt.h(999,7):
      see declaration of 'ATL::CStringT<wchar_t,ATL::StrTraitATL<wchar_t,ATL::ChTraitsCRT<wchar_t>>>'
  
C:\Users\mcmco\Desktop\WMMR\src\MovieMakerCore\HMRAVSource\MFSource.h(99,13): error C3668: 'HMRAVSource::MFSource::EndGetEvent': method with override specifier 'override' did not override any base class methods [C:\Users\mcmco\Desktop\WMMR\build\src\MovieMakerCore\MovieMakerCore.vcxproj]
  (compiling source file '../../../src/MovieMakerCore/HMRAVSource/AVSource.cpp')
  
C:\Users\mcmco\Desktop\WMMR\src\MovieMakerCore\pch.h(34,9): warning C4005: '_AFXDLL': macro redefinition [C:\Users\mcmco\Desktop\WMMR\build\src\MovieMakerCore\MovieMakerCore.vcxproj]
  (compiling source file '../../../src/MovieMakerCore/HMRAVSource/DShowSource.cpp')
      C:\Users\mcmco\Desktop\WMMR\src\MovieMakerCore\pch.h(34,9):
      '_AFXDLL' previously declared on the command line
  
C:\Users\mcmco\Desktop\WMMR\src\MovieMakerCore\StoryboardManager\Templates.h(208,21): warning C4251: 'StoryboardManager::AutoMovieTheme::m_strDescription': 'ATL::CStringT<wchar_t,ATL::StrTraitATL<wchar_t,ATL::ChTraitsCRT<wchar_t>>>' needs to have dll-interface to be used by clients of 'StoryboardManager::AutoMovieTheme' [C:\Users\mcmco\Desktop\WMMR\build\src\MovieMakerCore\MovieMakerCore.vcxproj]
  (compiling source file '../../../src/MovieMakerCore/StoryboardManager/Theme/TextComposition.cpp')
      C:\Program Files (x86)\Microsoft Visual Studio\2022\BuildTools\VC\Tools\MSVC\14.44.35207\atlmfc\include\cstringt.h(999,7):
      see declaration of 'ATL::CStringT<wchar_t,ATL::StrTraitATL<wchar_t,ATL::ChTraitsCRT<wchar_t>>>'
  
C:\Users\mcmco\Desktop\WMMR\src\MovieMakerCore\pch.h(35,9): warning C4005: '_ATL_CSTRING_EXPLICIT_CONSTRUCTORS': macro redefinition [C:\Users\mcmco\Desktop\WMMR\build\src\MovieMakerCore\MovieMakerCore.vcxproj]
  (compiling source file '../../../src/MovieMakerCore/HMRAVSource/DShowSource.cpp')
      C:\Users\mcmco\Desktop\WMMR\src\MovieMakerCore\pch.h(35,9):
      '_ATL_CSTRING_EXPLICIT_CONSTRUCTORS' previously declared on the command line
  
C:\Users\mcmco\Desktop\WMMR\src\MovieMakerCore\StoryboardManager\Templates.h(209,21): warning C4251: 'StoryboardManager::AutoMovieTheme::m_strThumbnailPath': 'ATL::CStringT<wchar_t,ATL::StrTraitATL<wchar_t,ATL::ChTraitsCRT<wchar_t>>>' needs to have dll-interface to be used by clients of 'StoryboardManager::AutoMovieTheme' [C:\Users\mcmco\Desktop\WMMR\build\src\MovieMakerCore\MovieMakerCore.vcxproj]
  (compiling source file '../../../src/MovieMakerCore/StoryboardManager/Theme/TextComposition.cpp')
      C:\Program Files (x86)\Microsoft Visual Studio\2022\BuildTools\VC\Tools\MSVC\14.44.35207\atlmfc\include\cstringt.h(999,7):
      see declaration of 'ATL::CStringT<wchar_t,ATL::StrTraitATL<wchar_t,ATL::ChTraitsCRT<wchar_t>>>'
  
C:\Users\mcmco\Desktop\WMMR\src\MovieMakerCore\pch.h(36,9): warning C4005: '_ATL_ALL_WARNINGS': macro redefinition [C:\Users\mcmco\Desktop\WMMR\build\src\MovieMakerCore\MovieMakerCore.vcxproj]
  (compiling source file '../../../src/MovieMakerCore/HMRAVSource/DShowSource.cpp')
      C:\Users\mcmco\Desktop\WMMR\src\MovieMakerCore\pch.h(36,9):
      '_ATL_ALL_WARNINGS' previously declared on the command line
  
C:\Users\mcmco\Desktop\WMMR\src\MovieMakerCore\HMRAVSource\DShowSource.h(44,28): error C2504: 'HMRAVSource::AVSource': base class undefined [C:\Users\mcmco\Desktop\WMMR\build\src\MovieMakerCore\MovieMakerCore.vcxproj]
  (compiling source file '../../../src/MovieMakerCore/HMRAVSource/AVSource.cpp')
  
C:\Users\mcmco\Desktop\WMMR\src\MovieMakerCore\StoryboardManager\Templates.h(210,21): warning C4251: 'StoryboardManager::AutoMovieTheme::m_strCategory': 'ATL::CStringT<wchar_t,ATL::StrTraitATL<wchar_t,ATL::ChTraitsCRT<wchar_t>>>' needs to have dll-interface to be used by clients of 'StoryboardManager::AutoMovieTheme' [C:\Users\mcmco\Desktop\WMMR\build\src\MovieMakerCore\MovieMakerCore.vcxproj]
  (compiling source file '../../../src/MovieMakerCore/StoryboardManager/Theme/TextComposition.cpp')
      C:\Program Files (x86)\Microsoft Visual Studio\2022\BuildTools\VC\Tools\MSVC\14.44.35207\atlmfc\include\cstringt.h(999,7):
      see declaration of 'ATL::CStringT<wchar_t,ATL::StrTraitATL<wchar_t,ATL::ChTraitsCRT<wchar_t>>>'
  
C:\Users\mcmco\Desktop\WMMR\src\MovieMakerCore\HMRAVSource\DShowSource.h(51,18): error C4430: missing type specifier - int assumed. Note: C++ does not support default-int [C:\Users\mcmco\Desktop\WMMR\build\src\MovieMakerCore\MovieMakerCore.vcxproj]
  (compiling source file '../../../src/MovieMakerCore/HMRAVSource/AVSource.cpp')
  
C:\Users\mcmco\Desktop\WMMR\src\MovieMakerCore\HMRAVSource\DShowSource.h(51,36): error C2143: syntax error: missing ',' before '&' [C:\Users\mcmco\Desktop\WMMR\build\src\MovieMakerCore\MovieMakerCore.vcxproj]
  (compiling source file '../../../src/MovieMakerCore/HMRAVSource/AVSource.cpp')
  
C:\Users\mcmco\Desktop\WMMR\src\MovieMakerCore\StoryboardManager\Templates.h(211,21): warning C4251: 'StoryboardManager::AutoMovieTheme::m_strTitleFontFamily': 'ATL::CStringT<wchar_t,ATL::StrTraitATL<wchar_t,ATL::ChTraitsCRT<wchar_t>>>' needs to have dll-interface to be used by clients of 'StoryboardManager::AutoMovieTheme' [C:\Users\mcmco\Desktop\WMMR\build\src\MovieMakerCore\MovieMakerCore.vcxproj]
  (compiling source file '../../../src/MovieMakerCore/StoryboardManager/Theme/TextComposition.cpp')
      C:\Program Files (x86)\Microsoft Visual Studio\2022\BuildTools\VC\Tools\MSVC\14.44.35207\atlmfc\include\cstringt.h(999,7):
      see declaration of 'ATL::CStringT<wchar_t,ATL::StrTraitATL<wchar_t,ATL::ChTraitsCRT<wchar_t>>>'
  
C:\Users\mcmco\Desktop\WMMR\src\MovieMakerCore\StoryboardManager\Extents.h(104,37): warning C4251: 'StoryboardManager::ExtentCollection::m_arrExtents': 'ATL::CAtlArray<StoryboardManager::MovieExtent *,ATL::CElementTraits<E>>' needs to have dll-interface to be used by clients of 'StoryboardManager::ExtentCollection' [C:\Users\mcmco\Desktop\WMMR\build\src\MovieMakerCore\MovieMakerCore.vcxproj]
C:\Users\mcmco\Desktop\WMMR\src\MovieMakerCore\StoryboardManager\Extents.h(104,37): warning C4251:         with [C:\Users\mcmco\Desktop\WMMR\build\src\MovieMakerCore\MovieMakerCore.vcxproj]
C:\Users\mcmco\Desktop\WMMR\src\MovieMakerCore\StoryboardManager\Extents.h(104,37): warning C4251:         [ [C:\Users\mcmco\Desktop\WMMR\build\src\MovieMakerCore\MovieMakerCore.vcxproj]
C:\Users\mcmco\Desktop\WMMR\src\MovieMakerCore\StoryboardManager\Extents.h(104,37): warning C4251:             E=StoryboardManager::MovieExtent * [C:\Users\mcmco\Desktop\WMMR\build\src\MovieMakerCore\MovieMakerCore.vcxproj]
C:\Users\mcmco\Desktop\WMMR\src\MovieMakerCore\StoryboardManager\Extents.h(104,37): warning C4251:         ] [C:\Users\mcmco\Desktop\WMMR\build\src\MovieMakerCore\MovieMakerCore.vcxproj]
  (compiling source file '../../../src/MovieMakerCore/StoryboardManager/MovieEffect/MovieEffect.cpp')
      C:\Program Files (x86)\Microsoft Visual Studio\2022\BuildTools\VC\Tools\MSVC\14.44.35207\atlmfc\include\atlcoll.h(530,7):
      see declaration of 'ATL::CAtlArray<StoryboardManager::MovieExtent *,ATL::CElementTraits<E>>'
          with
          [
              E=StoryboardManager::MovieExtent *
          ]
  
C:\Users\mcmco\Desktop\WMMR\src\MovieMakerCore\StoryboardManager\Templates.h(213,33): warning C4251: 'StoryboardManager::AutoMovieTheme::m_arrEffects': 'ATL::CAtlArray<StoryboardManager::ThemeEffect,ATL::CElementTraits<E>>' needs to have dll-interface to be used by clients of 'StoryboardManager::AutoMovieTheme' [C:\Users\mcmco\Desktop\WMMR\build\src\MovieMakerCore\MovieMakerCore.vcxproj]
C:\Users\mcmco\Desktop\WMMR\src\MovieMakerCore\StoryboardManager\Templates.h(213,33): warning C4251:         with [C:\Users\mcmco\Desktop\WMMR\build\src\MovieMakerCore\MovieMakerCore.vcxproj]
C:\Users\mcmco\Desktop\WMMR\src\MovieMakerCore\StoryboardManager\Templates.h(213,33): warning C4251:         [ [C:\Users\mcmco\Desktop\WMMR\build\src\MovieMakerCore\MovieMakerCore.vcxproj]
C:\Users\mcmco\Desktop\WMMR\src\MovieMakerCore\StoryboardManager\Templates.h(213,33): warning C4251:             E=StoryboardManager::ThemeEffect [C:\Users\mcmco\Desktop\WMMR\build\src\MovieMakerCore\MovieMakerCore.vcxproj]
C:\Users\mcmco\Desktop\WMMR\src\MovieMakerCore\StoryboardManager\Templates.h(213,33): warning C4251:         ] [C:\Users\mcmco\Desktop\WMMR\build\src\MovieMakerCore\MovieMakerCore.vcxproj]
  AudioCapture.cpp
  (compiling source file '../../../src/MovieMakerCore/StoryboardManager/Theme/TextComposition.cpp')
      C:\Program Files (x86)\Microsoft Visual Studio\2022\BuildTools\VC\Tools\MSVC\14.44.35207\atlmfc\include\atlcoll.h(530,7):
      see declaration of 'ATL::CAtlArray<StoryboardManager::ThemeEffect,ATL::CElementTraits<E>>'
          with
          [
              E=StoryboardManager::ThemeEffect
          ]
  
C:\Users\mcmco\Desktop\WMMR\src\MovieMakerCore\StoryboardManager\Extents.h(158,27): warning C4251: 'StoryboardManager::ExtentIdSet::m_arrIds': 'ATL::CAtlArray<DWORD,ATL::CElementTraits<unsigned long>>' needs to have dll-interface to be used by clients of 'StoryboardManager::ExtentIdSet' [C:\Users\mcmco\Desktop\WMMR\build\src\MovieMakerCore\MovieMakerCore.vcxproj]
  (compiling source file '../../../src/MovieMakerCore/StoryboardManager/MovieEffect/MovieEffect.cpp')
      C:\Program Files (x86)\Microsoft Visual Studio\2022\BuildTools\VC\Tools\MSVC\14.44.35207\atlmfc\include\atlcoll.h(530,7):
      see declaration of 'ATL::CAtlArray<DWORD,ATL::CElementTraits<unsigned long>>'
  
C:\Users\mcmco\Desktop\WMMR\src\MovieMakerCore\StoryboardManager\Templates.h(273,25): warning C4251: 'StoryboardManager::TemplateEntry::m_strName': 'ATL::CStringT<wchar_t,ATL::StrTraitATL<wchar_t,ATL::ChTraitsCRT<wchar_t>>>' needs to have dll-interface to be used by clients of 'StoryboardManager::TemplateEntry' [C:\Users\mcmco\Desktop\WMMR\build\src\MovieMakerCore\MovieMakerCore.vcxproj]
  (compiling source file '../../../src/MovieMakerCore/StoryboardManager/Theme/TextComposition.cpp')
      C:\Program Files (x86)\Microsoft Visual Studio\2022\BuildTools\VC\Tools\MSVC\14.44.35207\atlmfc\include\cstringt.h(999,7):
      see declaration of 'ATL::CStringT<wchar_t,ATL::StrTraitATL<wchar_t,ATL::ChTraitsCRT<wchar_t>>>'
  
C:\Users\mcmco\Desktop\WMMR\src\MovieMakerCore\StoryboardManager\Templates.h(274,25): warning C4251: 'StoryboardManager::TemplateEntry::m_strDisplayName': 'ATL::CStringT<wchar_t,ATL::StrTraitATL<wchar_t,ATL::ChTraitsCRT<wchar_t>>>' needs to have dll-interface to be used by clients of 'StoryboardManager::TemplateEntry' [C:\Users\mcmco\Desktop\WMMR\build\src\MovieMakerCore\MovieMakerCore.vcxproj]
  (compiling source file '../../../src/MovieMakerCore/StoryboardManager/Theme/TextComposition.cpp')
      C:\Program Files (x86)\Microsoft Visual Studio\2022\BuildTools\VC\Tools\MSVC\14.44.35207\atlmfc\include\cstringt.h(999,7):
      see declaration of 'ATL::CStringT<wchar_t,ATL::StrTraitATL<wchar_t,ATL::ChTraitsCRT<wchar_t>>>'
  
C:\Users\mcmco\Desktop\WMMR\src\MovieMakerCore\StoryboardManager\Templates.h(275,25): warning C4251: 'StoryboardManager::TemplateEntry::m_strDescription': 'ATL::CStringT<wchar_t,ATL::StrTraitATL<wchar_t,ATL::ChTraitsCRT<wchar_t>>>' needs to have dll-interface to be used by clients of 'StoryboardManager::TemplateEntry' [C:\Users\mcmco\Desktop\WMMR\build\src\MovieMakerCore\MovieMakerCore.vcxproj]
  (compiling source file '../../../src/MovieMakerCore/StoryboardManager/Theme/TextComposition.cpp')
      C:\Program Files (x86)\Microsoft Visual Studio\2022\BuildTools\VC\Tools\MSVC\14.44.35207\atlmfc\include\cstringt.h(999,7):
      see declaration of 'ATL::CStringT<wchar_t,ATL::StrTraitATL<wchar_t,ATL::ChTraitsCRT<wchar_t>>>'
  
C:\Users\mcmco\Desktop\WMMR\src\MovieMakerCore\StoryboardManager\Templates.h(276,25): warning C4251: 'StoryboardManager::TemplateEntry::m_strThumbnailPath': 'ATL::CStringT<wchar_t,ATL::StrTraitATL<wchar_t,ATL::ChTraitsCRT<wchar_t>>>' needs to have dll-interface to be used by clients of 'StoryboardManager::TemplateEntry' [C:\Users\mcmco\Desktop\WMMR\build\src\MovieMakerCore\MovieMakerCore.vcxproj]
  (compiling source file '../../../src/MovieMakerCore/StoryboardManager/Theme/TextComposition.cpp')
      C:\Program Files (x86)\Microsoft Visual Studio\2022\BuildTools\VC\Tools\MSVC\14.44.35207\atlmfc\include\cstringt.h(999,7):
      see declaration of 'ATL::CStringT<wchar_t,ATL::StrTraitATL<wchar_t,ATL::ChTraitsCRT<wchar_t>>>'
  
C:\Users\mcmco\Desktop\WMMR\src\MovieMakerCore\StoryboardManager\Templates.h(127,25): warning C4251: 'StoryboardManager::ThemeEffect::m_strX3dClipName': 'ATL::CStringT<wchar_t,ATL::StrTraitATL<wchar_t,ATL::ChTraitsCRT<wchar_t>>>' needs to have dll-interface to be used by clients of 'StoryboardManager::ThemeEffect' [C:\Users\mcmco\Desktop\WMMR\build\src\MovieMakerCore\MovieMakerCore.vcxproj]
  (compiling source file '../../../src/MovieMakerCore/StoryboardManager/MovieEffect/MovieEffect.cpp')
      C:\Program Files (x86)\Microsoft Visual Studio\2022\BuildTools\VC\Tools\MSVC\14.44.35207\atlmfc\include\cstringt.h(999,7):
      see declaration of 'ATL::CStringT<wchar_t,ATL::StrTraitATL<wchar_t,ATL::ChTraitsCRT<wchar_t>>>'
  
C:\Users\mcmco\Desktop\WMMR\src\MovieMakerCore\StoryboardManager\Templates.h(135,31): warning C4251: 'StoryboardManager::ThemeEffect::m_arrParameters': 'ATL::CAtlArray<StoryboardManager::ThemeEffect::Parameter,ATL::CElementTraits<E>>' needs to have dll-interface to be used by clients of 'StoryboardManager::ThemeEffect' [C:\Users\mcmco\Desktop\WMMR\build\src\MovieMakerCore\MovieMakerCore.vcxproj]
C:\Users\mcmco\Desktop\WMMR\src\MovieMakerCore\StoryboardManager\Templates.h(135,31): warning C4251:         with [C:\Users\mcmco\Desktop\WMMR\build\src\MovieMakerCore\MovieMakerCore.vcxproj]
C:\Users\mcmco\Desktop\WMMR\src\MovieMakerCore\StoryboardManager\Templates.h(135,31): warning C4251:         [ [C:\Users\mcmco\Desktop\WMMR\build\src\MovieMakerCore\MovieMakerCore.vcxproj]
C:\Users\mcmco\Desktop\WMMR\src\MovieMakerCore\StoryboardManager\Templates.h(135,31): warning C4251:             E=StoryboardManager::ThemeEffect::Parameter [C:\Users\mcmco\Desktop\WMMR\build\src\MovieMakerCore\MovieMakerCore.vcxproj]
C:\Users\mcmco\Desktop\WMMR\src\MovieMakerCore\StoryboardManager\Templates.h(135,31): warning C4251:         ] [C:\Users\mcmco\Desktop\WMMR\build\src\MovieMakerCore\MovieMakerCore.vcxproj]
  (compiling source file '../../../src/MovieMakerCore/StoryboardManager/MovieEffect/MovieEffect.cpp')
      C:\Program Files (x86)\Microsoft Visual Studio\2022\BuildTools\VC\Tools\MSVC\14.44.35207\atlmfc\include\atlcoll.h(530,7):
      see declaration of 'ATL::CAtlArray<StoryboardManager::ThemeEffect::Parameter,ATL::CElementTraits<E>>'
          with
          [
              E=StoryboardManager::ThemeEffect::Parameter
          ]
  
C:\Users\mcmco\Desktop\WMMR\src\MovieMakerCore\StoryboardManager\Templates.h(206,21): warning C4251: 'StoryboardManager::AutoMovieTheme::m_strName': 'ATL::CStringT<wchar_t,ATL::StrTraitATL<wchar_t,ATL::ChTraitsCRT<wchar_t>>>' needs to have dll-interface to be used by clients of 'StoryboardManager::AutoMovieTheme' [C:\Users\mcmco\Desktop\WMMR\build\src\MovieMakerCore\MovieMakerCore.vcxproj]
  (compiling source file '../../../src/MovieMakerCore/StoryboardManager/MovieEffect/MovieEffect.cpp')
      C:\Program Files (x86)\Microsoft Visual Studio\2022\BuildTools\VC\Tools\MSVC\14.44.35207\atlmfc\include\cstringt.h(999,7):
      see declaration of 'ATL::CStringT<wchar_t,ATL::StrTraitATL<wchar_t,ATL::ChTraitsCRT<wchar_t>>>'
  
C:\Users\mcmco\Desktop\WMMR\src\MovieMakerCore\StoryboardManager\Templates.h(207,21): warning C4251: 'StoryboardManager::AutoMovieTheme::m_strDisplayName': 'ATL::CStringT<wchar_t,ATL::StrTraitATL<wchar_t,ATL::ChTraitsCRT<wchar_t>>>' needs to have dll-interface to be used by clients of 'StoryboardManager::AutoMovieTheme' [C:\Users\mcmco\Desktop\WMMR\build\src\MovieMakerCore\MovieMakerCore.vcxproj]
  (compiling source file '../../../src/MovieMakerCore/StoryboardManager/MovieEffect/MovieEffect.cpp')
      C:\Program Files (x86)\Microsoft Visual Studio\2022\BuildTools\VC\Tools\MSVC\14.44.35207\atlmfc\include\cstringt.h(999,7):
      see declaration of 'ATL::CStringT<wchar_t,ATL::StrTraitATL<wchar_t,ATL::ChTraitsCRT<wchar_t>>>'
  
C:\Users\mcmco\Desktop\WMMR\src\MovieMakerCore\StoryboardManager\Templates.h(208,21): warning C4251: 'StoryboardManager::AutoMovieTheme::m_strDescription': 'ATL::CStringT<wchar_t,ATL::StrTraitATL<wchar_t,ATL::ChTraitsCRT<wchar_t>>>' needs to have dll-interface to be used by clients of 'StoryboardManager::AutoMovieTheme' [C:\Users\mcmco\Desktop\WMMR\build\src\MovieMakerCore\MovieMakerCore.vcxproj]
  (compiling source file '../../../src/MovieMakerCore/StoryboardManager/MovieEffect/MovieEffect.cpp')
      C:\Program Files (x86)\Microsoft Visual Studio\2022\BuildTools\VC\Tools\MSVC\14.44.35207\atlmfc\include\cstringt.h(999,7):
      see declaration of 'ATL::CStringT<wchar_t,ATL::StrTraitATL<wchar_t,ATL::ChTraitsCRT<wchar_t>>>'
  
C:\Users\mcmco\Desktop\WMMR\src\MovieMakerCore\StoryboardManager\Templates.h(209,21): warning C4251: 'StoryboardManager::AutoMovieTheme::m_strThumbnailPath': 'ATL::CStringT<wchar_t,ATL::StrTraitATL<wchar_t,ATL::ChTraitsCRT<wchar_t>>>' needs to have dll-interface to be used by clients of 'StoryboardManager::AutoMovieTheme' [C:\Users\mcmco\Desktop\WMMR\build\src\MovieMakerCore\MovieMakerCore.vcxproj]
  (compiling source file '../../../src/MovieMakerCore/StoryboardManager/MovieEffect/MovieEffect.cpp')
      C:\Program Files (x86)\Microsoft Visual Studio\2022\BuildTools\VC\Tools\MSVC\14.44.35207\atlmfc\include\cstringt.h(999,7):
      see declaration of 'ATL::CStringT<wchar_t,ATL::StrTraitATL<wchar_t,ATL::ChTraitsCRT<wchar_t>>>'
  
C:\Users\mcmco\Desktop\WMMR\src\MovieMakerCore\StoryboardManager\Templates.h(210,21): warning C4251: 'StoryboardManager::AutoMovieTheme::m_strCategory': 'ATL::CStringT<wchar_t,ATL::StrTraitATL<wchar_t,ATL::ChTraitsCRT<wchar_t>>>' needs to have dll-interface to be used by clients of 'StoryboardManager::AutoMovieTheme' [C:\Users\mcmco\Desktop\WMMR\build\src\MovieMakerCore\MovieMakerCore.vcxproj]
  (compiling source file '../../../src/MovieMakerCore/StoryboardManager/MovieEffect/MovieEffect.cpp')
      C:\Program Files (x86)\Microsoft Visual Studio\2022\BuildTools\VC\Tools\MSVC\14.44.35207\atlmfc\include\cstringt.h(999,7):
      see declaration of 'ATL::CStringT<wchar_t,ATL::StrTraitATL<wchar_t,ATL::ChTraitsCRT<wchar_t>>>'
  
C:\Users\mcmco\Desktop\WMMR\src\MovieMakerCore\StoryboardManager\Templates.h(211,21): warning C4251: 'StoryboardManager::AutoMovieTheme::m_strTitleFontFamily': 'ATL::CStringT<wchar_t,ATL::StrTraitATL<wchar_t,ATL::ChTraitsCRT<wchar_t>>>' needs to have dll-interface to be used by clients of 'StoryboardManager::AutoMovieTheme' [C:\Users\mcmco\Desktop\WMMR\build\src\MovieMakerCore\MovieMakerCore.vcxproj]
  (compiling source file '../../../src/MovieMakerCore/StoryboardManager/MovieEffect/MovieEffect.cpp')
      C:\Program Files (x86)\Microsoft Visual Studio\2022\BuildTools\VC\Tools\MSVC\14.44.35207\atlmfc\include\cstringt.h(999,7):
      see declaration of 'ATL::CStringT<wchar_t,ATL::StrTraitATL<wchar_t,ATL::ChTraitsCRT<wchar_t>>>'
  
C:\Users\mcmco\Desktop\WMMR\src\MovieMakerCore\HMRAVSource\DShowSource.h(51,13): error C3668: 'HMRAVSource::DShowSource::Open': method with override specifier 'override' did not override any base class methods [C:\Users\mcmco\Desktop\WMMR\build\src\MovieMakerCore\MovieMakerCore.vcxproj]
  (compiling source file '../../../src/MovieMakerCore/HMRAVSource/AVSource.cpp')
  
C:\Users\mcmco\Desktop\WMMR\src\MovieMakerCore\HMRAVSource\DShowSource.h(52,13): error C3668: 'HMRAVSource::DShowSource::Close': method with override specifier 'override' did not override any base class methods [C:\Users\mcmco\Desktop\WMMR\build\src\MovieMakerCore\MovieMakerCore.vcxproj]
  (compiling source file '../../../src/MovieMakerCore/HMRAVSource/AVSource.cpp')
  
C:\Users\mcmco\Desktop\WMMR\src\MovieMakerCore\HMRAVSource\DShowSource.h(54,13): error C3668: 'HMRAVSource::DShowSource::SetPositionHns': method with override specifier 'override' did not override any base class methods [C:\Users\mcmco\Desktop\WMMR\build\src\MovieMakerCore\MovieMakerCore.vcxproj]
  (compiling source file '../../../src/MovieMakerCore/HMRAVSource/AVSource.cpp')
  
C:\Users\mcmco\Desktop\WMMR\src\MovieMakerCore\HMRAVSource\DShowSource.h(56,13): error C3668: 'HMRAVSource::DShowSource::Start': method with override specifier 'override' did not override any base class methods [C:\Users\mcmco\Desktop\WMMR\build\src\MovieMakerCore\MovieMakerCore.vcxproj]
  (compiling source file '../../../src/MovieMakerCore/HMRAVSource/AVSource.cpp')
  
C:\Users\mcmco\Desktop\WMMR\src\MovieMakerCore\HMRAVSource\DShowSource.h(57,13): error C3668: 'HMRAVSource::DShowSource::Stop': method with override specifier 'override' did not override any base class methods [C:\Users\mcmco\Desktop\WMMR\build\src\MovieMakerCore\MovieMakerCore.vcxproj]
  (compiling source file '../../../src/MovieMakerCore/HMRAVSource/AVSource.cpp')
  
C:\Users\mcmco\Desktop\WMMR\src\MovieMakerCore\HMRAVSource\DShowSource.h(58,13): error C3668: 'HMRAVSource::DShowSource::Pause': method with override specifier 'override' did not override any base class methods [C:\Users\mcmco\Desktop\WMMR\build\src\MovieMakerCore\MovieMakerCore.vcxproj]
  (compiling source file '../../../src/MovieMakerCore/HMRAVSource/AVSource.cpp')
  
C:\Users\mcmco\Desktop\WMMR\src\MovieMakerCore\StoryboardManager\Templates.h(213,33): warning C4251: 'StoryboardManager::AutoMovieTheme::m_arrEffects': 'ATL::CAtlArray<StoryboardManager::ThemeEffect,ATL::CElementTraits<E>>' needs to have dll-interface to be used by clients of 'StoryboardManager::AutoMovieTheme' [C:\Users\mcmco\Desktop\WMMR\build\src\MovieMakerCore\MovieMakerCore.vcxproj]
C:\Users\mcmco\Desktop\WMMR\src\MovieMakerCore\StoryboardManager\Templates.h(213,33): warning C4251:         with [C:\Users\mcmco\Desktop\WMMR\build\src\MovieMakerCore\MovieMakerCore.vcxproj]
C:\Users\mcmco\Desktop\WMMR\src\MovieMakerCore\StoryboardManager\Templates.h(213,33): warning C4251:         [ [C:\Users\mcmco\Desktop\WMMR\build\src\MovieMakerCore\MovieMakerCore.vcxproj]
C:\Users\mcmco\Desktop\WMMR\src\MovieMakerCore\StoryboardManager\Templates.h(213,33): warning C4251:             E=StoryboardManager::ThemeEffect [C:\Users\mcmco\Desktop\WMMR\build\src\MovieMakerCore\MovieMakerCore.vcxproj]
C:\Users\mcmco\Desktop\WMMR\src\MovieMakerCore\StoryboardManager\Templates.h(213,33): warning C4251:         ] [C:\Users\mcmco\Desktop\WMMR\build\src\MovieMakerCore\MovieMakerCore.vcxproj]
  (compiling source file '../../../src/MovieMakerCore/StoryboardManager/MovieEffect/MovieEffect.cpp')
      C:\Program Files (x86)\Microsoft Visual Studio\2022\BuildTools\VC\Tools\MSVC\14.44.35207\atlmfc\include\atlcoll.h(530,7):
      see declaration of 'ATL::CAtlArray<StoryboardManager::ThemeEffect,ATL::CElementTraits<E>>'
          with
          [
              E=StoryboardManager::ThemeEffect
          ]
  
C:\Users\mcmco\Desktop\WMMR\src\MovieMakerCore\HMRAVSource\DShowSource.h(59,13): error C3668: 'HMRAVSource::DShowSource::Resume': method with override specifier 'override' did not override any base class methods [C:\Users\mcmco\Desktop\WMMR\build\src\MovieMakerCore\MovieMakerCore.vcxproj]
  (compiling source file '../../../src/MovieMakerCore/HMRAVSource/AVSource.cpp')
  
C:\Users\mcmco\Desktop\WMMR\src\MovieMakerCore\HMRAVSource\DShowSource.h(61,13): error C3668: 'HMRAVSource::DShowSource::ReadSample': method with override specifier 'override' did not override any base class methods [C:\Users\mcmco\Desktop\WMMR\build\src\MovieMakerCore\MovieMakerCore.vcxproj]
  (compiling source file '../../../src/MovieMakerCore/HMRAVSource/AVSource.cpp')
  
C:\Users\mcmco\Desktop\WMMR\src\MovieMakerCore\HMRAVSource\DShowSource.h(62,13): error C3668: 'HMRAVSource::DShowSource::Flush': method with override specifier 'override' did not override any base class methods [C:\Users\mcmco\Desktop\WMMR\build\src\MovieMakerCore\MovieMakerCore.vcxproj]
  (compiling source file '../../../src/MovieMakerCore/HMRAVSource/AVSource.cpp')
  
C:\Users\mcmco\Desktop\WMMR\src\MovieMakerCore\StoryboardManager\Templates.h(273,25): warning C4251: 'StoryboardManager::TemplateEntry::m_strName': 'ATL::CStringT<wchar_t,ATL::StrTraitATL<wchar_t,ATL::ChTraitsCRT<wchar_t>>>' needs to have dll-interface to be used by clients of 'StoryboardManager::TemplateEntry' [C:\Users\mcmco\Desktop\WMMR\build\src\MovieMakerCore\MovieMakerCore.vcxproj]
  (compiling source file '../../../src/MovieMakerCore/StoryboardManager/MovieEffect/MovieEffect.cpp')
      C:\Program Files (x86)\Microsoft Visual Studio\2022\BuildTools\VC\Tools\MSVC\14.44.35207\atlmfc\include\cstringt.h(999,7):
      see declaration of 'ATL::CStringT<wchar_t,ATL::StrTraitATL<wchar_t,ATL::ChTraitsCRT<wchar_t>>>'
  
C:\Users\mcmco\Desktop\WMMR\src\MovieMakerCore\StoryboardManager\Templates.h(274,25): warning C4251: 'StoryboardManager::TemplateEntry::m_strDisplayName': 'ATL::CStringT<wchar_t,ATL::StrTraitATL<wchar_t,ATL::ChTraitsCRT<wchar_t>>>' needs to have dll-interface to be used by clients of 'StoryboardManager::TemplateEntry' [C:\Users\mcmco\Desktop\WMMR\build\src\MovieMakerCore\MovieMakerCore.vcxproj]
  (compiling source file '../../../src/MovieMakerCore/StoryboardManager/MovieEffect/MovieEffect.cpp')
      C:\Program Files (x86)\Microsoft Visual Studio\2022\BuildTools\VC\Tools\MSVC\14.44.35207\atlmfc\include\cstringt.h(999,7):
      see declaration of 'ATL::CStringT<wchar_t,ATL::StrTraitATL<wchar_t,ATL::ChTraitsCRT<wchar_t>>>'
  
C:\Users\mcmco\Desktop\WMMR\src\MovieMakerCore\StoryboardManager\Templates.h(343,37): warning C4251: 'StoryboardManager::TemplateTable::m_arrTemplates': 'ATL::CAtlArray<StoryboardManager::TemplateEntry *,ATL::CElementTraits<E>>' needs to have dll-interface to be used by clients of 'StoryboardManager::TemplateTable' [C:\Users\mcmco\Desktop\WMMR\build\src\MovieMakerCore\MovieMakerCore.vcxproj]
C:\Users\mcmco\Desktop\WMMR\src\MovieMakerCore\StoryboardManager\Templates.h(343,37): warning C4251:         with [C:\Users\mcmco\Desktop\WMMR\build\src\MovieMakerCore\MovieMakerCore.vcxproj]
C:\Users\mcmco\Desktop\WMMR\src\MovieMakerCore\StoryboardManager\Templates.h(343,37): warning C4251:         [ [C:\Users\mcmco\Desktop\WMMR\build\src\MovieMakerCore\MovieMakerCore.vcxproj]
C:\Users\mcmco\Desktop\WMMR\src\MovieMakerCore\StoryboardManager\Templates.h(343,37): warning C4251:             E=StoryboardManager::TemplateEntry * [C:\Users\mcmco\Desktop\WMMR\build\src\MovieMakerCore\MovieMakerCore.vcxproj]
C:\Users\mcmco\Desktop\WMMR\src\MovieMakerCore\StoryboardManager\Templates.h(343,37): warning C4251:         ] [C:\Users\mcmco\Desktop\WMMR\build\src\MovieMakerCore\MovieMakerCore.vcxproj]
  (compiling source file '../../../src/MovieMakerCore/StoryboardManager/Theme/TextComposition.cpp')
      C:\Program Files (x86)\Microsoft Visual Studio\2022\BuildTools\VC\Tools\MSVC\14.44.35207\atlmfc\include\atlcoll.h(530,7):
      see declaration of 'ATL::CAtlArray<StoryboardManager::TemplateEntry *,ATL::CElementTraits<E>>'
          with
          [
              E=StoryboardManager::TemplateEntry *
          ]
  
C:\Users\mcmco\Desktop\WMMR\src\MovieMakerCore\StoryboardManager\Templates.h(275,25): warning C4251: 'StoryboardManager::TemplateEntry::m_strDescription': 'ATL::CStringT<wchar_t,ATL::StrTraitATL<wchar_t,ATL::ChTraitsCRT<wchar_t>>>' needs to have dll-interface to be used by clients of 'StoryboardManager::TemplateEntry' [C:\Users\mcmco\Desktop\WMMR\build\src\MovieMakerCore\MovieMakerCore.vcxproj]
  (compiling source file '../../../src/MovieMakerCore/StoryboardManager/MovieEffect/MovieEffect.cpp')
      C:\Program Files (x86)\Microsoft Visual Studio\2022\BuildTools\VC\Tools\MSVC\14.44.35207\atlmfc\include\cstringt.h(999,7):
      see declaration of 'ATL::CStringT<wchar_t,ATL::StrTraitATL<wchar_t,ATL::ChTraitsCRT<wchar_t>>>'
  
C:\Users\mcmco\Desktop\WMMR\src\MovieMakerCore\StoryboardManager\Templates.h(276,25): warning C4251: 'StoryboardManager::TemplateEntry::m_strThumbnailPath': 'ATL::CStringT<wchar_t,ATL::StrTraitATL<wchar_t,ATL::ChTraitsCRT<wchar_t>>>' needs to have dll-interface to be used by clients of 'StoryboardManager::TemplateEntry' [C:\Users\mcmco\Desktop\WMMR\build\src\MovieMakerCore\MovieMakerCore.vcxproj]
  (compiling source file '../../../src/MovieMakerCore/StoryboardManager/MovieEffect/MovieEffect.cpp')
      C:\Program Files (x86)\Microsoft Visual Studio\2022\BuildTools\VC\Tools\MSVC\14.44.35207\atlmfc\include\cstringt.h(999,7):
      see declaration of 'ATL::CStringT<wchar_t,ATL::StrTraitATL<wchar_t,ATL::ChTraitsCRT<wchar_t>>>'
  
C:\Users\mcmco\Desktop\WMMR\src\MovieMakerCore\StoryboardManager\Templates.h(344,37): warning C4251: 'StoryboardManager::TemplateTable::m_arrThemes': 'ATL::CAtlArray<StoryboardManager::AutoMovieTheme *,ATL::CElementTraits<E>>' needs to have dll-interface to be used by clients of 'StoryboardManager::TemplateTable' [C:\Users\mcmco\Desktop\WMMR\build\src\MovieMakerCore\MovieMakerCore.vcxproj]
C:\Users\mcmco\Desktop\WMMR\src\MovieMakerCore\StoryboardManager\Templates.h(344,37): warning C4251:         with [C:\Users\mcmco\Desktop\WMMR\build\src\MovieMakerCore\MovieMakerCore.vcxproj]
C:\Users\mcmco\Desktop\WMMR\src\MovieMakerCore\StoryboardManager\Templates.h(344,37): warning C4251:         [ [C:\Users\mcmco\Desktop\WMMR\build\src\MovieMakerCore\MovieMakerCore.vcxproj]
C:\Users\mcmco\Desktop\WMMR\src\MovieMakerCore\StoryboardManager\Templates.h(344,37): warning C4251:             E=StoryboardManager::AutoMovieTheme * [C:\Users\mcmco\Desktop\WMMR\build\src\MovieMakerCore\MovieMakerCore.vcxproj]
C:\Users\mcmco\Desktop\WMMR\src\MovieMakerCore\StoryboardManager\Templates.h(344,37): warning C4251:         ] [C:\Users\mcmco\Desktop\WMMR\build\src\MovieMakerCore\MovieMakerCore.vcxproj]
  (compiling source file '../../../src/MovieMakerCore/StoryboardManager/Theme/TextComposition.cpp')
      C:\Program Files (x86)\Microsoft Visual Studio\2022\BuildTools\VC\Tools\MSVC\14.44.35207\atlmfc\include\atlcoll.h(530,7):
      see declaration of 'ATL::CAtlArray<StoryboardManager::AutoMovieTheme *,ATL::CElementTraits<E>>'
          with
          [
              E=StoryboardManager::AutoMovieTheme *
          ]
  
C:\Users\mcmco\Desktop\WMMR\src\MovieMakerCore\StoryboardManager\Templates.h(343,37): warning C4251: 'StoryboardManager::TemplateTable::m_arrTemplates': 'ATL::CAtlArray<StoryboardManager::TemplateEntry *,ATL::CElementTraits<E>>' needs to have dll-interface to be used by clients of 'StoryboardManager::TemplateTable' [C:\Users\mcmco\Desktop\WMMR\build\src\MovieMakerCore\MovieMakerCore.vcxproj]
C:\Users\mcmco\Desktop\WMMR\src\MovieMakerCore\StoryboardManager\Templates.h(343,37): warning C4251:         with [C:\Users\mcmco\Desktop\WMMR\build\src\MovieMakerCore\MovieMakerCore.vcxproj]
C:\Users\mcmco\Desktop\WMMR\src\MovieMakerCore\StoryboardManager\Templates.h(343,37): warning C4251:         [ [C:\Users\mcmco\Desktop\WMMR\build\src\MovieMakerCore\MovieMakerCore.vcxproj]
C:\Users\mcmco\Desktop\WMMR\src\MovieMakerCore\StoryboardManager\Templates.h(343,37): warning C4251:             E=StoryboardManager::TemplateEntry * [C:\Users\mcmco\Desktop\WMMR\build\src\MovieMakerCore\MovieMakerCore.vcxproj]
C:\Users\mcmco\Desktop\WMMR\src\MovieMakerCore\StoryboardManager\Templates.h(343,37): warning C4251:         ] [C:\Users\mcmco\Desktop\WMMR\build\src\MovieMakerCore\MovieMakerCore.vcxproj]
  (compiling source file '../../../src/MovieMakerCore/StoryboardManager/MovieEffect/MovieEffect.cpp')
      C:\Program Files (x86)\Microsoft Visual Studio\2022\BuildTools\VC\Tools\MSVC\14.44.35207\atlmfc\include\atlcoll.h(530,7):
      see declaration of 'ATL::CAtlArray<StoryboardManager::TemplateEntry *,ATL::CElementTraits<E>>'
          with
          [
              E=StoryboardManager::TemplateEntry *
          ]
  
C:\Users\mcmco\Desktop\WMMR\src\MovieMakerCore\StoryboardManager\MovieProject.h(119,18): warning C4251: 'StoryboardManager::ProjectMediaItem::m_strSourcePath': 'ATL::CStringT<wchar_t,ATL::StrTraitATL<wchar_t,ATL::ChTraitsCRT<wchar_t>>>' needs to have dll-interface to be used by clients of 'StoryboardManager::ProjectMediaItem' [C:\Users\mcmco\Desktop\WMMR\build\src\MovieMakerCore\MovieMakerCore.vcxproj]
  (compiling source file '../../../src/MovieMakerCore/StoryboardManager/Theme/TextComposition.cpp')
      C:\Program Files (x86)\Microsoft Visual Studio\2022\BuildTools\VC\Tools\MSVC\14.44.35207\atlmfc\include\cstringt.h(999,7):
      see declaration of 'ATL::CStringT<wchar_t,ATL::StrTraitATL<wchar_t,ATL::ChTraitsCRT<wchar_t>>>'
  
C:\Users\mcmco\Desktop\WMMR\src\MovieMakerCore\StoryboardManager\Templates.h(344,37): warning C4251: 'StoryboardManager::TemplateTable::m_arrThemes': 'ATL::CAtlArray<StoryboardManager::AutoMovieTheme *,ATL::CElementTraits<E>>' needs to have dll-interface to be used by clients of 'StoryboardManager::TemplateTable' [C:\Users\mcmco\Desktop\WMMR\build\src\MovieMakerCore\MovieMakerCore.vcxproj]
C:\Users\mcmco\Desktop\WMMR\src\MovieMakerCore\StoryboardManager\Templates.h(344,37): warning C4251:         with [C:\Users\mcmco\Desktop\WMMR\build\src\MovieMakerCore\MovieMakerCore.vcxproj]
C:\Users\mcmco\Desktop\WMMR\src\MovieMakerCore\StoryboardManager\Templates.h(344,37): warning C4251:         [ [C:\Users\mcmco\Desktop\WMMR\build\src\MovieMakerCore\MovieMakerCore.vcxproj]
C:\Users\mcmco\Desktop\WMMR\src\MovieMakerCore\StoryboardManager\Templates.h(344,37): warning C4251:             E=StoryboardManager::AutoMovieTheme * [C:\Users\mcmco\Desktop\WMMR\build\src\MovieMakerCore\MovieMakerCore.vcxproj]
C:\Users\mcmco\Desktop\WMMR\src\MovieMakerCore\StoryboardManager\Templates.h(344,37): warning C4251:         ] [C:\Users\mcmco\Desktop\WMMR\build\src\MovieMakerCore\MovieMakerCore.vcxproj]
  (compiling source file '../../../src/MovieMakerCore/StoryboardManager/MovieEffect/MovieEffect.cpp')
      C:\Program Files (x86)\Microsoft Visual Studio\2022\BuildTools\VC\Tools\MSVC\14.44.35207\atlmfc\include\atlcoll.h(530,7):
      see declaration of 'ATL::CAtlArray<StoryboardManager::AutoMovieTheme *,ATL::CElementTraits<E>>'
          with
          [
              E=StoryboardManager::AutoMovieTheme *
          ]
  
C:\Users\mcmco\Desktop\WMMR\src\MovieMakerCore\StoryboardManager\MovieProject.h(120,18): warning C4251: 'StoryboardManager::ProjectMediaItem::m_strThumbnailPath': 'ATL::CStringT<wchar_t,ATL::StrTraitATL<wchar_t,ATL::ChTraitsCRT<wchar_t>>>' needs to have dll-interface to be used by clients of 'StoryboardManager::ProjectMediaItem' [C:\Users\mcmco\Desktop\WMMR\build\src\MovieMakerCore\MovieMakerCore.vcxproj]
  (compiling source file '../../../src/MovieMakerCore/StoryboardManager/Theme/TextComposition.cpp')
      C:\Program Files (x86)\Microsoft Visual Studio\2022\BuildTools\VC\Tools\MSVC\14.44.35207\atlmfc\include\cstringt.h(999,7):
      see declaration of 'ATL::CStringT<wchar_t,ATL::StrTraitATL<wchar_t,ATL::ChTraitsCRT<wchar_t>>>'
  
C:\Users\mcmco\Desktop\WMMR\src\MovieMakerCore\StoryboardManager\MovieProject.h(127,18): warning C4251: 'StoryboardManager::ProjectMediaItem::m_strTags': 'ATL::CStringT<wchar_t,ATL::StrTraitATL<wchar_t,ATL::ChTraitsCRT<wchar_t>>>' needs to have dll-interface to be used by clients of 'StoryboardManager::ProjectMediaItem' [C:\Users\mcmco\Desktop\WMMR\build\src\MovieMakerCore\MovieMakerCore.vcxproj]
  (compiling source file '../../../src/MovieMakerCore/StoryboardManager/Theme/TextComposition.cpp')
      C:\Program Files (x86)\Microsoft Visual Studio\2022\BuildTools\VC\Tools\MSVC\14.44.35207\atlmfc\include\cstringt.h(999,7):
      see declaration of 'ATL::CStringT<wchar_t,ATL::StrTraitATL<wchar_t,ATL::ChTraitsCRT<wchar_t>>>'
  
C:\Users\mcmco\Desktop\WMMR\src\MovieMakerCore\HMRAVSource\StreamSink.h(101,33): warning C4251: 'HMRAVSource::StreamSink::m_spSinkWriter': 'ATL::CComPtr<IMFSinkWriter>' needs to have dll-interface to be used by clients of 'HMRAVSource::StreamSink' [C:\Users\mcmco\Desktop\WMMR\build\src\MovieMakerCore\MovieMakerCore.vcxproj]
  (compiling source file '../../../src/MovieMakerCore/HMRAVSource/AVSource.cpp')
      C:\Program Files (x86)\Microsoft Visual Studio\2022\BuildTools\VC\Tools\MSVC\14.44.35207\atlmfc\include\atlcomcli.h(341,7):
      see declaration of 'ATL::CComPtr<IMFSinkWriter>'
  
C:\Users\mcmco\Desktop\WMMR\src\MovieMakerCore\StoryboardManager\MovieProject.h(130,18): warning C4251: 'StoryboardManager::ProjectMediaItem::m_strVideoCodec': 'ATL::CStringT<wchar_t,ATL::StrTraitATL<wchar_t,ATL::ChTraitsCRT<wchar_t>>>' needs to have dll-interface to be used by clients of 'StoryboardManager::ProjectMediaItem' [C:\Users\mcmco\Desktop\WMMR\build\src\MovieMakerCore\MovieMakerCore.vcxproj]
  (compiling source file '../../../src/MovieMakerCore/StoryboardManager/Theme/TextComposition.cpp')
      C:\Program Files (x86)\Microsoft Visual Studio\2022\BuildTools\VC\Tools\MSVC\14.44.35207\atlmfc\include\cstringt.h(999,7):
      see declaration of 'ATL::CStringT<wchar_t,ATL::StrTraitATL<wchar_t,ATL::ChTraitsCRT<wchar_t>>>'
  
C:\Users\mcmco\Desktop\WMMR\src\MovieMakerCore\StoryboardManager\MovieProject.h(119,18): warning C4251: 'StoryboardManager::ProjectMediaItem::m_strSourcePath': 'ATL::CStringT<wchar_t,ATL::StrTraitATL<wchar_t,ATL::ChTraitsCRT<wchar_t>>>' needs to have dll-interface to be used by clients of 'StoryboardManager::ProjectMediaItem' [C:\Users\mcmco\Desktop\WMMR\build\src\MovieMakerCore\MovieMakerCore.vcxproj]
  (compiling source file '../../../src/MovieMakerCore/StoryboardManager/MovieEffect/MovieEffect.cpp')
      C:\Program Files (x86)\Microsoft Visual Studio\2022\BuildTools\VC\Tools\MSVC\14.44.35207\atlmfc\include\cstringt.h(999,7):
      see declaration of 'ATL::CStringT<wchar_t,ATL::StrTraitATL<wchar_t,ATL::ChTraitsCRT<wchar_t>>>'
  
C:\Users\mcmco\Desktop\WMMR\src\MovieMakerCore\StoryboardManager\MovieProject.h(131,18): warning C4251: 'StoryboardManager::ProjectMediaItem::m_strAudioCodec': 'ATL::CStringT<wchar_t,ATL::StrTraitATL<wchar_t,ATL::ChTraitsCRT<wchar_t>>>' needs to have dll-interface to be used by clients of 'StoryboardManager::ProjectMediaItem' [C:\Users\mcmco\Desktop\WMMR\build\src\MovieMakerCore\MovieMakerCore.vcxproj]
  (compiling source file '../../../src/MovieMakerCore/StoryboardManager/Theme/TextComposition.cpp')
      C:\Program Files (x86)\Microsoft Visual Studio\2022\BuildTools\VC\Tools\MSVC\14.44.35207\atlmfc\include\cstringt.h(999,7):
      see declaration of 'ATL::CStringT<wchar_t,ATL::StrTraitATL<wchar_t,ATL::ChTraitsCRT<wchar_t>>>'
  
C:\Users\mcmco\Desktop\WMMR\src\MovieMakerCore\StoryboardManager\MovieProject.h(120,18): warning C4251: 'StoryboardManager::ProjectMediaItem::m_strThumbnailPath': 'ATL::CStringT<wchar_t,ATL::StrTraitATL<wchar_t,ATL::ChTraitsCRT<wchar_t>>>' needs to have dll-interface to be used by clients of 'StoryboardManager::ProjectMediaItem' [C:\Users\mcmco\Desktop\WMMR\build\src\MovieMakerCore\MovieMakerCore.vcxproj]
  (compiling source file '../../../src/MovieMakerCore/StoryboardManager/MovieEffect/MovieEffect.cpp')
      C:\Program Files (x86)\Microsoft Visual Studio\2022\BuildTools\VC\Tools\MSVC\14.44.35207\atlmfc\include\cstringt.h(999,7):
      see declaration of 'ATL::CStringT<wchar_t,ATL::StrTraitATL<wchar_t,ATL::ChTraitsCRT<wchar_t>>>'
  
C:\Users\mcmco\Desktop\WMMR\src\MovieMakerCore\StoryboardManager\MovieProject.h(127,18): warning C4251: 'StoryboardManager::ProjectMediaItem::m_strTags': 'ATL::CStringT<wchar_t,ATL::StrTraitATL<wchar_t,ATL::ChTraitsCRT<wchar_t>>>' needs to have dll-interface to be used by clients of 'StoryboardManager::ProjectMediaItem' [C:\Users\mcmco\Desktop\WMMR\build\src\MovieMakerCore\MovieMakerCore.vcxproj]
  (compiling source file '../../../src/MovieMakerCore/StoryboardManager/MovieEffect/MovieEffect.cpp')
      C:\Program Files (x86)\Microsoft Visual Studio\2022\BuildTools\VC\Tools\MSVC\14.44.35207\atlmfc\include\cstringt.h(999,7):
      see declaration of 'ATL::CStringT<wchar_t,ATL::StrTraitATL<wchar_t,ATL::ChTraitsCRT<wchar_t>>>'
  
C:\Users\mcmco\Desktop\WMMR\src\MovieMakerCore\StoryboardManager\MovieProject.h(176,29): warning C4251: 'StoryboardManager::ProjectTimeline::m_arrExtentIds': 'ATL::CAtlArray<DWORD,ATL::CElementTraits<unsigned long>>' needs to have dll-interface to be used by clients of 'StoryboardManager::ProjectTimeline' [C:\Users\mcmco\Desktop\WMMR\build\src\MovieMakerCore\MovieMakerCore.vcxproj]
  (compiling source file '../../../src/MovieMakerCore/StoryboardManager/Theme/TextComposition.cpp')
      C:\Program Files (x86)\Microsoft Visual Studio\2022\BuildTools\VC\Tools\MSVC\14.44.35207\atlmfc\include\atlcoll.h(530,7):
      see declaration of 'ATL::CAtlArray<DWORD,ATL::CElementTraits<unsigned long>>'
  
C:\Users\mcmco\Desktop\WMMR\src\MovieMakerCore\StoryboardManager\MovieProject.h(130,18): warning C4251: 'StoryboardManager::ProjectMediaItem::m_strVideoCodec': 'ATL::CStringT<wchar_t,ATL::StrTraitATL<wchar_t,ATL::ChTraitsCRT<wchar_t>>>' needs to have dll-interface to be used by clients of 'StoryboardManager::ProjectMediaItem' [C:\Users\mcmco\Desktop\WMMR\build\src\MovieMakerCore\MovieMakerCore.vcxproj]
  (compiling source file '../../../src/MovieMakerCore/StoryboardManager/MovieEffect/MovieEffect.cpp')
      C:\Program Files (x86)\Microsoft Visual Studio\2022\BuildTools\VC\Tools\MSVC\14.44.35207\atlmfc\include\cstringt.h(999,7):
      see declaration of 'ATL::CStringT<wchar_t,ATL::StrTraitATL<wchar_t,ATL::ChTraitsCRT<wchar_t>>>'
  
C:\Users\mcmco\Desktop\WMMR\src\MovieMakerCore\StoryboardManager\MovieProject.h(248,18): warning C4251: 'StoryboardManager::MovieProjectSettings::m_strProjectName': 'ATL::CStringT<wchar_t,ATL::StrTraitATL<wchar_t,ATL::ChTraitsCRT<wchar_t>>>' needs to have dll-interface to be used by clients of 'StoryboardManager::MovieProjectSettings' [C:\Users\mcmco\Desktop\WMMR\build\src\MovieMakerCore\MovieMakerCore.vcxproj]
  (compiling source file '../../../src/MovieMakerCore/StoryboardManager/Theme/TextComposition.cpp')
      C:\Program Files (x86)\Microsoft Visual Studio\2022\BuildTools\VC\Tools\MSVC\14.44.35207\atlmfc\include\cstringt.h(999,7):
      see declaration of 'ATL::CStringT<wchar_t,ATL::StrTraitATL<wchar_t,ATL::ChTraitsCRT<wchar_t>>>'
  
C:\Users\mcmco\Desktop\WMMR\src\MovieMakerCore\StoryboardManager\MovieProject.h(131,18): warning C4251: 'StoryboardManager::ProjectMediaItem::m_strAudioCodec': 'ATL::CStringT<wchar_t,ATL::StrTraitATL<wchar_t,ATL::ChTraitsCRT<wchar_t>>>' needs to have dll-interface to be used by clients of 'StoryboardManager::ProjectMediaItem' [C:\Users\mcmco\Desktop\WMMR\build\src\MovieMakerCore\MovieMakerCore.vcxproj]
  (compiling source file '../../../src/MovieMakerCore/StoryboardManager/MovieEffect/MovieEffect.cpp')
      C:\Program Files (x86)\Microsoft Visual Studio\2022\BuildTools\VC\Tools\MSVC\14.44.35207\atlmfc\include\cstringt.h(999,7):
      see declaration of 'ATL::CStringT<wchar_t,ATL::StrTraitATL<wchar_t,ATL::ChTraitsCRT<wchar_t>>>'
  
C:\Users\mcmco\Desktop\WMMR\src\MovieMakerCore\StoryboardManager\MovieProject.h(249,18): warning C4251: 'StoryboardManager::MovieProjectSettings::m_strAuthor': 'ATL::CStringT<wchar_t,ATL::StrTraitATL<wchar_t,ATL::ChTraitsCRT<wchar_t>>>' needs to have dll-interface to be used by clients of 'StoryboardManager::MovieProjectSettings' [C:\Users\mcmco\Desktop\WMMR\build\src\MovieMakerCore\MovieMakerCore.vcxproj]
  (compiling source file '../../../src/MovieMakerCore/StoryboardManager/Theme/TextComposition.cpp')
      C:\Program Files (x86)\Microsoft Visual Studio\2022\BuildTools\VC\Tools\MSVC\14.44.35207\atlmfc\include\cstringt.h(999,7):
      see declaration of 'ATL::CStringT<wchar_t,ATL::StrTraitATL<wchar_t,ATL::ChTraitsCRT<wchar_t>>>'
  
C:\Users\mcmco\Desktop\WMMR\src\MovieMakerCore\HMRAVSource\StreamSink.h(108,33): warning C4251: 'HMRAVSource::StreamSink::m_progressCb': 'std::function<void (const HMRAVSource::StreamSinkStats &)>' needs to have dll-interface to be used by clients of 'HMRAVSource::StreamSink' [C:\Users\mcmco\Desktop\WMMR\build\src\MovieMakerCore\MovieMakerCore.vcxproj]
  (compiling source file '../../../src/MovieMakerCore/HMRAVSource/AVSource.cpp')
      C:\Program Files (x86)\Microsoft Visual Studio\2022\BuildTools\VC\Tools\MSVC\14.44.35207\include\functional(1089,7):
      see declaration of 'std::function<void (const HMRAVSource::StreamSinkStats &)>'
  
C:\Users\mcmco\Desktop\WMMR\src\MovieMakerCore\StoryboardManager\MovieProject.h(176,29): warning C4251: 'StoryboardManager::ProjectTimeline::m_arrExtentIds': 'ATL::CAtlArray<DWORD,ATL::CElementTraits<unsigned long>>' needs to have dll-interface to be used by clients of 'StoryboardManager::ProjectTimeline' [C:\Users\mcmco\Desktop\WMMR\build\src\MovieMakerCore\MovieMakerCore.vcxproj]
  (compiling source file '../../../src/MovieMakerCore/StoryboardManager/MovieEffect/MovieEffect.cpp')
      C:\Program Files (x86)\Microsoft Visual Studio\2022\BuildTools\VC\Tools\MSVC\14.44.35207\atlmfc\include\atlcoll.h(530,7):
      see declaration of 'ATL::CAtlArray<DWORD,ATL::CElementTraits<unsigned long>>'
  
C:\Users\mcmco\Desktop\WMMR\src\MovieMakerCore\StoryboardManager\MovieProject.h(390,25): warning C4251: 'StoryboardManager::MovieProject::m_strProjectPath': 'ATL::CStringT<wchar_t,ATL::StrTraitATL<wchar_t,ATL::ChTraitsCRT<wchar_t>>>' needs to have dll-interface to be used by clients of 'StoryboardManager::MovieProject' [C:\Users\mcmco\Desktop\WMMR\build\src\MovieMakerCore\MovieMakerCore.vcxproj]
  (compiling source file '../../../src/MovieMakerCore/StoryboardManager/Theme/TextComposition.cpp')
      C:\Program Files (x86)\Microsoft Visual Studio\2022\BuildTools\VC\Tools\MSVC\14.44.35207\atlmfc\include\cstringt.h(999,7):
      see declaration of 'ATL::CStringT<wchar_t,ATL::StrTraitATL<wchar_t,ATL::ChTraitsCRT<wchar_t>>>'
  
C:\Users\mcmco\Desktop\WMMR\src\MovieMakerCore\StoryboardManager\MovieProject.h(248,18): warning C4251: 'StoryboardManager::MovieProjectSettings::m_strProjectName': 'ATL::CStringT<wchar_t,ATL::StrTraitATL<wchar_t,ATL::ChTraitsCRT<wchar_t>>>' needs to have dll-interface to be used by clients of 'StoryboardManager::MovieProjectSettings' [C:\Users\mcmco\Desktop\WMMR\build\src\MovieMakerCore\MovieMakerCore.vcxproj]
  (compiling source file '../../../src/MovieMakerCore/StoryboardManager/MovieEffect/MovieEffect.cpp')
      C:\Program Files (x86)\Microsoft Visual Studio\2022\BuildTools\VC\Tools\MSVC\14.44.35207\atlmfc\include\cstringt.h(999,7):
      see declaration of 'ATL::CStringT<wchar_t,ATL::StrTraitATL<wchar_t,ATL::ChTraitsCRT<wchar_t>>>'
  
C:\Users\mcmco\Desktop\WMMR\src\MovieMakerCore\StoryboardManager\MovieProject.h(249,18): warning C4251: 'StoryboardManager::MovieProjectSettings::m_strAuthor': 'ATL::CStringT<wchar_t,ATL::StrTraitATL<wchar_t,ATL::ChTraitsCRT<wchar_t>>>' needs to have dll-interface to be used by clients of 'StoryboardManager::MovieProjectSettings' [C:\Users\mcmco\Desktop\WMMR\build\src\MovieMakerCore\MovieMakerCore.vcxproj]
  (compiling source file '../../../src/MovieMakerCore/StoryboardManager/MovieEffect/MovieEffect.cpp')
      C:\Program Files (x86)\Microsoft Visual Studio\2022\BuildTools\VC\Tools\MSVC\14.44.35207\atlmfc\include\cstringt.h(999,7):
      see declaration of 'ATL::CStringT<wchar_t,ATL::StrTraitATL<wchar_t,ATL::ChTraitsCRT<wchar_t>>>'
  
C:\Users\mcmco\Desktop\WMMR\src\MovieMakerCore\StoryboardManager\MovieProject.h(394,40): warning C4251: 'StoryboardManager::MovieProject::m_arrMediaItems': 'ATL::CAtlArray<StoryboardManager::ProjectMediaItem,ATL::CElementTraits<E>>' needs to have dll-interface to be used by clients of 'StoryboardManager::MovieProject' [C:\Users\mcmco\Desktop\WMMR\build\src\MovieMakerCore\MovieMakerCore.vcxproj]
C:\Users\mcmco\Desktop\WMMR\src\MovieMakerCore\StoryboardManager\MovieProject.h(394,40): warning C4251:         with [C:\Users\mcmco\Desktop\WMMR\build\src\MovieMakerCore\MovieMakerCore.vcxproj]
C:\Users\mcmco\Desktop\WMMR\src\MovieMakerCore\StoryboardManager\MovieProject.h(394,40): warning C4251:         [ [C:\Users\mcmco\Desktop\WMMR\build\src\MovieMakerCore\MovieMakerCore.vcxproj]
C:\Users\mcmco\Desktop\WMMR\src\MovieMakerCore\StoryboardManager\MovieProject.h(394,40): warning C4251:             E=StoryboardManager::ProjectMediaItem [C:\Users\mcmco\Desktop\WMMR\build\src\MovieMakerCore\MovieMakerCore.vcxproj]
C:\Users\mcmco\Desktop\WMMR\src\MovieMakerCore\StoryboardManager\MovieProject.h(394,40): warning C4251:         ] [C:\Users\mcmco\Desktop\WMMR\build\src\MovieMakerCore\MovieMakerCore.vcxproj]
  (compiling source file '../../../src/MovieMakerCore/StoryboardManager/Theme/TextComposition.cpp')
      C:\Program Files (x86)\Microsoft Visual Studio\2022\BuildTools\VC\Tools\MSVC\14.44.35207\atlmfc\include\atlcoll.h(530,7):
      see declaration of 'ATL::CAtlArray<StoryboardManager::ProjectMediaItem,ATL::CElementTraits<E>>'
          with
          [
              E=StoryboardManager::ProjectMediaItem
          ]
  
C:\Users\mcmco\Desktop\WMMR\src\MovieMakerCore\StoryboardManager\MovieProject.h(390,25): warning C4251: 'StoryboardManager::MovieProject::m_strProjectPath': 'ATL::CStringT<wchar_t,ATL::StrTraitATL<wchar_t,ATL::ChTraitsCRT<wchar_t>>>' needs to have dll-interface to be used by clients of 'StoryboardManager::MovieProject' [C:\Users\mcmco\Desktop\WMMR\build\src\MovieMakerCore\MovieMakerCore.vcxproj]
  (compiling source file '../../../src/MovieMakerCore/StoryboardManager/MovieEffect/MovieEffect.cpp')
      C:\Program Files (x86)\Microsoft Visual Studio\2022\BuildTools\VC\Tools\MSVC\14.44.35207\atlmfc\include\cstringt.h(999,7):
      see declaration of 'ATL::CStringT<wchar_t,ATL::StrTraitATL<wchar_t,ATL::ChTraitsCRT<wchar_t>>>'
  
C:\Users\mcmco\Desktop\WMMR\src\MovieMakerCore\StoryboardManager\MovieProject.h(404,32): warning C4251: 'StoryboardManager::MovieProject::m_arrUndoStack': 'ATL::CAtlArray<StoryboardManager::MovieProject::UndoEntry *,ATL::CElementTraits<E>>' needs to have dll-interface to be used by clients of 'StoryboardManager::MovieProject' [C:\Users\mcmco\Desktop\WMMR\build\src\MovieMakerCore\MovieMakerCore.vcxproj]
C:\Users\mcmco\Desktop\WMMR\src\MovieMakerCore\StoryboardManager\MovieProject.h(404,32): warning C4251:         with [C:\Users\mcmco\Desktop\WMMR\build\src\MovieMakerCore\MovieMakerCore.vcxproj]
C:\Users\mcmco\Desktop\WMMR\src\MovieMakerCore\StoryboardManager\MovieProject.h(404,32): warning C4251:         [ [C:\Users\mcmco\Desktop\WMMR\build\src\MovieMakerCore\MovieMakerCore.vcxproj]
C:\Users\mcmco\Desktop\WMMR\src\MovieMakerCore\StoryboardManager\MovieProject.h(404,32): warning C4251:             E=StoryboardManager::MovieProject::UndoEntry * [C:\Users\mcmco\Desktop\WMMR\build\src\MovieMakerCore\MovieMakerCore.vcxproj]
C:\Users\mcmco\Desktop\WMMR\src\MovieMakerCore\StoryboardManager\MovieProject.h(404,32): warning C4251:         ] [C:\Users\mcmco\Desktop\WMMR\build\src\MovieMakerCore\MovieMakerCore.vcxproj]
  (compiling source file '../../../src/MovieMakerCore/StoryboardManager/Theme/TextComposition.cpp')
      C:\Program Files (x86)\Microsoft Visual Studio\2022\BuildTools\VC\Tools\MSVC\14.44.35207\atlmfc\include\atlcoll.h(530,7):
      see declaration of 'ATL::CAtlArray<StoryboardManager::MovieProject::UndoEntry *,ATL::CElementTraits<E>>'
          with
          [
              E=StoryboardManager::MovieProject::UndoEntry *
          ]
  
C:\Users\mcmco\Desktop\WMMR\src\MovieMakerCore\StoryboardManager\MovieProject.h(394,40): warning C4251: 'StoryboardManager::MovieProject::m_arrMediaItems': 'ATL::CAtlArray<StoryboardManager::ProjectMediaItem,ATL::CElementTraits<E>>' needs to have dll-interface to be used by clients of 'StoryboardManager::MovieProject' [C:\Users\mcmco\Desktop\WMMR\build\src\MovieMakerCore\MovieMakerCore.vcxproj]
C:\Users\mcmco\Desktop\WMMR\src\MovieMakerCore\StoryboardManager\MovieProject.h(394,40): warning C4251:         with [C:\Users\mcmco\Desktop\WMMR\build\src\MovieMakerCore\MovieMakerCore.vcxproj]
C:\Users\mcmco\Desktop\WMMR\src\MovieMakerCore\StoryboardManager\MovieProject.h(394,40): warning C4251:         [ [C:\Users\mcmco\Desktop\WMMR\build\src\MovieMakerCore\MovieMakerCore.vcxproj]
C:\Users\mcmco\Desktop\WMMR\src\MovieMakerCore\StoryboardManager\MovieProject.h(394,40): warning C4251:             E=StoryboardManager::ProjectMediaItem [C:\Users\mcmco\Desktop\WMMR\build\src\MovieMakerCore\MovieMakerCore.vcxproj]
C:\Users\mcmco\Desktop\WMMR\src\MovieMakerCore\StoryboardManager\MovieProject.h(394,40): warning C4251:         ] [C:\Users\mcmco\Desktop\WMMR\build\src\MovieMakerCore\MovieMakerCore.vcxproj]
  (compiling source file '../../../src/MovieMakerCore/StoryboardManager/MovieEffect/MovieEffect.cpp')
      C:\Program Files (x86)\Microsoft Visual Studio\2022\BuildTools\VC\Tools\MSVC\14.44.35207\atlmfc\include\atlcoll.h(530,7):
      see declaration of 'ATL::CAtlArray<StoryboardManager::ProjectMediaItem,ATL::CElementTraits<E>>'
          with
          [
              E=StoryboardManager::ProjectMediaItem
          ]
  
C:\Users\mcmco\Desktop\WMMR\src\MovieMakerCore\StoryboardManager\MovieProject.h(404,32): warning C4251: 'StoryboardManager::MovieProject::m_arrUndoStack': 'ATL::CAtlArray<StoryboardManager::MovieProject::UndoEntry *,ATL::CElementTraits<E>>' needs to have dll-interface to be used by clients of 'StoryboardManager::MovieProject' [C:\Users\mcmco\Desktop\WMMR\build\src\MovieMakerCore\MovieMakerCore.vcxproj]
C:\Users\mcmco\Desktop\WMMR\src\MovieMakerCore\StoryboardManager\MovieProject.h(404,32): warning C4251:         with [C:\Users\mcmco\Desktop\WMMR\build\src\MovieMakerCore\MovieMakerCore.vcxproj]
C:\Users\mcmco\Desktop\WMMR\src\MovieMakerCore\StoryboardManager\MovieProject.h(404,32): warning C4251:         [ [C:\Users\mcmco\Desktop\WMMR\build\src\MovieMakerCore\MovieMakerCore.vcxproj]
C:\Users\mcmco\Desktop\WMMR\src\MovieMakerCore\StoryboardManager\MovieProject.h(404,32): warning C4251:             E=StoryboardManager::MovieProject::UndoEntry * [C:\Users\mcmco\Desktop\WMMR\build\src\MovieMakerCore\MovieMakerCore.vcxproj]
C:\Users\mcmco\Desktop\WMMR\src\MovieMakerCore\StoryboardManager\MovieProject.h(404,32): warning C4251:         ] [C:\Users\mcmco\Desktop\WMMR\build\src\MovieMakerCore\MovieMakerCore.vcxproj]
  (compiling source file '../../../src/MovieMakerCore/StoryboardManager/MovieEffect/MovieEffect.cpp')
      C:\Program Files (x86)\Microsoft Visual Studio\2022\BuildTools\VC\Tools\MSVC\14.44.35207\atlmfc\include\atlcoll.h(530,7):
      see declaration of 'ATL::CAtlArray<StoryboardManager::MovieProject::UndoEntry *,ATL::CElementTraits<E>>'
          with
          [
              E=StoryboardManager::MovieProject::UndoEntry *
          ]
  
C:\Users\mcmco\Desktop\WMMR\src\MovieMakerCore\StoryboardManager\Theme\ThemeTemplates.h(105,25): warning C4251: 'StoryboardManager::TemplatePlaceholder::m_strId': 'ATL::CStringT<wchar_t,ATL::StrTraitATL<wchar_t,ATL::ChTraitsCRT<wchar_t>>>' needs to have dll-interface to be used by clients of 'StoryboardManager::TemplatePlaceholder' [C:\Users\mcmco\Desktop\WMMR\build\src\MovieMakerCore\MovieMakerCore.vcxproj]
  (compiling source file '../../../src/MovieMakerCore/StoryboardManager/Theme/TextComposition.cpp')
      C:\Program Files (x86)\Microsoft Visual Studio\2022\BuildTools\VC\Tools\MSVC\14.44.35207\atlmfc\include\cstringt.h(999,7):
      see declaration of 'ATL::CStringT<wchar_t,ATL::StrTraitATL<wchar_t,ATL::ChTraitsCRT<wchar_t>>>'
  
C:\Users\mcmco\Desktop\WMMR\src\MovieMakerCore\StoryboardManager\Theme\ThemeTemplates.h(106,25): warning C4251: 'StoryboardManager::TemplatePlaceholder::m_strName': 'ATL::CStringT<wchar_t,ATL::StrTraitATL<wchar_t,ATL::ChTraitsCRT<wchar_t>>>' needs to have dll-interface to be used by clients of 'StoryboardManager::TemplatePlaceholder' [C:\Users\mcmco\Desktop\WMMR\build\src\MovieMakerCore\MovieMakerCore.vcxproj]
  (compiling source file '../../../src/MovieMakerCore/StoryboardManager/Theme/TextComposition.cpp')
      C:\Program Files (x86)\Microsoft Visual Studio\2022\BuildTools\VC\Tools\MSVC\14.44.35207\atlmfc\include\cstringt.h(999,7):
      see declaration of 'ATL::CStringT<wchar_t,ATL::StrTraitATL<wchar_t,ATL::ChTraitsCRT<wchar_t>>>'
  
C:\Users\mcmco\Desktop\WMMR\src\MovieMakerCore\StoryboardManager\MovieEffect\MovieEffect.h(110,25): warning C4251: 'StoryboardManager::MovieEffect::m_strName': 'ATL::CStringT<wchar_t,ATL::StrTraitATL<wchar_t,ATL::ChTraitsCRT<wchar_t>>>' needs to have dll-interface to be used by clients of 'StoryboardManager::MovieEffect' [C:\Users\mcmco\Desktop\WMMR\build\src\MovieMakerCore\MovieMakerCore.vcxproj]
  (compiling source file '../../../src/MovieMakerCore/StoryboardManager/MovieEffect/MovieEffect.cpp')
      C:\Program Files (x86)\Microsoft Visual Studio\2022\BuildTools\VC\Tools\MSVC\14.44.35207\atlmfc\include\cstringt.h(999,7):
      see declaration of 'ATL::CStringT<wchar_t,ATL::StrTraitATL<wchar_t,ATL::ChTraitsCRT<wchar_t>>>'
  
C:\Users\mcmco\Desktop\WMMR\src\MovieMakerCore\HMRAVSource\TranscodeManager.h(123,29): warning C4251: 'HMRAVSource::TranscodeManager::m_progressCb': 'std::function<void (const HMRAVSource::TranscodeProgress &)>' needs to have dll-interface to be used by clients of 'HMRAVSource::TranscodeManager' [C:\Users\mcmco\Desktop\WMMR\build\src\MovieMakerCore\MovieMakerCore.vcxproj]
  (compiling source file '../../../src/MovieMakerCore/HMRAVSource/AVSource.cpp')
      C:\Program Files (x86)\Microsoft Visual Studio\2022\BuildTools\VC\Tools\MSVC\14.44.35207\include\functional(1089,7):
      see declaration of 'std::function<void (const HMRAVSource::TranscodeProgress &)>'
  
C:\Users\mcmco\Desktop\WMMR\src\MovieMakerCore\StoryboardManager\Theme\ThemeTemplates.h(122,25): warning C4251: 'StoryboardManager::TemplatePlaceholder::m_strDefaultValue': 'ATL::CStringT<wchar_t,ATL::StrTraitATL<wchar_t,ATL::ChTraitsCRT<wchar_t>>>' needs to have dll-interface to be used by clients of 'StoryboardManager::TemplatePlaceholder' [C:\Users\mcmco\Desktop\WMMR\build\src\MovieMakerCore\MovieMakerCore.vcxproj]
  (compiling source file '../../../src/MovieMakerCore/StoryboardManager/Theme/TextComposition.cpp')
      C:\Program Files (x86)\Microsoft Visual Studio\2022\BuildTools\VC\Tools\MSVC\14.44.35207\atlmfc\include\cstringt.h(999,7):
      see declaration of 'ATL::CStringT<wchar_t,ATL::StrTraitATL<wchar_t,ATL::ChTraitsCRT<wchar_t>>>'
  
C:\Users\mcmco\Desktop\WMMR\src\MovieMakerCore\StoryboardManager\Theme\ThemeTemplates.h(160,21): warning C4251: 'StoryboardManager::TemplateProperty::m_strKey': 'ATL::CStringT<wchar_t,ATL::StrTraitATL<wchar_t,ATL::ChTraitsCRT<wchar_t>>>' needs to have dll-interface to be used by clients of 'StoryboardManager::TemplateProperty' [C:\Users\mcmco\Desktop\WMMR\build\src\MovieMakerCore\MovieMakerCore.vcxproj]
  (compiling source file '../../../src/MovieMakerCore/StoryboardManager/Theme/TextComposition.cpp')
      C:\Program Files (x86)\Microsoft Visual Studio\2022\BuildTools\VC\Tools\MSVC\14.44.35207\atlmfc\include\cstringt.h(999,7):
      see declaration of 'ATL::CStringT<wchar_t,ATL::StrTraitATL<wchar_t,ATL::ChTraitsCRT<wchar_t>>>'
  
C:\Users\mcmco\Desktop\WMMR\src\MovieMakerCore\pch.h(21,9): warning C4005: 'WINVER': macro redefinition [C:\Users\mcmco\Desktop\WMMR\build\src\MovieMakerCore\MovieMakerCore.vcxproj]
  (compiling source file '../../../src/MovieMakerCore/HMRAVSource/EncodeProfile.cpp')
      C:\Users\mcmco\Desktop\WMMR\src\MovieMakerCore\pch.h(21,9):
      'WINVER' previously declared on the command line
  
C:\Users\mcmco\Desktop\WMMR\src\MovieMakerCore\StoryboardManager\Theme\ThemeTemplates.h(161,21): warning C4251: 'StoryboardManager::TemplateProperty::m_strValue': 'ATL::CStringT<wchar_t,ATL::StrTraitATL<wchar_t,ATL::ChTraitsCRT<wchar_t>>>' needs to have dll-interface to be used by clients of 'StoryboardManager::TemplateProperty' [C:\Users\mcmco\Desktop\WMMR\build\src\MovieMakerCore\MovieMakerCore.vcxproj]
  (compiling source file '../../../src/MovieMakerCore/StoryboardManager/Theme/TextComposition.cpp')
      C:\Program Files (x86)\Microsoft Visual Studio\2022\BuildTools\VC\Tools\MSVC\14.44.35207\atlmfc\include\cstringt.h(999,7):
      see declaration of 'ATL::CStringT<wchar_t,ATL::StrTraitATL<wchar_t,ATL::ChTraitsCRT<wchar_t>>>'
  
C:\Users\mcmco\Desktop\WMMR\src\MovieMakerCore\pch.h(22,9): warning C4005: '_WIN32_WINNT': macro redefinition [C:\Users\mcmco\Desktop\WMMR\build\src\MovieMakerCore\MovieMakerCore.vcxproj]
  (compiling source file '../../../src/MovieMakerCore/HMRAVSource/EncodeProfile.cpp')
      C:\Users\mcmco\Desktop\WMMR\src\MovieMakerCore\pch.h(22,9):
      '_WIN32_WINNT' previously declared on the command line
  
  CachedWFSection.cpp
C:\Users\mcmco\Desktop\WMMR\src\MovieMakerCore\StoryboardManager\MovieEffect\MovieEffect.h(121,33): warning C4251: 'StoryboardManager::MovieEffect::m_arrParameters': 'ATL::CAtlArray<StoryboardManager::MovieEffect::EffectParam,ATL::CElementTraits<E>>' needs to have dll-interface to be used by clients of 'StoryboardManager::MovieEffect' [C:\Users\mcmco\Desktop\WMMR\build\src\MovieMakerCore\MovieMakerCore.vcxproj]
C:\Users\mcmco\Desktop\WMMR\src\MovieMakerCore\StoryboardManager\MovieEffect\MovieEffect.h(121,33): warning C4251:         with [C:\Users\mcmco\Desktop\WMMR\build\src\MovieMakerCore\MovieMakerCore.vcxproj]
C:\Users\mcmco\Desktop\WMMR\src\MovieMakerCore\StoryboardManager\MovieEffect\MovieEffect.h(121,33): warning C4251:         [ [C:\Users\mcmco\Desktop\WMMR\build\src\MovieMakerCore\MovieMakerCore.vcxproj]
C:\Users\mcmco\Desktop\WMMR\src\MovieMakerCore\StoryboardManager\MovieEffect\MovieEffect.h(121,33): warning C4251:             E=StoryboardManager::MovieEffect::EffectParam [C:\Users\mcmco\Desktop\WMMR\build\src\MovieMakerCore\MovieMakerCore.vcxproj]
C:\Users\mcmco\Desktop\WMMR\src\MovieMakerCore\StoryboardManager\MovieEffect\MovieEffect.h(121,33): warning C4251:         ] [C:\Users\mcmco\Desktop\WMMR\build\src\MovieMakerCore\MovieMakerCore.vcxproj]
  (compiling source file '../../../src/MovieMakerCore/StoryboardManager/MovieEffect/MovieEffect.cpp')
      C:\Program Files (x86)\Microsoft Visual Studio\2022\BuildTools\VC\Tools\MSVC\14.44.35207\atlmfc\include\atlcoll.h(530,7):
      see declaration of 'ATL::CAtlArray<StoryboardManager::MovieEffect::EffectParam,ATL::CElementTraits<E>>'
          with
          [
              E=StoryboardManager::MovieEffect::EffectParam
          ]
  
C:\Users\mcmco\Desktop\WMMR\src\MovieMakerCore\pch.h(30,9): warning C4005: 'WIN32_LEAN_AND_MEAN': macro redefinition [C:\Users\mcmco\Desktop\WMMR\build\src\MovieMakerCore\MovieMakerCore.vcxproj]
  (compiling source file '../../../src/MovieMakerCore/HMRAVSource/EncodeProfile.cpp')
      C:\Users\mcmco\Desktop\WMMR\src\MovieMakerCore\pch.h(30,9):
      'WIN32_LEAN_AND_MEAN' previously declared on the command line
  
C:\Users\mcmco\Desktop\WMMR\src\MovieMakerCore\pch.h(31,9): warning C4005: 'NOMINMAX': macro redefinition [C:\Users\mcmco\Desktop\WMMR\build\src\MovieMakerCore\MovieMakerCore.vcxproj]
  (compiling source file '../../../src/MovieMakerCore/HMRAVSource/EncodeProfile.cpp')
      C:\Users\mcmco\Desktop\WMMR\src\MovieMakerCore\pch.h(31,9):
      'NOMINMAX' previously declared on the command line
  
C:\Users\mcmco\Desktop\WMMR\src\MovieMakerCore\StoryboardManager\Theme\ThemeTemplates.h(220,33): warning C4251: 'StoryboardManager::TemplateSocket::m_strId': 'ATL::CStringT<wchar_t,ATL::StrTraitATL<wchar_t,ATL::ChTraitsCRT<wchar_t>>>' needs to have dll-interface to be used by clients of 'StoryboardManager::TemplateSocket' [C:\Users\mcmco\Desktop\WMMR\build\src\MovieMakerCore\MovieMakerCore.vcxproj]
  (compiling source file '../../../src/MovieMakerCore/StoryboardManager/Theme/TextComposition.cpp')
      C:\Program Files (x86)\Microsoft Visual Studio\2022\BuildTools\VC\Tools\MSVC\14.44.35207\atlmfc\include\cstringt.h(999,7):
      see declaration of 'ATL::CStringT<wchar_t,ATL::StrTraitATL<wchar_t,ATL::ChTraitsCRT<wchar_t>>>'
  
C:\Users\mcmco\Desktop\WMMR\src\MovieMakerCore\pch.h(32,9): warning C4005: '_CRT_SECURE_NO_WARNINGS': macro redefinition [C:\Users\mcmco\Desktop\WMMR\build\src\MovieMakerCore\MovieMakerCore.vcxproj]
  (compiling source file '../../../src/MovieMakerCore/HMRAVSource/EncodeProfile.cpp')
      C:\Users\mcmco\Desktop\WMMR\src\MovieMakerCore\pch.h(32,9):
      '_CRT_SECURE_NO_WARNINGS' previously declared on the command line
  
C:\Users\mcmco\Desktop\WMMR\src\MovieMakerCore\StoryboardManager\Theme\ThemeTemplates.h(221,33): warning C4251: 'StoryboardManager::TemplateSocket::m_strName': 'ATL::CStringT<wchar_t,ATL::StrTraitATL<wchar_t,ATL::ChTraitsCRT<wchar_t>>>' needs to have dll-interface to be used by clients of 'StoryboardManager::TemplateSocket' [C:\Users\mcmco\Desktop\WMMR\build\src\MovieMakerCore\MovieMakerCore.vcxproj]
  (compiling source file '../../../src/MovieMakerCore/StoryboardManager/Theme/TextComposition.cpp')
      C:\Program Files (x86)\Microsoft Visual Studio\2022\BuildTools\VC\Tools\MSVC\14.44.35207\atlmfc\include\cstringt.h(999,7):
      see declaration of 'ATL::CStringT<wchar_t,ATL::StrTraitATL<wchar_t,ATL::ChTraitsCRT<wchar_t>>>'
  
C:\Users\mcmco\Desktop\WMMR\src\MovieMakerCore\pch.h(33,9): warning C4005: '_WINDLL': macro redefinition [C:\Users\mcmco\Desktop\WMMR\build\src\MovieMakerCore\MovieMakerCore.vcxproj]
  (compiling source file '../../../src/MovieMakerCore/HMRAVSource/EncodeProfile.cpp')
      C:\Users\mcmco\Desktop\WMMR\src\MovieMakerCore\pch.h(33,9):
      '_WINDLL' previously declared on the command line
  
C:\Users\mcmco\Desktop\WMMR\src\MovieMakerCore\StoryboardManager\Theme\ThemeTemplates.h(223,33): warning C4251: 'StoryboardManager::TemplateSocket::m_strPlaceholderId': 'ATL::CStringT<wchar_t,ATL::StrTraitATL<wchar_t,ATL::ChTraitsCRT<wchar_t>>>' needs to have dll-interface to be used by clients of 'StoryboardManager::TemplateSocket' [C:\Users\mcmco\Desktop\WMMR\build\src\MovieMakerCore\MovieMakerCore.vcxproj]
  (compiling source file '../../../src/MovieMakerCore/StoryboardManager/Theme/TextComposition.cpp')
      C:\Program Files (x86)\Microsoft Visual Studio\2022\BuildTools\VC\Tools\MSVC\14.44.35207\atlmfc\include\cstringt.h(999,7):
      see declaration of 'ATL::CStringT<wchar_t,ATL::StrTraitATL<wchar_t,ATL::ChTraitsCRT<wchar_t>>>'
  
C:\Users\mcmco\Desktop\WMMR\src\MovieMakerCore\pch.h(34,9): warning C4005: '_AFXDLL': macro redefinition [C:\Users\mcmco\Desktop\WMMR\build\src\MovieMakerCore\MovieMakerCore.vcxproj]
  (compiling source file '../../../src/MovieMakerCore/HMRAVSource/EncodeProfile.cpp')
      C:\Users\mcmco\Desktop\WMMR\src\MovieMakerCore\pch.h(34,9):
      '_AFXDLL' previously declared on the command line
  
C:\Users\mcmco\Desktop\WMMR\src\MovieMakerCore\HMRAVSource\TranscodeManager.h(124,29): warning C4251: 'HMRAVSource::TranscodeManager::m_errorCb': 'std::function<void (HRESULT,LPCWSTR)>' needs to have dll-interface to be used by clients of 'HMRAVSource::TranscodeManager' [C:\Users\mcmco\Desktop\WMMR\build\src\MovieMakerCore\MovieMakerCore.vcxproj]
  (compiling source file '../../../src/MovieMakerCore/HMRAVSource/AVSource.cpp')
      C:\Program Files (x86)\Microsoft Visual Studio\2022\BuildTools\VC\Tools\MSVC\14.44.35207\include\functional(1089,7):
      see declaration of 'std::function<void (HRESULT,LPCWSTR)>'
  
C:\Users\mcmco\Desktop\WMMR\src\MovieMakerCore\pch.h(35,9): warning C4005: '_ATL_CSTRING_EXPLICIT_CONSTRUCTORS': macro redefinition [C:\Users\mcmco\Desktop\WMMR\build\src\MovieMakerCore\MovieMakerCore.vcxproj]
  (compiling source file '../../../src/MovieMakerCore/HMRAVSource/EncodeProfile.cpp')
      C:\Users\mcmco\Desktop\WMMR\src\MovieMakerCore\pch.h(35,9):
      '_ATL_CSTRING_EXPLICIT_CONSTRUCTORS' previously declared on the command line
  
C:\Users\mcmco\Desktop\WMMR\src\MovieMakerCore\HMRAVSource\TranscodeManager.h(125,29): warning C4251: 'HMRAVSource::TranscodeManager::m_completeCb': 'std::function<void (HRESULT,LPCWSTR)>' needs to have dll-interface to be used by clients of 'HMRAVSource::TranscodeManager' [C:\Users\mcmco\Desktop\WMMR\build\src\MovieMakerCore\MovieMakerCore.vcxproj]
  (compiling source file '../../../src/MovieMakerCore/HMRAVSource/AVSource.cpp')
      C:\Program Files (x86)\Microsoft Visual Studio\2022\BuildTools\VC\Tools\MSVC\14.44.35207\include\functional(1089,7):
      see declaration of 'std::function<void (HRESULT,LPCWSTR)>'
  
C:\Users\mcmco\Desktop\WMMR\src\MovieMakerCore\pch.h(36,9): warning C4005: '_ATL_ALL_WARNINGS': macro redefinition [C:\Users\mcmco\Desktop\WMMR\build\src\MovieMakerCore\MovieMakerCore.vcxproj]
  (compiling source file '../../../src/MovieMakerCore/HMRAVSource/EncodeProfile.cpp')
      C:\Users\mcmco\Desktop\WMMR\src\MovieMakerCore\pch.h(36,9):
      '_ATL_ALL_WARNINGS' previously declared on the command line
  
C:\Users\mcmco\Desktop\WMMR\src\MovieMakerCore\StoryboardManager\Theme\ThemeTemplates.h(227,38): warning C4251: 'StoryboardManager::TemplateSocket::m_arrProperties': 'ATL::CAtlArray<StoryboardManager::TemplateProperty,ATL::CElementTraits<E>>' needs to have dll-interface to be used by clients of 'StoryboardManager::TemplateSocket' [C:\Users\mcmco\Desktop\WMMR\build\src\MovieMakerCore\MovieMakerCore.vcxproj]
C:\Users\mcmco\Desktop\WMMR\src\MovieMakerCore\StoryboardManager\Theme\ThemeTemplates.h(227,38): warning C4251:         with [C:\Users\mcmco\Desktop\WMMR\build\src\MovieMakerCore\MovieMakerCore.vcxproj]
C:\Users\mcmco\Desktop\WMMR\src\MovieMakerCore\StoryboardManager\Theme\ThemeTemplates.h(227,38): warning C4251:         [ [C:\Users\mcmco\Desktop\WMMR\build\src\MovieMakerCore\MovieMakerCore.vcxproj]
C:\Users\mcmco\Desktop\WMMR\src\MovieMakerCore\StoryboardManager\Theme\ThemeTemplates.h(227,38): warning C4251:             E=StoryboardManager::TemplateProperty [C:\Users\mcmco\Desktop\WMMR\build\src\MovieMakerCore\MovieMakerCore.vcxproj]
C:\Users\mcmco\Desktop\WMMR\src\MovieMakerCore\StoryboardManager\Theme\ThemeTemplates.h(227,38): warning C4251:         ] [C:\Users\mcmco\Desktop\WMMR\build\src\MovieMakerCore\MovieMakerCore.vcxproj]
  (compiling source file '../../../src/MovieMakerCore/StoryboardManager/Theme/TextComposition.cpp')
      C:\Program Files (x86)\Microsoft Visual Studio\2022\BuildTools\VC\Tools\MSVC\14.44.35207\atlmfc\include\atlcoll.h(530,7):
      see declaration of 'ATL::CAtlArray<StoryboardManager::TemplateProperty,ATL::CElementTraits<E>>'
          with
          [
              E=StoryboardManager::TemplateProperty
          ]
  
C:\Users\mcmco\Desktop\WMMR\src\MovieMakerCore\HMRAVSource\TranscodeManager.h(127,29): warning C4251: 'HMRAVSource::TranscodeManager::m_spVideoTransform': 'ATL::CComPtr<IMFTransform>' needs to have dll-interface to be used by clients of 'HMRAVSource::TranscodeManager' [C:\Users\mcmco\Desktop\WMMR\build\src\MovieMakerCore\MovieMakerCore.vcxproj]
  (compiling source file '../../../src/MovieMakerCore/HMRAVSource/AVSource.cpp')
      C:\Program Files (x86)\Microsoft Visual Studio\2022\BuildTools\VC\Tools\MSVC\14.44.35207\atlmfc\include\atlcomcli.h(341,7):
      see declaration of 'ATL::CComPtr<IMFTransform>'
  
C:\Users\mcmco\Desktop\WMMR\src\MovieMakerCore\StoryboardManager\Theme\ThemeTemplates.h(263,18): warning C4251: 'StoryboardManager::TemplateSocketsParser::m_strLastError': 'ATL::CStringT<wchar_t,ATL::StrTraitATL<wchar_t,ATL::ChTraitsCRT<wchar_t>>>' needs to have dll-interface to be used by clients of 'StoryboardManager::TemplateSocketsParser' [C:\Users\mcmco\Desktop\WMMR\build\src\MovieMakerCore\MovieMakerCore.vcxproj]
  (compiling source file '../../../src/MovieMakerCore/StoryboardManager/Theme/TextComposition.cpp')
      C:\Program Files (x86)\Microsoft Visual Studio\2022\BuildTools\VC\Tools\MSVC\14.44.35207\atlmfc\include\cstringt.h(999,7):
      see declaration of 'ATL::CStringT<wchar_t,ATL::StrTraitATL<wchar_t,ATL::ChTraitsCRT<wchar_t>>>'
  
C:\Users\mcmco\Desktop\WMMR\src\MovieMakerCore\HMRAVSource\TranscodeManager.h(128,29): warning C4251: 'HMRAVSource::TranscodeManager::m_spAudioTransform': 'ATL::CComPtr<IMFTransform>' needs to have dll-interface to be used by clients of 'HMRAVSource::TranscodeManager' [C:\Users\mcmco\Desktop\WMMR\build\src\MovieMakerCore\MovieMakerCore.vcxproj]
  (compiling source file '../../../src/MovieMakerCore/HMRAVSource/AVSource.cpp')
      C:\Program Files (x86)\Microsoft Visual Studio\2022\BuildTools\VC\Tools\MSVC\14.44.35207\atlmfc\include\atlcomcli.h(341,7):
      see declaration of 'ATL::CComPtr<IMFTransform>'
  
C:\Users\mcmco\Desktop\WMMR\src\MovieMakerCore\StoryboardManager\MovieEffect\MovieEffect.h(186,25): warning C4251: 'StoryboardManager::TextEffect::m_strText': 'ATL::CStringT<wchar_t,ATL::StrTraitATL<wchar_t,ATL::ChTraitsCRT<wchar_t>>>' needs to have dll-interface to be used by clients of 'StoryboardManager::TextEffect' [C:\Users\mcmco\Desktop\WMMR\build\src\MovieMakerCore\MovieMakerCore.vcxproj]
  (compiling source file '../../../src/MovieMakerCore/StoryboardManager/MovieEffect/MovieEffect.cpp')
      C:\Program Files (x86)\Microsoft Visual Studio\2022\BuildTools\VC\Tools\MSVC\14.44.35207\atlmfc\include\cstringt.h(999,7):
      see declaration of 'ATL::CStringT<wchar_t,ATL::StrTraitATL<wchar_t,ATL::ChTraitsCRT<wchar_t>>>'
  
C:\Users\mcmco\Desktop\WMMR\src\MovieMakerCore\StoryboardManager\Theme\ThemeTemplates.h(324,21): warning C4251: 'StoryboardManager::BaseTemplate::m_strId': 'ATL::CStringT<wchar_t,ATL::StrTraitATL<wchar_t,ATL::ChTraitsCRT<wchar_t>>>' needs to have dll-interface to be used by clients of 'StoryboardManager::BaseTemplate' [C:\Users\mcmco\Desktop\WMMR\build\src\MovieMakerCore\MovieMakerCore.vcxproj]
  (compiling source file '../../../src/MovieMakerCore/StoryboardManager/Theme/TextComposition.cpp')
      C:\Program Files (x86)\Microsoft Visual Studio\2022\BuildTools\VC\Tools\MSVC\14.44.35207\atlmfc\include\cstringt.h(999,7):
      see declaration of 'ATL::CStringT<wchar_t,ATL::StrTraitATL<wchar_t,ATL::ChTraitsCRT<wchar_t>>>'
  
C:\Users\mcmco\Desktop\WMMR\src\MovieMakerCore\StoryboardManager\MovieEffect\MovieEffect.h(187,25): warning C4251: 'StoryboardManager::TextEffect::m_strFontFamily': 'ATL::CStringT<wchar_t,ATL::StrTraitATL<wchar_t,ATL::ChTraitsCRT<wchar_t>>>' needs to have dll-interface to be used by clients of 'StoryboardManager::TextEffect' [C:\Users\mcmco\Desktop\WMMR\build\src\MovieMakerCore\MovieMakerCore.vcxproj]
  (compiling source file '../../../src/MovieMakerCore/StoryboardManager/MovieEffect/MovieEffect.cpp')
      C:\Program Files (x86)\Microsoft Visual Studio\2022\BuildTools\VC\Tools\MSVC\14.44.35207\atlmfc\include\cstringt.h(999,7):
      see declaration of 'ATL::CStringT<wchar_t,ATL::StrTraitATL<wchar_t,ATL::ChTraitsCRT<wchar_t>>>'
  
C:\Users\mcmco\Desktop\WMMR\src\MovieMakerCore\StoryboardManager\Theme\ThemeTemplates.h(325,21): warning C4251: 'StoryboardManager::BaseTemplate::m_strName': 'ATL::CStringT<wchar_t,ATL::StrTraitATL<wchar_t,ATL::ChTraitsCRT<wchar_t>>>' needs to have dll-interface to be used by clients of 'StoryboardManager::BaseTemplate' [C:\Users\mcmco\Desktop\WMMR\build\src\MovieMakerCore\MovieMakerCore.vcxproj]
  (compiling source file '../../../src/MovieMakerCore/StoryboardManager/Theme/TextComposition.cpp')
      C:\Program Files (x86)\Microsoft Visual Studio\2022\BuildTools\VC\Tools\MSVC\14.44.35207\atlmfc\include\cstringt.h(999,7):
      see declaration of 'ATL::CStringT<wchar_t,ATL::StrTraitATL<wchar_t,ATL::ChTraitsCRT<wchar_t>>>'
  
C:\Users\mcmco\Desktop\WMMR\src\MovieMakerCore\StoryboardManager\Theme\ThemeTemplates.h(328,45): warning C4251: 'StoryboardManager::BaseTemplate::m_arrProperties': 'ATL::CAtlArray<StoryboardManager::TemplateProperty,ATL::CElementTraits<E>>' needs to have dll-interface to be used by clients of 'StoryboardManager::BaseTemplate' [C:\Users\mcmco\Desktop\WMMR\build\src\MovieMakerCore\MovieMakerCore.vcxproj]
C:\Users\mcmco\Desktop\WMMR\src\MovieMakerCore\StoryboardManager\Theme\ThemeTemplates.h(328,45): warning C4251:         with [C:\Users\mcmco\Desktop\WMMR\build\src\MovieMakerCore\MovieMakerCore.vcxproj]
C:\Users\mcmco\Desktop\WMMR\src\MovieMakerCore\StoryboardManager\Theme\ThemeTemplates.h(328,45): warning C4251:         [ [C:\Users\mcmco\Desktop\WMMR\build\src\MovieMakerCore\MovieMakerCore.vcxproj]
C:\Users\mcmco\Desktop\WMMR\src\MovieMakerCore\StoryboardManager\Theme\ThemeTemplates.h(328,45): warning C4251:             E=StoryboardManager::TemplateProperty [C:\Users\mcmco\Desktop\WMMR\build\src\MovieMakerCore\MovieMakerCore.vcxproj]
C:\Users\mcmco\Desktop\WMMR\src\MovieMakerCore\StoryboardManager\Theme\ThemeTemplates.h(328,45): warning C4251:         ] [C:\Users\mcmco\Desktop\WMMR\build\src\MovieMakerCore\MovieMakerCore.vcxproj]
  (compiling source file '../../../src/MovieMakerCore/StoryboardManager/Theme/TextComposition.cpp')
      C:\Program Files (x86)\Microsoft Visual Studio\2022\BuildTools\VC\Tools\MSVC\14.44.35207\atlmfc\include\atlcoll.h(530,7):
      see declaration of 'ATL::CAtlArray<StoryboardManager::TemplateProperty,ATL::CElementTraits<E>>'
          with
          [
              E=StoryboardManager::TemplateProperty
          ]
  
C:\Users\mcmco\Desktop\WMMR\src\MovieMakerCore\StoryboardManager\Theme\ThemeTemplates.h(329,45): warning C4251: 'StoryboardManager::BaseTemplate::m_arrSockets': 'ATL::CAtlArray<StoryboardManager::TemplateSocket,ATL::CElementTraits<E>>' needs to have dll-interface to be used by clients of 'StoryboardManager::BaseTemplate' [C:\Users\mcmco\Desktop\WMMR\build\src\MovieMakerCore\MovieMakerCore.vcxproj]
C:\Users\mcmco\Desktop\WMMR\src\MovieMakerCore\StoryboardManager\Theme\ThemeTemplates.h(329,45): warning C4251:         with [C:\Users\mcmco\Desktop\WMMR\build\src\MovieMakerCore\MovieMakerCore.vcxproj]
C:\Users\mcmco\Desktop\WMMR\src\MovieMakerCore\StoryboardManager\Theme\ThemeTemplates.h(329,45): warning C4251:         [ [C:\Users\mcmco\Desktop\WMMR\build\src\MovieMakerCore\MovieMakerCore.vcxproj]
C:\Users\mcmco\Desktop\WMMR\src\MovieMakerCore\StoryboardManager\Theme\ThemeTemplates.h(329,45): warning C4251:             E=StoryboardManager::TemplateSocket [C:\Users\mcmco\Desktop\WMMR\build\src\MovieMakerCore\MovieMakerCore.vcxproj]
C:\Users\mcmco\Desktop\WMMR\src\MovieMakerCore\StoryboardManager\Theme\ThemeTemplates.h(329,45): warning C4251:         ] [C:\Users\mcmco\Desktop\WMMR\build\src\MovieMakerCore\MovieMakerCore.vcxproj]
  (compiling source file '../../../src/MovieMakerCore/StoryboardManager/Theme/TextComposition.cpp')
      C:\Program Files (x86)\Microsoft Visual Studio\2022\BuildTools\VC\Tools\MSVC\14.44.35207\atlmfc\include\atlcoll.h(530,7):
      see declaration of 'ATL::CAtlArray<StoryboardManager::TemplateSocket,ATL::CElementTraits<E>>'
          with
          [
              E=StoryboardManager::TemplateSocket
          ]
  
C:\Users\mcmco\Desktop\WMMR\src\MovieMakerCore\StoryboardManager\Theme\ThemeTemplates.h(330,45): warning C4251: 'StoryboardManager::BaseTemplate::m_arrPlaceholders': 'ATL::CAtlArray<StoryboardManager::TemplatePlaceholder,ATL::CElementTraits<E>>' needs to have dll-interface to be used by clients of 'StoryboardManager::BaseTemplate' [C:\Users\mcmco\Desktop\WMMR\build\src\MovieMakerCore\MovieMakerCore.vcxproj]
C:\Users\mcmco\Desktop\WMMR\src\MovieMakerCore\StoryboardManager\Theme\ThemeTemplates.h(330,45): warning C4251:         with [C:\Users\mcmco\Desktop\WMMR\build\src\MovieMakerCore\MovieMakerCore.vcxproj]
C:\Users\mcmco\Desktop\WMMR\src\MovieMakerCore\StoryboardManager\Theme\ThemeTemplates.h(330,45): warning C4251:         [ [C:\Users\mcmco\Desktop\WMMR\build\src\MovieMakerCore\MovieMakerCore.vcxproj]
C:\Users\mcmco\Desktop\WMMR\src\MovieMakerCore\StoryboardManager\Theme\ThemeTemplates.h(330,45): warning C4251:             E=StoryboardManager::TemplatePlaceholder [C:\Users\mcmco\Desktop\WMMR\build\src\MovieMakerCore\MovieMakerCore.vcxproj]
C:\Users\mcmco\Desktop\WMMR\src\MovieMakerCore\StoryboardManager\Theme\ThemeTemplates.h(330,45): warning C4251:         ] [C:\Users\mcmco\Desktop\WMMR\build\src\MovieMakerCore\MovieMakerCore.vcxproj]
  (compiling source file '../../../src/MovieMakerCore/StoryboardManager/Theme/TextComposition.cpp')
      C:\Program Files (x86)\Microsoft Visual Studio\2022\BuildTools\VC\Tools\MSVC\14.44.35207\atlmfc\include\atlcoll.h(530,7):
      see declaration of 'ATL::CAtlArray<StoryboardManager::TemplatePlaceholder,ATL::CElementTraits<E>>'
          with
          [
              E=StoryboardManager::TemplatePlaceholder
          ]
  
C:\Users\mcmco\Desktop\WMMR\src\MovieMakerCore\StoryboardManager\Theme\ThemeTemplates.h(373,21): warning C4251: 'StoryboardManager::BaseX3DTemplate::m_strX3dScenePath': 'ATL::CStringT<wchar_t,ATL::StrTraitATL<wchar_t,ATL::ChTraitsCRT<wchar_t>>>' needs to have dll-interface to be used by clients of 'StoryboardManager::BaseX3DTemplate' [C:\Users\mcmco\Desktop\WMMR\build\src\MovieMakerCore\MovieMakerCore.vcxproj]
  (compiling source file '../../../src/MovieMakerCore/StoryboardManager/Theme/TextComposition.cpp')
      C:\Program Files (x86)\Microsoft Visual Studio\2022\BuildTools\VC\Tools\MSVC\14.44.35207\atlmfc\include\cstringt.h(999,7):
      see declaration of 'ATL::CStringT<wchar_t,ATL::StrTraitATL<wchar_t,ATL::ChTraitsCRT<wchar_t>>>'
  
C:\Users\mcmco\Desktop\WMMR\src\MovieMakerCore\StoryboardManager\Theme\ThemeTemplates.h(374,26): warning C4251: 'StoryboardManager::BaseX3DTemplate::m_arrX3dSceneData': 'ATL::CAtlArray<BYTE,ATL::CElementTraits<unsigned char>>' needs to have dll-interface to be used by clients of 'StoryboardManager::BaseX3DTemplate' [C:\Users\mcmco\Desktop\WMMR\build\src\MovieMakerCore\MovieMakerCore.vcxproj]
  (compiling source file '../../../src/MovieMakerCore/StoryboardManager/Theme/TextComposition.cpp')
      C:\Program Files (x86)\Microsoft Visual Studio\2022\BuildTools\VC\Tools\MSVC\14.44.35207\atlmfc\include\atlcoll.h(530,7):
      see declaration of 'ATL::CAtlArray<BYTE,ATL::CElementTraits<unsigned char>>'
  
C:\Users\mcmco\Desktop\WMMR\src\MovieMakerCore\StoryboardManager\Theme\ThemeTemplates.h(387,30): warning C4251: 'StoryboardManager::BaseX3DTemplate::m_arrKeyframes': 'ATL::CAtlArray<StoryboardManager::BaseX3DTemplate::Keyframe,ATL::CElementTraits<E>>' needs to have dll-interface to be used by clients of 'StoryboardManager::BaseX3DTemplate' [C:\Users\mcmco\Desktop\WMMR\build\src\MovieMakerCore\MovieMakerCore.vcxproj]
C:\Users\mcmco\Desktop\WMMR\src\MovieMakerCore\StoryboardManager\Theme\ThemeTemplates.h(387,30): warning C4251:         with [C:\Users\mcmco\Desktop\WMMR\build\src\MovieMakerCore\MovieMakerCore.vcxproj]
C:\Users\mcmco\Desktop\WMMR\src\MovieMakerCore\StoryboardManager\Theme\ThemeTemplates.h(387,30): warning C4251:         [ [C:\Users\mcmco\Desktop\WMMR\build\src\MovieMakerCore\MovieMakerCore.vcxproj]
C:\Users\mcmco\Desktop\WMMR\src\MovieMakerCore\StoryboardManager\Theme\ThemeTemplates.h(387,30): warning C4251:             E=StoryboardManager::BaseX3DTemplate::Keyframe [C:\Users\mcmco\Desktop\WMMR\build\src\MovieMakerCore\MovieMakerCore.vcxproj]
C:\Users\mcmco\Desktop\WMMR\src\MovieMakerCore\StoryboardManager\Theme\ThemeTemplates.h(387,30): warning C4251:         ] [C:\Users\mcmco\Desktop\WMMR\build\src\MovieMakerCore\MovieMakerCore.vcxproj]
  (compiling source file '../../../src/MovieMakerCore/StoryboardManager/Theme/TextComposition.cpp')
      C:\Program Files (x86)\Microsoft Visual Studio\2022\BuildTools\VC\Tools\MSVC\14.44.35207\atlmfc\include\atlcoll.h(530,7):
      see declaration of 'ATL::CAtlArray<StoryboardManager::BaseX3DTemplate::Keyframe,ATL::CElementTraits<E>>'
          with
          [
              E=StoryboardManager::BaseX3DTemplate::Keyframe
          ]
  
C:\Users\mcmco\Desktop\WMMR\src\MovieMakerCore\HMRAVSource\VideoCapture.h(105,37): warning C4251: 'HMRAVSource::VideoCapture::m_spMediaSource': 'ATL::CComPtr<IMFMediaSource>' needs to have dll-interface to be used by clients of 'HMRAVSource::VideoCapture' [C:\Users\mcmco\Desktop\WMMR\build\src\MovieMakerCore\MovieMakerCore.vcxproj]
  (compiling source file '../../../src/MovieMakerCore/HMRAVSource/AVSource.cpp')
      C:\Program Files (x86)\Microsoft Visual Studio\2022\BuildTools\VC\Tools\MSVC\14.44.35207\atlmfc\include\atlcomcli.h(341,7):
      see declaration of 'ATL::CComPtr<IMFMediaSource>'
  
C:\Users\mcmco\Desktop\WMMR\src\MovieMakerCore\StoryboardManager\Theme\ThemeTemplates.h(421,38): warning C4251: 'StoryboardManager::CompositeX3DTemplate::m_arrSubTemplates': 'ATL::CAtlArray<StoryboardManager::BaseX3DTemplate *,ATL::CElementTraits<E>>' needs to have dll-interface to be used by clients of 'StoryboardManager::CompositeX3DTemplate' [C:\Users\mcmco\Desktop\WMMR\build\src\MovieMakerCore\MovieMakerCore.vcxproj]
C:\Users\mcmco\Desktop\WMMR\src\MovieMakerCore\StoryboardManager\Theme\ThemeTemplates.h(421,38): warning C4251:         with [C:\Users\mcmco\Desktop\WMMR\build\src\MovieMakerCore\MovieMakerCore.vcxproj]
C:\Users\mcmco\Desktop\WMMR\src\MovieMakerCore\StoryboardManager\Theme\ThemeTemplates.h(421,38): warning C4251:         [ [C:\Users\mcmco\Desktop\WMMR\build\src\MovieMakerCore\MovieMakerCore.vcxproj]
C:\Users\mcmco\Desktop\WMMR\src\MovieMakerCore\StoryboardManager\Theme\ThemeTemplates.h(421,38): warning C4251:             E=StoryboardManager::BaseX3DTemplate * [C:\Users\mcmco\Desktop\WMMR\build\src\MovieMakerCore\MovieMakerCore.vcxproj]
C:\Users\mcmco\Desktop\WMMR\src\MovieMakerCore\StoryboardManager\Theme\ThemeTemplates.h(421,38): warning C4251:         ] [C:\Users\mcmco\Desktop\WMMR\build\src\MovieMakerCore\MovieMakerCore.vcxproj]
  (compiling source file '../../../src/MovieMakerCore/StoryboardManager/Theme/TextComposition.cpp')
      C:\Program Files (x86)\Microsoft Visual Studio\2022\BuildTools\VC\Tools\MSVC\14.44.35207\atlmfc\include\atlcoll.h(530,7):
      see declaration of 'ATL::CAtlArray<StoryboardManager::BaseX3DTemplate *,ATL::CElementTraits<E>>'
          with
          [
              E=StoryboardManager::BaseX3DTemplate *
          ]
  
C:\Users\mcmco\Desktop\WMMR\src\MovieMakerCore\StoryboardManager\Theme\ThemeTemplates.h(475,21): warning C4251: 'StoryboardManager::ThemeX3DTemplate::m_strBackgroundModelPath': 'ATL::CStringT<wchar_t,ATL::StrTraitATL<wchar_t,ATL::ChTraitsCRT<wchar_t>>>' needs to have dll-interface to be used by clients of 'StoryboardManager::ThemeX3DTemplate' [C:\Users\mcmco\Desktop\WMMR\build\src\MovieMakerCore\MovieMakerCore.vcxproj]
  (compiling source file '../../../src/MovieMakerCore/StoryboardManager/Theme/TextComposition.cpp')
      C:\Program Files (x86)\Microsoft Visual Studio\2022\BuildTools\VC\Tools\MSVC\14.44.35207\atlmfc\include\cstringt.h(999,7):
      see declaration of 'ATL::CStringT<wchar_t,ATL::StrTraitATL<wchar_t,ATL::ChTraitsCRT<wchar_t>>>'
  
C:\Users\mcmco\Desktop\WMMR\src\MovieMakerCore\StoryboardManager\Theme\ThemeTemplates.h(522,21): warning C4251: 'StoryboardManager::EffectX3DTemplate::m_strVertexShaderPath': 'ATL::CStringT<wchar_t,ATL::StrTraitATL<wchar_t,ATL::ChTraitsCRT<wchar_t>>>' needs to have dll-interface to be used by clients of 'StoryboardManager::EffectX3DTemplate' [C:\Users\mcmco\Desktop\WMMR\build\src\MovieMakerCore\MovieMakerCore.vcxproj]
  (compiling source file '../../../src/MovieMakerCore/StoryboardManager/Theme/TextComposition.cpp')
      C:\Program Files (x86)\Microsoft Visual Studio\2022\BuildTools\VC\Tools\MSVC\14.44.35207\atlmfc\include\cstringt.h(999,7):
      see declaration of 'ATL::CStringT<wchar_t,ATL::StrTraitATL<wchar_t,ATL::ChTraitsCRT<wchar_t>>>'
  
C:\Users\mcmco\Desktop\WMMR\src\MovieMakerCore\StoryboardManager\Theme\ThemeTemplates.h(523,21): warning C4251: 'StoryboardManager::EffectX3DTemplate::m_strPixelShaderPath': 'ATL::CStringT<wchar_t,ATL::StrTraitATL<wchar_t,ATL::ChTraitsCRT<wchar_t>>>' needs to have dll-interface to be used by clients of 'StoryboardManager::EffectX3DTemplate' [C:\Users\mcmco\Desktop\WMMR\build\src\MovieMakerCore\MovieMakerCore.vcxproj]
  (compiling source file '../../../src/MovieMakerCore/StoryboardManager/Theme/TextComposition.cpp')
      C:\Program Files (x86)\Microsoft Visual Studio\2022\BuildTools\VC\Tools\MSVC\14.44.35207\atlmfc\include\cstringt.h(999,7):
      see declaration of 'ATL::CStringT<wchar_t,ATL::StrTraitATL<wchar_t,ATL::ChTraitsCRT<wchar_t>>>'
  
C:\Users\mcmco\Desktop\WMMR\src\MovieMakerCore\StoryboardManager\Theme\ThemeTemplates.h(524,34): warning C4251: 'StoryboardManager::EffectX3DTemplate::m_arrTexturePaths': 'ATL::CAtlArray<ATL::CString,ATL::CElementTraits<ATL::CAtlStringW>>' needs to have dll-interface to be used by clients of 'StoryboardManager::EffectX3DTemplate' [C:\Users\mcmco\Desktop\WMMR\build\src\MovieMakerCore\MovieMakerCore.vcxproj]
  (compiling source file '../../../src/MovieMakerCore/StoryboardManager/Theme/TextComposition.cpp')
      C:\Program Files (x86)\Microsoft Visual Studio\2022\BuildTools\VC\Tools\MSVC\14.44.35207\atlmfc\include\atlcoll.h(530,7):
      see declaration of 'ATL::CAtlArray<ATL::CString,ATL::CElementTraits<ATL::CAtlStringW>>'
  
C:\Users\mcmco\Desktop\WMMR\src\MovieMakerCore\HMRAVSource\VideoCapture.h(106,37): warning C4251: 'HMRAVSource::VideoCapture::m_spCaptureEngine': 'ATL::CComPtr<IMFCaptureEngine>' needs to have dll-interface to be used by clients of 'HMRAVSource::VideoCapture' [C:\Users\mcmco\Desktop\WMMR\build\src\MovieMakerCore\MovieMakerCore.vcxproj]
  (compiling source file '../../../src/MovieMakerCore/HMRAVSource/AVSource.cpp')
      C:\Program Files (x86)\Microsoft Visual Studio\2022\BuildTools\VC\Tools\MSVC\14.44.35207\atlmfc\include\atlcomcli.h(341,7):
      see declaration of 'ATL::CComPtr<IMFCaptureEngine>'
  
C:\Users\mcmco\Desktop\WMMR\src\MovieMakerCore\StoryboardManager\Theme\ThemeTemplates.h(579,21): warning C4251: 'StoryboardManager::ExtentX3DTemplate::m_strMediaSocketId': 'ATL::CStringT<wchar_t,ATL::StrTraitATL<wchar_t,ATL::ChTraitsCRT<wchar_t>>>' needs to have dll-interface to be used by clients of 'StoryboardManager::ExtentX3DTemplate' [C:\Users\mcmco\Desktop\WMMR\build\src\MovieMakerCore\MovieMakerCore.vcxproj]
  (compiling source file '../../../src/MovieMakerCore/StoryboardManager/Theme/TextComposition.cpp')
      C:\Program Files (x86)\Microsoft Visual Studio\2022\BuildTools\VC\Tools\MSVC\14.44.35207\atlmfc\include\cstringt.h(999,7):
      see declaration of 'ATL::CStringT<wchar_t,ATL::StrTraitATL<wchar_t,ATL::ChTraitsCRT<wchar_t>>>'
  
C:\Users\mcmco\Desktop\WMMR\src\MovieMakerCore\StoryboardManager\Theme\ThemeTemplates.h(580,21): warning C4251: 'StoryboardManager::ExtentX3DTemplate::m_strEntranceAnimation': 'ATL::CStringT<wchar_t,ATL::StrTraitATL<wchar_t,ATL::ChTraitsCRT<wchar_t>>>' needs to have dll-interface to be used by clients of 'StoryboardManager::ExtentX3DTemplate' [C:\Users\mcmco\Desktop\WMMR\build\src\MovieMakerCore\MovieMakerCore.vcxproj]
  (compiling source file '../../../src/MovieMakerCore/StoryboardManager/Theme/TextComposition.cpp')
      C:\Program Files (x86)\Microsoft Visual Studio\2022\BuildTools\VC\Tools\MSVC\14.44.35207\atlmfc\include\cstringt.h(999,7):
      see declaration of 'ATL::CStringT<wchar_t,ATL::StrTraitATL<wchar_t,ATL::ChTraitsCRT<wchar_t>>>'
  
C:\Users\mcmco\Desktop\WMMR\src\MovieMakerCore\StoryboardManager\Theme\ThemeTemplates.h(581,21): warning C4251: 'StoryboardManager::ExtentX3DTemplate::m_strExitAnimation': 'ATL::CStringT<wchar_t,ATL::StrTraitATL<wchar_t,ATL::ChTraitsCRT<wchar_t>>>' needs to have dll-interface to be used by clients of 'StoryboardManager::ExtentX3DTemplate' [C:\Users\mcmco\Desktop\WMMR\build\src\MovieMakerCore\MovieMakerCore.vcxproj]
  (compiling source file '../../../src/MovieMakerCore/StoryboardManager/Theme/TextComposition.cpp')
      C:\Program Files (x86)\Microsoft Visual Studio\2022\BuildTools\VC\Tools\MSVC\14.44.35207\atlmfc\include\cstringt.h(999,7):
      see declaration of 'ATL::CStringT<wchar_t,ATL::StrTraitATL<wchar_t,ATL::ChTraitsCRT<wchar_t>>>'
  
C:\Users\mcmco\Desktop\WMMR\src\MovieMakerCore\HMRAVSource\VideoCapture.h(107,37): warning C4251: 'HMRAVSource::VideoCapture::m_spPreviewSink': 'ATL::CComPtr<IMFCapturePreviewSink>' needs to have dll-interface to be used by clients of 'HMRAVSource::VideoCapture' [C:\Users\mcmco\Desktop\WMMR\build\src\MovieMakerCore\MovieMakerCore.vcxproj]
  (compiling source file '../../../src/MovieMakerCore/HMRAVSource/AVSource.cpp')
      C:\Program Files (x86)\Microsoft Visual Studio\2022\BuildTools\VC\Tools\MSVC\14.44.35207\atlmfc\include\atlcomcli.h(341,7):
      see declaration of 'ATL::CComPtr<IMFCapturePreviewSink>'
  
C:\Users\mcmco\Desktop\WMMR\src\MovieMakerCore\HMRAVSource\VideoCapture.h(108,37): warning C4251: 'HMRAVSource::VideoCapture::m_spRecordSink': 'ATL::CComPtr<IMFCaptureRecordSink>' needs to have dll-interface to be used by clients of 'HMRAVSource::VideoCapture' [C:\Users\mcmco\Desktop\WMMR\build\src\MovieMakerCore\MovieMakerCore.vcxproj]
  (compiling source file '../../../src/MovieMakerCore/HMRAVSource/AVSource.cpp')
      C:\Program Files (x86)\Microsoft Visual Studio\2022\BuildTools\VC\Tools\MSVC\14.44.35207\atlmfc\include\atlcomcli.h(341,7):
      see declaration of 'ATL::CComPtr<IMFCaptureRecordSink>'
  
C:\Users\mcmco\Desktop\WMMR\src\MovieMakerCore\StoryboardManager\Theme\ThemeTemplates.h(625,41): warning C4251: 'StoryboardManager::EffectTemplateHandler::m_arrEntries': 'ATL::CAtlArray<StoryboardManager::EffectTemplateHandler::EffectTemplateEntry,ATL::CElementTraits<E>>' needs to have dll-interface to be used by clients of 'StoryboardManager::EffectTemplateHandler' [C:\Users\mcmco\Desktop\WMMR\build\src\MovieMakerCore\MovieMakerCore.vcxproj]
C:\Users\mcmco\Desktop\WMMR\src\MovieMakerCore\StoryboardManager\Theme\ThemeTemplates.h(625,41): warning C4251:         with [C:\Users\mcmco\Desktop\WMMR\build\src\MovieMakerCore\MovieMakerCore.vcxproj]
C:\Users\mcmco\Desktop\WMMR\src\MovieMakerCore\StoryboardManager\Theme\ThemeTemplates.h(625,41): warning C4251:         [ [C:\Users\mcmco\Desktop\WMMR\build\src\MovieMakerCore\MovieMakerCore.vcxproj]
C:\Users\mcmco\Desktop\WMMR\src\MovieMakerCore\StoryboardManager\Theme\ThemeTemplates.h(625,41): warning C4251:             E=StoryboardManager::EffectTemplateHandler::EffectTemplateEntry [C:\Users\mcmco\Desktop\WMMR\build\src\MovieMakerCore\MovieMakerCore.vcxproj]
C:\Users\mcmco\Desktop\WMMR\src\MovieMakerCore\StoryboardManager\Theme\ThemeTemplates.h(625,41): warning C4251:         ] [C:\Users\mcmco\Desktop\WMMR\build\src\MovieMakerCore\MovieMakerCore.vcxproj]
  (compiling source file '../../../src/MovieMakerCore/StoryboardManager/Theme/TextComposition.cpp')
      C:\Program Files (x86)\Microsoft Visual Studio\2022\BuildTools\VC\Tools\MSVC\14.44.35207\atlmfc\include\atlcoll.h(530,7):
      see declaration of 'ATL::CAtlArray<StoryboardManager::EffectTemplateHandler::EffectTemplateEntry,ATL::CElementTraits<E>>'
          with
          [
              E=StoryboardManager::EffectTemplateHandler::EffectTemplateEntry
          ]
  
C:\Users\mcmco\Desktop\WMMR\src\MovieMakerCore\StoryboardManager\Theme\ThemeTemplates.h(673,42): warning C4251: 'StoryboardManager::ExtentSocketsHandler::m_arrMappings': 'ATL::CAtlArray<StoryboardManager::ExtentSocketsHandler::ExtentSocketMapping,ATL::CElementTraits<E>>' needs to have dll-interface to be used by clients of 'StoryboardManager::ExtentSocketsHandler' [C:\Users\mcmco\Desktop\WMMR\build\src\MovieMakerCore\MovieMakerCore.vcxproj]
C:\Users\mcmco\Desktop\WMMR\src\MovieMakerCore\StoryboardManager\Theme\ThemeTemplates.h(673,42): warning C4251:         with [C:\Users\mcmco\Desktop\WMMR\build\src\MovieMakerCore\MovieMakerCore.vcxproj]
C:\Users\mcmco\Desktop\WMMR\src\MovieMakerCore\StoryboardManager\Theme\ThemeTemplates.h(673,42): warning C4251:         [ [C:\Users\mcmco\Desktop\WMMR\build\src\MovieMakerCore\MovieMakerCore.vcxproj]
C:\Users\mcmco\Desktop\WMMR\src\MovieMakerCore\StoryboardManager\Theme\ThemeTemplates.h(673,42): warning C4251:             E=StoryboardManager::ExtentSocketsHandler::ExtentSocketMapping [C:\Users\mcmco\Desktop\WMMR\build\src\MovieMakerCore\MovieMakerCore.vcxproj]
C:\Users\mcmco\Desktop\WMMR\src\MovieMakerCore\StoryboardManager\Theme\ThemeTemplates.h(673,42): warning C4251:         ] [C:\Users\mcmco\Desktop\WMMR\build\src\MovieMakerCore\MovieMakerCore.vcxproj]
  (compiling source file '../../../src/MovieMakerCore/StoryboardManager/Theme/TextComposition.cpp')
      C:\Program Files (x86)\Microsoft Visual Studio\2022\BuildTools\VC\Tools\MSVC\14.44.35207\atlmfc\include\atlcoll.h(530,7):
      see declaration of 'ATL::CAtlArray<StoryboardManager::ExtentSocketsHandler::ExtentSocketMapping,ATL::CElementTraits<E>>'
          with
          [
              E=StoryboardManager::ExtentSocketsHandler::ExtentSocketMapping
          ]
  
C:\Users\mcmco\Desktop\WMMR\src\MovieMakerCore\HMRAVSource\VideoCapture.h(117,38): warning C4251: 'HMRAVSource::VideoCapture::m_frameCb': 'std::function<void (IMFSample *)>' needs to have dll-interface to be used by clients of 'HMRAVSource::VideoCapture' [C:\Users\mcmco\Desktop\WMMR\build\src\MovieMakerCore\MovieMakerCore.vcxproj]
  (compiling source file '../../../src/MovieMakerCore/HMRAVSource/AVSource.cpp')
      C:\Program Files (x86)\Microsoft Visual Studio\2022\BuildTools\VC\Tools\MSVC\14.44.35207\include\functional(1089,7):
      see declaration of 'std::function<void (IMFSample *)>'
  
C:\Users\mcmco\Desktop\WMMR\src\MovieMakerCore\StoryboardManager\Theme\ThemeStructure.h(116,25): warning C4251: 'StoryboardManager::ThemeComplexType::m_strId': 'ATL::CStringT<wchar_t,ATL::StrTraitATL<wchar_t,ATL::ChTraitsCRT<wchar_t>>>' needs to have dll-interface to be used by clients of 'StoryboardManager::ThemeComplexType' [C:\Users\mcmco\Desktop\WMMR\build\src\MovieMakerCore\MovieMakerCore.vcxproj]
  (compiling source file '../../../src/MovieMakerCore/StoryboardManager/Theme/TextComposition.cpp')
      C:\Program Files (x86)\Microsoft Visual Studio\2022\BuildTools\VC\Tools\MSVC\14.44.35207\atlmfc\include\cstringt.h(999,7):
      see declaration of 'ATL::CStringT<wchar_t,ATL::StrTraitATL<wchar_t,ATL::ChTraitsCRT<wchar_t>>>'
  
C:\Users\mcmco\Desktop\WMMR\src\MovieMakerCore\StoryboardManager\Theme\ThemeStructure.h(117,25): warning C4251: 'StoryboardManager::ThemeComplexType::m_strName': 'ATL::CStringT<wchar_t,ATL::StrTraitATL<wchar_t,ATL::ChTraitsCRT<wchar_t>>>' needs to have dll-interface to be used by clients of 'StoryboardManager::ThemeComplexType' [C:\Users\mcmco\Desktop\WMMR\build\src\MovieMakerCore\MovieMakerCore.vcxproj]
  (compiling source file '../../../src/MovieMakerCore/StoryboardManager/Theme/TextComposition.cpp')
      C:\Program Files (x86)\Microsoft Visual Studio\2022\BuildTools\VC\Tools\MSVC\14.44.35207\atlmfc\include\cstringt.h(999,7):
      see declaration of 'ATL::CStringT<wchar_t,ATL::StrTraitATL<wchar_t,ATL::ChTraitsCRT<wchar_t>>>'
  
C:\Users\mcmco\Desktop\WMMR\src\MovieMakerCore\StoryboardManager\Theme\ThemeStructure.h(123,39): warning C4251: 'StoryboardManager::ThemeComplexType::m_arrChildren': 'ATL::CAtlArray<StoryboardManager::ThemeComplexType *,ATL::CElementTraits<E>>' needs to have dll-interface to be used by clients of 'StoryboardManager::ThemeComplexType' [C:\Users\mcmco\Desktop\WMMR\build\src\MovieMakerCore\MovieMakerCore.vcxproj]
C:\Users\mcmco\Desktop\WMMR\src\MovieMakerCore\StoryboardManager\Theme\ThemeStructure.h(123,39): warning C4251:         with [C:\Users\mcmco\Desktop\WMMR\build\src\MovieMakerCore\MovieMakerCore.vcxproj]
C:\Users\mcmco\Desktop\WMMR\src\MovieMakerCore\StoryboardManager\Theme\ThemeStructure.h(123,39): warning C4251:         [ [C:\Users\mcmco\Desktop\WMMR\build\src\MovieMakerCore\MovieMakerCore.vcxproj]
C:\Users\mcmco\Desktop\WMMR\src\MovieMakerCore\StoryboardManager\Theme\ThemeStructure.h(123,39): warning C4251:             E=StoryboardManager::ThemeComplexType * [C:\Users\mcmco\Desktop\WMMR\build\src\MovieMakerCore\MovieMakerCore.vcxproj]
C:\Users\mcmco\Desktop\WMMR\src\MovieMakerCore\StoryboardManager\Theme\ThemeStructure.h(123,39): warning C4251:         ] [C:\Users\mcmco\Desktop\WMMR\build\src\MovieMakerCore\MovieMakerCore.vcxproj]
  (compiling source file '../../../src/MovieMakerCore/StoryboardManager/Theme/TextComposition.cpp')
      C:\Program Files (x86)\Microsoft Visual Studio\2022\BuildTools\VC\Tools\MSVC\14.44.35207\atlmfc\include\atlcoll.h(530,7):
      see declaration of 'ATL::CAtlArray<StoryboardManager::ThemeComplexType *,ATL::CElementTraits<E>>'
          with
          [
              E=StoryboardManager::ThemeComplexType *
          ]
  
C:\Users\mcmco\Desktop\WMMR\src\MovieMakerCore\StoryboardManager\Theme\ThemeStructure.h(197,24): error C2143: syntax error: missing ';' before '*' [C:\Users\mcmco\Desktop\WMMR\build\src\MovieMakerCore\MovieMakerCore.vcxproj]
  (compiling source file '../../../src/MovieMakerCore/StoryboardManager/Theme/TextComposition.cpp')
  
C:\Users\mcmco\Desktop\WMMR\src\MovieMakerCore\StoryboardManager\Theme\ThemeStructure.h(197,5): error C4430: missing type specifier - int assumed. Note: C++ does not support default-int [C:\Users\mcmco\Desktop\WMMR\build\src\MovieMakerCore\MovieMakerCore.vcxproj]
  (compiling source file '../../../src/MovieMakerCore/StoryboardManager/Theme/TextComposition.cpp')
  
C:\Users\mcmco\Desktop\WMMR\src\MovieMakerCore\StoryboardManager\Theme\ThemeStructure.h(197,52): error C2238: unexpected token(s) preceding ';' [C:\Users\mcmco\Desktop\WMMR\build\src\MovieMakerCore\MovieMakerCore.vcxproj]
  (compiling source file '../../../src/MovieMakerCore/StoryboardManager/Theme/TextComposition.cpp')
  
C:\Users\mcmco\Desktop\WMMR\src\MovieMakerCore\StoryboardManager\Theme\ThemeStructure.h(198,5): error C4430: missing type specifier - int assumed. Note: C++ does not support default-int [C:\Users\mcmco\Desktop\WMMR\build\src\MovieMakerCore\MovieMakerCore.vcxproj]
  (compiling source file '../../../src/MovieMakerCore/StoryboardManager/Theme/TextComposition.cpp')
  
C:\Users\mcmco\Desktop\WMMR\src\MovieMakerCore\StoryboardManager\Theme\ThemeStructure.h(198,30): error C2143: syntax error: missing ';' before '*' [C:\Users\mcmco\Desktop\WMMR\build\src\MovieMakerCore\MovieMakerCore.vcxproj]
  (compiling source file '../../../src/MovieMakerCore/StoryboardManager/Theme/TextComposition.cpp')
  
C:\Users\mcmco\Desktop\WMMR\src\MovieMakerCore\StoryboardManager\Theme\ThemeStructure.h(198,64): error C2238: unexpected token(s) preceding ';' [C:\Users\mcmco\Desktop\WMMR\build\src\MovieMakerCore\MovieMakerCore.vcxproj]
  (compiling source file '../../../src/MovieMakerCore/StoryboardManager/Theme/TextComposition.cpp')
  
C:\Users\mcmco\Desktop\WMMR\src\MovieMakerCore\StoryboardManager\Theme\ThemeStructure.h(199,35): error C2061: syntax error: identifier 'ThemeEffectTemplate' [C:\Users\mcmco\Desktop\WMMR\build\src\MovieMakerCore\MovieMakerCore.vcxproj]
  (compiling source file '../../../src/MovieMakerCore/StoryboardManager/Theme/TextComposition.cpp')
  
C:\Users\mcmco\Desktop\WMMR\src\MovieMakerCore\HMRAVSource\AudioCapture.h(107,33): warning C4251: 'HMRAVSource::AudioCapture::m_spMediaSource': 'ATL::CComPtr<IMFMediaSource>' needs to have dll-interface to be used by clients of 'HMRAVSource::AudioCapture' [C:\Users\mcmco\Desktop\WMMR\build\src\MovieMakerCore\MovieMakerCore.vcxproj]
  (compiling source file '../../../src/MovieMakerCore/HMRAVSource/AVSource.cpp')
      C:\Program Files (x86)\Microsoft Visual Studio\2022\BuildTools\VC\Tools\MSVC\14.44.35207\atlmfc\include\atlcomcli.h(341,7):
      see declaration of 'ATL::CComPtr<IMFMediaSource>'
  
C:\Users\mcmco\Desktop\WMMR\src\MovieMakerCore\StoryboardManager\Theme\ThemeStructure.h(202,20): error C2143: syntax error: missing ';' before '*' [C:\Users\mcmco\Desktop\WMMR\build\src\MovieMakerCore\MovieMakerCore.vcxproj]
  (compiling source file '../../../src/MovieMakerCore/StoryboardManager/Theme/TextComposition.cpp')
  
C:\Users\mcmco\Desktop\WMMR\src\MovieMakerCore\StoryboardManager\Theme\ThemeStructure.h(202,5): error C4430: missing type specifier - int assumed. Note: C++ does not support default-int [C:\Users\mcmco\Desktop\WMMR\build\src\MovieMakerCore\MovieMakerCore.vcxproj]
  (compiling source file '../../../src/MovieMakerCore/StoryboardManager/Theme/TextComposition.cpp')
  
C:\Users\mcmco\Desktop\WMMR\src\MovieMakerCore\StoryboardManager\Theme\ThemeStructure.h(202,44): error C2238: unexpected token(s) preceding ';' [C:\Users\mcmco\Desktop\WMMR\build\src\MovieMakerCore\MovieMakerCore.vcxproj]
  (compiling source file '../../../src/MovieMakerCore/StoryboardManager/Theme/TextComposition.cpp')
  
C:\Users\mcmco\Desktop\WMMR\src\MovieMakerCore\HMRAVSource\AudioCapture.h(108,33): warning C4251: 'HMRAVSource::AudioCapture::m_spReader': 'ATL::CComPtr<IMFSourceReader>' needs to have dll-interface to be used by clients of 'HMRAVSource::AudioCapture' [C:\Users\mcmco\Desktop\WMMR\build\src\MovieMakerCore\MovieMakerCore.vcxproj]
  (compiling source file '../../../src/MovieMakerCore/HMRAVSource/AVSource.cpp')
      C:\Program Files (x86)\Microsoft Visual Studio\2022\BuildTools\VC\Tools\MSVC\14.44.35207\atlmfc\include\atlcomcli.h(341,7):
      see declaration of 'ATL::CComPtr<IMFSourceReader>'
  
C:\Users\mcmco\Desktop\WMMR\src\MovieMakerCore\StoryboardManager\Theme\ThemeStructure.h(203,5): error C4430: missing type specifier - int assumed. Note: C++ does not support default-int [C:\Users\mcmco\Desktop\WMMR\build\src\MovieMakerCore\MovieMakerCore.vcxproj]
  (compiling source file '../../../src/MovieMakerCore/StoryboardManager/Theme/TextComposition.cpp')
  
C:\Users\mcmco\Desktop\WMMR\src\MovieMakerCore\StoryboardManager\Theme\ThemeStructure.h(203,26): error C2143: syntax error: missing ';' before '*' [C:\Users\mcmco\Desktop\WMMR\build\src\MovieMakerCore\MovieMakerCore.vcxproj]
  (compiling source file '../../../src/MovieMakerCore/StoryboardManager/Theme/TextComposition.cpp')
  
C:\Users\mcmco\Desktop\WMMR\src\MovieMakerCore\HMRAVSource\AudioCapture.h(116,34): warning C4251: 'HMRAVSource::AudioCapture::m_sampleCb': 'std::function<void (IMFSample *)>' needs to have dll-interface to be used by clients of 'HMRAVSource::AudioCapture' [C:\Users\mcmco\Desktop\WMMR\build\src\MovieMakerCore\MovieMakerCore.vcxproj]
  (compiling source file '../../../src/MovieMakerCore/HMRAVSource/AVSource.cpp')
      C:\Program Files (x86)\Microsoft Visual Studio\2022\BuildTools\VC\Tools\MSVC\14.44.35207\include\functional(1089,7):
      see declaration of 'std::function<void (IMFSample *)>'
  
C:\Users\mcmco\Desktop\WMMR\src\MovieMakerCore\StoryboardManager\Theme\ThemeStructure.h(203,56): error C2238: unexpected token(s) preceding ';' [C:\Users\mcmco\Desktop\WMMR\build\src\MovieMakerCore\MovieMakerCore.vcxproj]
  (compiling source file '../../../src/MovieMakerCore/StoryboardManager/Theme/TextComposition.cpp')
  
C:\Users\mcmco\Desktop\WMMR\src\MovieMakerCore\StoryboardManager\Theme\ThemeStructure.h(204,31): error C2061: syntax error: identifier 'ThemeTransition' [C:\Users\mcmco\Desktop\WMMR\build\src\MovieMakerCore\MovieMakerCore.vcxproj]
  (compiling source file '../../../src/MovieMakerCore/StoryboardManager/Theme/TextComposition.cpp')
  
C:\Users\mcmco\Desktop\WMMR\src\MovieMakerCore\StoryboardManager\Theme\ThemeStructure.h(214,37): warning C4251: 'StoryboardManager::ThemeMid::m_arrTracks': 'ATL::CAtlArray<StoryboardManager::ThemeTrack *,ATL::CElementTraits<E>>' needs to have dll-interface to be used by clients of 'StoryboardManager::ThemeMid' [C:\Users\mcmco\Desktop\WMMR\build\src\MovieMakerCore\MovieMakerCore.vcxproj]
C:\Users\mcmco\Desktop\WMMR\src\MovieMakerCore\StoryboardManager\Theme\ThemeStructure.h(214,37): warning C4251:         with [C:\Users\mcmco\Desktop\WMMR\build\src\MovieMakerCore\MovieMakerCore.vcxproj]
C:\Users\mcmco\Desktop\WMMR\src\MovieMakerCore\StoryboardManager\Theme\ThemeStructure.h(214,37): warning C4251:         [ [C:\Users\mcmco\Desktop\WMMR\build\src\MovieMakerCore\MovieMakerCore.vcxproj]
C:\Users\mcmco\Desktop\WMMR\src\MovieMakerCore\StoryboardManager\Theme\ThemeStructure.h(214,37): warning C4251:             E=StoryboardManager::ThemeTrack * [C:\Users\mcmco\Desktop\WMMR\build\src\MovieMakerCore\MovieMakerCore.vcxproj]
C:\Users\mcmco\Desktop\WMMR\src\MovieMakerCore\StoryboardManager\Theme\ThemeStructure.h(214,37): warning C4251:         ] [C:\Users\mcmco\Desktop\WMMR\build\src\MovieMakerCore\MovieMakerCore.vcxproj]
  (compiling source file '../../../src/MovieMakerCore/StoryboardManager/Theme/TextComposition.cpp')
      C:\Program Files (x86)\Microsoft Visual Studio\2022\BuildTools\VC\Tools\MSVC\14.44.35207\atlmfc\include\atlcoll.h(530,7):
      see declaration of 'ATL::CAtlArray<StoryboardManager::ThemeTrack *,ATL::CElementTraits<E>>'
          with
          [
              E=StoryboardManager::ThemeTrack *
          ]
  
C:\Users\mcmco\Desktop\WMMR\src\MovieMakerCore\StoryboardManager\Theme\ThemeStructure.h(215,24): error C2143: syntax error: missing ';' before '*' [C:\Users\mcmco\Desktop\WMMR\build\src\MovieMakerCore\MovieMakerCore.vcxproj]
  (compiling source file '../../../src/MovieMakerCore/StoryboardManager/Theme/TextComposition.cpp')
  
C:\Users\mcmco\Desktop\WMMR\src\MovieMakerCore\StoryboardManager\Theme\ThemeStructure.h(215,5): error C4430: missing type specifier - int assumed. Note: C++ does not support default-int [C:\Users\mcmco\Desktop\WMMR\build\src\MovieMakerCore\MovieMakerCore.vcxproj]
  (compiling source file '../../../src/MovieMakerCore/StoryboardManager/Theme/TextComposition.cpp')
  
C:\Users\mcmco\Desktop\WMMR\src\MovieMakerCore\StoryboardManager\Theme\ThemeStructure.h(215,61): error C2238: unexpected token(s) preceding ';' [C:\Users\mcmco\Desktop\WMMR\build\src\MovieMakerCore\MovieMakerCore.vcxproj]
  (compiling source file '../../../src/MovieMakerCore/StoryboardManager/Theme/TextComposition.cpp')
  
C:\Users\mcmco\Desktop\WMMR\src\MovieMakerCore\StoryboardManager\Theme\ThemeStructure.h(216,20): error C2143: syntax error: missing ';' before '*' [C:\Users\mcmco\Desktop\WMMR\build\src\MovieMakerCore\MovieMakerCore.vcxproj]
  (compiling source file '../../../src/MovieMakerCore/StoryboardManager/Theme/TextComposition.cpp')
  
C:\Users\mcmco\Desktop\WMMR\src\MovieMakerCore\StoryboardManager\Theme\ThemeStructure.h(216,5): error C4430: missing type specifier - int assumed. Note: C++ does not support default-int [C:\Users\mcmco\Desktop\WMMR\build\src\MovieMakerCore\MovieMakerCore.vcxproj]
  (compiling source file '../../../src/MovieMakerCore/StoryboardManager/Theme/TextComposition.cpp')
  
C:\Users\mcmco\Desktop\WMMR\src\MovieMakerCore\StoryboardManager\Theme\ThemeStructure.h(216,57): error C2238: unexpected token(s) preceding ';' [C:\Users\mcmco\Desktop\WMMR\build\src\MovieMakerCore\MovieMakerCore.vcxproj]
  (compiling source file '../../../src/MovieMakerCore/StoryboardManager/Theme/TextComposition.cpp')
  
C:\Users\mcmco\Desktop\WMMR\src\MovieMakerCore\HMRAVSource\AVCaptureSession.h(117,25): warning C4251: 'HMRAVSource::AVCaptureSession::m_statsCb': 'std::function<void (const HMRAVSource::AVCaptureSessionStats &)>' needs to have dll-interface to be used by clients of 'HMRAVSource::AVCaptureSession' [C:\Users\mcmco\Desktop\WMMR\build\src\MovieMakerCore\MovieMakerCore.vcxproj]
  (compiling source file '../../../src/MovieMakerCore/HMRAVSource/AVSource.cpp')
      C:\Program Files (x86)\Microsoft Visual Studio\2022\BuildTools\VC\Tools\MSVC\14.44.35207\include\functional(1089,7):
      see declaration of 'std::function<void (const HMRAVSource::AVCaptureSessionStats &)>'
  
C:\Users\mcmco\Desktop\WMMR\src\MovieMakerCore\StoryboardManager\Theme\ThemeStructure.h(302,39): warning C4251: 'StoryboardManager::ComplexIntro::m_arrLayers': 'ATL::CAtlArray<StoryboardManager::ThemeComplexType *,ATL::CElementTraits<E>>' needs to have dll-interface to be used by clients of 'StoryboardManager::ComplexIntro' [C:\Users\mcmco\Desktop\WMMR\build\src\MovieMakerCore\MovieMakerCore.vcxproj]
C:\Users\mcmco\Desktop\WMMR\src\MovieMakerCore\StoryboardManager\Theme\ThemeStructure.h(302,39): warning C4251:         with [C:\Users\mcmco\Desktop\WMMR\build\src\MovieMakerCore\MovieMakerCore.vcxproj]
C:\Users\mcmco\Desktop\WMMR\src\MovieMakerCore\StoryboardManager\Theme\ThemeStructure.h(302,39): warning C4251:         [ [C:\Users\mcmco\Desktop\WMMR\build\src\MovieMakerCore\MovieMakerCore.vcxproj]
C:\Users\mcmco\Desktop\WMMR\src\MovieMakerCore\StoryboardManager\Theme\ThemeStructure.h(302,39): warning C4251:             E=StoryboardManager::ThemeComplexType * [C:\Users\mcmco\Desktop\WMMR\build\src\MovieMakerCore\MovieMakerCore.vcxproj]
C:\Users\mcmco\Desktop\WMMR\src\MovieMakerCore\StoryboardManager\Theme\ThemeStructure.h(302,39): warning C4251:         ] [C:\Users\mcmco\Desktop\WMMR\build\src\MovieMakerCore\MovieMakerCore.vcxproj]
  (compiling source file '../../../src/MovieMakerCore/StoryboardManager/Theme/TextComposition.cpp')
      C:\Program Files (x86)\Microsoft Visual Studio\2022\BuildTools\VC\Tools\MSVC\14.44.35207\atlmfc\include\atlcoll.h(530,7):
      see declaration of 'ATL::CAtlArray<StoryboardManager::ThemeComplexType *,ATL::CElementTraits<E>>'
          with
          [
              E=StoryboardManager::ThemeComplexType *
          ]
  
C:\Users\mcmco\Desktop\WMMR\src\MovieMakerCore\StoryboardManager\Theme\ThemeStructure.h(303,39): warning C4251: 'StoryboardManager::ComplexIntro::m_arrEntranceEffects': 'ATL::CAtlArray<StoryboardManager::ThemeEffect *,ATL::CElementTraits<E>>' needs to have dll-interface to be used by clients of 'StoryboardManager::ComplexIntro' [C:\Users\mcmco\Desktop\WMMR\build\src\MovieMakerCore\MovieMakerCore.vcxproj]
C:\Users\mcmco\Desktop\WMMR\src\MovieMakerCore\StoryboardManager\Theme\ThemeStructure.h(303,39): warning C4251:         with [C:\Users\mcmco\Desktop\WMMR\build\src\MovieMakerCore\MovieMakerCore.vcxproj]
C:\Users\mcmco\Desktop\WMMR\src\MovieMakerCore\StoryboardManager\Theme\ThemeStructure.h(303,39): warning C4251:         [ [C:\Users\mcmco\Desktop\WMMR\build\src\MovieMakerCore\MovieMakerCore.vcxproj]
C:\Users\mcmco\Desktop\WMMR\src\MovieMakerCore\StoryboardManager\Theme\ThemeStructure.h(303,39): warning C4251:             E=StoryboardManager::ThemeEffect * [C:\Users\mcmco\Desktop\WMMR\build\src\MovieMakerCore\MovieMakerCore.vcxproj]
C:\Users\mcmco\Desktop\WMMR\src\MovieMakerCore\StoryboardManager\Theme\ThemeStructure.h(303,39): warning C4251:         ] [C:\Users\mcmco\Desktop\WMMR\build\src\MovieMakerCore\MovieMakerCore.vcxproj]
  (compiling source file '../../../src/MovieMakerCore/StoryboardManager/Theme/TextComposition.cpp')
      C:\Program Files (x86)\Microsoft Visual Studio\2022\BuildTools\VC\Tools\MSVC\14.44.35207\atlmfc\include\atlcoll.h(530,7):
      see declaration of 'ATL::CAtlArray<StoryboardManager::ThemeEffect *,ATL::CElementTraits<E>>'
          with
          [
              E=StoryboardManager::ThemeEffect *
          ]
  
C:\Users\mcmco\Desktop\WMMR\src\MovieMakerCore\StoryboardManager\Theme\ThemeStructure.h(325,21): warning C4251: 'StoryboardManager::SimpleIntro::m_strOverlayText': 'ATL::CStringT<wchar_t,ATL::StrTraitATL<wchar_t,ATL::ChTraitsCRT<wchar_t>>>' needs to have dll-interface to be used by clients of 'StoryboardManager::SimpleIntro' [C:\Users\mcmco\Desktop\WMMR\build\src\MovieMakerCore\MovieMakerCore.vcxproj]
  (compiling source file '../../../src/MovieMakerCore/StoryboardManager/Theme/TextComposition.cpp')
      C:\Program Files (x86)\Microsoft Visual Studio\2022\BuildTools\VC\Tools\MSVC\14.44.35207\atlmfc\include\cstringt.h(999,7):
      see declaration of 'ATL::CStringT<wchar_t,ATL::StrTraitATL<wchar_t,ATL::ChTraitsCRT<wchar_t>>>'
  
C:\Users\mcmco\Desktop\WMMR\src\MovieMakerCore\StoryboardManager\Theme\ThemeStructure.h(406,25): warning C4251: 'StoryboardManager::ThemeTitle::m_strText': 'ATL::CStringT<wchar_t,ATL::StrTraitATL<wchar_t,ATL::ChTraitsCRT<wchar_t>>>' needs to have dll-interface to be used by clients of 'StoryboardManager::ThemeTitle' [C:\Users\mcmco\Desktop\WMMR\build\src\MovieMakerCore\MovieMakerCore.vcxproj]
  (compiling source file '../../../src/MovieMakerCore/StoryboardManager/Theme/TextComposition.cpp')
      C:\Program Files (x86)\Microsoft Visual Studio\2022\BuildTools\VC\Tools\MSVC\14.44.35207\atlmfc\include\cstringt.h(999,7):
      see declaration of 'ATL::CStringT<wchar_t,ATL::StrTraitATL<wchar_t,ATL::ChTraitsCRT<wchar_t>>>'
  
C:\Users\mcmco\Desktop\WMMR\src\MovieMakerCore\StoryboardManager\Theme\ThemeStructure.h(407,25): warning C4251: 'StoryboardManager::ThemeTitle::m_strFontFamily': 'ATL::CStringT<wchar_t,ATL::StrTraitATL<wchar_t,ATL::ChTraitsCRT<wchar_t>>>' needs to have dll-interface to be used by clients of 'StoryboardManager::ThemeTitle' [C:\Users\mcmco\Desktop\WMMR\build\src\MovieMakerCore\MovieMakerCore.vcxproj]
  (compiling source file '../../../src/MovieMakerCore/StoryboardManager/Theme/TextComposition.cpp')
      C:\Program Files (x86)\Microsoft Visual Studio\2022\BuildTools\VC\Tools\MSVC\14.44.35207\atlmfc\include\cstringt.h(999,7):
      see declaration of 'ATL::CStringT<wchar_t,ATL::StrTraitATL<wchar_t,ATL::ChTraitsCRT<wchar_t>>>'
  
C:\Users\mcmco\Desktop\WMMR\src\MovieMakerCore\HMRAVSource\AVCaptureSession.h(118,25): warning C4251: 'HMRAVSource::AVCaptureSession::m_errorCb': 'std::function<void (HRESULT)>' needs to have dll-interface to be used by clients of 'HMRAVSource::AVCaptureSession' [C:\Users\mcmco\Desktop\WMMR\build\src\MovieMakerCore\MovieMakerCore.vcxproj]
  (compiling source file '../../../src/MovieMakerCore/HMRAVSource/AVSource.cpp')
      C:\Program Files (x86)\Microsoft Visual Studio\2022\BuildTools\VC\Tools\MSVC\14.44.35207\include\functional(1089,7):
      see declaration of 'std::function<void (HRESULT)>'
  
C:\Users\mcmco\Desktop\WMMR\src\MovieMakerCore\HMRAVSource\AVCaptureSession.h(119,25): warning C4251: 'HMRAVSource::AVCaptureSession::m_completeCb': 'std::function<void (HRESULT)>' needs to have dll-interface to be used by clients of 'HMRAVSource::AVCaptureSession' [C:\Users\mcmco\Desktop\WMMR\build\src\MovieMakerCore\MovieMakerCore.vcxproj]
  (compiling source file '../../../src/MovieMakerCore/HMRAVSource/AVSource.cpp')
      C:\Program Files (x86)\Microsoft Visual Studio\2022\BuildTools\VC\Tools\MSVC\14.44.35207\include\functional(1089,7):
      see declaration of 'std::function<void (HRESULT)>'
  
C:\Users\mcmco\Desktop\WMMR\src\MovieMakerCore\HMRAVSource\AVCaptureSession.h(169,25): warning C4251: 'HMRAVSource::AudioCaptureSession::m_strOutputPath': 'ATL::CStringT<wchar_t,ATL::StrTraitATL<wchar_t,ATL::ChTraitsCRT<wchar_t>>>' needs to have dll-interface to be used by clients of 'HMRAVSource::AudioCaptureSession' [C:\Users\mcmco\Desktop\WMMR\build\src\MovieMakerCore\MovieMakerCore.vcxproj]
  (compiling source file '../../../src/MovieMakerCore/HMRAVSource/AVSource.cpp')
      C:\Program Files (x86)\Microsoft Visual Studio\2022\BuildTools\VC\Tools\MSVC\14.44.35207\atlmfc\include\cstringt.h(999,7):
      see declaration of 'ATL::CStringT<wchar_t,ATL::StrTraitATL<wchar_t,ATL::ChTraitsCRT<wchar_t>>>'
  
C:\Users\mcmco\Desktop\WMMR\src\MovieMakerCore\StoryboardManager\Theme\ThemeStructure.h(458,31): warning C4251: 'StoryboardManager::ThemeComplexTitle::m_arrLines': 'ATL::CAtlArray<StoryboardManager::ThemeComplexTitle::TitleLine,ATL::CElementTraits<E>>' needs to have dll-interface to be used by clients of 'StoryboardManager::ThemeComplexTitle' [C:\Users\mcmco\Desktop\WMMR\build\src\MovieMakerCore\MovieMakerCore.vcxproj]
C:\Users\mcmco\Desktop\WMMR\src\MovieMakerCore\StoryboardManager\Theme\ThemeStructure.h(458,31): warning C4251:         with [C:\Users\mcmco\Desktop\WMMR\build\src\MovieMakerCore\MovieMakerCore.vcxproj]
C:\Users\mcmco\Desktop\WMMR\src\MovieMakerCore\StoryboardManager\Theme\ThemeStructure.h(458,31): warning C4251:         [ [C:\Users\mcmco\Desktop\WMMR\build\src\MovieMakerCore\MovieMakerCore.vcxproj]
C:\Users\mcmco\Desktop\WMMR\src\MovieMakerCore\StoryboardManager\Theme\ThemeStructure.h(458,31): warning C4251:             E=StoryboardManager::ThemeComplexTitle::TitleLine [C:\Users\mcmco\Desktop\WMMR\build\src\MovieMakerCore\MovieMakerCore.vcxproj]
C:\Users\mcmco\Desktop\WMMR\src\MovieMakerCore\StoryboardManager\Theme\ThemeStructure.h(458,31): warning C4251:         ] [C:\Users\mcmco\Desktop\WMMR\build\src\MovieMakerCore\MovieMakerCore.vcxproj]
  (compiling source file '../../../src/MovieMakerCore/StoryboardManager/Theme/TextComposition.cpp')
      C:\Program Files (x86)\Microsoft Visual Studio\2022\BuildTools\VC\Tools\MSVC\14.44.35207\atlmfc\include\atlcoll.h(530,7):
      see declaration of 'ATL::CAtlArray<StoryboardManager::ThemeComplexTitle::TitleLine,ATL::CElementTraits<E>>'
          with
          [
              E=StoryboardManager::ThemeComplexTitle::TitleLine
          ]
  
C:\Users\mcmco\Desktop\WMMR\src\MovieMakerCore\HMRAVSource\AVCaptureSession.h(173,25): warning C4251: 'HMRAVSource::AudioCaptureSession::m_completeCb': 'std::function<void (HRESULT,LPCWSTR)>' needs to have dll-interface to be used by clients of 'HMRAVSource::AudioCaptureSession' [C:\Users\mcmco\Desktop\WMMR\build\src\MovieMakerCore\MovieMakerCore.vcxproj]
  (compiling source file '../../../src/MovieMakerCore/HMRAVSource/AVSource.cpp')
      C:\Program Files (x86)\Microsoft Visual Studio\2022\BuildTools\VC\Tools\MSVC\14.44.35207\include\functional(1089,7):
      see declaration of 'std::function<void (HRESULT,LPCWSTR)>'
  
C:\Users\mcmco\Desktop\WMMR\src\MovieMakerCore\StoryboardManager\Theme\ThemeStructure.h(525,21): warning C4251: 'StoryboardManager::ThemeTrack::m_strId': 'ATL::CStringT<wchar_t,ATL::StrTraitATL<wchar_t,ATL::ChTraitsCRT<wchar_t>>>' needs to have dll-interface to be used by clients of 'StoryboardManager::ThemeTrack' [C:\Users\mcmco\Desktop\WMMR\build\src\MovieMakerCore\MovieMakerCore.vcxproj]
  (compiling source file '../../../src/MovieMakerCore/StoryboardManager/Theme/TextComposition.cpp')
      C:\Program Files (x86)\Microsoft Visual Studio\2022\BuildTools\VC\Tools\MSVC\14.44.35207\atlmfc\include\cstringt.h(999,7):
      see declaration of 'ATL::CStringT<wchar_t,ATL::StrTraitATL<wchar_t,ATL::ChTraitsCRT<wchar_t>>>'
  
C:\Users\mcmco\Desktop\WMMR\src\MovieMakerCore\StoryboardManager\Theme\ThemeStructure.h(526,21): warning C4251: 'StoryboardManager::ThemeTrack::m_strName': 'ATL::CStringT<wchar_t,ATL::StrTraitATL<wchar_t,ATL::ChTraitsCRT<wchar_t>>>' needs to have dll-interface to be used by clients of 'StoryboardManager::ThemeTrack' [C:\Users\mcmco\Desktop\WMMR\build\src\MovieMakerCore\MovieMakerCore.vcxproj]
  (compiling source file '../../../src/MovieMakerCore/StoryboardManager/Theme/TextComposition.cpp')
      C:\Program Files (x86)\Microsoft Visual Studio\2022\BuildTools\VC\Tools\MSVC\14.44.35207\atlmfc\include\cstringt.h(999,7):
      see declaration of 'ATL::CStringT<wchar_t,ATL::StrTraitATL<wchar_t,ATL::ChTraitsCRT<wchar_t>>>'
  
C:\Users\mcmco\Desktop\WMMR\src\MovieMakerCore\StoryboardManager\Theme\ThemeStructure.h(528,39): warning C4251: 'StoryboardManager::ThemeTrack::m_arrElements': 'ATL::CAtlArray<StoryboardManager::ThemeComplexType *,ATL::CElementTraits<E>>' needs to have dll-interface to be used by clients of 'StoryboardManager::ThemeTrack' [C:\Users\mcmco\Desktop\WMMR\build\src\MovieMakerCore\MovieMakerCore.vcxproj]
C:\Users\mcmco\Desktop\WMMR\src\MovieMakerCore\StoryboardManager\Theme\ThemeStructure.h(528,39): warning C4251:         with [C:\Users\mcmco\Desktop\WMMR\build\src\MovieMakerCore\MovieMakerCore.vcxproj]
C:\Users\mcmco\Desktop\WMMR\src\MovieMakerCore\StoryboardManager\Theme\ThemeStructure.h(528,39): warning C4251:         [ [C:\Users\mcmco\Desktop\WMMR\build\src\MovieMakerCore\MovieMakerCore.vcxproj]
C:\Users\mcmco\Desktop\WMMR\src\MovieMakerCore\StoryboardManager\Theme\ThemeStructure.h(528,39): warning C4251:             E=StoryboardManager::ThemeComplexType * [C:\Users\mcmco\Desktop\WMMR\build\src\MovieMakerCore\MovieMakerCore.vcxproj]
C:\Users\mcmco\Desktop\WMMR\src\MovieMakerCore\StoryboardManager\Theme\ThemeStructure.h(528,39): warning C4251:         ] [C:\Users\mcmco\Desktop\WMMR\build\src\MovieMakerCore\MovieMakerCore.vcxproj]
  (compiling source file '../../../src/MovieMakerCore/StoryboardManager/Theme/TextComposition.cpp')
      C:\Program Files (x86)\Microsoft Visual Studio\2022\BuildTools\VC\Tools\MSVC\14.44.35207\atlmfc\include\atlcoll.h(530,7):
      see declaration of 'ATL::CAtlArray<StoryboardManager::ThemeComplexType *,ATL::CElementTraits<E>>'
          with
          [
              E=StoryboardManager::ThemeComplexType *
          ]
  
C:\Users\mcmco\Desktop\WMMR\src\MovieMakerCore\HMRAVSource\CachedWFSection.h(80,35): warning C4251: 'HMRAVSource::CachedWFSection::m_arrEntries': 'ATL::CAtlArray<HMRAVSource::CachedWFEntry,ATL::CElementTraits<E>>' needs to have dll-interface to be used by clients of 'HMRAVSource::CachedWFSection' [C:\Users\mcmco\Desktop\WMMR\build\src\MovieMakerCore\MovieMakerCore.vcxproj]
C:\Users\mcmco\Desktop\WMMR\src\MovieMakerCore\HMRAVSource\CachedWFSection.h(80,35): warning C4251:         with [C:\Users\mcmco\Desktop\WMMR\build\src\MovieMakerCore\MovieMakerCore.vcxproj]
C:\Users\mcmco\Desktop\WMMR\src\MovieMakerCore\HMRAVSource\CachedWFSection.h(80,35): warning C4251:         [ [C:\Users\mcmco\Desktop\WMMR\build\src\MovieMakerCore\MovieMakerCore.vcxproj]
C:\Users\mcmco\Desktop\WMMR\src\MovieMakerCore\HMRAVSource\CachedWFSection.h(80,35): warning C4251:             E=HMRAVSource::CachedWFEntry [C:\Users\mcmco\Desktop\WMMR\build\src\MovieMakerCore\MovieMakerCore.vcxproj]
C:\Users\mcmco\Desktop\WMMR\src\MovieMakerCore\HMRAVSource\CachedWFSection.h(80,35): warning C4251:         ] [C:\Users\mcmco\Desktop\WMMR\build\src\MovieMakerCore\MovieMakerCore.vcxproj]
  (compiling source file '../../../src/MovieMakerCore/HMRAVSource/AVSource.cpp')
      C:\Program Files (x86)\Microsoft Visual Studio\2022\BuildTools\VC\Tools\MSVC\14.44.35207\atlmfc\include\atlcoll.h(530,7):
      see declaration of 'ATL::CAtlArray<HMRAVSource::CachedWFEntry,ATL::CElementTraits<E>>'
          with
          [
              E=HMRAVSource::CachedWFEntry
          ]
  
C:\Users\mcmco\Desktop\WMMR\src\MovieMakerCore\StoryboardManager\Theme\ThemeStructure.h(582,21): warning C4251: 'StoryboardManager::ThemeDependentTrack::m_strDependsOnTrackId': 'ATL::CStringT<wchar_t,ATL::StrTraitATL<wchar_t,ATL::ChTraitsCRT<wchar_t>>>' needs to have dll-interface to be used by clients of 'StoryboardManager::ThemeDependentTrack' [C:\Users\mcmco\Desktop\WMMR\build\src\MovieMakerCore\MovieMakerCore.vcxproj]
  (compiling source file '../../../src/MovieMakerCore/StoryboardManager/Theme/TextComposition.cpp')
      C:\Program Files (x86)\Microsoft Visual Studio\2022\BuildTools\VC\Tools\MSVC\14.44.35207\atlmfc\include\cstringt.h(999,7):
      see declaration of 'ATL::CStringT<wchar_t,ATL::StrTraitATL<wchar_t,ATL::ChTraitsCRT<wchar_t>>>'
  
C:\Users\mcmco\Desktop\WMMR\src\MovieMakerCore\StoryboardManager\Theme\ThemeStructure.h(617,21): warning C4251: 'StoryboardManager::ThemeSimpleElement::m_strMediaSocketId': 'ATL::CStringT<wchar_t,ATL::StrTraitATL<wchar_t,ATL::ChTraitsCRT<wchar_t>>>' needs to have dll-interface to be used by clients of 'StoryboardManager::ThemeSimpleElement' [C:\Users\mcmco\Desktop\WMMR\build\src\MovieMakerCore\MovieMakerCore.vcxproj]
  (compiling source file '../../../src/MovieMakerCore/StoryboardManager/Theme/TextComposition.cpp')
      C:\Program Files (x86)\Microsoft Visual Studio\2022\BuildTools\VC\Tools\MSVC\14.44.35207\atlmfc\include\cstringt.h(999,7):
      see declaration of 'ATL::CStringT<wchar_t,ATL::StrTraitATL<wchar_t,ATL::ChTraitsCRT<wchar_t>>>'
  
C:\Users\mcmco\Desktop\WMMR\src\MovieMakerCore\StoryboardManager\Theme\ThemeStructure.h(657,21): warning C4251: 'StoryboardManager::ThemeInterior::m_strBackgroundModelPath': 'ATL::CStringT<wchar_t,ATL::StrTraitATL<wchar_t,ATL::ChTraitsCRT<wchar_t>>>' needs to have dll-interface to be used by clients of 'StoryboardManager::ThemeInterior' [C:\Users\mcmco\Desktop\WMMR\build\src\MovieMakerCore\MovieMakerCore.vcxproj]
  (compiling source file '../../../src/MovieMakerCore/StoryboardManager/Theme/TextComposition.cpp')
      C:\Program Files (x86)\Microsoft Visual Studio\2022\BuildTools\VC\Tools\MSVC\14.44.35207\atlmfc\include\cstringt.h(999,7):
      see declaration of 'ATL::CStringT<wchar_t,ATL::StrTraitATL<wchar_t,ATL::ChTraitsCRT<wchar_t>>>'
  
C:\Users\mcmco\Desktop\WMMR\src\MovieMakerCore\StoryboardManager\Theme\ThemeStructure.h(658,41): warning C4251: 'StoryboardManager::ThemeInterior::m_arrDecorations': 'ATL::CAtlArray<StoryboardManager::ThemeSimpleElement *,ATL::CElementTraits<E>>' needs to have dll-interface to be used by clients of 'StoryboardManager::ThemeInterior' [C:\Users\mcmco\Desktop\WMMR\build\src\MovieMakerCore\MovieMakerCore.vcxproj]
C:\Users\mcmco\Desktop\WMMR\src\MovieMakerCore\StoryboardManager\Theme\ThemeStructure.h(658,41): warning C4251:         with [C:\Users\mcmco\Desktop\WMMR\build\src\MovieMakerCore\MovieMakerCore.vcxproj]
C:\Users\mcmco\Desktop\WMMR\src\MovieMakerCore\StoryboardManager\Theme\ThemeStructure.h(658,41): warning C4251:         [ [C:\Users\mcmco\Desktop\WMMR\build\src\MovieMakerCore\MovieMakerCore.vcxproj]
C:\Users\mcmco\Desktop\WMMR\src\MovieMakerCore\StoryboardManager\Theme\ThemeStructure.h(658,41): warning C4251:             E=StoryboardManager::ThemeSimpleElement * [C:\Users\mcmco\Desktop\WMMR\build\src\MovieMakerCore\MovieMakerCore.vcxproj]
C:\Users\mcmco\Desktop\WMMR\src\MovieMakerCore\StoryboardManager\Theme\ThemeStructure.h(658,41): warning C4251:         ] [C:\Users\mcmco\Desktop\WMMR\build\src\MovieMakerCore\MovieMakerCore.vcxproj]
  (compiling source file '../../../src/MovieMakerCore/StoryboardManager/Theme/TextComposition.cpp')
      C:\Program Files (x86)\Microsoft Visual Studio\2022\BuildTools\VC\Tools\MSVC\14.44.35207\atlmfc\include\atlcoll.h(530,7):
      see declaration of 'ATL::CAtlArray<StoryboardManager::ThemeSimpleElement *,ATL::CElementTraits<E>>'
          with
          [
              E=StoryboardManager::ThemeSimpleElement *
          ]
  
C:\Users\mcmco\Desktop\WMMR\src\MovieMakerCore\StoryboardManager\Theme\ThemeStructure.h(708,33): warning C4251: 'StoryboardManager::ThemeTransition::m_strId': 'ATL::CStringT<wchar_t,ATL::StrTraitATL<wchar_t,ATL::ChTraitsCRT<wchar_t>>>' needs to have dll-interface to be used by clients of 'StoryboardManager::ThemeTransition' [C:\Users\mcmco\Desktop\WMMR\build\src\MovieMakerCore\MovieMakerCore.vcxproj]
  (compiling source file '../../../src/MovieMakerCore/StoryboardManager/Theme/TextComposition.cpp')
      C:\Program Files (x86)\Microsoft Visual Studio\2022\BuildTools\VC\Tools\MSVC\14.44.35207\atlmfc\include\cstringt.h(999,7):
      see declaration of 'ATL::CStringT<wchar_t,ATL::StrTraitATL<wchar_t,ATL::ChTraitsCRT<wchar_t>>>'
  
C:\Users\mcmco\Desktop\WMMR\src\MovieMakerCore\HMRAVSource\AVSource.cpp(256,33): error C2065: 'IMFMediaEventCallback': undeclared identifier [C:\Users\mcmco\Desktop\WMMR\build\src\MovieMakerCore\MovieMakerCore.vcxproj]
C:\Users\mcmco\Desktop\WMMR\src\MovieMakerCore\HMRAVSource\AVSource.cpp(256,56): error C2065: 'pCallback': undeclared identifier [C:\Users\mcmco\Desktop\WMMR\build\src\MovieMakerCore\MovieMakerCore.vcxproj]
C:\Users\mcmco\Desktop\WMMR\src\MovieMakerCore\StoryboardManager\Theme\ThemeStructure.h(709,33): warning C4251: 'StoryboardManager::ThemeTransition::m_strName': 'ATL::CStringT<wchar_t,ATL::StrTraitATL<wchar_t,ATL::ChTraitsCRT<wchar_t>>>' needs to have dll-interface to be used by clients of 'StoryboardManager::ThemeTransition' [C:\Users\mcmco\Desktop\WMMR\build\src\MovieMakerCore\MovieMakerCore.vcxproj]
  (compiling source file '../../../src/MovieMakerCore/StoryboardManager/Theme/TextComposition.cpp')
      C:\Program Files (x86)\Microsoft Visual Studio\2022\BuildTools\VC\Tools\MSVC\14.44.35207\atlmfc\include\cstringt.h(999,7):
      see declaration of 'ATL::CStringT<wchar_t,ATL::StrTraitATL<wchar_t,ATL::ChTraitsCRT<wchar_t>>>'
  
C:\Users\mcmco\Desktop\WMMR\src\MovieMakerCore\HMRAVSource\AVSource.cpp(256,77): error C2065: 'punkState': undeclared identifier [C:\Users\mcmco\Desktop\WMMR\build\src\MovieMakerCore\MovieMakerCore.vcxproj]
C:\Users\mcmco\Desktop\WMMR\src\MovieMakerCore\HMRAVSource\AVSource.cpp(256,67): error C2275: 'IUnknown': expected an expression instead of a type [C:\Users\mcmco\Desktop\WMMR\build\src\MovieMakerCore\MovieMakerCore.vcxproj]
C:\Users\mcmco\Desktop\WMMR\src\MovieMakerCore\StoryboardManager\Theme\ThemeStructure.h(710,33): warning C4251: 'StoryboardManager::ThemeTransition::m_strClipName': 'ATL::CStringT<wchar_t,ATL::StrTraitATL<wchar_t,ATL::ChTraitsCRT<wchar_t>>>' needs to have dll-interface to be used by clients of 'StoryboardManager::ThemeTransition' [C:\Users\mcmco\Desktop\WMMR\build\src\MovieMakerCore\MovieMakerCore.vcxproj]
  (compiling source file '../../../src/MovieMakerCore/StoryboardManager/Theme/TextComposition.cpp')
      C:\Program Files (x86)\Microsoft Visual Studio\2022\BuildTools\VC\Tools\MSVC\14.44.35207\atlmfc\include\cstringt.h(999,7):
      see declaration of 'ATL::CStringT<wchar_t,ATL::StrTraitATL<wchar_t,ATL::ChTraitsCRT<wchar_t>>>'
  
C:\Users\mcmco\Desktop\WMMR\src\MovieMakerCore\HMRAVSource\AVSource.cpp(256,19): error C2761: 'HRESULT HMRAVSource::AVSource::BeginGetEvent(IMFAsyncCallback *,IUnknown *)': redeclaration of member is not allowed [C:\Users\mcmco\Desktop\WMMR\build\src\MovieMakerCore\MovieMakerCore.vcxproj]
C:\Users\mcmco\Desktop\WMMR\src\MovieMakerCore\HMRAVSource\AVSource.cpp(257,1): error C2143: syntax error: missing ';' before '{' [C:\Users\mcmco\Desktop\WMMR\build\src\MovieMakerCore\MovieMakerCore.vcxproj]
C:\Users\mcmco\Desktop\WMMR\src\MovieMakerCore\HMRAVSource\AVSource.cpp(257,1): error C2447: '{': missing function header (old-style formal list?) [C:\Users\mcmco\Desktop\WMMR\build\src\MovieMakerCore\MovieMakerCore.vcxproj]
C:\Users\mcmco\Desktop\WMMR\src\MovieMakerCore\StoryboardManager\Theme\ThemeStructure.h(712,38): warning C4251: 'StoryboardManager::ThemeTransition::m_arrParameters': 'ATL::CAtlArray<StoryboardManager::TemplateProperty,ATL::CElementTraits<E>>' needs to have dll-interface to be used by clients of 'StoryboardManager::ThemeTransition' [C:\Users\mcmco\Desktop\WMMR\build\src\MovieMakerCore\MovieMakerCore.vcxproj]
C:\Users\mcmco\Desktop\WMMR\src\MovieMakerCore\StoryboardManager\Theme\ThemeStructure.h(712,38): warning C4251:         with [C:\Users\mcmco\Desktop\WMMR\build\src\MovieMakerCore\MovieMakerCore.vcxproj]
C:\Users\mcmco\Desktop\WMMR\src\MovieMakerCore\StoryboardManager\Theme\ThemeStructure.h(712,38): warning C4251:         [ [C:\Users\mcmco\Desktop\WMMR\build\src\MovieMakerCore\MovieMakerCore.vcxproj]
C:\Users\mcmco\Desktop\WMMR\src\MovieMakerCore\StoryboardManager\Theme\ThemeStructure.h(712,38): warning C4251:             E=StoryboardManager::TemplateProperty [C:\Users\mcmco\Desktop\WMMR\build\src\MovieMakerCore\MovieMakerCore.vcxproj]
C:\Users\mcmco\Desktop\WMMR\src\MovieMakerCore\StoryboardManager\Theme\ThemeStructure.h(712,38): warning C4251:         ] [C:\Users\mcmco\Desktop\WMMR\build\src\MovieMakerCore\MovieMakerCore.vcxproj]
  (compiling source file '../../../src/MovieMakerCore/StoryboardManager/Theme/TextComposition.cpp')
      C:\Program Files (x86)\Microsoft Visual Studio\2022\BuildTools\VC\Tools\MSVC\14.44.35207\atlmfc\include\atlcoll.h(530,7):
      see declaration of 'ATL::CAtlArray<StoryboardManager::TemplateProperty,ATL::CElementTraits<E>>'
          with
          [
              E=StoryboardManager::TemplateProperty
          ]
  
C:\Users\mcmco\Desktop\WMMR\src\MovieMakerCore\StoryboardManager\Theme\ThemeStructure.h(753,21): warning C4251: 'StoryboardManager::ThemeEffectTemplate::m_strId': 'ATL::CStringT<wchar_t,ATL::StrTraitATL<wchar_t,ATL::ChTraitsCRT<wchar_t>>>' needs to have dll-interface to be used by clients of 'StoryboardManager::ThemeEffectTemplate' [C:\Users\mcmco\Desktop\WMMR\build\src\MovieMakerCore\MovieMakerCore.vcxproj]
  (compiling source file '../../../src/MovieMakerCore/StoryboardManager/Theme/TextComposition.cpp')
      C:\Program Files (x86)\Microsoft Visual Studio\2022\BuildTools\VC\Tools\MSVC\14.44.35207\atlmfc\include\cstringt.h(999,7):
      see declaration of 'ATL::CStringT<wchar_t,ATL::StrTraitATL<wchar_t,ATL::ChTraitsCRT<wchar_t>>>'
  
C:\Users\mcmco\Desktop\WMMR\src\MovieMakerCore\StoryboardManager\Theme\ThemeStructure.h(754,21): warning C4251: 'StoryboardManager::ThemeEffectTemplate::m_strName': 'ATL::CStringT<wchar_t,ATL::StrTraitATL<wchar_t,ATL::ChTraitsCRT<wchar_t>>>' needs to have dll-interface to be used by clients of 'StoryboardManager::ThemeEffectTemplate' [C:\Users\mcmco\Desktop\WMMR\build\src\MovieMakerCore\MovieMakerCore.vcxproj]
  (compiling source file '../../../src/MovieMakerCore/StoryboardManager/Theme/TextComposition.cpp')
      C:\Program Files (x86)\Microsoft Visual Studio\2022\BuildTools\VC\Tools\MSVC\14.44.35207\atlmfc\include\cstringt.h(999,7):
      see declaration of 'ATL::CStringT<wchar_t,ATL::StrTraitATL<wchar_t,ATL::ChTraitsCRT<wchar_t>>>'
  
C:\Users\mcmco\Desktop\WMMR\src\MovieMakerCore\StoryboardManager\Theme\ThemeStructure.h(755,34): warning C4251: 'StoryboardManager::ThemeEffectTemplate::m_arrEffects': 'ATL::CAtlArray<StoryboardManager::ThemeEffect *,ATL::CElementTraits<E>>' needs to have dll-interface to be used by clients of 'StoryboardManager::ThemeEffectTemplate' [C:\Users\mcmco\Desktop\WMMR\build\src\MovieMakerCore\MovieMakerCore.vcxproj]
C:\Users\mcmco\Desktop\WMMR\src\MovieMakerCore\StoryboardManager\Theme\ThemeStructure.h(755,34): warning C4251:         with [C:\Users\mcmco\Desktop\WMMR\build\src\MovieMakerCore\MovieMakerCore.vcxproj]
C:\Users\mcmco\Desktop\WMMR\src\MovieMakerCore\StoryboardManager\Theme\ThemeStructure.h(755,34): warning C4251:         [ [C:\Users\mcmco\Desktop\WMMR\build\src\MovieMakerCore\MovieMakerCore.vcxproj]
C:\Users\mcmco\Desktop\WMMR\src\MovieMakerCore\StoryboardManager\Theme\ThemeStructure.h(755,34): warning C4251:             E=StoryboardManager::ThemeEffect * [C:\Users\mcmco\Desktop\WMMR\build\src\MovieMakerCore\MovieMakerCore.vcxproj]
C:\Users\mcmco\Desktop\WMMR\src\MovieMakerCore\StoryboardManager\Theme\ThemeStructure.h(755,34): warning C4251:         ] [C:\Users\mcmco\Desktop\WMMR\build\src\MovieMakerCore\MovieMakerCore.vcxproj]
  (compiling source file '../../../src/MovieMakerCore/StoryboardManager/Theme/TextComposition.cpp')
      C:\Program Files (x86)\Microsoft Visual Studio\2022\BuildTools\VC\Tools\MSVC\14.44.35207\atlmfc\include\atlcoll.h(530,7):
      see declaration of 'ATL::CAtlArray<StoryboardManager::ThemeEffect *,ATL::CElementTraits<E>>'
          with
          [
              E=StoryboardManager::ThemeEffect *
          ]
  
C:\Users\mcmco\Desktop\WMMR\src\MovieMakerCore\StoryboardManager\Theme\ThemeStructure.h(787,21): warning C4251: 'StoryboardManager::ThemeFirstEffect::m_strEntryAnimation': 'ATL::CStringT<wchar_t,ATL::StrTraitATL<wchar_t,ATL::ChTraitsCRT<wchar_t>>>' needs to have dll-interface to be used by clients of 'StoryboardManager::ThemeFirstEffect' [C:\Users\mcmco\Desktop\WMMR\build\src\MovieMakerCore\MovieMakerCore.vcxproj]
  (compiling source file '../../../src/MovieMakerCore/StoryboardManager/Theme/TextComposition.cpp')
      C:\Program Files (x86)\Microsoft Visual Studio\2022\BuildTools\VC\Tools\MSVC\14.44.35207\atlmfc\include\cstringt.h(999,7):
      see declaration of 'ATL::CStringT<wchar_t,ATL::StrTraitATL<wchar_t,ATL::ChTraitsCRT<wchar_t>>>'
  
C:\Users\mcmco\Desktop\WMMR\src\MovieMakerCore\StoryboardManager\Theme\ThemeStructure.h(812,21): warning C4251: 'StoryboardManager::ThemeLastEffect::m_strExitAnimation': 'ATL::CStringT<wchar_t,ATL::StrTraitATL<wchar_t,ATL::ChTraitsCRT<wchar_t>>>' needs to have dll-interface to be used by clients of 'StoryboardManager::ThemeLastEffect' [C:\Users\mcmco\Desktop\WMMR\build\src\MovieMakerCore\MovieMakerCore.vcxproj]
  (compiling source file '../../../src/MovieMakerCore/StoryboardManager/Theme/TextComposition.cpp')
      C:\Program Files (x86)\Microsoft Visual Studio\2022\BuildTools\VC\Tools\MSVC\14.44.35207\atlmfc\include\cstringt.h(999,7):
      see declaration of 'ATL::CStringT<wchar_t,ATL::StrTraitATL<wchar_t,ATL::ChTraitsCRT<wchar_t>>>'
  
C:\Users\mcmco\Desktop\WMMR\src\MovieMakerCore\StoryboardManager\Theme\ThemeStructure.h(910,33): warning C4251: 'StoryboardManager::SimpleEffect::m_arrParams': 'ATL::CAtlArray<StoryboardManager::SimpleEffect::EffectParam,ATL::CElementTraits<E>>' needs to have dll-interface to be used by clients of 'StoryboardManager::SimpleEffect' [C:\Users\mcmco\Desktop\WMMR\build\src\MovieMakerCore\MovieMakerCore.vcxproj]
C:\Users\mcmco\Desktop\WMMR\src\MovieMakerCore\StoryboardManager\Theme\ThemeStructure.h(910,33): warning C4251:         with [C:\Users\mcmco\Desktop\WMMR\build\src\MovieMakerCore\MovieMakerCore.vcxproj]
C:\Users\mcmco\Desktop\WMMR\src\MovieMakerCore\StoryboardManager\Theme\ThemeStructure.h(910,33): warning C4251:         [ [C:\Users\mcmco\Desktop\WMMR\build\src\MovieMakerCore\MovieMakerCore.vcxproj]
C:\Users\mcmco\Desktop\WMMR\src\MovieMakerCore\StoryboardManager\Theme\ThemeStructure.h(910,33): warning C4251:             E=StoryboardManager::SimpleEffect::EffectParam [C:\Users\mcmco\Desktop\WMMR\build\src\MovieMakerCore\MovieMakerCore.vcxproj]
C:\Users\mcmco\Desktop\WMMR\src\MovieMakerCore\StoryboardManager\Theme\ThemeStructure.h(910,33): warning C4251:         ] [C:\Users\mcmco\Desktop\WMMR\build\src\MovieMakerCore\MovieMakerCore.vcxproj]
  (compiling source file '../../../src/MovieMakerCore/StoryboardManager/Theme/TextComposition.cpp')
      C:\Program Files (x86)\Microsoft Visual Studio\2022\BuildTools\VC\Tools\MSVC\14.44.35207\atlmfc\include\atlcoll.h(530,7):
      see declaration of 'ATL::CAtlArray<StoryboardManager::SimpleEffect::EffectParam,ATL::CElementTraits<E>>'
          with
          [
              E=StoryboardManager::SimpleEffect::EffectParam
          ]
  
C:\Users\mcmco\Desktop\WMMR\src\MovieMakerCore\StoryboardManager\Theme\TextComposition.h(171,33): warning C4251: 'StoryboardManager::TextComposer::m_spDWriteFactory': 'ATL::CComPtr<IDWriteFactory>' needs to have dll-interface to be used by clients of 'StoryboardManager::TextComposer' [C:\Users\mcmco\Desktop\WMMR\build\src\MovieMakerCore\MovieMakerCore.vcxproj]
  (compiling source file '../../../src/MovieMakerCore/StoryboardManager/Theme/TextComposition.cpp')
      C:\Program Files (x86)\Microsoft Visual Studio\2022\BuildTools\VC\Tools\MSVC\14.44.35207\atlmfc\include\atlcomcli.h(341,7):
      see declaration of 'ATL::CComPtr<IDWriteFactory>'
  
C:\Users\mcmco\Desktop\WMMR\src\MovieMakerCore\StoryboardManager\Theme\TextComposition.h(172,33): warning C4251: 'StoryboardManager::TextComposer::m_strDefaultFontFamily': 'ATL::CStringT<wchar_t,ATL::StrTraitATL<wchar_t,ATL::ChTraitsCRT<wchar_t>>>' needs to have dll-interface to be used by clients of 'StoryboardManager::TextComposer' [C:\Users\mcmco\Desktop\WMMR\build\src\MovieMakerCore\MovieMakerCore.vcxproj]
  (compiling source file '../../../src/MovieMakerCore/StoryboardManager/Theme/TextComposition.cpp')
      C:\Program Files (x86)\Microsoft Visual Studio\2022\BuildTools\VC\Tools\MSVC\14.44.35207\atlmfc\include\cstringt.h(999,7):
      see declaration of 'ATL::CStringT<wchar_t,ATL::StrTraitATL<wchar_t,ATL::ChTraitsCRT<wchar_t>>>'
  
C:\Users\mcmco\Desktop\WMMR\src\MovieMakerCore\StoryboardManager\Theme\TextComposition.h(257,40): warning C4251: 'StoryboardManager::TextManager::m_arrItems': 'ATL::CAtlArray<StoryboardManager::TextCollectionItem,ATL::CElementTraits<E>>' needs to have dll-interface to be used by clients of 'StoryboardManager::TextManager' [C:\Users\mcmco\Desktop\WMMR\build\src\MovieMakerCore\MovieMakerCore.vcxproj]
C:\Users\mcmco\Desktop\WMMR\src\MovieMakerCore\StoryboardManager\Theme\TextComposition.h(257,40): warning C4251:         with [C:\Users\mcmco\Desktop\WMMR\build\src\MovieMakerCore\MovieMakerCore.vcxproj]
C:\Users\mcmco\Desktop\WMMR\src\MovieMakerCore\StoryboardManager\Theme\TextComposition.h(257,40): warning C4251:         [ [C:\Users\mcmco\Desktop\WMMR\build\src\MovieMakerCore\MovieMakerCore.vcxproj]
C:\Users\mcmco\Desktop\WMMR\src\MovieMakerCore\StoryboardManager\Theme\TextComposition.h(257,40): warning C4251:             E=StoryboardManager::TextCollectionItem [C:\Users\mcmco\Desktop\WMMR\build\src\MovieMakerCore\MovieMakerCore.vcxproj]
C:\Users\mcmco\Desktop\WMMR\src\MovieMakerCore\StoryboardManager\Theme\TextComposition.h(257,40): warning C4251:         ] [C:\Users\mcmco\Desktop\WMMR\build\src\MovieMakerCore\MovieMakerCore.vcxproj]
  (compiling source file '../../../src/MovieMakerCore/StoryboardManager/Theme/TextComposition.cpp')
      C:\Program Files (x86)\Microsoft Visual Studio\2022\BuildTools\VC\Tools\MSVC\14.44.35207\atlmfc\include\atlcoll.h(530,7):
      see declaration of 'ATL::CAtlArray<StoryboardManager::TextCollectionItem,ATL::CElementTraits<E>>'
          with
          [
              E=StoryboardManager::TextCollectionItem
          ]
  
C:\Users\mcmco\Desktop\WMMR\src\MovieMakerCore\StoryboardManager\Theme\TextComposition.h(260,40): warning C4251: 'StoryboardManager::TextManager::m_spDWriteFactory': 'ATL::CComPtr<IDWriteFactory>' needs to have dll-interface to be used by clients of 'StoryboardManager::TextManager' [C:\Users\mcmco\Desktop\WMMR\build\src\MovieMakerCore\MovieMakerCore.vcxproj]
  (compiling source file '../../../src/MovieMakerCore/StoryboardManager/Theme/TextComposition.cpp')
      C:\Program Files (x86)\Microsoft Visual Studio\2022\BuildTools\VC\Tools\MSVC\14.44.35207\atlmfc\include\atlcomcli.h(341,7):
      see declaration of 'ATL::CComPtr<IDWriteFactory>'
  
C:\Users\mcmco\Desktop\WMMR\src\MovieMakerCore\pch.h(21,9): warning C4005: 'WINVER': macro redefinition [C:\Users\mcmco\Desktop\WMMR\build\src\MovieMakerCore\MovieMakerCore.vcxproj]
  (compiling source file '../../../src/MovieMakerCore/HMRAVSource/StreamSink.cpp')
      C:\Users\mcmco\Desktop\WMMR\src\MovieMakerCore\pch.h(21,9):
      'WINVER' previously declared on the command line
  
C:\Users\mcmco\Desktop\WMMR\src\MovieMakerCore\pch.h(22,9): warning C4005: '_WIN32_WINNT': macro redefinition [C:\Users\mcmco\Desktop\WMMR\build\src\MovieMakerCore\MovieMakerCore.vcxproj]
  (compiling source file '../../../src/MovieMakerCore/HMRAVSource/StreamSink.cpp')
      C:\Users\mcmco\Desktop\WMMR\src\MovieMakerCore\pch.h(22,9):
      '_WIN32_WINNT' previously declared on the command line
  
C:\Users\mcmco\Desktop\WMMR\src\MovieMakerCore\pch.h(30,9): warning C4005: 'WIN32_LEAN_AND_MEAN': macro redefinition [C:\Users\mcmco\Desktop\WMMR\build\src\MovieMakerCore\MovieMakerCore.vcxproj]
  (compiling source file '../../../src/MovieMakerCore/HMRAVSource/StreamSink.cpp')
      C:\Users\mcmco\Desktop\WMMR\src\MovieMakerCore\pch.h(30,9):
      'WIN32_LEAN_AND_MEAN' previously declared on the command line
  
C:\Users\mcmco\Desktop\WMMR\src\MovieMakerCore\pch.h(31,9): warning C4005: 'NOMINMAX': macro redefinition [C:\Users\mcmco\Desktop\WMMR\build\src\MovieMakerCore\MovieMakerCore.vcxproj]
  (compiling source file '../../../src/MovieMakerCore/HMRAVSource/StreamSink.cpp')
      C:\Users\mcmco\Desktop\WMMR\src\MovieMakerCore\pch.h(31,9):
      'NOMINMAX' previously declared on the command line
  
C:\Users\mcmco\Desktop\WMMR\src\MovieMakerCore\pch.h(32,9): warning C4005: '_CRT_SECURE_NO_WARNINGS': macro redefinition [C:\Users\mcmco\Desktop\WMMR\build\src\MovieMakerCore\MovieMakerCore.vcxproj]
  (compiling source file '../../../src/MovieMakerCore/HMRAVSource/StreamSink.cpp')
      C:\Users\mcmco\Desktop\WMMR\src\MovieMakerCore\pch.h(32,9):
      '_CRT_SECURE_NO_WARNINGS' previously declared on the command line
  
C:\Users\mcmco\Desktop\WMMR\src\MovieMakerCore\pch.h(33,9): warning C4005: '_WINDLL': macro redefinition [C:\Users\mcmco\Desktop\WMMR\build\src\MovieMakerCore\MovieMakerCore.vcxproj]
  (compiling source file '../../../src/MovieMakerCore/HMRAVSource/StreamSink.cpp')
      C:\Users\mcmco\Desktop\WMMR\src\MovieMakerCore\pch.h(33,9):
      '_WINDLL' previously declared on the command line
  
C:\Users\mcmco\Desktop\WMMR\src\MovieMakerCore\pch.h(34,9): warning C4005: '_AFXDLL': macro redefinition [C:\Users\mcmco\Desktop\WMMR\build\src\MovieMakerCore\MovieMakerCore.vcxproj]
  (compiling source file '../../../src/MovieMakerCore/HMRAVSource/StreamSink.cpp')
      C:\Users\mcmco\Desktop\WMMR\src\MovieMakerCore\pch.h(34,9):
      '_AFXDLL' previously declared on the command line
  
C:\Users\mcmco\Desktop\WMMR\src\MovieMakerCore\pch.h(35,9): warning C4005: '_ATL_CSTRING_EXPLICIT_CONSTRUCTORS': macro redefinition [C:\Users\mcmco\Desktop\WMMR\build\src\MovieMakerCore\MovieMakerCore.vcxproj]
  (compiling source file '../../../src/MovieMakerCore/HMRAVSource/StreamSink.cpp')
      C:\Users\mcmco\Desktop\WMMR\src\MovieMakerCore\pch.h(35,9):
      '_ATL_CSTRING_EXPLICIT_CONSTRUCTORS' previously declared on the command line
  
C:\Users\mcmco\Desktop\WMMR\src\MovieMakerCore\pch.h(36,9): warning C4005: '_ATL_ALL_WARNINGS': macro redefinition [C:\Users\mcmco\Desktop\WMMR\build\src\MovieMakerCore\MovieMakerCore.vcxproj]
  (compiling source file '../../../src/MovieMakerCore/HMRAVSource/StreamSink.cpp')
      C:\Users\mcmco\Desktop\WMMR\src\MovieMakerCore\pch.h(36,9):
      '_ATL_ALL_WARNINGS' previously declared on the command line
  
C:\Users\mcmco\Desktop\WMMR\src\MovieMakerCore\pch.h(21,9): warning C4005: 'WINVER': macro redefinition [C:\Users\mcmco\Desktop\WMMR\build\src\MovieMakerCore\MovieMakerCore.vcxproj]
  (compiling source file '../../../src/MovieMakerCore/HMRAVSource/VideoCapture.cpp')
      C:\Users\mcmco\Desktop\WMMR\src\MovieMakerCore\pch.h(21,9):
      'WINVER' previously declared on the command line
  
C:\Users\mcmco\Desktop\WMMR\src\MovieMakerCore\pch.h(22,9): warning C4005: '_WIN32_WINNT': macro redefinition [C:\Users\mcmco\Desktop\WMMR\build\src\MovieMakerCore\MovieMakerCore.vcxproj]
  (compiling source file '../../../src/MovieMakerCore/HMRAVSource/VideoCapture.cpp')
      C:\Users\mcmco\Desktop\WMMR\src\MovieMakerCore\pch.h(22,9):
      '_WIN32_WINNT' previously declared on the command line
  
C:\Users\mcmco\Desktop\WMMR\src\MovieMakerCore\pch.h(30,9): warning C4005: 'WIN32_LEAN_AND_MEAN': macro redefinition [C:\Users\mcmco\Desktop\WMMR\build\src\MovieMakerCore\MovieMakerCore.vcxproj]
  (compiling source file '../../../src/MovieMakerCore/HMRAVSource/VideoCapture.cpp')
      C:\Users\mcmco\Desktop\WMMR\src\MovieMakerCore\pch.h(30,9):
      'WIN32_LEAN_AND_MEAN' previously declared on the command line
  
C:\Users\mcmco\Desktop\WMMR\src\MovieMakerCore\pch.h(31,9): warning C4005: 'NOMINMAX': macro redefinition [C:\Users\mcmco\Desktop\WMMR\build\src\MovieMakerCore\MovieMakerCore.vcxproj]
  (compiling source file '../../../src/MovieMakerCore/HMRAVSource/VideoCapture.cpp')
      C:\Users\mcmco\Desktop\WMMR\src\MovieMakerCore\pch.h(31,9):
      'NOMINMAX' previously declared on the command line
  
C:\Users\mcmco\Desktop\WMMR\src\MovieMakerCore\pch.h(32,9): warning C4005: '_CRT_SECURE_NO_WARNINGS': macro redefinition [C:\Users\mcmco\Desktop\WMMR\build\src\MovieMakerCore\MovieMakerCore.vcxproj]
  (compiling source file '../../../src/MovieMakerCore/HMRAVSource/VideoCapture.cpp')
      C:\Users\mcmco\Desktop\WMMR\src\MovieMakerCore\pch.h(32,9):
      '_CRT_SECURE_NO_WARNINGS' previously declared on the command line
  
C:\Users\mcmco\Desktop\WMMR\src\MovieMakerCore\pch.h(33,9): warning C4005: '_WINDLL': macro redefinition [C:\Users\mcmco\Desktop\WMMR\build\src\MovieMakerCore\MovieMakerCore.vcxproj]
  (compiling source file '../../../src/MovieMakerCore/HMRAVSource/VideoCapture.cpp')
      C:\Users\mcmco\Desktop\WMMR\src\MovieMakerCore\pch.h(33,9):
      '_WINDLL' previously declared on the command line
  
C:\Users\mcmco\Desktop\WMMR\src\MovieMakerCore\pch.h(34,9): warning C4005: '_AFXDLL': macro redefinition [C:\Users\mcmco\Desktop\WMMR\build\src\MovieMakerCore\MovieMakerCore.vcxproj]
  (compiling source file '../../../src/MovieMakerCore/HMRAVSource/VideoCapture.cpp')
      C:\Users\mcmco\Desktop\WMMR\src\MovieMakerCore\pch.h(34,9):
      '_AFXDLL' previously declared on the command line
  
C:\Users\mcmco\Desktop\WMMR\src\MovieMakerCore\pch.h(35,9): warning C4005: '_ATL_CSTRING_EXPLICIT_CONSTRUCTORS': macro redefinition [C:\Users\mcmco\Desktop\WMMR\build\src\MovieMakerCore\MovieMakerCore.vcxproj]
  (compiling source file '../../../src/MovieMakerCore/HMRAVSource/VideoCapture.cpp')
      C:\Users\mcmco\Desktop\WMMR\src\MovieMakerCore\pch.h(35,9):
      '_ATL_CSTRING_EXPLICIT_CONSTRUCTORS' previously declared on the command line
  
C:\Users\mcmco\Desktop\WMMR\src\MovieMakerCore\pch.h(36,9): warning C4005: '_ATL_ALL_WARNINGS': macro redefinition [C:\Users\mcmco\Desktop\WMMR\build\src\MovieMakerCore\MovieMakerCore.vcxproj]
  (compiling source file '../../../src/MovieMakerCore/HMRAVSource/VideoCapture.cpp')
      C:\Users\mcmco\Desktop\WMMR\src\MovieMakerCore\pch.h(36,9):
      '_ATL_ALL_WARNINGS' previously declared on the command line
  
C:\Users\mcmco\Desktop\WMMR\src\MovieMakerCore\pch.h(21,9): warning C4005: 'WINVER': macro redefinition [C:\Users\mcmco\Desktop\WMMR\build\src\MovieMakerCore\MovieMakerCore.vcxproj]
  (compiling source file '../../../src/MovieMakerCore/HMRAVSource/AudioCapture.cpp')
      C:\Users\mcmco\Desktop\WMMR\src\MovieMakerCore\pch.h(21,9):
      'WINVER' previously declared on the command line
  
C:\Users\mcmco\Desktop\WMMR\src\MovieMakerCore\pch.h(22,9): warning C4005: '_WIN32_WINNT': macro redefinition [C:\Users\mcmco\Desktop\WMMR\build\src\MovieMakerCore\MovieMakerCore.vcxproj]
  (compiling source file '../../../src/MovieMakerCore/HMRAVSource/AudioCapture.cpp')
      C:\Users\mcmco\Desktop\WMMR\src\MovieMakerCore\pch.h(22,9):
      '_WIN32_WINNT' previously declared on the command line
  
C:\Users\mcmco\Desktop\WMMR\src\MovieMakerCore\pch.h(30,9): warning C4005: 'WIN32_LEAN_AND_MEAN': macro redefinition [C:\Users\mcmco\Desktop\WMMR\build\src\MovieMakerCore\MovieMakerCore.vcxproj]
  (compiling source file '../../../src/MovieMakerCore/HMRAVSource/AudioCapture.cpp')
      C:\Users\mcmco\Desktop\WMMR\src\MovieMakerCore\pch.h(30,9):
      'WIN32_LEAN_AND_MEAN' previously declared on the command line
  
C:\Users\mcmco\Desktop\WMMR\src\MovieMakerCore\pch.h(31,9): warning C4005: 'NOMINMAX': macro redefinition [C:\Users\mcmco\Desktop\WMMR\build\src\MovieMakerCore\MovieMakerCore.vcxproj]
  (compiling source file '../../../src/MovieMakerCore/HMRAVSource/AudioCapture.cpp')
      C:\Users\mcmco\Desktop\WMMR\src\MovieMakerCore\pch.h(31,9):
      'NOMINMAX' previously declared on the command line
  
C:\Users\mcmco\Desktop\WMMR\src\MovieMakerCore\pch.h(32,9): warning C4005: '_CRT_SECURE_NO_WARNINGS': macro redefinition [C:\Users\mcmco\Desktop\WMMR\build\src\MovieMakerCore\MovieMakerCore.vcxproj]
  (compiling source file '../../../src/MovieMakerCore/HMRAVSource/AudioCapture.cpp')
      C:\Users\mcmco\Desktop\WMMR\src\MovieMakerCore\pch.h(32,9):
      '_CRT_SECURE_NO_WARNINGS' previously declared on the command line
  
C:\Users\mcmco\Desktop\WMMR\src\MovieMakerCore\pch.h(33,9): warning C4005: '_WINDLL': macro redefinition [C:\Users\mcmco\Desktop\WMMR\build\src\MovieMakerCore\MovieMakerCore.vcxproj]
  (compiling source file '../../../src/MovieMakerCore/HMRAVSource/AudioCapture.cpp')
      C:\Users\mcmco\Desktop\WMMR\src\MovieMakerCore\pch.h(33,9):
      '_WINDLL' previously declared on the command line
  
C:\Users\mcmco\Desktop\WMMR\src\MovieMakerCore\pch.h(34,9): warning C4005: '_AFXDLL': macro redefinition [C:\Users\mcmco\Desktop\WMMR\build\src\MovieMakerCore\MovieMakerCore.vcxproj]
  (compiling source file '../../../src/MovieMakerCore/HMRAVSource/AudioCapture.cpp')
      C:\Users\mcmco\Desktop\WMMR\src\MovieMakerCore\pch.h(34,9):
      '_AFXDLL' previously declared on the command line
  
C:\Users\mcmco\Desktop\WMMR\src\MovieMakerCore\pch.h(35,9): warning C4005: '_ATL_CSTRING_EXPLICIT_CONSTRUCTORS': macro redefinition [C:\Users\mcmco\Desktop\WMMR\build\src\MovieMakerCore\MovieMakerCore.vcxproj]
  (compiling source file '../../../src/MovieMakerCore/HMRAVSource/AudioCapture.cpp')
      C:\Users\mcmco\Desktop\WMMR\src\MovieMakerCore\pch.h(35,9):
      '_ATL_CSTRING_EXPLICIT_CONSTRUCTORS' previously declared on the command line
  
C:\Users\mcmco\Desktop\WMMR\src\MovieMakerCore\pch.h(36,9): warning C4005: '_ATL_ALL_WARNINGS': macro redefinition [C:\Users\mcmco\Desktop\WMMR\build\src\MovieMakerCore\MovieMakerCore.vcxproj]
  (compiling source file '../../../src/MovieMakerCore/HMRAVSource/AudioCapture.cpp')
      C:\Users\mcmco\Desktop\WMMR\src\MovieMakerCore\pch.h(36,9):
      '_ATL_ALL_WARNINGS' previously declared on the command line
  
C:\Users\mcmco\Desktop\WMMR\src\MovieMakerCore\pch.h(21,9): warning C4005: 'WINVER': macro redefinition [C:\Users\mcmco\Desktop\WMMR\build\src\MovieMakerCore\MovieMakerCore.vcxproj]
  (compiling source file '../../../src/MovieMakerCore/HMRAVSource/CachedWFSection.cpp')
      C:\Users\mcmco\Desktop\WMMR\src\MovieMakerCore\pch.h(21,9):
      'WINVER' previously declared on the command line
  
C:\Users\mcmco\Desktop\WMMR\src\MovieMakerCore\pch.h(22,9): warning C4005: '_WIN32_WINNT': macro redefinition [C:\Users\mcmco\Desktop\WMMR\build\src\MovieMakerCore\MovieMakerCore.vcxproj]
  (compiling source file '../../../src/MovieMakerCore/HMRAVSource/CachedWFSection.cpp')
      C:\Users\mcmco\Desktop\WMMR\src\MovieMakerCore\pch.h(22,9):
      '_WIN32_WINNT' previously declared on the command line
  
C:\Users\mcmco\Desktop\WMMR\src\MovieMakerCore\pch.h(30,9): warning C4005: 'WIN32_LEAN_AND_MEAN': macro redefinition [C:\Users\mcmco\Desktop\WMMR\build\src\MovieMakerCore\MovieMakerCore.vcxproj]
  (compiling source file '../../../src/MovieMakerCore/HMRAVSource/CachedWFSection.cpp')
      C:\Users\mcmco\Desktop\WMMR\src\MovieMakerCore\pch.h(30,9):
      'WIN32_LEAN_AND_MEAN' previously declared on the command line
  
C:\Users\mcmco\Desktop\WMMR\src\MovieMakerCore\pch.h(31,9): warning C4005: 'NOMINMAX': macro redefinition [C:\Users\mcmco\Desktop\WMMR\build\src\MovieMakerCore\MovieMakerCore.vcxproj]
  (compiling source file '../../../src/MovieMakerCore/HMRAVSource/CachedWFSection.cpp')
      C:\Users\mcmco\Desktop\WMMR\src\MovieMakerCore\pch.h(31,9):
      'NOMINMAX' previously declared on the command line
  
C:\Users\mcmco\Desktop\WMMR\src\MovieMakerCore\pch.h(32,9): warning C4005: '_CRT_SECURE_NO_WARNINGS': macro redefinition [C:\Users\mcmco\Desktop\WMMR\build\src\MovieMakerCore\MovieMakerCore.vcxproj]
  (compiling source file '../../../src/MovieMakerCore/HMRAVSource/CachedWFSection.cpp')
      C:\Users\mcmco\Desktop\WMMR\src\MovieMakerCore\pch.h(32,9):
      '_CRT_SECURE_NO_WARNINGS' previously declared on the command line
  
C:\Users\mcmco\Desktop\WMMR\src\MovieMakerCore\pch.h(33,9): warning C4005: '_WINDLL': macro redefinition [C:\Users\mcmco\Desktop\WMMR\build\src\MovieMakerCore\MovieMakerCore.vcxproj]
  (compiling source file '../../../src/MovieMakerCore/HMRAVSource/CachedWFSection.cpp')
      C:\Users\mcmco\Desktop\WMMR\src\MovieMakerCore\pch.h(33,9):
      '_WINDLL' previously declared on the command line
  
C:\Users\mcmco\Desktop\WMMR\src\MovieMakerCore\pch.h(34,9): warning C4005: '_AFXDLL': macro redefinition [C:\Users\mcmco\Desktop\WMMR\build\src\MovieMakerCore\MovieMakerCore.vcxproj]
  (compiling source file '../../../src/MovieMakerCore/HMRAVSource/CachedWFSection.cpp')
      C:\Users\mcmco\Desktop\WMMR\src\MovieMakerCore\pch.h(34,9):
      '_AFXDLL' previously declared on the command line
  
C:\Users\mcmco\Desktop\WMMR\src\MovieMakerCore\pch.h(35,9): warning C4005: '_ATL_CSTRING_EXPLICIT_CONSTRUCTORS': macro redefinition [C:\Users\mcmco\Desktop\WMMR\build\src\MovieMakerCore\MovieMakerCore.vcxproj]
  (compiling source file '../../../src/MovieMakerCore/HMRAVSource/CachedWFSection.cpp')
      C:\Users\mcmco\Desktop\WMMR\src\MovieMakerCore\pch.h(35,9):
      '_ATL_CSTRING_EXPLICIT_CONSTRUCTORS' previously declared on the command line
  
C:\Users\mcmco\Desktop\WMMR\src\MovieMakerCore\pch.h(36,9): warning C4005: '_ATL_ALL_WARNINGS': macro redefinition [C:\Users\mcmco\Desktop\WMMR\build\src\MovieMakerCore\MovieMakerCore.vcxproj]
  (compiling source file '../../../src/MovieMakerCore/HMRAVSource/CachedWFSection.cpp')
      C:\Users\mcmco\Desktop\WMMR\src\MovieMakerCore\pch.h(36,9):
      '_ATL_ALL_WARNINGS' previously declared on the command line
  
  AVSourceFactory.cpp
C:\Users\mcmco\Desktop\WMMR\src\MovieMakerCore\pch.h(21,9): warning C4005: 'WINVER': macro redefinition [C:\Users\mcmco\Desktop\WMMR\build\src\MovieMakerCore\MovieMakerCore.vcxproj]
  (compiling source file '../../../src/MovieMakerCore/HMRAVSource/AVSourceFactory.cpp')
      C:\Users\mcmco\Desktop\WMMR\src\MovieMakerCore\pch.h(21,9):
      'WINVER' previously declared on the command line
  
C:\Users\mcmco\Desktop\WMMR\src\MovieMakerCore\pch.h(22,9): warning C4005: '_WIN32_WINNT': macro redefinition [C:\Users\mcmco\Desktop\WMMR\build\src\MovieMakerCore\MovieMakerCore.vcxproj]
  (compiling source file '../../../src/MovieMakerCore/HMRAVSource/AVSourceFactory.cpp')
      C:\Users\mcmco\Desktop\WMMR\src\MovieMakerCore\pch.h(22,9):
      '_WIN32_WINNT' previously declared on the command line
  
C:\Users\mcmco\Desktop\WMMR\src\MovieMakerCore\pch.h(30,9): warning C4005: 'WIN32_LEAN_AND_MEAN': macro redefinition [C:\Users\mcmco\Desktop\WMMR\build\src\MovieMakerCore\MovieMakerCore.vcxproj]
  (compiling source file '../../../src/MovieMakerCore/HMRAVSource/AVSourceFactory.cpp')
      C:\Users\mcmco\Desktop\WMMR\src\MovieMakerCore\pch.h(30,9):
      'WIN32_LEAN_AND_MEAN' previously declared on the command line
  
C:\Users\mcmco\Desktop\WMMR\src\MovieMakerCore\pch.h(31,9): warning C4005: 'NOMINMAX': macro redefinition [C:\Users\mcmco\Desktop\WMMR\build\src\MovieMakerCore\MovieMakerCore.vcxproj]
  (compiling source file '../../../src/MovieMakerCore/HMRAVSource/AVSourceFactory.cpp')
      C:\Users\mcmco\Desktop\WMMR\src\MovieMakerCore\pch.h(31,9):
      'NOMINMAX' previously declared on the command line
  
C:\Users\mcmco\Desktop\WMMR\src\MovieMakerCore\pch.h(32,9): warning C4005: '_CRT_SECURE_NO_WARNINGS': macro redefinition [C:\Users\mcmco\Desktop\WMMR\build\src\MovieMakerCore\MovieMakerCore.vcxproj]
  (compiling source file '../../../src/MovieMakerCore/HMRAVSource/AVSourceFactory.cpp')
      C:\Users\mcmco\Desktop\WMMR\src\MovieMakerCore\pch.h(32,9):
      '_CRT_SECURE_NO_WARNINGS' previously declared on the command line
  
C:\Users\mcmco\Desktop\WMMR\src\MovieMakerCore\pch.h(33,9): warning C4005: '_WINDLL': macro redefinition [C:\Users\mcmco\Desktop\WMMR\build\src\MovieMakerCore\MovieMakerCore.vcxproj]
  (compiling source file '../../../src/MovieMakerCore/HMRAVSource/AVSourceFactory.cpp')
      C:\Users\mcmco\Desktop\WMMR\src\MovieMakerCore\pch.h(33,9):
      '_WINDLL' previously declared on the command line
  
C:\Users\mcmco\Desktop\WMMR\src\MovieMakerCore\pch.h(34,9): warning C4005: '_AFXDLL': macro redefinition [C:\Users\mcmco\Desktop\WMMR\build\src\MovieMakerCore\MovieMakerCore.vcxproj]
  (compiling source file '../../../src/MovieMakerCore/HMRAVSource/AVSourceFactory.cpp')
      C:\Users\mcmco\Desktop\WMMR\src\MovieMakerCore\pch.h(34,9):
      '_AFXDLL' previously declared on the command line
  
C:\Users\mcmco\Desktop\WMMR\src\MovieMakerCore\pch.h(35,9): warning C4005: '_ATL_CSTRING_EXPLICIT_CONSTRUCTORS': macro redefinition [C:\Users\mcmco\Desktop\WMMR\build\src\MovieMakerCore\MovieMakerCore.vcxproj]
  (compiling source file '../../../src/MovieMakerCore/HMRAVSource/AVSourceFactory.cpp')
      C:\Users\mcmco\Desktop\WMMR\src\MovieMakerCore\pch.h(35,9):
      '_ATL_CSTRING_EXPLICIT_CONSTRUCTORS' previously declared on the command line
  
C:\Users\mcmco\Desktop\WMMR\src\MovieMakerCore\pch.h(36,9): warning C4005: '_ATL_ALL_WARNINGS': macro redefinition [C:\Users\mcmco\Desktop\WMMR\build\src\MovieMakerCore\MovieMakerCore.vcxproj]
  (compiling source file '../../../src/MovieMakerCore/HMRAVSource/AVSourceFactory.cpp')
      C:\Users\mcmco\Desktop\WMMR\src\MovieMakerCore\pch.h(36,9):
      '_ATL_ALL_WARNINGS' previously declared on the command line
  
C:\Users\mcmco\Desktop\WMMR\src\WTL\atlprint.h(809,25): warning C4100: 'dc': unreferenced parameter [C:\Users\mcmco\Desktop\WMMR\build\src\MovieMakerCore\MovieMakerCore.vcxproj]
  (compiling source file '../../../src/MovieMakerCore/HMRAVSource/DShowSource.cpp')
  
C:\Users\mcmco\Desktop\WMMR\src\WTL\atlprint.h(809,25): warning C4100: 'dc': unreferenced parameter [C:\Users\mcmco\Desktop\WMMR\build\src\MovieMakerCore\MovieMakerCore.vcxproj]
  (compiling source file '../../../src/MovieMakerCore/HMRAVSource/MFSource.cpp')
  
C:\Users\mcmco\Desktop\WMMR\src\WTL\atlprint.h(809,25): warning C4100: 'dc': unreferenced parameter [C:\Users\mcmco\Desktop\WMMR\build\src\MovieMakerCore\MovieMakerCore.vcxproj]
  (compiling source file '../../../src/MovieMakerCore/HMRAVSource/EncodeProfile.cpp')
  
C:\Users\mcmco\Desktop\WMMR\src\WTL\atlprint.h(809,25): warning C4100: 'dc': unreferenced parameter [C:\Users\mcmco\Desktop\WMMR\build\src\MovieMakerCore\MovieMakerCore.vcxproj]
  (compiling source file '../../../src/MovieMakerCore/HMRAVSource/StreamSink.cpp')
  
C:\Users\mcmco\Desktop\WMMR\src\WTL\atlprint.h(809,25): warning C4100: 'dc': unreferenced parameter [C:\Users\mcmco\Desktop\WMMR\build\src\MovieMakerCore\MovieMakerCore.vcxproj]
  (compiling source file '../../../src/MovieMakerCore/HMRAVSource/VideoCapture.cpp')
  
C:\Users\mcmco\Desktop\WMMR\src\WTL\atlprint.h(809,25): warning C4100: 'dc': unreferenced parameter [C:\Users\mcmco\Desktop\WMMR\build\src\MovieMakerCore\MovieMakerCore.vcxproj]
  (compiling source file '../../../src/MovieMakerCore/HMRAVSource/AudioCapture.cpp')
  
C:\Users\mcmco\Desktop\WMMR\src\WTL\atlprint.h(809,25): warning C4100: 'dc': unreferenced parameter [C:\Users\mcmco\Desktop\WMMR\build\src\MovieMakerCore\MovieMakerCore.vcxproj]
  (compiling source file '../../../src/MovieMakerCore/HMRAVSource/CachedWFSection.cpp')
  
C:\Users\mcmco\Desktop\WMMR\src\WTL\atlprint.h(809,25): warning C4100: 'dc': unreferenced parameter [C:\Users\mcmco\Desktop\WMMR\build\src\MovieMakerCore\MovieMakerCore.vcxproj]
  (compiling source file '../../../src/MovieMakerCore/HMRAVSource/AVSourceFactory.cpp')
  
C:\Users\mcmco\Desktop\WMMR\src\WLXPhotoBase\BaseTypes.h(536,18): warning C4251: 'Base::File::m_strPath': 'ATL::CStringT<wchar_t,ATL::StrTraitATL<wchar_t,ATL::ChTraitsCRT<wchar_t>>>' needs to have dll-interface to be used by clients of 'Base::File' [C:\Users\mcmco\Desktop\WMMR\build\src\MovieMakerCore\MovieMakerCore.vcxproj]
  (compiling source file '../../../src/MovieMakerCore/HMRAVSource/DShowSource.cpp')
      C:\Program Files (x86)\Microsoft Visual Studio\2022\BuildTools\VC\Tools\MSVC\14.44.35207\atlmfc\include\cstringt.h(999,7):
      see declaration of 'ATL::CStringT<wchar_t,ATL::StrTraitATL<wchar_t,ATL::ChTraitsCRT<wchar_t>>>'
  
C:\Users\mcmco\Desktop\WMMR\src\WLXPhotoBase\BaseTypes.h(568,18): warning C4251: 'Base::TempFile::m_strPath': 'ATL::CStringT<wchar_t,ATL::StrTraitATL<wchar_t,ATL::ChTraitsCRT<wchar_t>>>' needs to have dll-interface to be used by clients of 'Base::TempFile' [C:\Users\mcmco\Desktop\WMMR\build\src\MovieMakerCore\MovieMakerCore.vcxproj]
  (compiling source file '../../../src/MovieMakerCore/HMRAVSource/DShowSource.cpp')
      C:\Program Files (x86)\Microsoft Visual Studio\2022\BuildTools\VC\Tools\MSVC\14.44.35207\atlmfc\include\cstringt.h(999,7):
      see declaration of 'ATL::CStringT<wchar_t,ATL::StrTraitATL<wchar_t,ATL::ChTraitsCRT<wchar_t>>>'
  
C:\Users\mcmco\Desktop\WMMR\src\WLXPhotoBase\BaseTypes.h(661,21): warning C4251: 'Base::FindFile::m_strDirectory': 'ATL::CStringT<wchar_t,ATL::StrTraitATL<wchar_t,ATL::ChTraitsCRT<wchar_t>>>' needs to have dll-interface to be used by clients of 'Base::FindFile' [C:\Users\mcmco\Desktop\WMMR\build\src\MovieMakerCore\MovieMakerCore.vcxproj]
  (compiling source file '../../../src/MovieMakerCore/HMRAVSource/DShowSource.cpp')
      C:\Program Files (x86)\Microsoft Visual Studio\2022\BuildTools\VC\Tools\MSVC\14.44.35207\atlmfc\include\cstringt.h(999,7):
      see declaration of 'ATL::CStringT<wchar_t,ATL::StrTraitATL<wchar_t,ATL::ChTraitsCRT<wchar_t>>>'
  
C:\Users\mcmco\Desktop\WMMR\src\WLXPhotoBase\BaseTypes.h(536,18): warning C4251: 'Base::File::m_strPath': 'ATL::CStringT<wchar_t,ATL::StrTraitATL<wchar_t,ATL::ChTraitsCRT<wchar_t>>>' needs to have dll-interface to be used by clients of 'Base::File' [C:\Users\mcmco\Desktop\WMMR\build\src\MovieMakerCore\MovieMakerCore.vcxproj]
  (compiling source file '../../../src/MovieMakerCore/HMRAVSource/MFSource.cpp')
      C:\Program Files (x86)\Microsoft Visual Studio\2022\BuildTools\VC\Tools\MSVC\14.44.35207\atlmfc\include\cstringt.h(999,7):
      see declaration of 'ATL::CStringT<wchar_t,ATL::StrTraitATL<wchar_t,ATL::ChTraitsCRT<wchar_t>>>'
  
C:\Users\mcmco\Desktop\WMMR\src\WLXPhotoBase\BaseTypes.h(568,18): warning C4251: 'Base::TempFile::m_strPath': 'ATL::CStringT<wchar_t,ATL::StrTraitATL<wchar_t,ATL::ChTraitsCRT<wchar_t>>>' needs to have dll-interface to be used by clients of 'Base::TempFile' [C:\Users\mcmco\Desktop\WMMR\build\src\MovieMakerCore\MovieMakerCore.vcxproj]
  (compiling source file '../../../src/MovieMakerCore/HMRAVSource/MFSource.cpp')
      C:\Program Files (x86)\Microsoft Visual Studio\2022\BuildTools\VC\Tools\MSVC\14.44.35207\atlmfc\include\cstringt.h(999,7):
      see declaration of 'ATL::CStringT<wchar_t,ATL::StrTraitATL<wchar_t,ATL::ChTraitsCRT<wchar_t>>>'
  
C:\Users\mcmco\Desktop\WMMR\src\WLXPhotoBase\BaseTypes.h(724,25): warning C4251: 'Base::IntSet::m_values': 'ATL::CAtlArray<int,ATL::CElementTraits<int>>' needs to have dll-interface to be used by clients of 'Base::IntSet' [C:\Users\mcmco\Desktop\WMMR\build\src\MovieMakerCore\MovieMakerCore.vcxproj]
  (compiling source file '../../../src/MovieMakerCore/HMRAVSource/DShowSource.cpp')
      C:\Program Files (x86)\Microsoft Visual Studio\2022\BuildTools\VC\Tools\MSVC\14.44.35207\atlmfc\include\atlcoll.h(530,7):
      see declaration of 'ATL::CAtlArray<int,ATL::CElementTraits<int>>'
  
C:\Users\mcmco\Desktop\WMMR\src\WLXPhotoBase\BaseTypes.h(661,21): warning C4251: 'Base::FindFile::m_strDirectory': 'ATL::CStringT<wchar_t,ATL::StrTraitATL<wchar_t,ATL::ChTraitsCRT<wchar_t>>>' needs to have dll-interface to be used by clients of 'Base::FindFile' [C:\Users\mcmco\Desktop\WMMR\build\src\MovieMakerCore\MovieMakerCore.vcxproj]
  (compiling source file '../../../src/MovieMakerCore/HMRAVSource/MFSource.cpp')
      C:\Program Files (x86)\Microsoft Visual Studio\2022\BuildTools\VC\Tools\MSVC\14.44.35207\atlmfc\include\cstringt.h(999,7):
      see declaration of 'ATL::CStringT<wchar_t,ATL::StrTraitATL<wchar_t,ATL::ChTraitsCRT<wchar_t>>>'
  
C:\Users\mcmco\Desktop\WMMR\src\WLXPhotoBase\BaseTypes.h(724,25): warning C4251: 'Base::IntSet::m_values': 'ATL::CAtlArray<int,ATL::CElementTraits<int>>' needs to have dll-interface to be used by clients of 'Base::IntSet' [C:\Users\mcmco\Desktop\WMMR\build\src\MovieMakerCore\MovieMakerCore.vcxproj]
  (compiling source file '../../../src/MovieMakerCore/HMRAVSource/MFSource.cpp')
      C:\Program Files (x86)\Microsoft Visual Studio\2022\BuildTools\VC\Tools\MSVC\14.44.35207\atlmfc\include\atlcoll.h(530,7):
      see declaration of 'ATL::CAtlArray<int,ATL::CElementTraits<int>>'
  
C:\Users\mcmco\Desktop\WMMR\src\MovieMakerCore\HMRAVSource\MFSource.h(79,25): error C2504: 'HMRAVSource::AVSource': base class undefined [C:\Users\mcmco\Desktop\WMMR\build\src\MovieMakerCore\MovieMakerCore.vcxproj]
  (compiling source file '../../../src/MovieMakerCore/HMRAVSource/DShowSource.cpp')
  
C:\Users\mcmco\Desktop\WMMR\src\MovieMakerCore\HMRAVSource\MFSource.h(86,18): error C4430: missing type specifier - int assumed. Note: C++ does not support default-int [C:\Users\mcmco\Desktop\WMMR\build\src\MovieMakerCore\MovieMakerCore.vcxproj]
  (compiling source file '../../../src/MovieMakerCore/HMRAVSource/DShowSource.cpp')
  
C:\Users\mcmco\Desktop\WMMR\src\MovieMakerCore\HMRAVSource\MFSource.h(86,36): error C2143: syntax error: missing ',' before '&' [C:\Users\mcmco\Desktop\WMMR\build\src\MovieMakerCore\MovieMakerCore.vcxproj]
  (compiling source file '../../../src/MovieMakerCore/HMRAVSource/DShowSource.cpp')
  
C:\Users\mcmco\Desktop\WMMR\src\MovieMakerCore\HMRAVSource\DShowSource.h(44,28): error C2504: 'HMRAVSource::AVSource': base class undefined [C:\Users\mcmco\Desktop\WMMR\build\src\MovieMakerCore\MovieMakerCore.vcxproj]
  (compiling source file '../../../src/MovieMakerCore/HMRAVSource/MFSource.cpp')
  
C:\Users\mcmco\Desktop\WMMR\src\MovieMakerCore\HMRAVSource\DShowSource.h(51,18): error C4430: missing type specifier - int assumed. Note: C++ does not support default-int [C:\Users\mcmco\Desktop\WMMR\build\src\MovieMakerCore\MovieMakerCore.vcxproj]
  (compiling source file '../../../src/MovieMakerCore/HMRAVSource/MFSource.cpp')
  
C:\Users\mcmco\Desktop\WMMR\src\MovieMakerCore\HMRAVSource\DShowSource.h(51,36): error C2143: syntax error: missing ',' before '&' [C:\Users\mcmco\Desktop\WMMR\build\src\MovieMakerCore\MovieMakerCore.vcxproj]
  (compiling source file '../../../src/MovieMakerCore/HMRAVSource/MFSource.cpp')
  
C:\Users\mcmco\Desktop\WMMR\src\MovieMakerCore\HMRAVSource\MFSource.h(126,32): error C4430: missing type specifier - int assumed. Note: C++ does not support default-int [C:\Users\mcmco\Desktop\WMMR\build\src\MovieMakerCore\MovieMakerCore.vcxproj]
  (compiling source file '../../../src/MovieMakerCore/HMRAVSource/DShowSource.cpp')
  
C:\Users\mcmco\Desktop\WMMR\src\MovieMakerCore\HMRAVSource\MFSource.h(126,50): error C2143: syntax error: missing ',' before '&' [C:\Users\mcmco\Desktop\WMMR\build\src\MovieMakerCore\MovieMakerCore.vcxproj]
  (compiling source file '../../../src/MovieMakerCore/HMRAVSource/DShowSource.cpp')
  
C:\Users\mcmco\Desktop\WMMR\src\MovieMakerCore\HMRAVSource\MFSource.h(86,13): error C3668: 'HMRAVSource::MFSource::Open': method with override specifier 'override' did not override any base class methods [C:\Users\mcmco\Desktop\WMMR\build\src\MovieMakerCore\MovieMakerCore.vcxproj]
  (compiling source file '../../../src/MovieMakerCore/HMRAVSource/DShowSource.cpp')
  
C:\Users\mcmco\Desktop\WMMR\src\MovieMakerCore\HMRAVSource\MFSource.h(87,13): error C3668: 'HMRAVSource::MFSource::Close': method with override specifier 'override' did not override any base class methods [C:\Users\mcmco\Desktop\WMMR\build\src\MovieMakerCore\MovieMakerCore.vcxproj]
  (compiling source file '../../../src/MovieMakerCore/HMRAVSource/DShowSource.cpp')
  
C:\Users\mcmco\Desktop\WMMR\src\MovieMakerCore\HMRAVSource\MFSource.h(89,13): error C3668: 'HMRAVSource::MFSource::SetPositionHns': method with override specifier 'override' did not override any base class methods [C:\Users\mcmco\Desktop\WMMR\build\src\MovieMakerCore\MovieMakerCore.vcxproj]
  (compiling source file '../../../src/MovieMakerCore/HMRAVSource/DShowSource.cpp')
  
C:\Users\mcmco\Desktop\WMMR\src\MovieMakerCore\HMRAVSource\MFSource.h(91,13): error C3668: 'HMRAVSource::MFSource::Start': method with override specifier 'override' did not override any base class methods [C:\Users\mcmco\Desktop\WMMR\build\src\MovieMakerCore\MovieMakerCore.vcxproj]
  (compiling source file '../../../src/MovieMakerCore/HMRAVSource/DShowSource.cpp')
  
C:\Users\mcmco\Desktop\WMMR\src\MovieMakerCore\HMRAVSource\MFSource.h(92,13): error C3668: 'HMRAVSource::MFSource::Stop': method with override specifier 'override' did not override any base class methods [C:\Users\mcmco\Desktop\WMMR\build\src\MovieMakerCore\MovieMakerCore.vcxproj]
  (compiling source file '../../../src/MovieMakerCore/HMRAVSource/DShowSource.cpp')
  
C:\Users\mcmco\Desktop\WMMR\src\MovieMakerCore\HMRAVSource\MFSource.h(94,13): error C3668: 'HMRAVSource::MFSource::ReadSample': method with override specifier 'override' did not override any base class methods [C:\Users\mcmco\Desktop\WMMR\build\src\MovieMakerCore\MovieMakerCore.vcxproj]
  (compiling source file '../../../src/MovieMakerCore/HMRAVSource/DShowSource.cpp')
  
C:\Users\mcmco\Desktop\WMMR\src\MovieMakerCore\HMRAVSource\MFSource.h(95,13): error C3668: 'HMRAVSource::MFSource::Flush': method with override specifier 'override' did not override any base class methods [C:\Users\mcmco\Desktop\WMMR\build\src\MovieMakerCore\MovieMakerCore.vcxproj]
  (compiling source file '../../../src/MovieMakerCore/HMRAVSource/DShowSource.cpp')
  
C:\Users\mcmco\Desktop\WMMR\src\MovieMakerCore\HMRAVSource\MFSource.h(97,13): error C3668: 'HMRAVSource::MFSource::GetEvent': method with override specifier 'override' did not override any base class methods [C:\Users\mcmco\Desktop\WMMR\build\src\MovieMakerCore\MovieMakerCore.vcxproj]
  (compiling source file '../../../src/MovieMakerCore/HMRAVSource/DShowSource.cpp')
  
C:\Users\mcmco\Desktop\WMMR\src\MovieMakerCore\HMRAVSource\MFSource.h(98,13): error C3668: 'HMRAVSource::MFSource::BeginGetEvent': method with override specifier 'override' did not override any base class methods [C:\Users\mcmco\Desktop\WMMR\build\src\MovieMakerCore\MovieMakerCore.vcxproj]
  (compiling source file '../../../src/MovieMakerCore/HMRAVSource/DShowSource.cpp')
  
C:\Users\mcmco\Desktop\WMMR\src\MovieMakerCore\HMRAVSource\MFSource.h(99,13): error C3668: 'HMRAVSource::MFSource::EndGetEvent': method with override specifier 'override' did not override any base class methods [C:\Users\mcmco\Desktop\WMMR\build\src\MovieMakerCore\MovieMakerCore.vcxproj]
  (compiling source file '../../../src/MovieMakerCore/HMRAVSource/DShowSource.cpp')
  
C:\Users\mcmco\Desktop\WMMR\src\WLXPhotoBase\BaseTypes.h(536,18): warning C4251: 'Base::File::m_strPath': 'ATL::CStringT<wchar_t,ATL::StrTraitATL<wchar_t,ATL::ChTraitsCRT<wchar_t>>>' needs to have dll-interface to be used by clients of 'Base::File' [C:\Users\mcmco\Desktop\WMMR\build\src\MovieMakerCore\MovieMakerCore.vcxproj]
  (compiling source file '../../../src/MovieMakerCore/HMRAVSource/EncodeProfile.cpp')
      C:\Program Files (x86)\Microsoft Visual Studio\2022\BuildTools\VC\Tools\MSVC\14.44.35207\atlmfc\include\cstringt.h(999,7):
      see declaration of 'ATL::CStringT<wchar_t,ATL::StrTraitATL<wchar_t,ATL::ChTraitsCRT<wchar_t>>>'
  
C:\Users\mcmco\Desktop\WMMR\src\WLXPhotoBase\BaseTypes.h(568,18): warning C4251: 'Base::TempFile::m_strPath': 'ATL::CStringT<wchar_t,ATL::StrTraitATL<wchar_t,ATL::ChTraitsCRT<wchar_t>>>' needs to have dll-interface to be used by clients of 'Base::TempFile' [C:\Users\mcmco\Desktop\WMMR\build\src\MovieMakerCore\MovieMakerCore.vcxproj]
  (compiling source file '../../../src/MovieMakerCore/HMRAVSource/EncodeProfile.cpp')
      C:\Program Files (x86)\Microsoft Visual Studio\2022\BuildTools\VC\Tools\MSVC\14.44.35207\atlmfc\include\cstringt.h(999,7):
      see declaration of 'ATL::CStringT<wchar_t,ATL::StrTraitATL<wchar_t,ATL::ChTraitsCRT<wchar_t>>>'
  
C:\Users\mcmco\Desktop\WMMR\src\WLXPhotoBase\BaseTypes.h(661,21): warning C4251: 'Base::FindFile::m_strDirectory': 'ATL::CStringT<wchar_t,ATL::StrTraitATL<wchar_t,ATL::ChTraitsCRT<wchar_t>>>' needs to have dll-interface to be used by clients of 'Base::FindFile' [C:\Users\mcmco\Desktop\WMMR\build\src\MovieMakerCore\MovieMakerCore.vcxproj]
  (compiling source file '../../../src/MovieMakerCore/HMRAVSource/EncodeProfile.cpp')
      C:\Program Files (x86)\Microsoft Visual Studio\2022\BuildTools\VC\Tools\MSVC\14.44.35207\atlmfc\include\cstringt.h(999,7):
      see declaration of 'ATL::CStringT<wchar_t,ATL::StrTraitATL<wchar_t,ATL::ChTraitsCRT<wchar_t>>>'
  
C:\Users\mcmco\Desktop\WMMR\src\WLXPhotoBase\BaseTypes.h(724,25): warning C4251: 'Base::IntSet::m_values': 'ATL::CAtlArray<int,ATL::CElementTraits<int>>' needs to have dll-interface to be used by clients of 'Base::IntSet' [C:\Users\mcmco\Desktop\WMMR\build\src\MovieMakerCore\MovieMakerCore.vcxproj]
  (compiling source file '../../../src/MovieMakerCore/HMRAVSource/EncodeProfile.cpp')
      C:\Program Files (x86)\Microsoft Visual Studio\2022\BuildTools\VC\Tools\MSVC\14.44.35207\atlmfc\include\atlcoll.h(530,7):
      see declaration of 'ATL::CAtlArray<int,ATL::CElementTraits<int>>'
  
C:\Users\mcmco\Desktop\WMMR\src\MovieMakerCore\HMRAVSource\StreamSink.h(101,33): warning C4251: 'HMRAVSource::StreamSink::m_spSinkWriter': 'ATL::CComPtr<IMFSinkWriter>' needs to have dll-interface to be used by clients of 'HMRAVSource::StreamSink' [C:\Users\mcmco\Desktop\WMMR\build\src\MovieMakerCore\MovieMakerCore.vcxproj]
  (compiling source file '../../../src/MovieMakerCore/HMRAVSource/DShowSource.cpp')
      C:\Program Files (x86)\Microsoft Visual Studio\2022\BuildTools\VC\Tools\MSVC\14.44.35207\atlmfc\include\atlcomcli.h(341,7):
      see declaration of 'ATL::CComPtr<IMFSinkWriter>'
  
C:\Users\mcmco\Desktop\WMMR\src\MovieMakerCore\HMRAVSource\StreamSink.h(108,33): warning C4251: 'HMRAVSource::StreamSink::m_progressCb': 'std::function<void (const HMRAVSource::StreamSinkStats &)>' needs to have dll-interface to be used by clients of 'HMRAVSource::StreamSink' [C:\Users\mcmco\Desktop\WMMR\build\src\MovieMakerCore\MovieMakerCore.vcxproj]
  (compiling source file '../../../src/MovieMakerCore/HMRAVSource/DShowSource.cpp')
      C:\Program Files (x86)\Microsoft Visual Studio\2022\BuildTools\VC\Tools\MSVC\14.44.35207\include\functional(1089,7):
      see declaration of 'std::function<void (const HMRAVSource::StreamSinkStats &)>'
  
C:\Users\mcmco\Desktop\WMMR\src\MovieMakerCore\HMRAVSource\DShowSource.h(51,13): error C3668: 'HMRAVSource::DShowSource::Open': method with override specifier 'override' did not override any base class methods [C:\Users\mcmco\Desktop\WMMR\build\src\MovieMakerCore\MovieMakerCore.vcxproj]
  (compiling source file '../../../src/MovieMakerCore/HMRAVSource/MFSource.cpp')
  
C:\Users\mcmco\Desktop\WMMR\src\MovieMakerCore\HMRAVSource\TranscodeManager.h(123,29): warning C4251: 'HMRAVSource::TranscodeManager::m_progressCb': 'std::function<void (const HMRAVSource::TranscodeProgress &)>' needs to have dll-interface to be used by clients of 'HMRAVSource::TranscodeManager' [C:\Users\mcmco\Desktop\WMMR\build\src\MovieMakerCore\MovieMakerCore.vcxproj]
  (compiling source file '../../../src/MovieMakerCore/HMRAVSource/DShowSource.cpp')
      C:\Program Files (x86)\Microsoft Visual Studio\2022\BuildTools\VC\Tools\MSVC\14.44.35207\include\functional(1089,7):
      see declaration of 'std::function<void (const HMRAVSource::TranscodeProgress &)>'
  
C:\Users\mcmco\Desktop\WMMR\src\MovieMakerCore\HMRAVSource\DShowSource.h(52,13): error C3668: 'HMRAVSource::DShowSource::Close': method with override specifier 'override' did not override any base class methods [C:\Users\mcmco\Desktop\WMMR\build\src\MovieMakerCore\MovieMakerCore.vcxproj]
  (compiling source file '../../../src/MovieMakerCore/HMRAVSource/MFSource.cpp')
  
C:\Users\mcmco\Desktop\WMMR\src\MovieMakerCore\HMRAVSource\DShowSource.h(54,13): error C3668: 'HMRAVSource::DShowSource::SetPositionHns': method with override specifier 'override' did not override any base class methods [C:\Users\mcmco\Desktop\WMMR\build\src\MovieMakerCore\MovieMakerCore.vcxproj]
  (compiling source file '../../../src/MovieMakerCore/HMRAVSource/MFSource.cpp')
  
C:\Users\mcmco\Desktop\WMMR\src\MovieMakerCore\HMRAVSource\DShowSource.h(56,13): error C3668: 'HMRAVSource::DShowSource::Start': method with override specifier 'override' did not override any base class methods [C:\Users\mcmco\Desktop\WMMR\build\src\MovieMakerCore\MovieMakerCore.vcxproj]
  (compiling source file '../../../src/MovieMakerCore/HMRAVSource/MFSource.cpp')
  
C:\Users\mcmco\Desktop\WMMR\src\MovieMakerCore\HMRAVSource\DShowSource.h(57,13): error C3668: 'HMRAVSource::DShowSource::Stop': method with override specifier 'override' did not override any base class methods [C:\Users\mcmco\Desktop\WMMR\build\src\MovieMakerCore\MovieMakerCore.vcxproj]
  (compiling source file '../../../src/MovieMakerCore/HMRAVSource/MFSource.cpp')
  
C:\Users\mcmco\Desktop\WMMR\src\MovieMakerCore\HMRAVSource\DShowSource.h(58,13): error C3668: 'HMRAVSource::DShowSource::Pause': method with override specifier 'override' did not override any base class methods [C:\Users\mcmco\Desktop\WMMR\build\src\MovieMakerCore\MovieMakerCore.vcxproj]
  (compiling source file '../../../src/MovieMakerCore/HMRAVSource/MFSource.cpp')
  
C:\Users\mcmco\Desktop\WMMR\src\MovieMakerCore\HMRAVSource\DShowSource.h(59,13): error C3668: 'HMRAVSource::DShowSource::Resume': method with override specifier 'override' did not override any base class methods [C:\Users\mcmco\Desktop\WMMR\build\src\MovieMakerCore\MovieMakerCore.vcxproj]
  (compiling source file '../../../src/MovieMakerCore/HMRAVSource/MFSource.cpp')
  
C:\Users\mcmco\Desktop\WMMR\src\MovieMakerCore\HMRAVSource\DShowSource.h(61,13): error C3668: 'HMRAVSource::DShowSource::ReadSample': method with override specifier 'override' did not override any base class methods [C:\Users\mcmco\Desktop\WMMR\build\src\MovieMakerCore\MovieMakerCore.vcxproj]
  (compiling source file '../../../src/MovieMakerCore/HMRAVSource/MFSource.cpp')
  
C:\Users\mcmco\Desktop\WMMR\src\MovieMakerCore\HMRAVSource\DShowSource.h(62,13): error C3668: 'HMRAVSource::DShowSource::Flush': method with override specifier 'override' did not override any base class methods [C:\Users\mcmco\Desktop\WMMR\build\src\MovieMakerCore\MovieMakerCore.vcxproj]
  (compiling source file '../../../src/MovieMakerCore/HMRAVSource/MFSource.cpp')
  
C:\Users\mcmco\Desktop\WMMR\src\MovieMakerCore\HMRAVSource\TranscodeManager.h(124,29): warning C4251: 'HMRAVSource::TranscodeManager::m_errorCb': 'std::function<void (HRESULT,LPCWSTR)>' needs to have dll-interface to be used by clients of 'HMRAVSource::TranscodeManager' [C:\Users\mcmco\Desktop\WMMR\build\src\MovieMakerCore\MovieMakerCore.vcxproj]
  (compiling source file '../../../src/MovieMakerCore/HMRAVSource/DShowSource.cpp')
      C:\Program Files (x86)\Microsoft Visual Studio\2022\BuildTools\VC\Tools\MSVC\14.44.35207\include\functional(1089,7):
      see declaration of 'std::function<void (HRESULT,LPCWSTR)>'
  
C:\Users\mcmco\Desktop\WMMR\src\MovieMakerCore\HMRAVSource\TranscodeManager.h(125,29): warning C4251: 'HMRAVSource::TranscodeManager::m_completeCb': 'std::function<void (HRESULT,LPCWSTR)>' needs to have dll-interface to be used by clients of 'HMRAVSource::TranscodeManager' [C:\Users\mcmco\Desktop\WMMR\build\src\MovieMakerCore\MovieMakerCore.vcxproj]
  (compiling source file '../../../src/MovieMakerCore/HMRAVSource/DShowSource.cpp')
      C:\Program Files (x86)\Microsoft Visual Studio\2022\BuildTools\VC\Tools\MSVC\14.44.35207\include\functional(1089,7):
      see declaration of 'std::function<void (HRESULT,LPCWSTR)>'
  
C:\Users\mcmco\Desktop\WMMR\src\MovieMakerCore\HMRAVSource\TranscodeManager.h(127,29): warning C4251: 'HMRAVSource::TranscodeManager::m_spVideoTransform': 'ATL::CComPtr<IMFTransform>' needs to have dll-interface to be used by clients of 'HMRAVSource::TranscodeManager' [C:\Users\mcmco\Desktop\WMMR\build\src\MovieMakerCore\MovieMakerCore.vcxproj]
  (compiling source file '../../../src/MovieMakerCore/HMRAVSource/DShowSource.cpp')
      C:\Program Files (x86)\Microsoft Visual Studio\2022\BuildTools\VC\Tools\MSVC\14.44.35207\atlmfc\include\atlcomcli.h(341,7):
      see declaration of 'ATL::CComPtr<IMFTransform>'
  
C:\Users\mcmco\Desktop\WMMR\src\MovieMakerCore\HMRAVSource\TranscodeManager.h(128,29): warning C4251: 'HMRAVSource::TranscodeManager::m_spAudioTransform': 'ATL::CComPtr<IMFTransform>' needs to have dll-interface to be used by clients of 'HMRAVSource::TranscodeManager' [C:\Users\mcmco\Desktop\WMMR\build\src\MovieMakerCore\MovieMakerCore.vcxproj]
  (compiling source file '../../../src/MovieMakerCore/HMRAVSource/DShowSource.cpp')
      C:\Program Files (x86)\Microsoft Visual Studio\2022\BuildTools\VC\Tools\MSVC\14.44.35207\atlmfc\include\atlcomcli.h(341,7):
      see declaration of 'ATL::CComPtr<IMFTransform>'
  
C:\Users\mcmco\Desktop\WMMR\src\MovieMakerCore\HMRAVSource\StreamSink.h(101,33): warning C4251: 'HMRAVSource::StreamSink::m_spSinkWriter': 'ATL::CComPtr<IMFSinkWriter>' needs to have dll-interface to be used by clients of 'HMRAVSource::StreamSink' [C:\Users\mcmco\Desktop\WMMR\build\src\MovieMakerCore\MovieMakerCore.vcxproj]
  (compiling source file '../../../src/MovieMakerCore/HMRAVSource/MFSource.cpp')
      C:\Program Files (x86)\Microsoft Visual Studio\2022\BuildTools\VC\Tools\MSVC\14.44.35207\atlmfc\include\atlcomcli.h(341,7):
      see declaration of 'ATL::CComPtr<IMFSinkWriter>'
  
C:\Users\mcmco\Desktop\WMMR\src\MovieMakerCore\HMRAVSource\StreamSink.h(108,33): warning C4251: 'HMRAVSource::StreamSink::m_progressCb': 'std::function<void (const HMRAVSource::StreamSinkStats &)>' needs to have dll-interface to be used by clients of 'HMRAVSource::StreamSink' [C:\Users\mcmco\Desktop\WMMR\build\src\MovieMakerCore\MovieMakerCore.vcxproj]
  (compiling source file '../../../src/MovieMakerCore/HMRAVSource/MFSource.cpp')
      C:\Program Files (x86)\Microsoft Visual Studio\2022\BuildTools\VC\Tools\MSVC\14.44.35207\include\functional(1089,7):
      see declaration of 'std::function<void (const HMRAVSource::StreamSinkStats &)>'
  
C:\Users\mcmco\Desktop\WMMR\src\MovieMakerCore\HMRAVSource\VideoCapture.h(105,37): warning C4251: 'HMRAVSource::VideoCapture::m_spMediaSource': 'ATL::CComPtr<IMFMediaSource>' needs to have dll-interface to be used by clients of 'HMRAVSource::VideoCapture' [C:\Users\mcmco\Desktop\WMMR\build\src\MovieMakerCore\MovieMakerCore.vcxproj]
  (compiling source file '../../../src/MovieMakerCore/HMRAVSource/DShowSource.cpp')
      C:\Program Files (x86)\Microsoft Visual Studio\2022\BuildTools\VC\Tools\MSVC\14.44.35207\atlmfc\include\atlcomcli.h(341,7):
      see declaration of 'ATL::CComPtr<IMFMediaSource>'
  
C:\Users\mcmco\Desktop\WMMR\src\MovieMakerCore\HMRAVSource\VideoCapture.h(106,37): warning C4251: 'HMRAVSource::VideoCapture::m_spCaptureEngine': 'ATL::CComPtr<IMFCaptureEngine>' needs to have dll-interface to be used by clients of 'HMRAVSource::VideoCapture' [C:\Users\mcmco\Desktop\WMMR\build\src\MovieMakerCore\MovieMakerCore.vcxproj]
  (compiling source file '../../../src/MovieMakerCore/HMRAVSource/DShowSource.cpp')
      C:\Program Files (x86)\Microsoft Visual Studio\2022\BuildTools\VC\Tools\MSVC\14.44.35207\atlmfc\include\atlcomcli.h(341,7):
      see declaration of 'ATL::CComPtr<IMFCaptureEngine>'
  
C:\Users\mcmco\Desktop\WMMR\src\MovieMakerCore\HMRAVSource\TranscodeManager.h(123,29): warning C4251: 'HMRAVSource::TranscodeManager::m_progressCb': 'std::function<void (const HMRAVSource::TranscodeProgress &)>' needs to have dll-interface to be used by clients of 'HMRAVSource::TranscodeManager' [C:\Users\mcmco\Desktop\WMMR\build\src\MovieMakerCore\MovieMakerCore.vcxproj]
  (compiling source file '../../../src/MovieMakerCore/HMRAVSource/MFSource.cpp')
      C:\Program Files (x86)\Microsoft Visual Studio\2022\BuildTools\VC\Tools\MSVC\14.44.35207\include\functional(1089,7):
      see declaration of 'std::function<void (const HMRAVSource::TranscodeProgress &)>'
  
C:\Users\mcmco\Desktop\WMMR\src\MovieMakerCore\HMRAVSource\VideoCapture.h(107,37): warning C4251: 'HMRAVSource::VideoCapture::m_spPreviewSink': 'ATL::CComPtr<IMFCapturePreviewSink>' needs to have dll-interface to be used by clients of 'HMRAVSource::VideoCapture' [C:\Users\mcmco\Desktop\WMMR\build\src\MovieMakerCore\MovieMakerCore.vcxproj]
  (compiling source file '../../../src/MovieMakerCore/HMRAVSource/DShowSource.cpp')
      C:\Program Files (x86)\Microsoft Visual Studio\2022\BuildTools\VC\Tools\MSVC\14.44.35207\atlmfc\include\atlcomcli.h(341,7):
      see declaration of 'ATL::CComPtr<IMFCapturePreviewSink>'
  
C:\Users\mcmco\Desktop\WMMR\src\MovieMakerCore\HMRAVSource\VideoCapture.h(108,37): warning C4251: 'HMRAVSource::VideoCapture::m_spRecordSink': 'ATL::CComPtr<IMFCaptureRecordSink>' needs to have dll-interface to be used by clients of 'HMRAVSource::VideoCapture' [C:\Users\mcmco\Desktop\WMMR\build\src\MovieMakerCore\MovieMakerCore.vcxproj]
  (compiling source file '../../../src/MovieMakerCore/HMRAVSource/DShowSource.cpp')
      C:\Program Files (x86)\Microsoft Visual Studio\2022\BuildTools\VC\Tools\MSVC\14.44.35207\atlmfc\include\atlcomcli.h(341,7):
      see declaration of 'ATL::CComPtr<IMFCaptureRecordSink>'
  
C:\Users\mcmco\Desktop\WMMR\src\MovieMakerCore\HMRAVSource\TranscodeManager.h(124,29): warning C4251: 'HMRAVSource::TranscodeManager::m_errorCb': 'std::function<void (HRESULT,LPCWSTR)>' needs to have dll-interface to be used by clients of 'HMRAVSource::TranscodeManager' [C:\Users\mcmco\Desktop\WMMR\build\src\MovieMakerCore\MovieMakerCore.vcxproj]
  (compiling source file '../../../src/MovieMakerCore/HMRAVSource/MFSource.cpp')
      C:\Program Files (x86)\Microsoft Visual Studio\2022\BuildTools\VC\Tools\MSVC\14.44.35207\include\functional(1089,7):
      see declaration of 'std::function<void (HRESULT,LPCWSTR)>'
  
C:\Users\mcmco\Desktop\WMMR\src\MovieMakerCore\HMRAVSource\VideoCapture.h(117,38): warning C4251: 'HMRAVSource::VideoCapture::m_frameCb': 'std::function<void (IMFSample *)>' needs to have dll-interface to be used by clients of 'HMRAVSource::VideoCapture' [C:\Users\mcmco\Desktop\WMMR\build\src\MovieMakerCore\MovieMakerCore.vcxproj]
  (compiling source file '../../../src/MovieMakerCore/HMRAVSource/DShowSource.cpp')
      C:\Program Files (x86)\Microsoft Visual Studio\2022\BuildTools\VC\Tools\MSVC\14.44.35207\include\functional(1089,7):
      see declaration of 'std::function<void (IMFSample *)>'
  
C:\Users\mcmco\Desktop\WMMR\src\MovieMakerCore\HMRAVSource\TranscodeManager.h(125,29): warning C4251: 'HMRAVSource::TranscodeManager::m_completeCb': 'std::function<void (HRESULT,LPCWSTR)>' needs to have dll-interface to be used by clients of 'HMRAVSource::TranscodeManager' [C:\Users\mcmco\Desktop\WMMR\build\src\MovieMakerCore\MovieMakerCore.vcxproj]
  (compiling source file '../../../src/MovieMakerCore/HMRAVSource/MFSource.cpp')
      C:\Program Files (x86)\Microsoft Visual Studio\2022\BuildTools\VC\Tools\MSVC\14.44.35207\include\functional(1089,7):
      see declaration of 'std::function<void (HRESULT,LPCWSTR)>'
  
C:\Users\mcmco\Desktop\WMMR\src\MovieMakerCore\HMRAVSource\AudioCapture.h(107,33): warning C4251: 'HMRAVSource::AudioCapture::m_spMediaSource': 'ATL::CComPtr<IMFMediaSource>' needs to have dll-interface to be used by clients of 'HMRAVSource::AudioCapture' [C:\Users\mcmco\Desktop\WMMR\build\src\MovieMakerCore\MovieMakerCore.vcxproj]
  (compiling source file '../../../src/MovieMakerCore/HMRAVSource/DShowSource.cpp')
      C:\Program Files (x86)\Microsoft Visual Studio\2022\BuildTools\VC\Tools\MSVC\14.44.35207\atlmfc\include\atlcomcli.h(341,7):
      see declaration of 'ATL::CComPtr<IMFMediaSource>'
  
C:\Users\mcmco\Desktop\WMMR\src\MovieMakerCore\HMRAVSource\AudioCapture.h(108,33): warning C4251: 'HMRAVSource::AudioCapture::m_spReader': 'ATL::CComPtr<IMFSourceReader>' needs to have dll-interface to be used by clients of 'HMRAVSource::AudioCapture' [C:\Users\mcmco\Desktop\WMMR\build\src\MovieMakerCore\MovieMakerCore.vcxproj]
  (compiling source file '../../../src/MovieMakerCore/HMRAVSource/DShowSource.cpp')
      C:\Program Files (x86)\Microsoft Visual Studio\2022\BuildTools\VC\Tools\MSVC\14.44.35207\atlmfc\include\atlcomcli.h(341,7):
      see declaration of 'ATL::CComPtr<IMFSourceReader>'
  
C:\Users\mcmco\Desktop\WMMR\src\MovieMakerCore\HMRAVSource\AudioCapture.h(116,34): warning C4251: 'HMRAVSource::AudioCapture::m_sampleCb': 'std::function<void (IMFSample *)>' needs to have dll-interface to be used by clients of 'HMRAVSource::AudioCapture' [C:\Users\mcmco\Desktop\WMMR\build\src\MovieMakerCore\MovieMakerCore.vcxproj]
  (compiling source file '../../../src/MovieMakerCore/HMRAVSource/DShowSource.cpp')
      C:\Program Files (x86)\Microsoft Visual Studio\2022\BuildTools\VC\Tools\MSVC\14.44.35207\include\functional(1089,7):
      see declaration of 'std::function<void (IMFSample *)>'
  
C:\Users\mcmco\Desktop\WMMR\src\MovieMakerCore\HMRAVSource\TranscodeManager.h(127,29): warning C4251: 'HMRAVSource::TranscodeManager::m_spVideoTransform': 'ATL::CComPtr<IMFTransform>' needs to have dll-interface to be used by clients of 'HMRAVSource::TranscodeManager' [C:\Users\mcmco\Desktop\WMMR\build\src\MovieMakerCore\MovieMakerCore.vcxproj]
  (compiling source file '../../../src/MovieMakerCore/HMRAVSource/MFSource.cpp')
      C:\Program Files (x86)\Microsoft Visual Studio\2022\BuildTools\VC\Tools\MSVC\14.44.35207\atlmfc\include\atlcomcli.h(341,7):
      see declaration of 'ATL::CComPtr<IMFTransform>'
  
C:\Users\mcmco\Desktop\WMMR\src\MovieMakerCore\HMRAVSource\TranscodeManager.h(128,29): warning C4251: 'HMRAVSource::TranscodeManager::m_spAudioTransform': 'ATL::CComPtr<IMFTransform>' needs to have dll-interface to be used by clients of 'HMRAVSource::TranscodeManager' [C:\Users\mcmco\Desktop\WMMR\build\src\MovieMakerCore\MovieMakerCore.vcxproj]
  (compiling source file '../../../src/MovieMakerCore/HMRAVSource/MFSource.cpp')
      C:\Program Files (x86)\Microsoft Visual Studio\2022\BuildTools\VC\Tools\MSVC\14.44.35207\atlmfc\include\atlcomcli.h(341,7):
      see declaration of 'ATL::CComPtr<IMFTransform>'
  
C:\Users\mcmco\Desktop\WMMR\src\MovieMakerCore\HMRAVSource\AVCaptureSession.h(117,25): warning C4251: 'HMRAVSource::AVCaptureSession::m_statsCb': 'std::function<void (const HMRAVSource::AVCaptureSessionStats &)>' needs to have dll-interface to be used by clients of 'HMRAVSource::AVCaptureSession' [C:\Users\mcmco\Desktop\WMMR\build\src\MovieMakerCore\MovieMakerCore.vcxproj]
  (compiling source file '../../../src/MovieMakerCore/HMRAVSource/DShowSource.cpp')
      C:\Program Files (x86)\Microsoft Visual Studio\2022\BuildTools\VC\Tools\MSVC\14.44.35207\include\functional(1089,7):
      see declaration of 'std::function<void (const HMRAVSource::AVCaptureSessionStats &)>'
  
C:\Users\mcmco\Desktop\WMMR\src\MovieMakerCore\HMRAVSource\AVCaptureSession.h(118,25): warning C4251: 'HMRAVSource::AVCaptureSession::m_errorCb': 'std::function<void (HRESULT)>' needs to have dll-interface to be used by clients of 'HMRAVSource::AVCaptureSession' [C:\Users\mcmco\Desktop\WMMR\build\src\MovieMakerCore\MovieMakerCore.vcxproj]
  (compiling source file '../../../src/MovieMakerCore/HMRAVSource/DShowSource.cpp')
      C:\Program Files (x86)\Microsoft Visual Studio\2022\BuildTools\VC\Tools\MSVC\14.44.35207\include\functional(1089,7):
      see declaration of 'std::function<void (HRESULT)>'
  
C:\Users\mcmco\Desktop\WMMR\src\MovieMakerCore\HMRAVSource\AVCaptureSession.h(119,25): warning C4251: 'HMRAVSource::AVCaptureSession::m_completeCb': 'std::function<void (HRESULT)>' needs to have dll-interface to be used by clients of 'HMRAVSource::AVCaptureSession' [C:\Users\mcmco\Desktop\WMMR\build\src\MovieMakerCore\MovieMakerCore.vcxproj]
  (compiling source file '../../../src/MovieMakerCore/HMRAVSource/DShowSource.cpp')
      C:\Program Files (x86)\Microsoft Visual Studio\2022\BuildTools\VC\Tools\MSVC\14.44.35207\include\functional(1089,7):
      see declaration of 'std::function<void (HRESULT)>'
  
C:\Users\mcmco\Desktop\WMMR\src\MovieMakerCore\HMRAVSource\AVCaptureSession.h(169,25): warning C4251: 'HMRAVSource::AudioCaptureSession::m_strOutputPath': 'ATL::CStringT<wchar_t,ATL::StrTraitATL<wchar_t,ATL::ChTraitsCRT<wchar_t>>>' needs to have dll-interface to be used by clients of 'HMRAVSource::AudioCaptureSession' [C:\Users\mcmco\Desktop\WMMR\build\src\MovieMakerCore\MovieMakerCore.vcxproj]
  (compiling source file '../../../src/MovieMakerCore/HMRAVSource/DShowSource.cpp')
      C:\Program Files (x86)\Microsoft Visual Studio\2022\BuildTools\VC\Tools\MSVC\14.44.35207\atlmfc\include\cstringt.h(999,7):
      see declaration of 'ATL::CStringT<wchar_t,ATL::StrTraitATL<wchar_t,ATL::ChTraitsCRT<wchar_t>>>'
  
C:\Users\mcmco\Desktop\WMMR\src\MovieMakerCore\HMRAVSource\AVCaptureSession.h(173,25): warning C4251: 'HMRAVSource::AudioCaptureSession::m_completeCb': 'std::function<void (HRESULT,LPCWSTR)>' needs to have dll-interface to be used by clients of 'HMRAVSource::AudioCaptureSession' [C:\Users\mcmco\Desktop\WMMR\build\src\MovieMakerCore\MovieMakerCore.vcxproj]
  (compiling source file '../../../src/MovieMakerCore/HMRAVSource/DShowSource.cpp')
      C:\Program Files (x86)\Microsoft Visual Studio\2022\BuildTools\VC\Tools\MSVC\14.44.35207\include\functional(1089,7):
      see declaration of 'std::function<void (HRESULT,LPCWSTR)>'
  
C:\Users\mcmco\Desktop\WMMR\src\MovieMakerCore\HMRAVSource\StreamSink.h(33,25): error C2079: 'HMRAVSource::StreamSinkDesc::profile' uses undefined class 'HMRAVSource::EncodeProfile' [C:\Users\mcmco\Desktop\WMMR\build\src\MovieMakerCore\MovieMakerCore.vcxproj]
  (compiling source file '../../../src/MovieMakerCore/HMRAVSource/EncodeProfile.cpp')
  
C:\Users\mcmco\Desktop\WMMR\src\MovieMakerCore\HMRAVSource\VideoCapture.h(105,37): warning C4251: 'HMRAVSource::VideoCapture::m_spMediaSource': 'ATL::CComPtr<IMFMediaSource>' needs to have dll-interface to be used by clients of 'HMRAVSource::VideoCapture' [C:\Users\mcmco\Desktop\WMMR\build\src\MovieMakerCore\MovieMakerCore.vcxproj]
  (compiling source file '../../../src/MovieMakerCore/HMRAVSource/MFSource.cpp')
      C:\Program Files (x86)\Microsoft Visual Studio\2022\BuildTools\VC\Tools\MSVC\14.44.35207\atlmfc\include\atlcomcli.h(341,7):
      see declaration of 'ATL::CComPtr<IMFMediaSource>'
  
C:\Users\mcmco\Desktop\WMMR\src\MovieMakerCore\HMRAVSource\CachedWFSection.h(80,35): warning C4251: 'HMRAVSource::CachedWFSection::m_arrEntries': 'ATL::CAtlArray<HMRAVSource::CachedWFEntry,ATL::CElementTraits<E>>' needs to have dll-interface to be used by clients of 'HMRAVSource::CachedWFSection' [C:\Users\mcmco\Desktop\WMMR\build\src\MovieMakerCore\MovieMakerCore.vcxproj]
C:\Users\mcmco\Desktop\WMMR\src\MovieMakerCore\HMRAVSource\CachedWFSection.h(80,35): warning C4251:         with [C:\Users\mcmco\Desktop\WMMR\build\src\MovieMakerCore\MovieMakerCore.vcxproj]
C:\Users\mcmco\Desktop\WMMR\src\MovieMakerCore\HMRAVSource\CachedWFSection.h(80,35): warning C4251:         [ [C:\Users\mcmco\Desktop\WMMR\build\src\MovieMakerCore\MovieMakerCore.vcxproj]
C:\Users\mcmco\Desktop\WMMR\src\MovieMakerCore\HMRAVSource\CachedWFSection.h(80,35): warning C4251:             E=HMRAVSource::CachedWFEntry [C:\Users\mcmco\Desktop\WMMR\build\src\MovieMakerCore\MovieMakerCore.vcxproj]
C:\Users\mcmco\Desktop\WMMR\src\MovieMakerCore\HMRAVSource\CachedWFSection.h(80,35): warning C4251:         ] [C:\Users\mcmco\Desktop\WMMR\build\src\MovieMakerCore\MovieMakerCore.vcxproj]
  (compiling source file '../../../src/MovieMakerCore/HMRAVSource/DShowSource.cpp')
      C:\Program Files (x86)\Microsoft Visual Studio\2022\BuildTools\VC\Tools\MSVC\14.44.35207\atlmfc\include\atlcoll.h(530,7):
      see declaration of 'ATL::CAtlArray<HMRAVSource::CachedWFEntry,ATL::CElementTraits<E>>'
          with
          [
              E=HMRAVSource::CachedWFEntry
          ]
  
C:\Users\mcmco\Desktop\WMMR\src\MovieMakerCore\HMRAVSource\StreamSink.h(101,33): warning C4251: 'HMRAVSource::StreamSink::m_spSinkWriter': 'ATL::CComPtr<IMFSinkWriter>' needs to have dll-interface to be used by clients of 'HMRAVSource::StreamSink' [C:\Users\mcmco\Desktop\WMMR\build\src\MovieMakerCore\MovieMakerCore.vcxproj]
  (compiling source file '../../../src/MovieMakerCore/HMRAVSource/EncodeProfile.cpp')
      C:\Program Files (x86)\Microsoft Visual Studio\2022\BuildTools\VC\Tools\MSVC\14.44.35207\atlmfc\include\atlcomcli.h(341,7):
      see declaration of 'ATL::CComPtr<IMFSinkWriter>'
  
C:\Users\mcmco\Desktop\WMMR\src\MovieMakerCore\HMRAVSource\VideoCapture.h(106,37): warning C4251: 'HMRAVSource::VideoCapture::m_spCaptureEngine': 'ATL::CComPtr<IMFCaptureEngine>' needs to have dll-interface to be used by clients of 'HMRAVSource::VideoCapture' [C:\Users\mcmco\Desktop\WMMR\build\src\MovieMakerCore\MovieMakerCore.vcxproj]
  (compiling source file '../../../src/MovieMakerCore/HMRAVSource/MFSource.cpp')
      C:\Program Files (x86)\Microsoft Visual Studio\2022\BuildTools\VC\Tools\MSVC\14.44.35207\atlmfc\include\atlcomcli.h(341,7):
      see declaration of 'ATL::CComPtr<IMFCaptureEngine>'
  
C:\Users\mcmco\Desktop\WMMR\src\MovieMakerCore\HMRAVSource\StreamSink.h(108,33): warning C4251: 'HMRAVSource::StreamSink::m_progressCb': 'std::function<void (const HMRAVSource::StreamSinkStats &)>' needs to have dll-interface to be used by clients of 'HMRAVSource::StreamSink' [C:\Users\mcmco\Desktop\WMMR\build\src\MovieMakerCore\MovieMakerCore.vcxproj]
  (compiling source file '../../../src/MovieMakerCore/HMRAVSource/EncodeProfile.cpp')
      C:\Program Files (x86)\Microsoft Visual Studio\2022\BuildTools\VC\Tools\MSVC\14.44.35207\include\functional(1089,7):
      see declaration of 'std::function<void (const HMRAVSource::StreamSinkStats &)>'
  
C:\Users\mcmco\Desktop\WMMR\src\MovieMakerCore\HMRAVSource\VideoCapture.h(107,37): warning C4251: 'HMRAVSource::VideoCapture::m_spPreviewSink': 'ATL::CComPtr<IMFCapturePreviewSink>' needs to have dll-interface to be used by clients of 'HMRAVSource::VideoCapture' [C:\Users\mcmco\Desktop\WMMR\build\src\MovieMakerCore\MovieMakerCore.vcxproj]
  (compiling source file '../../../src/MovieMakerCore/HMRAVSource/MFSource.cpp')
      C:\Program Files (x86)\Microsoft Visual Studio\2022\BuildTools\VC\Tools\MSVC\14.44.35207\atlmfc\include\atlcomcli.h(341,7):
      see declaration of 'ATL::CComPtr<IMFCapturePreviewSink>'
  
C:\Users\mcmco\Desktop\WMMR\src\MovieMakerCore\HMRAVSource\TranscodeManager.h(35,25): error C2079: 'HMRAVSource::TranscodeParams::profile' uses undefined class 'HMRAVSource::EncodeProfile' [C:\Users\mcmco\Desktop\WMMR\build\src\MovieMakerCore\MovieMakerCore.vcxproj]
  (compiling source file '../../../src/MovieMakerCore/HMRAVSource/EncodeProfile.cpp')
  
C:\Users\mcmco\Desktop\WMMR\src\MovieMakerCore\HMRAVSource\VideoCapture.h(108,37): warning C4251: 'HMRAVSource::VideoCapture::m_spRecordSink': 'ATL::CComPtr<IMFCaptureRecordSink>' needs to have dll-interface to be used by clients of 'HMRAVSource::VideoCapture' [C:\Users\mcmco\Desktop\WMMR\build\src\MovieMakerCore\MovieMakerCore.vcxproj]
  (compiling source file '../../../src/MovieMakerCore/HMRAVSource/MFSource.cpp')
      C:\Program Files (x86)\Microsoft Visual Studio\2022\BuildTools\VC\Tools\MSVC\14.44.35207\atlmfc\include\atlcomcli.h(341,7):
      see declaration of 'ATL::CComPtr<IMFCaptureRecordSink>'
  
C:\Users\mcmco\Desktop\WMMR\src\MovieMakerCore\HMRAVSource\TranscodeManager.h(123,29): warning C4251: 'HMRAVSource::TranscodeManager::m_progressCb': 'std::function<void (const HMRAVSource::TranscodeProgress &)>' needs to have dll-interface to be used by clients of 'HMRAVSource::TranscodeManager' [C:\Users\mcmco\Desktop\WMMR\build\src\MovieMakerCore\MovieMakerCore.vcxproj]
  (compiling source file '../../../src/MovieMakerCore/HMRAVSource/EncodeProfile.cpp')
      C:\Program Files (x86)\Microsoft Visual Studio\2022\BuildTools\VC\Tools\MSVC\14.44.35207\include\functional(1089,7):
      see declaration of 'std::function<void (const HMRAVSource::TranscodeProgress &)>'
  
C:\Users\mcmco\Desktop\WMMR\src\MovieMakerCore\HMRAVSource\VideoCapture.h(117,38): warning C4251: 'HMRAVSource::VideoCapture::m_frameCb': 'std::function<void (IMFSample *)>' needs to have dll-interface to be used by clients of 'HMRAVSource::VideoCapture' [C:\Users\mcmco\Desktop\WMMR\build\src\MovieMakerCore\MovieMakerCore.vcxproj]
  (compiling source file '../../../src/MovieMakerCore/HMRAVSource/MFSource.cpp')
      C:\Program Files (x86)\Microsoft Visual Studio\2022\BuildTools\VC\Tools\MSVC\14.44.35207\include\functional(1089,7):
      see declaration of 'std::function<void (IMFSample *)>'
  
C:\Users\mcmco\Desktop\WMMR\src\MovieMakerCore\HMRAVSource\AudioCapture.h(107,33): warning C4251: 'HMRAVSource::AudioCapture::m_spMediaSource': 'ATL::CComPtr<IMFMediaSource>' needs to have dll-interface to be used by clients of 'HMRAVSource::AudioCapture' [C:\Users\mcmco\Desktop\WMMR\build\src\MovieMakerCore\MovieMakerCore.vcxproj]
  (compiling source file '../../../src/MovieMakerCore/HMRAVSource/MFSource.cpp')
      C:\Program Files (x86)\Microsoft Visual Studio\2022\BuildTools\VC\Tools\MSVC\14.44.35207\atlmfc\include\atlcomcli.h(341,7):
      see declaration of 'ATL::CComPtr<IMFMediaSource>'
  
C:\Users\mcmco\Desktop\WMMR\src\MovieMakerCore\HMRAVSource\TranscodeManager.h(124,29): warning C4251: 'HMRAVSource::TranscodeManager::m_errorCb': 'std::function<void (HRESULT,LPCWSTR)>' needs to have dll-interface to be used by clients of 'HMRAVSource::TranscodeManager' [C:\Users\mcmco\Desktop\WMMR\build\src\MovieMakerCore\MovieMakerCore.vcxproj]
  (compiling source file '../../../src/MovieMakerCore/HMRAVSource/EncodeProfile.cpp')
      C:\Program Files (x86)\Microsoft Visual Studio\2022\BuildTools\VC\Tools\MSVC\14.44.35207\include\functional(1089,7):
      see declaration of 'std::function<void (HRESULT,LPCWSTR)>'
  
C:\Users\mcmco\Desktop\WMMR\src\MovieMakerCore\HMRAVSource\TranscodeManager.h(125,29): warning C4251: 'HMRAVSource::TranscodeManager::m_completeCb': 'std::function<void (HRESULT,LPCWSTR)>' needs to have dll-interface to be used by clients of 'HMRAVSource::TranscodeManager' [C:\Users\mcmco\Desktop\WMMR\build\src\MovieMakerCore\MovieMakerCore.vcxproj]
  (compiling source file '../../../src/MovieMakerCore/HMRAVSource/EncodeProfile.cpp')
      C:\Program Files (x86)\Microsoft Visual Studio\2022\BuildTools\VC\Tools\MSVC\14.44.35207\include\functional(1089,7):
      see declaration of 'std::function<void (HRESULT,LPCWSTR)>'
  
C:\Users\mcmco\Desktop\WMMR\src\MovieMakerCore\HMRAVSource\TranscodeManager.h(127,29): warning C4251: 'HMRAVSource::TranscodeManager::m_spVideoTransform': 'ATL::CComPtr<IMFTransform>' needs to have dll-interface to be used by clients of 'HMRAVSource::TranscodeManager' [C:\Users\mcmco\Desktop\WMMR\build\src\MovieMakerCore\MovieMakerCore.vcxproj]
  (compiling source file '../../../src/MovieMakerCore/HMRAVSource/EncodeProfile.cpp')
      C:\Program Files (x86)\Microsoft Visual Studio\2022\BuildTools\VC\Tools\MSVC\14.44.35207\atlmfc\include\atlcomcli.h(341,7):
      see declaration of 'ATL::CComPtr<IMFTransform>'
  
C:\Users\mcmco\Desktop\WMMR\src\MovieMakerCore\HMRAVSource\TranscodeManager.h(128,29): warning C4251: 'HMRAVSource::TranscodeManager::m_spAudioTransform': 'ATL::CComPtr<IMFTransform>' needs to have dll-interface to be used by clients of 'HMRAVSource::TranscodeManager' [C:\Users\mcmco\Desktop\WMMR\build\src\MovieMakerCore\MovieMakerCore.vcxproj]
  (compiling source file '../../../src/MovieMakerCore/HMRAVSource/EncodeProfile.cpp')
      C:\Program Files (x86)\Microsoft Visual Studio\2022\BuildTools\VC\Tools\MSVC\14.44.35207\atlmfc\include\atlcomcli.h(341,7):
      see declaration of 'ATL::CComPtr<IMFTransform>'
  
C:\Users\mcmco\Desktop\WMMR\src\MovieMakerCore\HMRAVSource\DShowSource.cpp(177,16): error C2065: 'MF_E_END_OFSTREAM': undeclared identifier [C:\Users\mcmco\Desktop\WMMR\build\src\MovieMakerCore\MovieMakerCore.vcxproj]
C:\Users\mcmco\Desktop\WMMR\src\MovieMakerCore\HMRAVSource\AudioCapture.h(108,33): warning C4251: 'HMRAVSource::AudioCapture::m_spReader': 'ATL::CComPtr<IMFSourceReader>' needs to have dll-interface to be used by clients of 'HMRAVSource::AudioCapture' [C:\Users\mcmco\Desktop\WMMR\build\src\MovieMakerCore\MovieMakerCore.vcxproj]
  (compiling source file '../../../src/MovieMakerCore/HMRAVSource/MFSource.cpp')
      C:\Program Files (x86)\Microsoft Visual Studio\2022\BuildTools\VC\Tools\MSVC\14.44.35207\atlmfc\include\atlcomcli.h(341,7):
      see declaration of 'ATL::CComPtr<IMFSourceReader>'
  
C:\Users\mcmco\Desktop\WMMR\src\MovieMakerCore\HMRAVSource\AudioCapture.h(116,34): warning C4251: 'HMRAVSource::AudioCapture::m_sampleCb': 'std::function<void (IMFSample *)>' needs to have dll-interface to be used by clients of 'HMRAVSource::AudioCapture' [C:\Users\mcmco\Desktop\WMMR\build\src\MovieMakerCore\MovieMakerCore.vcxproj]
  (compiling source file '../../../src/MovieMakerCore/HMRAVSource/MFSource.cpp')
      C:\Program Files (x86)\Microsoft Visual Studio\2022\BuildTools\VC\Tools\MSVC\14.44.35207\include\functional(1089,7):
      see declaration of 'std::function<void (IMFSample *)>'
  
C:\Users\mcmco\Desktop\WMMR\src\MovieMakerCore\HMRAVSource\AVCaptureSession.h(117,25): warning C4251: 'HMRAVSource::AVCaptureSession::m_statsCb': 'std::function<void (const HMRAVSource::AVCaptureSessionStats &)>' needs to have dll-interface to be used by clients of 'HMRAVSource::AVCaptureSession' [C:\Users\mcmco\Desktop\WMMR\build\src\MovieMakerCore\MovieMakerCore.vcxproj]
  (compiling source file '../../../src/MovieMakerCore/HMRAVSource/MFSource.cpp')
      C:\Program Files (x86)\Microsoft Visual Studio\2022\BuildTools\VC\Tools\MSVC\14.44.35207\include\functional(1089,7):
      see declaration of 'std::function<void (const HMRAVSource::AVCaptureSessionStats &)>'
  
C:\Users\mcmco\Desktop\WMMR\src\MovieMakerCore\HMRAVSource\DShowSource.cpp(382,9): error C2065: 'CLSID_SampleGrabber': undeclared identifier [C:\Users\mcmco\Desktop\WMMR\build\src\MovieMakerCore\MovieMakerCore.vcxproj]
C:\Users\mcmco\Desktop\WMMR\src\MovieMakerCore\HMRAVSource\AVCaptureSession.h(118,25): warning C4251: 'HMRAVSource::AVCaptureSession::m_errorCb': 'std::function<void (HRESULT)>' needs to have dll-interface to be used by clients of 'HMRAVSource::AVCaptureSession' [C:\Users\mcmco\Desktop\WMMR\build\src\MovieMakerCore\MovieMakerCore.vcxproj]
  (compiling source file '../../../src/MovieMakerCore/HMRAVSource/MFSource.cpp')
      C:\Program Files (x86)\Microsoft Visual Studio\2022\BuildTools\VC\Tools\MSVC\14.44.35207\include\functional(1089,7):
      see declaration of 'std::function<void (HRESULT)>'
  
C:\Users\mcmco\Desktop\WMMR\src\MovieMakerCore\HMRAVSource\AVCaptureSession.h(119,25): warning C4251: 'HMRAVSource::AVCaptureSession::m_completeCb': 'std::function<void (HRESULT)>' needs to have dll-interface to be used by clients of 'HMRAVSource::AVCaptureSession' [C:\Users\mcmco\Desktop\WMMR\build\src\MovieMakerCore\MovieMakerCore.vcxproj]
  (compiling source file '../../../src/MovieMakerCore/HMRAVSource/MFSource.cpp')
      C:\Program Files (x86)\Microsoft Visual Studio\2022\BuildTools\VC\Tools\MSVC\14.44.35207\include\functional(1089,7):
      see declaration of 'std::function<void (HRESULT)>'
  
C:\Users\mcmco\Desktop\WMMR\src\MovieMakerCore\HMRAVSource\DShowSource.cpp(399,24): error C2039: 'SetBufferSamples': is not a member of 'ATL::_NoAddRefReleaseOnCComPtr<T>' [C:\Users\mcmco\Desktop\WMMR\build\src\MovieMakerCore\MovieMakerCore.vcxproj]
C:\Users\mcmco\Desktop\WMMR\src\MovieMakerCore\HMRAVSource\DShowSource.cpp(399,24): error C2039:         with [C:\Users\mcmco\Desktop\WMMR\build\src\MovieMakerCore\MovieMakerCore.vcxproj]
C:\Users\mcmco\Desktop\WMMR\src\MovieMakerCore\HMRAVSource\DShowSource.cpp(399,24): error C2039:         [ [C:\Users\mcmco\Desktop\WMMR\build\src\MovieMakerCore\MovieMakerCore.vcxproj]
C:\Users\mcmco\Desktop\WMMR\src\MovieMakerCore\HMRAVSource\DShowSource.cpp(399,24): error C2039:             T=ISampleGrabber [C:\Users\mcmco\Desktop\WMMR\build\src\MovieMakerCore\MovieMakerCore.vcxproj]
C:\Users\mcmco\Desktop\WMMR\src\MovieMakerCore\HMRAVSource\DShowSource.cpp(399,24): error C2039:         ] [C:\Users\mcmco\Desktop\WMMR\build\src\MovieMakerCore\MovieMakerCore.vcxproj]
      C:\Program Files (x86)\Microsoft Visual Studio\2022\BuildTools\VC\Tools\MSVC\14.44.35207\atlmfc\include\atlcomcli.h(134,29):
      see declaration of 'ATL::_NoAddRefReleaseOnCComPtr<T>'
          with
          [
              T=ISampleGrabber
          ]
  
C:\Users\mcmco\Desktop\WMMR\src\WLXPhotoBase\BaseTypes.h(536,18): warning C4251: 'Base::File::m_strPath': 'ATL::CStringT<wchar_t,ATL::StrTraitATL<wchar_t,ATL::ChTraitsCRT<wchar_t>>>' needs to have dll-interface to be used by clients of 'Base::File' [C:\Users\mcmco\Desktop\WMMR\build\src\MovieMakerCore\MovieMakerCore.vcxproj]
  (compiling source file '../../../src/MovieMakerCore/HMRAVSource/StreamSink.cpp')
      C:\Program Files (x86)\Microsoft Visual Studio\2022\BuildTools\VC\Tools\MSVC\14.44.35207\atlmfc\include\cstringt.h(999,7):
      see declaration of 'ATL::CStringT<wchar_t,ATL::StrTraitATL<wchar_t,ATL::ChTraitsCRT<wchar_t>>>'
  
C:\Users\mcmco\Desktop\WMMR\src\MovieMakerCore\HMRAVSource\VideoCapture.h(105,37): warning C4251: 'HMRAVSource::VideoCapture::m_spMediaSource': 'ATL::CComPtr<IMFMediaSource>' needs to have dll-interface to be used by clients of 'HMRAVSource::VideoCapture' [C:\Users\mcmco\Desktop\WMMR\build\src\MovieMakerCore\MovieMakerCore.vcxproj]
  (compiling source file '../../../src/MovieMakerCore/HMRAVSource/EncodeProfile.cpp')
      C:\Program Files (x86)\Microsoft Visual Studio\2022\BuildTools\VC\Tools\MSVC\14.44.35207\atlmfc\include\atlcomcli.h(341,7):
      see declaration of 'ATL::CComPtr<IMFMediaSource>'
  
C:\Users\mcmco\Desktop\WMMR\src\WLXPhotoBase\BaseTypes.h(568,18): warning C4251: 'Base::TempFile::m_strPath': 'ATL::CStringT<wchar_t,ATL::StrTraitATL<wchar_t,ATL::ChTraitsCRT<wchar_t>>>' needs to have dll-interface to be used by clients of 'Base::TempFile' [C:\Users\mcmco\Desktop\WMMR\build\src\MovieMakerCore\MovieMakerCore.vcxproj]
  (compiling source file '../../../src/MovieMakerCore/HMRAVSource/StreamSink.cpp')
      C:\Program Files (x86)\Microsoft Visual Studio\2022\BuildTools\VC\Tools\MSVC\14.44.35207\atlmfc\include\cstringt.h(999,7):
      see declaration of 'ATL::CStringT<wchar_t,ATL::StrTraitATL<wchar_t,ATL::ChTraitsCRT<wchar_t>>>'
  
C:\Users\mcmco\Desktop\WMMR\src\WLXPhotoBase\BaseTypes.h(661,21): warning C4251: 'Base::FindFile::m_strDirectory': 'ATL::CStringT<wchar_t,ATL::StrTraitATL<wchar_t,ATL::ChTraitsCRT<wchar_t>>>' needs to have dll-interface to be used by clients of 'Base::FindFile' [C:\Users\mcmco\Desktop\WMMR\build\src\MovieMakerCore\MovieMakerCore.vcxproj]
  (compiling source file '../../../src/MovieMakerCore/HMRAVSource/StreamSink.cpp')
      C:\Program Files (x86)\Microsoft Visual Studio\2022\BuildTools\VC\Tools\MSVC\14.44.35207\atlmfc\include\cstringt.h(999,7):
      see declaration of 'ATL::CStringT<wchar_t,ATL::StrTraitATL<wchar_t,ATL::ChTraitsCRT<wchar_t>>>'
  
C:\Users\mcmco\Desktop\WMMR\src\MovieMakerCore\HMRAVSource\AVCaptureSession.h(169,25): warning C4251: 'HMRAVSource::AudioCaptureSession::m_strOutputPath': 'ATL::CStringT<wchar_t,ATL::StrTraitATL<wchar_t,ATL::ChTraitsCRT<wchar_t>>>' needs to have dll-interface to be used by clients of 'HMRAVSource::AudioCaptureSession' [C:\Users\mcmco\Desktop\WMMR\build\src\MovieMakerCore\MovieMakerCore.vcxproj]
  (compiling source file '../../../src/MovieMakerCore/HMRAVSource/MFSource.cpp')
      C:\Program Files (x86)\Microsoft Visual Studio\2022\BuildTools\VC\Tools\MSVC\14.44.35207\atlmfc\include\cstringt.h(999,7):
      see declaration of 'ATL::CStringT<wchar_t,ATL::StrTraitATL<wchar_t,ATL::ChTraitsCRT<wchar_t>>>'
  
C:\Users\mcmco\Desktop\WMMR\src\MovieMakerCore\HMRAVSource\AVCaptureSession.h(173,25): warning C4251: 'HMRAVSource::AudioCaptureSession::m_completeCb': 'std::function<void (HRESULT,LPCWSTR)>' needs to have dll-interface to be used by clients of 'HMRAVSource::AudioCaptureSession' [C:\Users\mcmco\Desktop\WMMR\build\src\MovieMakerCore\MovieMakerCore.vcxproj]
  (compiling source file '../../../src/MovieMakerCore/HMRAVSource/MFSource.cpp')
      C:\Program Files (x86)\Microsoft Visual Studio\2022\BuildTools\VC\Tools\MSVC\14.44.35207\include\functional(1089,7):
      see declaration of 'std::function<void (HRESULT,LPCWSTR)>'
  
C:\Users\mcmco\Desktop\WMMR\src\MovieMakerCore\HMRAVSource\VideoCapture.h(106,37): warning C4251: 'HMRAVSource::VideoCapture::m_spCaptureEngine': 'ATL::CComPtr<IMFCaptureEngine>' needs to have dll-interface to be used by clients of 'HMRAVSource::VideoCapture' [C:\Users\mcmco\Desktop\WMMR\build\src\MovieMakerCore\MovieMakerCore.vcxproj]
  (compiling source file '../../../src/MovieMakerCore/HMRAVSource/EncodeProfile.cpp')
      C:\Program Files (x86)\Microsoft Visual Studio\2022\BuildTools\VC\Tools\MSVC\14.44.35207\atlmfc\include\atlcomcli.h(341,7):
      see declaration of 'ATL::CComPtr<IMFCaptureEngine>'
  
C:\Users\mcmco\Desktop\WMMR\src\WLXPhotoBase\BaseTypes.h(724,25): warning C4251: 'Base::IntSet::m_values': 'ATL::CAtlArray<int,ATL::CElementTraits<int>>' needs to have dll-interface to be used by clients of 'Base::IntSet' [C:\Users\mcmco\Desktop\WMMR\build\src\MovieMakerCore\MovieMakerCore.vcxproj]
  (compiling source file '../../../src/MovieMakerCore/HMRAVSource/StreamSink.cpp')
      C:\Program Files (x86)\Microsoft Visual Studio\2022\BuildTools\VC\Tools\MSVC\14.44.35207\atlmfc\include\atlcoll.h(530,7):
      see declaration of 'ATL::CAtlArray<int,ATL::CElementTraits<int>>'
  
C:\Users\mcmco\Desktop\WMMR\src\MovieMakerCore\HMRAVSource\VideoCapture.h(107,37): warning C4251: 'HMRAVSource::VideoCapture::m_spPreviewSink': 'ATL::CComPtr<IMFCapturePreviewSink>' needs to have dll-interface to be used by clients of 'HMRAVSource::VideoCapture' [C:\Users\mcmco\Desktop\WMMR\build\src\MovieMakerCore\MovieMakerCore.vcxproj]
  (compiling source file '../../../src/MovieMakerCore/HMRAVSource/EncodeProfile.cpp')
      C:\Program Files (x86)\Microsoft Visual Studio\2022\BuildTools\VC\Tools\MSVC\14.44.35207\atlmfc\include\atlcomcli.h(341,7):
      see declaration of 'ATL::CComPtr<IMFCapturePreviewSink>'
  
C:\Users\mcmco\Desktop\WMMR\src\MovieMakerCore\HMRAVSource\CachedWFSection.h(80,35): warning C4251: 'HMRAVSource::CachedWFSection::m_arrEntries': 'ATL::CAtlArray<HMRAVSource::CachedWFEntry,ATL::CElementTraits<E>>' needs to have dll-interface to be used by clients of 'HMRAVSource::CachedWFSection' [C:\Users\mcmco\Desktop\WMMR\build\src\MovieMakerCore\MovieMakerCore.vcxproj]
C:\Users\mcmco\Desktop\WMMR\src\MovieMakerCore\HMRAVSource\CachedWFSection.h(80,35): warning C4251:         with [C:\Users\mcmco\Desktop\WMMR\build\src\MovieMakerCore\MovieMakerCore.vcxproj]
C:\Users\mcmco\Desktop\WMMR\src\MovieMakerCore\HMRAVSource\CachedWFSection.h(80,35): warning C4251:         [ [C:\Users\mcmco\Desktop\WMMR\build\src\MovieMakerCore\MovieMakerCore.vcxproj]
C:\Users\mcmco\Desktop\WMMR\src\MovieMakerCore\HMRAVSource\CachedWFSection.h(80,35): warning C4251:             E=HMRAVSource::CachedWFEntry [C:\Users\mcmco\Desktop\WMMR\build\src\MovieMakerCore\MovieMakerCore.vcxproj]
C:\Users\mcmco\Desktop\WMMR\src\MovieMakerCore\HMRAVSource\CachedWFSection.h(80,35): warning C4251:         ] [C:\Users\mcmco\Desktop\WMMR\build\src\MovieMakerCore\MovieMakerCore.vcxproj]
  (compiling source file '../../../src/MovieMakerCore/HMRAVSource/MFSource.cpp')
      C:\Program Files (x86)\Microsoft Visual Studio\2022\BuildTools\VC\Tools\MSVC\14.44.35207\atlmfc\include\atlcoll.h(530,7):
      see declaration of 'ATL::CAtlArray<HMRAVSource::CachedWFEntry,ATL::CElementTraits<E>>'
          with
          [
              E=HMRAVSource::CachedWFEntry
          ]
  
C:\Users\mcmco\Desktop\WMMR\src\MovieMakerCore\HMRAVSource\VideoCapture.h(108,37): warning C4251: 'HMRAVSource::VideoCapture::m_spRecordSink': 'ATL::CComPtr<IMFCaptureRecordSink>' needs to have dll-interface to be used by clients of 'HMRAVSource::VideoCapture' [C:\Users\mcmco\Desktop\WMMR\build\src\MovieMakerCore\MovieMakerCore.vcxproj]
  (compiling source file '../../../src/MovieMakerCore/HMRAVSource/EncodeProfile.cpp')
      C:\Program Files (x86)\Microsoft Visual Studio\2022\BuildTools\VC\Tools\MSVC\14.44.35207\atlmfc\include\atlcomcli.h(341,7):
      see declaration of 'ATL::CComPtr<IMFCaptureRecordSink>'
  
C:\Users\mcmco\Desktop\WMMR\src\MovieMakerCore\HMRAVSource\VideoCapture.h(117,38): warning C4251: 'HMRAVSource::VideoCapture::m_frameCb': 'std::function<void (IMFSample *)>' needs to have dll-interface to be used by clients of 'HMRAVSource::VideoCapture' [C:\Users\mcmco\Desktop\WMMR\build\src\MovieMakerCore\MovieMakerCore.vcxproj]
  (compiling source file '../../../src/MovieMakerCore/HMRAVSource/EncodeProfile.cpp')
      C:\Program Files (x86)\Microsoft Visual Studio\2022\BuildTools\VC\Tools\MSVC\14.44.35207\include\functional(1089,7):
      see declaration of 'std::function<void (IMFSample *)>'
  
C:\Users\mcmco\Desktop\WMMR\src\MovieMakerCore\HMRAVSource\MFSource.cpp(79,18): error C2039: 'AddInterfaceToBag': is not a member of 'IMFSample' [C:\Users\mcmco\Desktop\WMMR\build\src\MovieMakerCore\MovieMakerCore.vcxproj]
      C:\Program Files (x86)\Windows Kits\10\Include\10.0.26100.0\um\mfobjects.h(939,5):
      see declaration of 'IMFSample'
  
C:\Users\mcmco\Desktop\WMMR\src\MovieMakerCore\HMRAVSource\MFSource.cpp(107,16): error C2065: 'MF_E_TIMEOUT': undeclared identifier [C:\Users\mcmco\Desktop\WMMR\build\src\MovieMakerCore\MovieMakerCore.vcxproj]
C:\Users\mcmco\Desktop\WMMR\src\MovieMakerCore\HMRAVSource\MFSource.cpp(198,9): warning C4245: 'argument': conversion from '__MIDL___MIDL_itf_mfreadwrite_0000_0001_0001' to 'DWORD', signed/unsigned mismatch [C:\Users\mcmco\Desktop\WMMR\build\src\MovieMakerCore\MovieMakerCore.vcxproj]
C:\Users\mcmco\Desktop\WMMR\src\MovieMakerCore\HMRAVSource\MFSource.cpp(216,27): warning C4245: 'argument': conversion from '__MIDL___MIDL_itf_mfreadwrite_0000_0001_0001' to 'DWORD', signed/unsigned mismatch [C:\Users\mcmco\Desktop\WMMR\build\src\MovieMakerCore\MovieMakerCore.vcxproj]
C:\Users\mcmco\Desktop\WMMR\src\MovieMakerCore\HMRAVSource\AudioCapture.h(107,33): warning C4251: 'HMRAVSource::AudioCapture::m_spMediaSource': 'ATL::CComPtr<IMFMediaSource>' needs to have dll-interface to be used by clients of 'HMRAVSource::AudioCapture' [C:\Users\mcmco\Desktop\WMMR\build\src\MovieMakerCore\MovieMakerCore.vcxproj]
  (compiling source file '../../../src/MovieMakerCore/HMRAVSource/EncodeProfile.cpp')
      C:\Program Files (x86)\Microsoft Visual Studio\2022\BuildTools\VC\Tools\MSVC\14.44.35207\atlmfc\include\atlcomcli.h(341,7):
      see declaration of 'ATL::CComPtr<IMFMediaSource>'
  
C:\Users\mcmco\Desktop\WMMR\src\MovieMakerCore\HMRAVSource\MFSource.cpp(253,40): warning C4245: 'argument': conversion from '__MIDL___MIDL_itf_mfreadwrite_0000_0001_0001' to 'DWORD', signed/unsigned mismatch [C:\Users\mcmco\Desktop\WMMR\build\src\MovieMakerCore\MovieMakerCore.vcxproj]
C:\Users\mcmco\Desktop\WMMR\src\MovieMakerCore\HMRAVSource\MFSource.cpp(262,40): warning C4245: 'argument': conversion from '__MIDL___MIDL_itf_mfreadwrite_0000_0001_0001' to 'DWORD', signed/unsigned mismatch [C:\Users\mcmco\Desktop\WMMR\build\src\MovieMakerCore\MovieMakerCore.vcxproj]
C:\Users\mcmco\Desktop\WMMR\src\MovieMakerCore\HMRAVSource\AudioCapture.h(108,33): warning C4251: 'HMRAVSource::AudioCapture::m_spReader': 'ATL::CComPtr<IMFSourceReader>' needs to have dll-interface to be used by clients of 'HMRAVSource::AudioCapture' [C:\Users\mcmco\Desktop\WMMR\build\src\MovieMakerCore\MovieMakerCore.vcxproj]
  (compiling source file '../../../src/MovieMakerCore/HMRAVSource/EncodeProfile.cpp')
      C:\Program Files (x86)\Microsoft Visual Studio\2022\BuildTools\VC\Tools\MSVC\14.44.35207\atlmfc\include\atlcomcli.h(341,7):
      see declaration of 'ATL::CComPtr<IMFSourceReader>'
  
C:\Users\mcmco\Desktop\WMMR\src\MovieMakerCore\HMRAVSource\AudioCapture.h(116,34): warning C4251: 'HMRAVSource::AudioCapture::m_sampleCb': 'std::function<void (IMFSample *)>' needs to have dll-interface to be used by clients of 'HMRAVSource::AudioCapture' [C:\Users\mcmco\Desktop\WMMR\build\src\MovieMakerCore\MovieMakerCore.vcxproj]
  (compiling source file '../../../src/MovieMakerCore/HMRAVSource/EncodeProfile.cpp')
      C:\Program Files (x86)\Microsoft Visual Studio\2022\BuildTools\VC\Tools\MSVC\14.44.35207\include\functional(1089,7):
      see declaration of 'std::function<void (IMFSample *)>'
  
C:\Users\mcmco\Desktop\WMMR\src\MovieMakerCore\HMRAVSource\MFSource.cpp(286,23): error C2039: 'Reset': is not a member of 'ATL::_NoAddRefReleaseOnCComPtr<T>' [C:\Users\mcmco\Desktop\WMMR\build\src\MovieMakerCore\MovieMakerCore.vcxproj]
C:\Users\mcmco\Desktop\WMMR\src\MovieMakerCore\HMRAVSource\MFSource.cpp(286,23): error C2039:         with [C:\Users\mcmco\Desktop\WMMR\build\src\MovieMakerCore\MovieMakerCore.vcxproj]
C:\Users\mcmco\Desktop\WMMR\src\MovieMakerCore\HMRAVSource\MFSource.cpp(286,23): error C2039:         [ [C:\Users\mcmco\Desktop\WMMR\build\src\MovieMakerCore\MovieMakerCore.vcxproj]
C:\Users\mcmco\Desktop\WMMR\src\MovieMakerCore\HMRAVSource\MFSource.cpp(286,23): error C2039:             T=IMFSourceReaderCallback [C:\Users\mcmco\Desktop\WMMR\build\src\MovieMakerCore\MovieMakerCore.vcxproj]
C:\Users\mcmco\Desktop\WMMR\src\MovieMakerCore\HMRAVSource\MFSource.cpp(286,23): error C2039:         ] [C:\Users\mcmco\Desktop\WMMR\build\src\MovieMakerCore\MovieMakerCore.vcxproj]
      C:\Program Files (x86)\Microsoft Visual Studio\2022\BuildTools\VC\Tools\MSVC\14.44.35207\atlmfc\include\atlcomcli.h(134,29):
      see declaration of 'ATL::_NoAddRefReleaseOnCComPtr<T>'
          with
          [
              T=IMFSourceReaderCallback
          ]
  
C:\Users\mcmco\Desktop\WMMR\src\MovieMakerCore\HMRAVSource\MFSource.cpp(288,36): error C2039: 'WaitSample': is not a member of 'ATL::_NoAddRefReleaseOnCComPtr<T>' [C:\Users\mcmco\Desktop\WMMR\build\src\MovieMakerCore\MovieMakerCore.vcxproj]
C:\Users\mcmco\Desktop\WMMR\src\MovieMakerCore\HMRAVSource\MFSource.cpp(288,36): error C2039:         with [C:\Users\mcmco\Desktop\WMMR\build\src\MovieMakerCore\MovieMakerCore.vcxproj]
C:\Users\mcmco\Desktop\WMMR\src\MovieMakerCore\HMRAVSource\MFSource.cpp(288,36): error C2039:         [ [C:\Users\mcmco\Desktop\WMMR\build\src\MovieMakerCore\MovieMakerCore.vcxproj]
C:\Users\mcmco\Desktop\WMMR\src\MovieMakerCore\HMRAVSource\MFSource.cpp(288,36): error C2039:             T=IMFSourceReaderCallback [C:\Users\mcmco\Desktop\WMMR\build\src\MovieMakerCore\MovieMakerCore.vcxproj]
C:\Users\mcmco\Desktop\WMMR\src\MovieMakerCore\HMRAVSource\MFSource.cpp(288,36): error C2039:         ] [C:\Users\mcmco\Desktop\WMMR\build\src\MovieMakerCore\MovieMakerCore.vcxproj]
      C:\Program Files (x86)\Microsoft Visual Studio\2022\BuildTools\VC\Tools\MSVC\14.44.35207\atlmfc\include\atlcomcli.h(134,29):
      see declaration of 'ATL::_NoAddRefReleaseOnCComPtr<T>'
          with
          [
              T=IMFSourceReaderCallback
          ]
  
C:\Users\mcmco\Desktop\WMMR\src\MovieMakerCore\HMRAVSource\MFSource.cpp(292,30): error C2039: 'GetLastSample': is not a member of 'ATL::_NoAddRefReleaseOnCComPtr<T>' [C:\Users\mcmco\Desktop\WMMR\build\src\MovieMakerCore\MovieMakerCore.vcxproj]
C:\Users\mcmco\Desktop\WMMR\src\MovieMakerCore\HMRAVSource\MFSource.cpp(292,30): error C2039:         with [C:\Users\mcmco\Desktop\WMMR\build\src\MovieMakerCore\MovieMakerCore.vcxproj]
C:\Users\mcmco\Desktop\WMMR\src\MovieMakerCore\HMRAVSource\MFSource.cpp(292,30): error C2039:         [ [C:\Users\mcmco\Desktop\WMMR\build\src\MovieMakerCore\MovieMakerCore.vcxproj]
C:\Users\mcmco\Desktop\WMMR\src\MovieMakerCore\HMRAVSource\MFSource.cpp(292,30): error C2039:             T=IMFSourceReaderCallback [C:\Users\mcmco\Desktop\WMMR\build\src\MovieMakerCore\MovieMakerCore.vcxproj]
C:\Users\mcmco\Desktop\WMMR\src\MovieMakerCore\HMRAVSource\MFSource.cpp(292,30): error C2039:         ] [C:\Users\mcmco\Desktop\WMMR\build\src\MovieMakerCore\MovieMakerCore.vcxproj]
      C:\Program Files (x86)\Microsoft Visual Studio\2022\BuildTools\VC\Tools\MSVC\14.44.35207\atlmfc\include\atlcomcli.h(134,29):
      see declaration of 'ATL::_NoAddRefReleaseOnCComPtr<T>'
          with
          [
              T=IMFSourceReaderCallback
          ]
  
C:\Users\mcmco\Desktop\WMMR\src\MovieMakerCore\HMRAVSource\MFSource.cpp(324,27): warning C4245: 'argument': conversion from '__MIDL___MIDL_itf_mfreadwrite_0000_0001_0001' to 'DWORD', signed/unsigned mismatch [C:\Users\mcmco\Desktop\WMMR\build\src\MovieMakerCore\MovieMakerCore.vcxproj]
C:\Users\mcmco\Desktop\WMMR\src\MovieMakerCore\HMRAVSource\MFSource.cpp(341,33): error C2065: 'IMFMediaEventCallback': undeclared identifier [C:\Users\mcmco\Desktop\WMMR\build\src\MovieMakerCore\MovieMakerCore.vcxproj]
C:\Users\mcmco\Desktop\WMMR\src\MovieMakerCore\HMRAVSource\MFSource.cpp(341,56): error C2065: 'pCallback': undeclared identifier [C:\Users\mcmco\Desktop\WMMR\build\src\MovieMakerCore\MovieMakerCore.vcxproj]
C:\Users\mcmco\Desktop\WMMR\src\MovieMakerCore\HMRAVSource\MFSource.cpp(341,77): error C2065: 'punkState': undeclared identifier [C:\Users\mcmco\Desktop\WMMR\build\src\MovieMakerCore\MovieMakerCore.vcxproj]
C:\Users\mcmco\Desktop\WMMR\src\MovieMakerCore\HMRAVSource\MFSource.cpp(341,67): error C2275: 'IUnknown': expected an expression instead of a type [C:\Users\mcmco\Desktop\WMMR\build\src\MovieMakerCore\MovieMakerCore.vcxproj]
C:\Users\mcmco\Desktop\WMMR\src\MovieMakerCore\HMRAVSource\MFSource.cpp(341,19): error C2761: 'HRESULT HMRAVSource::MFSource::BeginGetEvent(IMFAsyncCallback *,IUnknown *)': redeclaration of member is not allowed [C:\Users\mcmco\Desktop\WMMR\build\src\MovieMakerCore\MovieMakerCore.vcxproj]
C:\Users\mcmco\Desktop\WMMR\src\MovieMakerCore\HMRAVSource\MFSource.cpp(342,1): error C2143: syntax error: missing ';' before '{' [C:\Users\mcmco\Desktop\WMMR\build\src\MovieMakerCore\MovieMakerCore.vcxproj]
C:\Users\mcmco\Desktop\WMMR\src\MovieMakerCore\HMRAVSource\MFSource.cpp(342,1): error C2447: '{': missing function header (old-style formal list?) [C:\Users\mcmco\Desktop\WMMR\build\src\MovieMakerCore\MovieMakerCore.vcxproj]
C:\Users\mcmco\Desktop\WMMR\src\MovieMakerCore\HMRAVSource\AVCaptureSession.h(117,25): warning C4251: 'HMRAVSource::AVCaptureSession::m_statsCb': 'std::function<void (const HMRAVSource::AVCaptureSessionStats &)>' needs to have dll-interface to be used by clients of 'HMRAVSource::AVCaptureSession' [C:\Users\mcmco\Desktop\WMMR\build\src\MovieMakerCore\MovieMakerCore.vcxproj]
  (compiling source file '../../../src/MovieMakerCore/HMRAVSource/EncodeProfile.cpp')
      C:\Program Files (x86)\Microsoft Visual Studio\2022\BuildTools\VC\Tools\MSVC\14.44.35207\include\functional(1089,7):
      see declaration of 'std::function<void (const HMRAVSource::AVCaptureSessionStats &)>'
  
C:\Users\mcmco\Desktop\WMMR\src\MovieMakerCore\HMRAVSource\MFSource.cpp(459,10): error C2660: 'MFCreateSourceReaderFromURL': function does not take 4 arguments [C:\Users\mcmco\Desktop\WMMR\build\src\MovieMakerCore\MovieMakerCore.vcxproj]
      C:\Program Files (x86)\Windows Kits\10\Include\10.0.26100.0\um\mfreadwrite.h(277,8):
      see declaration of 'MFCreateSourceReaderFromURL'
      C:\Users\mcmco\Desktop\WMMR\src\MovieMakerCore\HMRAVSource\MFSource.cpp(459,10):
      while trying to match the argument list '(const wchar_t *, nullptr, nullptr, T **)'
          with
          [
              T=IMFSourceReader
          ]
  
C:\Users\mcmco\Desktop\WMMR\src\MovieMakerCore\HMRAVSource\AVCaptureSession.h(118,25): warning C4251: 'HMRAVSource::AVCaptureSession::m_errorCb': 'std::function<void (HRESULT)>' needs to have dll-interface to be used by clients of 'HMRAVSource::AVCaptureSession' [C:\Users\mcmco\Desktop\WMMR\build\src\MovieMakerCore\MovieMakerCore.vcxproj]
  (compiling source file '../../../src/MovieMakerCore/HMRAVSource/EncodeProfile.cpp')
      C:\Program Files (x86)\Microsoft Visual Studio\2022\BuildTools\VC\Tools\MSVC\14.44.35207\include\functional(1089,7):
      see declaration of 'std::function<void (HRESULT)>'
  
C:\Users\mcmco\Desktop\WMMR\src\MovieMakerCore\HMRAVSource\AVCaptureSession.h(119,25): warning C4251: 'HMRAVSource::AVCaptureSession::m_completeCb': 'std::function<void (HRESULT)>' needs to have dll-interface to be used by clients of 'HMRAVSource::AVCaptureSession' [C:\Users\mcmco\Desktop\WMMR\build\src\MovieMakerCore\MovieMakerCore.vcxproj]
  (compiling source file '../../../src/MovieMakerCore/HMRAVSource/EncodeProfile.cpp')
      C:\Program Files (x86)\Microsoft Visual Studio\2022\BuildTools\VC\Tools\MSVC\14.44.35207\include\functional(1089,7):
      see declaration of 'std::function<void (HRESULT)>'
  
C:\Users\mcmco\Desktop\WMMR\src\MovieMakerCore\HMRAVSource\AVCaptureSession.h(169,25): warning C4251: 'HMRAVSource::AudioCaptureSession::m_strOutputPath': 'ATL::CStringT<wchar_t,ATL::StrTraitATL<wchar_t,ATL::ChTraitsCRT<wchar_t>>>' needs to have dll-interface to be used by clients of 'HMRAVSource::AudioCaptureSession' [C:\Users\mcmco\Desktop\WMMR\build\src\MovieMakerCore\MovieMakerCore.vcxproj]
  (compiling source file '../../../src/MovieMakerCore/HMRAVSource/EncodeProfile.cpp')
      C:\Program Files (x86)\Microsoft Visual Studio\2022\BuildTools\VC\Tools\MSVC\14.44.35207\atlmfc\include\cstringt.h(999,7):
      see declaration of 'ATL::CStringT<wchar_t,ATL::StrTraitATL<wchar_t,ATL::ChTraitsCRT<wchar_t>>>'
  
C:\Users\mcmco\Desktop\WMMR\src\MovieMakerCore\HMRAVSource\AVCaptureSession.h(173,25): warning C4251: 'HMRAVSource::AudioCaptureSession::m_completeCb': 'std::function<void (HRESULT,LPCWSTR)>' needs to have dll-interface to be used by clients of 'HMRAVSource::AudioCaptureSession' [C:\Users\mcmco\Desktop\WMMR\build\src\MovieMakerCore\MovieMakerCore.vcxproj]
  (compiling source file '../../../src/MovieMakerCore/HMRAVSource/EncodeProfile.cpp')
      C:\Program Files (x86)\Microsoft Visual Studio\2022\BuildTools\VC\Tools\MSVC\14.44.35207\include\functional(1089,7):
      see declaration of 'std::function<void (HRESULT,LPCWSTR)>'
  
C:\Users\mcmco\Desktop\WMMR\src\MovieMakerCore\HMRAVSource\CachedWFSection.h(80,35): warning C4251: 'HMRAVSource::CachedWFSection::m_arrEntries': 'ATL::CAtlArray<HMRAVSource::CachedWFEntry,ATL::CElementTraits<E>>' needs to have dll-interface to be used by clients of 'HMRAVSource::CachedWFSection' [C:\Users\mcmco\Desktop\WMMR\build\src\MovieMakerCore\MovieMakerCore.vcxproj]
C:\Users\mcmco\Desktop\WMMR\src\MovieMakerCore\HMRAVSource\CachedWFSection.h(80,35): warning C4251:         with [C:\Users\mcmco\Desktop\WMMR\build\src\MovieMakerCore\MovieMakerCore.vcxproj]
C:\Users\mcmco\Desktop\WMMR\src\MovieMakerCore\HMRAVSource\CachedWFSection.h(80,35): warning C4251:         [ [C:\Users\mcmco\Desktop\WMMR\build\src\MovieMakerCore\MovieMakerCore.vcxproj]
C:\Users\mcmco\Desktop\WMMR\src\MovieMakerCore\HMRAVSource\CachedWFSection.h(80,35): warning C4251:             E=HMRAVSource::CachedWFEntry [C:\Users\mcmco\Desktop\WMMR\build\src\MovieMakerCore\MovieMakerCore.vcxproj]
C:\Users\mcmco\Desktop\WMMR\src\MovieMakerCore\HMRAVSource\CachedWFSection.h(80,35): warning C4251:         ] [C:\Users\mcmco\Desktop\WMMR\build\src\MovieMakerCore\MovieMakerCore.vcxproj]
  (compiling source file '../../../src/MovieMakerCore/HMRAVSource/EncodeProfile.cpp')
      C:\Program Files (x86)\Microsoft Visual Studio\2022\BuildTools\VC\Tools\MSVC\14.44.35207\atlmfc\include\atlcoll.h(530,7):
      see declaration of 'ATL::CAtlArray<HMRAVSource::CachedWFEntry,ATL::CElementTraits<E>>'
          with
          [
              E=HMRAVSource::CachedWFEntry
          ]
  
C:\Users\mcmco\Desktop\WMMR\src\WLXPhotoBase\BaseTypes.h(536,18): warning C4251: 'Base::File::m_strPath': 'ATL::CStringT<wchar_t,ATL::StrTraitATL<wchar_t,ATL::ChTraitsCRT<wchar_t>>>' needs to have dll-interface to be used by clients of 'Base::File' [C:\Users\mcmco\Desktop\WMMR\build\src\MovieMakerCore\MovieMakerCore.vcxproj]
  (compiling source file '../../../src/MovieMakerCore/HMRAVSource/VideoCapture.cpp')
      C:\Program Files (x86)\Microsoft Visual Studio\2022\BuildTools\VC\Tools\MSVC\14.44.35207\atlmfc\include\cstringt.h(999,7):
      see declaration of 'ATL::CStringT<wchar_t,ATL::StrTraitATL<wchar_t,ATL::ChTraitsCRT<wchar_t>>>'
  
C:\Users\mcmco\Desktop\WMMR\src\WLXPhotoBase\BaseTypes.h(568,18): warning C4251: 'Base::TempFile::m_strPath': 'ATL::CStringT<wchar_t,ATL::StrTraitATL<wchar_t,ATL::ChTraitsCRT<wchar_t>>>' needs to have dll-interface to be used by clients of 'Base::TempFile' [C:\Users\mcmco\Desktop\WMMR\build\src\MovieMakerCore\MovieMakerCore.vcxproj]
  (compiling source file '../../../src/MovieMakerCore/HMRAVSource/VideoCapture.cpp')
      C:\Program Files (x86)\Microsoft Visual Studio\2022\BuildTools\VC\Tools\MSVC\14.44.35207\atlmfc\include\cstringt.h(999,7):
      see declaration of 'ATL::CStringT<wchar_t,ATL::StrTraitATL<wchar_t,ATL::ChTraitsCRT<wchar_t>>>'
  
C:\Users\mcmco\Desktop\WMMR\src\WLXPhotoBase\BaseTypes.h(661,21): warning C4251: 'Base::FindFile::m_strDirectory': 'ATL::CStringT<wchar_t,ATL::StrTraitATL<wchar_t,ATL::ChTraitsCRT<wchar_t>>>' needs to have dll-interface to be used by clients of 'Base::FindFile' [C:\Users\mcmco\Desktop\WMMR\build\src\MovieMakerCore\MovieMakerCore.vcxproj]
  (compiling source file '../../../src/MovieMakerCore/HMRAVSource/VideoCapture.cpp')
      C:\Program Files (x86)\Microsoft Visual Studio\2022\BuildTools\VC\Tools\MSVC\14.44.35207\atlmfc\include\cstringt.h(999,7):
      see declaration of 'ATL::CStringT<wchar_t,ATL::StrTraitATL<wchar_t,ATL::ChTraitsCRT<wchar_t>>>'
  
C:\Users\mcmco\Desktop\WMMR\src\WLXPhotoBase\BaseTypes.h(724,25): warning C4251: 'Base::IntSet::m_values': 'ATL::CAtlArray<int,ATL::CElementTraits<int>>' needs to have dll-interface to be used by clients of 'Base::IntSet' [C:\Users\mcmco\Desktop\WMMR\build\src\MovieMakerCore\MovieMakerCore.vcxproj]
  (compiling source file '../../../src/MovieMakerCore/HMRAVSource/VideoCapture.cpp')
      C:\Program Files (x86)\Microsoft Visual Studio\2022\BuildTools\VC\Tools\MSVC\14.44.35207\atlmfc\include\atlcoll.h(530,7):
      see declaration of 'ATL::CAtlArray<int,ATL::CElementTraits<int>>'
  
  AVSink.cpp
C:\Users\mcmco\Desktop\WMMR\src\MovieMakerCore\HMRAVSource\TranscodeManager.h(123,29): warning C4251: 'HMRAVSource::TranscodeManager::m_progressCb': 'std::function<void (const HMRAVSource::TranscodeProgress &)>' needs to have dll-interface to be used by clients of 'HMRAVSource::TranscodeManager' [C:\Users\mcmco\Desktop\WMMR\build\src\MovieMakerCore\MovieMakerCore.vcxproj]
  (compiling source file '../../../src/MovieMakerCore/HMRAVSource/StreamSink.cpp')
      C:\Program Files (x86)\Microsoft Visual Studio\2022\BuildTools\VC\Tools\MSVC\14.44.35207\include\functional(1089,7):
      see declaration of 'std::function<void (const HMRAVSource::TranscodeProgress &)>'
  
C:\Users\mcmco\Desktop\WMMR\src\MovieMakerCore\HMRAVSource\TranscodeManager.h(124,29): warning C4251: 'HMRAVSource::TranscodeManager::m_errorCb': 'std::function<void (HRESULT,LPCWSTR)>' needs to have dll-interface to be used by clients of 'HMRAVSource::TranscodeManager' [C:\Users\mcmco\Desktop\WMMR\build\src\MovieMakerCore\MovieMakerCore.vcxproj]
  (compiling source file '../../../src/MovieMakerCore/HMRAVSource/StreamSink.cpp')
      C:\Program Files (x86)\Microsoft Visual Studio\2022\BuildTools\VC\Tools\MSVC\14.44.35207\include\functional(1089,7):
      see declaration of 'std::function<void (HRESULT,LPCWSTR)>'
  
C:\Users\mcmco\Desktop\WMMR\src\MovieMakerCore\HMRAVSource\TranscodeManager.h(125,29): warning C4251: 'HMRAVSource::TranscodeManager::m_completeCb': 'std::function<void (HRESULT,LPCWSTR)>' needs to have dll-interface to be used by clients of 'HMRAVSource::TranscodeManager' [C:\Users\mcmco\Desktop\WMMR\build\src\MovieMakerCore\MovieMakerCore.vcxproj]
  (compiling source file '../../../src/MovieMakerCore/HMRAVSource/StreamSink.cpp')
      C:\Program Files (x86)\Microsoft Visual Studio\2022\BuildTools\VC\Tools\MSVC\14.44.35207\include\functional(1089,7):
      see declaration of 'std::function<void (HRESULT,LPCWSTR)>'
  
C:\Users\mcmco\Desktop\WMMR\src\MovieMakerCore\HMRAVSource\TranscodeManager.h(127,29): warning C4251: 'HMRAVSource::TranscodeManager::m_spVideoTransform': 'ATL::CComPtr<IMFTransform>' needs to have dll-interface to be used by clients of 'HMRAVSource::TranscodeManager' [C:\Users\mcmco\Desktop\WMMR\build\src\MovieMakerCore\MovieMakerCore.vcxproj]
  (compiling source file '../../../src/MovieMakerCore/HMRAVSource/StreamSink.cpp')
      C:\Program Files (x86)\Microsoft Visual Studio\2022\BuildTools\VC\Tools\MSVC\14.44.35207\atlmfc\include\atlcomcli.h(341,7):
      see declaration of 'ATL::CComPtr<IMFTransform>'
  
C:\Users\mcmco\Desktop\WMMR\src\MovieMakerCore\HMRAVSource\TranscodeManager.h(128,29): warning C4251: 'HMRAVSource::TranscodeManager::m_spAudioTransform': 'ATL::CComPtr<IMFTransform>' needs to have dll-interface to be used by clients of 'HMRAVSource::TranscodeManager' [C:\Users\mcmco\Desktop\WMMR\build\src\MovieMakerCore\MovieMakerCore.vcxproj]
  (compiling source file '../../../src/MovieMakerCore/HMRAVSource/StreamSink.cpp')
      C:\Program Files (x86)\Microsoft Visual Studio\2022\BuildTools\VC\Tools\MSVC\14.44.35207\atlmfc\include\atlcomcli.h(341,7):
      see declaration of 'ATL::CComPtr<IMFTransform>'
  
  StreamSinkHost.cpp
C:\Users\mcmco\Desktop\WMMR\src\MovieMakerCore\HMRAVSource\VideoCapture.h(105,37): warning C4251: 'HMRAVSource::VideoCapture::m_spMediaSource': 'ATL::CComPtr<IMFMediaSource>' needs to have dll-interface to be used by clients of 'HMRAVSource::VideoCapture' [C:\Users\mcmco\Desktop\WMMR\build\src\MovieMakerCore\MovieMakerCore.vcxproj]
  (compiling source file '../../../src/MovieMakerCore/HMRAVSource/StreamSink.cpp')
      C:\Program Files (x86)\Microsoft Visual Studio\2022\BuildTools\VC\Tools\MSVC\14.44.35207\atlmfc\include\atlcomcli.h(341,7):
      see declaration of 'ATL::CComPtr<IMFMediaSource>'
  
C:\Users\mcmco\Desktop\WMMR\src\MovieMakerCore\HMRAVSource\VideoCapture.h(106,37): warning C4251: 'HMRAVSource::VideoCapture::m_spCaptureEngine': 'ATL::CComPtr<IMFCaptureEngine>' needs to have dll-interface to be used by clients of 'HMRAVSource::VideoCapture' [C:\Users\mcmco\Desktop\WMMR\build\src\MovieMakerCore\MovieMakerCore.vcxproj]
  (compiling source file '../../../src/MovieMakerCore/HMRAVSource/StreamSink.cpp')
      C:\Program Files (x86)\Microsoft Visual Studio\2022\BuildTools\VC\Tools\MSVC\14.44.35207\atlmfc\include\atlcomcli.h(341,7):
      see declaration of 'ATL::CComPtr<IMFCaptureEngine>'
  
  StreamSinkHelper.cpp
C:\Users\mcmco\Desktop\WMMR\src\MovieMakerCore\HMRAVSource\VideoCapture.h(107,37): warning C4251: 'HMRAVSource::VideoCapture::m_spPreviewSink': 'ATL::CComPtr<IMFCapturePreviewSink>' needs to have dll-interface to be used by clients of 'HMRAVSource::VideoCapture' [C:\Users\mcmco\Desktop\WMMR\build\src\MovieMakerCore\MovieMakerCore.vcxproj]
  (compiling source file '../../../src/MovieMakerCore/HMRAVSource/StreamSink.cpp')
      C:\Program Files (x86)\Microsoft Visual Studio\2022\BuildTools\VC\Tools\MSVC\14.44.35207\atlmfc\include\atlcomcli.h(341,7):
      see declaration of 'ATL::CComPtr<IMFCapturePreviewSink>'
  
C:\Users\mcmco\Desktop\WMMR\src\MovieMakerCore\HMRAVSource\VideoCapture.h(108,37): warning C4251: 'HMRAVSource::VideoCapture::m_spRecordSink': 'ATL::CComPtr<IMFCaptureRecordSink>' needs to have dll-interface to be used by clients of 'HMRAVSource::VideoCapture' [C:\Users\mcmco\Desktop\WMMR\build\src\MovieMakerCore\MovieMakerCore.vcxproj]
  (compiling source file '../../../src/MovieMakerCore/HMRAVSource/StreamSink.cpp')
      C:\Program Files (x86)\Microsoft Visual Studio\2022\BuildTools\VC\Tools\MSVC\14.44.35207\atlmfc\include\atlcomcli.h(341,7):
      see declaration of 'ATL::CComPtr<IMFCaptureRecordSink>'
  
C:\Users\mcmco\Desktop\WMMR\src\MovieMakerCore\pch.h(21,9): warning C4005: 'WINVER': macro redefinition [C:\Users\mcmco\Desktop\WMMR\build\src\MovieMakerCore\MovieMakerCore.vcxproj]
  (compiling source file '../../../src/MovieMakerCore/HMRAVSource/AVSink.cpp')
      C:\Users\mcmco\Desktop\WMMR\src\MovieMakerCore\pch.h(21,9):
      'WINVER' previously declared on the command line
  
C:\Users\mcmco\Desktop\WMMR\src\MovieMakerCore\pch.h(22,9): warning C4005: '_WIN32_WINNT': macro redefinition [C:\Users\mcmco\Desktop\WMMR\build\src\MovieMakerCore\MovieMakerCore.vcxproj]
  (compiling source file '../../../src/MovieMakerCore/HMRAVSource/AVSink.cpp')
      C:\Users\mcmco\Desktop\WMMR\src\MovieMakerCore\pch.h(22,9):
      '_WIN32_WINNT' previously declared on the command line
  
C:\Users\mcmco\Desktop\WMMR\src\MovieMakerCore\HMRAVSource\VideoCapture.h(117,38): warning C4251: 'HMRAVSource::VideoCapture::m_frameCb': 'std::function<void (IMFSample *)>' needs to have dll-interface to be used by clients of 'HMRAVSource::VideoCapture' [C:\Users\mcmco\Desktop\WMMR\build\src\MovieMakerCore\MovieMakerCore.vcxproj]
  (compiling source file '../../../src/MovieMakerCore/HMRAVSource/StreamSink.cpp')
      C:\Program Files (x86)\Microsoft Visual Studio\2022\BuildTools\VC\Tools\MSVC\14.44.35207\include\functional(1089,7):
      see declaration of 'std::function<void (IMFSample *)>'
  
C:\Users\mcmco\Desktop\WMMR\src\MovieMakerCore\pch.h(30,9): warning C4005: 'WIN32_LEAN_AND_MEAN': macro redefinition [C:\Users\mcmco\Desktop\WMMR\build\src\MovieMakerCore\MovieMakerCore.vcxproj]
  (compiling source file '../../../src/MovieMakerCore/HMRAVSource/AVSink.cpp')
      C:\Users\mcmco\Desktop\WMMR\src\MovieMakerCore\pch.h(30,9):
      'WIN32_LEAN_AND_MEAN' previously declared on the command line
  
C:\Users\mcmco\Desktop\WMMR\src\MovieMakerCore\pch.h(31,9): warning C4005: 'NOMINMAX': macro redefinition [C:\Users\mcmco\Desktop\WMMR\build\src\MovieMakerCore\MovieMakerCore.vcxproj]
  (compiling source file '../../../src/MovieMakerCore/HMRAVSource/AVSink.cpp')
      C:\Users\mcmco\Desktop\WMMR\src\MovieMakerCore\pch.h(31,9):
      'NOMINMAX' previously declared on the command line
  
C:\Users\mcmco\Desktop\WMMR\src\MovieMakerCore\pch.h(32,9): warning C4005: '_CRT_SECURE_NO_WARNINGS': macro redefinition [C:\Users\mcmco\Desktop\WMMR\build\src\MovieMakerCore\MovieMakerCore.vcxproj]
  (compiling source file '../../../src/MovieMakerCore/HMRAVSource/AVSink.cpp')
      C:\Users\mcmco\Desktop\WMMR\src\MovieMakerCore\pch.h(32,9):
      '_CRT_SECURE_NO_WARNINGS' previously declared on the command line
  
C:\Users\mcmco\Desktop\WMMR\src\MovieMakerCore\pch.h(33,9): warning C4005: '_WINDLL': macro redefinition [C:\Users\mcmco\Desktop\WMMR\build\src\MovieMakerCore\MovieMakerCore.vcxproj]
  (compiling source file '../../../src/MovieMakerCore/HMRAVSource/AVSink.cpp')
      C:\Users\mcmco\Desktop\WMMR\src\MovieMakerCore\pch.h(33,9):
      '_WINDLL' previously declared on the command line
  
C:\Users\mcmco\Desktop\WMMR\src\MovieMakerCore\pch.h(34,9): warning C4005: '_AFXDLL': macro redefinition [C:\Users\mcmco\Desktop\WMMR\build\src\MovieMakerCore\MovieMakerCore.vcxproj]
  (compiling source file '../../../src/MovieMakerCore/HMRAVSource/AVSink.cpp')
      C:\Users\mcmco\Desktop\WMMR\src\MovieMakerCore\pch.h(34,9):
      '_AFXDLL' previously declared on the command line
  
C:\Users\mcmco\Desktop\WMMR\src\MovieMakerCore\pch.h(35,9): warning C4005: '_ATL_CSTRING_EXPLICIT_CONSTRUCTORS': macro redefinition [C:\Users\mcmco\Desktop\WMMR\build\src\MovieMakerCore\MovieMakerCore.vcxproj]
  (compiling source file '../../../src/MovieMakerCore/HMRAVSource/AVSink.cpp')
      C:\Users\mcmco\Desktop\WMMR\src\MovieMakerCore\pch.h(35,9):
      '_ATL_CSTRING_EXPLICIT_CONSTRUCTORS' previously declared on the command line
  
C:\Users\mcmco\Desktop\WMMR\src\MovieMakerCore\pch.h(36,9): warning C4005: '_ATL_ALL_WARNINGS': macro redefinition [C:\Users\mcmco\Desktop\WMMR\build\src\MovieMakerCore\MovieMakerCore.vcxproj]
  (compiling source file '../../../src/MovieMakerCore/HMRAVSource/AVSink.cpp')
      C:\Users\mcmco\Desktop\WMMR\src\MovieMakerCore\pch.h(36,9):
      '_ATL_ALL_WARNINGS' previously declared on the command line
  
C:\Users\mcmco\Desktop\WMMR\src\MovieMakerCore\HMRAVSource\AudioCapture.h(107,33): warning C4251: 'HMRAVSource::AudioCapture::m_spMediaSource': 'ATL::CComPtr<IMFMediaSource>' needs to have dll-interface to be used by clients of 'HMRAVSource::AudioCapture' [C:\Users\mcmco\Desktop\WMMR\build\src\MovieMakerCore\MovieMakerCore.vcxproj]
  (compiling source file '../../../src/MovieMakerCore/HMRAVSource/StreamSink.cpp')
      C:\Program Files (x86)\Microsoft Visual Studio\2022\BuildTools\VC\Tools\MSVC\14.44.35207\atlmfc\include\atlcomcli.h(341,7):
      see declaration of 'ATL::CComPtr<IMFMediaSource>'
  
C:\Users\mcmco\Desktop\WMMR\src\MovieMakerCore\HMRAVSource\AudioCapture.h(108,33): warning C4251: 'HMRAVSource::AudioCapture::m_spReader': 'ATL::CComPtr<IMFSourceReader>' needs to have dll-interface to be used by clients of 'HMRAVSource::AudioCapture' [C:\Users\mcmco\Desktop\WMMR\build\src\MovieMakerCore\MovieMakerCore.vcxproj]
  (compiling source file '../../../src/MovieMakerCore/HMRAVSource/StreamSink.cpp')
      C:\Program Files (x86)\Microsoft Visual Studio\2022\BuildTools\VC\Tools\MSVC\14.44.35207\atlmfc\include\atlcomcli.h(341,7):
      see declaration of 'ATL::CComPtr<IMFSourceReader>'
  
C:\Users\mcmco\Desktop\WMMR\src\MovieMakerCore\HMRAVSource\AudioCapture.h(116,34): warning C4251: 'HMRAVSource::AudioCapture::m_sampleCb': 'std::function<void (IMFSample *)>' needs to have dll-interface to be used by clients of 'HMRAVSource::AudioCapture' [C:\Users\mcmco\Desktop\WMMR\build\src\MovieMakerCore\MovieMakerCore.vcxproj]
  (compiling source file '../../../src/MovieMakerCore/HMRAVSource/StreamSink.cpp')
      C:\Program Files (x86)\Microsoft Visual Studio\2022\BuildTools\VC\Tools\MSVC\14.44.35207\include\functional(1089,7):
      see declaration of 'std::function<void (IMFSample *)>'
  
C:\Users\mcmco\Desktop\WMMR\src\MovieMakerCore\HMRAVSource\StreamSink.h(101,33): warning C4251: 'HMRAVSource::StreamSink::m_spSinkWriter': 'ATL::CComPtr<IMFSinkWriter>' needs to have dll-interface to be used by clients of 'HMRAVSource::StreamSink' [C:\Users\mcmco\Desktop\WMMR\build\src\MovieMakerCore\MovieMakerCore.vcxproj]
  (compiling source file '../../../src/MovieMakerCore/HMRAVSource/VideoCapture.cpp')
      C:\Program Files (x86)\Microsoft Visual Studio\2022\BuildTools\VC\Tools\MSVC\14.44.35207\atlmfc\include\atlcomcli.h(341,7):
      see declaration of 'ATL::CComPtr<IMFSinkWriter>'
  
C:\Users\mcmco\Desktop\WMMR\src\MovieMakerCore\HMRAVSource\AVCaptureSession.h(117,25): warning C4251: 'HMRAVSource::AVCaptureSession::m_statsCb': 'std::function<void (const HMRAVSource::AVCaptureSessionStats &)>' needs to have dll-interface to be used by clients of 'HMRAVSource::AVCaptureSession' [C:\Users\mcmco\Desktop\WMMR\build\src\MovieMakerCore\MovieMakerCore.vcxproj]
  (compiling source file '../../../src/MovieMakerCore/HMRAVSource/StreamSink.cpp')
      C:\Program Files (x86)\Microsoft Visual Studio\2022\BuildTools\VC\Tools\MSVC\14.44.35207\include\functional(1089,7):
      see declaration of 'std::function<void (const HMRAVSource::AVCaptureSessionStats &)>'
  
C:\Users\mcmco\Desktop\WMMR\src\MovieMakerCore\HMRAVSource\StreamSink.h(108,33): warning C4251: 'HMRAVSource::StreamSink::m_progressCb': 'std::function<void (const HMRAVSource::StreamSinkStats &)>' needs to have dll-interface to be used by clients of 'HMRAVSource::StreamSink' [C:\Users\mcmco\Desktop\WMMR\build\src\MovieMakerCore\MovieMakerCore.vcxproj]
  (compiling source file '../../../src/MovieMakerCore/HMRAVSource/VideoCapture.cpp')
      C:\Program Files (x86)\Microsoft Visual Studio\2022\BuildTools\VC\Tools\MSVC\14.44.35207\include\functional(1089,7):
      see declaration of 'std::function<void (const HMRAVSource::StreamSinkStats &)>'
  
C:\Users\mcmco\Desktop\WMMR\src\MovieMakerCore\HMRAVSource\AVCaptureSession.h(118,25): warning C4251: 'HMRAVSource::AVCaptureSession::m_errorCb': 'std::function<void (HRESULT)>' needs to have dll-interface to be used by clients of 'HMRAVSource::AVCaptureSession' [C:\Users\mcmco\Desktop\WMMR\build\src\MovieMakerCore\MovieMakerCore.vcxproj]
  (compiling source file '../../../src/MovieMakerCore/HMRAVSource/StreamSink.cpp')
      C:\Program Files (x86)\Microsoft Visual Studio\2022\BuildTools\VC\Tools\MSVC\14.44.35207\include\functional(1089,7):
      see declaration of 'std::function<void (HRESULT)>'
  
C:\Users\mcmco\Desktop\WMMR\src\MovieMakerCore\HMRAVSource\AVCaptureSession.h(119,25): warning C4251: 'HMRAVSource::AVCaptureSession::m_completeCb': 'std::function<void (HRESULT)>' needs to have dll-interface to be used by clients of 'HMRAVSource::AVCaptureSession' [C:\Users\mcmco\Desktop\WMMR\build\src\MovieMakerCore\MovieMakerCore.vcxproj]
  (compiling source file '../../../src/MovieMakerCore/HMRAVSource/StreamSink.cpp')
      C:\Program Files (x86)\Microsoft Visual Studio\2022\BuildTools\VC\Tools\MSVC\14.44.35207\include\functional(1089,7):
      see declaration of 'std::function<void (HRESULT)>'
  
C:\Users\mcmco\Desktop\WMMR\src\WLXPhotoBase\BaseTypes.h(536,18): warning C4251: 'Base::File::m_strPath': 'ATL::CStringT<wchar_t,ATL::StrTraitATL<wchar_t,ATL::ChTraitsCRT<wchar_t>>>' needs to have dll-interface to be used by clients of 'Base::File' [C:\Users\mcmco\Desktop\WMMR\build\src\MovieMakerCore\MovieMakerCore.vcxproj]
  (compiling source file '../../../src/MovieMakerCore/HMRAVSource/AudioCapture.cpp')
      C:\Program Files (x86)\Microsoft Visual Studio\2022\BuildTools\VC\Tools\MSVC\14.44.35207\atlmfc\include\cstringt.h(999,7):
      see declaration of 'ATL::CStringT<wchar_t,ATL::StrTraitATL<wchar_t,ATL::ChTraitsCRT<wchar_t>>>'
  
C:\Users\mcmco\Desktop\WMMR\src\WLXPhotoBase\BaseTypes.h(568,18): warning C4251: 'Base::TempFile::m_strPath': 'ATL::CStringT<wchar_t,ATL::StrTraitATL<wchar_t,ATL::ChTraitsCRT<wchar_t>>>' needs to have dll-interface to be used by clients of 'Base::TempFile' [C:\Users\mcmco\Desktop\WMMR\build\src\MovieMakerCore\MovieMakerCore.vcxproj]
  (compiling source file '../../../src/MovieMakerCore/HMRAVSource/AudioCapture.cpp')
      C:\Program Files (x86)\Microsoft Visual Studio\2022\BuildTools\VC\Tools\MSVC\14.44.35207\atlmfc\include\cstringt.h(999,7):
      see declaration of 'ATL::CStringT<wchar_t,ATL::StrTraitATL<wchar_t,ATL::ChTraitsCRT<wchar_t>>>'
  
C:\Users\mcmco\Desktop\WMMR\src\WLXPhotoBase\BaseTypes.h(661,21): warning C4251: 'Base::FindFile::m_strDirectory': 'ATL::CStringT<wchar_t,ATL::StrTraitATL<wchar_t,ATL::ChTraitsCRT<wchar_t>>>' needs to have dll-interface to be used by clients of 'Base::FindFile' [C:\Users\mcmco\Desktop\WMMR\build\src\MovieMakerCore\MovieMakerCore.vcxproj]
  (compiling source file '../../../src/MovieMakerCore/HMRAVSource/AudioCapture.cpp')
      C:\Program Files (x86)\Microsoft Visual Studio\2022\BuildTools\VC\Tools\MSVC\14.44.35207\atlmfc\include\cstringt.h(999,7):
      see declaration of 'ATL::CStringT<wchar_t,ATL::StrTraitATL<wchar_t,ATL::ChTraitsCRT<wchar_t>>>'
  
C:\Users\mcmco\Desktop\WMMR\src\MovieMakerCore\HMRAVSource\TranscodeManager.h(123,29): warning C4251: 'HMRAVSource::TranscodeManager::m_progressCb': 'std::function<void (const HMRAVSource::TranscodeProgress &)>' needs to have dll-interface to be used by clients of 'HMRAVSource::TranscodeManager' [C:\Users\mcmco\Desktop\WMMR\build\src\MovieMakerCore\MovieMakerCore.vcxproj]
  (compiling source file '../../../src/MovieMakerCore/HMRAVSource/VideoCapture.cpp')
      C:\Program Files (x86)\Microsoft Visual Studio\2022\BuildTools\VC\Tools\MSVC\14.44.35207\include\functional(1089,7):
      see declaration of 'std::function<void (const HMRAVSource::TranscodeProgress &)>'
  
C:\Users\mcmco\Desktop\WMMR\src\WLXPhotoBase\BaseTypes.h(724,25): warning C4251: 'Base::IntSet::m_values': 'ATL::CAtlArray<int,ATL::CElementTraits<int>>' needs to have dll-interface to be used by clients of 'Base::IntSet' [C:\Users\mcmco\Desktop\WMMR\build\src\MovieMakerCore\MovieMakerCore.vcxproj]
  (compiling source file '../../../src/MovieMakerCore/HMRAVSource/AudioCapture.cpp')
      C:\Program Files (x86)\Microsoft Visual Studio\2022\BuildTools\VC\Tools\MSVC\14.44.35207\atlmfc\include\atlcoll.h(530,7):
      see declaration of 'ATL::CAtlArray<int,ATL::CElementTraits<int>>'
  
C:\Users\mcmco\Desktop\WMMR\src\MovieMakerCore\HMRAVSource\AVCaptureSession.h(169,25): warning C4251: 'HMRAVSource::AudioCaptureSession::m_strOutputPath': 'ATL::CStringT<wchar_t,ATL::StrTraitATL<wchar_t,ATL::ChTraitsCRT<wchar_t>>>' needs to have dll-interface to be used by clients of 'HMRAVSource::AudioCaptureSession' [C:\Users\mcmco\Desktop\WMMR\build\src\MovieMakerCore\MovieMakerCore.vcxproj]
  (compiling source file '../../../src/MovieMakerCore/HMRAVSource/StreamSink.cpp')
      C:\Program Files (x86)\Microsoft Visual Studio\2022\BuildTools\VC\Tools\MSVC\14.44.35207\atlmfc\include\cstringt.h(999,7):
      see declaration of 'ATL::CStringT<wchar_t,ATL::StrTraitATL<wchar_t,ATL::ChTraitsCRT<wchar_t>>>'
  
C:\Users\mcmco\Desktop\WMMR\src\MovieMakerCore\HMRAVSource\AVCaptureSession.h(173,25): warning C4251: 'HMRAVSource::AudioCaptureSession::m_completeCb': 'std::function<void (HRESULT,LPCWSTR)>' needs to have dll-interface to be used by clients of 'HMRAVSource::AudioCaptureSession' [C:\Users\mcmco\Desktop\WMMR\build\src\MovieMakerCore\MovieMakerCore.vcxproj]
  (compiling source file '../../../src/MovieMakerCore/HMRAVSource/StreamSink.cpp')
      C:\Program Files (x86)\Microsoft Visual Studio\2022\BuildTools\VC\Tools\MSVC\14.44.35207\include\functional(1089,7):
      see declaration of 'std::function<void (HRESULT,LPCWSTR)>'
  
C:\Users\mcmco\Desktop\WMMR\src\MovieMakerCore\HMRAVSource\TranscodeManager.h(124,29): warning C4251: 'HMRAVSource::TranscodeManager::m_errorCb': 'std::function<void (HRESULT,LPCWSTR)>' needs to have dll-interface to be used by clients of 'HMRAVSource::TranscodeManager' [C:\Users\mcmco\Desktop\WMMR\build\src\MovieMakerCore\MovieMakerCore.vcxproj]
  (compiling source file '../../../src/MovieMakerCore/HMRAVSource/VideoCapture.cpp')
      C:\Program Files (x86)\Microsoft Visual Studio\2022\BuildTools\VC\Tools\MSVC\14.44.35207\include\functional(1089,7):
      see declaration of 'std::function<void (HRESULT,LPCWSTR)>'
  
C:\Users\mcmco\Desktop\WMMR\src\MovieMakerCore\HMRAVSource\TranscodeManager.h(125,29): warning C4251: 'HMRAVSource::TranscodeManager::m_completeCb': 'std::function<void (HRESULT,LPCWSTR)>' needs to have dll-interface to be used by clients of 'HMRAVSource::TranscodeManager' [C:\Users\mcmco\Desktop\WMMR\build\src\MovieMakerCore\MovieMakerCore.vcxproj]
  (compiling source file '../../../src/MovieMakerCore/HMRAVSource/VideoCapture.cpp')
      C:\Program Files (x86)\Microsoft Visual Studio\2022\BuildTools\VC\Tools\MSVC\14.44.35207\include\functional(1089,7):
      see declaration of 'std::function<void (HRESULT,LPCWSTR)>'
  
C:\Users\mcmco\Desktop\WMMR\src\MovieMakerCore\HMRAVSource\TranscodeManager.h(127,29): warning C4251: 'HMRAVSource::TranscodeManager::m_spVideoTransform': 'ATL::CComPtr<IMFTransform>' needs to have dll-interface to be used by clients of 'HMRAVSource::TranscodeManager' [C:\Users\mcmco\Desktop\WMMR\build\src\MovieMakerCore\MovieMakerCore.vcxproj]
  (compiling source file '../../../src/MovieMakerCore/HMRAVSource/VideoCapture.cpp')
      C:\Program Files (x86)\Microsoft Visual Studio\2022\BuildTools\VC\Tools\MSVC\14.44.35207\atlmfc\include\atlcomcli.h(341,7):
      see declaration of 'ATL::CComPtr<IMFTransform>'
  
C:\Users\mcmco\Desktop\WMMR\src\MovieMakerCore\HMRAVSource\CachedWFSection.h(80,35): warning C4251: 'HMRAVSource::CachedWFSection::m_arrEntries': 'ATL::CAtlArray<HMRAVSource::CachedWFEntry,ATL::CElementTraits<E>>' needs to have dll-interface to be used by clients of 'HMRAVSource::CachedWFSection' [C:\Users\mcmco\Desktop\WMMR\build\src\MovieMakerCore\MovieMakerCore.vcxproj]
C:\Users\mcmco\Desktop\WMMR\src\MovieMakerCore\HMRAVSource\CachedWFSection.h(80,35): warning C4251:         with [C:\Users\mcmco\Desktop\WMMR\build\src\MovieMakerCore\MovieMakerCore.vcxproj]
C:\Users\mcmco\Desktop\WMMR\src\MovieMakerCore\HMRAVSource\CachedWFSection.h(80,35): warning C4251:         [ [C:\Users\mcmco\Desktop\WMMR\build\src\MovieMakerCore\MovieMakerCore.vcxproj]
C:\Users\mcmco\Desktop\WMMR\src\MovieMakerCore\HMRAVSource\CachedWFSection.h(80,35): warning C4251:             E=HMRAVSource::CachedWFEntry [C:\Users\mcmco\Desktop\WMMR\build\src\MovieMakerCore\MovieMakerCore.vcxproj]
C:\Users\mcmco\Desktop\WMMR\src\MovieMakerCore\HMRAVSource\CachedWFSection.h(80,35): warning C4251:         ] [C:\Users\mcmco\Desktop\WMMR\build\src\MovieMakerCore\MovieMakerCore.vcxproj]
  (compiling source file '../../../src/MovieMakerCore/HMRAVSource/StreamSink.cpp')
      C:\Program Files (x86)\Microsoft Visual Studio\2022\BuildTools\VC\Tools\MSVC\14.44.35207\atlmfc\include\atlcoll.h(530,7):
      see declaration of 'ATL::CAtlArray<HMRAVSource::CachedWFEntry,ATL::CElementTraits<E>>'
          with
          [
              E=HMRAVSource::CachedWFEntry
          ]
  
C:\Users\mcmco\Desktop\WMMR\src\MovieMakerCore\HMRAVSource\TranscodeManager.h(128,29): warning C4251: 'HMRAVSource::TranscodeManager::m_spAudioTransform': 'ATL::CComPtr<IMFTransform>' needs to have dll-interface to be used by clients of 'HMRAVSource::TranscodeManager' [C:\Users\mcmco\Desktop\WMMR\build\src\MovieMakerCore\MovieMakerCore.vcxproj]
  (compiling source file '../../../src/MovieMakerCore/HMRAVSource/VideoCapture.cpp')
      C:\Program Files (x86)\Microsoft Visual Studio\2022\BuildTools\VC\Tools\MSVC\14.44.35207\atlmfc\include\atlcomcli.h(341,7):
      see declaration of 'ATL::CComPtr<IMFTransform>'
  
C:\Users\mcmco\Desktop\WMMR\src\MovieMakerCore\HMRAVSource\StreamSink.h(101,33): warning C4251: 'HMRAVSource::StreamSink::m_spSinkWriter': 'ATL::CComPtr<IMFSinkWriter>' needs to have dll-interface to be used by clients of 'HMRAVSource::StreamSink' [C:\Users\mcmco\Desktop\WMMR\build\src\MovieMakerCore\MovieMakerCore.vcxproj]
  (compiling source file '../../../src/MovieMakerCore/HMRAVSource/StreamSink.cpp')
      C:\Program Files (x86)\Microsoft Visual Studio\2022\BuildTools\VC\Tools\MSVC\14.44.35207\atlmfc\include\atlcomcli.h(341,7):
      see declaration of 'ATL::CComPtr<IMFSinkWriter>'
  
C:\Users\mcmco\Desktop\WMMR\src\MovieMakerCore\HMRAVSource\StreamSink.h(108,33): warning C4251: 'HMRAVSource::StreamSink::m_progressCb': 'std::function<void (const HMRAVSource::StreamSinkStats &)>' needs to have dll-interface to be used by clients of 'HMRAVSource::StreamSink' [C:\Users\mcmco\Desktop\WMMR\build\src\MovieMakerCore\MovieMakerCore.vcxproj]
  (compiling source file '../../../src/MovieMakerCore/HMRAVSource/StreamSink.cpp')
      C:\Program Files (x86)\Microsoft Visual Studio\2022\BuildTools\VC\Tools\MSVC\14.44.35207\include\functional(1089,7):
      see declaration of 'std::function<void (const HMRAVSource::StreamSinkStats &)>'
  
C:\Users\mcmco\Desktop\WMMR\src\MovieMakerCore\HMRAVSource\AudioCapture.h(107,33): warning C4251: 'HMRAVSource::AudioCapture::m_spMediaSource': 'ATL::CComPtr<IMFMediaSource>' needs to have dll-interface to be used by clients of 'HMRAVSource::AudioCapture' [C:\Users\mcmco\Desktop\WMMR\build\src\MovieMakerCore\MovieMakerCore.vcxproj]
  (compiling source file '../../../src/MovieMakerCore/HMRAVSource/VideoCapture.cpp')
      C:\Program Files (x86)\Microsoft Visual Studio\2022\BuildTools\VC\Tools\MSVC\14.44.35207\atlmfc\include\atlcomcli.h(341,7):
      see declaration of 'ATL::CComPtr<IMFMediaSource>'
  
C:\Users\mcmco\Desktop\WMMR\src\MovieMakerCore\HMRAVSource\AudioCapture.h(108,33): warning C4251: 'HMRAVSource::AudioCapture::m_spReader': 'ATL::CComPtr<IMFSourceReader>' needs to have dll-interface to be used by clients of 'HMRAVSource::AudioCapture' [C:\Users\mcmco\Desktop\WMMR\build\src\MovieMakerCore\MovieMakerCore.vcxproj]
  (compiling source file '../../../src/MovieMakerCore/HMRAVSource/VideoCapture.cpp')
      C:\Program Files (x86)\Microsoft Visual Studio\2022\BuildTools\VC\Tools\MSVC\14.44.35207\atlmfc\include\atlcomcli.h(341,7):
      see declaration of 'ATL::CComPtr<IMFSourceReader>'
  
C:\Users\mcmco\Desktop\WMMR\src\MovieMakerCore\HMRAVSource\AudioCapture.h(116,34): warning C4251: 'HMRAVSource::AudioCapture::m_sampleCb': 'std::function<void (IMFSample *)>' needs to have dll-interface to be used by clients of 'HMRAVSource::AudioCapture' [C:\Users\mcmco\Desktop\WMMR\build\src\MovieMakerCore\MovieMakerCore.vcxproj]
  (compiling source file '../../../src/MovieMakerCore/HMRAVSource/VideoCapture.cpp')
      C:\Program Files (x86)\Microsoft Visual Studio\2022\BuildTools\VC\Tools\MSVC\14.44.35207\include\functional(1089,7):
      see declaration of 'std::function<void (IMFSample *)>'
  
C:\Users\mcmco\Desktop\WMMR\src\MovieMakerCore\HMRAVSource\StreamSink.cpp(273,46): error C2065: 'MFVideoFormat_WMVVC1': undeclared identifier [C:\Users\mcmco\Desktop\WMMR\build\src\MovieMakerCore\MovieMakerCore.vcxproj]
C:\Users\mcmco\Desktop\WMMR\src\MovieMakerCore\HMRAVSource\AVCaptureSession.h(33,30): error C3646: 'videoDevice': unknown override specifier [C:\Users\mcmco\Desktop\WMMR\build\src\MovieMakerCore\MovieMakerCore.vcxproj]
  (compiling source file '../../../src/MovieMakerCore/HMRAVSource/VideoCapture.cpp')
  
C:\Users\mcmco\Desktop\WMMR\src\MovieMakerCore\HMRAVSource\StreamSink.cpp(344,29): error C2065: 'MF_MT_AUDIO_AVG_BYTES_PER_SECTION': undeclared identifier [C:\Users\mcmco\Desktop\WMMR\build\src\MovieMakerCore\MovieMakerCore.vcxproj]
C:\Users\mcmco\Desktop\WMMR\src\MovieMakerCore\pch.h(21,9): warning C4005: 'WINVER': macro redefinition [C:\Users\mcmco\Desktop\WMMR\build\src\MovieMakerCore\MovieMakerCore.vcxproj]
  (compiling source file '../../../src/MovieMakerCore/HMRAVSource/StreamSinkHelper.cpp')
      C:\Users\mcmco\Desktop\WMMR\src\MovieMakerCore\pch.h(21,9):
      'WINVER' previously declared on the command line
  
C:\Users\mcmco\Desktop\WMMR\src\MovieMakerCore\pch.h(22,9): warning C4005: '_WIN32_WINNT': macro redefinition [C:\Users\mcmco\Desktop\WMMR\build\src\MovieMakerCore\MovieMakerCore.vcxproj]
  (compiling source file '../../../src/MovieMakerCore/HMRAVSource/StreamSinkHelper.cpp')
      C:\Users\mcmco\Desktop\WMMR\src\MovieMakerCore\pch.h(22,9):
      '_WIN32_WINNT' previously declared on the command line
  
C:\Users\mcmco\Desktop\WMMR\src\MovieMakerCore\pch.h(21,9): warning C4005: 'WINVER': macro redefinition [C:\Users\mcmco\Desktop\WMMR\build\src\MovieMakerCore\MovieMakerCore.vcxproj]
  (compiling source file '../../../src/MovieMakerCore/HMRAVSource/StreamSinkHost.cpp')
      C:\Users\mcmco\Desktop\WMMR\src\MovieMakerCore\pch.h(21,9):
      'WINVER' previously declared on the command line
  
C:\Users\mcmco\Desktop\WMMR\src\MovieMakerCore\HMRAVSource\StreamSink.cpp(357,28): error C2065: 'MF_MT_BLOCK_ALIGNMENT': undeclared identifier [C:\Users\mcmco\Desktop\WMMR\build\src\MovieMakerCore\MovieMakerCore.vcxproj]
C:\Users\mcmco\Desktop\WMMR\src\MovieMakerCore\pch.h(22,9): warning C4005: '_WIN32_WINNT': macro redefinition [C:\Users\mcmco\Desktop\WMMR\build\src\MovieMakerCore\MovieMakerCore.vcxproj]
  (compiling source file '../../../src/MovieMakerCore/HMRAVSource/StreamSinkHost.cpp')
      C:\Users\mcmco\Desktop\WMMR\src\MovieMakerCore\pch.h(22,9):
      '_WIN32_WINNT' previously declared on the command line
  
C:\Users\mcmco\Desktop\WMMR\src\MovieMakerCore\pch.h(30,9): warning C4005: 'WIN32_LEAN_AND_MEAN': macro redefinition [C:\Users\mcmco\Desktop\WMMR\build\src\MovieMakerCore\MovieMakerCore.vcxproj]
  (compiling source file '../../../src/MovieMakerCore/HMRAVSource/StreamSinkHost.cpp')
      C:\Users\mcmco\Desktop\WMMR\src\MovieMakerCore\pch.h(30,9):
      'WIN32_LEAN_AND_MEAN' previously declared on the command line
  
C:\Users\mcmco\Desktop\WMMR\src\MovieMakerCore\pch.h(31,9): warning C4005: 'NOMINMAX': macro redefinition [C:\Users\mcmco\Desktop\WMMR\build\src\MovieMakerCore\MovieMakerCore.vcxproj]
  (compiling source file '../../../src/MovieMakerCore/HMRAVSource/StreamSinkHost.cpp')
      C:\Users\mcmco\Desktop\WMMR\src\MovieMakerCore\pch.h(31,9):
      'NOMINMAX' previously declared on the command line
  
C:\Users\mcmco\Desktop\WMMR\src\MovieMakerCore\HMRAVSource\AVCaptureSession.h(33,5): error C4430: missing type specifier - int assumed. Note: C++ does not support default-int [C:\Users\mcmco\Desktop\WMMR\build\src\MovieMakerCore\MovieMakerCore.vcxproj]
  (compiling source file '../../../src/MovieMakerCore/HMRAVSource/VideoCapture.cpp')
  
C:\Users\mcmco\Desktop\WMMR\src\MovieMakerCore\HMRAVSource\StreamSink.cpp(381,31): error C2660: 'IMFSample::GetBufferCount': function does not take 0 arguments [C:\Users\mcmco\Desktop\WMMR\build\src\MovieMakerCore\MovieMakerCore.vcxproj]
      C:\Program Files (x86)\Windows Kits\10\Include\10.0.26100.0\um\mfobjects.h(963,43):
      see declaration of 'IMFSample::GetBufferCount'
      C:\Users\mcmco\Desktop\WMMR\src\MovieMakerCore\HMRAVSource\StreamSink.cpp(381,31):
      while trying to match the argument list '()'
  
C:\Users\mcmco\Desktop\WMMR\src\MovieMakerCore\HMRAVSource\AVCaptureSession.h(35,30): error C3646: 'videoConfig': unknown override specifier [C:\Users\mcmco\Desktop\WMMR\build\src\MovieMakerCore\MovieMakerCore.vcxproj]
  (compiling source file '../../../src/MovieMakerCore/HMRAVSource/VideoCapture.cpp')
  
C:\Users\mcmco\Desktop\WMMR\src\MovieMakerCore\pch.h(32,9): warning C4005: '_CRT_SECURE_NO_WARNINGS': macro redefinition [C:\Users\mcmco\Desktop\WMMR\build\src\MovieMakerCore\MovieMakerCore.vcxproj]
  (compiling source file '../../../src/MovieMakerCore/HMRAVSource/StreamSinkHost.cpp')
      C:\Users\mcmco\Desktop\WMMR\src\MovieMakerCore\pch.h(32,9):
      '_CRT_SECURE_NO_WARNINGS' previously declared on the command line
  
C:\Users\mcmco\Desktop\WMMR\src\MovieMakerCore\HMRAVSource\AVCaptureSession.h(35,5): error C4430: missing type specifier - int assumed. Note: C++ does not support default-int [C:\Users\mcmco\Desktop\WMMR\build\src\MovieMakerCore\MovieMakerCore.vcxproj]
  (compiling source file '../../../src/MovieMakerCore/HMRAVSource/VideoCapture.cpp')
  
C:\Users\mcmco\Desktop\WMMR\src\MovieMakerCore\pch.h(33,9): warning C4005: '_WINDLL': macro redefinition [C:\Users\mcmco\Desktop\WMMR\build\src\MovieMakerCore\MovieMakerCore.vcxproj]
  (compiling source file '../../../src/MovieMakerCore/HMRAVSource/StreamSinkHost.cpp')
      C:\Users\mcmco\Desktop\WMMR\src\MovieMakerCore\pch.h(33,9):
      '_WINDLL' previously declared on the command line
  
C:\Users\mcmco\Desktop\WMMR\src\MovieMakerCore\pch.h(34,9): warning C4005: '_AFXDLL': macro redefinition [C:\Users\mcmco\Desktop\WMMR\build\src\MovieMakerCore\MovieMakerCore.vcxproj]
  (compiling source file '../../../src/MovieMakerCore/HMRAVSource/StreamSinkHost.cpp')
      C:\Users\mcmco\Desktop\WMMR\src\MovieMakerCore\pch.h(34,9):
      '_AFXDLL' previously declared on the command line
  
C:\Users\mcmco\Desktop\WMMR\src\MovieMakerCore\pch.h(35,9): warning C4005: '_ATL_CSTRING_EXPLICIT_CONSTRUCTORS': macro redefinition [C:\Users\mcmco\Desktop\WMMR\build\src\MovieMakerCore\MovieMakerCore.vcxproj]
  (compiling source file '../../../src/MovieMakerCore/HMRAVSource/StreamSinkHost.cpp')
      C:\Users\mcmco\Desktop\WMMR\src\MovieMakerCore\pch.h(35,9):
      '_ATL_CSTRING_EXPLICIT_CONSTRUCTORS' previously declared on the command line
  
C:\Users\mcmco\Desktop\WMMR\src\MovieMakerCore\pch.h(36,9): warning C4005: '_ATL_ALL_WARNINGS': macro redefinition [C:\Users\mcmco\Desktop\WMMR\build\src\MovieMakerCore\MovieMakerCore.vcxproj]
  (compiling source file '../../../src/MovieMakerCore/HMRAVSource/StreamSinkHost.cpp')
      C:\Users\mcmco\Desktop\WMMR\src\MovieMakerCore\pch.h(36,9):
      '_ATL_ALL_WARNINGS' previously declared on the command line
  
C:\Users\mcmco\Desktop\WMMR\src\MovieMakerCore\pch.h(30,9): warning C4005: 'WIN32_LEAN_AND_MEAN': macro redefinition [C:\Users\mcmco\Desktop\WMMR\build\src\MovieMakerCore\MovieMakerCore.vcxproj]
  (compiling source file '../../../src/MovieMakerCore/HMRAVSource/StreamSinkHelper.cpp')
      C:\Users\mcmco\Desktop\WMMR\src\MovieMakerCore\pch.h(30,9):
      'WIN32_LEAN_AND_MEAN' previously declared on the command line
  
C:\Users\mcmco\Desktop\WMMR\src\MovieMakerCore\pch.h(31,9): warning C4005: 'NOMINMAX': macro redefinition [C:\Users\mcmco\Desktop\WMMR\build\src\MovieMakerCore\MovieMakerCore.vcxproj]
  (compiling source file '../../../src/MovieMakerCore/HMRAVSource/StreamSinkHelper.cpp')
      C:\Users\mcmco\Desktop\WMMR\src\MovieMakerCore\pch.h(31,9):
      'NOMINMAX' previously declared on the command line
  
C:\Users\mcmco\Desktop\WMMR\src\MovieMakerCore\HMRAVSource\AVCaptureSession.h(117,25): warning C4251: 'HMRAVSource::AVCaptureSession::m_statsCb': 'std::function<void (const HMRAVSource::AVCaptureSessionStats &)>' needs to have dll-interface to be used by clients of 'HMRAVSource::AVCaptureSession' [C:\Users\mcmco\Desktop\WMMR\build\src\MovieMakerCore\MovieMakerCore.vcxproj]
  (compiling source file '../../../src/MovieMakerCore/HMRAVSource/VideoCapture.cpp')
      C:\Program Files (x86)\Microsoft Visual Studio\2022\BuildTools\VC\Tools\MSVC\14.44.35207\include\functional(1089,7):
      see declaration of 'std::function<void (const HMRAVSource::AVCaptureSessionStats &)>'
  
C:\Users\mcmco\Desktop\WMMR\src\MovieMakerCore\pch.h(32,9): warning C4005: '_CRT_SECURE_NO_WARNINGS': macro redefinition [C:\Users\mcmco\Desktop\WMMR\build\src\MovieMakerCore\MovieMakerCore.vcxproj]
  (compiling source file '../../../src/MovieMakerCore/HMRAVSource/StreamSinkHelper.cpp')
      C:\Users\mcmco\Desktop\WMMR\src\MovieMakerCore\pch.h(32,9):
      '_CRT_SECURE_NO_WARNINGS' previously declared on the command line
  
C:\Users\mcmco\Desktop\WMMR\src\MovieMakerCore\pch.h(33,9): warning C4005: '_WINDLL': macro redefinition [C:\Users\mcmco\Desktop\WMMR\build\src\MovieMakerCore\MovieMakerCore.vcxproj]
  (compiling source file '../../../src/MovieMakerCore/HMRAVSource/StreamSinkHelper.cpp')
      C:\Users\mcmco\Desktop\WMMR\src\MovieMakerCore\pch.h(33,9):
      '_WINDLL' previously declared on the command line
  
C:\Users\mcmco\Desktop\WMMR\src\MovieMakerCore\pch.h(34,9): warning C4005: '_AFXDLL': macro redefinition [C:\Users\mcmco\Desktop\WMMR\build\src\MovieMakerCore\MovieMakerCore.vcxproj]
  (compiling source file '../../../src/MovieMakerCore/HMRAVSource/StreamSinkHelper.cpp')
      C:\Users\mcmco\Desktop\WMMR\src\MovieMakerCore\pch.h(34,9):
      '_AFXDLL' previously declared on the command line
  
C:\Users\mcmco\Desktop\WMMR\src\MovieMakerCore\pch.h(35,9): warning C4005: '_ATL_CSTRING_EXPLICIT_CONSTRUCTORS': macro redefinition [C:\Users\mcmco\Desktop\WMMR\build\src\MovieMakerCore\MovieMakerCore.vcxproj]
  (compiling source file '../../../src/MovieMakerCore/HMRAVSource/StreamSinkHelper.cpp')
      C:\Users\mcmco\Desktop\WMMR\src\MovieMakerCore\pch.h(35,9):
      '_ATL_CSTRING_EXPLICIT_CONSTRUCTORS' previously declared on the command line
  
C:\Users\mcmco\Desktop\WMMR\src\MovieMakerCore\pch.h(36,9): warning C4005: '_ATL_ALL_WARNINGS': macro redefinition [C:\Users\mcmco\Desktop\WMMR\build\src\MovieMakerCore\MovieMakerCore.vcxproj]
  (compiling source file '../../../src/MovieMakerCore/HMRAVSource/StreamSinkHelper.cpp')
      C:\Users\mcmco\Desktop\WMMR\src\MovieMakerCore\pch.h(36,9):
      '_ATL_ALL_WARNINGS' previously declared on the command line
  
C:\Users\mcmco\Desktop\WMMR\src\MovieMakerCore\HMRAVSource\AVCaptureSession.h(118,25): warning C4251: 'HMRAVSource::AVCaptureSession::m_errorCb': 'std::function<void (HRESULT)>' needs to have dll-interface to be used by clients of 'HMRAVSource::AVCaptureSession' [C:\Users\mcmco\Desktop\WMMR\build\src\MovieMakerCore\MovieMakerCore.vcxproj]
  (compiling source file '../../../src/MovieMakerCore/HMRAVSource/VideoCapture.cpp')
      C:\Program Files (x86)\Microsoft Visual Studio\2022\BuildTools\VC\Tools\MSVC\14.44.35207\include\functional(1089,7):
      see declaration of 'std::function<void (HRESULT)>'
  
C:\Users\mcmco\Desktop\WMMR\src\MovieMakerCore\HMRAVSource\AVCaptureSession.h(119,25): warning C4251: 'HMRAVSource::AVCaptureSession::m_completeCb': 'std::function<void (HRESULT)>' needs to have dll-interface to be used by clients of 'HMRAVSource::AVCaptureSession' [C:\Users\mcmco\Desktop\WMMR\build\src\MovieMakerCore\MovieMakerCore.vcxproj]
  (compiling source file '../../../src/MovieMakerCore/HMRAVSource/VideoCapture.cpp')
      C:\Program Files (x86)\Microsoft Visual Studio\2022\BuildTools\VC\Tools\MSVC\14.44.35207\include\functional(1089,7):
      see declaration of 'std::function<void (HRESULT)>'
  
C:\Users\mcmco\Desktop\WMMR\src\MovieMakerCore\HMRAVSource\AVCaptureSession.h(169,25): warning C4251: 'HMRAVSource::AudioCaptureSession::m_strOutputPath': 'ATL::CStringT<wchar_t,ATL::StrTraitATL<wchar_t,ATL::ChTraitsCRT<wchar_t>>>' needs to have dll-interface to be used by clients of 'HMRAVSource::AudioCaptureSession' [C:\Users\mcmco\Desktop\WMMR\build\src\MovieMakerCore\MovieMakerCore.vcxproj]
  (compiling source file '../../../src/MovieMakerCore/HMRAVSource/VideoCapture.cpp')
      C:\Program Files (x86)\Microsoft Visual Studio\2022\BuildTools\VC\Tools\MSVC\14.44.35207\atlmfc\include\cstringt.h(999,7):
      see declaration of 'ATL::CStringT<wchar_t,ATL::StrTraitATL<wchar_t,ATL::ChTraitsCRT<wchar_t>>>'
  
C:\Users\mcmco\Desktop\WMMR\src\MovieMakerCore\HMRAVSource\AVCaptureSession.h(173,25): warning C4251: 'HMRAVSource::AudioCaptureSession::m_completeCb': 'std::function<void (HRESULT,LPCWSTR)>' needs to have dll-interface to be used by clients of 'HMRAVSource::AudioCaptureSession' [C:\Users\mcmco\Desktop\WMMR\build\src\MovieMakerCore\MovieMakerCore.vcxproj]
  (compiling source file '../../../src/MovieMakerCore/HMRAVSource/VideoCapture.cpp')
      C:\Program Files (x86)\Microsoft Visual Studio\2022\BuildTools\VC\Tools\MSVC\14.44.35207\include\functional(1089,7):
      see declaration of 'std::function<void (HRESULT,LPCWSTR)>'
  
C:\Users\mcmco\Desktop\WMMR\src\MovieMakerCore\HMRAVSource\CachedWFSection.h(80,35): warning C4251: 'HMRAVSource::CachedWFSection::m_arrEntries': 'ATL::CAtlArray<HMRAVSource::CachedWFEntry,ATL::CElementTraits<E>>' needs to have dll-interface to be used by clients of 'HMRAVSource::CachedWFSection' [C:\Users\mcmco\Desktop\WMMR\build\src\MovieMakerCore\MovieMakerCore.vcxproj]
C:\Users\mcmco\Desktop\WMMR\src\MovieMakerCore\HMRAVSource\CachedWFSection.h(80,35): warning C4251:         with [C:\Users\mcmco\Desktop\WMMR\build\src\MovieMakerCore\MovieMakerCore.vcxproj]
C:\Users\mcmco\Desktop\WMMR\src\MovieMakerCore\HMRAVSource\CachedWFSection.h(80,35): warning C4251:         [ [C:\Users\mcmco\Desktop\WMMR\build\src\MovieMakerCore\MovieMakerCore.vcxproj]
C:\Users\mcmco\Desktop\WMMR\src\MovieMakerCore\HMRAVSource\CachedWFSection.h(80,35): warning C4251:             E=HMRAVSource::CachedWFEntry [C:\Users\mcmco\Desktop\WMMR\build\src\MovieMakerCore\MovieMakerCore.vcxproj]
C:\Users\mcmco\Desktop\WMMR\src\MovieMakerCore\HMRAVSource\CachedWFSection.h(80,35): warning C4251:         ] [C:\Users\mcmco\Desktop\WMMR\build\src\MovieMakerCore\MovieMakerCore.vcxproj]
  (compiling source file '../../../src/MovieMakerCore/HMRAVSource/VideoCapture.cpp')
      C:\Program Files (x86)\Microsoft Visual Studio\2022\BuildTools\VC\Tools\MSVC\14.44.35207\atlmfc\include\atlcoll.h(530,7):
      see declaration of 'ATL::CAtlArray<HMRAVSource::CachedWFEntry,ATL::CElementTraits<E>>'
          with
          [
              E=HMRAVSource::CachedWFEntry
          ]
  
C:\Users\mcmco\Desktop\WMMR\src\MovieMakerCore\HMRAVSource\VideoCapture.h(105,37): warning C4251: 'HMRAVSource::VideoCapture::m_spMediaSource': 'ATL::CComPtr<IMFMediaSource>' needs to have dll-interface to be used by clients of 'HMRAVSource::VideoCapture' [C:\Users\mcmco\Desktop\WMMR\build\src\MovieMakerCore\MovieMakerCore.vcxproj]
  (compiling source file '../../../src/MovieMakerCore/HMRAVSource/VideoCapture.cpp')
      C:\Program Files (x86)\Microsoft Visual Studio\2022\BuildTools\VC\Tools\MSVC\14.44.35207\atlmfc\include\atlcomcli.h(341,7):
      see declaration of 'ATL::CComPtr<IMFMediaSource>'
  
C:\Users\mcmco\Desktop\WMMR\src\MovieMakerCore\HMRAVSource\VideoCapture.h(106,37): warning C4251: 'HMRAVSource::VideoCapture::m_spCaptureEngine': 'ATL::CComPtr<IMFCaptureEngine>' needs to have dll-interface to be used by clients of 'HMRAVSource::VideoCapture' [C:\Users\mcmco\Desktop\WMMR\build\src\MovieMakerCore\MovieMakerCore.vcxproj]
  (compiling source file '../../../src/MovieMakerCore/HMRAVSource/VideoCapture.cpp')
      C:\Program Files (x86)\Microsoft Visual Studio\2022\BuildTools\VC\Tools\MSVC\14.44.35207\atlmfc\include\atlcomcli.h(341,7):
      see declaration of 'ATL::CComPtr<IMFCaptureEngine>'
  
C:\Users\mcmco\Desktop\WMMR\src\MovieMakerCore\HMRAVSource\VideoCapture.h(107,37): warning C4251: 'HMRAVSource::VideoCapture::m_spPreviewSink': 'ATL::CComPtr<IMFCapturePreviewSink>' needs to have dll-interface to be used by clients of 'HMRAVSource::VideoCapture' [C:\Users\mcmco\Desktop\WMMR\build\src\MovieMakerCore\MovieMakerCore.vcxproj]
  (compiling source file '../../../src/MovieMakerCore/HMRAVSource/VideoCapture.cpp')
      C:\Program Files (x86)\Microsoft Visual Studio\2022\BuildTools\VC\Tools\MSVC\14.44.35207\atlmfc\include\atlcomcli.h(341,7):
      see declaration of 'ATL::CComPtr<IMFCapturePreviewSink>'
  
C:\Users\mcmco\Desktop\WMMR\src\MovieMakerCore\HMRAVSource\VideoCapture.h(108,37): warning C4251: 'HMRAVSource::VideoCapture::m_spRecordSink': 'ATL::CComPtr<IMFCaptureRecordSink>' needs to have dll-interface to be used by clients of 'HMRAVSource::VideoCapture' [C:\Users\mcmco\Desktop\WMMR\build\src\MovieMakerCore\MovieMakerCore.vcxproj]
  (compiling source file '../../../src/MovieMakerCore/HMRAVSource/VideoCapture.cpp')
      C:\Program Files (x86)\Microsoft Visual Studio\2022\BuildTools\VC\Tools\MSVC\14.44.35207\atlmfc\include\atlcomcli.h(341,7):
      see declaration of 'ATL::CComPtr<IMFCaptureRecordSink>'
  
C:\Users\mcmco\Desktop\WMMR\src\MovieMakerCore\HMRAVSource\VideoCapture.h(117,38): warning C4251: 'HMRAVSource::VideoCapture::m_frameCb': 'std::function<void (IMFSample *)>' needs to have dll-interface to be used by clients of 'HMRAVSource::VideoCapture' [C:\Users\mcmco\Desktop\WMMR\build\src\MovieMakerCore\MovieMakerCore.vcxproj]
  (compiling source file '../../../src/MovieMakerCore/HMRAVSource/VideoCapture.cpp')
      C:\Program Files (x86)\Microsoft Visual Studio\2022\BuildTools\VC\Tools\MSVC\14.44.35207\include\functional(1089,7):
      see declaration of 'std::function<void (IMFSample *)>'
  
C:\Users\mcmco\Desktop\WMMR\src\WLXPhotoBase\BaseTypes.h(536,18): warning C4251: 'Base::File::m_strPath': 'ATL::CStringT<wchar_t,ATL::StrTraitATL<wchar_t,ATL::ChTraitsCRT<wchar_t>>>' needs to have dll-interface to be used by clients of 'Base::File' [C:\Users\mcmco\Desktop\WMMR\build\src\MovieMakerCore\MovieMakerCore.vcxproj]
  (compiling source file '../../../src/MovieMakerCore/HMRAVSource/CachedWFSection.cpp')
      C:\Program Files (x86)\Microsoft Visual Studio\2022\BuildTools\VC\Tools\MSVC\14.44.35207\atlmfc\include\cstringt.h(999,7):
      see declaration of 'ATL::CStringT<wchar_t,ATL::StrTraitATL<wchar_t,ATL::ChTraitsCRT<wchar_t>>>'
  
C:\Users\mcmco\Desktop\WMMR\src\MovieMakerCore\HMRAVSource\StreamSink.h(101,33): warning C4251: 'HMRAVSource::StreamSink::m_spSinkWriter': 'ATL::CComPtr<IMFSinkWriter>' needs to have dll-interface to be used by clients of 'HMRAVSource::StreamSink' [C:\Users\mcmco\Desktop\WMMR\build\src\MovieMakerCore\MovieMakerCore.vcxproj]
  (compiling source file '../../../src/MovieMakerCore/HMRAVSource/AudioCapture.cpp')
      C:\Program Files (x86)\Microsoft Visual Studio\2022\BuildTools\VC\Tools\MSVC\14.44.35207\atlmfc\include\atlcomcli.h(341,7):
      see declaration of 'ATL::CComPtr<IMFSinkWriter>'
  
C:\Users\mcmco\Desktop\WMMR\src\WLXPhotoBase\BaseTypes.h(568,18): warning C4251: 'Base::TempFile::m_strPath': 'ATL::CStringT<wchar_t,ATL::StrTraitATL<wchar_t,ATL::ChTraitsCRT<wchar_t>>>' needs to have dll-interface to be used by clients of 'Base::TempFile' [C:\Users\mcmco\Desktop\WMMR\build\src\MovieMakerCore\MovieMakerCore.vcxproj]
  (compiling source file '../../../src/MovieMakerCore/HMRAVSource/CachedWFSection.cpp')
      C:\Program Files (x86)\Microsoft Visual Studio\2022\BuildTools\VC\Tools\MSVC\14.44.35207\atlmfc\include\cstringt.h(999,7):
      see declaration of 'ATL::CStringT<wchar_t,ATL::StrTraitATL<wchar_t,ATL::ChTraitsCRT<wchar_t>>>'
  
  SAXProfileBuilder.cpp
C:\Users\mcmco\Desktop\WMMR\src\WLXPhotoBase\BaseTypes.h(661,21): warning C4251: 'Base::FindFile::m_strDirectory': 'ATL::CStringT<wchar_t,ATL::StrTraitATL<wchar_t,ATL::ChTraitsCRT<wchar_t>>>' needs to have dll-interface to be used by clients of 'Base::FindFile' [C:\Users\mcmco\Desktop\WMMR\build\src\MovieMakerCore\MovieMakerCore.vcxproj]
  (compiling source file '../../../src/MovieMakerCore/HMRAVSource/CachedWFSection.cpp')
      C:\Program Files (x86)\Microsoft Visual Studio\2022\BuildTools\VC\Tools\MSVC\14.44.35207\atlmfc\include\cstringt.h(999,7):
      see declaration of 'ATL::CStringT<wchar_t,ATL::StrTraitATL<wchar_t,ATL::ChTraitsCRT<wchar_t>>>'
  
C:\Users\mcmco\Desktop\WMMR\src\MovieMakerCore\HMRAVSource\VideoCapture.cpp(55,10): error C2664: 'HRESULT MFEnumDeviceSources(IMFAttributes *,IMFActivate ***,UINT32 *)': cannot convert argument 2 from 'E *' to 'IMFActivate ***' [C:\Users\mcmco\Desktop\WMMR\build\src\MovieMakerCore\MovieMakerCore.vcxproj]
C:\Users\mcmco\Desktop\WMMR\src\MovieMakerCore\HMRAVSource\VideoCapture.cpp(55,10): error C2664:         with [C:\Users\mcmco\Desktop\WMMR\build\src\MovieMakerCore\MovieMakerCore.vcxproj]
C:\Users\mcmco\Desktop\WMMR\src\MovieMakerCore\HMRAVSource\VideoCapture.cpp(55,10): error C2664:         [ [C:\Users\mcmco\Desktop\WMMR\build\src\MovieMakerCore\MovieMakerCore.vcxproj]
C:\Users\mcmco\Desktop\WMMR\src\MovieMakerCore\HMRAVSource\VideoCapture.cpp(55,10): error C2664:             E=IMFActivate * [C:\Users\mcmco\Desktop\WMMR\build\src\MovieMakerCore\MovieMakerCore.vcxproj]
C:\Users\mcmco\Desktop\WMMR\src\MovieMakerCore\HMRAVSource\VideoCapture.cpp(55,10): error C2664:         ] [C:\Users\mcmco\Desktop\WMMR\build\src\MovieMakerCore\MovieMakerCore.vcxproj]
      C:\Users\mcmco\Desktop\WMMR\src\MovieMakerCore\HMRAVSource\VideoCapture.cpp(55,64):
      Types pointed to are unrelated; conversion requires reinterpret_cast, C-style cast or parenthesized function-style cast
      C:\Program Files (x86)\Windows Kits\10\Include\10.0.26100.0\um\mfidl.h(17929,8):
      see declaration of 'MFEnumDeviceSources'
      C:\Users\mcmco\Desktop\WMMR\src\MovieMakerCore\HMRAVSource\VideoCapture.cpp(55,10):
      while trying to match the argument list '(ATL::CComPtr<IMFAttributes>, E *, UINT32 *)'
          with
          [
              E=IMFActivate *
          ]
  
C:\Users\mcmco\Desktop\WMMR\src\WLXPhotoBase\BaseTypes.h(724,25): warning C4251: 'Base::IntSet::m_values': 'ATL::CAtlArray<int,ATL::CElementTraits<int>>' needs to have dll-interface to be used by clients of 'Base::IntSet' [C:\Users\mcmco\Desktop\WMMR\build\src\MovieMakerCore\MovieMakerCore.vcxproj]
  (compiling source file '../../../src/MovieMakerCore/HMRAVSource/CachedWFSection.cpp')
      C:\Program Files (x86)\Microsoft Visual Studio\2022\BuildTools\VC\Tools\MSVC\14.44.35207\atlmfc\include\atlcoll.h(530,7):
      see declaration of 'ATL::CAtlArray<int,ATL::CElementTraits<int>>'
  
C:\Users\mcmco\Desktop\WMMR\src\MovieMakerCore\HMRAVSource\StreamSink.h(108,33): warning C4251: 'HMRAVSource::StreamSink::m_progressCb': 'std::function<void (const HMRAVSource::StreamSinkStats &)>' needs to have dll-interface to be used by clients of 'HMRAVSource::StreamSink' [C:\Users\mcmco\Desktop\WMMR\build\src\MovieMakerCore\MovieMakerCore.vcxproj]
  (compiling source file '../../../src/MovieMakerCore/HMRAVSource/AudioCapture.cpp')
      C:\Program Files (x86)\Microsoft Visual Studio\2022\BuildTools\VC\Tools\MSVC\14.44.35207\include\functional(1089,7):
      see declaration of 'std::function<void (const HMRAVSource::StreamSinkStats &)>'
  
C:\Users\mcmco\Desktop\WMMR\src\MovieMakerCore\HMRAVSource\VideoCapture.cpp(137,28): error C2039: 'StopCapture': is not a member of 'ATL::_NoAddRefReleaseOnCComPtr<T>' [C:\Users\mcmco\Desktop\WMMR\build\src\MovieMakerCore\MovieMakerCore.vcxproj]
C:\Users\mcmco\Desktop\WMMR\src\MovieMakerCore\HMRAVSource\VideoCapture.cpp(137,28): error C2039:         with [C:\Users\mcmco\Desktop\WMMR\build\src\MovieMakerCore\MovieMakerCore.vcxproj]
C:\Users\mcmco\Desktop\WMMR\src\MovieMakerCore\HMRAVSource\VideoCapture.cpp(137,28): error C2039:         [ [C:\Users\mcmco\Desktop\WMMR\build\src\MovieMakerCore\MovieMakerCore.vcxproj]
C:\Users\mcmco\Desktop\WMMR\src\MovieMakerCore\HMRAVSource\VideoCapture.cpp(137,28): error C2039:             T=IMFCaptureEngine [C:\Users\mcmco\Desktop\WMMR\build\src\MovieMakerCore\MovieMakerCore.vcxproj]
C:\Users\mcmco\Desktop\WMMR\src\MovieMakerCore\HMRAVSource\VideoCapture.cpp(137,28): error C2039:         ] [C:\Users\mcmco\Desktop\WMMR\build\src\MovieMakerCore\MovieMakerCore.vcxproj]
      C:\Program Files (x86)\Microsoft Visual Studio\2022\BuildTools\VC\Tools\MSVC\14.44.35207\atlmfc\include\atlcomcli.h(134,29):
      see declaration of 'ATL::_NoAddRefReleaseOnCComPtr<T>'
          with
          [
              T=IMFCaptureEngine
          ]
  
C:\Users\mcmco\Desktop\WMMR\src\MovieMakerCore\HMRAVSource\VideoCapture.cpp(289,9): error C2065: 'CLSID_CaptureEngineManager': undeclared identifier [C:\Users\mcmco\Desktop\WMMR\build\src\MovieMakerCore\MovieMakerCore.vcxproj]
C:\Users\mcmco\Desktop\WMMR\src\MovieMakerCore\HMRAVSource\TranscodeManager.h(123,29): warning C4251: 'HMRAVSource::TranscodeManager::m_progressCb': 'std::function<void (const HMRAVSource::TranscodeProgress &)>' needs to have dll-interface to be used by clients of 'HMRAVSource::TranscodeManager' [C:\Users\mcmco\Desktop\WMMR\build\src\MovieMakerCore\MovieMakerCore.vcxproj]
  (compiling source file '../../../src/MovieMakerCore/HMRAVSource/AudioCapture.cpp')
      C:\Program Files (x86)\Microsoft Visual Studio\2022\BuildTools\VC\Tools\MSVC\14.44.35207\include\functional(1089,7):
      see declaration of 'std::function<void (const HMRAVSource::TranscodeProgress &)>'
  
C:\Users\mcmco\Desktop\WMMR\src\MovieMakerCore\HMRAVSource\TranscodeManager.h(124,29): warning C4251: 'HMRAVSource::TranscodeManager::m_errorCb': 'std::function<void (HRESULT,LPCWSTR)>' needs to have dll-interface to be used by clients of 'HMRAVSource::TranscodeManager' [C:\Users\mcmco\Desktop\WMMR\build\src\MovieMakerCore\MovieMakerCore.vcxproj]
  (compiling source file '../../../src/MovieMakerCore/HMRAVSource/AudioCapture.cpp')
      C:\Program Files (x86)\Microsoft Visual Studio\2022\BuildTools\VC\Tools\MSVC\14.44.35207\include\functional(1089,7):
      see declaration of 'std::function<void (HRESULT,LPCWSTR)>'
  
C:\Users\mcmco\Desktop\WMMR\src\MovieMakerCore\HMRAVSource\TranscodeManager.h(125,29): warning C4251: 'HMRAVSource::TranscodeManager::m_completeCb': 'std::function<void (HRESULT,LPCWSTR)>' needs to have dll-interface to be used by clients of 'HMRAVSource::TranscodeManager' [C:\Users\mcmco\Desktop\WMMR\build\src\MovieMakerCore\MovieMakerCore.vcxproj]
  (compiling source file '../../../src/MovieMakerCore/HMRAVSource/AudioCapture.cpp')
      C:\Program Files (x86)\Microsoft Visual Studio\2022\BuildTools\VC\Tools\MSVC\14.44.35207\include\functional(1089,7):
      see declaration of 'std::function<void (HRESULT,LPCWSTR)>'
  
C:\Users\mcmco\Desktop\WMMR\src\MovieMakerCore\HMRAVSource\TranscodeManager.h(127,29): warning C4251: 'HMRAVSource::TranscodeManager::m_spVideoTransform': 'ATL::CComPtr<IMFTransform>' needs to have dll-interface to be used by clients of 'HMRAVSource::TranscodeManager' [C:\Users\mcmco\Desktop\WMMR\build\src\MovieMakerCore\MovieMakerCore.vcxproj]
  (compiling source file '../../../src/MovieMakerCore/HMRAVSource/AudioCapture.cpp')
      C:\Program Files (x86)\Microsoft Visual Studio\2022\BuildTools\VC\Tools\MSVC\14.44.35207\atlmfc\include\atlcomcli.h(341,7):
      see declaration of 'ATL::CComPtr<IMFTransform>'
  
C:\Users\mcmco\Desktop\WMMR\src\MovieMakerCore\HMRAVSource\TranscodeManager.h(128,29): warning C4251: 'HMRAVSource::TranscodeManager::m_spAudioTransform': 'ATL::CComPtr<IMFTransform>' needs to have dll-interface to be used by clients of 'HMRAVSource::TranscodeManager' [C:\Users\mcmco\Desktop\WMMR\build\src\MovieMakerCore\MovieMakerCore.vcxproj]
  (compiling source file '../../../src/MovieMakerCore/HMRAVSource/AudioCapture.cpp')
      C:\Program Files (x86)\Microsoft Visual Studio\2022\BuildTools\VC\Tools\MSVC\14.44.35207\atlmfc\include\atlcomcli.h(341,7):
      see declaration of 'ATL::CComPtr<IMFTransform>'
  
C:\Users\mcmco\Desktop\WMMR\src\MovieMakerCore\HMRAVSource\VideoCapture.h(105,37): warning C4251: 'HMRAVSource::VideoCapture::m_spMediaSource': 'ATL::CComPtr<IMFMediaSource>' needs to have dll-interface to be used by clients of 'HMRAVSource::VideoCapture' [C:\Users\mcmco\Desktop\WMMR\build\src\MovieMakerCore\MovieMakerCore.vcxproj]
  (compiling source file '../../../src/MovieMakerCore/HMRAVSource/AudioCapture.cpp')
      C:\Program Files (x86)\Microsoft Visual Studio\2022\BuildTools\VC\Tools\MSVC\14.44.35207\atlmfc\include\atlcomcli.h(341,7):
      see declaration of 'ATL::CComPtr<IMFMediaSource>'
  
C:\Users\mcmco\Desktop\WMMR\src\MovieMakerCore\HMRAVSource\VideoCapture.h(106,37): warning C4251: 'HMRAVSource::VideoCapture::m_spCaptureEngine': 'ATL::CComPtr<IMFCaptureEngine>' needs to have dll-interface to be used by clients of 'HMRAVSource::VideoCapture' [C:\Users\mcmco\Desktop\WMMR\build\src\MovieMakerCore\MovieMakerCore.vcxproj]
  (compiling source file '../../../src/MovieMakerCore/HMRAVSource/AudioCapture.cpp')
      C:\Program Files (x86)\Microsoft Visual Studio\2022\BuildTools\VC\Tools\MSVC\14.44.35207\atlmfc\include\atlcomcli.h(341,7):
      see declaration of 'ATL::CComPtr<IMFCaptureEngine>'
  
C:\Users\mcmco\Desktop\WMMR\src\MovieMakerCore\HMRAVSource\VideoCapture.h(107,37): warning C4251: 'HMRAVSource::VideoCapture::m_spPreviewSink': 'ATL::CComPtr<IMFCapturePreviewSink>' needs to have dll-interface to be used by clients of 'HMRAVSource::VideoCapture' [C:\Users\mcmco\Desktop\WMMR\build\src\MovieMakerCore\MovieMakerCore.vcxproj]
  (compiling source file '../../../src/MovieMakerCore/HMRAVSource/AudioCapture.cpp')
      C:\Program Files (x86)\Microsoft Visual Studio\2022\BuildTools\VC\Tools\MSVC\14.44.35207\atlmfc\include\atlcomcli.h(341,7):
      see declaration of 'ATL::CComPtr<IMFCapturePreviewSink>'
  
C:\Users\mcmco\Desktop\WMMR\src\MovieMakerCore\HMRAVSource\VideoCapture.h(108,37): warning C4251: 'HMRAVSource::VideoCapture::m_spRecordSink': 'ATL::CComPtr<IMFCaptureRecordSink>' needs to have dll-interface to be used by clients of 'HMRAVSource::VideoCapture' [C:\Users\mcmco\Desktop\WMMR\build\src\MovieMakerCore\MovieMakerCore.vcxproj]
  (compiling source file '../../../src/MovieMakerCore/HMRAVSource/AudioCapture.cpp')
      C:\Program Files (x86)\Microsoft Visual Studio\2022\BuildTools\VC\Tools\MSVC\14.44.35207\atlmfc\include\atlcomcli.h(341,7):
      see declaration of 'ATL::CComPtr<IMFCaptureRecordSink>'
  
  NativeMFSourceReaderBuilder.cpp
C:\Users\mcmco\Desktop\WMMR\src\MovieMakerCore\HMRAVSource\VideoCapture.h(117,38): warning C4251: 'HMRAVSource::VideoCapture::m_frameCb': 'std::function<void (IMFSample *)>' needs to have dll-interface to be used by clients of 'HMRAVSource::VideoCapture' [C:\Users\mcmco\Desktop\WMMR\build\src\MovieMakerCore\MovieMakerCore.vcxproj]
  (compiling source file '../../../src/MovieMakerCore/HMRAVSource/AudioCapture.cpp')
      C:\Program Files (x86)\Microsoft Visual Studio\2022\BuildTools\VC\Tools\MSVC\14.44.35207\include\functional(1089,7):
      see declaration of 'std::function<void (IMFSample *)>'
  
C:\Users\mcmco\Desktop\WMMR\src\MovieMakerCore\HMRAVSource\AVCaptureSession.h(34,30): error C3646: 'audioDevice': unknown override specifier [C:\Users\mcmco\Desktop\WMMR\build\src\MovieMakerCore\MovieMakerCore.vcxproj]
  (compiling source file '../../../src/MovieMakerCore/HMRAVSource/AudioCapture.cpp')
  
C:\Users\mcmco\Desktop\WMMR\src\MovieMakerCore\HMRAVSource\AVCaptureSession.h(34,5): error C4430: missing type specifier - int assumed. Note: C++ does not support default-int [C:\Users\mcmco\Desktop\WMMR\build\src\MovieMakerCore\MovieMakerCore.vcxproj]
  (compiling source file '../../../src/MovieMakerCore/HMRAVSource/AudioCapture.cpp')
  
C:\Users\mcmco\Desktop\WMMR\src\MovieMakerCore\HMRAVSource\AVCaptureSession.h(36,30): error C3646: 'audioConfig': unknown override specifier [C:\Users\mcmco\Desktop\WMMR\build\src\MovieMakerCore\MovieMakerCore.vcxproj]
  (compiling source file '../../../src/MovieMakerCore/HMRAVSource/AudioCapture.cpp')
  
C:\Users\mcmco\Desktop\WMMR\src\MovieMakerCore\HMRAVSource\AVCaptureSession.h(36,5): error C4430: missing type specifier - int assumed. Note: C++ does not support default-int [C:\Users\mcmco\Desktop\WMMR\build\src\MovieMakerCore\MovieMakerCore.vcxproj]
  (compiling source file '../../../src/MovieMakerCore/HMRAVSource/AudioCapture.cpp')
  
C:\Users\mcmco\Desktop\WMMR\src\MovieMakerCore\HMRAVSource\AVCaptureSession.h(117,25): warning C4251: 'HMRAVSource::AVCaptureSession::m_statsCb': 'std::function<void (const HMRAVSource::AVCaptureSessionStats &)>' needs to have dll-interface to be used by clients of 'HMRAVSource::AVCaptureSession' [C:\Users\mcmco\Desktop\WMMR\build\src\MovieMakerCore\MovieMakerCore.vcxproj]
  (compiling source file '../../../src/MovieMakerCore/HMRAVSource/AudioCapture.cpp')
      C:\Program Files (x86)\Microsoft Visual Studio\2022\BuildTools\VC\Tools\MSVC\14.44.35207\include\functional(1089,7):
      see declaration of 'std::function<void (const HMRAVSource::AVCaptureSessionStats &)>'
  
C:\Users\mcmco\Desktop\WMMR\src\MovieMakerCore\HMRAVSource\AVCaptureSession.h(118,25): warning C4251: 'HMRAVSource::AVCaptureSession::m_errorCb': 'std::function<void (HRESULT)>' needs to have dll-interface to be used by clients of 'HMRAVSource::AVCaptureSession' [C:\Users\mcmco\Desktop\WMMR\build\src\MovieMakerCore\MovieMakerCore.vcxproj]
  (compiling source file '../../../src/MovieMakerCore/HMRAVSource/AudioCapture.cpp')
      C:\Program Files (x86)\Microsoft Visual Studio\2022\BuildTools\VC\Tools\MSVC\14.44.35207\include\functional(1089,7):
      see declaration of 'std::function<void (HRESULT)>'
  
C:\Users\mcmco\Desktop\WMMR\src\MovieMakerCore\pch.h(21,9): warning C4005: 'WINVER': macro redefinition [C:\Users\mcmco\Desktop\WMMR\build\src\MovieMakerCore\MovieMakerCore.vcxproj]
  (compiling source file '../../../src/MovieMakerCore/HMRAVSource/SAXProfileBuilder.cpp')
      C:\Users\mcmco\Desktop\WMMR\src\MovieMakerCore\pch.h(21,9):
      'WINVER' previously declared on the command line
  
C:\Users\mcmco\Desktop\WMMR\src\MovieMakerCore\HMRAVSource\AVCaptureSession.h(119,25): warning C4251: 'HMRAVSource::AVCaptureSession::m_completeCb': 'std::function<void (HRESULT)>' needs to have dll-interface to be used by clients of 'HMRAVSource::AVCaptureSession' [C:\Users\mcmco\Desktop\WMMR\build\src\MovieMakerCore\MovieMakerCore.vcxproj]
  (compiling source file '../../../src/MovieMakerCore/HMRAVSource/AudioCapture.cpp')
      C:\Program Files (x86)\Microsoft Visual Studio\2022\BuildTools\VC\Tools\MSVC\14.44.35207\include\functional(1089,7):
      see declaration of 'std::function<void (HRESULT)>'
  
C:\Users\mcmco\Desktop\WMMR\src\MovieMakerCore\pch.h(22,9): warning C4005: '_WIN32_WINNT': macro redefinition [C:\Users\mcmco\Desktop\WMMR\build\src\MovieMakerCore\MovieMakerCore.vcxproj]
  (compiling source file '../../../src/MovieMakerCore/HMRAVSource/SAXProfileBuilder.cpp')
      C:\Users\mcmco\Desktop\WMMR\src\MovieMakerCore\pch.h(22,9):
      '_WIN32_WINNT' previously declared on the command line
  
C:\Users\mcmco\Desktop\WMMR\src\MovieMakerCore\pch.h(30,9): warning C4005: 'WIN32_LEAN_AND_MEAN': macro redefinition [C:\Users\mcmco\Desktop\WMMR\build\src\MovieMakerCore\MovieMakerCore.vcxproj]
  (compiling source file '../../../src/MovieMakerCore/HMRAVSource/SAXProfileBuilder.cpp')
      C:\Users\mcmco\Desktop\WMMR\src\MovieMakerCore\pch.h(30,9):
      'WIN32_LEAN_AND_MEAN' previously declared on the command line
  
C:\Users\mcmco\Desktop\WMMR\src\MovieMakerCore\pch.h(31,9): warning C4005: 'NOMINMAX': macro redefinition [C:\Users\mcmco\Desktop\WMMR\build\src\MovieMakerCore\MovieMakerCore.vcxproj]
  (compiling source file '../../../src/MovieMakerCore/HMRAVSource/SAXProfileBuilder.cpp')
      C:\Users\mcmco\Desktop\WMMR\src\MovieMakerCore\pch.h(31,9):
      'NOMINMAX' previously declared on the command line
  
C:\Users\mcmco\Desktop\WMMR\src\MovieMakerCore\HMRAVSource\AVCaptureSession.h(141,24): error C4430: missing type specifier - int assumed. Note: C++ does not support default-int [C:\Users\mcmco\Desktop\WMMR\build\src\MovieMakerCore\MovieMakerCore.vcxproj]
  (compiling source file '../../../src/MovieMakerCore/HMRAVSource/AudioCapture.cpp')
  
C:\Users\mcmco\Desktop\WMMR\src\MovieMakerCore\pch.h(32,9): warning C4005: '_CRT_SECURE_NO_WARNINGS': macro redefinition [C:\Users\mcmco\Desktop\WMMR\build\src\MovieMakerCore\MovieMakerCore.vcxproj]
  (compiling source file '../../../src/MovieMakerCore/HMRAVSource/SAXProfileBuilder.cpp')
      C:\Users\mcmco\Desktop\WMMR\src\MovieMakerCore\pch.h(32,9):
      '_CRT_SECURE_NO_WARNINGS' previously declared on the command line
  
C:\Users\mcmco\Desktop\WMMR\src\MovieMakerCore\HMRAVSource\AVCaptureSession.h(141,52): error C2143: syntax error: missing ',' before '&' [C:\Users\mcmco\Desktop\WMMR\build\src\MovieMakerCore\MovieMakerCore.vcxproj]
  (compiling source file '../../../src/MovieMakerCore/HMRAVSource/AudioCapture.cpp')
  
C:\Users\mcmco\Desktop\WMMR\src\MovieMakerCore\pch.h(33,9): warning C4005: '_WINDLL': macro redefinition [C:\Users\mcmco\Desktop\WMMR\build\src\MovieMakerCore\MovieMakerCore.vcxproj]
  (compiling source file '../../../src/MovieMakerCore/HMRAVSource/SAXProfileBuilder.cpp')
      C:\Users\mcmco\Desktop\WMMR\src\MovieMakerCore\pch.h(33,9):
      '_WINDLL' previously declared on the command line
  
C:\Users\mcmco\Desktop\WMMR\src\MovieMakerCore\HMRAVSource\AVCaptureSession.h(168,25): error C3646: 'm_config': unknown override specifier [C:\Users\mcmco\Desktop\WMMR\build\src\MovieMakerCore\MovieMakerCore.vcxproj]
  (compiling source file '../../../src/MovieMakerCore/HMRAVSource/AudioCapture.cpp')
  
C:\Users\mcmco\Desktop\WMMR\src\MovieMakerCore\pch.h(34,9): warning C4005: '_AFXDLL': macro redefinition [C:\Users\mcmco\Desktop\WMMR\build\src\MovieMakerCore\MovieMakerCore.vcxproj]
  (compiling source file '../../../src/MovieMakerCore/HMRAVSource/SAXProfileBuilder.cpp')
      C:\Users\mcmco\Desktop\WMMR\src\MovieMakerCore\pch.h(34,9):
      '_AFXDLL' previously declared on the command line
  
C:\Users\mcmco\Desktop\WMMR\src\MovieMakerCore\HMRAVSource\AVCaptureSession.h(168,5): error C4430: missing type specifier - int assumed. Note: C++ does not support default-int [C:\Users\mcmco\Desktop\WMMR\build\src\MovieMakerCore\MovieMakerCore.vcxproj]
  (compiling source file '../../../src/MovieMakerCore/HMRAVSource/AudioCapture.cpp')
  
C:\Users\mcmco\Desktop\WMMR\src\MovieMakerCore\pch.h(35,9): warning C4005: '_ATL_CSTRING_EXPLICIT_CONSTRUCTORS': macro redefinition [C:\Users\mcmco\Desktop\WMMR\build\src\MovieMakerCore\MovieMakerCore.vcxproj]
  (compiling source file '../../../src/MovieMakerCore/HMRAVSource/SAXProfileBuilder.cpp')
      C:\Users\mcmco\Desktop\WMMR\src\MovieMakerCore\pch.h(35,9):
      '_ATL_CSTRING_EXPLICIT_CONSTRUCTORS' previously declared on the command line
  
C:\Users\mcmco\Desktop\WMMR\src\MovieMakerCore\HMRAVSource\AVCaptureSession.h(169,25): warning C4251: 'HMRAVSource::AudioCaptureSession::m_strOutputPath': 'ATL::CStringT<wchar_t,ATL::StrTraitATL<wchar_t,ATL::ChTraitsCRT<wchar_t>>>' needs to have dll-interface to be used by clients of 'HMRAVSource::AudioCaptureSession' [C:\Users\mcmco\Desktop\WMMR\build\src\MovieMakerCore\MovieMakerCore.vcxproj]
  (compiling source file '../../../src/MovieMakerCore/HMRAVSource/AudioCapture.cpp')
      C:\Program Files (x86)\Microsoft Visual Studio\2022\BuildTools\VC\Tools\MSVC\14.44.35207\atlmfc\include\cstringt.h(999,7):
      see declaration of 'ATL::CStringT<wchar_t,ATL::StrTraitATL<wchar_t,ATL::ChTraitsCRT<wchar_t>>>'
  
C:\Users\mcmco\Desktop\WMMR\src\MovieMakerCore\pch.h(36,9): warning C4005: '_ATL_ALL_WARNINGS': macro redefinition [C:\Users\mcmco\Desktop\WMMR\build\src\MovieMakerCore\MovieMakerCore.vcxproj]
  (compiling source file '../../../src/MovieMakerCore/HMRAVSource/SAXProfileBuilder.cpp')
      C:\Users\mcmco\Desktop\WMMR\src\MovieMakerCore\pch.h(36,9):
      '_ATL_ALL_WARNINGS' previously declared on the command line
  
C:\Users\mcmco\Desktop\WMMR\src\MovieMakerCore\HMRAVSource\AVCaptureSession.h(173,25): warning C4251: 'HMRAVSource::AudioCaptureSession::m_completeCb': 'std::function<void (HRESULT,LPCWSTR)>' needs to have dll-interface to be used by clients of 'HMRAVSource::AudioCaptureSession' [C:\Users\mcmco\Desktop\WMMR\build\src\MovieMakerCore\MovieMakerCore.vcxproj]
  (compiling source file '../../../src/MovieMakerCore/HMRAVSource/AudioCapture.cpp')
      C:\Program Files (x86)\Microsoft Visual Studio\2022\BuildTools\VC\Tools\MSVC\14.44.35207\include\functional(1089,7):
      see declaration of 'std::function<void (HRESULT,LPCWSTR)>'
  
C:\Users\mcmco\Desktop\WMMR\src\MovieMakerCore\HMRAVSource\CachedWFSection.h(80,35): warning C4251: 'HMRAVSource::CachedWFSection::m_arrEntries': 'ATL::CAtlArray<HMRAVSource::CachedWFEntry,ATL::CElementTraits<E>>' needs to have dll-interface to be used by clients of 'HMRAVSource::CachedWFSection' [C:\Users\mcmco\Desktop\WMMR\build\src\MovieMakerCore\MovieMakerCore.vcxproj]
C:\Users\mcmco\Desktop\WMMR\src\MovieMakerCore\HMRAVSource\CachedWFSection.h(80,35): warning C4251:         with [C:\Users\mcmco\Desktop\WMMR\build\src\MovieMakerCore\MovieMakerCore.vcxproj]
C:\Users\mcmco\Desktop\WMMR\src\MovieMakerCore\HMRAVSource\CachedWFSection.h(80,35): warning C4251:         [ [C:\Users\mcmco\Desktop\WMMR\build\src\MovieMakerCore\MovieMakerCore.vcxproj]
C:\Users\mcmco\Desktop\WMMR\src\MovieMakerCore\HMRAVSource\CachedWFSection.h(80,35): warning C4251:             E=HMRAVSource::CachedWFEntry [C:\Users\mcmco\Desktop\WMMR\build\src\MovieMakerCore\MovieMakerCore.vcxproj]
C:\Users\mcmco\Desktop\WMMR\src\MovieMakerCore\HMRAVSource\CachedWFSection.h(80,35): warning C4251:         ] [C:\Users\mcmco\Desktop\WMMR\build\src\MovieMakerCore\MovieMakerCore.vcxproj]
  (compiling source file '../../../src/MovieMakerCore/HMRAVSource/AudioCapture.cpp')
      C:\Program Files (x86)\Microsoft Visual Studio\2022\BuildTools\VC\Tools\MSVC\14.44.35207\atlmfc\include\atlcoll.h(530,7):
      see declaration of 'ATL::CAtlArray<HMRAVSource::CachedWFEntry,ATL::CElementTraits<E>>'
          with
          [
              E=HMRAVSource::CachedWFEntry
          ]
  
C:\Users\mcmco\Desktop\WMMR\src\MovieMakerCore\HMRAVSource\AudioCapture.h(107,33): warning C4251: 'HMRAVSource::AudioCapture::m_spMediaSource': 'ATL::CComPtr<IMFMediaSource>' needs to have dll-interface to be used by clients of 'HMRAVSource::AudioCapture' [C:\Users\mcmco\Desktop\WMMR\build\src\MovieMakerCore\MovieMakerCore.vcxproj]
  (compiling source file '../../../src/MovieMakerCore/HMRAVSource/AudioCapture.cpp')
      C:\Program Files (x86)\Microsoft Visual Studio\2022\BuildTools\VC\Tools\MSVC\14.44.35207\atlmfc\include\atlcomcli.h(341,7):
      see declaration of 'ATL::CComPtr<IMFMediaSource>'
  
C:\Users\mcmco\Desktop\WMMR\src\MovieMakerCore\HMRAVSource\AudioCapture.h(108,33): warning C4251: 'HMRAVSource::AudioCapture::m_spReader': 'ATL::CComPtr<IMFSourceReader>' needs to have dll-interface to be used by clients of 'HMRAVSource::AudioCapture' [C:\Users\mcmco\Desktop\WMMR\build\src\MovieMakerCore\MovieMakerCore.vcxproj]
  (compiling source file '../../../src/MovieMakerCore/HMRAVSource/AudioCapture.cpp')
      C:\Program Files (x86)\Microsoft Visual Studio\2022\BuildTools\VC\Tools\MSVC\14.44.35207\atlmfc\include\atlcomcli.h(341,7):
      see declaration of 'ATL::CComPtr<IMFSourceReader>'
  
C:\Users\mcmco\Desktop\WMMR\src\MovieMakerCore\HMRAVSource\AudioCapture.h(116,34): warning C4251: 'HMRAVSource::AudioCapture::m_sampleCb': 'std::function<void (IMFSample *)>' needs to have dll-interface to be used by clients of 'HMRAVSource::AudioCapture' [C:\Users\mcmco\Desktop\WMMR\build\src\MovieMakerCore\MovieMakerCore.vcxproj]
  (compiling source file '../../../src/MovieMakerCore/HMRAVSource/AudioCapture.cpp')
      C:\Program Files (x86)\Microsoft Visual Studio\2022\BuildTools\VC\Tools\MSVC\14.44.35207\include\functional(1089,7):
      see declaration of 'std::function<void (IMFSample *)>'
  
C:\Users\mcmco\Desktop\WMMR\src\MovieMakerCore\HMRAVSource\StreamSink.h(101,33): warning C4251: 'HMRAVSource::StreamSink::m_spSinkWriter': 'ATL::CComPtr<IMFSinkWriter>' needs to have dll-interface to be used by clients of 'HMRAVSource::StreamSink' [C:\Users\mcmco\Desktop\WMMR\build\src\MovieMakerCore\MovieMakerCore.vcxproj]
  (compiling source file '../../../src/MovieMakerCore/HMRAVSource/CachedWFSection.cpp')
      C:\Program Files (x86)\Microsoft Visual Studio\2022\BuildTools\VC\Tools\MSVC\14.44.35207\atlmfc\include\atlcomcli.h(341,7):
      see declaration of 'ATL::CComPtr<IMFSinkWriter>'
  
C:\Users\mcmco\Desktop\WMMR\src\MovieMakerCore\HMRAVSource\StreamSink.h(108,33): warning C4251: 'HMRAVSource::StreamSink::m_progressCb': 'std::function<void (const HMRAVSource::StreamSinkStats &)>' needs to have dll-interface to be used by clients of 'HMRAVSource::StreamSink' [C:\Users\mcmco\Desktop\WMMR\build\src\MovieMakerCore\MovieMakerCore.vcxproj]
  (compiling source file '../../../src/MovieMakerCore/HMRAVSource/CachedWFSection.cpp')
      C:\Program Files (x86)\Microsoft Visual Studio\2022\BuildTools\VC\Tools\MSVC\14.44.35207\include\functional(1089,7):
      see declaration of 'std::function<void (const HMRAVSource::StreamSinkStats &)>'
  
C:\Users\mcmco\Desktop\WMMR\src\MovieMakerCore\HMRAVSource\AudioCapture.cpp(54,10): error C2664: 'HRESULT MFEnumDeviceSources(IMFAttributes *,IMFActivate ***,UINT32 *)': cannot convert argument 2 from 'E *' to 'IMFActivate ***' [C:\Users\mcmco\Desktop\WMMR\build\src\MovieMakerCore\MovieMakerCore.vcxproj]
C:\Users\mcmco\Desktop\WMMR\src\MovieMakerCore\HMRAVSource\AudioCapture.cpp(54,10): error C2664:         with [C:\Users\mcmco\Desktop\WMMR\build\src\MovieMakerCore\MovieMakerCore.vcxproj]
C:\Users\mcmco\Desktop\WMMR\src\MovieMakerCore\HMRAVSource\AudioCapture.cpp(54,10): error C2664:         [ [C:\Users\mcmco\Desktop\WMMR\build\src\MovieMakerCore\MovieMakerCore.vcxproj]
C:\Users\mcmco\Desktop\WMMR\src\MovieMakerCore\HMRAVSource\AudioCapture.cpp(54,10): error C2664:             E=IMFActivate * [C:\Users\mcmco\Desktop\WMMR\build\src\MovieMakerCore\MovieMakerCore.vcxproj]
C:\Users\mcmco\Desktop\WMMR\src\MovieMakerCore\HMRAVSource\AudioCapture.cpp(54,10): error C2664:         ] [C:\Users\mcmco\Desktop\WMMR\build\src\MovieMakerCore\MovieMakerCore.vcxproj]
      C:\Users\mcmco\Desktop\WMMR\src\MovieMakerCore\HMRAVSource\AudioCapture.cpp(54,64):
      Types pointed to are unrelated; conversion requires reinterpret_cast, C-style cast or parenthesized function-style cast
      C:\Program Files (x86)\Windows Kits\10\Include\10.0.26100.0\um\mfidl.h(17929,8):
      see declaration of 'MFEnumDeviceSources'
      C:\Users\mcmco\Desktop\WMMR\src\MovieMakerCore\HMRAVSource\AudioCapture.cpp(54,10):
      while trying to match the argument list '(ATL::CComPtr<IMFAttributes>, E *, UINT32 *)'
          with
          [
              E=IMFActivate *
          ]
  
C:\Users\mcmco\Desktop\WMMR\src\MovieMakerCore\HMRAVSource\AudioCapture.cpp(132,27): warning C4245: 'argument': conversion from '__MIDL___MIDL_itf_mfreadwrite_0000_0001_0001' to 'DWORD', signed/unsigned mismatch [C:\Users\mcmco\Desktop\WMMR\build\src\MovieMakerCore\MovieMakerCore.vcxproj]
C:\Users\mcmco\Desktop\WMMR\src\MovieMakerCore\HMRAVSource\AudioCapture.cpp(233,9): warning C4245: 'argument': conversion from '__MIDL___MIDL_itf_mfreadwrite_0000_0001_0001' to 'DWORD', signed/unsigned mismatch [C:\Users\mcmco\Desktop\WMMR\build\src\MovieMakerCore\MovieMakerCore.vcxproj]
C:\Users\mcmco\Desktop\WMMR\src\MovieMakerCore\HMRAVSource\AudioCapture.cpp(244,16): error C2065: 'MF_E_END_OFSTREAM': undeclared identifier [C:\Users\mcmco\Desktop\WMMR\build\src\MovieMakerCore\MovieMakerCore.vcxproj]
C:\Users\mcmco\Desktop\WMMR\src\MovieMakerCore\HMRAVSource\AudioCapture.cpp(347,29): error C2065: 'MF_MT_BLOCK_ALIGNMENT': undeclared identifier [C:\Users\mcmco\Desktop\WMMR\build\src\MovieMakerCore\MovieMakerCore.vcxproj]
C:\Users\mcmco\Desktop\WMMR\src\MovieMakerCore\HMRAVSource\AudioCapture.cpp(351,9): warning C4245: 'argument': conversion from '__MIDL___MIDL_itf_mfreadwrite_0000_0001_0001' to 'DWORD', signed/unsigned mismatch [C:\Users\mcmco\Desktop\WMMR\build\src\MovieMakerCore\MovieMakerCore.vcxproj]
C:\Users\mcmco\Desktop\WMMR\src\WLXPhotoBase\BaseTypes.h(536,18): warning C4251: 'Base::File::m_strPath': 'ATL::CStringT<wchar_t,ATL::StrTraitATL<wchar_t,ATL::ChTraitsCRT<wchar_t>>>' needs to have dll-interface to be used by clients of 'Base::File' [C:\Users\mcmco\Desktop\WMMR\build\src\MovieMakerCore\MovieMakerCore.vcxproj]
  (compiling source file '../../../src/MovieMakerCore/HMRAVSource/AVSourceFactory.cpp')
      C:\Program Files (x86)\Microsoft Visual Studio\2022\BuildTools\VC\Tools\MSVC\14.44.35207\atlmfc\include\cstringt.h(999,7):
      see declaration of 'ATL::CStringT<wchar_t,ATL::StrTraitATL<wchar_t,ATL::ChTraitsCRT<wchar_t>>>'
  
C:\Users\mcmco\Desktop\WMMR\src\WLXPhotoBase\BaseTypes.h(568,18): warning C4251: 'Base::TempFile::m_strPath': 'ATL::CStringT<wchar_t,ATL::StrTraitATL<wchar_t,ATL::ChTraitsCRT<wchar_t>>>' needs to have dll-interface to be used by clients of 'Base::TempFile' [C:\Users\mcmco\Desktop\WMMR\build\src\MovieMakerCore\MovieMakerCore.vcxproj]
  (compiling source file '../../../src/MovieMakerCore/HMRAVSource/AVSourceFactory.cpp')
      C:\Program Files (x86)\Microsoft Visual Studio\2022\BuildTools\VC\Tools\MSVC\14.44.35207\atlmfc\include\cstringt.h(999,7):
      see declaration of 'ATL::CStringT<wchar_t,ATL::StrTraitATL<wchar_t,ATL::ChTraitsCRT<wchar_t>>>'
  
C:\Users\mcmco\Desktop\WMMR\src\WLXPhotoBase\BaseTypes.h(661,21): warning C4251: 'Base::FindFile::m_strDirectory': 'ATL::CStringT<wchar_t,ATL::StrTraitATL<wchar_t,ATL::ChTraitsCRT<wchar_t>>>' needs to have dll-interface to be used by clients of 'Base::FindFile' [C:\Users\mcmco\Desktop\WMMR\build\src\MovieMakerCore\MovieMakerCore.vcxproj]
  (compiling source file '../../../src/MovieMakerCore/HMRAVSource/AVSourceFactory.cpp')
      C:\Program Files (x86)\Microsoft Visual Studio\2022\BuildTools\VC\Tools\MSVC\14.44.35207\atlmfc\include\cstringt.h(999,7):
      see declaration of 'ATL::CStringT<wchar_t,ATL::StrTraitATL<wchar_t,ATL::ChTraitsCRT<wchar_t>>>'
  
C:\Users\mcmco\Desktop\WMMR\src\MovieMakerCore\HMRAVSource\TranscodeManager.h(123,29): warning C4251: 'HMRAVSource::TranscodeManager::m_progressCb': 'std::function<void (const HMRAVSource::TranscodeProgress &)>' needs to have dll-interface to be used by clients of 'HMRAVSource::TranscodeManager' [C:\Users\mcmco\Desktop\WMMR\build\src\MovieMakerCore\MovieMakerCore.vcxproj]
  (compiling source file '../../../src/MovieMakerCore/HMRAVSource/CachedWFSection.cpp')
      C:\Program Files (x86)\Microsoft Visual Studio\2022\BuildTools\VC\Tools\MSVC\14.44.35207\include\functional(1089,7):
      see declaration of 'std::function<void (const HMRAVSource::TranscodeProgress &)>'
  
C:\Users\mcmco\Desktop\WMMR\src\WLXPhotoBase\BaseTypes.h(724,25): warning C4251: 'Base::IntSet::m_values': 'ATL::CAtlArray<int,ATL::CElementTraits<int>>' needs to have dll-interface to be used by clients of 'Base::IntSet' [C:\Users\mcmco\Desktop\WMMR\build\src\MovieMakerCore\MovieMakerCore.vcxproj]
  (compiling source file '../../../src/MovieMakerCore/HMRAVSource/AVSourceFactory.cpp')
      C:\Program Files (x86)\Microsoft Visual Studio\2022\BuildTools\VC\Tools\MSVC\14.44.35207\atlmfc\include\atlcoll.h(530,7):
      see declaration of 'ATL::CAtlArray<int,ATL::CElementTraits<int>>'
  
C:\Users\mcmco\Desktop\WMMR\src\MovieMakerCore\HMRAVSource\TranscodeManager.h(124,29): warning C4251: 'HMRAVSource::TranscodeManager::m_errorCb': 'std::function<void (HRESULT,LPCWSTR)>' needs to have dll-interface to be used by clients of 'HMRAVSource::TranscodeManager' [C:\Users\mcmco\Desktop\WMMR\build\src\MovieMakerCore\MovieMakerCore.vcxproj]
  (compiling source file '../../../src/MovieMakerCore/HMRAVSource/CachedWFSection.cpp')
      C:\Program Files (x86)\Microsoft Visual Studio\2022\BuildTools\VC\Tools\MSVC\14.44.35207\include\functional(1089,7):
      see declaration of 'std::function<void (HRESULT,LPCWSTR)>'
  
C:\Users\mcmco\Desktop\WMMR\src\MovieMakerCore\HMRAVSource\TranscodeManager.h(125,29): warning C4251: 'HMRAVSource::TranscodeManager::m_completeCb': 'std::function<void (HRESULT,LPCWSTR)>' needs to have dll-interface to be used by clients of 'HMRAVSource::TranscodeManager' [C:\Users\mcmco\Desktop\WMMR\build\src\MovieMakerCore\MovieMakerCore.vcxproj]
  (compiling source file '../../../src/MovieMakerCore/HMRAVSource/CachedWFSection.cpp')
      C:\Program Files (x86)\Microsoft Visual Studio\2022\BuildTools\VC\Tools\MSVC\14.44.35207\include\functional(1089,7):
      see declaration of 'std::function<void (HRESULT,LPCWSTR)>'
  
C:\Users\mcmco\Desktop\WMMR\src\MovieMakerCore\HMRAVSource\TranscodeManager.h(127,29): warning C4251: 'HMRAVSource::TranscodeManager::m_spVideoTransform': 'ATL::CComPtr<IMFTransform>' needs to have dll-interface to be used by clients of 'HMRAVSource::TranscodeManager' [C:\Users\mcmco\Desktop\WMMR\build\src\MovieMakerCore\MovieMakerCore.vcxproj]
  (compiling source file '../../../src/MovieMakerCore/HMRAVSource/CachedWFSection.cpp')
      C:\Program Files (x86)\Microsoft Visual Studio\2022\BuildTools\VC\Tools\MSVC\14.44.35207\atlmfc\include\atlcomcli.h(341,7):
      see declaration of 'ATL::CComPtr<IMFTransform>'
  
C:\Users\mcmco\Desktop\WMMR\src\MovieMakerCore\HMRAVSource\TranscodeManager.h(128,29): warning C4251: 'HMRAVSource::TranscodeManager::m_spAudioTransform': 'ATL::CComPtr<IMFTransform>' needs to have dll-interface to be used by clients of 'HMRAVSource::TranscodeManager' [C:\Users\mcmco\Desktop\WMMR\build\src\MovieMakerCore\MovieMakerCore.vcxproj]
  (compiling source file '../../../src/MovieMakerCore/HMRAVSource/CachedWFSection.cpp')
      C:\Program Files (x86)\Microsoft Visual Studio\2022\BuildTools\VC\Tools\MSVC\14.44.35207\atlmfc\include\atlcomcli.h(341,7):
      see declaration of 'ATL::CComPtr<IMFTransform>'
  
C:\Users\mcmco\Desktop\WMMR\src\MovieMakerCore\pch.h(21,9): warning C4005: 'WINVER': macro redefinition [C:\Users\mcmco\Desktop\WMMR\build\src\MovieMakerCore\MovieMakerCore.vcxproj]
  (compiling source file '../../../src/MovieMakerCore/HMRAVSource/NativeMFSourceReaderBuilder.cpp')
      C:\Users\mcmco\Desktop\WMMR\src\MovieMakerCore\pch.h(21,9):
      'WINVER' previously declared on the command line
  
C:\Users\mcmco\Desktop\WMMR\src\MovieMakerCore\pch.h(22,9): warning C4005: '_WIN32_WINNT': macro redefinition [C:\Users\mcmco\Desktop\WMMR\build\src\MovieMakerCore\MovieMakerCore.vcxproj]
  (compiling source file '../../../src/MovieMakerCore/HMRAVSource/NativeMFSourceReaderBuilder.cpp')
      C:\Users\mcmco\Desktop\WMMR\src\MovieMakerCore\pch.h(22,9):
      '_WIN32_WINNT' previously declared on the command line
  
C:\Users\mcmco\Desktop\WMMR\src\MovieMakerCore\pch.h(30,9): warning C4005: 'WIN32_LEAN_AND_MEAN': macro redefinition [C:\Users\mcmco\Desktop\WMMR\build\src\MovieMakerCore\MovieMakerCore.vcxproj]
  (compiling source file '../../../src/MovieMakerCore/HMRAVSource/NativeMFSourceReaderBuilder.cpp')
      C:\Users\mcmco\Desktop\WMMR\src\MovieMakerCore\pch.h(30,9):
      'WIN32_LEAN_AND_MEAN' previously declared on the command line
  
C:\Users\mcmco\Desktop\WMMR\src\MovieMakerCore\pch.h(31,9): warning C4005: 'NOMINMAX': macro redefinition [C:\Users\mcmco\Desktop\WMMR\build\src\MovieMakerCore\MovieMakerCore.vcxproj]
  (compiling source file '../../../src/MovieMakerCore/HMRAVSource/NativeMFSourceReaderBuilder.cpp')
      C:\Users\mcmco\Desktop\WMMR\src\MovieMakerCore\pch.h(31,9):
      'NOMINMAX' previously declared on the command line
  
C:\Users\mcmco\Desktop\WMMR\src\MovieMakerCore\pch.h(32,9): warning C4005: '_CRT_SECURE_NO_WARNINGS': macro redefinition [C:\Users\mcmco\Desktop\WMMR\build\src\MovieMakerCore\MovieMakerCore.vcxproj]
  (compiling source file '../../../src/MovieMakerCore/HMRAVSource/NativeMFSourceReaderBuilder.cpp')
      C:\Users\mcmco\Desktop\WMMR\src\MovieMakerCore\pch.h(32,9):
      '_CRT_SECURE_NO_WARNINGS' previously declared on the command line
  
C:\Users\mcmco\Desktop\WMMR\src\MovieMakerCore\pch.h(33,9): warning C4005: '_WINDLL': macro redefinition [C:\Users\mcmco\Desktop\WMMR\build\src\MovieMakerCore\MovieMakerCore.vcxproj]
  (compiling source file '../../../src/MovieMakerCore/HMRAVSource/NativeMFSourceReaderBuilder.cpp')
      C:\Users\mcmco\Desktop\WMMR\src\MovieMakerCore\pch.h(33,9):
      '_WINDLL' previously declared on the command line
  
C:\Users\mcmco\Desktop\WMMR\src\MovieMakerCore\pch.h(34,9): warning C4005: '_AFXDLL': macro redefinition [C:\Users\mcmco\Desktop\WMMR\build\src\MovieMakerCore\MovieMakerCore.vcxproj]
  (compiling source file '../../../src/MovieMakerCore/HMRAVSource/NativeMFSourceReaderBuilder.cpp')
      C:\Users\mcmco\Desktop\WMMR\src\MovieMakerCore\pch.h(34,9):
      '_AFXDLL' previously declared on the command line
  
C:\Users\mcmco\Desktop\WMMR\src\MovieMakerCore\HMRAVSource\VideoCapture.h(105,37): warning C4251: 'HMRAVSource::VideoCapture::m_spMediaSource': 'ATL::CComPtr<IMFMediaSource>' needs to have dll-interface to be used by clients of 'HMRAVSource::VideoCapture' [C:\Users\mcmco\Desktop\WMMR\build\src\MovieMakerCore\MovieMakerCore.vcxproj]
  (compiling source file '../../../src/MovieMakerCore/HMRAVSource/CachedWFSection.cpp')
      C:\Program Files (x86)\Microsoft Visual Studio\2022\BuildTools\VC\Tools\MSVC\14.44.35207\atlmfc\include\atlcomcli.h(341,7):
      see declaration of 'ATL::CComPtr<IMFMediaSource>'
  
C:\Users\mcmco\Desktop\WMMR\src\MovieMakerCore\pch.h(35,9): warning C4005: '_ATL_CSTRING_EXPLICIT_CONSTRUCTORS': macro redefinition [C:\Users\mcmco\Desktop\WMMR\build\src\MovieMakerCore\MovieMakerCore.vcxproj]
  (compiling source file '../../../src/MovieMakerCore/HMRAVSource/NativeMFSourceReaderBuilder.cpp')
      C:\Users\mcmco\Desktop\WMMR\src\MovieMakerCore\pch.h(35,9):
      '_ATL_CSTRING_EXPLICIT_CONSTRUCTORS' previously declared on the command line
  
C:\Users\mcmco\Desktop\WMMR\src\MovieMakerCore\HMRAVSource\VideoCapture.h(106,37): warning C4251: 'HMRAVSource::VideoCapture::m_spCaptureEngine': 'ATL::CComPtr<IMFCaptureEngine>' needs to have dll-interface to be used by clients of 'HMRAVSource::VideoCapture' [C:\Users\mcmco\Desktop\WMMR\build\src\MovieMakerCore\MovieMakerCore.vcxproj]
  (compiling source file '../../../src/MovieMakerCore/HMRAVSource/CachedWFSection.cpp')
      C:\Program Files (x86)\Microsoft Visual Studio\2022\BuildTools\VC\Tools\MSVC\14.44.35207\atlmfc\include\atlcomcli.h(341,7):
      see declaration of 'ATL::CComPtr<IMFCaptureEngine>'
  
C:\Users\mcmco\Desktop\WMMR\src\MovieMakerCore\HMRAVSource\VideoCapture.h(107,37): warning C4251: 'HMRAVSource::VideoCapture::m_spPreviewSink': 'ATL::CComPtr<IMFCapturePreviewSink>' needs to have dll-interface to be used by clients of 'HMRAVSource::VideoCapture' [C:\Users\mcmco\Desktop\WMMR\build\src\MovieMakerCore\MovieMakerCore.vcxproj]
  (compiling source file '../../../src/MovieMakerCore/HMRAVSource/CachedWFSection.cpp')
      C:\Program Files (x86)\Microsoft Visual Studio\2022\BuildTools\VC\Tools\MSVC\14.44.35207\atlmfc\include\atlcomcli.h(341,7):
      see declaration of 'ATL::CComPtr<IMFCapturePreviewSink>'
  
C:\Users\mcmco\Desktop\WMMR\src\MovieMakerCore\pch.h(36,9): warning C4005: '_ATL_ALL_WARNINGS': macro redefinition [C:\Users\mcmco\Desktop\WMMR\build\src\MovieMakerCore\MovieMakerCore.vcxproj]
  (compiling source file '../../../src/MovieMakerCore/HMRAVSource/NativeMFSourceReaderBuilder.cpp')
      C:\Users\mcmco\Desktop\WMMR\src\MovieMakerCore\pch.h(36,9):
      '_ATL_ALL_WARNINGS' previously declared on the command line
  
C:\Users\mcmco\Desktop\WMMR\src\MovieMakerCore\HMRAVSource\VideoCapture.h(108,37): warning C4251: 'HMRAVSource::VideoCapture::m_spRecordSink': 'ATL::CComPtr<IMFCaptureRecordSink>' needs to have dll-interface to be used by clients of 'HMRAVSource::VideoCapture' [C:\Users\mcmco\Desktop\WMMR\build\src\MovieMakerCore\MovieMakerCore.vcxproj]
  (compiling source file '../../../src/MovieMakerCore/HMRAVSource/CachedWFSection.cpp')
      C:\Program Files (x86)\Microsoft Visual Studio\2022\BuildTools\VC\Tools\MSVC\14.44.35207\atlmfc\include\atlcomcli.h(341,7):
      see declaration of 'ATL::CComPtr<IMFCaptureRecordSink>'
  
C:\Users\mcmco\Desktop\WMMR\src\MovieMakerCore\HMRAVSource\VideoCapture.h(117,38): warning C4251: 'HMRAVSource::VideoCapture::m_frameCb': 'std::function<void (IMFSample *)>' needs to have dll-interface to be used by clients of 'HMRAVSource::VideoCapture' [C:\Users\mcmco\Desktop\WMMR\build\src\MovieMakerCore\MovieMakerCore.vcxproj]
  (compiling source file '../../../src/MovieMakerCore/HMRAVSource/CachedWFSection.cpp')
      C:\Program Files (x86)\Microsoft Visual Studio\2022\BuildTools\VC\Tools\MSVC\14.44.35207\include\functional(1089,7):
      see declaration of 'std::function<void (IMFSample *)>'
  
  AsyncSourceResolver.cpp
C:\Users\mcmco\Desktop\WMMR\src\MovieMakerCore\HMRAVSource\AudioCapture.h(107,33): warning C4251: 'HMRAVSource::AudioCapture::m_spMediaSource': 'ATL::CComPtr<IMFMediaSource>' needs to have dll-interface to be used by clients of 'HMRAVSource::AudioCapture' [C:\Users\mcmco\Desktop\WMMR\build\src\MovieMakerCore\MovieMakerCore.vcxproj]
  (compiling source file '../../../src/MovieMakerCore/HMRAVSource/CachedWFSection.cpp')
      C:\Program Files (x86)\Microsoft Visual Studio\2022\BuildTools\VC\Tools\MSVC\14.44.35207\atlmfc\include\atlcomcli.h(341,7):
      see declaration of 'ATL::CComPtr<IMFMediaSource>'
  
C:\Users\mcmco\Desktop\WMMR\src\MovieMakerCore\HMRAVSource\AudioCapture.h(108,33): warning C4251: 'HMRAVSource::AudioCapture::m_spReader': 'ATL::CComPtr<IMFSourceReader>' needs to have dll-interface to be used by clients of 'HMRAVSource::AudioCapture' [C:\Users\mcmco\Desktop\WMMR\build\src\MovieMakerCore\MovieMakerCore.vcxproj]
  (compiling source file '../../../src/MovieMakerCore/HMRAVSource/CachedWFSection.cpp')
      C:\Program Files (x86)\Microsoft Visual Studio\2022\BuildTools\VC\Tools\MSVC\14.44.35207\atlmfc\include\atlcomcli.h(341,7):
      see declaration of 'ATL::CComPtr<IMFSourceReader>'
  
C:\Users\mcmco\Desktop\WMMR\src\MovieMakerCore\HMRAVSource\AudioCapture.h(116,34): warning C4251: 'HMRAVSource::AudioCapture::m_sampleCb': 'std::function<void (IMFSample *)>' needs to have dll-interface to be used by clients of 'HMRAVSource::AudioCapture' [C:\Users\mcmco\Desktop\WMMR\build\src\MovieMakerCore\MovieMakerCore.vcxproj]
  (compiling source file '../../../src/MovieMakerCore/HMRAVSource/CachedWFSection.cpp')
      C:\Program Files (x86)\Microsoft Visual Studio\2022\BuildTools\VC\Tools\MSVC\14.44.35207\include\functional(1089,7):
      see declaration of 'std::function<void (IMFSample *)>'
  
C:\Users\mcmco\Desktop\WMMR\src\MovieMakerCore\HMRAVSource\AVCaptureSession.h(117,25): warning C4251: 'HMRAVSource::AVCaptureSession::m_statsCb': 'std::function<void (const HMRAVSource::AVCaptureSessionStats &)>' needs to have dll-interface to be used by clients of 'HMRAVSource::AVCaptureSession' [C:\Users\mcmco\Desktop\WMMR\build\src\MovieMakerCore\MovieMakerCore.vcxproj]
  (compiling source file '../../../src/MovieMakerCore/HMRAVSource/CachedWFSection.cpp')
      C:\Program Files (x86)\Microsoft Visual Studio\2022\BuildTools\VC\Tools\MSVC\14.44.35207\include\functional(1089,7):
      see declaration of 'std::function<void (const HMRAVSource::AVCaptureSessionStats &)>'
  
C:\Users\mcmco\Desktop\WMMR\src\MovieMakerCore\HMRAVSource\AVCaptureSession.h(118,25): warning C4251: 'HMRAVSource::AVCaptureSession::m_errorCb': 'std::function<void (HRESULT)>' needs to have dll-interface to be used by clients of 'HMRAVSource::AVCaptureSession' [C:\Users\mcmco\Desktop\WMMR\build\src\MovieMakerCore\MovieMakerCore.vcxproj]
  (compiling source file '../../../src/MovieMakerCore/HMRAVSource/CachedWFSection.cpp')
      C:\Program Files (x86)\Microsoft Visual Studio\2022\BuildTools\VC\Tools\MSVC\14.44.35207\include\functional(1089,7):
      see declaration of 'std::function<void (HRESULT)>'
  
C:\Users\mcmco\Desktop\WMMR\src\MovieMakerCore\HMRAVSource\AVCaptureSession.h(119,25): warning C4251: 'HMRAVSource::AVCaptureSession::m_completeCb': 'std::function<void (HRESULT)>' needs to have dll-interface to be used by clients of 'HMRAVSource::AVCaptureSession' [C:\Users\mcmco\Desktop\WMMR\build\src\MovieMakerCore\MovieMakerCore.vcxproj]
  (compiling source file '../../../src/MovieMakerCore/HMRAVSource/CachedWFSection.cpp')
      C:\Program Files (x86)\Microsoft Visual Studio\2022\BuildTools\VC\Tools\MSVC\14.44.35207\include\functional(1089,7):
      see declaration of 'std::function<void (HRESULT)>'
  
C:\Users\mcmco\Desktop\WMMR\src\MovieMakerCore\HMRAVSource\AVCaptureSession.h(169,25): warning C4251: 'HMRAVSource::AudioCaptureSession::m_strOutputPath': 'ATL::CStringT<wchar_t,ATL::StrTraitATL<wchar_t,ATL::ChTraitsCRT<wchar_t>>>' needs to have dll-interface to be used by clients of 'HMRAVSource::AudioCaptureSession' [C:\Users\mcmco\Desktop\WMMR\build\src\MovieMakerCore\MovieMakerCore.vcxproj]
  (compiling source file '../../../src/MovieMakerCore/HMRAVSource/CachedWFSection.cpp')
      C:\Program Files (x86)\Microsoft Visual Studio\2022\BuildTools\VC\Tools\MSVC\14.44.35207\atlmfc\include\cstringt.h(999,7):
      see declaration of 'ATL::CStringT<wchar_t,ATL::StrTraitATL<wchar_t,ATL::ChTraitsCRT<wchar_t>>>'
  
C:\Users\mcmco\Desktop\WMMR\src\MovieMakerCore\HMRAVSource\AVCaptureSession.h(173,25): warning C4251: 'HMRAVSource::AudioCaptureSession::m_completeCb': 'std::function<void (HRESULT,LPCWSTR)>' needs to have dll-interface to be used by clients of 'HMRAVSource::AudioCaptureSession' [C:\Users\mcmco\Desktop\WMMR\build\src\MovieMakerCore\MovieMakerCore.vcxproj]
  (compiling source file '../../../src/MovieMakerCore/HMRAVSource/CachedWFSection.cpp')
      C:\Program Files (x86)\Microsoft Visual Studio\2022\BuildTools\VC\Tools\MSVC\14.44.35207\include\functional(1089,7):
      see declaration of 'std::function<void (HRESULT,LPCWSTR)>'
  
C:\Users\mcmco\Desktop\WMMR\src\MovieMakerCore\HMRAVSource\CachedWFSection.h(80,35): warning C4251: 'HMRAVSource::CachedWFSection::m_arrEntries': 'ATL::CAtlArray<HMRAVSource::CachedWFEntry,ATL::CElementTraits<E>>' needs to have dll-interface to be used by clients of 'HMRAVSource::CachedWFSection' [C:\Users\mcmco\Desktop\WMMR\build\src\MovieMakerCore\MovieMakerCore.vcxproj]
C:\Users\mcmco\Desktop\WMMR\src\MovieMakerCore\HMRAVSource\CachedWFSection.h(80,35): warning C4251:         with [C:\Users\mcmco\Desktop\WMMR\build\src\MovieMakerCore\MovieMakerCore.vcxproj]
C:\Users\mcmco\Desktop\WMMR\src\MovieMakerCore\HMRAVSource\CachedWFSection.h(80,35): warning C4251:         [ [C:\Users\mcmco\Desktop\WMMR\build\src\MovieMakerCore\MovieMakerCore.vcxproj]
C:\Users\mcmco\Desktop\WMMR\src\MovieMakerCore\HMRAVSource\CachedWFSection.h(80,35): warning C4251:             E=HMRAVSource::CachedWFEntry [C:\Users\mcmco\Desktop\WMMR\build\src\MovieMakerCore\MovieMakerCore.vcxproj]
C:\Users\mcmco\Desktop\WMMR\src\MovieMakerCore\HMRAVSource\CachedWFSection.h(80,35): warning C4251:         ] [C:\Users\mcmco\Desktop\WMMR\build\src\MovieMakerCore\MovieMakerCore.vcxproj]
  (compiling source file '../../../src/MovieMakerCore/HMRAVSource/CachedWFSection.cpp')
      C:\Program Files (x86)\Microsoft Visual Studio\2022\BuildTools\VC\Tools\MSVC\14.44.35207\atlmfc\include\atlcoll.h(530,7):
      see declaration of 'ATL::CAtlArray<HMRAVSource::CachedWFEntry,ATL::CElementTraits<E>>'
          with
          [
              E=HMRAVSource::CachedWFEntry
          ]
  
C:\Users\mcmco\Desktop\WMMR\src\MovieMakerCore\HMRAVSource\CachedWFSection.cpp(55,32): error C2065: 'MF_MT_BLOCK_ALIGNMENT': undeclared identifier [C:\Users\mcmco\Desktop\WMMR\build\src\MovieMakerCore\MovieMakerCore.vcxproj]
C:\Users\mcmco\Desktop\WMMR\src\MovieMakerCore\HMRAVSource\CachedWFSection.cpp(62,32): error C2065: 'MF_MT_AUDIO_AVG_BYTES_PER_SECTION': undeclared identifier [C:\Users\mcmco\Desktop\WMMR\build\src\MovieMakerCore\MovieMakerCore.vcxproj]
C:\Users\mcmco\Desktop\WMMR\src\MovieMakerCore\HMRAVSource\StreamSink.h(101,33): warning C4251: 'HMRAVSource::StreamSink::m_spSinkWriter': 'ATL::CComPtr<IMFSinkWriter>' needs to have dll-interface to be used by clients of 'HMRAVSource::StreamSink' [C:\Users\mcmco\Desktop\WMMR\build\src\MovieMakerCore\MovieMakerCore.vcxproj]
  (compiling source file '../../../src/MovieMakerCore/HMRAVSource/AVSourceFactory.cpp')
      C:\Program Files (x86)\Microsoft Visual Studio\2022\BuildTools\VC\Tools\MSVC\14.44.35207\atlmfc\include\atlcomcli.h(341,7):
      see declaration of 'ATL::CComPtr<IMFSinkWriter>'
  
C:\Users\mcmco\Desktop\WMMR\src\MovieMakerCore\HMRAVSource\StreamSink.h(108,33): warning C4251: 'HMRAVSource::StreamSink::m_progressCb': 'std::function<void (const HMRAVSource::StreamSinkStats &)>' needs to have dll-interface to be used by clients of 'HMRAVSource::StreamSink' [C:\Users\mcmco\Desktop\WMMR\build\src\MovieMakerCore\MovieMakerCore.vcxproj]
  (compiling source file '../../../src/MovieMakerCore/HMRAVSource/AVSourceFactory.cpp')
      C:\Program Files (x86)\Microsoft Visual Studio\2022\BuildTools\VC\Tools\MSVC\14.44.35207\include\functional(1089,7):
      see declaration of 'std::function<void (const HMRAVSource::StreamSinkStats &)>'
  
C:\Users\mcmco\Desktop\WMMR\src\MovieMakerCore\HMRAVSource\TranscodeManager.h(123,29): warning C4251: 'HMRAVSource::TranscodeManager::m_progressCb': 'std::function<void (const HMRAVSource::TranscodeProgress &)>' needs to have dll-interface to be used by clients of 'HMRAVSource::TranscodeManager' [C:\Users\mcmco\Desktop\WMMR\build\src\MovieMakerCore\MovieMakerCore.vcxproj]
  (compiling source file '../../../src/MovieMakerCore/HMRAVSource/AVSourceFactory.cpp')
      C:\Program Files (x86)\Microsoft Visual Studio\2022\BuildTools\VC\Tools\MSVC\14.44.35207\include\functional(1089,7):
      see declaration of 'std::function<void (const HMRAVSource::TranscodeProgress &)>'
  
C:\Users\mcmco\Desktop\WMMR\src\MovieMakerCore\HMRAVSource\TranscodeManager.h(124,29): warning C4251: 'HMRAVSource::TranscodeManager::m_errorCb': 'std::function<void (HRESULT,LPCWSTR)>' needs to have dll-interface to be used by clients of 'HMRAVSource::TranscodeManager' [C:\Users\mcmco\Desktop\WMMR\build\src\MovieMakerCore\MovieMakerCore.vcxproj]
  (compiling source file '../../../src/MovieMakerCore/HMRAVSource/AVSourceFactory.cpp')
      C:\Program Files (x86)\Microsoft Visual Studio\2022\BuildTools\VC\Tools\MSVC\14.44.35207\include\functional(1089,7):
      see declaration of 'std::function<void (HRESULT,LPCWSTR)>'
  
C:\Users\mcmco\Desktop\WMMR\src\MovieMakerCore\HMRAVSource\TranscodeManager.h(125,29): warning C4251: 'HMRAVSource::TranscodeManager::m_completeCb': 'std::function<void (HRESULT,LPCWSTR)>' needs to have dll-interface to be used by clients of 'HMRAVSource::TranscodeManager' [C:\Users\mcmco\Desktop\WMMR\build\src\MovieMakerCore\MovieMakerCore.vcxproj]
  (compiling source file '../../../src/MovieMakerCore/HMRAVSource/AVSourceFactory.cpp')
      C:\Program Files (x86)\Microsoft Visual Studio\2022\BuildTools\VC\Tools\MSVC\14.44.35207\include\functional(1089,7):
      see declaration of 'std::function<void (HRESULT,LPCWSTR)>'
  
C:\Users\mcmco\Desktop\WMMR\src\MovieMakerCore\HMRAVSource\TranscodeManager.h(127,29): warning C4251: 'HMRAVSource::TranscodeManager::m_spVideoTransform': 'ATL::CComPtr<IMFTransform>' needs to have dll-interface to be used by clients of 'HMRAVSource::TranscodeManager' [C:\Users\mcmco\Desktop\WMMR\build\src\MovieMakerCore\MovieMakerCore.vcxproj]
  (compiling source file '../../../src/MovieMakerCore/HMRAVSource/AVSourceFactory.cpp')
      C:\Program Files (x86)\Microsoft Visual Studio\2022\BuildTools\VC\Tools\MSVC\14.44.35207\atlmfc\include\atlcomcli.h(341,7):
      see declaration of 'ATL::CComPtr<IMFTransform>'
  
C:\Users\mcmco\Desktop\WMMR\src\MovieMakerCore\HMRAVSource\TranscodeManager.h(128,29): warning C4251: 'HMRAVSource::TranscodeManager::m_spAudioTransform': 'ATL::CComPtr<IMFTransform>' needs to have dll-interface to be used by clients of 'HMRAVSource::TranscodeManager' [C:\Users\mcmco\Desktop\WMMR\build\src\MovieMakerCore\MovieMakerCore.vcxproj]
  (compiling source file '../../../src/MovieMakerCore/HMRAVSource/AVSourceFactory.cpp')
      C:\Program Files (x86)\Microsoft Visual Studio\2022\BuildTools\VC\Tools\MSVC\14.44.35207\atlmfc\include\atlcomcli.h(341,7):
      see declaration of 'ATL::CComPtr<IMFTransform>'
  
C:\Users\mcmco\Desktop\WMMR\src\MovieMakerCore\pch.h(21,9): warning C4005: 'WINVER': macro redefinition [C:\Users\mcmco\Desktop\WMMR\build\src\MovieMakerCore\MovieMakerCore.vcxproj]
  (compiling source file '../../../src/MovieMakerCore/HMRAVSource/AsyncSourceResolver.cpp')
      C:\Users\mcmco\Desktop\WMMR\src\MovieMakerCore\pch.h(21,9):
      'WINVER' previously declared on the command line
  
C:\Users\mcmco\Desktop\WMMR\src\MovieMakerCore\pch.h(22,9): warning C4005: '_WIN32_WINNT': macro redefinition [C:\Users\mcmco\Desktop\WMMR\build\src\MovieMakerCore\MovieMakerCore.vcxproj]
  (compiling source file '../../../src/MovieMakerCore/HMRAVSource/AsyncSourceResolver.cpp')
      C:\Users\mcmco\Desktop\WMMR\src\MovieMakerCore\pch.h(22,9):
      '_WIN32_WINNT' previously declared on the command line
  
C:\Users\mcmco\Desktop\WMMR\src\MovieMakerCore\pch.h(30,9): warning C4005: 'WIN32_LEAN_AND_MEAN': macro redefinition [C:\Users\mcmco\Desktop\WMMR\build\src\MovieMakerCore\MovieMakerCore.vcxproj]
  (compiling source file '../../../src/MovieMakerCore/HMRAVSource/AsyncSourceResolver.cpp')
      C:\Users\mcmco\Desktop\WMMR\src\MovieMakerCore\pch.h(30,9):
      'WIN32_LEAN_AND_MEAN' previously declared on the command line
  
C:\Users\mcmco\Desktop\WMMR\src\MovieMakerCore\pch.h(31,9): warning C4005: 'NOMINMAX': macro redefinition [C:\Users\mcmco\Desktop\WMMR\build\src\MovieMakerCore\MovieMakerCore.vcxproj]
  (compiling source file '../../../src/MovieMakerCore/HMRAVSource/AsyncSourceResolver.cpp')
      C:\Users\mcmco\Desktop\WMMR\src\MovieMakerCore\pch.h(31,9):
      'NOMINMAX' previously declared on the command line
  
C:\Users\mcmco\Desktop\WMMR\src\MovieMakerCore\pch.h(32,9): warning C4005: '_CRT_SECURE_NO_WARNINGS': macro redefinition [C:\Users\mcmco\Desktop\WMMR\build\src\MovieMakerCore\MovieMakerCore.vcxproj]
  (compiling source file '../../../src/MovieMakerCore/HMRAVSource/AsyncSourceResolver.cpp')
      C:\Users\mcmco\Desktop\WMMR\src\MovieMakerCore\pch.h(32,9):
      '_CRT_SECURE_NO_WARNINGS' previously declared on the command line
  
C:\Users\mcmco\Desktop\WMMR\src\MovieMakerCore\pch.h(33,9): warning C4005: '_WINDLL': macro redefinition [C:\Users\mcmco\Desktop\WMMR\build\src\MovieMakerCore\MovieMakerCore.vcxproj]
  (compiling source file '../../../src/MovieMakerCore/HMRAVSource/AsyncSourceResolver.cpp')
      C:\Users\mcmco\Desktop\WMMR\src\MovieMakerCore\pch.h(33,9):
      '_WINDLL' previously declared on the command line
  
C:\Users\mcmco\Desktop\WMMR\src\MovieMakerCore\pch.h(34,9): warning C4005: '_AFXDLL': macro redefinition [C:\Users\mcmco\Desktop\WMMR\build\src\MovieMakerCore\MovieMakerCore.vcxproj]
  (compiling source file '../../../src/MovieMakerCore/HMRAVSource/AsyncSourceResolver.cpp')
      C:\Users\mcmco\Desktop\WMMR\src\MovieMakerCore\pch.h(34,9):
      '_AFXDLL' previously declared on the command line
  
C:\Users\mcmco\Desktop\WMMR\src\MovieMakerCore\pch.h(35,9): warning C4005: '_ATL_CSTRING_EXPLICIT_CONSTRUCTORS': macro redefinition [C:\Users\mcmco\Desktop\WMMR\build\src\MovieMakerCore\MovieMakerCore.vcxproj]
  (compiling source file '../../../src/MovieMakerCore/HMRAVSource/AsyncSourceResolver.cpp')
      C:\Users\mcmco\Desktop\WMMR\src\MovieMakerCore\pch.h(35,9):
      '_ATL_CSTRING_EXPLICIT_CONSTRUCTORS' previously declared on the command line
  
C:\Users\mcmco\Desktop\WMMR\src\MovieMakerCore\pch.h(36,9): warning C4005: '_ATL_ALL_WARNINGS': macro redefinition [C:\Users\mcmco\Desktop\WMMR\build\src\MovieMakerCore\MovieMakerCore.vcxproj]
  (compiling source file '../../../src/MovieMakerCore/HMRAVSource/AsyncSourceResolver.cpp')
      C:\Users\mcmco\Desktop\WMMR\src\MovieMakerCore\pch.h(36,9):
      '_ATL_ALL_WARNINGS' previously declared on the command line
  
  DShowMFSourceReaderBuilder.cpp
C:\Users\mcmco\Desktop\WMMR\src\MovieMakerCore\HMRAVSource\VideoCapture.h(105,37): warning C4251: 'HMRAVSource::VideoCapture::m_spMediaSource': 'ATL::CComPtr<IMFMediaSource>' needs to have dll-interface to be used by clients of 'HMRAVSource::VideoCapture' [C:\Users\mcmco\Desktop\WMMR\build\src\MovieMakerCore\MovieMakerCore.vcxproj]
  (compiling source file '../../../src/MovieMakerCore/HMRAVSource/AVSourceFactory.cpp')
      C:\Program Files (x86)\Microsoft Visual Studio\2022\BuildTools\VC\Tools\MSVC\14.44.35207\atlmfc\include\atlcomcli.h(341,7):
      see declaration of 'ATL::CComPtr<IMFMediaSource>'
  
C:\Users\mcmco\Desktop\WMMR\src\MovieMakerCore\HMRAVSource\VideoCapture.h(106,37): warning C4251: 'HMRAVSource::VideoCapture::m_spCaptureEngine': 'ATL::CComPtr<IMFCaptureEngine>' needs to have dll-interface to be used by clients of 'HMRAVSource::VideoCapture' [C:\Users\mcmco\Desktop\WMMR\build\src\MovieMakerCore\MovieMakerCore.vcxproj]
  (compiling source file '../../../src/MovieMakerCore/HMRAVSource/AVSourceFactory.cpp')
      C:\Program Files (x86)\Microsoft Visual Studio\2022\BuildTools\VC\Tools\MSVC\14.44.35207\atlmfc\include\atlcomcli.h(341,7):
      see declaration of 'ATL::CComPtr<IMFCaptureEngine>'
  
C:\Users\mcmco\Desktop\WMMR\src\MovieMakerCore\HMRAVSource\VideoCapture.h(107,37): warning C4251: 'HMRAVSource::VideoCapture::m_spPreviewSink': 'ATL::CComPtr<IMFCapturePreviewSink>' needs to have dll-interface to be used by clients of 'HMRAVSource::VideoCapture' [C:\Users\mcmco\Desktop\WMMR\build\src\MovieMakerCore\MovieMakerCore.vcxproj]
  (compiling source file '../../../src/MovieMakerCore/HMRAVSource/AVSourceFactory.cpp')
      C:\Program Files (x86)\Microsoft Visual Studio\2022\BuildTools\VC\Tools\MSVC\14.44.35207\atlmfc\include\atlcomcli.h(341,7):
      see declaration of 'ATL::CComPtr<IMFCapturePreviewSink>'
  
C:\Users\mcmco\Desktop\WMMR\src\MovieMakerCore\HMRAVSource\VideoCapture.h(108,37): warning C4251: 'HMRAVSource::VideoCapture::m_spRecordSink': 'ATL::CComPtr<IMFCaptureRecordSink>' needs to have dll-interface to be used by clients of 'HMRAVSource::VideoCapture' [C:\Users\mcmco\Desktop\WMMR\build\src\MovieMakerCore\MovieMakerCore.vcxproj]
  (compiling source file '../../../src/MovieMakerCore/HMRAVSource/AVSourceFactory.cpp')
      C:\Program Files (x86)\Microsoft Visual Studio\2022\BuildTools\VC\Tools\MSVC\14.44.35207\atlmfc\include\atlcomcli.h(341,7):
      see declaration of 'ATL::CComPtr<IMFCaptureRecordSink>'
  
C:\Users\mcmco\Desktop\WMMR\src\MovieMakerCore\HMRAVSource\VideoCapture.h(117,38): warning C4251: 'HMRAVSource::VideoCapture::m_frameCb': 'std::function<void (IMFSample *)>' needs to have dll-interface to be used by clients of 'HMRAVSource::VideoCapture' [C:\Users\mcmco\Desktop\WMMR\build\src\MovieMakerCore\MovieMakerCore.vcxproj]
  (compiling source file '../../../src/MovieMakerCore/HMRAVSource/AVSourceFactory.cpp')
      C:\Program Files (x86)\Microsoft Visual Studio\2022\BuildTools\VC\Tools\MSVC\14.44.35207\include\functional(1089,7):
      see declaration of 'std::function<void (IMFSample *)>'
  
C:\Users\mcmco\Desktop\WMMR\src\MovieMakerCore\HMRAVSource\AudioCapture.h(107,33): warning C4251: 'HMRAVSource::AudioCapture::m_spMediaSource': 'ATL::CComPtr<IMFMediaSource>' needs to have dll-interface to be used by clients of 'HMRAVSource::AudioCapture' [C:\Users\mcmco\Desktop\WMMR\build\src\MovieMakerCore\MovieMakerCore.vcxproj]
  (compiling source file '../../../src/MovieMakerCore/HMRAVSource/AVSourceFactory.cpp')
      C:\Program Files (x86)\Microsoft Visual Studio\2022\BuildTools\VC\Tools\MSVC\14.44.35207\atlmfc\include\atlcomcli.h(341,7):
      see declaration of 'ATL::CComPtr<IMFMediaSource>'
  
C:\Users\mcmco\Desktop\WMMR\src\MovieMakerCore\HMRAVSource\AudioCapture.h(108,33): warning C4251: 'HMRAVSource::AudioCapture::m_spReader': 'ATL::CComPtr<IMFSourceReader>' needs to have dll-interface to be used by clients of 'HMRAVSource::AudioCapture' [C:\Users\mcmco\Desktop\WMMR\build\src\MovieMakerCore\MovieMakerCore.vcxproj]
  (compiling source file '../../../src/MovieMakerCore/HMRAVSource/AVSourceFactory.cpp')
      C:\Program Files (x86)\Microsoft Visual Studio\2022\BuildTools\VC\Tools\MSVC\14.44.35207\atlmfc\include\atlcomcli.h(341,7):
      see declaration of 'ATL::CComPtr<IMFSourceReader>'
  
C:\Users\mcmco\Desktop\WMMR\src\MovieMakerCore\HMRAVSource\AudioCapture.h(116,34): warning C4251: 'HMRAVSource::AudioCapture::m_sampleCb': 'std::function<void (IMFSample *)>' needs to have dll-interface to be used by clients of 'HMRAVSource::AudioCapture' [C:\Users\mcmco\Desktop\WMMR\build\src\MovieMakerCore\MovieMakerCore.vcxproj]
  (compiling source file '../../../src/MovieMakerCore/HMRAVSource/AVSourceFactory.cpp')
      C:\Program Files (x86)\Microsoft Visual Studio\2022\BuildTools\VC\Tools\MSVC\14.44.35207\include\functional(1089,7):
      see declaration of 'std::function<void (IMFSample *)>'
  
C:\Users\mcmco\Desktop\WMMR\src\MovieMakerCore\HMRAVSource\AVCaptureSession.h(117,25): warning C4251: 'HMRAVSource::AVCaptureSession::m_statsCb': 'std::function<void (const HMRAVSource::AVCaptureSessionStats &)>' needs to have dll-interface to be used by clients of 'HMRAVSource::AVCaptureSession' [C:\Users\mcmco\Desktop\WMMR\build\src\MovieMakerCore\MovieMakerCore.vcxproj]
  (compiling source file '../../../src/MovieMakerCore/HMRAVSource/AVSourceFactory.cpp')
      C:\Program Files (x86)\Microsoft Visual Studio\2022\BuildTools\VC\Tools\MSVC\14.44.35207\include\functional(1089,7):
      see declaration of 'std::function<void (const HMRAVSource::AVCaptureSessionStats &)>'
  
C:\Users\mcmco\Desktop\WMMR\src\MovieMakerCore\HMRAVSource\AVCaptureSession.h(118,25): warning C4251: 'HMRAVSource::AVCaptureSession::m_errorCb': 'std::function<void (HRESULT)>' needs to have dll-interface to be used by clients of 'HMRAVSource::AVCaptureSession' [C:\Users\mcmco\Desktop\WMMR\build\src\MovieMakerCore\MovieMakerCore.vcxproj]
  (compiling source file '../../../src/MovieMakerCore/HMRAVSource/AVSourceFactory.cpp')
      C:\Program Files (x86)\Microsoft Visual Studio\2022\BuildTools\VC\Tools\MSVC\14.44.35207\include\functional(1089,7):
      see declaration of 'std::function<void (HRESULT)>'
  
C:\Users\mcmco\Desktop\WMMR\src\MovieMakerCore\HMRAVSource\AVCaptureSession.h(119,25): warning C4251: 'HMRAVSource::AVCaptureSession::m_completeCb': 'std::function<void (HRESULT)>' needs to have dll-interface to be used by clients of 'HMRAVSource::AVCaptureSession' [C:\Users\mcmco\Desktop\WMMR\build\src\MovieMakerCore\MovieMakerCore.vcxproj]
  (compiling source file '../../../src/MovieMakerCore/HMRAVSource/AVSourceFactory.cpp')
      C:\Program Files (x86)\Microsoft Visual Studio\2022\BuildTools\VC\Tools\MSVC\14.44.35207\include\functional(1089,7):
      see declaration of 'std::function<void (HRESULT)>'
  
C:\Users\mcmco\Desktop\WMMR\src\MovieMakerCore\HMRAVSource\AVCaptureSession.h(169,25): warning C4251: 'HMRAVSource::AudioCaptureSession::m_strOutputPath': 'ATL::CStringT<wchar_t,ATL::StrTraitATL<wchar_t,ATL::ChTraitsCRT<wchar_t>>>' needs to have dll-interface to be used by clients of 'HMRAVSource::AudioCaptureSession' [C:\Users\mcmco\Desktop\WMMR\build\src\MovieMakerCore\MovieMakerCore.vcxproj]
  (compiling source file '../../../src/MovieMakerCore/HMRAVSource/AVSourceFactory.cpp')
      C:\Program Files (x86)\Microsoft Visual Studio\2022\BuildTools\VC\Tools\MSVC\14.44.35207\atlmfc\include\cstringt.h(999,7):
      see declaration of 'ATL::CStringT<wchar_t,ATL::StrTraitATL<wchar_t,ATL::ChTraitsCRT<wchar_t>>>'
  
C:\Users\mcmco\Desktop\WMMR\src\MovieMakerCore\HMRAVSource\AVCaptureSession.h(173,25): warning C4251: 'HMRAVSource::AudioCaptureSession::m_completeCb': 'std::function<void (HRESULT,LPCWSTR)>' needs to have dll-interface to be used by clients of 'HMRAVSource::AudioCaptureSession' [C:\Users\mcmco\Desktop\WMMR\build\src\MovieMakerCore\MovieMakerCore.vcxproj]
  (compiling source file '../../../src/MovieMakerCore/HMRAVSource/AVSourceFactory.cpp')
      C:\Program Files (x86)\Microsoft Visual Studio\2022\BuildTools\VC\Tools\MSVC\14.44.35207\include\functional(1089,7):
      see declaration of 'std::function<void (HRESULT,LPCWSTR)>'
  
C:\Users\mcmco\Desktop\WMMR\src\MovieMakerCore\HMRAVSource\CachedWFSection.h(80,35): warning C4251: 'HMRAVSource::CachedWFSection::m_arrEntries': 'ATL::CAtlArray<HMRAVSource::CachedWFEntry,ATL::CElementTraits<E>>' needs to have dll-interface to be used by clients of 'HMRAVSource::CachedWFSection' [C:\Users\mcmco\Desktop\WMMR\build\src\MovieMakerCore\MovieMakerCore.vcxproj]
C:\Users\mcmco\Desktop\WMMR\src\MovieMakerCore\HMRAVSource\CachedWFSection.h(80,35): warning C4251:         with [C:\Users\mcmco\Desktop\WMMR\build\src\MovieMakerCore\MovieMakerCore.vcxproj]
C:\Users\mcmco\Desktop\WMMR\src\MovieMakerCore\HMRAVSource\CachedWFSection.h(80,35): warning C4251:         [ [C:\Users\mcmco\Desktop\WMMR\build\src\MovieMakerCore\MovieMakerCore.vcxproj]
C:\Users\mcmco\Desktop\WMMR\src\MovieMakerCore\HMRAVSource\CachedWFSection.h(80,35): warning C4251:             E=HMRAVSource::CachedWFEntry [C:\Users\mcmco\Desktop\WMMR\build\src\MovieMakerCore\MovieMakerCore.vcxproj]
C:\Users\mcmco\Desktop\WMMR\src\MovieMakerCore\HMRAVSource\CachedWFSection.h(80,35): warning C4251:         ] [C:\Users\mcmco\Desktop\WMMR\build\src\MovieMakerCore\MovieMakerCore.vcxproj]
  (compiling source file '../../../src/MovieMakerCore/HMRAVSource/AVSourceFactory.cpp')
      C:\Program Files (x86)\Microsoft Visual Studio\2022\BuildTools\VC\Tools\MSVC\14.44.35207\atlmfc\include\atlcoll.h(530,7):
      see declaration of 'ATL::CAtlArray<HMRAVSource::CachedWFEntry,ATL::CElementTraits<E>>'
          with
          [
              E=HMRAVSource::CachedWFEntry
          ]
  
C:\Users\mcmco\Desktop\WMMR\src\MovieMakerCore\HMRAVSource\AVSourceFactory.h(40,47): error C2065: 'CLSID_AVSourceFactory': undeclared identifier [C:\Users\mcmco\Desktop\WMMR\build\src\MovieMakerCore\MovieMakerCore.vcxproj]
  (compiling source file '../../../src/MovieMakerCore/HMRAVSource/AVSourceFactory.cpp')
  
C:\Users\mcmco\Desktop\WMMR\src\MovieMakerCore\HMRAVSource\AVSourceFactory.h(40,47): error C2975: 'pclsid': invalid template argument for 'ATL::CComCoClass', expected compile-time constant expression [C:\Users\mcmco\Desktop\WMMR\build\src\MovieMakerCore\MovieMakerCore.vcxproj]
  (compiling source file '../../../src/MovieMakerCore/HMRAVSource/AVSourceFactory.cpp')
      C:\Program Files (x86)\Microsoft Visual Studio\2022\BuildTools\VC\Tools\MSVC\14.44.35207\atlmfc\include\atlcom.h(4467,33):
      see declaration of 'pclsid'
  
C:\Users\mcmco\Desktop\WMMR\src\MovieMakerCore\HMRAVSource\AVSourceFactory.h(39,17): warning C4275: non dll-interface class 'ATL::CComObjectRootBase' used as base for dll-interface class 'ATL::CComObjectRootEx<ATL::CComObjectThreadModel>' [C:\Users\mcmco\Desktop\WMMR\build\src\MovieMakerCore\MovieMakerCore.vcxproj]
  (compiling source file '../../../src/MovieMakerCore/HMRAVSource/AVSourceFactory.cpp')
      C:\Program Files (x86)\Microsoft Visual Studio\2022\BuildTools\VC\Tools\MSVC\14.44.35207\atlmfc\include\atlcom.h(2561,7):
      see declaration of 'ATL::CComObjectRootBase'
      C:\Program Files (x86)\Microsoft Visual Studio\2022\BuildTools\VC\Tools\MSVC\14.44.35207\atlmfc\include\atlcom.h(2786,7):
      see declaration of 'ATL::CComObjectRootEx<ATL::CComObjectThreadModel>'
  
C:\Users\mcmco\Desktop\WMMR\src\MovieMakerCore\HMRAVSource\AVSourceFactory.h(39,17): warning C4251: 'ATL::CComObjectRootEx<ATL::CComObjectThreadModel>::m_critsec': 'ATL::CComAutoDeleteCriticalSection' needs to have dll-interface to be used by clients of 'ATL::CComObjectRootEx<ATL::CComObjectThreadModel>' [C:\Users\mcmco\Desktop\WMMR\build\src\MovieMakerCore\MovieMakerCore.vcxproj]
  (compiling source file '../../../src/MovieMakerCore/HMRAVSource/AVSourceFactory.cpp')
      C:\Program Files (x86)\Microsoft Visual Studio\2022\BuildTools\VC\Tools\MSVC\14.44.35207\atlmfc\include\atlcore.h(239,7):
      see declaration of 'ATL::CComAutoDeleteCriticalSection'
  
C:\Users\mcmco\Desktop\WMMR\src\MovieMakerCore\HMRAVSource\AVSourceFactory.h(47,5): error C2065: 'IDR_AVSOURCEFACTORY': undeclared identifier [C:\Users\mcmco\Desktop\WMMR\build\src\MovieMakerCore\MovieMakerCore.vcxproj]
  (compiling source file '../../../src/MovieMakerCore/HMRAVSource/AVSourceFactory.cpp')
  
C:\Users\mcmco\Desktop\WMMR\src\MovieMakerCore\HMRAVSource\AVSourceFactory.cpp(48,22): error C2039: 'QueryInterface': is not a member of 'ATL::_NoAddRefReleaseOnCComPtr<T>' [C:\Users\mcmco\Desktop\WMMR\build\src\MovieMakerCore\MovieMakerCore.vcxproj]
C:\Users\mcmco\Desktop\WMMR\src\MovieMakerCore\HMRAVSource\AVSourceFactory.cpp(48,22): error C2039:         with [C:\Users\mcmco\Desktop\WMMR\build\src\MovieMakerCore\MovieMakerCore.vcxproj]
C:\Users\mcmco\Desktop\WMMR\src\MovieMakerCore\HMRAVSource\AVSourceFactory.cpp(48,22): error C2039:         [ [C:\Users\mcmco\Desktop\WMMR\build\src\MovieMakerCore\MovieMakerCore.vcxproj]
C:\Users\mcmco\Desktop\WMMR\src\MovieMakerCore\HMRAVSource\AVSourceFactory.cpp(48,22): error C2039:             T=HMRAVSource::AVSource [C:\Users\mcmco\Desktop\WMMR\build\src\MovieMakerCore\MovieMakerCore.vcxproj]
C:\Users\mcmco\Desktop\WMMR\src\MovieMakerCore\HMRAVSource\AVSourceFactory.cpp(48,22): error C2039:         ] [C:\Users\mcmco\Desktop\WMMR\build\src\MovieMakerCore\MovieMakerCore.vcxproj]
      C:\Program Files (x86)\Microsoft Visual Studio\2022\BuildTools\VC\Tools\MSVC\14.44.35207\atlmfc\include\atlcomcli.h(134,29):
      see declaration of 'ATL::_NoAddRefReleaseOnCComPtr<T>'
          with
          [
              T=HMRAVSource::AVSource
          ]
  
C:\Users\mcmco\Desktop\WMMR\src\MovieMakerCore\pch.h(21,9): warning C4005: 'WINVER': macro redefinition [C:\Users\mcmco\Desktop\WMMR\build\src\MovieMakerCore\MovieMakerCore.vcxproj]
  (compiling source file '../../../src/MovieMakerCore/HMRAVSource/DShowMFSourceReaderBuilder.cpp')
      C:\Users\mcmco\Desktop\WMMR\src\MovieMakerCore\pch.h(21,9):
      'WINVER' previously declared on the command line
  
C:\Users\mcmco\Desktop\WMMR\src\MovieMakerCore\pch.h(22,9): warning C4005: '_WIN32_WINNT': macro redefinition [C:\Users\mcmco\Desktop\WMMR\build\src\MovieMakerCore\MovieMakerCore.vcxproj]
  (compiling source file '../../../src/MovieMakerCore/HMRAVSource/DShowMFSourceReaderBuilder.cpp')
      C:\Users\mcmco\Desktop\WMMR\src\MovieMakerCore\pch.h(22,9):
      '_WIN32_WINNT' previously declared on the command line
  
C:\Users\mcmco\Desktop\WMMR\src\MovieMakerCore\pch.h(30,9): warning C4005: 'WIN32_LEAN_AND_MEAN': macro redefinition [C:\Users\mcmco\Desktop\WMMR\build\src\MovieMakerCore\MovieMakerCore.vcxproj]
  (compiling source file '../../../src/MovieMakerCore/HMRAVSource/DShowMFSourceReaderBuilder.cpp')
      C:\Users\mcmco\Desktop\WMMR\src\MovieMakerCore\pch.h(30,9):
      'WIN32_LEAN_AND_MEAN' previously declared on the command line
  
C:\Users\mcmco\Desktop\WMMR\src\MovieMakerCore\pch.h(31,9): warning C4005: 'NOMINMAX': macro redefinition [C:\Users\mcmco\Desktop\WMMR\build\src\MovieMakerCore\MovieMakerCore.vcxproj]
  (compiling source file '../../../src/MovieMakerCore/HMRAVSource/DShowMFSourceReaderBuilder.cpp')
      C:\Users\mcmco\Desktop\WMMR\src\MovieMakerCore\pch.h(31,9):
      'NOMINMAX' previously declared on the command line
  
C:\Users\mcmco\Desktop\WMMR\src\MovieMakerCore\pch.h(32,9): warning C4005: '_CRT_SECURE_NO_WARNINGS': macro redefinition [C:\Users\mcmco\Desktop\WMMR\build\src\MovieMakerCore\MovieMakerCore.vcxproj]
  (compiling source file '../../../src/MovieMakerCore/HMRAVSource/DShowMFSourceReaderBuilder.cpp')
      C:\Users\mcmco\Desktop\WMMR\src\MovieMakerCore\pch.h(32,9):
      '_CRT_SECURE_NO_WARNINGS' previously declared on the command line
  
C:\Users\mcmco\Desktop\WMMR\src\MovieMakerCore\pch.h(33,9): warning C4005: '_WINDLL': macro redefinition [C:\Users\mcmco\Desktop\WMMR\build\src\MovieMakerCore\MovieMakerCore.vcxproj]
  (compiling source file '../../../src/MovieMakerCore/HMRAVSource/DShowMFSourceReaderBuilder.cpp')
      C:\Users\mcmco\Desktop\WMMR\src\MovieMakerCore\pch.h(33,9):
      '_WINDLL' previously declared on the command line
  
C:\Users\mcmco\Desktop\WMMR\src\MovieMakerCore\pch.h(34,9): warning C4005: '_AFXDLL': macro redefinition [C:\Users\mcmco\Desktop\WMMR\build\src\MovieMakerCore\MovieMakerCore.vcxproj]
  (compiling source file '../../../src/MovieMakerCore/HMRAVSource/DShowMFSourceReaderBuilder.cpp')
      C:\Users\mcmco\Desktop\WMMR\src\MovieMakerCore\pch.h(34,9):
      '_AFXDLL' previously declared on the command line
  
C:\Users\mcmco\Desktop\WMMR\src\MovieMakerCore\pch.h(35,9): warning C4005: '_ATL_CSTRING_EXPLICIT_CONSTRUCTORS': macro redefinition [C:\Users\mcmco\Desktop\WMMR\build\src\MovieMakerCore\MovieMakerCore.vcxproj]
  (compiling source file '../../../src/MovieMakerCore/HMRAVSource/DShowMFSourceReaderBuilder.cpp')
      C:\Users\mcmco\Desktop\WMMR\src\MovieMakerCore\pch.h(35,9):
      '_ATL_CSTRING_EXPLICIT_CONSTRUCTORS' previously declared on the command line
  
C:\Users\mcmco\Desktop\WMMR\src\MovieMakerCore\pch.h(36,9): warning C4005: '_ATL_ALL_WARNINGS': macro redefinition [C:\Users\mcmco\Desktop\WMMR\build\src\MovieMakerCore\MovieMakerCore.vcxproj]
  (compiling source file '../../../src/MovieMakerCore/HMRAVSource/DShowMFSourceReaderBuilder.cpp')
      C:\Users\mcmco\Desktop\WMMR\src\MovieMakerCore\pch.h(36,9):
      '_ATL_ALL_WARNINGS' previously declared on the command line
  
  MFSourceReaderBuilder.cpp
C:\Users\mcmco\Desktop\WMMR\src\MovieMakerCore\pch.h(21,9): warning C4005: 'WINVER': macro redefinition [C:\Users\mcmco\Desktop\WMMR\build\src\MovieMakerCore\MovieMakerCore.vcxproj]
  (compiling source file '../../../src/MovieMakerCore/HMRAVSource/MFSourceReaderBuilder.cpp')
      C:\Users\mcmco\Desktop\WMMR\src\MovieMakerCore\pch.h(21,9):
      'WINVER' previously declared on the command line
  
C:\Users\mcmco\Desktop\WMMR\src\MovieMakerCore\pch.h(22,9): warning C4005: '_WIN32_WINNT': macro redefinition [C:\Users\mcmco\Desktop\WMMR\build\src\MovieMakerCore\MovieMakerCore.vcxproj]
  (compiling source file '../../../src/MovieMakerCore/HMRAVSource/MFSourceReaderBuilder.cpp')
      C:\Users\mcmco\Desktop\WMMR\src\MovieMakerCore\pch.h(22,9):
      '_WIN32_WINNT' previously declared on the command line
  
C:\Users\mcmco\Desktop\WMMR\src\MovieMakerCore\pch.h(30,9): warning C4005: 'WIN32_LEAN_AND_MEAN': macro redefinition [C:\Users\mcmco\Desktop\WMMR\build\src\MovieMakerCore\MovieMakerCore.vcxproj]
  (compiling source file '../../../src/MovieMakerCore/HMRAVSource/MFSourceReaderBuilder.cpp')
      C:\Users\mcmco\Desktop\WMMR\src\MovieMakerCore\pch.h(30,9):
      'WIN32_LEAN_AND_MEAN' previously declared on the command line
  
C:\Users\mcmco\Desktop\WMMR\src\MovieMakerCore\pch.h(31,9): warning C4005: 'NOMINMAX': macro redefinition [C:\Users\mcmco\Desktop\WMMR\build\src\MovieMakerCore\MovieMakerCore.vcxproj]
  (compiling source file '../../../src/MovieMakerCore/HMRAVSource/MFSourceReaderBuilder.cpp')
      C:\Users\mcmco\Desktop\WMMR\src\MovieMakerCore\pch.h(31,9):
      'NOMINMAX' previously declared on the command line
  
C:\Users\mcmco\Desktop\WMMR\src\MovieMakerCore\pch.h(32,9): warning C4005: '_CRT_SECURE_NO_WARNINGS': macro redefinition [C:\Users\mcmco\Desktop\WMMR\build\src\MovieMakerCore\MovieMakerCore.vcxproj]
  (compiling source file '../../../src/MovieMakerCore/HMRAVSource/MFSourceReaderBuilder.cpp')
      C:\Users\mcmco\Desktop\WMMR\src\MovieMakerCore\pch.h(32,9):
      '_CRT_SECURE_NO_WARNINGS' previously declared on the command line
  
C:\Users\mcmco\Desktop\WMMR\src\MovieMakerCore\pch.h(33,9): warning C4005: '_WINDLL': macro redefinition [C:\Users\mcmco\Desktop\WMMR\build\src\MovieMakerCore\MovieMakerCore.vcxproj]
  (compiling source file '../../../src/MovieMakerCore/HMRAVSource/MFSourceReaderBuilder.cpp')
      C:\Users\mcmco\Desktop\WMMR\src\MovieMakerCore\pch.h(33,9):
      '_WINDLL' previously declared on the command line
  
C:\Users\mcmco\Desktop\WMMR\src\MovieMakerCore\pch.h(34,9): warning C4005: '_AFXDLL': macro redefinition [C:\Users\mcmco\Desktop\WMMR\build\src\MovieMakerCore\MovieMakerCore.vcxproj]
  (compiling source file '../../../src/MovieMakerCore/HMRAVSource/MFSourceReaderBuilder.cpp')
      C:\Users\mcmco\Desktop\WMMR\src\MovieMakerCore\pch.h(34,9):
      '_AFXDLL' previously declared on the command line
  
C:\Users\mcmco\Desktop\WMMR\src\MovieMakerCore\pch.h(35,9): warning C4005: '_ATL_CSTRING_EXPLICIT_CONSTRUCTORS': macro redefinition [C:\Users\mcmco\Desktop\WMMR\build\src\MovieMakerCore\MovieMakerCore.vcxproj]
  (compiling source file '../../../src/MovieMakerCore/HMRAVSource/MFSourceReaderBuilder.cpp')
      C:\Users\mcmco\Desktop\WMMR\src\MovieMakerCore\pch.h(35,9):
      '_ATL_CSTRING_EXPLICIT_CONSTRUCTORS' previously declared on the command line
  
C:\Users\mcmco\Desktop\WMMR\src\MovieMakerCore\pch.h(36,9): warning C4005: '_ATL_ALL_WARNINGS': macro redefinition [C:\Users\mcmco\Desktop\WMMR\build\src\MovieMakerCore\MovieMakerCore.vcxproj]
  (compiling source file '../../../src/MovieMakerCore/HMRAVSource/MFSourceReaderBuilder.cpp')
      C:\Users\mcmco\Desktop\WMMR\src\MovieMakerCore\pch.h(36,9):
      '_ATL_ALL_WARNINGS' previously declared on the command line
  
C:\Users\mcmco\Desktop\WMMR\src\WTL\atlprint.h(809,25): warning C4100: 'dc': unreferenced parameter [C:\Users\mcmco\Desktop\WMMR\build\src\MovieMakerCore\MovieMakerCore.vcxproj]
  (compiling source file '../../../src/MovieMakerCore/HMRAVSource/AVSink.cpp')
  
C:\Users\mcmco\Desktop\WMMR\src\WTL\atlprint.h(809,25): warning C4100: 'dc': unreferenced parameter [C:\Users\mcmco\Desktop\WMMR\build\src\MovieMakerCore\MovieMakerCore.vcxproj]
  (compiling source file '../../../src/MovieMakerCore/HMRAVSource/StreamSinkHost.cpp')
  
C:\Users\mcmco\Desktop\WMMR\src\WTL\atlprint.h(809,25): warning C4100: 'dc': unreferenced parameter [C:\Users\mcmco\Desktop\WMMR\build\src\MovieMakerCore\MovieMakerCore.vcxproj]
  (compiling source file '../../../src/MovieMakerCore/HMRAVSource/StreamSinkHelper.cpp')
  
C:\Users\mcmco\Desktop\WMMR\src\WTL\atlprint.h(809,25): warning C4100: 'dc': unreferenced parameter [C:\Users\mcmco\Desktop\WMMR\build\src\MovieMakerCore\MovieMakerCore.vcxproj]
  (compiling source file '../../../src/MovieMakerCore/HMRAVSource/SAXProfileBuilder.cpp')
  
C:\Users\mcmco\Desktop\WMMR\src\WTL\atlprint.h(809,25): warning C4100: 'dc': unreferenced parameter [C:\Users\mcmco\Desktop\WMMR\build\src\MovieMakerCore\MovieMakerCore.vcxproj]
  (compiling source file '../../../src/MovieMakerCore/HMRAVSource/NativeMFSourceReaderBuilder.cpp')
  
C:\Users\mcmco\Desktop\WMMR\src\WTL\atlprint.h(809,25): warning C4100: 'dc': unreferenced parameter [C:\Users\mcmco\Desktop\WMMR\build\src\MovieMakerCore\MovieMakerCore.vcxproj]
  (compiling source file '../../../src/MovieMakerCore/HMRAVSource/DShowMFSourceReaderBuilder.cpp')
  
C:\Users\mcmco\Desktop\WMMR\src\WTL\atlprint.h(809,25): warning C4100: 'dc': unreferenced parameter [C:\Users\mcmco\Desktop\WMMR\build\src\MovieMakerCore\MovieMakerCore.vcxproj]
  (compiling source file '../../../src/MovieMakerCore/HMRAVSource/AsyncSourceResolver.cpp')
  
C:\Users\mcmco\Desktop\WMMR\src\WTL\atlprint.h(809,25): warning C4100: 'dc': unreferenced parameter [C:\Users\mcmco\Desktop\WMMR\build\src\MovieMakerCore\MovieMakerCore.vcxproj]
  (compiling source file '../../../src/MovieMakerCore/HMRAVSource/MFSourceReaderBuilder.cpp')
  
C:\Users\mcmco\Desktop\WMMR\src\WLXPhotoBase\BaseTypes.h(536,18): warning C4251: 'Base::File::m_strPath': 'ATL::CStringT<wchar_t,ATL::StrTraitATL<wchar_t,ATL::ChTraitsCRT<wchar_t>>>' needs to have dll-interface to be used by clients of 'Base::File' [C:\Users\mcmco\Desktop\WMMR\build\src\MovieMakerCore\MovieMakerCore.vcxproj]
  (compiling source file '../../../src/MovieMakerCore/HMRAVSource/AVSink.cpp')
      C:\Program Files (x86)\Microsoft Visual Studio\2022\BuildTools\VC\Tools\MSVC\14.44.35207\atlmfc\include\cstringt.h(999,7):
      see declaration of 'ATL::CStringT<wchar_t,ATL::StrTraitATL<wchar_t,ATL::ChTraitsCRT<wchar_t>>>'
  
C:\Users\mcmco\Desktop\WMMR\src\WLXPhotoBase\BaseTypes.h(568,18): warning C4251: 'Base::TempFile::m_strPath': 'ATL::CStringT<wchar_t,ATL::StrTraitATL<wchar_t,ATL::ChTraitsCRT<wchar_t>>>' needs to have dll-interface to be used by clients of 'Base::TempFile' [C:\Users\mcmco\Desktop\WMMR\build\src\MovieMakerCore\MovieMakerCore.vcxproj]
  (compiling source file '../../../src/MovieMakerCore/HMRAVSource/AVSink.cpp')
      C:\Program Files (x86)\Microsoft Visual Studio\2022\BuildTools\VC\Tools\MSVC\14.44.35207\atlmfc\include\cstringt.h(999,7):
      see declaration of 'ATL::CStringT<wchar_t,ATL::StrTraitATL<wchar_t,ATL::ChTraitsCRT<wchar_t>>>'
  
C:\Users\mcmco\Desktop\WMMR\src\WLXPhotoBase\BaseTypes.h(661,21): warning C4251: 'Base::FindFile::m_strDirectory': 'ATL::CStringT<wchar_t,ATL::StrTraitATL<wchar_t,ATL::ChTraitsCRT<wchar_t>>>' needs to have dll-interface to be used by clients of 'Base::FindFile' [C:\Users\mcmco\Desktop\WMMR\build\src\MovieMakerCore\MovieMakerCore.vcxproj]
  (compiling source file '../../../src/MovieMakerCore/HMRAVSource/AVSink.cpp')
      C:\Program Files (x86)\Microsoft Visual Studio\2022\BuildTools\VC\Tools\MSVC\14.44.35207\atlmfc\include\cstringt.h(999,7):
      see declaration of 'ATL::CStringT<wchar_t,ATL::StrTraitATL<wchar_t,ATL::ChTraitsCRT<wchar_t>>>'
  
C:\Users\mcmco\Desktop\WMMR\src\WLXPhotoBase\BaseTypes.h(724,25): warning C4251: 'Base::IntSet::m_values': 'ATL::CAtlArray<int,ATL::CElementTraits<int>>' needs to have dll-interface to be used by clients of 'Base::IntSet' [C:\Users\mcmco\Desktop\WMMR\build\src\MovieMakerCore\MovieMakerCore.vcxproj]
  (compiling source file '../../../src/MovieMakerCore/HMRAVSource/AVSink.cpp')
      C:\Program Files (x86)\Microsoft Visual Studio\2022\BuildTools\VC\Tools\MSVC\14.44.35207\atlmfc\include\atlcoll.h(530,7):
      see declaration of 'ATL::CAtlArray<int,ATL::CElementTraits<int>>'
  
C:\Users\mcmco\Desktop\WMMR\src\WLXPhotoBase\BaseTypes.h(536,18): warning C4251: 'Base::File::m_strPath': 'ATL::CStringT<wchar_t,ATL::StrTraitATL<wchar_t,ATL::ChTraitsCRT<wchar_t>>>' needs to have dll-interface to be used by clients of 'Base::File' [C:\Users\mcmco\Desktop\WMMR\build\src\MovieMakerCore\MovieMakerCore.vcxproj]
  (compiling source file '../../../src/MovieMakerCore/HMRAVSource/StreamSinkHost.cpp')
      C:\Program Files (x86)\Microsoft Visual Studio\2022\BuildTools\VC\Tools\MSVC\14.44.35207\atlmfc\include\cstringt.h(999,7):
      see declaration of 'ATL::CStringT<wchar_t,ATL::StrTraitATL<wchar_t,ATL::ChTraitsCRT<wchar_t>>>'
  
C:\Users\mcmco\Desktop\WMMR\src\WLXPhotoBase\BaseTypes.h(568,18): warning C4251: 'Base::TempFile::m_strPath': 'ATL::CStringT<wchar_t,ATL::StrTraitATL<wchar_t,ATL::ChTraitsCRT<wchar_t>>>' needs to have dll-interface to be used by clients of 'Base::TempFile' [C:\Users\mcmco\Desktop\WMMR\build\src\MovieMakerCore\MovieMakerCore.vcxproj]
  (compiling source file '../../../src/MovieMakerCore/HMRAVSource/StreamSinkHost.cpp')
      C:\Program Files (x86)\Microsoft Visual Studio\2022\BuildTools\VC\Tools\MSVC\14.44.35207\atlmfc\include\cstringt.h(999,7):
      see declaration of 'ATL::CStringT<wchar_t,ATL::StrTraitATL<wchar_t,ATL::ChTraitsCRT<wchar_t>>>'
  
C:\Users\mcmco\Desktop\WMMR\src\WLXPhotoBase\BaseTypes.h(661,21): warning C4251: 'Base::FindFile::m_strDirectory': 'ATL::CStringT<wchar_t,ATL::StrTraitATL<wchar_t,ATL::ChTraitsCRT<wchar_t>>>' needs to have dll-interface to be used by clients of 'Base::FindFile' [C:\Users\mcmco\Desktop\WMMR\build\src\MovieMakerCore\MovieMakerCore.vcxproj]
  (compiling source file '../../../src/MovieMakerCore/HMRAVSource/StreamSinkHost.cpp')
      C:\Program Files (x86)\Microsoft Visual Studio\2022\BuildTools\VC\Tools\MSVC\14.44.35207\atlmfc\include\cstringt.h(999,7):
      see declaration of 'ATL::CStringT<wchar_t,ATL::StrTraitATL<wchar_t,ATL::ChTraitsCRT<wchar_t>>>'
  
C:\Users\mcmco\Desktop\WMMR\src\WLXPhotoBase\BaseTypes.h(724,25): warning C4251: 'Base::IntSet::m_values': 'ATL::CAtlArray<int,ATL::CElementTraits<int>>' needs to have dll-interface to be used by clients of 'Base::IntSet' [C:\Users\mcmco\Desktop\WMMR\build\src\MovieMakerCore\MovieMakerCore.vcxproj]
  (compiling source file '../../../src/MovieMakerCore/HMRAVSource/StreamSinkHost.cpp')
      C:\Program Files (x86)\Microsoft Visual Studio\2022\BuildTools\VC\Tools\MSVC\14.44.35207\atlmfc\include\atlcoll.h(530,7):
      see declaration of 'ATL::CAtlArray<int,ATL::CElementTraits<int>>'
  
C:\Users\mcmco\Desktop\WMMR\src\WLXPhotoBase\BaseTypes.h(536,18): warning C4251: 'Base::File::m_strPath': 'ATL::CStringT<wchar_t,ATL::StrTraitATL<wchar_t,ATL::ChTraitsCRT<wchar_t>>>' needs to have dll-interface to be used by clients of 'Base::File' [C:\Users\mcmco\Desktop\WMMR\build\src\MovieMakerCore\MovieMakerCore.vcxproj]
  (compiling source file '../../../src/MovieMakerCore/HMRAVSource/StreamSinkHelper.cpp')
      C:\Program Files (x86)\Microsoft Visual Studio\2022\BuildTools\VC\Tools\MSVC\14.44.35207\atlmfc\include\cstringt.h(999,7):
      see declaration of 'ATL::CStringT<wchar_t,ATL::StrTraitATL<wchar_t,ATL::ChTraitsCRT<wchar_t>>>'
  
C:\Users\mcmco\Desktop\WMMR\src\WLXPhotoBase\BaseTypes.h(568,18): warning C4251: 'Base::TempFile::m_strPath': 'ATL::CStringT<wchar_t,ATL::StrTraitATL<wchar_t,ATL::ChTraitsCRT<wchar_t>>>' needs to have dll-interface to be used by clients of 'Base::TempFile' [C:\Users\mcmco\Desktop\WMMR\build\src\MovieMakerCore\MovieMakerCore.vcxproj]
  (compiling source file '../../../src/MovieMakerCore/HMRAVSource/StreamSinkHelper.cpp')
      C:\Program Files (x86)\Microsoft Visual Studio\2022\BuildTools\VC\Tools\MSVC\14.44.35207\atlmfc\include\cstringt.h(999,7):
      see declaration of 'ATL::CStringT<wchar_t,ATL::StrTraitATL<wchar_t,ATL::ChTraitsCRT<wchar_t>>>'
  
C:\Users\mcmco\Desktop\WMMR\src\WLXPhotoBase\BaseTypes.h(661,21): warning C4251: 'Base::FindFile::m_strDirectory': 'ATL::CStringT<wchar_t,ATL::StrTraitATL<wchar_t,ATL::ChTraitsCRT<wchar_t>>>' needs to have dll-interface to be used by clients of 'Base::FindFile' [C:\Users\mcmco\Desktop\WMMR\build\src\MovieMakerCore\MovieMakerCore.vcxproj]
  (compiling source file '../../../src/MovieMakerCore/HMRAVSource/StreamSinkHelper.cpp')
      C:\Program Files (x86)\Microsoft Visual Studio\2022\BuildTools\VC\Tools\MSVC\14.44.35207\atlmfc\include\cstringt.h(999,7):
      see declaration of 'ATL::CStringT<wchar_t,ATL::StrTraitATL<wchar_t,ATL::ChTraitsCRT<wchar_t>>>'
  
C:\Users\mcmco\Desktop\WMMR\src\WLXPhotoBase\BaseTypes.h(724,25): warning C4251: 'Base::IntSet::m_values': 'ATL::CAtlArray<int,ATL::CElementTraits<int>>' needs to have dll-interface to be used by clients of 'Base::IntSet' [C:\Users\mcmco\Desktop\WMMR\build\src\MovieMakerCore\MovieMakerCore.vcxproj]
  (compiling source file '../../../src/MovieMakerCore/HMRAVSource/StreamSinkHelper.cpp')
      C:\Program Files (x86)\Microsoft Visual Studio\2022\BuildTools\VC\Tools\MSVC\14.44.35207\atlmfc\include\atlcoll.h(530,7):
      see declaration of 'ATL::CAtlArray<int,ATL::CElementTraits<int>>'
  
C:\Users\mcmco\Desktop\WMMR\src\MovieMakerCore\HMRAVSource\StreamSink.h(101,33): warning C4251: 'HMRAVSource::StreamSink::m_spSinkWriter': 'ATL::CComPtr<IMFSinkWriter>' needs to have dll-interface to be used by clients of 'HMRAVSource::StreamSink' [C:\Users\mcmco\Desktop\WMMR\build\src\MovieMakerCore\MovieMakerCore.vcxproj]
  (compiling source file '../../../src/MovieMakerCore/HMRAVSource/AVSink.cpp')
      C:\Program Files (x86)\Microsoft Visual Studio\2022\BuildTools\VC\Tools\MSVC\14.44.35207\atlmfc\include\atlcomcli.h(341,7):
      see declaration of 'ATL::CComPtr<IMFSinkWriter>'
  
C:\Users\mcmco\Desktop\WMMR\src\MovieMakerCore\HMRAVSource\StreamSink.h(108,33): warning C4251: 'HMRAVSource::StreamSink::m_progressCb': 'std::function<void (const HMRAVSource::StreamSinkStats &)>' needs to have dll-interface to be used by clients of 'HMRAVSource::StreamSink' [C:\Users\mcmco\Desktop\WMMR\build\src\MovieMakerCore\MovieMakerCore.vcxproj]
  (compiling source file '../../../src/MovieMakerCore/HMRAVSource/AVSink.cpp')
      C:\Program Files (x86)\Microsoft Visual Studio\2022\BuildTools\VC\Tools\MSVC\14.44.35207\include\functional(1089,7):
      see declaration of 'std::function<void (const HMRAVSource::StreamSinkStats &)>'
  
C:\Users\mcmco\Desktop\WMMR\src\MovieMakerCore\HMRAVSource\StreamSink.h(101,33): warning C4251: 'HMRAVSource::StreamSink::m_spSinkWriter': 'ATL::CComPtr<IMFSinkWriter>' needs to have dll-interface to be used by clients of 'HMRAVSource::StreamSink' [C:\Users\mcmco\Desktop\WMMR\build\src\MovieMakerCore\MovieMakerCore.vcxproj]
  (compiling source file '../../../src/MovieMakerCore/HMRAVSource/StreamSinkHost.cpp')
      C:\Program Files (x86)\Microsoft Visual Studio\2022\BuildTools\VC\Tools\MSVC\14.44.35207\atlmfc\include\atlcomcli.h(341,7):
      see declaration of 'ATL::CComPtr<IMFSinkWriter>'
  
C:\Users\mcmco\Desktop\WMMR\src\MovieMakerCore\HMRAVSource\TranscodeManager.h(123,29): warning C4251: 'HMRAVSource::TranscodeManager::m_progressCb': 'std::function<void (const HMRAVSource::TranscodeProgress &)>' needs to have dll-interface to be used by clients of 'HMRAVSource::TranscodeManager' [C:\Users\mcmco\Desktop\WMMR\build\src\MovieMakerCore\MovieMakerCore.vcxproj]
  (compiling source file '../../../src/MovieMakerCore/HMRAVSource/AVSink.cpp')
      C:\Program Files (x86)\Microsoft Visual Studio\2022\BuildTools\VC\Tools\MSVC\14.44.35207\include\functional(1089,7):
      see declaration of 'std::function<void (const HMRAVSource::TranscodeProgress &)>'
  
C:\Users\mcmco\Desktop\WMMR\src\MovieMakerCore\HMRAVSource\TranscodeManager.h(124,29): warning C4251: 'HMRAVSource::TranscodeManager::m_errorCb': 'std::function<void (HRESULT,LPCWSTR)>' needs to have dll-interface to be used by clients of 'HMRAVSource::TranscodeManager' [C:\Users\mcmco\Desktop\WMMR\build\src\MovieMakerCore\MovieMakerCore.vcxproj]
  (compiling source file '../../../src/MovieMakerCore/HMRAVSource/AVSink.cpp')
      C:\Program Files (x86)\Microsoft Visual Studio\2022\BuildTools\VC\Tools\MSVC\14.44.35207\include\functional(1089,7):
      see declaration of 'std::function<void (HRESULT,LPCWSTR)>'
  
C:\Users\mcmco\Desktop\WMMR\src\MovieMakerCore\HMRAVSource\StreamSink.h(108,33): warning C4251: 'HMRAVSource::StreamSink::m_progressCb': 'std::function<void (const HMRAVSource::StreamSinkStats &)>' needs to have dll-interface to be used by clients of 'HMRAVSource::StreamSink' [C:\Users\mcmco\Desktop\WMMR\build\src\MovieMakerCore\MovieMakerCore.vcxproj]
  (compiling source file '../../../src/MovieMakerCore/HMRAVSource/StreamSinkHost.cpp')
      C:\Program Files (x86)\Microsoft Visual Studio\2022\BuildTools\VC\Tools\MSVC\14.44.35207\include\functional(1089,7):
      see declaration of 'std::function<void (const HMRAVSource::StreamSinkStats &)>'
  
C:\Users\mcmco\Desktop\WMMR\src\MovieMakerCore\HMRAVSource\TranscodeManager.h(125,29): warning C4251: 'HMRAVSource::TranscodeManager::m_completeCb': 'std::function<void (HRESULT,LPCWSTR)>' needs to have dll-interface to be used by clients of 'HMRAVSource::TranscodeManager' [C:\Users\mcmco\Desktop\WMMR\build\src\MovieMakerCore\MovieMakerCore.vcxproj]
  (compiling source file '../../../src/MovieMakerCore/HMRAVSource/AVSink.cpp')
      C:\Program Files (x86)\Microsoft Visual Studio\2022\BuildTools\VC\Tools\MSVC\14.44.35207\include\functional(1089,7):
      see declaration of 'std::function<void (HRESULT,LPCWSTR)>'
  
C:\Users\mcmco\Desktop\WMMR\src\MovieMakerCore\HMRAVSource\TranscodeManager.h(127,29): warning C4251: 'HMRAVSource::TranscodeManager::m_spVideoTransform': 'ATL::CComPtr<IMFTransform>' needs to have dll-interface to be used by clients of 'HMRAVSource::TranscodeManager' [C:\Users\mcmco\Desktop\WMMR\build\src\MovieMakerCore\MovieMakerCore.vcxproj]
  (compiling source file '../../../src/MovieMakerCore/HMRAVSource/AVSink.cpp')
      C:\Program Files (x86)\Microsoft Visual Studio\2022\BuildTools\VC\Tools\MSVC\14.44.35207\atlmfc\include\atlcomcli.h(341,7):
      see declaration of 'ATL::CComPtr<IMFTransform>'
  
C:\Users\mcmco\Desktop\WMMR\src\MovieMakerCore\HMRAVSource\TranscodeManager.h(128,29): warning C4251: 'HMRAVSource::TranscodeManager::m_spAudioTransform': 'ATL::CComPtr<IMFTransform>' needs to have dll-interface to be used by clients of 'HMRAVSource::TranscodeManager' [C:\Users\mcmco\Desktop\WMMR\build\src\MovieMakerCore\MovieMakerCore.vcxproj]
  (compiling source file '../../../src/MovieMakerCore/HMRAVSource/AVSink.cpp')
      C:\Program Files (x86)\Microsoft Visual Studio\2022\BuildTools\VC\Tools\MSVC\14.44.35207\atlmfc\include\atlcomcli.h(341,7):
      see declaration of 'ATL::CComPtr<IMFTransform>'
  
C:\Users\mcmco\Desktop\WMMR\src\MovieMakerCore\HMRAVSource\TranscodeManager.h(123,29): warning C4251: 'HMRAVSource::TranscodeManager::m_progressCb': 'std::function<void (const HMRAVSource::TranscodeProgress &)>' needs to have dll-interface to be used by clients of 'HMRAVSource::TranscodeManager' [C:\Users\mcmco\Desktop\WMMR\build\src\MovieMakerCore\MovieMakerCore.vcxproj]
  (compiling source file '../../../src/MovieMakerCore/HMRAVSource/StreamSinkHost.cpp')
      C:\Program Files (x86)\Microsoft Visual Studio\2022\BuildTools\VC\Tools\MSVC\14.44.35207\include\functional(1089,7):
      see declaration of 'std::function<void (const HMRAVSource::TranscodeProgress &)>'
  
C:\Users\mcmco\Desktop\WMMR\src\MovieMakerCore\HMRAVSource\TranscodeManager.h(124,29): warning C4251: 'HMRAVSource::TranscodeManager::m_errorCb': 'std::function<void (HRESULT,LPCWSTR)>' needs to have dll-interface to be used by clients of 'HMRAVSource::TranscodeManager' [C:\Users\mcmco\Desktop\WMMR\build\src\MovieMakerCore\MovieMakerCore.vcxproj]
  (compiling source file '../../../src/MovieMakerCore/HMRAVSource/StreamSinkHost.cpp')
      C:\Program Files (x86)\Microsoft Visual Studio\2022\BuildTools\VC\Tools\MSVC\14.44.35207\include\functional(1089,7):
      see declaration of 'std::function<void (HRESULT,LPCWSTR)>'
  
C:\Users\mcmco\Desktop\WMMR\src\MovieMakerCore\HMRAVSource\TranscodeManager.h(125,29): warning C4251: 'HMRAVSource::TranscodeManager::m_completeCb': 'std::function<void (HRESULT,LPCWSTR)>' needs to have dll-interface to be used by clients of 'HMRAVSource::TranscodeManager' [C:\Users\mcmco\Desktop\WMMR\build\src\MovieMakerCore\MovieMakerCore.vcxproj]
  (compiling source file '../../../src/MovieMakerCore/HMRAVSource/StreamSinkHost.cpp')
      C:\Program Files (x86)\Microsoft Visual Studio\2022\BuildTools\VC\Tools\MSVC\14.44.35207\include\functional(1089,7):
      see declaration of 'std::function<void (HRESULT,LPCWSTR)>'
  
C:\Users\mcmco\Desktop\WMMR\src\MovieMakerCore\HMRAVSource\TranscodeManager.h(127,29): warning C4251: 'HMRAVSource::TranscodeManager::m_spVideoTransform': 'ATL::CComPtr<IMFTransform>' needs to have dll-interface to be used by clients of 'HMRAVSource::TranscodeManager' [C:\Users\mcmco\Desktop\WMMR\build\src\MovieMakerCore\MovieMakerCore.vcxproj]
  (compiling source file '../../../src/MovieMakerCore/HMRAVSource/StreamSinkHost.cpp')
      C:\Program Files (x86)\Microsoft Visual Studio\2022\BuildTools\VC\Tools\MSVC\14.44.35207\atlmfc\include\atlcomcli.h(341,7):
      see declaration of 'ATL::CComPtr<IMFTransform>'
  
C:\Users\mcmco\Desktop\WMMR\src\MovieMakerCore\HMRAVSource\TranscodeManager.h(128,29): warning C4251: 'HMRAVSource::TranscodeManager::m_spAudioTransform': 'ATL::CComPtr<IMFTransform>' needs to have dll-interface to be used by clients of 'HMRAVSource::TranscodeManager' [C:\Users\mcmco\Desktop\WMMR\build\src\MovieMakerCore\MovieMakerCore.vcxproj]
  (compiling source file '../../../src/MovieMakerCore/HMRAVSource/StreamSinkHost.cpp')
      C:\Program Files (x86)\Microsoft Visual Studio\2022\BuildTools\VC\Tools\MSVC\14.44.35207\atlmfc\include\atlcomcli.h(341,7):
      see declaration of 'ATL::CComPtr<IMFTransform>'
  
C:\Users\mcmco\Desktop\WMMR\src\WLXPhotoBase\BaseTypes.h(536,18): warning C4251: 'Base::File::m_strPath': 'ATL::CStringT<wchar_t,ATL::StrTraitATL<wchar_t,ATL::ChTraitsCRT<wchar_t>>>' needs to have dll-interface to be used by clients of 'Base::File' [C:\Users\mcmco\Desktop\WMMR\build\src\MovieMakerCore\MovieMakerCore.vcxproj]
  (compiling source file '../../../src/MovieMakerCore/HMRAVSource/SAXProfileBuilder.cpp')
      C:\Program Files (x86)\Microsoft Visual Studio\2022\BuildTools\VC\Tools\MSVC\14.44.35207\atlmfc\include\cstringt.h(999,7):
      see declaration of 'ATL::CStringT<wchar_t,ATL::StrTraitATL<wchar_t,ATL::ChTraitsCRT<wchar_t>>>'
  
C:\Users\mcmco\Desktop\WMMR\src\WLXPhotoBase\BaseTypes.h(568,18): warning C4251: 'Base::TempFile::m_strPath': 'ATL::CStringT<wchar_t,ATL::StrTraitATL<wchar_t,ATL::ChTraitsCRT<wchar_t>>>' needs to have dll-interface to be used by clients of 'Base::TempFile' [C:\Users\mcmco\Desktop\WMMR\build\src\MovieMakerCore\MovieMakerCore.vcxproj]
  (compiling source file '../../../src/MovieMakerCore/HMRAVSource/SAXProfileBuilder.cpp')
      C:\Program Files (x86)\Microsoft Visual Studio\2022\BuildTools\VC\Tools\MSVC\14.44.35207\atlmfc\include\cstringt.h(999,7):
      see declaration of 'ATL::CStringT<wchar_t,ATL::StrTraitATL<wchar_t,ATL::ChTraitsCRT<wchar_t>>>'
  
C:\Users\mcmco\Desktop\WMMR\src\WLXPhotoBase\BaseTypes.h(661,21): warning C4251: 'Base::FindFile::m_strDirectory': 'ATL::CStringT<wchar_t,ATL::StrTraitATL<wchar_t,ATL::ChTraitsCRT<wchar_t>>>' needs to have dll-interface to be used by clients of 'Base::FindFile' [C:\Users\mcmco\Desktop\WMMR\build\src\MovieMakerCore\MovieMakerCore.vcxproj]
  (compiling source file '../../../src/MovieMakerCore/HMRAVSource/SAXProfileBuilder.cpp')
      C:\Program Files (x86)\Microsoft Visual Studio\2022\BuildTools\VC\Tools\MSVC\14.44.35207\atlmfc\include\cstringt.h(999,7):
      see declaration of 'ATL::CStringT<wchar_t,ATL::StrTraitATL<wchar_t,ATL::ChTraitsCRT<wchar_t>>>'
  
C:\Users\mcmco\Desktop\WMMR\src\MovieMakerCore\HMRAVSource\VideoCapture.h(105,37): warning C4251: 'HMRAVSource::VideoCapture::m_spMediaSource': 'ATL::CComPtr<IMFMediaSource>' needs to have dll-interface to be used by clients of 'HMRAVSource::VideoCapture' [C:\Users\mcmco\Desktop\WMMR\build\src\MovieMakerCore\MovieMakerCore.vcxproj]
  (compiling source file '../../../src/MovieMakerCore/HMRAVSource/AVSink.cpp')
      C:\Program Files (x86)\Microsoft Visual Studio\2022\BuildTools\VC\Tools\MSVC\14.44.35207\atlmfc\include\atlcomcli.h(341,7):
      see declaration of 'ATL::CComPtr<IMFMediaSource>'
  
C:\Users\mcmco\Desktop\WMMR\src\WLXPhotoBase\BaseTypes.h(724,25): warning C4251: 'Base::IntSet::m_values': 'ATL::CAtlArray<int,ATL::CElementTraits<int>>' needs to have dll-interface to be used by clients of 'Base::IntSet' [C:\Users\mcmco\Desktop\WMMR\build\src\MovieMakerCore\MovieMakerCore.vcxproj]
  (compiling source file '../../../src/MovieMakerCore/HMRAVSource/SAXProfileBuilder.cpp')
      C:\Program Files (x86)\Microsoft Visual Studio\2022\BuildTools\VC\Tools\MSVC\14.44.35207\atlmfc\include\atlcoll.h(530,7):
      see declaration of 'ATL::CAtlArray<int,ATL::CElementTraits<int>>'
  
C:\Users\mcmco\Desktop\WMMR\src\MovieMakerCore\HMRAVSource\VideoCapture.h(106,37): warning C4251: 'HMRAVSource::VideoCapture::m_spCaptureEngine': 'ATL::CComPtr<IMFCaptureEngine>' needs to have dll-interface to be used by clients of 'HMRAVSource::VideoCapture' [C:\Users\mcmco\Desktop\WMMR\build\src\MovieMakerCore\MovieMakerCore.vcxproj]
  (compiling source file '../../../src/MovieMakerCore/HMRAVSource/AVSink.cpp')
      C:\Program Files (x86)\Microsoft Visual Studio\2022\BuildTools\VC\Tools\MSVC\14.44.35207\atlmfc\include\atlcomcli.h(341,7):
      see declaration of 'ATL::CComPtr<IMFCaptureEngine>'
  
C:\Users\mcmco\Desktop\WMMR\src\MovieMakerCore\HMRAVSource\VideoCapture.h(107,37): warning C4251: 'HMRAVSource::VideoCapture::m_spPreviewSink': 'ATL::CComPtr<IMFCapturePreviewSink>' needs to have dll-interface to be used by clients of 'HMRAVSource::VideoCapture' [C:\Users\mcmco\Desktop\WMMR\build\src\MovieMakerCore\MovieMakerCore.vcxproj]
  (compiling source file '../../../src/MovieMakerCore/HMRAVSource/AVSink.cpp')
      C:\Program Files (x86)\Microsoft Visual Studio\2022\BuildTools\VC\Tools\MSVC\14.44.35207\atlmfc\include\atlcomcli.h(341,7):
      see declaration of 'ATL::CComPtr<IMFCapturePreviewSink>'
  
C:\Users\mcmco\Desktop\WMMR\src\MovieMakerCore\HMRAVSource\VideoCapture.h(108,37): warning C4251: 'HMRAVSource::VideoCapture::m_spRecordSink': 'ATL::CComPtr<IMFCaptureRecordSink>' needs to have dll-interface to be used by clients of 'HMRAVSource::VideoCapture' [C:\Users\mcmco\Desktop\WMMR\build\src\MovieMakerCore\MovieMakerCore.vcxproj]
  (compiling source file '../../../src/MovieMakerCore/HMRAVSource/AVSink.cpp')
      C:\Program Files (x86)\Microsoft Visual Studio\2022\BuildTools\VC\Tools\MSVC\14.44.35207\atlmfc\include\atlcomcli.h(341,7):
      see declaration of 'ATL::CComPtr<IMFCaptureRecordSink>'
  
C:\Users\mcmco\Desktop\WMMR\src\MovieMakerCore\HMRAVSource\VideoCapture.h(105,37): warning C4251: 'HMRAVSource::VideoCapture::m_spMediaSource': 'ATL::CComPtr<IMFMediaSource>' needs to have dll-interface to be used by clients of 'HMRAVSource::VideoCapture' [C:\Users\mcmco\Desktop\WMMR\build\src\MovieMakerCore\MovieMakerCore.vcxproj]
  (compiling source file '../../../src/MovieMakerCore/HMRAVSource/StreamSinkHost.cpp')
      C:\Program Files (x86)\Microsoft Visual Studio\2022\BuildTools\VC\Tools\MSVC\14.44.35207\atlmfc\include\atlcomcli.h(341,7):
      see declaration of 'ATL::CComPtr<IMFMediaSource>'
  
C:\Users\mcmco\Desktop\WMMR\src\MovieMakerCore\HMRAVSource\StreamSink.h(101,33): warning C4251: 'HMRAVSource::StreamSink::m_spSinkWriter': 'ATL::CComPtr<IMFSinkWriter>' needs to have dll-interface to be used by clients of 'HMRAVSource::StreamSink' [C:\Users\mcmco\Desktop\WMMR\build\src\MovieMakerCore\MovieMakerCore.vcxproj]
  (compiling source file '../../../src/MovieMakerCore/HMRAVSource/StreamSinkHelper.cpp')
      C:\Program Files (x86)\Microsoft Visual Studio\2022\BuildTools\VC\Tools\MSVC\14.44.35207\atlmfc\include\atlcomcli.h(341,7):
      see declaration of 'ATL::CComPtr<IMFSinkWriter>'
  
C:\Users\mcmco\Desktop\WMMR\src\MovieMakerCore\HMRAVSource\VideoCapture.h(106,37): warning C4251: 'HMRAVSource::VideoCapture::m_spCaptureEngine': 'ATL::CComPtr<IMFCaptureEngine>' needs to have dll-interface to be used by clients of 'HMRAVSource::VideoCapture' [C:\Users\mcmco\Desktop\WMMR\build\src\MovieMakerCore\MovieMakerCore.vcxproj]
  (compiling source file '../../../src/MovieMakerCore/HMRAVSource/StreamSinkHost.cpp')
      C:\Program Files (x86)\Microsoft Visual Studio\2022\BuildTools\VC\Tools\MSVC\14.44.35207\atlmfc\include\atlcomcli.h(341,7):
      see declaration of 'ATL::CComPtr<IMFCaptureEngine>'
  
C:\Users\mcmco\Desktop\WMMR\src\MovieMakerCore\HMRAVSource\VideoCapture.h(107,37): warning C4251: 'HMRAVSource::VideoCapture::m_spPreviewSink': 'ATL::CComPtr<IMFCapturePreviewSink>' needs to have dll-interface to be used by clients of 'HMRAVSource::VideoCapture' [C:\Users\mcmco\Desktop\WMMR\build\src\MovieMakerCore\MovieMakerCore.vcxproj]
  (compiling source file '../../../src/MovieMakerCore/HMRAVSource/StreamSinkHost.cpp')
      C:\Program Files (x86)\Microsoft Visual Studio\2022\BuildTools\VC\Tools\MSVC\14.44.35207\atlmfc\include\atlcomcli.h(341,7):
      see declaration of 'ATL::CComPtr<IMFCapturePreviewSink>'
  
C:\Users\mcmco\Desktop\WMMR\src\MovieMakerCore\HMRAVSource\VideoCapture.h(117,38): warning C4251: 'HMRAVSource::VideoCapture::m_frameCb': 'std::function<void (IMFSample *)>' needs to have dll-interface to be used by clients of 'HMRAVSource::VideoCapture' [C:\Users\mcmco\Desktop\WMMR\build\src\MovieMakerCore\MovieMakerCore.vcxproj]
  (compiling source file '../../../src/MovieMakerCore/HMRAVSource/AVSink.cpp')
      C:\Program Files (x86)\Microsoft Visual Studio\2022\BuildTools\VC\Tools\MSVC\14.44.35207\include\functional(1089,7):
      see declaration of 'std::function<void (IMFSample *)>'
  
C:\Users\mcmco\Desktop\WMMR\src\MovieMakerCore\HMRAVSource\VideoCapture.h(108,37): warning C4251: 'HMRAVSource::VideoCapture::m_spRecordSink': 'ATL::CComPtr<IMFCaptureRecordSink>' needs to have dll-interface to be used by clients of 'HMRAVSource::VideoCapture' [C:\Users\mcmco\Desktop\WMMR\build\src\MovieMakerCore\MovieMakerCore.vcxproj]
  (compiling source file '../../../src/MovieMakerCore/HMRAVSource/StreamSinkHost.cpp')
      C:\Program Files (x86)\Microsoft Visual Studio\2022\BuildTools\VC\Tools\MSVC\14.44.35207\atlmfc\include\atlcomcli.h(341,7):
      see declaration of 'ATL::CComPtr<IMFCaptureRecordSink>'
  
C:\Users\mcmco\Desktop\WMMR\src\MovieMakerCore\HMRAVSource\StreamSink.h(108,33): warning C4251: 'HMRAVSource::StreamSink::m_progressCb': 'std::function<void (const HMRAVSource::StreamSinkStats &)>' needs to have dll-interface to be used by clients of 'HMRAVSource::StreamSink' [C:\Users\mcmco\Desktop\WMMR\build\src\MovieMakerCore\MovieMakerCore.vcxproj]
  (compiling source file '../../../src/MovieMakerCore/HMRAVSource/StreamSinkHelper.cpp')
      C:\Program Files (x86)\Microsoft Visual Studio\2022\BuildTools\VC\Tools\MSVC\14.44.35207\include\functional(1089,7):
      see declaration of 'std::function<void (const HMRAVSource::StreamSinkStats &)>'
  
C:\Users\mcmco\Desktop\WMMR\src\MovieMakerCore\HMRAVSource\VideoCapture.h(117,38): warning C4251: 'HMRAVSource::VideoCapture::m_frameCb': 'std::function<void (IMFSample *)>' needs to have dll-interface to be used by clients of 'HMRAVSource::VideoCapture' [C:\Users\mcmco\Desktop\WMMR\build\src\MovieMakerCore\MovieMakerCore.vcxproj]
  (compiling source file '../../../src/MovieMakerCore/HMRAVSource/StreamSinkHost.cpp')
      C:\Program Files (x86)\Microsoft Visual Studio\2022\BuildTools\VC\Tools\MSVC\14.44.35207\include\functional(1089,7):
      see declaration of 'std::function<void (IMFSample *)>'
  
C:\Users\mcmco\Desktop\WMMR\src\MovieMakerCore\HMRAVSource\AudioCapture.h(107,33): warning C4251: 'HMRAVSource::AudioCapture::m_spMediaSource': 'ATL::CComPtr<IMFMediaSource>' needs to have dll-interface to be used by clients of 'HMRAVSource::AudioCapture' [C:\Users\mcmco\Desktop\WMMR\build\src\MovieMakerCore\MovieMakerCore.vcxproj]
  (compiling source file '../../../src/MovieMakerCore/HMRAVSource/AVSink.cpp')
      C:\Program Files (x86)\Microsoft Visual Studio\2022\BuildTools\VC\Tools\MSVC\14.44.35207\atlmfc\include\atlcomcli.h(341,7):
      see declaration of 'ATL::CComPtr<IMFMediaSource>'
  
C:\Users\mcmco\Desktop\WMMR\src\MovieMakerCore\HMRAVSource\AudioCapture.h(108,33): warning C4251: 'HMRAVSource::AudioCapture::m_spReader': 'ATL::CComPtr<IMFSourceReader>' needs to have dll-interface to be used by clients of 'HMRAVSource::AudioCapture' [C:\Users\mcmco\Desktop\WMMR\build\src\MovieMakerCore\MovieMakerCore.vcxproj]
  (compiling source file '../../../src/MovieMakerCore/HMRAVSource/AVSink.cpp')
      C:\Program Files (x86)\Microsoft Visual Studio\2022\BuildTools\VC\Tools\MSVC\14.44.35207\atlmfc\include\atlcomcli.h(341,7):
      see declaration of 'ATL::CComPtr<IMFSourceReader>'
  
C:\Users\mcmco\Desktop\WMMR\src\MovieMakerCore\HMRAVSource\AudioCapture.h(116,34): warning C4251: 'HMRAVSource::AudioCapture::m_sampleCb': 'std::function<void (IMFSample *)>' needs to have dll-interface to be used by clients of 'HMRAVSource::AudioCapture' [C:\Users\mcmco\Desktop\WMMR\build\src\MovieMakerCore\MovieMakerCore.vcxproj]
  (compiling source file '../../../src/MovieMakerCore/HMRAVSource/AVSink.cpp')
      C:\Program Files (x86)\Microsoft Visual Studio\2022\BuildTools\VC\Tools\MSVC\14.44.35207\include\functional(1089,7):
      see declaration of 'std::function<void (IMFSample *)>'
  
C:\Users\mcmco\Desktop\WMMR\src\MovieMakerCore\HMRAVSource\TranscodeManager.h(123,29): warning C4251: 'HMRAVSource::TranscodeManager::m_progressCb': 'std::function<void (const HMRAVSource::TranscodeProgress &)>' needs to have dll-interface to be used by clients of 'HMRAVSource::TranscodeManager' [C:\Users\mcmco\Desktop\WMMR\build\src\MovieMakerCore\MovieMakerCore.vcxproj]
  (compiling source file '../../../src/MovieMakerCore/HMRAVSource/StreamSinkHelper.cpp')
      C:\Program Files (x86)\Microsoft Visual Studio\2022\BuildTools\VC\Tools\MSVC\14.44.35207\include\functional(1089,7):
      see declaration of 'std::function<void (const HMRAVSource::TranscodeProgress &)>'
  
C:\Users\mcmco\Desktop\WMMR\src\MovieMakerCore\HMRAVSource\AudioCapture.h(107,33): warning C4251: 'HMRAVSource::AudioCapture::m_spMediaSource': 'ATL::CComPtr<IMFMediaSource>' needs to have dll-interface to be used by clients of 'HMRAVSource::AudioCapture' [C:\Users\mcmco\Desktop\WMMR\build\src\MovieMakerCore\MovieMakerCore.vcxproj]
  (compiling source file '../../../src/MovieMakerCore/HMRAVSource/StreamSinkHost.cpp')
      C:\Program Files (x86)\Microsoft Visual Studio\2022\BuildTools\VC\Tools\MSVC\14.44.35207\atlmfc\include\atlcomcli.h(341,7):
      see declaration of 'ATL::CComPtr<IMFMediaSource>'
  
C:\Users\mcmco\Desktop\WMMR\src\MovieMakerCore\HMRAVSource\AudioCapture.h(108,33): warning C4251: 'HMRAVSource::AudioCapture::m_spReader': 'ATL::CComPtr<IMFSourceReader>' needs to have dll-interface to be used by clients of 'HMRAVSource::AudioCapture' [C:\Users\mcmco\Desktop\WMMR\build\src\MovieMakerCore\MovieMakerCore.vcxproj]
  (compiling source file '../../../src/MovieMakerCore/HMRAVSource/StreamSinkHost.cpp')
      C:\Program Files (x86)\Microsoft Visual Studio\2022\BuildTools\VC\Tools\MSVC\14.44.35207\atlmfc\include\atlcomcli.h(341,7):
      see declaration of 'ATL::CComPtr<IMFSourceReader>'
  
C:\Users\mcmco\Desktop\WMMR\src\MovieMakerCore\HMRAVSource\AudioCapture.h(116,34): warning C4251: 'HMRAVSource::AudioCapture::m_sampleCb': 'std::function<void (IMFSample *)>' needs to have dll-interface to be used by clients of 'HMRAVSource::AudioCapture' [C:\Users\mcmco\Desktop\WMMR\build\src\MovieMakerCore\MovieMakerCore.vcxproj]
  (compiling source file '../../../src/MovieMakerCore/HMRAVSource/StreamSinkHost.cpp')
      C:\Program Files (x86)\Microsoft Visual Studio\2022\BuildTools\VC\Tools\MSVC\14.44.35207\include\functional(1089,7):
      see declaration of 'std::function<void (IMFSample *)>'
  
C:\Users\mcmco\Desktop\WMMR\src\MovieMakerCore\HMRAVSource\TranscodeManager.h(124,29): warning C4251: 'HMRAVSource::TranscodeManager::m_errorCb': 'std::function<void (HRESULT,LPCWSTR)>' needs to have dll-interface to be used by clients of 'HMRAVSource::TranscodeManager' [C:\Users\mcmco\Desktop\WMMR\build\src\MovieMakerCore\MovieMakerCore.vcxproj]
  (compiling source file '../../../src/MovieMakerCore/HMRAVSource/StreamSinkHelper.cpp')
      C:\Program Files (x86)\Microsoft Visual Studio\2022\BuildTools\VC\Tools\MSVC\14.44.35207\include\functional(1089,7):
      see declaration of 'std::function<void (HRESULT,LPCWSTR)>'
  
C:\Users\mcmco\Desktop\WMMR\src\MovieMakerCore\HMRAVSource\TranscodeManager.h(125,29): warning C4251: 'HMRAVSource::TranscodeManager::m_completeCb': 'std::function<void (HRESULT,LPCWSTR)>' needs to have dll-interface to be used by clients of 'HMRAVSource::TranscodeManager' [C:\Users\mcmco\Desktop\WMMR\build\src\MovieMakerCore\MovieMakerCore.vcxproj]
  (compiling source file '../../../src/MovieMakerCore/HMRAVSource/StreamSinkHelper.cpp')
      C:\Program Files (x86)\Microsoft Visual Studio\2022\BuildTools\VC\Tools\MSVC\14.44.35207\include\functional(1089,7):
      see declaration of 'std::function<void (HRESULT,LPCWSTR)>'
  
C:\Users\mcmco\Desktop\WMMR\src\MovieMakerCore\HMRAVSource\TranscodeManager.h(127,29): warning C4251: 'HMRAVSource::TranscodeManager::m_spVideoTransform': 'ATL::CComPtr<IMFTransform>' needs to have dll-interface to be used by clients of 'HMRAVSource::TranscodeManager' [C:\Users\mcmco\Desktop\WMMR\build\src\MovieMakerCore\MovieMakerCore.vcxproj]
  (compiling source file '../../../src/MovieMakerCore/HMRAVSource/StreamSinkHelper.cpp')
      C:\Program Files (x86)\Microsoft Visual Studio\2022\BuildTools\VC\Tools\MSVC\14.44.35207\atlmfc\include\atlcomcli.h(341,7):
      see declaration of 'ATL::CComPtr<IMFTransform>'
  
C:\Users\mcmco\Desktop\WMMR\src\MovieMakerCore\HMRAVSource\TranscodeManager.h(128,29): warning C4251: 'HMRAVSource::TranscodeManager::m_spAudioTransform': 'ATL::CComPtr<IMFTransform>' needs to have dll-interface to be used by clients of 'HMRAVSource::TranscodeManager' [C:\Users\mcmco\Desktop\WMMR\build\src\MovieMakerCore\MovieMakerCore.vcxproj]
  (compiling source file '../../../src/MovieMakerCore/HMRAVSource/StreamSinkHelper.cpp')
      C:\Program Files (x86)\Microsoft Visual Studio\2022\BuildTools\VC\Tools\MSVC\14.44.35207\atlmfc\include\atlcomcli.h(341,7):
      see declaration of 'ATL::CComPtr<IMFTransform>'
  
C:\Users\mcmco\Desktop\WMMR\src\MovieMakerCore\HMRAVSource\AVCaptureSession.h(117,25): warning C4251: 'HMRAVSource::AVCaptureSession::m_statsCb': 'std::function<void (const HMRAVSource::AVCaptureSessionStats &)>' needs to have dll-interface to be used by clients of 'HMRAVSource::AVCaptureSession' [C:\Users\mcmco\Desktop\WMMR\build\src\MovieMakerCore\MovieMakerCore.vcxproj]
  (compiling source file '../../../src/MovieMakerCore/HMRAVSource/StreamSinkHost.cpp')
      C:\Program Files (x86)\Microsoft Visual Studio\2022\BuildTools\VC\Tools\MSVC\14.44.35207\include\functional(1089,7):
      see declaration of 'std::function<void (const HMRAVSource::AVCaptureSessionStats &)>'
  
C:\Users\mcmco\Desktop\WMMR\src\MovieMakerCore\HMRAVSource\AVCaptureSession.h(117,25): warning C4251: 'HMRAVSource::AVCaptureSession::m_statsCb': 'std::function<void (const HMRAVSource::AVCaptureSessionStats &)>' needs to have dll-interface to be used by clients of 'HMRAVSource::AVCaptureSession' [C:\Users\mcmco\Desktop\WMMR\build\src\MovieMakerCore\MovieMakerCore.vcxproj]
  (compiling source file '../../../src/MovieMakerCore/HMRAVSource/AVSink.cpp')
      C:\Program Files (x86)\Microsoft Visual Studio\2022\BuildTools\VC\Tools\MSVC\14.44.35207\include\functional(1089,7):
      see declaration of 'std::function<void (const HMRAVSource::AVCaptureSessionStats &)>'
  
C:\Users\mcmco\Desktop\WMMR\src\MovieMakerCore\HMRAVSource\AVCaptureSession.h(118,25): warning C4251: 'HMRAVSource::AVCaptureSession::m_errorCb': 'std::function<void (HRESULT)>' needs to have dll-interface to be used by clients of 'HMRAVSource::AVCaptureSession' [C:\Users\mcmco\Desktop\WMMR\build\src\MovieMakerCore\MovieMakerCore.vcxproj]
  (compiling source file '../../../src/MovieMakerCore/HMRAVSource/StreamSinkHost.cpp')
      C:\Program Files (x86)\Microsoft Visual Studio\2022\BuildTools\VC\Tools\MSVC\14.44.35207\include\functional(1089,7):
      see declaration of 'std::function<void (HRESULT)>'
  
C:\Users\mcmco\Desktop\WMMR\src\MovieMakerCore\HMRAVSource\AVCaptureSession.h(119,25): warning C4251: 'HMRAVSource::AVCaptureSession::m_completeCb': 'std::function<void (HRESULT)>' needs to have dll-interface to be used by clients of 'HMRAVSource::AVCaptureSession' [C:\Users\mcmco\Desktop\WMMR\build\src\MovieMakerCore\MovieMakerCore.vcxproj]
  (compiling source file '../../../src/MovieMakerCore/HMRAVSource/StreamSinkHost.cpp')
      C:\Program Files (x86)\Microsoft Visual Studio\2022\BuildTools\VC\Tools\MSVC\14.44.35207\include\functional(1089,7):
      see declaration of 'std::function<void (HRESULT)>'
  
C:\Users\mcmco\Desktop\WMMR\src\MovieMakerCore\HMRAVSource\AVCaptureSession.h(118,25): warning C4251: 'HMRAVSource::AVCaptureSession::m_errorCb': 'std::function<void (HRESULT)>' needs to have dll-interface to be used by clients of 'HMRAVSource::AVCaptureSession' [C:\Users\mcmco\Desktop\WMMR\build\src\MovieMakerCore\MovieMakerCore.vcxproj]
  (compiling source file '../../../src/MovieMakerCore/HMRAVSource/AVSink.cpp')
      C:\Program Files (x86)\Microsoft Visual Studio\2022\BuildTools\VC\Tools\MSVC\14.44.35207\include\functional(1089,7):
      see declaration of 'std::function<void (HRESULT)>'
  
C:\Users\mcmco\Desktop\WMMR\src\MovieMakerCore\HMRAVSource\AVCaptureSession.h(119,25): warning C4251: 'HMRAVSource::AVCaptureSession::m_completeCb': 'std::function<void (HRESULT)>' needs to have dll-interface to be used by clients of 'HMRAVSource::AVCaptureSession' [C:\Users\mcmco\Desktop\WMMR\build\src\MovieMakerCore\MovieMakerCore.vcxproj]
  (compiling source file '../../../src/MovieMakerCore/HMRAVSource/AVSink.cpp')
      C:\Program Files (x86)\Microsoft Visual Studio\2022\BuildTools\VC\Tools\MSVC\14.44.35207\include\functional(1089,7):
      see declaration of 'std::function<void (HRESULT)>'
  
C:\Users\mcmco\Desktop\WMMR\src\MovieMakerCore\HMRAVSource\AVCaptureSession.h(169,25): warning C4251: 'HMRAVSource::AudioCaptureSession::m_strOutputPath': 'ATL::CStringT<wchar_t,ATL::StrTraitATL<wchar_t,ATL::ChTraitsCRT<wchar_t>>>' needs to have dll-interface to be used by clients of 'HMRAVSource::AudioCaptureSession' [C:\Users\mcmco\Desktop\WMMR\build\src\MovieMakerCore\MovieMakerCore.vcxproj]
  (compiling source file '../../../src/MovieMakerCore/HMRAVSource/StreamSinkHost.cpp')
      C:\Program Files (x86)\Microsoft Visual Studio\2022\BuildTools\VC\Tools\MSVC\14.44.35207\atlmfc\include\cstringt.h(999,7):
      see declaration of 'ATL::CStringT<wchar_t,ATL::StrTraitATL<wchar_t,ATL::ChTraitsCRT<wchar_t>>>'
  
C:\Users\mcmco\Desktop\WMMR\src\MovieMakerCore\HMRAVSource\AVCaptureSession.h(173,25): warning C4251: 'HMRAVSource::AudioCaptureSession::m_completeCb': 'std::function<void (HRESULT,LPCWSTR)>' needs to have dll-interface to be used by clients of 'HMRAVSource::AudioCaptureSession' [C:\Users\mcmco\Desktop\WMMR\build\src\MovieMakerCore\MovieMakerCore.vcxproj]
  (compiling source file '../../../src/MovieMakerCore/HMRAVSource/StreamSinkHost.cpp')
      C:\Program Files (x86)\Microsoft Visual Studio\2022\BuildTools\VC\Tools\MSVC\14.44.35207\include\functional(1089,7):
      see declaration of 'std::function<void (HRESULT,LPCWSTR)>'
  
C:\Users\mcmco\Desktop\WMMR\src\MovieMakerCore\HMRAVSource\VideoCapture.h(105,37): warning C4251: 'HMRAVSource::VideoCapture::m_spMediaSource': 'ATL::CComPtr<IMFMediaSource>' needs to have dll-interface to be used by clients of 'HMRAVSource::VideoCapture' [C:\Users\mcmco\Desktop\WMMR\build\src\MovieMakerCore\MovieMakerCore.vcxproj]
  (compiling source file '../../../src/MovieMakerCore/HMRAVSource/StreamSinkHelper.cpp')
      C:\Program Files (x86)\Microsoft Visual Studio\2022\BuildTools\VC\Tools\MSVC\14.44.35207\atlmfc\include\atlcomcli.h(341,7):
      see declaration of 'ATL::CComPtr<IMFMediaSource>'
  
C:\Users\mcmco\Desktop\WMMR\src\MovieMakerCore\HMRAVSource\CachedWFSection.h(80,35): warning C4251: 'HMRAVSource::CachedWFSection::m_arrEntries': 'ATL::CAtlArray<HMRAVSource::CachedWFEntry,ATL::CElementTraits<E>>' needs to have dll-interface to be used by clients of 'HMRAVSource::CachedWFSection' [C:\Users\mcmco\Desktop\WMMR\build\src\MovieMakerCore\MovieMakerCore.vcxproj]
C:\Users\mcmco\Desktop\WMMR\src\MovieMakerCore\HMRAVSource\CachedWFSection.h(80,35): warning C4251:         with [C:\Users\mcmco\Desktop\WMMR\build\src\MovieMakerCore\MovieMakerCore.vcxproj]
C:\Users\mcmco\Desktop\WMMR\src\MovieMakerCore\HMRAVSource\CachedWFSection.h(80,35): warning C4251:         [ [C:\Users\mcmco\Desktop\WMMR\build\src\MovieMakerCore\MovieMakerCore.vcxproj]
C:\Users\mcmco\Desktop\WMMR\src\MovieMakerCore\HMRAVSource\CachedWFSection.h(80,35): warning C4251:             E=HMRAVSource::CachedWFEntry [C:\Users\mcmco\Desktop\WMMR\build\src\MovieMakerCore\MovieMakerCore.vcxproj]
C:\Users\mcmco\Desktop\WMMR\src\MovieMakerCore\HMRAVSource\CachedWFSection.h(80,35): warning C4251:         ] [C:\Users\mcmco\Desktop\WMMR\build\src\MovieMakerCore\MovieMakerCore.vcxproj]
  (compiling source file '../../../src/MovieMakerCore/HMRAVSource/StreamSinkHost.cpp')
      C:\Program Files (x86)\Microsoft Visual Studio\2022\BuildTools\VC\Tools\MSVC\14.44.35207\atlmfc\include\atlcoll.h(530,7):
      see declaration of 'ATL::CAtlArray<HMRAVSource::CachedWFEntry,ATL::CElementTraits<E>>'
          with
          [
              E=HMRAVSource::CachedWFEntry
          ]
  
C:\Users\mcmco\Desktop\WMMR\src\MovieMakerCore\HMRAVSource\AVCaptureSession.h(169,25): warning C4251: 'HMRAVSource::AudioCaptureSession::m_strOutputPath': 'ATL::CStringT<wchar_t,ATL::StrTraitATL<wchar_t,ATL::ChTraitsCRT<wchar_t>>>' needs to have dll-interface to be used by clients of 'HMRAVSource::AudioCaptureSession' [C:\Users\mcmco\Desktop\WMMR\build\src\MovieMakerCore\MovieMakerCore.vcxproj]
  (compiling source file '../../../src/MovieMakerCore/HMRAVSource/AVSink.cpp')
      C:\Program Files (x86)\Microsoft Visual Studio\2022\BuildTools\VC\Tools\MSVC\14.44.35207\atlmfc\include\cstringt.h(999,7):
      see declaration of 'ATL::CStringT<wchar_t,ATL::StrTraitATL<wchar_t,ATL::ChTraitsCRT<wchar_t>>>'
  
C:\Users\mcmco\Desktop\WMMR\src\MovieMakerCore\HMRAVSource\VideoCapture.h(106,37): warning C4251: 'HMRAVSource::VideoCapture::m_spCaptureEngine': 'ATL::CComPtr<IMFCaptureEngine>' needs to have dll-interface to be used by clients of 'HMRAVSource::VideoCapture' [C:\Users\mcmco\Desktop\WMMR\build\src\MovieMakerCore\MovieMakerCore.vcxproj]
  (compiling source file '../../../src/MovieMakerCore/HMRAVSource/StreamSinkHelper.cpp')
      C:\Program Files (x86)\Microsoft Visual Studio\2022\BuildTools\VC\Tools\MSVC\14.44.35207\atlmfc\include\atlcomcli.h(341,7):
      see declaration of 'ATL::CComPtr<IMFCaptureEngine>'
  
C:\Users\mcmco\Desktop\WMMR\src\MovieMakerCore\HMRAVSource\AVCaptureSession.h(173,25): warning C4251: 'HMRAVSource::AudioCaptureSession::m_completeCb': 'std::function<void (HRESULT,LPCWSTR)>' needs to have dll-interface to be used by clients of 'HMRAVSource::AudioCaptureSession' [C:\Users\mcmco\Desktop\WMMR\build\src\MovieMakerCore\MovieMakerCore.vcxproj]
  (compiling source file '../../../src/MovieMakerCore/HMRAVSource/AVSink.cpp')
      C:\Program Files (x86)\Microsoft Visual Studio\2022\BuildTools\VC\Tools\MSVC\14.44.35207\include\functional(1089,7):
      see declaration of 'std::function<void (HRESULT,LPCWSTR)>'
  
C:\Users\mcmco\Desktop\WMMR\src\MovieMakerCore\HMRAVSource\VideoCapture.h(107,37): warning C4251: 'HMRAVSource::VideoCapture::m_spPreviewSink': 'ATL::CComPtr<IMFCapturePreviewSink>' needs to have dll-interface to be used by clients of 'HMRAVSource::VideoCapture' [C:\Users\mcmco\Desktop\WMMR\build\src\MovieMakerCore\MovieMakerCore.vcxproj]
  (compiling source file '../../../src/MovieMakerCore/HMRAVSource/StreamSinkHelper.cpp')
      C:\Program Files (x86)\Microsoft Visual Studio\2022\BuildTools\VC\Tools\MSVC\14.44.35207\atlmfc\include\atlcomcli.h(341,7):
      see declaration of 'ATL::CComPtr<IMFCapturePreviewSink>'
  
C:\Users\mcmco\Desktop\WMMR\src\MovieMakerCore\HMRAVSource\StreamSinkHost.h(87,27): warning C4251: 'HMRAVSource::AudioStreamSink::m_spInputType': 'ATL::CComPtr<IMFMediaType>' needs to have dll-interface to be used by clients of 'HMRAVSource::AudioStreamSink' [C:\Users\mcmco\Desktop\WMMR\build\src\MovieMakerCore\MovieMakerCore.vcxproj]
  (compiling source file '../../../src/MovieMakerCore/HMRAVSource/StreamSinkHost.cpp')
      C:\Program Files (x86)\Microsoft Visual Studio\2022\BuildTools\VC\Tools\MSVC\14.44.35207\atlmfc\include\atlcomcli.h(341,7):
      see declaration of 'ATL::CComPtr<IMFMediaType>'
  
C:\Users\mcmco\Desktop\WMMR\src\MovieMakerCore\HMRAVSource\StreamSinkHost.h(88,27): warning C4251: 'HMRAVSource::AudioStreamSink::m_spOutputType': 'ATL::CComPtr<IMFMediaType>' needs to have dll-interface to be used by clients of 'HMRAVSource::AudioStreamSink' [C:\Users\mcmco\Desktop\WMMR\build\src\MovieMakerCore\MovieMakerCore.vcxproj]
  (compiling source file '../../../src/MovieMakerCore/HMRAVSource/StreamSinkHost.cpp')
      C:\Program Files (x86)\Microsoft Visual Studio\2022\BuildTools\VC\Tools\MSVC\14.44.35207\atlmfc\include\atlcomcli.h(341,7):
      see declaration of 'ATL::CComPtr<IMFMediaType>'
  
C:\Users\mcmco\Desktop\WMMR\src\MovieMakerCore\HMRAVSource\VideoCapture.h(108,37): warning C4251: 'HMRAVSource::VideoCapture::m_spRecordSink': 'ATL::CComPtr<IMFCaptureRecordSink>' needs to have dll-interface to be used by clients of 'HMRAVSource::VideoCapture' [C:\Users\mcmco\Desktop\WMMR\build\src\MovieMakerCore\MovieMakerCore.vcxproj]
  (compiling source file '../../../src/MovieMakerCore/HMRAVSource/StreamSinkHelper.cpp')
      C:\Program Files (x86)\Microsoft Visual Studio\2022\BuildTools\VC\Tools\MSVC\14.44.35207\atlmfc\include\atlcomcli.h(341,7):
      see declaration of 'ATL::CComPtr<IMFCaptureRecordSink>'
  
C:\Users\mcmco\Desktop\WMMR\src\MovieMakerCore\HMRAVSource\StreamSinkHost.h(150,37): warning C4251: 'HMRAVSource::StreamSinkHost::m_spSinkWriter': 'ATL::CComPtr<IMFSinkWriter>' needs to have dll-interface to be used by clients of 'HMRAVSource::StreamSinkHost' [C:\Users\mcmco\Desktop\WMMR\build\src\MovieMakerCore\MovieMakerCore.vcxproj]
  (compiling source file '../../../src/MovieMakerCore/HMRAVSource/StreamSinkHost.cpp')
      C:\Program Files (x86)\Microsoft Visual Studio\2022\BuildTools\VC\Tools\MSVC\14.44.35207\atlmfc\include\atlcomcli.h(341,7):
      see declaration of 'ATL::CComPtr<IMFSinkWriter>'
  
C:\Users\mcmco\Desktop\WMMR\src\MovieMakerCore\HMRAVSource\StreamSinkHost.h(151,37): warning C4251: 'HMRAVSource::StreamSinkHost::m_strOutputPath': 'ATL::CStringT<wchar_t,ATL::StrTraitATL<wchar_t,ATL::ChTraitsCRT<wchar_t>>>' needs to have dll-interface to be used by clients of 'HMRAVSource::StreamSinkHost' [C:\Users\mcmco\Desktop\WMMR\build\src\MovieMakerCore\MovieMakerCore.vcxproj]
  (compiling source file '../../../src/MovieMakerCore/HMRAVSource/StreamSinkHost.cpp')
      C:\Program Files (x86)\Microsoft Visual Studio\2022\BuildTools\VC\Tools\MSVC\14.44.35207\atlmfc\include\cstringt.h(999,7):
      see declaration of 'ATL::CStringT<wchar_t,ATL::StrTraitATL<wchar_t,ATL::ChTraitsCRT<wchar_t>>>'
  
C:\Users\mcmco\Desktop\WMMR\src\MovieMakerCore\HMRAVSource\CachedWFSection.h(80,35): warning C4251: 'HMRAVSource::CachedWFSection::m_arrEntries': 'ATL::CAtlArray<HMRAVSource::CachedWFEntry,ATL::CElementTraits<E>>' needs to have dll-interface to be used by clients of 'HMRAVSource::CachedWFSection' [C:\Users\mcmco\Desktop\WMMR\build\src\MovieMakerCore\MovieMakerCore.vcxproj]
C:\Users\mcmco\Desktop\WMMR\src\MovieMakerCore\HMRAVSource\CachedWFSection.h(80,35): warning C4251:         with [C:\Users\mcmco\Desktop\WMMR\build\src\MovieMakerCore\MovieMakerCore.vcxproj]
C:\Users\mcmco\Desktop\WMMR\src\MovieMakerCore\HMRAVSource\CachedWFSection.h(80,35): warning C4251:         [ [C:\Users\mcmco\Desktop\WMMR\build\src\MovieMakerCore\MovieMakerCore.vcxproj]
C:\Users\mcmco\Desktop\WMMR\src\MovieMakerCore\HMRAVSource\CachedWFSection.h(80,35): warning C4251:             E=HMRAVSource::CachedWFEntry [C:\Users\mcmco\Desktop\WMMR\build\src\MovieMakerCore\MovieMakerCore.vcxproj]
C:\Users\mcmco\Desktop\WMMR\src\MovieMakerCore\HMRAVSource\CachedWFSection.h(80,35): warning C4251:         ] [C:\Users\mcmco\Desktop\WMMR\build\src\MovieMakerCore\MovieMakerCore.vcxproj]
  (compiling source file '../../../src/MovieMakerCore/HMRAVSource/AVSink.cpp')
      C:\Program Files (x86)\Microsoft Visual Studio\2022\BuildTools\VC\Tools\MSVC\14.44.35207\atlmfc\include\atlcoll.h(530,7):
      see declaration of 'ATL::CAtlArray<HMRAVSource::CachedWFEntry,ATL::CElementTraits<E>>'
          with
          [
              E=HMRAVSource::CachedWFEntry
          ]
  
C:\Users\mcmco\Desktop\WMMR\src\MovieMakerCore\HMRAVSource\VideoCapture.h(117,38): warning C4251: 'HMRAVSource::VideoCapture::m_frameCb': 'std::function<void (IMFSample *)>' needs to have dll-interface to be used by clients of 'HMRAVSource::VideoCapture' [C:\Users\mcmco\Desktop\WMMR\build\src\MovieMakerCore\MovieMakerCore.vcxproj]
  (compiling source file '../../../src/MovieMakerCore/HMRAVSource/StreamSinkHelper.cpp')
      C:\Program Files (x86)\Microsoft Visual Studio\2022\BuildTools\VC\Tools\MSVC\14.44.35207\include\functional(1089,7):
      see declaration of 'std::function<void (IMFSample *)>'
  
C:\Users\mcmco\Desktop\WMMR\src\MovieMakerCore\HMRAVSource\StreamSinkHost.h(157,37): warning C4251: 'HMRAVSource::StreamSinkHost::m_audioSinks': 'ATL::CAtlArray<HMRAVSource::AudioStreamSink,ATL::CElementTraits<E>>' needs to have dll-interface to be used by clients of 'HMRAVSource::StreamSinkHost' [C:\Users\mcmco\Desktop\WMMR\build\src\MovieMakerCore\MovieMakerCore.vcxproj]
C:\Users\mcmco\Desktop\WMMR\src\MovieMakerCore\HMRAVSource\StreamSinkHost.h(157,37): warning C4251:         with [C:\Users\mcmco\Desktop\WMMR\build\src\MovieMakerCore\MovieMakerCore.vcxproj]
C:\Users\mcmco\Desktop\WMMR\src\MovieMakerCore\HMRAVSource\StreamSinkHost.h(157,37): warning C4251:         [ [C:\Users\mcmco\Desktop\WMMR\build\src\MovieMakerCore\MovieMakerCore.vcxproj]
C:\Users\mcmco\Desktop\WMMR\src\MovieMakerCore\HMRAVSource\StreamSinkHost.h(157,37): warning C4251:             E=HMRAVSource::AudioStreamSink [C:\Users\mcmco\Desktop\WMMR\build\src\MovieMakerCore\MovieMakerCore.vcxproj]
C:\Users\mcmco\Desktop\WMMR\src\MovieMakerCore\HMRAVSource\StreamSinkHost.h(157,37): warning C4251:         ] [C:\Users\mcmco\Desktop\WMMR\build\src\MovieMakerCore\MovieMakerCore.vcxproj]
  (compiling source file '../../../src/MovieMakerCore/HMRAVSource/StreamSinkHost.cpp')
      C:\Program Files (x86)\Microsoft Visual Studio\2022\BuildTools\VC\Tools\MSVC\14.44.35207\atlmfc\include\atlcoll.h(530,7):
      see declaration of 'ATL::CAtlArray<HMRAVSource::AudioStreamSink,ATL::CElementTraits<E>>'
          with
          [
              E=HMRAVSource::AudioStreamSink
          ]
  
C:\Users\mcmco\Desktop\WMMR\src\MovieMakerCore\HMRAVSource\StreamSinkHost.h(158,37): warning C4251: 'HMRAVSource::StreamSinkHost::m_progressCb': 'std::function<void (const HMRAVSource::StreamSinkStats &)>' needs to have dll-interface to be used by clients of 'HMRAVSource::StreamSinkHost' [C:\Users\mcmco\Desktop\WMMR\build\src\MovieMakerCore\MovieMakerCore.vcxproj]
  (compiling source file '../../../src/MovieMakerCore/HMRAVSource/StreamSinkHost.cpp')
      C:\Program Files (x86)\Microsoft Visual Studio\2022\BuildTools\VC\Tools\MSVC\14.44.35207\include\functional(1089,7):
      see declaration of 'std::function<void (const HMRAVSource::StreamSinkStats &)>'
  
C:\Users\mcmco\Desktop\WMMR\src\MovieMakerCore\HMRAVSource\AVSink.h(129,37): warning C4251: 'HMRAVSource::AVSink::m_spVideoDisplay': 'ATL::CComPtr<IMFVideoDisplayControl>' needs to have dll-interface to be used by clients of 'HMRAVSource::AVSink' [C:\Users\mcmco\Desktop\WMMR\build\src\MovieMakerCore\MovieMakerCore.vcxproj]
  (compiling source file '../../../src/MovieMakerCore/HMRAVSource/AVSink.cpp')
      C:\Program Files (x86)\Microsoft Visual Studio\2022\BuildTools\VC\Tools\MSVC\14.44.35207\atlmfc\include\atlcomcli.h(341,7):
      see declaration of 'ATL::CComPtr<IMFVideoDisplayControl>'
  
C:\Users\mcmco\Desktop\WMMR\src\MovieMakerCore\HMRAVSource\AudioCapture.h(107,33): warning C4251: 'HMRAVSource::AudioCapture::m_spMediaSource': 'ATL::CComPtr<IMFMediaSource>' needs to have dll-interface to be used by clients of 'HMRAVSource::AudioCapture' [C:\Users\mcmco\Desktop\WMMR\build\src\MovieMakerCore\MovieMakerCore.vcxproj]
  (compiling source file '../../../src/MovieMakerCore/HMRAVSource/StreamSinkHelper.cpp')
      C:\Program Files (x86)\Microsoft Visual Studio\2022\BuildTools\VC\Tools\MSVC\14.44.35207\atlmfc\include\atlcomcli.h(341,7):
      see declaration of 'ATL::CComPtr<IMFMediaSource>'
  
C:\Users\mcmco\Desktop\WMMR\src\MovieMakerCore\HMRAVSource\AVSink.h(130,37): warning C4251: 'HMRAVSource::AVSink::m_spAudioRenderer': 'ATL::CComPtr<IUnknown>' needs to have dll-interface to be used by clients of 'HMRAVSource::AVSink' [C:\Users\mcmco\Desktop\WMMR\build\src\MovieMakerCore\MovieMakerCore.vcxproj]
  (compiling source file '../../../src/MovieMakerCore/HMRAVSource/AVSink.cpp')
      C:\Program Files (x86)\Microsoft Visual Studio\2022\BuildTools\VC\Tools\MSVC\14.44.35207\atlmfc\include\atlcomcli.h(341,7):
      see declaration of 'ATL::CComPtr<IUnknown>'
  
C:\Users\mcmco\Desktop\WMMR\src\MovieMakerCore\HMRAVSource\AudioCapture.h(108,33): warning C4251: 'HMRAVSource::AudioCapture::m_spReader': 'ATL::CComPtr<IMFSourceReader>' needs to have dll-interface to be used by clients of 'HMRAVSource::AudioCapture' [C:\Users\mcmco\Desktop\WMMR\build\src\MovieMakerCore\MovieMakerCore.vcxproj]
  (compiling source file '../../../src/MovieMakerCore/HMRAVSource/StreamSinkHelper.cpp')
      C:\Program Files (x86)\Microsoft Visual Studio\2022\BuildTools\VC\Tools\MSVC\14.44.35207\atlmfc\include\atlcomcli.h(341,7):
      see declaration of 'ATL::CComPtr<IMFSourceReader>'
  
C:\Users\mcmco\Desktop\WMMR\src\MovieMakerCore\HMRAVSource\AudioCapture.h(116,34): warning C4251: 'HMRAVSource::AudioCapture::m_sampleCb': 'std::function<void (IMFSample *)>' needs to have dll-interface to be used by clients of 'HMRAVSource::AudioCapture' [C:\Users\mcmco\Desktop\WMMR\build\src\MovieMakerCore\MovieMakerCore.vcxproj]
  (compiling source file '../../../src/MovieMakerCore/HMRAVSource/StreamSinkHelper.cpp')
      C:\Program Files (x86)\Microsoft Visual Studio\2022\BuildTools\VC\Tools\MSVC\14.44.35207\include\functional(1089,7):
      see declaration of 'std::function<void (IMFSample *)>'
  
C:\Users\mcmco\Desktop\WMMR\src\MovieMakerCore\HMRAVSource\StreamSinkHost.cpp(252,46): error C2065: 'MFVideoFormat_WMVVC1': undeclared identifier [C:\Users\mcmco\Desktop\WMMR\build\src\MovieMakerCore\MovieMakerCore.vcxproj]
C:\Users\mcmco\Desktop\WMMR\src\MovieMakerCore\HMRAVSource\StreamSinkHost.cpp(304,29): error C2065: 'MF_MT_AUDIO_AVG_BYTES_PER_SECTION': undeclared identifier [C:\Users\mcmco\Desktop\WMMR\build\src\MovieMakerCore\MovieMakerCore.vcxproj]
C:\Users\mcmco\Desktop\WMMR\src\MovieMakerCore\HMRAVSource\AVSink.h(132,29): warning C4251: 'HMRAVSource::AVSink::m_renderCb': 'std::function<void (HRESULT,LONGLONG)>' needs to have dll-interface to be used by clients of 'HMRAVSource::AVSink' [C:\Users\mcmco\Desktop\WMMR\build\src\MovieMakerCore\MovieMakerCore.vcxproj]
  (compiling source file '../../../src/MovieMakerCore/HMRAVSource/AVSink.cpp')
      C:\Program Files (x86)\Microsoft Visual Studio\2022\BuildTools\VC\Tools\MSVC\14.44.35207\include\functional(1089,7):
      see declaration of 'std::function<void (HRESULT,LONGLONG)>'
  
C:\Users\mcmco\Desktop\WMMR\src\WLXPhotoBase\BaseTypes.h(536,18): warning C4251: 'Base::File::m_strPath': 'ATL::CStringT<wchar_t,ATL::StrTraitATL<wchar_t,ATL::ChTraitsCRT<wchar_t>>>' needs to have dll-interface to be used by clients of 'Base::File' [C:\Users\mcmco\Desktop\WMMR\build\src\MovieMakerCore\MovieMakerCore.vcxproj]
  (compiling source file '../../../src/MovieMakerCore/HMRAVSource/NativeMFSourceReaderBuilder.cpp')
      C:\Program Files (x86)\Microsoft Visual Studio\2022\BuildTools\VC\Tools\MSVC\14.44.35207\atlmfc\include\cstringt.h(999,7):
      see declaration of 'ATL::CStringT<wchar_t,ATL::StrTraitATL<wchar_t,ATL::ChTraitsCRT<wchar_t>>>'
  
C:\Users\mcmco\Desktop\WMMR\src\WLXPhotoBase\BaseTypes.h(568,18): warning C4251: 'Base::TempFile::m_strPath': 'ATL::CStringT<wchar_t,ATL::StrTraitATL<wchar_t,ATL::ChTraitsCRT<wchar_t>>>' needs to have dll-interface to be used by clients of 'Base::TempFile' [C:\Users\mcmco\Desktop\WMMR\build\src\MovieMakerCore\MovieMakerCore.vcxproj]
  (compiling source file '../../../src/MovieMakerCore/HMRAVSource/NativeMFSourceReaderBuilder.cpp')
      C:\Program Files (x86)\Microsoft Visual Studio\2022\BuildTools\VC\Tools\MSVC\14.44.35207\atlmfc\include\cstringt.h(999,7):
      see declaration of 'ATL::CStringT<wchar_t,ATL::StrTraitATL<wchar_t,ATL::ChTraitsCRT<wchar_t>>>'
  
C:\Users\mcmco\Desktop\WMMR\src\MovieMakerCore\HMRAVSource\StreamSinkHost.cpp(536,31): error C2660: 'IMFSample::GetBufferCount': function does not take 0 arguments [C:\Users\mcmco\Desktop\WMMR\build\src\MovieMakerCore\MovieMakerCore.vcxproj]
      C:\Program Files (x86)\Windows Kits\10\Include\10.0.26100.0\um\mfobjects.h(963,43):
      see declaration of 'IMFSample::GetBufferCount'
      C:\Users\mcmco\Desktop\WMMR\src\MovieMakerCore\HMRAVSource\StreamSinkHost.cpp(536,31):
      while trying to match the argument list '()'
  
C:\Users\mcmco\Desktop\WMMR\src\WLXPhotoBase\BaseTypes.h(661,21): warning C4251: 'Base::FindFile::m_strDirectory': 'ATL::CStringT<wchar_t,ATL::StrTraitATL<wchar_t,ATL::ChTraitsCRT<wchar_t>>>' needs to have dll-interface to be used by clients of 'Base::FindFile' [C:\Users\mcmco\Desktop\WMMR\build\src\MovieMakerCore\MovieMakerCore.vcxproj]
  (compiling source file '../../../src/MovieMakerCore/HMRAVSource/NativeMFSourceReaderBuilder.cpp')
      C:\Program Files (x86)\Microsoft Visual Studio\2022\BuildTools\VC\Tools\MSVC\14.44.35207\atlmfc\include\cstringt.h(999,7):
      see declaration of 'ATL::CStringT<wchar_t,ATL::StrTraitATL<wchar_t,ATL::ChTraitsCRT<wchar_t>>>'
  
C:\Users\mcmco\Desktop\WMMR\src\WLXPhotoBase\BaseTypes.h(724,25): warning C4251: 'Base::IntSet::m_values': 'ATL::CAtlArray<int,ATL::CElementTraits<int>>' needs to have dll-interface to be used by clients of 'Base::IntSet' [C:\Users\mcmco\Desktop\WMMR\build\src\MovieMakerCore\MovieMakerCore.vcxproj]
  (compiling source file '../../../src/MovieMakerCore/HMRAVSource/NativeMFSourceReaderBuilder.cpp')
      C:\Program Files (x86)\Microsoft Visual Studio\2022\BuildTools\VC\Tools\MSVC\14.44.35207\atlmfc\include\atlcoll.h(530,7):
      see declaration of 'ATL::CAtlArray<int,ATL::CElementTraits<int>>'
  
C:\Users\mcmco\Desktop\WMMR\src\MovieMakerCore\HMRAVSource\AVCaptureSession.h(117,25): warning C4251: 'HMRAVSource::AVCaptureSession::m_statsCb': 'std::function<void (const HMRAVSource::AVCaptureSessionStats &)>' needs to have dll-interface to be used by clients of 'HMRAVSource::AVCaptureSession' [C:\Users\mcmco\Desktop\WMMR\build\src\MovieMakerCore\MovieMakerCore.vcxproj]
  (compiling source file '../../../src/MovieMakerCore/HMRAVSource/StreamSinkHelper.cpp')
      C:\Program Files (x86)\Microsoft Visual Studio\2022\BuildTools\VC\Tools\MSVC\14.44.35207\include\functional(1089,7):
      see declaration of 'std::function<void (const HMRAVSource::AVCaptureSessionStats &)>'
  
C:\Users\mcmco\Desktop\WMMR\src\MovieMakerCore\HMRAVSource\StreamSink.h(101,33): warning C4251: 'HMRAVSource::StreamSink::m_spSinkWriter': 'ATL::CComPtr<IMFSinkWriter>' needs to have dll-interface to be used by clients of 'HMRAVSource::StreamSink' [C:\Users\mcmco\Desktop\WMMR\build\src\MovieMakerCore\MovieMakerCore.vcxproj]
  (compiling source file '../../../src/MovieMakerCore/HMRAVSource/SAXProfileBuilder.cpp')
      C:\Program Files (x86)\Microsoft Visual Studio\2022\BuildTools\VC\Tools\MSVC\14.44.35207\atlmfc\include\atlcomcli.h(341,7):
      see declaration of 'ATL::CComPtr<IMFSinkWriter>'
  
C:\Users\mcmco\Desktop\WMMR\src\MovieMakerCore\HMRAVSource\AVCaptureSession.h(118,25): warning C4251: 'HMRAVSource::AVCaptureSession::m_errorCb': 'std::function<void (HRESULT)>' needs to have dll-interface to be used by clients of 'HMRAVSource::AVCaptureSession' [C:\Users\mcmco\Desktop\WMMR\build\src\MovieMakerCore\MovieMakerCore.vcxproj]
  (compiling source file '../../../src/MovieMakerCore/HMRAVSource/StreamSinkHelper.cpp')
      C:\Program Files (x86)\Microsoft Visual Studio\2022\BuildTools\VC\Tools\MSVC\14.44.35207\include\functional(1089,7):
      see declaration of 'std::function<void (HRESULT)>'
  
C:\Users\mcmco\Desktop\WMMR\src\MovieMakerCore\HMRAVSource\AVCaptureSession.h(119,25): warning C4251: 'HMRAVSource::AVCaptureSession::m_completeCb': 'std::function<void (HRESULT)>' needs to have dll-interface to be used by clients of 'HMRAVSource::AVCaptureSession' [C:\Users\mcmco\Desktop\WMMR\build\src\MovieMakerCore\MovieMakerCore.vcxproj]
  (compiling source file '../../../src/MovieMakerCore/HMRAVSource/StreamSinkHelper.cpp')
      C:\Program Files (x86)\Microsoft Visual Studio\2022\BuildTools\VC\Tools\MSVC\14.44.35207\include\functional(1089,7):
      see declaration of 'std::function<void (HRESULT)>'
  
C:\Users\mcmco\Desktop\WMMR\src\MovieMakerCore\HMRAVSource\StreamSink.h(108,33): warning C4251: 'HMRAVSource::StreamSink::m_progressCb': 'std::function<void (const HMRAVSource::StreamSinkStats &)>' needs to have dll-interface to be used by clients of 'HMRAVSource::StreamSink' [C:\Users\mcmco\Desktop\WMMR\build\src\MovieMakerCore\MovieMakerCore.vcxproj]
  (compiling source file '../../../src/MovieMakerCore/HMRAVSource/SAXProfileBuilder.cpp')
      C:\Program Files (x86)\Microsoft Visual Studio\2022\BuildTools\VC\Tools\MSVC\14.44.35207\include\functional(1089,7):
      see declaration of 'std::function<void (const HMRAVSource::StreamSinkStats &)>'
  
C:\Users\mcmco\Desktop\WMMR\src\MovieMakerCore\HMRAVSource\AVSink.cpp(291,30): error C2039: 'ProcessMessage': is not a member of 'ATL::_NoAddRefReleaseOnCComPtr<T>' [C:\Users\mcmco\Desktop\WMMR\build\src\MovieMakerCore\MovieMakerCore.vcxproj]
C:\Users\mcmco\Desktop\WMMR\src\MovieMakerCore\HMRAVSource\AVSink.cpp(291,30): error C2039:         with [C:\Users\mcmco\Desktop\WMMR\build\src\MovieMakerCore\MovieMakerCore.vcxproj]
C:\Users\mcmco\Desktop\WMMR\src\MovieMakerCore\HMRAVSource\AVSink.cpp(291,30): error C2039:         [ [C:\Users\mcmco\Desktop\WMMR\build\src\MovieMakerCore\MovieMakerCore.vcxproj]
C:\Users\mcmco\Desktop\WMMR\src\MovieMakerCore\HMRAVSource\AVSink.cpp(291,30): error C2039:             T=IMFVideoDisplayControl [C:\Users\mcmco\Desktop\WMMR\build\src\MovieMakerCore\MovieMakerCore.vcxproj]
C:\Users\mcmco\Desktop\WMMR\src\MovieMakerCore\HMRAVSource\AVSink.cpp(291,30): error C2039:         ] [C:\Users\mcmco\Desktop\WMMR\build\src\MovieMakerCore\MovieMakerCore.vcxproj]
      C:\Program Files (x86)\Microsoft Visual Studio\2022\BuildTools\VC\Tools\MSVC\14.44.35207\atlmfc\include\atlcomcli.h(134,29):
      see declaration of 'ATL::_NoAddRefReleaseOnCComPtr<T>'
          with
          [
              T=IMFVideoDisplayControl
          ]
  
C:\Users\mcmco\Desktop\WMMR\src\MovieMakerCore\HMRAVSource\AVSink.cpp(291,45): error C2065: 'MFVP_MESSAGE_DISPLAYSAMPLE': undeclared identifier [C:\Users\mcmco\Desktop\WMMR\build\src\MovieMakerCore\MovieMakerCore.vcxproj]
C:\Users\mcmco\Desktop\WMMR\src\MovieMakerCore\HMRAVSource\AVSink.cpp(300,31): error C2660: 'IMFSample::GetBufferCount': function does not take 0 arguments [C:\Users\mcmco\Desktop\WMMR\build\src\MovieMakerCore\MovieMakerCore.vcxproj]
      C:\Program Files (x86)\Windows Kits\10\Include\10.0.26100.0\um\mfobjects.h(963,43):
      see declaration of 'IMFSample::GetBufferCount'
      C:\Users\mcmco\Desktop\WMMR\src\MovieMakerCore\HMRAVSource\AVSink.cpp(300,31):
      while trying to match the argument list '()'
  
C:\Users\mcmco\Desktop\WMMR\src\MovieMakerCore\HMRAVSource\AVCaptureSession.h(169,25): warning C4251: 'HMRAVSource::AudioCaptureSession::m_strOutputPath': 'ATL::CStringT<wchar_t,ATL::StrTraitATL<wchar_t,ATL::ChTraitsCRT<wchar_t>>>' needs to have dll-interface to be used by clients of 'HMRAVSource::AudioCaptureSession' [C:\Users\mcmco\Desktop\WMMR\build\src\MovieMakerCore\MovieMakerCore.vcxproj]
  (compiling source file '../../../src/MovieMakerCore/HMRAVSource/StreamSinkHelper.cpp')
      C:\Program Files (x86)\Microsoft Visual Studio\2022\BuildTools\VC\Tools\MSVC\14.44.35207\atlmfc\include\cstringt.h(999,7):
      see declaration of 'ATL::CStringT<wchar_t,ATL::StrTraitATL<wchar_t,ATL::ChTraitsCRT<wchar_t>>>'
  
C:\Users\mcmco\Desktop\WMMR\src\MovieMakerCore\HMRAVSource\AVCaptureSession.h(173,25): warning C4251: 'HMRAVSource::AudioCaptureSession::m_completeCb': 'std::function<void (HRESULT,LPCWSTR)>' needs to have dll-interface to be used by clients of 'HMRAVSource::AudioCaptureSession' [C:\Users\mcmco\Desktop\WMMR\build\src\MovieMakerCore\MovieMakerCore.vcxproj]
  (compiling source file '../../../src/MovieMakerCore/HMRAVSource/StreamSinkHelper.cpp')
      C:\Program Files (x86)\Microsoft Visual Studio\2022\BuildTools\VC\Tools\MSVC\14.44.35207\include\functional(1089,7):
      see declaration of 'std::function<void (HRESULT,LPCWSTR)>'
  
C:\Users\mcmco\Desktop\WMMR\src\MovieMakerCore\HMRAVSource\CachedWFSection.h(80,35): warning C4251: 'HMRAVSource::CachedWFSection::m_arrEntries': 'ATL::CAtlArray<HMRAVSource::CachedWFEntry,ATL::CElementTraits<E>>' needs to have dll-interface to be used by clients of 'HMRAVSource::CachedWFSection' [C:\Users\mcmco\Desktop\WMMR\build\src\MovieMakerCore\MovieMakerCore.vcxproj]
C:\Users\mcmco\Desktop\WMMR\src\MovieMakerCore\HMRAVSource\CachedWFSection.h(80,35): warning C4251:         with [C:\Users\mcmco\Desktop\WMMR\build\src\MovieMakerCore\MovieMakerCore.vcxproj]
C:\Users\mcmco\Desktop\WMMR\src\MovieMakerCore\HMRAVSource\CachedWFSection.h(80,35): warning C4251:         [ [C:\Users\mcmco\Desktop\WMMR\build\src\MovieMakerCore\MovieMakerCore.vcxproj]
C:\Users\mcmco\Desktop\WMMR\src\MovieMakerCore\HMRAVSource\CachedWFSection.h(80,35): warning C4251:             E=HMRAVSource::CachedWFEntry [C:\Users\mcmco\Desktop\WMMR\build\src\MovieMakerCore\MovieMakerCore.vcxproj]
C:\Users\mcmco\Desktop\WMMR\src\MovieMakerCore\HMRAVSource\CachedWFSection.h(80,35): warning C4251:         ] [C:\Users\mcmco\Desktop\WMMR\build\src\MovieMakerCore\MovieMakerCore.vcxproj]
  (compiling source file '../../../src/MovieMakerCore/HMRAVSource/StreamSinkHelper.cpp')
      C:\Program Files (x86)\Microsoft Visual Studio\2022\BuildTools\VC\Tools\MSVC\14.44.35207\atlmfc\include\atlcoll.h(530,7):
      see declaration of 'ATL::CAtlArray<HMRAVSource::CachedWFEntry,ATL::CElementTraits<E>>'
          with
          [
              E=HMRAVSource::CachedWFEntry
          ]
  
C:\Users\mcmco\Desktop\WMMR\src\MovieMakerCore\HMRAVSource\TranscodeManager.h(123,29): warning C4251: 'HMRAVSource::TranscodeManager::m_progressCb': 'std::function<void (const HMRAVSource::TranscodeProgress &)>' needs to have dll-interface to be used by clients of 'HMRAVSource::TranscodeManager' [C:\Users\mcmco\Desktop\WMMR\build\src\MovieMakerCore\MovieMakerCore.vcxproj]
  (compiling source file '../../../src/MovieMakerCore/HMRAVSource/SAXProfileBuilder.cpp')
      C:\Program Files (x86)\Microsoft Visual Studio\2022\BuildTools\VC\Tools\MSVC\14.44.35207\include\functional(1089,7):
      see declaration of 'std::function<void (const HMRAVSource::TranscodeProgress &)>'
  
C:\Users\mcmco\Desktop\WMMR\src\MovieMakerCore\HMRAVSource\StreamSinkHelper.cpp(122,23): error C2065: 'MF_MT_AUDIO_AVG_BYTES_PER_SECTION': undeclared identifier [C:\Users\mcmco\Desktop\WMMR\build\src\MovieMakerCore\MovieMakerCore.vcxproj]
C:\Users\mcmco\Desktop\WMMR\src\MovieMakerCore\HMRAVSource\TranscodeManager.h(124,29): warning C4251: 'HMRAVSource::TranscodeManager::m_errorCb': 'std::function<void (HRESULT,LPCWSTR)>' needs to have dll-interface to be used by clients of 'HMRAVSource::TranscodeManager' [C:\Users\mcmco\Desktop\WMMR\build\src\MovieMakerCore\MovieMakerCore.vcxproj]
  (compiling source file '../../../src/MovieMakerCore/HMRAVSource/SAXProfileBuilder.cpp')
      C:\Program Files (x86)\Microsoft Visual Studio\2022\BuildTools\VC\Tools\MSVC\14.44.35207\include\functional(1089,7):
      see declaration of 'std::function<void (HRESULT,LPCWSTR)>'
  
C:\Users\mcmco\Desktop\WMMR\src\MovieMakerCore\HMRAVSource\StreamSinkHelper.cpp(123,23): error C2065: 'MF_MT_BLOCK_ALIGNMENT': undeclared identifier [C:\Users\mcmco\Desktop\WMMR\build\src\MovieMakerCore\MovieMakerCore.vcxproj]
C:\Users\mcmco\Desktop\WMMR\src\MovieMakerCore\HMRAVSource\TranscodeManager.h(125,29): warning C4251: 'HMRAVSource::TranscodeManager::m_completeCb': 'std::function<void (HRESULT,LPCWSTR)>' needs to have dll-interface to be used by clients of 'HMRAVSource::TranscodeManager' [C:\Users\mcmco\Desktop\WMMR\build\src\MovieMakerCore\MovieMakerCore.vcxproj]
  (compiling source file '../../../src/MovieMakerCore/HMRAVSource/SAXProfileBuilder.cpp')
      C:\Program Files (x86)\Microsoft Visual Studio\2022\BuildTools\VC\Tools\MSVC\14.44.35207\include\functional(1089,7):
      see declaration of 'std::function<void (HRESULT,LPCWSTR)>'
  
C:\Users\mcmco\Desktop\WMMR\src\MovieMakerCore\HMRAVSource\StreamSinkHelper.cpp(149,23): error C2065: 'MF_MT_BLOCK_ALIGNMENT': undeclared identifier [C:\Users\mcmco\Desktop\WMMR\build\src\MovieMakerCore\MovieMakerCore.vcxproj]
C:\Users\mcmco\Desktop\WMMR\src\MovieMakerCore\HMRAVSource\TranscodeManager.h(127,29): warning C4251: 'HMRAVSource::TranscodeManager::m_spVideoTransform': 'ATL::CComPtr<IMFTransform>' needs to have dll-interface to be used by clients of 'HMRAVSource::TranscodeManager' [C:\Users\mcmco\Desktop\WMMR\build\src\MovieMakerCore\MovieMakerCore.vcxproj]
  (compiling source file '../../../src/MovieMakerCore/HMRAVSource/SAXProfileBuilder.cpp')
      C:\Program Files (x86)\Microsoft Visual Studio\2022\BuildTools\VC\Tools\MSVC\14.44.35207\atlmfc\include\atlcomcli.h(341,7):
      see declaration of 'ATL::CComPtr<IMFTransform>'
  
C:\Users\mcmco\Desktop\WMMR\src\MovieMakerCore\HMRAVSource\TranscodeManager.h(128,29): warning C4251: 'HMRAVSource::TranscodeManager::m_spAudioTransform': 'ATL::CComPtr<IMFTransform>' needs to have dll-interface to be used by clients of 'HMRAVSource::TranscodeManager' [C:\Users\mcmco\Desktop\WMMR\build\src\MovieMakerCore\MovieMakerCore.vcxproj]
  (compiling source file '../../../src/MovieMakerCore/HMRAVSource/SAXProfileBuilder.cpp')
      C:\Program Files (x86)\Microsoft Visual Studio\2022\BuildTools\VC\Tools\MSVC\14.44.35207\atlmfc\include\atlcomcli.h(341,7):
      see declaration of 'ATL::CComPtr<IMFTransform>'
  
C:\Users\mcmco\Desktop\WMMR\src\MovieMakerCore\HMRAVSource\StreamSinkHelper.cpp(217,33): error C2660: 'IMFAttributes::GetCount': function does not take 0 arguments [C:\Users\mcmco\Desktop\WMMR\build\src\MovieMakerCore\MovieMakerCore.vcxproj]
      C:\Program Files (x86)\Windows Kits\10\Include\10.0.26100.0\um\mfobjects.h(425,43):
      see declaration of 'IMFAttributes::GetCount'
      C:\Users\mcmco\Desktop\WMMR\src\MovieMakerCore\HMRAVSource\StreamSinkHelper.cpp(217,33):
      while trying to match the argument list '()'
  
C:\Users\mcmco\Desktop\WMMR\src\MovieMakerCore\HMRAVSource\StreamSinkHelper.cpp(246,41): error C2065: 'MFVideoFormat_WMVVC1': undeclared identifier [C:\Users\mcmco\Desktop\WMMR\build\src\MovieMakerCore\MovieMakerCore.vcxproj]
C:\Users\mcmco\Desktop\WMMR\src\MovieMakerCore\HMRAVSource\StreamSinkHelper.cpp(271,24): error C2065: 'MFVideoFormat_WMVVC1': undeclared identifier [C:\Users\mcmco\Desktop\WMMR\build\src\MovieMakerCore\MovieMakerCore.vcxproj]
  MFByteStreamOnStream.cpp
C:\Users\mcmco\Desktop\WMMR\src\MovieMakerCore\HMRAVSource\VideoCapture.h(105,37): warning C4251: 'HMRAVSource::VideoCapture::m_spMediaSource': 'ATL::CComPtr<IMFMediaSource>' needs to have dll-interface to be used by clients of 'HMRAVSource::VideoCapture' [C:\Users\mcmco\Desktop\WMMR\build\src\MovieMakerCore\MovieMakerCore.vcxproj]
  (compiling source file '../../../src/MovieMakerCore/HMRAVSource/SAXProfileBuilder.cpp')
      C:\Program Files (x86)\Microsoft Visual Studio\2022\BuildTools\VC\Tools\MSVC\14.44.35207\atlmfc\include\atlcomcli.h(341,7):
      see declaration of 'ATL::CComPtr<IMFMediaSource>'
  
C:\Users\mcmco\Desktop\WMMR\src\MovieMakerCore\HMRAVSource\VideoCapture.h(106,37): warning C4251: 'HMRAVSource::VideoCapture::m_spCaptureEngine': 'ATL::CComPtr<IMFCaptureEngine>' needs to have dll-interface to be used by clients of 'HMRAVSource::VideoCapture' [C:\Users\mcmco\Desktop\WMMR\build\src\MovieMakerCore\MovieMakerCore.vcxproj]
  (compiling source file '../../../src/MovieMakerCore/HMRAVSource/SAXProfileBuilder.cpp')
      C:\Program Files (x86)\Microsoft Visual Studio\2022\BuildTools\VC\Tools\MSVC\14.44.35207\atlmfc\include\atlcomcli.h(341,7):
      see declaration of 'ATL::CComPtr<IMFCaptureEngine>'
  
C:\Users\mcmco\Desktop\WMMR\src\MovieMakerCore\HMRAVSource\VideoCapture.h(107,37): warning C4251: 'HMRAVSource::VideoCapture::m_spPreviewSink': 'ATL::CComPtr<IMFCapturePreviewSink>' needs to have dll-interface to be used by clients of 'HMRAVSource::VideoCapture' [C:\Users\mcmco\Desktop\WMMR\build\src\MovieMakerCore\MovieMakerCore.vcxproj]
  (compiling source file '../../../src/MovieMakerCore/HMRAVSource/SAXProfileBuilder.cpp')
      C:\Program Files (x86)\Microsoft Visual Studio\2022\BuildTools\VC\Tools\MSVC\14.44.35207\atlmfc\include\atlcomcli.h(341,7):
      see declaration of 'ATL::CComPtr<IMFCapturePreviewSink>'
  
C:\Users\mcmco\Desktop\WMMR\src\MovieMakerCore\HMRAVSource\VideoCapture.h(108,37): warning C4251: 'HMRAVSource::VideoCapture::m_spRecordSink': 'ATL::CComPtr<IMFCaptureRecordSink>' needs to have dll-interface to be used by clients of 'HMRAVSource::VideoCapture' [C:\Users\mcmco\Desktop\WMMR\build\src\MovieMakerCore\MovieMakerCore.vcxproj]
  (compiling source file '../../../src/MovieMakerCore/HMRAVSource/SAXProfileBuilder.cpp')
      C:\Program Files (x86)\Microsoft Visual Studio\2022\BuildTools\VC\Tools\MSVC\14.44.35207\atlmfc\include\atlcomcli.h(341,7):
      see declaration of 'ATL::CComPtr<IMFCaptureRecordSink>'
  
C:\Users\mcmco\Desktop\WMMR\src\MovieMakerCore\HMRAVSource\VideoCapture.h(117,38): warning C4251: 'HMRAVSource::VideoCapture::m_frameCb': 'std::function<void (IMFSample *)>' needs to have dll-interface to be used by clients of 'HMRAVSource::VideoCapture' [C:\Users\mcmco\Desktop\WMMR\build\src\MovieMakerCore\MovieMakerCore.vcxproj]
  (compiling source file '../../../src/MovieMakerCore/HMRAVSource/SAXProfileBuilder.cpp')
      C:\Program Files (x86)\Microsoft Visual Studio\2022\BuildTools\VC\Tools\MSVC\14.44.35207\include\functional(1089,7):
      see declaration of 'std::function<void (IMFSample *)>'
  
  VideoProc.cpp
C:\Users\mcmco\Desktop\WMMR\src\MovieMakerCore\HMRAVSource\AudioCapture.h(107,33): warning C4251: 'HMRAVSource::AudioCapture::m_spMediaSource': 'ATL::CComPtr<IMFMediaSource>' needs to have dll-interface to be used by clients of 'HMRAVSource::AudioCapture' [C:\Users\mcmco\Desktop\WMMR\build\src\MovieMakerCore\MovieMakerCore.vcxproj]
  (compiling source file '../../../src/MovieMakerCore/HMRAVSource/SAXProfileBuilder.cpp')
      C:\Program Files (x86)\Microsoft Visual Studio\2022\BuildTools\VC\Tools\MSVC\14.44.35207\atlmfc\include\atlcomcli.h(341,7):
      see declaration of 'ATL::CComPtr<IMFMediaSource>'
  
C:\Users\mcmco\Desktop\WMMR\src\MovieMakerCore\HMRAVSource\AudioCapture.h(108,33): warning C4251: 'HMRAVSource::AudioCapture::m_spReader': 'ATL::CComPtr<IMFSourceReader>' needs to have dll-interface to be used by clients of 'HMRAVSource::AudioCapture' [C:\Users\mcmco\Desktop\WMMR\build\src\MovieMakerCore\MovieMakerCore.vcxproj]
  (compiling source file '../../../src/MovieMakerCore/HMRAVSource/SAXProfileBuilder.cpp')
      C:\Program Files (x86)\Microsoft Visual Studio\2022\BuildTools\VC\Tools\MSVC\14.44.35207\atlmfc\include\atlcomcli.h(341,7):
      see declaration of 'ATL::CComPtr<IMFSourceReader>'
  
C:\Users\mcmco\Desktop\WMMR\src\MovieMakerCore\HMRAVSource\AudioCapture.h(116,34): warning C4251: 'HMRAVSource::AudioCapture::m_sampleCb': 'std::function<void (IMFSample *)>' needs to have dll-interface to be used by clients of 'HMRAVSource::AudioCapture' [C:\Users\mcmco\Desktop\WMMR\build\src\MovieMakerCore\MovieMakerCore.vcxproj]
  (compiling source file '../../../src/MovieMakerCore/HMRAVSource/SAXProfileBuilder.cpp')
      C:\Program Files (x86)\Microsoft Visual Studio\2022\BuildTools\VC\Tools\MSVC\14.44.35207\include\functional(1089,7):
      see declaration of 'std::function<void (IMFSample *)>'
  
  AuthProvider.cpp
C:\Users\mcmco\Desktop\WMMR\src\MovieMakerCore\HMRAVSource\AVCaptureSession.h(117,25): warning C4251: 'HMRAVSource::AVCaptureSession::m_statsCb': 'std::function<void (const HMRAVSource::AVCaptureSessionStats &)>' needs to have dll-interface to be used by clients of 'HMRAVSource::AVCaptureSession' [C:\Users\mcmco\Desktop\WMMR\build\src\MovieMakerCore\MovieMakerCore.vcxproj]
  (compiling source file '../../../src/MovieMakerCore/HMRAVSource/SAXProfileBuilder.cpp')
      C:\Program Files (x86)\Microsoft Visual Studio\2022\BuildTools\VC\Tools\MSVC\14.44.35207\include\functional(1089,7):
      see declaration of 'std::function<void (const HMRAVSource::AVCaptureSessionStats &)>'
  
C:\Users\mcmco\Desktop\WMMR\src\MovieMakerCore\HMRAVSource\StreamSink.h(101,33): warning C4251: 'HMRAVSource::StreamSink::m_spSinkWriter': 'ATL::CComPtr<IMFSinkWriter>' needs to have dll-interface to be used by clients of 'HMRAVSource::StreamSink' [C:\Users\mcmco\Desktop\WMMR\build\src\MovieMakerCore\MovieMakerCore.vcxproj]
  (compiling source file '../../../src/MovieMakerCore/HMRAVSource/NativeMFSourceReaderBuilder.cpp')
      C:\Program Files (x86)\Microsoft Visual Studio\2022\BuildTools\VC\Tools\MSVC\14.44.35207\atlmfc\include\atlcomcli.h(341,7):
      see declaration of 'ATL::CComPtr<IMFSinkWriter>'
  
C:\Users\mcmco\Desktop\WMMR\src\MovieMakerCore\HMRAVSource\AVCaptureSession.h(118,25): warning C4251: 'HMRAVSource::AVCaptureSession::m_errorCb': 'std::function<void (HRESULT)>' needs to have dll-interface to be used by clients of 'HMRAVSource::AVCaptureSession' [C:\Users\mcmco\Desktop\WMMR\build\src\MovieMakerCore\MovieMakerCore.vcxproj]
  (compiling source file '../../../src/MovieMakerCore/HMRAVSource/SAXProfileBuilder.cpp')
      C:\Program Files (x86)\Microsoft Visual Studio\2022\BuildTools\VC\Tools\MSVC\14.44.35207\include\functional(1089,7):
      see declaration of 'std::function<void (HRESULT)>'
  
C:\Users\mcmco\Desktop\WMMR\src\MovieMakerCore\HMRAVSource\AVCaptureSession.h(119,25): warning C4251: 'HMRAVSource::AVCaptureSession::m_completeCb': 'std::function<void (HRESULT)>' needs to have dll-interface to be used by clients of 'HMRAVSource::AVCaptureSession' [C:\Users\mcmco\Desktop\WMMR\build\src\MovieMakerCore\MovieMakerCore.vcxproj]
  (compiling source file '../../../src/MovieMakerCore/HMRAVSource/SAXProfileBuilder.cpp')
      C:\Program Files (x86)\Microsoft Visual Studio\2022\BuildTools\VC\Tools\MSVC\14.44.35207\include\functional(1089,7):
      see declaration of 'std::function<void (HRESULT)>'
  
C:\Users\mcmco\Desktop\WMMR\src\MovieMakerCore\HMRAVSource\StreamSink.h(108,33): warning C4251: 'HMRAVSource::StreamSink::m_progressCb': 'std::function<void (const HMRAVSource::StreamSinkStats &)>' needs to have dll-interface to be used by clients of 'HMRAVSource::StreamSink' [C:\Users\mcmco\Desktop\WMMR\build\src\MovieMakerCore\MovieMakerCore.vcxproj]
  (compiling source file '../../../src/MovieMakerCore/HMRAVSource/NativeMFSourceReaderBuilder.cpp')
      C:\Program Files (x86)\Microsoft Visual Studio\2022\BuildTools\VC\Tools\MSVC\14.44.35207\include\functional(1089,7):
      see declaration of 'std::function<void (const HMRAVSource::StreamSinkStats &)>'
  
C:\Users\mcmco\Desktop\WMMR\src\MovieMakerCore\HMRAVSource\AVCaptureSession.h(169,25): warning C4251: 'HMRAVSource::AudioCaptureSession::m_strOutputPath': 'ATL::CStringT<wchar_t,ATL::StrTraitATL<wchar_t,ATL::ChTraitsCRT<wchar_t>>>' needs to have dll-interface to be used by clients of 'HMRAVSource::AudioCaptureSession' [C:\Users\mcmco\Desktop\WMMR\build\src\MovieMakerCore\MovieMakerCore.vcxproj]
  (compiling source file '../../../src/MovieMakerCore/HMRAVSource/SAXProfileBuilder.cpp')
      C:\Program Files (x86)\Microsoft Visual Studio\2022\BuildTools\VC\Tools\MSVC\14.44.35207\atlmfc\include\cstringt.h(999,7):
      see declaration of 'ATL::CStringT<wchar_t,ATL::StrTraitATL<wchar_t,ATL::ChTraitsCRT<wchar_t>>>'
  
C:\Users\mcmco\Desktop\WMMR\src\MovieMakerCore\HMRAVSource\AVCaptureSession.h(173,25): warning C4251: 'HMRAVSource::AudioCaptureSession::m_completeCb': 'std::function<void (HRESULT,LPCWSTR)>' needs to have dll-interface to be used by clients of 'HMRAVSource::AudioCaptureSession' [C:\Users\mcmco\Desktop\WMMR\build\src\MovieMakerCore\MovieMakerCore.vcxproj]
  (compiling source file '../../../src/MovieMakerCore/HMRAVSource/SAXProfileBuilder.cpp')
      C:\Program Files (x86)\Microsoft Visual Studio\2022\BuildTools\VC\Tools\MSVC\14.44.35207\include\functional(1089,7):
      see declaration of 'std::function<void (HRESULT,LPCWSTR)>'
  
C:\Users\mcmco\Desktop\WMMR\src\MovieMakerCore\HMRAVSource\CachedWFSection.h(80,35): warning C4251: 'HMRAVSource::CachedWFSection::m_arrEntries': 'ATL::CAtlArray<HMRAVSource::CachedWFEntry,ATL::CElementTraits<E>>' needs to have dll-interface to be used by clients of 'HMRAVSource::CachedWFSection' [C:\Users\mcmco\Desktop\WMMR\build\src\MovieMakerCore\MovieMakerCore.vcxproj]
C:\Users\mcmco\Desktop\WMMR\src\MovieMakerCore\HMRAVSource\CachedWFSection.h(80,35): warning C4251:         with [C:\Users\mcmco\Desktop\WMMR\build\src\MovieMakerCore\MovieMakerCore.vcxproj]
C:\Users\mcmco\Desktop\WMMR\src\MovieMakerCore\HMRAVSource\CachedWFSection.h(80,35): warning C4251:         [ [C:\Users\mcmco\Desktop\WMMR\build\src\MovieMakerCore\MovieMakerCore.vcxproj]
C:\Users\mcmco\Desktop\WMMR\src\MovieMakerCore\HMRAVSource\CachedWFSection.h(80,35): warning C4251:             E=HMRAVSource::CachedWFEntry [C:\Users\mcmco\Desktop\WMMR\build\src\MovieMakerCore\MovieMakerCore.vcxproj]
C:\Users\mcmco\Desktop\WMMR\src\MovieMakerCore\HMRAVSource\CachedWFSection.h(80,35): warning C4251:         ] [C:\Users\mcmco\Desktop\WMMR\build\src\MovieMakerCore\MovieMakerCore.vcxproj]
  (compiling source file '../../../src/MovieMakerCore/HMRAVSource/SAXProfileBuilder.cpp')
      C:\Program Files (x86)\Microsoft Visual Studio\2022\BuildTools\VC\Tools\MSVC\14.44.35207\atlmfc\include\atlcoll.h(530,7):
      see declaration of 'ATL::CAtlArray<HMRAVSource::CachedWFEntry,ATL::CElementTraits<E>>'
          with
          [
              E=HMRAVSource::CachedWFEntry
          ]
  
C:\Users\mcmco\Desktop\WMMR\src\MovieMakerCore\HMRAVSource\SAXProfileBuilder.h(68,25): warning C4251: 'HMRAVSource::SAXProfileBuilder::m_strCurrentElement': 'ATL::CStringT<wchar_t,ATL::StrTraitATL<wchar_t,ATL::ChTraitsCRT<wchar_t>>>' needs to have dll-interface to be used by clients of 'HMRAVSource::SAXProfileBuilder' [C:\Users\mcmco\Desktop\WMMR\build\src\MovieMakerCore\MovieMakerCore.vcxproj]
  (compiling source file '../../../src/MovieMakerCore/HMRAVSource/SAXProfileBuilder.cpp')
      C:\Program Files (x86)\Microsoft Visual Studio\2022\BuildTools\VC\Tools\MSVC\14.44.35207\atlmfc\include\cstringt.h(999,7):
      see declaration of 'ATL::CStringT<wchar_t,ATL::StrTraitATL<wchar_t,ATL::ChTraitsCRT<wchar_t>>>'
  
C:\Users\mcmco\Desktop\WMMR\src\MovieMakerCore\HMRAVSource\SAXProfileBuilder.h(69,25): warning C4251: 'HMRAVSource::SAXProfileBuilder::m_strCurrentValue': 'ATL::CStringT<wchar_t,ATL::StrTraitATL<wchar_t,ATL::ChTraitsCRT<wchar_t>>>' needs to have dll-interface to be used by clients of 'HMRAVSource::SAXProfileBuilder' [C:\Users\mcmco\Desktop\WMMR\build\src\MovieMakerCore\MovieMakerCore.vcxproj]
  (compiling source file '../../../src/MovieMakerCore/HMRAVSource/SAXProfileBuilder.cpp')
      C:\Program Files (x86)\Microsoft Visual Studio\2022\BuildTools\VC\Tools\MSVC\14.44.35207\atlmfc\include\cstringt.h(999,7):
      see declaration of 'ATL::CStringT<wchar_t,ATL::StrTraitATL<wchar_t,ATL::ChTraitsCRT<wchar_t>>>'
  
C:\Users\mcmco\Desktop\WMMR\src\MovieMakerCore\HMRAVSource\TranscodeManager.h(123,29): warning C4251: 'HMRAVSource::TranscodeManager::m_progressCb': 'std::function<void (const HMRAVSource::TranscodeProgress &)>' needs to have dll-interface to be used by clients of 'HMRAVSource::TranscodeManager' [C:\Users\mcmco\Desktop\WMMR\build\src\MovieMakerCore\MovieMakerCore.vcxproj]
  (compiling source file '../../../src/MovieMakerCore/HMRAVSource/NativeMFSourceReaderBuilder.cpp')
      C:\Program Files (x86)\Microsoft Visual Studio\2022\BuildTools\VC\Tools\MSVC\14.44.35207\include\functional(1089,7):
      see declaration of 'std::function<void (const HMRAVSource::TranscodeProgress &)>'
  
C:\Users\mcmco\Desktop\WMMR\src\MovieMakerCore\HMRAVSource\TranscodeManager.h(124,29): warning C4251: 'HMRAVSource::TranscodeManager::m_errorCb': 'std::function<void (HRESULT,LPCWSTR)>' needs to have dll-interface to be used by clients of 'HMRAVSource::TranscodeManager' [C:\Users\mcmco\Desktop\WMMR\build\src\MovieMakerCore\MovieMakerCore.vcxproj]
  (compiling source file '../../../src/MovieMakerCore/HMRAVSource/NativeMFSourceReaderBuilder.cpp')
      C:\Program Files (x86)\Microsoft Visual Studio\2022\BuildTools\VC\Tools\MSVC\14.44.35207\include\functional(1089,7):
      see declaration of 'std::function<void (HRESULT,LPCWSTR)>'
  
C:\Users\mcmco\Desktop\WMMR\src\MovieMakerCore\HMRAVSource\TranscodeManager.h(125,29): warning C4251: 'HMRAVSource::TranscodeManager::m_completeCb': 'std::function<void (HRESULT,LPCWSTR)>' needs to have dll-interface to be used by clients of 'HMRAVSource::TranscodeManager' [C:\Users\mcmco\Desktop\WMMR\build\src\MovieMakerCore\MovieMakerCore.vcxproj]
  (compiling source file '../../../src/MovieMakerCore/HMRAVSource/NativeMFSourceReaderBuilder.cpp')
      C:\Program Files (x86)\Microsoft Visual Studio\2022\BuildTools\VC\Tools\MSVC\14.44.35207\include\functional(1089,7):
      see declaration of 'std::function<void (HRESULT,LPCWSTR)>'
  
C:\Users\mcmco\Desktop\WMMR\src\MovieMakerCore\HMRAVSource\TranscodeManager.h(127,29): warning C4251: 'HMRAVSource::TranscodeManager::m_spVideoTransform': 'ATL::CComPtr<IMFTransform>' needs to have dll-interface to be used by clients of 'HMRAVSource::TranscodeManager' [C:\Users\mcmco\Desktop\WMMR\build\src\MovieMakerCore\MovieMakerCore.vcxproj]
  (compiling source file '../../../src/MovieMakerCore/HMRAVSource/NativeMFSourceReaderBuilder.cpp')
      C:\Program Files (x86)\Microsoft Visual Studio\2022\BuildTools\VC\Tools\MSVC\14.44.35207\atlmfc\include\atlcomcli.h(341,7):
      see declaration of 'ATL::CComPtr<IMFTransform>'
  
C:\Users\mcmco\Desktop\WMMR\src\MovieMakerCore\HMRAVSource\TranscodeManager.h(128,29): warning C4251: 'HMRAVSource::TranscodeManager::m_spAudioTransform': 'ATL::CComPtr<IMFTransform>' needs to have dll-interface to be used by clients of 'HMRAVSource::TranscodeManager' [C:\Users\mcmco\Desktop\WMMR\build\src\MovieMakerCore\MovieMakerCore.vcxproj]
  (compiling source file '../../../src/MovieMakerCore/HMRAVSource/NativeMFSourceReaderBuilder.cpp')
      C:\Program Files (x86)\Microsoft Visual Studio\2022\BuildTools\VC\Tools\MSVC\14.44.35207\atlmfc\include\atlcomcli.h(341,7):
      see declaration of 'ATL::CComPtr<IMFTransform>'
  
C:\Users\mcmco\Desktop\WMMR\src\MovieMakerCore\HMRAVSource\SAXProfileBuilder.cpp(155,5): error C2065: 'hr': undeclared identifier [C:\Users\mcmco\Desktop\WMMR\build\src\MovieMakerCore\MovieMakerCore.vcxproj]
C:\Users\mcmco\Desktop\WMMR\src\MovieMakerCore\HMRAVSource\SAXProfileBuilder.cpp(156,9): error C2065: 'hr': undeclared identifier [C:\Users\mcmco\Desktop\WMMR\build\src\MovieMakerCore\MovieMakerCore.vcxproj]
C:\Users\mcmco\Desktop\WMMR\src\MovieMakerCore\HMRAVSource\SAXProfileBuilder.cpp(157,16): error C2065: 'hr': undeclared identifier [C:\Users\mcmco\Desktop\WMMR\build\src\MovieMakerCore\MovieMakerCore.vcxproj]
C:\Users\mcmco\Desktop\WMMR\src\MovieMakerCore\HMRAVSource\SAXProfileBuilder.cpp(159,5): error C2065: 'hr': undeclared identifier [C:\Users\mcmco\Desktop\WMMR\build\src\MovieMakerCore\MovieMakerCore.vcxproj]
C:\Users\mcmco\Desktop\WMMR\src\MovieMakerCore\HMRAVSource\SAXProfileBuilder.cpp(160,9): error C2065: 'hr': undeclared identifier [C:\Users\mcmco\Desktop\WMMR\build\src\MovieMakerCore\MovieMakerCore.vcxproj]
C:\Users\mcmco\Desktop\WMMR\src\MovieMakerCore\HMRAVSource\SAXProfileBuilder.cpp(161,16): error C2065: 'hr': undeclared identifier [C:\Users\mcmco\Desktop\WMMR\build\src\MovieMakerCore\MovieMakerCore.vcxproj]
C:\Users\mcmco\Desktop\WMMR\src\MovieMakerCore\pch.h(21,9): warning C4005: 'WINVER': macro redefinition [C:\Users\mcmco\Desktop\WMMR\build\src\MovieMakerCore\MovieMakerCore.vcxproj]
  (compiling source file '../../../src/MovieMakerCore/HMRAVSource/MFByteStreamOnStream.cpp')
      C:\Users\mcmco\Desktop\WMMR\src\MovieMakerCore\pch.h(21,9):
      'WINVER' previously declared on the command line
  
C:\Users\mcmco\Desktop\WMMR\src\MovieMakerCore\HMRAVSource\SAXProfileBuilder.cpp(166,5): error C2065: 'hr': undeclared identifier [C:\Users\mcmco\Desktop\WMMR\build\src\MovieMakerCore\MovieMakerCore.vcxproj]
C:\Users\mcmco\Desktop\WMMR\src\MovieMakerCore\HMRAVSource\SAXProfileBuilder.cpp(169,12): error C2065: 'hr': undeclared identifier [C:\Users\mcmco\Desktop\WMMR\build\src\MovieMakerCore\MovieMakerCore.vcxproj]
C:\Users\mcmco\Desktop\WMMR\src\MovieMakerCore\pch.h(22,9): warning C4005: '_WIN32_WINNT': macro redefinition [C:\Users\mcmco\Desktop\WMMR\build\src\MovieMakerCore\MovieMakerCore.vcxproj]
  (compiling source file '../../../src/MovieMakerCore/HMRAVSource/MFByteStreamOnStream.cpp')
      C:\Users\mcmco\Desktop\WMMR\src\MovieMakerCore\pch.h(22,9):
      '_WIN32_WINNT' previously declared on the command line
  
C:\Users\mcmco\Desktop\WMMR\src\MovieMakerCore\pch.h(30,9): warning C4005: 'WIN32_LEAN_AND_MEAN': macro redefinition [C:\Users\mcmco\Desktop\WMMR\build\src\MovieMakerCore\MovieMakerCore.vcxproj]
  (compiling source file '../../../src/MovieMakerCore/HMRAVSource/MFByteStreamOnStream.cpp')
      C:\Users\mcmco\Desktop\WMMR\src\MovieMakerCore\pch.h(30,9):
      'WIN32_LEAN_AND_MEAN' previously declared on the command line
  
C:\Users\mcmco\Desktop\WMMR\src\MovieMakerCore\pch.h(31,9): warning C4005: 'NOMINMAX': macro redefinition [C:\Users\mcmco\Desktop\WMMR\build\src\MovieMakerCore\MovieMakerCore.vcxproj]
  (compiling source file '../../../src/MovieMakerCore/HMRAVSource/MFByteStreamOnStream.cpp')
      C:\Users\mcmco\Desktop\WMMR\src\MovieMakerCore\pch.h(31,9):
      'NOMINMAX' previously declared on the command line
  
C:\Users\mcmco\Desktop\WMMR\src\MovieMakerCore\HMRAVSource\SAXProfileBuilder.cpp(199,14): error C2065: 'XmlNodeTypeEndElement': undeclared identifier [C:\Users\mcmco\Desktop\WMMR\build\src\MovieMakerCore\MovieMakerCore.vcxproj]
C:\Users\mcmco\Desktop\WMMR\src\MovieMakerCore\pch.h(32,9): warning C4005: '_CRT_SECURE_NO_WARNINGS': macro redefinition [C:\Users\mcmco\Desktop\WMMR\build\src\MovieMakerCore\MovieMakerCore.vcxproj]
  (compiling source file '../../../src/MovieMakerCore/HMRAVSource/MFByteStreamOnStream.cpp')
      C:\Users\mcmco\Desktop\WMMR\src\MovieMakerCore\pch.h(32,9):
      '_CRT_SECURE_NO_WARNINGS' previously declared on the command line
  
C:\Users\mcmco\Desktop\WMMR\src\MovieMakerCore\HMRAVSource\SAXProfileBuilder.cpp(199,14): error C2051: case expression not constant [C:\Users\mcmco\Desktop\WMMR\build\src\MovieMakerCore\MovieMakerCore.vcxproj]
C:\Users\mcmco\Desktop\WMMR\src\MovieMakerCore\HMRAVSource\SAXProfileBuilder.cpp(258,12): error C3861: 'CreateXmlReaderInInstance': identifier not found [C:\Users\mcmco\Desktop\WMMR\build\src\MovieMakerCore\MovieMakerCore.vcxproj]
C:\Users\mcmco\Desktop\WMMR\src\MovieMakerCore\pch.h(33,9): warning C4005: '_WINDLL': macro redefinition [C:\Users\mcmco\Desktop\WMMR\build\src\MovieMakerCore\MovieMakerCore.vcxproj]
  (compiling source file '../../../src/MovieMakerCore/HMRAVSource/MFByteStreamOnStream.cpp')
      C:\Users\mcmco\Desktop\WMMR\src\MovieMakerCore\pch.h(33,9):
      '_WINDLL' previously declared on the command line
  
C:\Users\mcmco\Desktop\WMMR\src\MovieMakerCore\HMRAVSource\SAXProfileBuilder.cpp(271,12): error C3861: 'CreateXmlWriterInInstance': identifier not found [C:\Users\mcmco\Desktop\WMMR\build\src\MovieMakerCore\MovieMakerCore.vcxproj]
C:\Users\mcmco\Desktop\WMMR\src\MovieMakerCore\pch.h(34,9): warning C4005: '_AFXDLL': macro redefinition [C:\Users\mcmco\Desktop\WMMR\build\src\MovieMakerCore\MovieMakerCore.vcxproj]
  (compiling source file '../../../src/MovieMakerCore/HMRAVSource/MFByteStreamOnStream.cpp')
      C:\Users\mcmco\Desktop\WMMR\src\MovieMakerCore\pch.h(34,9):
      '_AFXDLL' previously declared on the command line
  
C:\Users\mcmco\Desktop\WMMR\src\MovieMakerCore\pch.h(35,9): warning C4005: '_ATL_CSTRING_EXPLICIT_CONSTRUCTORS': macro redefinition [C:\Users\mcmco\Desktop\WMMR\build\src\MovieMakerCore\MovieMakerCore.vcxproj]
  (compiling source file '../../../src/MovieMakerCore/HMRAVSource/MFByteStreamOnStream.cpp')
      C:\Users\mcmco\Desktop\WMMR\src\MovieMakerCore\pch.h(35,9):
      '_ATL_CSTRING_EXPLICIT_CONSTRUCTORS' previously declared on the command line
  
C:\Users\mcmco\Desktop\WMMR\src\MovieMakerCore\pch.h(36,9): warning C4005: '_ATL_ALL_WARNINGS': macro redefinition [C:\Users\mcmco\Desktop\WMMR\build\src\MovieMakerCore\MovieMakerCore.vcxproj]
  (compiling source file '../../../src/MovieMakerCore/HMRAVSource/MFByteStreamOnStream.cpp')
      C:\Users\mcmco\Desktop\WMMR\src\MovieMakerCore\pch.h(36,9):
      '_ATL_ALL_WARNINGS' previously declared on the command line
  
C:\Users\mcmco\Desktop\WMMR\src\MovieMakerCore\HMRAVSource\SAXProfileBuilder.cpp(594,26): error C2065: 'XmlWriterProperty_ImplicitFragmentEscape': undeclared identifier [C:\Users\mcmco\Desktop\WMMR\build\src\MovieMakerCore\MovieMakerCore.vcxproj]
C:\Users\mcmco\Desktop\WMMR\src\MovieMakerCore\HMRAVSource\VideoCapture.h(105,37): warning C4251: 'HMRAVSource::VideoCapture::m_spMediaSource': 'ATL::CComPtr<IMFMediaSource>' needs to have dll-interface to be used by clients of 'HMRAVSource::VideoCapture' [C:\Users\mcmco\Desktop\WMMR\build\src\MovieMakerCore\MovieMakerCore.vcxproj]
  (compiling source file '../../../src/MovieMakerCore/HMRAVSource/NativeMFSourceReaderBuilder.cpp')
      C:\Program Files (x86)\Microsoft Visual Studio\2022\BuildTools\VC\Tools\MSVC\14.44.35207\atlmfc\include\atlcomcli.h(341,7):
      see declaration of 'ATL::CComPtr<IMFMediaSource>'
  
C:\Users\mcmco\Desktop\WMMR\src\MovieMakerCore\HMRAVSource\VideoCapture.h(106,37): warning C4251: 'HMRAVSource::VideoCapture::m_spCaptureEngine': 'ATL::CComPtr<IMFCaptureEngine>' needs to have dll-interface to be used by clients of 'HMRAVSource::VideoCapture' [C:\Users\mcmco\Desktop\WMMR\build\src\MovieMakerCore\MovieMakerCore.vcxproj]
  (compiling source file '../../../src/MovieMakerCore/HMRAVSource/NativeMFSourceReaderBuilder.cpp')
      C:\Program Files (x86)\Microsoft Visual Studio\2022\BuildTools\VC\Tools\MSVC\14.44.35207\atlmfc\include\atlcomcli.h(341,7):
      see declaration of 'ATL::CComPtr<IMFCaptureEngine>'
  
C:\Users\mcmco\Desktop\WMMR\src\MovieMakerCore\pch.h(21,9): warning C4005: 'WINVER': macro redefinition [C:\Users\mcmco\Desktop\WMMR\build\src\MovieMakerCore\MovieMakerCore.vcxproj]
  (compiling source file '../../../src/MovieMakerCore/HMRAVSource/VideoProc.cpp')
      C:\Users\mcmco\Desktop\WMMR\src\MovieMakerCore\pch.h(21,9):
      'WINVER' previously declared on the command line
  
C:\Users\mcmco\Desktop\WMMR\src\MovieMakerCore\pch.h(22,9): warning C4005: '_WIN32_WINNT': macro redefinition [C:\Users\mcmco\Desktop\WMMR\build\src\MovieMakerCore\MovieMakerCore.vcxproj]
  (compiling source file '../../../src/MovieMakerCore/HMRAVSource/VideoProc.cpp')
      C:\Users\mcmco\Desktop\WMMR\src\MovieMakerCore\pch.h(22,9):
      '_WIN32_WINNT' previously declared on the command line
  
C:\Users\mcmco\Desktop\WMMR\src\MovieMakerCore\pch.h(30,9): warning C4005: 'WIN32_LEAN_AND_MEAN': macro redefinition [C:\Users\mcmco\Desktop\WMMR\build\src\MovieMakerCore\MovieMakerCore.vcxproj]
  (compiling source file '../../../src/MovieMakerCore/HMRAVSource/VideoProc.cpp')
      C:\Users\mcmco\Desktop\WMMR\src\MovieMakerCore\pch.h(30,9):
      'WIN32_LEAN_AND_MEAN' previously declared on the command line
  
C:\Users\mcmco\Desktop\WMMR\src\MovieMakerCore\pch.h(31,9): warning C4005: 'NOMINMAX': macro redefinition [C:\Users\mcmco\Desktop\WMMR\build\src\MovieMakerCore\MovieMakerCore.vcxproj]
  (compiling source file '../../../src/MovieMakerCore/HMRAVSource/VideoProc.cpp')
      C:\Users\mcmco\Desktop\WMMR\src\MovieMakerCore\pch.h(31,9):
      'NOMINMAX' previously declared on the command line
  
C:\Users\mcmco\Desktop\WMMR\src\MovieMakerCore\HMRAVSource\VideoCapture.h(107,37): warning C4251: 'HMRAVSource::VideoCapture::m_spPreviewSink': 'ATL::CComPtr<IMFCapturePreviewSink>' needs to have dll-interface to be used by clients of 'HMRAVSource::VideoCapture' [C:\Users\mcmco\Desktop\WMMR\build\src\MovieMakerCore\MovieMakerCore.vcxproj]
  (compiling source file '../../../src/MovieMakerCore/HMRAVSource/NativeMFSourceReaderBuilder.cpp')
      C:\Program Files (x86)\Microsoft Visual Studio\2022\BuildTools\VC\Tools\MSVC\14.44.35207\atlmfc\include\atlcomcli.h(341,7):
      see declaration of 'ATL::CComPtr<IMFCapturePreviewSink>'
  
C:\Users\mcmco\Desktop\WMMR\src\MovieMakerCore\pch.h(32,9): warning C4005: '_CRT_SECURE_NO_WARNINGS': macro redefinition [C:\Users\mcmco\Desktop\WMMR\build\src\MovieMakerCore\MovieMakerCore.vcxproj]
  (compiling source file '../../../src/MovieMakerCore/HMRAVSource/VideoProc.cpp')
      C:\Users\mcmco\Desktop\WMMR\src\MovieMakerCore\pch.h(32,9):
      '_CRT_SECURE_NO_WARNINGS' previously declared on the command line
  
C:\Users\mcmco\Desktop\WMMR\src\MovieMakerCore\pch.h(33,9): warning C4005: '_WINDLL': macro redefinition [C:\Users\mcmco\Desktop\WMMR\build\src\MovieMakerCore\MovieMakerCore.vcxproj]
  (compiling source file '../../../src/MovieMakerCore/HMRAVSource/VideoProc.cpp')
      C:\Users\mcmco\Desktop\WMMR\src\MovieMakerCore\pch.h(33,9):
      '_WINDLL' previously declared on the command line
  
C:\Users\mcmco\Desktop\WMMR\src\MovieMakerCore\pch.h(34,9): warning C4005: '_AFXDLL': macro redefinition [C:\Users\mcmco\Desktop\WMMR\build\src\MovieMakerCore\MovieMakerCore.vcxproj]
  (compiling source file '../../../src/MovieMakerCore/HMRAVSource/VideoProc.cpp')
      C:\Users\mcmco\Desktop\WMMR\src\MovieMakerCore\pch.h(34,9):
      '_AFXDLL' previously declared on the command line
  
C:\Users\mcmco\Desktop\WMMR\src\MovieMakerCore\pch.h(35,9): warning C4005: '_ATL_CSTRING_EXPLICIT_CONSTRUCTORS': macro redefinition [C:\Users\mcmco\Desktop\WMMR\build\src\MovieMakerCore\MovieMakerCore.vcxproj]
  (compiling source file '../../../src/MovieMakerCore/HMRAVSource/VideoProc.cpp')
      C:\Users\mcmco\Desktop\WMMR\src\MovieMakerCore\pch.h(35,9):
      '_ATL_CSTRING_EXPLICIT_CONSTRUCTORS' previously declared on the command line
  
C:\Users\mcmco\Desktop\WMMR\src\MovieMakerCore\pch.h(36,9): warning C4005: '_ATL_ALL_WARNINGS': macro redefinition [C:\Users\mcmco\Desktop\WMMR\build\src\MovieMakerCore\MovieMakerCore.vcxproj]
  (compiling source file '../../../src/MovieMakerCore/HMRAVSource/VideoProc.cpp')
      C:\Users\mcmco\Desktop\WMMR\src\MovieMakerCore\pch.h(36,9):
      '_ATL_ALL_WARNINGS' previously declared on the command line
  
C:\Users\mcmco\Desktop\WMMR\src\MovieMakerCore\HMRAVSource\VideoCapture.h(108,37): warning C4251: 'HMRAVSource::VideoCapture::m_spRecordSink': 'ATL::CComPtr<IMFCaptureRecordSink>' needs to have dll-interface to be used by clients of 'HMRAVSource::VideoCapture' [C:\Users\mcmco\Desktop\WMMR\build\src\MovieMakerCore\MovieMakerCore.vcxproj]
  (compiling source file '../../../src/MovieMakerCore/HMRAVSource/NativeMFSourceReaderBuilder.cpp')
      C:\Program Files (x86)\Microsoft Visual Studio\2022\BuildTools\VC\Tools\MSVC\14.44.35207\atlmfc\include\atlcomcli.h(341,7):
      see declaration of 'ATL::CComPtr<IMFCaptureRecordSink>'
  
C:\Users\mcmco\Desktop\WMMR\src\MovieMakerCore\HMRAVSource\VideoCapture.h(117,38): warning C4251: 'HMRAVSource::VideoCapture::m_frameCb': 'std::function<void (IMFSample *)>' needs to have dll-interface to be used by clients of 'HMRAVSource::VideoCapture' [C:\Users\mcmco\Desktop\WMMR\build\src\MovieMakerCore\MovieMakerCore.vcxproj]
  (compiling source file '../../../src/MovieMakerCore/HMRAVSource/NativeMFSourceReaderBuilder.cpp')
      C:\Program Files (x86)\Microsoft Visual Studio\2022\BuildTools\VC\Tools\MSVC\14.44.35207\include\functional(1089,7):
      see declaration of 'std::function<void (IMFSample *)>'
  
C:\Users\mcmco\Desktop\WMMR\src\WLXPhotoBase\BaseTypes.h(536,18): warning C4251: 'Base::File::m_strPath': 'ATL::CStringT<wchar_t,ATL::StrTraitATL<wchar_t,ATL::ChTraitsCRT<wchar_t>>>' needs to have dll-interface to be used by clients of 'Base::File' [C:\Users\mcmco\Desktop\WMMR\build\src\MovieMakerCore\MovieMakerCore.vcxproj]
  (compiling source file '../../../src/MovieMakerCore/HMRAVSource/DShowMFSourceReaderBuilder.cpp')
      C:\Program Files (x86)\Microsoft Visual Studio\2022\BuildTools\VC\Tools\MSVC\14.44.35207\atlmfc\include\cstringt.h(999,7):
      see declaration of 'ATL::CStringT<wchar_t,ATL::StrTraitATL<wchar_t,ATL::ChTraitsCRT<wchar_t>>>'
  
C:\Users\mcmco\Desktop\WMMR\src\MovieMakerCore\HMRAVSource\AudioCapture.h(107,33): warning C4251: 'HMRAVSource::AudioCapture::m_spMediaSource': 'ATL::CComPtr<IMFMediaSource>' needs to have dll-interface to be used by clients of 'HMRAVSource::AudioCapture' [C:\Users\mcmco\Desktop\WMMR\build\src\MovieMakerCore\MovieMakerCore.vcxproj]
  (compiling source file '../../../src/MovieMakerCore/HMRAVSource/NativeMFSourceReaderBuilder.cpp')
      C:\Program Files (x86)\Microsoft Visual Studio\2022\BuildTools\VC\Tools\MSVC\14.44.35207\atlmfc\include\atlcomcli.h(341,7):
      see declaration of 'ATL::CComPtr<IMFMediaSource>'
  
C:\Users\mcmco\Desktop\WMMR\src\MovieMakerCore\HMRAVSource\AudioCapture.h(108,33): warning C4251: 'HMRAVSource::AudioCapture::m_spReader': 'ATL::CComPtr<IMFSourceReader>' needs to have dll-interface to be used by clients of 'HMRAVSource::AudioCapture' [C:\Users\mcmco\Desktop\WMMR\build\src\MovieMakerCore\MovieMakerCore.vcxproj]
  (compiling source file '../../../src/MovieMakerCore/HMRAVSource/NativeMFSourceReaderBuilder.cpp')
      C:\Program Files (x86)\Microsoft Visual Studio\2022\BuildTools\VC\Tools\MSVC\14.44.35207\atlmfc\include\atlcomcli.h(341,7):
      see declaration of 'ATL::CComPtr<IMFSourceReader>'
  
C:\Users\mcmco\Desktop\WMMR\src\WLXPhotoBase\BaseTypes.h(568,18): warning C4251: 'Base::TempFile::m_strPath': 'ATL::CStringT<wchar_t,ATL::StrTraitATL<wchar_t,ATL::ChTraitsCRT<wchar_t>>>' needs to have dll-interface to be used by clients of 'Base::TempFile' [C:\Users\mcmco\Desktop\WMMR\build\src\MovieMakerCore\MovieMakerCore.vcxproj]
  (compiling source file '../../../src/MovieMakerCore/HMRAVSource/DShowMFSourceReaderBuilder.cpp')
      C:\Program Files (x86)\Microsoft Visual Studio\2022\BuildTools\VC\Tools\MSVC\14.44.35207\atlmfc\include\cstringt.h(999,7):
      see declaration of 'ATL::CStringT<wchar_t,ATL::StrTraitATL<wchar_t,ATL::ChTraitsCRT<wchar_t>>>'
  
C:\Users\mcmco\Desktop\WMMR\src\MovieMakerCore\HMRAVSource\AudioCapture.h(116,34): warning C4251: 'HMRAVSource::AudioCapture::m_sampleCb': 'std::function<void (IMFSample *)>' needs to have dll-interface to be used by clients of 'HMRAVSource::AudioCapture' [C:\Users\mcmco\Desktop\WMMR\build\src\MovieMakerCore\MovieMakerCore.vcxproj]
  (compiling source file '../../../src/MovieMakerCore/HMRAVSource/NativeMFSourceReaderBuilder.cpp')
      C:\Program Files (x86)\Microsoft Visual Studio\2022\BuildTools\VC\Tools\MSVC\14.44.35207\include\functional(1089,7):
      see declaration of 'std::function<void (IMFSample *)>'
  
C:\Users\mcmco\Desktop\WMMR\src\WLXPhotoBase\BaseTypes.h(661,21): warning C4251: 'Base::FindFile::m_strDirectory': 'ATL::CStringT<wchar_t,ATL::StrTraitATL<wchar_t,ATL::ChTraitsCRT<wchar_t>>>' needs to have dll-interface to be used by clients of 'Base::FindFile' [C:\Users\mcmco\Desktop\WMMR\build\src\MovieMakerCore\MovieMakerCore.vcxproj]
  (compiling source file '../../../src/MovieMakerCore/HMRAVSource/DShowMFSourceReaderBuilder.cpp')
      C:\Program Files (x86)\Microsoft Visual Studio\2022\BuildTools\VC\Tools\MSVC\14.44.35207\atlmfc\include\cstringt.h(999,7):
      see declaration of 'ATL::CStringT<wchar_t,ATL::StrTraitATL<wchar_t,ATL::ChTraitsCRT<wchar_t>>>'
  
C:\Users\mcmco\Desktop\WMMR\src\WLXPhotoBase\BaseTypes.h(724,25): warning C4251: 'Base::IntSet::m_values': 'ATL::CAtlArray<int,ATL::CElementTraits<int>>' needs to have dll-interface to be used by clients of 'Base::IntSet' [C:\Users\mcmco\Desktop\WMMR\build\src\MovieMakerCore\MovieMakerCore.vcxproj]
  (compiling source file '../../../src/MovieMakerCore/HMRAVSource/DShowMFSourceReaderBuilder.cpp')
      C:\Program Files (x86)\Microsoft Visual Studio\2022\BuildTools\VC\Tools\MSVC\14.44.35207\atlmfc\include\atlcoll.h(530,7):
      see declaration of 'ATL::CAtlArray<int,ATL::CElementTraits<int>>'
  
C:\Users\mcmco\Desktop\WMMR\src\MovieMakerCore\HMRAVSource\AVCaptureSession.h(117,25): warning C4251: 'HMRAVSource::AVCaptureSession::m_statsCb': 'std::function<void (const HMRAVSource::AVCaptureSessionStats &)>' needs to have dll-interface to be used by clients of 'HMRAVSource::AVCaptureSession' [C:\Users\mcmco\Desktop\WMMR\build\src\MovieMakerCore\MovieMakerCore.vcxproj]
  (compiling source file '../../../src/MovieMakerCore/HMRAVSource/NativeMFSourceReaderBuilder.cpp')
      C:\Program Files (x86)\Microsoft Visual Studio\2022\BuildTools\VC\Tools\MSVC\14.44.35207\include\functional(1089,7):
      see declaration of 'std::function<void (const HMRAVSource::AVCaptureSessionStats &)>'
  
C:\Users\mcmco\Desktop\WMMR\src\MovieMakerCore\HMRAVSource\AVCaptureSession.h(118,25): warning C4251: 'HMRAVSource::AVCaptureSession::m_errorCb': 'std::function<void (HRESULT)>' needs to have dll-interface to be used by clients of 'HMRAVSource::AVCaptureSession' [C:\Users\mcmco\Desktop\WMMR\build\src\MovieMakerCore\MovieMakerCore.vcxproj]
  (compiling source file '../../../src/MovieMakerCore/HMRAVSource/NativeMFSourceReaderBuilder.cpp')
      C:\Program Files (x86)\Microsoft Visual Studio\2022\BuildTools\VC\Tools\MSVC\14.44.35207\include\functional(1089,7):
      see declaration of 'std::function<void (HRESULT)>'
  
C:\Users\mcmco\Desktop\WMMR\src\MovieMakerCore\HMRAVSource\AVCaptureSession.h(119,25): warning C4251: 'HMRAVSource::AVCaptureSession::m_completeCb': 'std::function<void (HRESULT)>' needs to have dll-interface to be used by clients of 'HMRAVSource::AVCaptureSession' [C:\Users\mcmco\Desktop\WMMR\build\src\MovieMakerCore\MovieMakerCore.vcxproj]
  (compiling source file '../../../src/MovieMakerCore/HMRAVSource/NativeMFSourceReaderBuilder.cpp')
      C:\Program Files (x86)\Microsoft Visual Studio\2022\BuildTools\VC\Tools\MSVC\14.44.35207\include\functional(1089,7):
      see declaration of 'std::function<void (HRESULT)>'
  
C:\Users\mcmco\Desktop\WMMR\src\MovieMakerCore\pch.h(21,9): warning C4005: 'WINVER': macro redefinition [C:\Users\mcmco\Desktop\WMMR\build\src\MovieMakerCore\MovieMakerCore.vcxproj]
  (compiling source file '../../../src/MovieMakerCore/HMRAVSource/AuthProvider.cpp')
      C:\Users\mcmco\Desktop\WMMR\src\MovieMakerCore\pch.h(21,9):
      'WINVER' previously declared on the command line
  
C:\Users\mcmco\Desktop\WMMR\src\MovieMakerCore\pch.h(22,9): warning C4005: '_WIN32_WINNT': macro redefinition [C:\Users\mcmco\Desktop\WMMR\build\src\MovieMakerCore\MovieMakerCore.vcxproj]
  (compiling source file '../../../src/MovieMakerCore/HMRAVSource/AuthProvider.cpp')
      C:\Users\mcmco\Desktop\WMMR\src\MovieMakerCore\pch.h(22,9):
      '_WIN32_WINNT' previously declared on the command line
  
C:\Users\mcmco\Desktop\WMMR\src\MovieMakerCore\pch.h(30,9): warning C4005: 'WIN32_LEAN_AND_MEAN': macro redefinition [C:\Users\mcmco\Desktop\WMMR\build\src\MovieMakerCore\MovieMakerCore.vcxproj]
  (compiling source file '../../../src/MovieMakerCore/HMRAVSource/AuthProvider.cpp')
      C:\Users\mcmco\Desktop\WMMR\src\MovieMakerCore\pch.h(30,9):
      'WIN32_LEAN_AND_MEAN' previously declared on the command line
  
C:\Users\mcmco\Desktop\WMMR\src\MovieMakerCore\pch.h(31,9): warning C4005: 'NOMINMAX': macro redefinition [C:\Users\mcmco\Desktop\WMMR\build\src\MovieMakerCore\MovieMakerCore.vcxproj]
  (compiling source file '../../../src/MovieMakerCore/HMRAVSource/AuthProvider.cpp')
      C:\Users\mcmco\Desktop\WMMR\src\MovieMakerCore\pch.h(31,9):
      'NOMINMAX' previously declared on the command line
  
C:\Users\mcmco\Desktop\WMMR\src\MovieMakerCore\pch.h(32,9): warning C4005: '_CRT_SECURE_NO_WARNINGS': macro redefinition [C:\Users\mcmco\Desktop\WMMR\build\src\MovieMakerCore\MovieMakerCore.vcxproj]
  (compiling source file '../../../src/MovieMakerCore/HMRAVSource/AuthProvider.cpp')
      C:\Users\mcmco\Desktop\WMMR\src\MovieMakerCore\pch.h(32,9):
      '_CRT_SECURE_NO_WARNINGS' previously declared on the command line
  
C:\Users\mcmco\Desktop\WMMR\src\MovieMakerCore\pch.h(33,9): warning C4005: '_WINDLL': macro redefinition [C:\Users\mcmco\Desktop\WMMR\build\src\MovieMakerCore\MovieMakerCore.vcxproj]
  (compiling source file '../../../src/MovieMakerCore/HMRAVSource/AuthProvider.cpp')
      C:\Users\mcmco\Desktop\WMMR\src\MovieMakerCore\pch.h(33,9):
      '_WINDLL' previously declared on the command line
  
  ImageThumbnail.cpp
C:\Users\mcmco\Desktop\WMMR\src\MovieMakerCore\pch.h(34,9): warning C4005: '_AFXDLL': macro redefinition [C:\Users\mcmco\Desktop\WMMR\build\src\MovieMakerCore\MovieMakerCore.vcxproj]
  (compiling source file '../../../src/MovieMakerCore/HMRAVSource/AuthProvider.cpp')
      C:\Users\mcmco\Desktop\WMMR\src\MovieMakerCore\pch.h(34,9):
      '_AFXDLL' previously declared on the command line
  
C:\Users\mcmco\Desktop\WMMR\src\MovieMakerCore\pch.h(35,9): warning C4005: '_ATL_CSTRING_EXPLICIT_CONSTRUCTORS': macro redefinition [C:\Users\mcmco\Desktop\WMMR\build\src\MovieMakerCore\MovieMakerCore.vcxproj]
  (compiling source file '../../../src/MovieMakerCore/HMRAVSource/AuthProvider.cpp')
      C:\Users\mcmco\Desktop\WMMR\src\MovieMakerCore\pch.h(35,9):
      '_ATL_CSTRING_EXPLICIT_CONSTRUCTORS' previously declared on the command line
  
C:\Users\mcmco\Desktop\WMMR\src\MovieMakerCore\pch.h(36,9): warning C4005: '_ATL_ALL_WARNINGS': macro redefinition [C:\Users\mcmco\Desktop\WMMR\build\src\MovieMakerCore\MovieMakerCore.vcxproj]
  (compiling source file '../../../src/MovieMakerCore/HMRAVSource/AuthProvider.cpp')
      C:\Users\mcmco\Desktop\WMMR\src\MovieMakerCore\pch.h(36,9):
      '_ATL_ALL_WARNINGS' previously declared on the command line
  
C:\Users\mcmco\Desktop\WMMR\src\MovieMakerCore\HMRAVSource\AVCaptureSession.h(169,25): warning C4251: 'HMRAVSource::AudioCaptureSession::m_strOutputPath': 'ATL::CStringT<wchar_t,ATL::StrTraitATL<wchar_t,ATL::ChTraitsCRT<wchar_t>>>' needs to have dll-interface to be used by clients of 'HMRAVSource::AudioCaptureSession' [C:\Users\mcmco\Desktop\WMMR\build\src\MovieMakerCore\MovieMakerCore.vcxproj]
  (compiling source file '../../../src/MovieMakerCore/HMRAVSource/NativeMFSourceReaderBuilder.cpp')
      C:\Program Files (x86)\Microsoft Visual Studio\2022\BuildTools\VC\Tools\MSVC\14.44.35207\atlmfc\include\cstringt.h(999,7):
      see declaration of 'ATL::CStringT<wchar_t,ATL::StrTraitATL<wchar_t,ATL::ChTraitsCRT<wchar_t>>>'
  
C:\Users\mcmco\Desktop\WMMR\src\MovieMakerCore\HMRAVSource\AVCaptureSession.h(173,25): warning C4251: 'HMRAVSource::AudioCaptureSession::m_completeCb': 'std::function<void (HRESULT,LPCWSTR)>' needs to have dll-interface to be used by clients of 'HMRAVSource::AudioCaptureSession' [C:\Users\mcmco\Desktop\WMMR\build\src\MovieMakerCore\MovieMakerCore.vcxproj]
  (compiling source file '../../../src/MovieMakerCore/HMRAVSource/NativeMFSourceReaderBuilder.cpp')
      C:\Program Files (x86)\Microsoft Visual Studio\2022\BuildTools\VC\Tools\MSVC\14.44.35207\include\functional(1089,7):
      see declaration of 'std::function<void (HRESULT,LPCWSTR)>'
  
C:\Users\mcmco\Desktop\WMMR\src\MovieMakerCore\HMRAVSource\CachedWFSection.h(80,35): warning C4251: 'HMRAVSource::CachedWFSection::m_arrEntries': 'ATL::CAtlArray<HMRAVSource::CachedWFEntry,ATL::CElementTraits<E>>' needs to have dll-interface to be used by clients of 'HMRAVSource::CachedWFSection' [C:\Users\mcmco\Desktop\WMMR\build\src\MovieMakerCore\MovieMakerCore.vcxproj]
C:\Users\mcmco\Desktop\WMMR\src\MovieMakerCore\HMRAVSource\CachedWFSection.h(80,35): warning C4251:         with [C:\Users\mcmco\Desktop\WMMR\build\src\MovieMakerCore\MovieMakerCore.vcxproj]
C:\Users\mcmco\Desktop\WMMR\src\MovieMakerCore\HMRAVSource\CachedWFSection.h(80,35): warning C4251:         [ [C:\Users\mcmco\Desktop\WMMR\build\src\MovieMakerCore\MovieMakerCore.vcxproj]
C:\Users\mcmco\Desktop\WMMR\src\MovieMakerCore\HMRAVSource\CachedWFSection.h(80,35): warning C4251:             E=HMRAVSource::CachedWFEntry [C:\Users\mcmco\Desktop\WMMR\build\src\MovieMakerCore\MovieMakerCore.vcxproj]
C:\Users\mcmco\Desktop\WMMR\src\MovieMakerCore\HMRAVSource\CachedWFSection.h(80,35): warning C4251:         ] [C:\Users\mcmco\Desktop\WMMR\build\src\MovieMakerCore\MovieMakerCore.vcxproj]
  (compiling source file '../../../src/MovieMakerCore/HMRAVSource/NativeMFSourceReaderBuilder.cpp')
      C:\Program Files (x86)\Microsoft Visual Studio\2022\BuildTools\VC\Tools\MSVC\14.44.35207\atlmfc\include\atlcoll.h(530,7):
      see declaration of 'ATL::CAtlArray<HMRAVSource::CachedWFEntry,ATL::CElementTraits<E>>'
          with
          [
              E=HMRAVSource::CachedWFEntry
          ]
  
C:\Users\mcmco\Desktop\WMMR\src\MovieMakerCore\HMRAVSource\MFSourceReaderBuilder.h(115,33): warning C4251: 'HMRAVSource::MFSourceReaderBuilder::m_config': 'HMRAVSource::SourceReaderBuilderConfig' needs to have dll-interface to be used by clients of 'HMRAVSource::MFSourceReaderBuilder' [C:\Users\mcmco\Desktop\WMMR\build\src\MovieMakerCore\MovieMakerCore.vcxproj]
  (compiling source file '../../../src/MovieMakerCore/HMRAVSource/NativeMFSourceReaderBuilder.cpp')
      C:\Users\mcmco\Desktop\WMMR\src\MovieMakerCore\HMRAVSource\MFSourceReaderBuilder.h(29,8):
      see declaration of 'HMRAVSource::SourceReaderBuilderConfig'
  
C:\Users\mcmco\Desktop\WMMR\src\MovieMakerCore\HMRAVSource\NativeMFSourceReaderBuilder.cpp(127,9): warning C4245: 'argument': conversion from '__MIDL___MIDL_itf_mfreadwrite_0000_0001_0001' to 'DWORD', signed/unsigned mismatch [C:\Users\mcmco\Desktop\WMMR\build\src\MovieMakerCore\MovieMakerCore.vcxproj]
C:\Users\mcmco\Desktop\WMMR\src\MovieMakerCore\HMRAVSource\NativeMFSourceReaderBuilder.cpp(140,9): warning C4245: 'argument': conversion from '__MIDL___MIDL_itf_mfreadwrite_0000_0001_0001' to 'DWORD', signed/unsigned mismatch [C:\Users\mcmco\Desktop\WMMR\build\src\MovieMakerCore\MovieMakerCore.vcxproj]
C:\Users\mcmco\Desktop\WMMR\src\MovieMakerCore\HMRAVSource\NativeMFSourceReaderBuilder.cpp(184,23): error C2065: 'MF_MT_BLOCK_ALIGNMENT': undeclared identifier [C:\Users\mcmco\Desktop\WMMR\build\src\MovieMakerCore\MovieMakerCore.vcxproj]
C:\Users\mcmco\Desktop\WMMR\src\MovieMakerCore\HMRAVSource\NativeMFSourceReaderBuilder.cpp(203,9): warning C4245: 'argument': conversion from '__MIDL___MIDL_itf_mfreadwrite_0000_0001_0001' to 'DWORD', signed/unsigned mismatch [C:\Users\mcmco\Desktop\WMMR\build\src\MovieMakerCore\MovieMakerCore.vcxproj]
C:\Users\mcmco\Desktop\WMMR\src\WLXPhotoBase\BaseTypes.h(536,18): warning C4251: 'Base::File::m_strPath': 'ATL::CStringT<wchar_t,ATL::StrTraitATL<wchar_t,ATL::ChTraitsCRT<wchar_t>>>' needs to have dll-interface to be used by clients of 'Base::File' [C:\Users\mcmco\Desktop\WMMR\build\src\MovieMakerCore\MovieMakerCore.vcxproj]
  (compiling source file '../../../src/MovieMakerCore/HMRAVSource/AsyncSourceResolver.cpp')
      C:\Program Files (x86)\Microsoft Visual Studio\2022\BuildTools\VC\Tools\MSVC\14.44.35207\atlmfc\include\cstringt.h(999,7):
      see declaration of 'ATL::CStringT<wchar_t,ATL::StrTraitATL<wchar_t,ATL::ChTraitsCRT<wchar_t>>>'
  
C:\Users\mcmco\Desktop\WMMR\src\WLXPhotoBase\BaseTypes.h(568,18): warning C4251: 'Base::TempFile::m_strPath': 'ATL::CStringT<wchar_t,ATL::StrTraitATL<wchar_t,ATL::ChTraitsCRT<wchar_t>>>' needs to have dll-interface to be used by clients of 'Base::TempFile' [C:\Users\mcmco\Desktop\WMMR\build\src\MovieMakerCore\MovieMakerCore.vcxproj]
  (compiling source file '../../../src/MovieMakerCore/HMRAVSource/AsyncSourceResolver.cpp')
      C:\Program Files (x86)\Microsoft Visual Studio\2022\BuildTools\VC\Tools\MSVC\14.44.35207\atlmfc\include\cstringt.h(999,7):
      see declaration of 'ATL::CStringT<wchar_t,ATL::StrTraitATL<wchar_t,ATL::ChTraitsCRT<wchar_t>>>'
  
C:\Users\mcmco\Desktop\WMMR\src\WLXPhotoBase\BaseTypes.h(661,21): warning C4251: 'Base::FindFile::m_strDirectory': 'ATL::CStringT<wchar_t,ATL::StrTraitATL<wchar_t,ATL::ChTraitsCRT<wchar_t>>>' needs to have dll-interface to be used by clients of 'Base::FindFile' [C:\Users\mcmco\Desktop\WMMR\build\src\MovieMakerCore\MovieMakerCore.vcxproj]
  (compiling source file '../../../src/MovieMakerCore/HMRAVSource/AsyncSourceResolver.cpp')
      C:\Program Files (x86)\Microsoft Visual Studio\2022\BuildTools\VC\Tools\MSVC\14.44.35207\atlmfc\include\cstringt.h(999,7):
      see declaration of 'ATL::CStringT<wchar_t,ATL::StrTraitATL<wchar_t,ATL::ChTraitsCRT<wchar_t>>>'
  
C:\Users\mcmco\Desktop\WMMR\src\WLXPhotoBase\BaseTypes.h(724,25): warning C4251: 'Base::IntSet::m_values': 'ATL::CAtlArray<int,ATL::CElementTraits<int>>' needs to have dll-interface to be used by clients of 'Base::IntSet' [C:\Users\mcmco\Desktop\WMMR\build\src\MovieMakerCore\MovieMakerCore.vcxproj]
  (compiling source file '../../../src/MovieMakerCore/HMRAVSource/AsyncSourceResolver.cpp')
      C:\Program Files (x86)\Microsoft Visual Studio\2022\BuildTools\VC\Tools\MSVC\14.44.35207\atlmfc\include\atlcoll.h(530,7):
      see declaration of 'ATL::CAtlArray<int,ATL::CElementTraits<int>>'
  
C:\Users\mcmco\Desktop\WMMR\src\MovieMakerCore\HMRAVSource\StreamSink.h(101,33): warning C4251: 'HMRAVSource::StreamSink::m_spSinkWriter': 'ATL::CComPtr<IMFSinkWriter>' needs to have dll-interface to be used by clients of 'HMRAVSource::StreamSink' [C:\Users\mcmco\Desktop\WMMR\build\src\MovieMakerCore\MovieMakerCore.vcxproj]
  (compiling source file '../../../src/MovieMakerCore/HMRAVSource/DShowMFSourceReaderBuilder.cpp')
      C:\Program Files (x86)\Microsoft Visual Studio\2022\BuildTools\VC\Tools\MSVC\14.44.35207\atlmfc\include\atlcomcli.h(341,7):
      see declaration of 'ATL::CComPtr<IMFSinkWriter>'
  
C:\Users\mcmco\Desktop\WMMR\src\MovieMakerCore\HMRAVSource\StreamSink.h(108,33): warning C4251: 'HMRAVSource::StreamSink::m_progressCb': 'std::function<void (const HMRAVSource::StreamSinkStats &)>' needs to have dll-interface to be used by clients of 'HMRAVSource::StreamSink' [C:\Users\mcmco\Desktop\WMMR\build\src\MovieMakerCore\MovieMakerCore.vcxproj]
  (compiling source file '../../../src/MovieMakerCore/HMRAVSource/DShowMFSourceReaderBuilder.cpp')
      C:\Program Files (x86)\Microsoft Visual Studio\2022\BuildTools\VC\Tools\MSVC\14.44.35207\include\functional(1089,7):
      see declaration of 'std::function<void (const HMRAVSource::StreamSinkStats &)>'
  
C:\Users\mcmco\Desktop\WMMR\src\MovieMakerCore\pch.h(21,9): warning C4005: 'WINVER': macro redefinition [C:\Users\mcmco\Desktop\WMMR\build\src\MovieMakerCore\MovieMakerCore.vcxproj]
  (compiling source file '../../../src/MovieMakerCore/HMRAVSource/ImageThumbnail.cpp')
      C:\Users\mcmco\Desktop\WMMR\src\MovieMakerCore\pch.h(21,9):
      'WINVER' previously declared on the command line
  
C:\Users\mcmco\Desktop\WMMR\src\MovieMakerCore\pch.h(22,9): warning C4005: '_WIN32_WINNT': macro redefinition [C:\Users\mcmco\Desktop\WMMR\build\src\MovieMakerCore\MovieMakerCore.vcxproj]
  (compiling source file '../../../src/MovieMakerCore/HMRAVSource/ImageThumbnail.cpp')
      C:\Users\mcmco\Desktop\WMMR\src\MovieMakerCore\pch.h(22,9):
      '_WIN32_WINNT' previously declared on the command line
  
C:\Users\mcmco\Desktop\WMMR\src\MovieMakerCore\pch.h(30,9): warning C4005: 'WIN32_LEAN_AND_MEAN': macro redefinition [C:\Users\mcmco\Desktop\WMMR\build\src\MovieMakerCore\MovieMakerCore.vcxproj]
  (compiling source file '../../../src/MovieMakerCore/HMRAVSource/ImageThumbnail.cpp')
      C:\Users\mcmco\Desktop\WMMR\src\MovieMakerCore\pch.h(30,9):
      'WIN32_LEAN_AND_MEAN' previously declared on the command line
  
  TranscodeMetadata.cpp
C:\Users\mcmco\Desktop\WMMR\src\MovieMakerCore\pch.h(31,9): warning C4005: 'NOMINMAX': macro redefinition [C:\Users\mcmco\Desktop\WMMR\build\src\MovieMakerCore\MovieMakerCore.vcxproj]
  (compiling source file '../../../src/MovieMakerCore/HMRAVSource/ImageThumbnail.cpp')
      C:\Users\mcmco\Desktop\WMMR\src\MovieMakerCore\pch.h(31,9):
      'NOMINMAX' previously declared on the command line
  
C:\Users\mcmco\Desktop\WMMR\src\MovieMakerCore\pch.h(32,9): warning C4005: '_CRT_SECURE_NO_WARNINGS': macro redefinition [C:\Users\mcmco\Desktop\WMMR\build\src\MovieMakerCore\MovieMakerCore.vcxproj]
  (compiling source file '../../../src/MovieMakerCore/HMRAVSource/ImageThumbnail.cpp')
      C:\Users\mcmco\Desktop\WMMR\src\MovieMakerCore\pch.h(32,9):
      '_CRT_SECURE_NO_WARNINGS' previously declared on the command line
  
C:\Users\mcmco\Desktop\WMMR\src\MovieMakerCore\pch.h(33,9): warning C4005: '_WINDLL': macro redefinition [C:\Users\mcmco\Desktop\WMMR\build\src\MovieMakerCore\MovieMakerCore.vcxproj]
  (compiling source file '../../../src/MovieMakerCore/HMRAVSource/ImageThumbnail.cpp')
      C:\Users\mcmco\Desktop\WMMR\src\MovieMakerCore\pch.h(33,9):
      '_WINDLL' previously declared on the command line
  
C:\Users\mcmco\Desktop\WMMR\src\MovieMakerCore\HMRAVSource\TranscodeManager.h(123,29): warning C4251: 'HMRAVSource::TranscodeManager::m_progressCb': 'std::function<void (const HMRAVSource::TranscodeProgress &)>' needs to have dll-interface to be used by clients of 'HMRAVSource::TranscodeManager' [C:\Users\mcmco\Desktop\WMMR\build\src\MovieMakerCore\MovieMakerCore.vcxproj]
  (compiling source file '../../../src/MovieMakerCore/HMRAVSource/DShowMFSourceReaderBuilder.cpp')
      C:\Program Files (x86)\Microsoft Visual Studio\2022\BuildTools\VC\Tools\MSVC\14.44.35207\include\functional(1089,7):
      see declaration of 'std::function<void (const HMRAVSource::TranscodeProgress &)>'
  
C:\Users\mcmco\Desktop\WMMR\src\MovieMakerCore\pch.h(34,9): warning C4005: '_AFXDLL': macro redefinition [C:\Users\mcmco\Desktop\WMMR\build\src\MovieMakerCore\MovieMakerCore.vcxproj]
  (compiling source file '../../../src/MovieMakerCore/HMRAVSource/ImageThumbnail.cpp')
      C:\Users\mcmco\Desktop\WMMR\src\MovieMakerCore\pch.h(34,9):
      '_AFXDLL' previously declared on the command line
  
C:\Users\mcmco\Desktop\WMMR\src\MovieMakerCore\pch.h(35,9): warning C4005: '_ATL_CSTRING_EXPLICIT_CONSTRUCTORS': macro redefinition [C:\Users\mcmco\Desktop\WMMR\build\src\MovieMakerCore\MovieMakerCore.vcxproj]
  (compiling source file '../../../src/MovieMakerCore/HMRAVSource/ImageThumbnail.cpp')
      C:\Users\mcmco\Desktop\WMMR\src\MovieMakerCore\pch.h(35,9):
      '_ATL_CSTRING_EXPLICIT_CONSTRUCTORS' previously declared on the command line
  
C:\Users\mcmco\Desktop\WMMR\src\MovieMakerCore\pch.h(36,9): warning C4005: '_ATL_ALL_WARNINGS': macro redefinition [C:\Users\mcmco\Desktop\WMMR\build\src\MovieMakerCore\MovieMakerCore.vcxproj]
  (compiling source file '../../../src/MovieMakerCore/HMRAVSource/ImageThumbnail.cpp')
      C:\Users\mcmco\Desktop\WMMR\src\MovieMakerCore\pch.h(36,9):
      '_ATL_ALL_WARNINGS' previously declared on the command line
  
C:\Users\mcmco\Desktop\WMMR\src\MovieMakerCore\HMRAVSource\TranscodeManager.h(124,29): warning C4251: 'HMRAVSource::TranscodeManager::m_errorCb': 'std::function<void (HRESULT,LPCWSTR)>' needs to have dll-interface to be used by clients of 'HMRAVSource::TranscodeManager' [C:\Users\mcmco\Desktop\WMMR\build\src\MovieMakerCore\MovieMakerCore.vcxproj]
  (compiling source file '../../../src/MovieMakerCore/HMRAVSource/DShowMFSourceReaderBuilder.cpp')
      C:\Program Files (x86)\Microsoft Visual Studio\2022\BuildTools\VC\Tools\MSVC\14.44.35207\include\functional(1089,7):
      see declaration of 'std::function<void (HRESULT,LPCWSTR)>'
  
C:\Users\mcmco\Desktop\WMMR\src\MovieMakerCore\HMRAVSource\TranscodeManager.h(125,29): warning C4251: 'HMRAVSource::TranscodeManager::m_completeCb': 'std::function<void (HRESULT,LPCWSTR)>' needs to have dll-interface to be used by clients of 'HMRAVSource::TranscodeManager' [C:\Users\mcmco\Desktop\WMMR\build\src\MovieMakerCore\MovieMakerCore.vcxproj]
  (compiling source file '../../../src/MovieMakerCore/HMRAVSource/DShowMFSourceReaderBuilder.cpp')
      C:\Program Files (x86)\Microsoft Visual Studio\2022\BuildTools\VC\Tools\MSVC\14.44.35207\include\functional(1089,7):
      see declaration of 'std::function<void (HRESULT,LPCWSTR)>'
  
C:\Users\mcmco\Desktop\WMMR\src\MovieMakerCore\HMRAVSource\TranscodeManager.h(127,29): warning C4251: 'HMRAVSource::TranscodeManager::m_spVideoTransform': 'ATL::CComPtr<IMFTransform>' needs to have dll-interface to be used by clients of 'HMRAVSource::TranscodeManager' [C:\Users\mcmco\Desktop\WMMR\build\src\MovieMakerCore\MovieMakerCore.vcxproj]
  (compiling source file '../../../src/MovieMakerCore/HMRAVSource/DShowMFSourceReaderBuilder.cpp')
      C:\Program Files (x86)\Microsoft Visual Studio\2022\BuildTools\VC\Tools\MSVC\14.44.35207\atlmfc\include\atlcomcli.h(341,7):
      see declaration of 'ATL::CComPtr<IMFTransform>'
  
C:\Users\mcmco\Desktop\WMMR\src\MovieMakerCore\HMRAVSource\TranscodeManager.h(128,29): warning C4251: 'HMRAVSource::TranscodeManager::m_spAudioTransform': 'ATL::CComPtr<IMFTransform>' needs to have dll-interface to be used by clients of 'HMRAVSource::TranscodeManager' [C:\Users\mcmco\Desktop\WMMR\build\src\MovieMakerCore\MovieMakerCore.vcxproj]
  (compiling source file '../../../src/MovieMakerCore/HMRAVSource/DShowMFSourceReaderBuilder.cpp')
      C:\Program Files (x86)\Microsoft Visual Studio\2022\BuildTools\VC\Tools\MSVC\14.44.35207\atlmfc\include\atlcomcli.h(341,7):
      see declaration of 'ATL::CComPtr<IMFTransform>'
  
C:\Users\mcmco\Desktop\WMMR\src\MovieMakerCore\HMRAVSource\VideoCapture.h(105,37): warning C4251: 'HMRAVSource::VideoCapture::m_spMediaSource': 'ATL::CComPtr<IMFMediaSource>' needs to have dll-interface to be used by clients of 'HMRAVSource::VideoCapture' [C:\Users\mcmco\Desktop\WMMR\build\src\MovieMakerCore\MovieMakerCore.vcxproj]
  (compiling source file '../../../src/MovieMakerCore/HMRAVSource/DShowMFSourceReaderBuilder.cpp')
      C:\Program Files (x86)\Microsoft Visual Studio\2022\BuildTools\VC\Tools\MSVC\14.44.35207\atlmfc\include\atlcomcli.h(341,7):
      see declaration of 'ATL::CComPtr<IMFMediaSource>'
  
C:\Users\mcmco\Desktop\WMMR\src\MovieMakerCore\HMRAVSource\VideoCapture.h(106,37): warning C4251: 'HMRAVSource::VideoCapture::m_spCaptureEngine': 'ATL::CComPtr<IMFCaptureEngine>' needs to have dll-interface to be used by clients of 'HMRAVSource::VideoCapture' [C:\Users\mcmco\Desktop\WMMR\build\src\MovieMakerCore\MovieMakerCore.vcxproj]
  (compiling source file '../../../src/MovieMakerCore/HMRAVSource/DShowMFSourceReaderBuilder.cpp')
      C:\Program Files (x86)\Microsoft Visual Studio\2022\BuildTools\VC\Tools\MSVC\14.44.35207\atlmfc\include\atlcomcli.h(341,7):
      see declaration of 'ATL::CComPtr<IMFCaptureEngine>'
  
C:\Users\mcmco\Desktop\WMMR\src\MovieMakerCore\HMRAVSource\VideoCapture.h(107,37): warning C4251: 'HMRAVSource::VideoCapture::m_spPreviewSink': 'ATL::CComPtr<IMFCapturePreviewSink>' needs to have dll-interface to be used by clients of 'HMRAVSource::VideoCapture' [C:\Users\mcmco\Desktop\WMMR\build\src\MovieMakerCore\MovieMakerCore.vcxproj]
  (compiling source file '../../../src/MovieMakerCore/HMRAVSource/DShowMFSourceReaderBuilder.cpp')
      C:\Program Files (x86)\Microsoft Visual Studio\2022\BuildTools\VC\Tools\MSVC\14.44.35207\atlmfc\include\atlcomcli.h(341,7):
      see declaration of 'ATL::CComPtr<IMFCapturePreviewSink>'
  
C:\Users\mcmco\Desktop\WMMR\src\MovieMakerCore\HMRAVSource\VideoCapture.h(108,37): warning C4251: 'HMRAVSource::VideoCapture::m_spRecordSink': 'ATL::CComPtr<IMFCaptureRecordSink>' needs to have dll-interface to be used by clients of 'HMRAVSource::VideoCapture' [C:\Users\mcmco\Desktop\WMMR\build\src\MovieMakerCore\MovieMakerCore.vcxproj]
  (compiling source file '../../../src/MovieMakerCore/HMRAVSource/DShowMFSourceReaderBuilder.cpp')
      C:\Program Files (x86)\Microsoft Visual Studio\2022\BuildTools\VC\Tools\MSVC\14.44.35207\atlmfc\include\atlcomcli.h(341,7):
      see declaration of 'ATL::CComPtr<IMFCaptureRecordSink>'
  
C:\Users\mcmco\Desktop\WMMR\src\MovieMakerCore\HMRAVSource\VideoCapture.h(117,38): warning C4251: 'HMRAVSource::VideoCapture::m_frameCb': 'std::function<void (IMFSample *)>' needs to have dll-interface to be used by clients of 'HMRAVSource::VideoCapture' [C:\Users\mcmco\Desktop\WMMR\build\src\MovieMakerCore\MovieMakerCore.vcxproj]
  (compiling source file '../../../src/MovieMakerCore/HMRAVSource/DShowMFSourceReaderBuilder.cpp')
      C:\Program Files (x86)\Microsoft Visual Studio\2022\BuildTools\VC\Tools\MSVC\14.44.35207\include\functional(1089,7):
      see declaration of 'std::function<void (IMFSample *)>'
  
C:\Users\mcmco\Desktop\WMMR\src\MovieMakerCore\HMRAVSource\AudioCapture.h(107,33): warning C4251: 'HMRAVSource::AudioCapture::m_spMediaSource': 'ATL::CComPtr<IMFMediaSource>' needs to have dll-interface to be used by clients of 'HMRAVSource::AudioCapture' [C:\Users\mcmco\Desktop\WMMR\build\src\MovieMakerCore\MovieMakerCore.vcxproj]
  (compiling source file '../../../src/MovieMakerCore/HMRAVSource/DShowMFSourceReaderBuilder.cpp')
      C:\Program Files (x86)\Microsoft Visual Studio\2022\BuildTools\VC\Tools\MSVC\14.44.35207\atlmfc\include\atlcomcli.h(341,7):
      see declaration of 'ATL::CComPtr<IMFMediaSource>'
  
C:\Users\mcmco\Desktop\WMMR\src\MovieMakerCore\HMRAVSource\StreamSink.h(101,33): warning C4251: 'HMRAVSource::StreamSink::m_spSinkWriter': 'ATL::CComPtr<IMFSinkWriter>' needs to have dll-interface to be used by clients of 'HMRAVSource::StreamSink' [C:\Users\mcmco\Desktop\WMMR\build\src\MovieMakerCore\MovieMakerCore.vcxproj]
  (compiling source file '../../../src/MovieMakerCore/HMRAVSource/AsyncSourceResolver.cpp')
      C:\Program Files (x86)\Microsoft Visual Studio\2022\BuildTools\VC\Tools\MSVC\14.44.35207\atlmfc\include\atlcomcli.h(341,7):
      see declaration of 'ATL::CComPtr<IMFSinkWriter>'
  
C:\Users\mcmco\Desktop\WMMR\src\MovieMakerCore\HMRAVSource\AudioCapture.h(108,33): warning C4251: 'HMRAVSource::AudioCapture::m_spReader': 'ATL::CComPtr<IMFSourceReader>' needs to have dll-interface to be used by clients of 'HMRAVSource::AudioCapture' [C:\Users\mcmco\Desktop\WMMR\build\src\MovieMakerCore\MovieMakerCore.vcxproj]
  (compiling source file '../../../src/MovieMakerCore/HMRAVSource/DShowMFSourceReaderBuilder.cpp')
      C:\Program Files (x86)\Microsoft Visual Studio\2022\BuildTools\VC\Tools\MSVC\14.44.35207\atlmfc\include\atlcomcli.h(341,7):
      see declaration of 'ATL::CComPtr<IMFSourceReader>'
  
C:\Users\mcmco\Desktop\WMMR\src\MovieMakerCore\HMRAVSource\AudioCapture.h(116,34): warning C4251: 'HMRAVSource::AudioCapture::m_sampleCb': 'std::function<void (IMFSample *)>' needs to have dll-interface to be used by clients of 'HMRAVSource::AudioCapture' [C:\Users\mcmco\Desktop\WMMR\build\src\MovieMakerCore\MovieMakerCore.vcxproj]
  (compiling source file '../../../src/MovieMakerCore/HMRAVSource/DShowMFSourceReaderBuilder.cpp')
      C:\Program Files (x86)\Microsoft Visual Studio\2022\BuildTools\VC\Tools\MSVC\14.44.35207\include\functional(1089,7):
      see declaration of 'std::function<void (IMFSample *)>'
  
C:\Users\mcmco\Desktop\WMMR\src\MovieMakerCore\HMRAVSource\StreamSink.h(108,33): warning C4251: 'HMRAVSource::StreamSink::m_progressCb': 'std::function<void (const HMRAVSource::StreamSinkStats &)>' needs to have dll-interface to be used by clients of 'HMRAVSource::StreamSink' [C:\Users\mcmco\Desktop\WMMR\build\src\MovieMakerCore\MovieMakerCore.vcxproj]
  (compiling source file '../../../src/MovieMakerCore/HMRAVSource/AsyncSourceResolver.cpp')
      C:\Program Files (x86)\Microsoft Visual Studio\2022\BuildTools\VC\Tools\MSVC\14.44.35207\include\functional(1089,7):
      see declaration of 'std::function<void (const HMRAVSource::StreamSinkStats &)>'
  
C:\Users\mcmco\Desktop\WMMR\src\MovieMakerCore\HMRAVSource\AVCaptureSession.h(117,25): warning C4251: 'HMRAVSource::AVCaptureSession::m_statsCb': 'std::function<void (const HMRAVSource::AVCaptureSessionStats &)>' needs to have dll-interface to be used by clients of 'HMRAVSource::AVCaptureSession' [C:\Users\mcmco\Desktop\WMMR\build\src\MovieMakerCore\MovieMakerCore.vcxproj]
  (compiling source file '../../../src/MovieMakerCore/HMRAVSource/DShowMFSourceReaderBuilder.cpp')
      C:\Program Files (x86)\Microsoft Visual Studio\2022\BuildTools\VC\Tools\MSVC\14.44.35207\include\functional(1089,7):
      see declaration of 'std::function<void (const HMRAVSource::AVCaptureSessionStats &)>'
  
C:\Users\mcmco\Desktop\WMMR\src\MovieMakerCore\HMRAVSource\TranscodeManager.h(123,29): warning C4251: 'HMRAVSource::TranscodeManager::m_progressCb': 'std::function<void (const HMRAVSource::TranscodeProgress &)>' needs to have dll-interface to be used by clients of 'HMRAVSource::TranscodeManager' [C:\Users\mcmco\Desktop\WMMR\build\src\MovieMakerCore\MovieMakerCore.vcxproj]
  (compiling source file '../../../src/MovieMakerCore/HMRAVSource/AsyncSourceResolver.cpp')
      C:\Program Files (x86)\Microsoft Visual Studio\2022\BuildTools\VC\Tools\MSVC\14.44.35207\include\functional(1089,7):
      see declaration of 'std::function<void (const HMRAVSource::TranscodeProgress &)>'
  
C:\Users\mcmco\Desktop\WMMR\src\MovieMakerCore\HMRAVSource\TranscodeManager.h(124,29): warning C4251: 'HMRAVSource::TranscodeManager::m_errorCb': 'std::function<void (HRESULT,LPCWSTR)>' needs to have dll-interface to be used by clients of 'HMRAVSource::TranscodeManager' [C:\Users\mcmco\Desktop\WMMR\build\src\MovieMakerCore\MovieMakerCore.vcxproj]
  (compiling source file '../../../src/MovieMakerCore/HMRAVSource/AsyncSourceResolver.cpp')
      C:\Program Files (x86)\Microsoft Visual Studio\2022\BuildTools\VC\Tools\MSVC\14.44.35207\include\functional(1089,7):
      see declaration of 'std::function<void (HRESULT,LPCWSTR)>'
  
C:\Users\mcmco\Desktop\WMMR\src\MovieMakerCore\HMRAVSource\TranscodeManager.h(125,29): warning C4251: 'HMRAVSource::TranscodeManager::m_completeCb': 'std::function<void (HRESULT,LPCWSTR)>' needs to have dll-interface to be used by clients of 'HMRAVSource::TranscodeManager' [C:\Users\mcmco\Desktop\WMMR\build\src\MovieMakerCore\MovieMakerCore.vcxproj]
  (compiling source file '../../../src/MovieMakerCore/HMRAVSource/AsyncSourceResolver.cpp')
      C:\Program Files (x86)\Microsoft Visual Studio\2022\BuildTools\VC\Tools\MSVC\14.44.35207\include\functional(1089,7):
      see declaration of 'std::function<void (HRESULT,LPCWSTR)>'
  
C:\Users\mcmco\Desktop\WMMR\src\MovieMakerCore\HMRAVSource\AVCaptureSession.h(118,25): warning C4251: 'HMRAVSource::AVCaptureSession::m_errorCb': 'std::function<void (HRESULT)>' needs to have dll-interface to be used by clients of 'HMRAVSource::AVCaptureSession' [C:\Users\mcmco\Desktop\WMMR\build\src\MovieMakerCore\MovieMakerCore.vcxproj]
  (compiling source file '../../../src/MovieMakerCore/HMRAVSource/DShowMFSourceReaderBuilder.cpp')
      C:\Program Files (x86)\Microsoft Visual Studio\2022\BuildTools\VC\Tools\MSVC\14.44.35207\include\functional(1089,7):
      see declaration of 'std::function<void (HRESULT)>'
  
C:\Users\mcmco\Desktop\WMMR\src\MovieMakerCore\HMRAVSource\AVCaptureSession.h(119,25): warning C4251: 'HMRAVSource::AVCaptureSession::m_completeCb': 'std::function<void (HRESULT)>' needs to have dll-interface to be used by clients of 'HMRAVSource::AVCaptureSession' [C:\Users\mcmco\Desktop\WMMR\build\src\MovieMakerCore\MovieMakerCore.vcxproj]
  (compiling source file '../../../src/MovieMakerCore/HMRAVSource/DShowMFSourceReaderBuilder.cpp')
      C:\Program Files (x86)\Microsoft Visual Studio\2022\BuildTools\VC\Tools\MSVC\14.44.35207\include\functional(1089,7):
      see declaration of 'std::function<void (HRESULT)>'
  
C:\Users\mcmco\Desktop\WMMR\src\MovieMakerCore\HMRAVSource\TranscodeManager.h(127,29): warning C4251: 'HMRAVSource::TranscodeManager::m_spVideoTransform': 'ATL::CComPtr<IMFTransform>' needs to have dll-interface to be used by clients of 'HMRAVSource::TranscodeManager' [C:\Users\mcmco\Desktop\WMMR\build\src\MovieMakerCore\MovieMakerCore.vcxproj]
  (compiling source file '../../../src/MovieMakerCore/HMRAVSource/AsyncSourceResolver.cpp')
      C:\Program Files (x86)\Microsoft Visual Studio\2022\BuildTools\VC\Tools\MSVC\14.44.35207\atlmfc\include\atlcomcli.h(341,7):
      see declaration of 'ATL::CComPtr<IMFTransform>'
  
C:\Users\mcmco\Desktop\WMMR\src\MovieMakerCore\HMRAVSource\TranscodeManager.h(128,29): warning C4251: 'HMRAVSource::TranscodeManager::m_spAudioTransform': 'ATL::CComPtr<IMFTransform>' needs to have dll-interface to be used by clients of 'HMRAVSource::TranscodeManager' [C:\Users\mcmco\Desktop\WMMR\build\src\MovieMakerCore\MovieMakerCore.vcxproj]
  (compiling source file '../../../src/MovieMakerCore/HMRAVSource/AsyncSourceResolver.cpp')
      C:\Program Files (x86)\Microsoft Visual Studio\2022\BuildTools\VC\Tools\MSVC\14.44.35207\atlmfc\include\atlcomcli.h(341,7):
      see declaration of 'ATL::CComPtr<IMFTransform>'
  
C:\Users\mcmco\Desktop\WMMR\src\MovieMakerCore\HMRAVSource\AVCaptureSession.h(169,25): warning C4251: 'HMRAVSource::AudioCaptureSession::m_strOutputPath': 'ATL::CStringT<wchar_t,ATL::StrTraitATL<wchar_t,ATL::ChTraitsCRT<wchar_t>>>' needs to have dll-interface to be used by clients of 'HMRAVSource::AudioCaptureSession' [C:\Users\mcmco\Desktop\WMMR\build\src\MovieMakerCore\MovieMakerCore.vcxproj]
  (compiling source file '../../../src/MovieMakerCore/HMRAVSource/DShowMFSourceReaderBuilder.cpp')
      C:\Program Files (x86)\Microsoft Visual Studio\2022\BuildTools\VC\Tools\MSVC\14.44.35207\atlmfc\include\cstringt.h(999,7):
      see declaration of 'ATL::CStringT<wchar_t,ATL::StrTraitATL<wchar_t,ATL::ChTraitsCRT<wchar_t>>>'
  
C:\Users\mcmco\Desktop\WMMR\src\MovieMakerCore\HMRAVSource\AVCaptureSession.h(173,25): warning C4251: 'HMRAVSource::AudioCaptureSession::m_completeCb': 'std::function<void (HRESULT,LPCWSTR)>' needs to have dll-interface to be used by clients of 'HMRAVSource::AudioCaptureSession' [C:\Users\mcmco\Desktop\WMMR\build\src\MovieMakerCore\MovieMakerCore.vcxproj]
  (compiling source file '../../../src/MovieMakerCore/HMRAVSource/DShowMFSourceReaderBuilder.cpp')
      C:\Program Files (x86)\Microsoft Visual Studio\2022\BuildTools\VC\Tools\MSVC\14.44.35207\include\functional(1089,7):
      see declaration of 'std::function<void (HRESULT,LPCWSTR)>'
  
C:\Users\mcmco\Desktop\WMMR\src\MovieMakerCore\HMRAVSource\CachedWFSection.h(80,35): warning C4251: 'HMRAVSource::CachedWFSection::m_arrEntries': 'ATL::CAtlArray<HMRAVSource::CachedWFEntry,ATL::CElementTraits<E>>' needs to have dll-interface to be used by clients of 'HMRAVSource::CachedWFSection' [C:\Users\mcmco\Desktop\WMMR\build\src\MovieMakerCore\MovieMakerCore.vcxproj]
C:\Users\mcmco\Desktop\WMMR\src\MovieMakerCore\HMRAVSource\CachedWFSection.h(80,35): warning C4251:         with [C:\Users\mcmco\Desktop\WMMR\build\src\MovieMakerCore\MovieMakerCore.vcxproj]
C:\Users\mcmco\Desktop\WMMR\src\MovieMakerCore\HMRAVSource\CachedWFSection.h(80,35): warning C4251:         [ [C:\Users\mcmco\Desktop\WMMR\build\src\MovieMakerCore\MovieMakerCore.vcxproj]
C:\Users\mcmco\Desktop\WMMR\src\MovieMakerCore\HMRAVSource\CachedWFSection.h(80,35): warning C4251:             E=HMRAVSource::CachedWFEntry [C:\Users\mcmco\Desktop\WMMR\build\src\MovieMakerCore\MovieMakerCore.vcxproj]
C:\Users\mcmco\Desktop\WMMR\src\MovieMakerCore\HMRAVSource\CachedWFSection.h(80,35): warning C4251:         ] [C:\Users\mcmco\Desktop\WMMR\build\src\MovieMakerCore\MovieMakerCore.vcxproj]
  (compiling source file '../../../src/MovieMakerCore/HMRAVSource/DShowMFSourceReaderBuilder.cpp')
      C:\Program Files (x86)\Microsoft Visual Studio\2022\BuildTools\VC\Tools\MSVC\14.44.35207\atlmfc\include\atlcoll.h(530,7):
      see declaration of 'ATL::CAtlArray<HMRAVSource::CachedWFEntry,ATL::CElementTraits<E>>'
          with
          [
              E=HMRAVSource::CachedWFEntry
          ]
  
C:\Users\mcmco\Desktop\WMMR\src\MovieMakerCore\pch.h(21,9): warning C4005: 'WINVER': macro redefinition [C:\Users\mcmco\Desktop\WMMR\build\src\MovieMakerCore\MovieMakerCore.vcxproj]
  (compiling source file '../../../src/MovieMakerCore/HMRAVSource/TranscodeMetadata.cpp')
      C:\Users\mcmco\Desktop\WMMR\src\MovieMakerCore\pch.h(21,9):
      'WINVER' previously declared on the command line
  
C:\Users\mcmco\Desktop\WMMR\src\MovieMakerCore\HMRAVSource\MFSourceReaderBuilder.h(115,33): warning C4251: 'HMRAVSource::MFSourceReaderBuilder::m_config': 'HMRAVSource::SourceReaderBuilderConfig' needs to have dll-interface to be used by clients of 'HMRAVSource::MFSourceReaderBuilder' [C:\Users\mcmco\Desktop\WMMR\build\src\MovieMakerCore\MovieMakerCore.vcxproj]
  (compiling source file '../../../src/MovieMakerCore/HMRAVSource/DShowMFSourceReaderBuilder.cpp')
      C:\Users\mcmco\Desktop\WMMR\src\MovieMakerCore\HMRAVSource\MFSourceReaderBuilder.h(29,8):
      see declaration of 'HMRAVSource::SourceReaderBuilderConfig'
  
C:\Users\mcmco\Desktop\WMMR\src\MovieMakerCore\pch.h(22,9): warning C4005: '_WIN32_WINNT': macro redefinition [C:\Users\mcmco\Desktop\WMMR\build\src\MovieMakerCore\MovieMakerCore.vcxproj]
  (compiling source file '../../../src/MovieMakerCore/HMRAVSource/TranscodeMetadata.cpp')
      C:\Users\mcmco\Desktop\WMMR\src\MovieMakerCore\pch.h(22,9):
      '_WIN32_WINNT' previously declared on the command line
  
C:\Users\mcmco\Desktop\WMMR\src\MovieMakerCore\pch.h(30,9): warning C4005: 'WIN32_LEAN_AND_MEAN': macro redefinition [C:\Users\mcmco\Desktop\WMMR\build\src\MovieMakerCore\MovieMakerCore.vcxproj]
  (compiling source file '../../../src/MovieMakerCore/HMRAVSource/TranscodeMetadata.cpp')
      C:\Users\mcmco\Desktop\WMMR\src\MovieMakerCore\pch.h(30,9):
      'WIN32_LEAN_AND_MEAN' previously declared on the command line
  
C:\Users\mcmco\Desktop\WMMR\src\MovieMakerCore\HMRAVSource\DShowMFSourceReaderBuilder.h(76,29): warning C4251: 'HMRAVSource::DShowMFSourceReaderBuilder::m_spGraph': 'ATL::CComPtr<IGraphBuilder>' needs to have dll-interface to be used by clients of 'HMRAVSource::DShowMFSourceReaderBuilder' [C:\Users\mcmco\Desktop\WMMR\build\src\MovieMakerCore\MovieMakerCore.vcxproj]
  (compiling source file '../../../src/MovieMakerCore/HMRAVSource/DShowMFSourceReaderBuilder.cpp')
      C:\Program Files (x86)\Microsoft Visual Studio\2022\BuildTools\VC\Tools\MSVC\14.44.35207\atlmfc\include\atlcomcli.h(341,7):
      see declaration of 'ATL::CComPtr<IGraphBuilder>'
  
C:\Users\mcmco\Desktop\WMMR\src\MovieMakerCore\HMRAVSource\DShowMFSourceReaderBuilder.h(77,29): warning C4251: 'HMRAVSource::DShowMFSourceReaderBuilder::m_spControl': 'ATL::CComPtr<IMediaControl>' needs to have dll-interface to be used by clients of 'HMRAVSource::DShowMFSourceReaderBuilder' [C:\Users\mcmco\Desktop\WMMR\build\src\MovieMakerCore\MovieMakerCore.vcxproj]
  (compiling source file '../../../src/MovieMakerCore/HMRAVSource/DShowMFSourceReaderBuilder.cpp')
      C:\Program Files (x86)\Microsoft Visual Studio\2022\BuildTools\VC\Tools\MSVC\14.44.35207\atlmfc\include\atlcomcli.h(341,7):
      see declaration of 'ATL::CComPtr<IMediaControl>'
  
C:\Users\mcmco\Desktop\WMMR\src\MovieMakerCore\HMRAVSource\DShowMFSourceReaderBuilder.h(78,29): warning C4251: 'HMRAVSource::DShowMFSourceReaderBuilder::m_spEvent': 'ATL::CComPtr<IMediaEventEx>' needs to have dll-interface to be used by clients of 'HMRAVSource::DShowMFSourceReaderBuilder' [C:\Users\mcmco\Desktop\WMMR\build\src\MovieMakerCore\MovieMakerCore.vcxproj]
  (compiling source file '../../../src/MovieMakerCore/HMRAVSource/DShowMFSourceReaderBuilder.cpp')
      C:\Program Files (x86)\Microsoft Visual Studio\2022\BuildTools\VC\Tools\MSVC\14.44.35207\atlmfc\include\atlcomcli.h(341,7):
      see declaration of 'ATL::CComPtr<IMediaEventEx>'
  
C:\Users\mcmco\Desktop\WMMR\src\MovieMakerCore\HMRAVSource\DShowMFSourceReaderBuilder.h(79,29): warning C4251: 'HMRAVSource::DShowMFSourceReaderBuilder::m_spSeeking': 'ATL::CComPtr<IMediaSeeking>' needs to have dll-interface to be used by clients of 'HMRAVSource::DShowMFSourceReaderBuilder' [C:\Users\mcmco\Desktop\WMMR\build\src\MovieMakerCore\MovieMakerCore.vcxproj]
  (compiling source file '../../../src/MovieMakerCore/HMRAVSource/DShowMFSourceReaderBuilder.cpp')
      C:\Program Files (x86)\Microsoft Visual Studio\2022\BuildTools\VC\Tools\MSVC\14.44.35207\atlmfc\include\atlcomcli.h(341,7):
      see declaration of 'ATL::CComPtr<IMediaSeeking>'
  
C:\Users\mcmco\Desktop\WMMR\src\MovieMakerCore\pch.h(31,9): warning C4005: 'NOMINMAX': macro redefinition [C:\Users\mcmco\Desktop\WMMR\build\src\MovieMakerCore\MovieMakerCore.vcxproj]
  (compiling source file '../../../src/MovieMakerCore/HMRAVSource/TranscodeMetadata.cpp')
      C:\Users\mcmco\Desktop\WMMR\src\MovieMakerCore\pch.h(31,9):
      'NOMINMAX' previously declared on the command line
  
C:\Users\mcmco\Desktop\WMMR\src\MovieMakerCore\HMRAVSource\VideoCapture.h(105,37): warning C4251: 'HMRAVSource::VideoCapture::m_spMediaSource': 'ATL::CComPtr<IMFMediaSource>' needs to have dll-interface to be used by clients of 'HMRAVSource::VideoCapture' [C:\Users\mcmco\Desktop\WMMR\build\src\MovieMakerCore\MovieMakerCore.vcxproj]
  (compiling source file '../../../src/MovieMakerCore/HMRAVSource/AsyncSourceResolver.cpp')
      C:\Program Files (x86)\Microsoft Visual Studio\2022\BuildTools\VC\Tools\MSVC\14.44.35207\atlmfc\include\atlcomcli.h(341,7):
      see declaration of 'ATL::CComPtr<IMFMediaSource>'
  
C:\Users\mcmco\Desktop\WMMR\src\MovieMakerCore\pch.h(32,9): warning C4005: '_CRT_SECURE_NO_WARNINGS': macro redefinition [C:\Users\mcmco\Desktop\WMMR\build\src\MovieMakerCore\MovieMakerCore.vcxproj]
  (compiling source file '../../../src/MovieMakerCore/HMRAVSource/TranscodeMetadata.cpp')
      C:\Users\mcmco\Desktop\WMMR\src\MovieMakerCore\pch.h(32,9):
      '_CRT_SECURE_NO_WARNINGS' previously declared on the command line
  
C:\Users\mcmco\Desktop\WMMR\src\MovieMakerCore\pch.h(33,9): warning C4005: '_WINDLL': macro redefinition [C:\Users\mcmco\Desktop\WMMR\build\src\MovieMakerCore\MovieMakerCore.vcxproj]
  (compiling source file '../../../src/MovieMakerCore/HMRAVSource/TranscodeMetadata.cpp')
      C:\Users\mcmco\Desktop\WMMR\src\MovieMakerCore\pch.h(33,9):
      '_WINDLL' previously declared on the command line
  
C:\Users\mcmco\Desktop\WMMR\src\MovieMakerCore\HMRAVSource\VideoCapture.h(106,37): warning C4251: 'HMRAVSource::VideoCapture::m_spCaptureEngine': 'ATL::CComPtr<IMFCaptureEngine>' needs to have dll-interface to be used by clients of 'HMRAVSource::VideoCapture' [C:\Users\mcmco\Desktop\WMMR\build\src\MovieMakerCore\MovieMakerCore.vcxproj]
  (compiling source file '../../../src/MovieMakerCore/HMRAVSource/AsyncSourceResolver.cpp')
      C:\Program Files (x86)\Microsoft Visual Studio\2022\BuildTools\VC\Tools\MSVC\14.44.35207\atlmfc\include\atlcomcli.h(341,7):
      see declaration of 'ATL::CComPtr<IMFCaptureEngine>'
  
C:\Users\mcmco\Desktop\WMMR\src\MovieMakerCore\HMRAVSource\DShowMFSourceReaderBuilder.cpp(40,23): warning C4189: 'state': local variable is initialized but not referenced [C:\Users\mcmco\Desktop\WMMR\build\src\MovieMakerCore\MovieMakerCore.vcxproj]
C:\Users\mcmco\Desktop\WMMR\src\MovieMakerCore\pch.h(34,9): warning C4005: '_AFXDLL': macro redefinition [C:\Users\mcmco\Desktop\WMMR\build\src\MovieMakerCore\MovieMakerCore.vcxproj]
  (compiling source file '../../../src/MovieMakerCore/HMRAVSource/TranscodeMetadata.cpp')
      C:\Users\mcmco\Desktop\WMMR\src\MovieMakerCore\pch.h(34,9):
      '_AFXDLL' previously declared on the command line
  
C:\Users\mcmco\Desktop\WMMR\src\MovieMakerCore\HMRAVSource\VideoCapture.h(107,37): warning C4251: 'HMRAVSource::VideoCapture::m_spPreviewSink': 'ATL::CComPtr<IMFCapturePreviewSink>' needs to have dll-interface to be used by clients of 'HMRAVSource::VideoCapture' [C:\Users\mcmco\Desktop\WMMR\build\src\MovieMakerCore\MovieMakerCore.vcxproj]
  (compiling source file '../../../src/MovieMakerCore/HMRAVSource/AsyncSourceResolver.cpp')
      C:\Program Files (x86)\Microsoft Visual Studio\2022\BuildTools\VC\Tools\MSVC\14.44.35207\atlmfc\include\atlcomcli.h(341,7):
      see declaration of 'ATL::CComPtr<IMFCapturePreviewSink>'
  
C:\Users\mcmco\Desktop\WMMR\src\MovieMakerCore\pch.h(35,9): warning C4005: '_ATL_CSTRING_EXPLICIT_CONSTRUCTORS': macro redefinition [C:\Users\mcmco\Desktop\WMMR\build\src\MovieMakerCore\MovieMakerCore.vcxproj]
  (compiling source file '../../../src/MovieMakerCore/HMRAVSource/TranscodeMetadata.cpp')
      C:\Users\mcmco\Desktop\WMMR\src\MovieMakerCore\pch.h(35,9):
      '_ATL_CSTRING_EXPLICIT_CONSTRUCTORS' previously declared on the command line
  
C:\Users\mcmco\Desktop\WMMR\src\MovieMakerCore\pch.h(36,9): warning C4005: '_ATL_ALL_WARNINGS': macro redefinition [C:\Users\mcmco\Desktop\WMMR\build\src\MovieMakerCore\MovieMakerCore.vcxproj]
  (compiling source file '../../../src/MovieMakerCore/HMRAVSource/TranscodeMetadata.cpp')
      C:\Users\mcmco\Desktop\WMMR\src\MovieMakerCore\pch.h(36,9):
      '_ATL_ALL_WARNINGS' previously declared on the command line
  
C:\Users\mcmco\Desktop\WMMR\src\MovieMakerCore\HMRAVSource\VideoCapture.h(108,37): warning C4251: 'HMRAVSource::VideoCapture::m_spRecordSink': 'ATL::CComPtr<IMFCaptureRecordSink>' needs to have dll-interface to be used by clients of 'HMRAVSource::VideoCapture' [C:\Users\mcmco\Desktop\WMMR\build\src\MovieMakerCore\MovieMakerCore.vcxproj]
  (compiling source file '../../../src/MovieMakerCore/HMRAVSource/AsyncSourceResolver.cpp')
      C:\Program Files (x86)\Microsoft Visual Studio\2022\BuildTools\VC\Tools\MSVC\14.44.35207\atlmfc\include\atlcomcli.h(341,7):
      see declaration of 'ATL::CComPtr<IMFCaptureRecordSink>'
  
C:\Users\mcmco\Desktop\WMMR\src\MovieMakerCore\HMRAVSource\DShowMFSourceReaderBuilder.cpp(278,9): error C2065: 'CLSID_SampleGrabber': undeclared identifier [C:\Users\mcmco\Desktop\WMMR\build\src\MovieMakerCore\MovieMakerCore.vcxproj]
C:\Users\mcmco\Desktop\WMMR\src\MovieMakerCore\HMRAVSource\VideoCapture.h(117,38): warning C4251: 'HMRAVSource::VideoCapture::m_frameCb': 'std::function<void (IMFSample *)>' needs to have dll-interface to be used by clients of 'HMRAVSource::VideoCapture' [C:\Users\mcmco\Desktop\WMMR\build\src\MovieMakerCore\MovieMakerCore.vcxproj]
  (compiling source file '../../../src/MovieMakerCore/HMRAVSource/AsyncSourceResolver.cpp')
      C:\Program Files (x86)\Microsoft Visual Studio\2022\BuildTools\VC\Tools\MSVC\14.44.35207\include\functional(1089,7):
      see declaration of 'std::function<void (IMFSample *)>'
  
C:\Users\mcmco\Desktop\WMMR\src\MovieMakerCore\HMRAVSource\AudioCapture.h(107,33): warning C4251: 'HMRAVSource::AudioCapture::m_spMediaSource': 'ATL::CComPtr<IMFMediaSource>' needs to have dll-interface to be used by clients of 'HMRAVSource::AudioCapture' [C:\Users\mcmco\Desktop\WMMR\build\src\MovieMakerCore\MovieMakerCore.vcxproj]
  (compiling source file '../../../src/MovieMakerCore/HMRAVSource/AsyncSourceResolver.cpp')
      C:\Program Files (x86)\Microsoft Visual Studio\2022\BuildTools\VC\Tools\MSVC\14.44.35207\atlmfc\include\atlcomcli.h(341,7):
      see declaration of 'ATL::CComPtr<IMFMediaSource>'
  
C:\Users\mcmco\Desktop\WMMR\src\MovieMakerCore\HMRAVSource\AudioCapture.h(108,33): warning C4251: 'HMRAVSource::AudioCapture::m_spReader': 'ATL::CComPtr<IMFSourceReader>' needs to have dll-interface to be used by clients of 'HMRAVSource::AudioCapture' [C:\Users\mcmco\Desktop\WMMR\build\src\MovieMakerCore\MovieMakerCore.vcxproj]
  (compiling source file '../../../src/MovieMakerCore/HMRAVSource/AsyncSourceResolver.cpp')
      C:\Program Files (x86)\Microsoft Visual Studio\2022\BuildTools\VC\Tools\MSVC\14.44.35207\atlmfc\include\atlcomcli.h(341,7):
      see declaration of 'ATL::CComPtr<IMFSourceReader>'
  
C:\Users\mcmco\Desktop\WMMR\src\MovieMakerCore\HMRAVSource\AudioCapture.h(116,34): warning C4251: 'HMRAVSource::AudioCapture::m_sampleCb': 'std::function<void (IMFSample *)>' needs to have dll-interface to be used by clients of 'HMRAVSource::AudioCapture' [C:\Users\mcmco\Desktop\WMMR\build\src\MovieMakerCore\MovieMakerCore.vcxproj]
  (compiling source file '../../../src/MovieMakerCore/HMRAVSource/AsyncSourceResolver.cpp')
      C:\Program Files (x86)\Microsoft Visual Studio\2022\BuildTools\VC\Tools\MSVC\14.44.35207\include\functional(1089,7):
      see declaration of 'std::function<void (IMFSample *)>'
  
C:\Users\mcmco\Desktop\WMMR\src\MovieMakerCore\HMRAVSource\AVCaptureSession.h(117,25): warning C4251: 'HMRAVSource::AVCaptureSession::m_statsCb': 'std::function<void (const HMRAVSource::AVCaptureSessionStats &)>' needs to have dll-interface to be used by clients of 'HMRAVSource::AVCaptureSession' [C:\Users\mcmco\Desktop\WMMR\build\src\MovieMakerCore\MovieMakerCore.vcxproj]
  (compiling source file '../../../src/MovieMakerCore/HMRAVSource/AsyncSourceResolver.cpp')
      C:\Program Files (x86)\Microsoft Visual Studio\2022\BuildTools\VC\Tools\MSVC\14.44.35207\include\functional(1089,7):
      see declaration of 'std::function<void (const HMRAVSource::AVCaptureSessionStats &)>'
  
C:\Users\mcmco\Desktop\WMMR\src\MovieMakerCore\HMRAVSource\AVCaptureSession.h(118,25): warning C4251: 'HMRAVSource::AVCaptureSession::m_errorCb': 'std::function<void (HRESULT)>' needs to have dll-interface to be used by clients of 'HMRAVSource::AVCaptureSession' [C:\Users\mcmco\Desktop\WMMR\build\src\MovieMakerCore\MovieMakerCore.vcxproj]
  (compiling source file '../../../src/MovieMakerCore/HMRAVSource/AsyncSourceResolver.cpp')
      C:\Program Files (x86)\Microsoft Visual Studio\2022\BuildTools\VC\Tools\MSVC\14.44.35207\include\functional(1089,7):
      see declaration of 'std::function<void (HRESULT)>'
  
C:\Users\mcmco\Desktop\WMMR\src\MovieMakerCore\HMRAVSource\AVCaptureSession.h(119,25): warning C4251: 'HMRAVSource::AVCaptureSession::m_completeCb': 'std::function<void (HRESULT)>' needs to have dll-interface to be used by clients of 'HMRAVSource::AVCaptureSession' [C:\Users\mcmco\Desktop\WMMR\build\src\MovieMakerCore\MovieMakerCore.vcxproj]
  (compiling source file '../../../src/MovieMakerCore/HMRAVSource/AsyncSourceResolver.cpp')
      C:\Program Files (x86)\Microsoft Visual Studio\2022\BuildTools\VC\Tools\MSVC\14.44.35207\include\functional(1089,7):
      see declaration of 'std::function<void (HRESULT)>'
  
C:\Users\mcmco\Desktop\WMMR\src\MovieMakerCore\HMRAVSource\AVCaptureSession.h(169,25): warning C4251: 'HMRAVSource::AudioCaptureSession::m_strOutputPath': 'ATL::CStringT<wchar_t,ATL::StrTraitATL<wchar_t,ATL::ChTraitsCRT<wchar_t>>>' needs to have dll-interface to be used by clients of 'HMRAVSource::AudioCaptureSession' [C:\Users\mcmco\Desktop\WMMR\build\src\MovieMakerCore\MovieMakerCore.vcxproj]
  (compiling source file '../../../src/MovieMakerCore/HMRAVSource/AsyncSourceResolver.cpp')
      C:\Program Files (x86)\Microsoft Visual Studio\2022\BuildTools\VC\Tools\MSVC\14.44.35207\atlmfc\include\cstringt.h(999,7):
      see declaration of 'ATL::CStringT<wchar_t,ATL::StrTraitATL<wchar_t,ATL::ChTraitsCRT<wchar_t>>>'
  
C:\Users\mcmco\Desktop\WMMR\src\MovieMakerCore\HMRAVSource\AVCaptureSession.h(173,25): warning C4251: 'HMRAVSource::AudioCaptureSession::m_completeCb': 'std::function<void (HRESULT,LPCWSTR)>' needs to have dll-interface to be used by clients of 'HMRAVSource::AudioCaptureSession' [C:\Users\mcmco\Desktop\WMMR\build\src\MovieMakerCore\MovieMakerCore.vcxproj]
  (compiling source file '../../../src/MovieMakerCore/HMRAVSource/AsyncSourceResolver.cpp')
      C:\Program Files (x86)\Microsoft Visual Studio\2022\BuildTools\VC\Tools\MSVC\14.44.35207\include\functional(1089,7):
      see declaration of 'std::function<void (HRESULT,LPCWSTR)>'
  
C:\Users\mcmco\Desktop\WMMR\src\MovieMakerCore\HMRAVSource\CachedWFSection.h(80,35): warning C4251: 'HMRAVSource::CachedWFSection::m_arrEntries': 'ATL::CAtlArray<HMRAVSource::CachedWFEntry,ATL::CElementTraits<E>>' needs to have dll-interface to be used by clients of 'HMRAVSource::CachedWFSection' [C:\Users\mcmco\Desktop\WMMR\build\src\MovieMakerCore\MovieMakerCore.vcxproj]
C:\Users\mcmco\Desktop\WMMR\src\MovieMakerCore\HMRAVSource\CachedWFSection.h(80,35): warning C4251:         with [C:\Users\mcmco\Desktop\WMMR\build\src\MovieMakerCore\MovieMakerCore.vcxproj]
C:\Users\mcmco\Desktop\WMMR\src\MovieMakerCore\HMRAVSource\CachedWFSection.h(80,35): warning C4251:         [ [C:\Users\mcmco\Desktop\WMMR\build\src\MovieMakerCore\MovieMakerCore.vcxproj]
C:\Users\mcmco\Desktop\WMMR\src\MovieMakerCore\HMRAVSource\CachedWFSection.h(80,35): warning C4251:             E=HMRAVSource::CachedWFEntry [C:\Users\mcmco\Desktop\WMMR\build\src\MovieMakerCore\MovieMakerCore.vcxproj]
C:\Users\mcmco\Desktop\WMMR\src\MovieMakerCore\HMRAVSource\CachedWFSection.h(80,35): warning C4251:         ] [C:\Users\mcmco\Desktop\WMMR\build\src\MovieMakerCore\MovieMakerCore.vcxproj]
  (compiling source file '../../../src/MovieMakerCore/HMRAVSource/AsyncSourceResolver.cpp')
      C:\Program Files (x86)\Microsoft Visual Studio\2022\BuildTools\VC\Tools\MSVC\14.44.35207\atlmfc\include\atlcoll.h(530,7):
      see declaration of 'ATL::CAtlArray<HMRAVSource::CachedWFEntry,ATL::CElementTraits<E>>'
          with
          [
              E=HMRAVSource::CachedWFEntry
          ]
  
C:\Users\mcmco\Desktop\WMMR\src\MovieMakerCore\HMRAVSource\AsyncSourceResolver.h(106,33): warning C4251: 'HMRAVSource::AsyncSourceResolver::m_strOriginalUrl': 'ATL::CStringT<wchar_t,ATL::StrTraitATL<wchar_t,ATL::ChTraitsCRT<wchar_t>>>' needs to have dll-interface to be used by clients of 'HMRAVSource::AsyncSourceResolver' [C:\Users\mcmco\Desktop\WMMR\build\src\MovieMakerCore\MovieMakerCore.vcxproj]
  (compiling source file '../../../src/MovieMakerCore/HMRAVSource/AsyncSourceResolver.cpp')
      C:\Program Files (x86)\Microsoft Visual Studio\2022\BuildTools\VC\Tools\MSVC\14.44.35207\atlmfc\include\cstringt.h(999,7):
      see declaration of 'ATL::CStringT<wchar_t,ATL::StrTraitATL<wchar_t,ATL::ChTraitsCRT<wchar_t>>>'
  
C:\Users\mcmco\Desktop\WMMR\src\MovieMakerCore\HMRAVSource\AsyncSourceResolver.h(107,33): warning C4251: 'HMRAVSource::AsyncSourceResolver::m_strResolvedUrl': 'ATL::CStringT<wchar_t,ATL::StrTraitATL<wchar_t,ATL::ChTraitsCRT<wchar_t>>>' needs to have dll-interface to be used by clients of 'HMRAVSource::AsyncSourceResolver' [C:\Users\mcmco\Desktop\WMMR\build\src\MovieMakerCore\MovieMakerCore.vcxproj]
  (compiling source file '../../../src/MovieMakerCore/HMRAVSource/AsyncSourceResolver.cpp')
      C:\Program Files (x86)\Microsoft Visual Studio\2022\BuildTools\VC\Tools\MSVC\14.44.35207\atlmfc\include\cstringt.h(999,7):
      see declaration of 'ATL::CStringT<wchar_t,ATL::StrTraitATL<wchar_t,ATL::ChTraitsCRT<wchar_t>>>'
  
C:\Users\mcmco\Desktop\WMMR\src\MovieMakerCore\HMRAVSource\AsyncSourceResolver.h(108,33): warning C4251: 'HMRAVSource::AsyncSourceResolver::m_strProtocol': 'ATL::CStringT<wchar_t,ATL::StrTraitATL<wchar_t,ATL::ChTraitsCRT<wchar_t>>>' needs to have dll-interface to be used by clients of 'HMRAVSource::AsyncSourceResolver' [C:\Users\mcmco\Desktop\WMMR\build\src\MovieMakerCore\MovieMakerCore.vcxproj]
  (compiling source file '../../../src/MovieMakerCore/HMRAVSource/AsyncSourceResolver.cpp')
      C:\Program Files (x86)\Microsoft Visual Studio\2022\BuildTools\VC\Tools\MSVC\14.44.35207\atlmfc\include\cstringt.h(999,7):
      see declaration of 'ATL::CStringT<wchar_t,ATL::StrTraitATL<wchar_t,ATL::ChTraitsCRT<wchar_t>>>'
  
C:\Users\mcmco\Desktop\WMMR\src\MovieMakerCore\HMRAVSource\AsyncSourceResolver.h(110,33): warning C4251: 'HMRAVSource::AsyncSourceResolver::m_spResolvedSource': 'ATL::CComPtr<IMFMediaSource>' needs to have dll-interface to be used by clients of 'HMRAVSource::AsyncSourceResolver' [C:\Users\mcmco\Desktop\WMMR\build\src\MovieMakerCore\MovieMakerCore.vcxproj]
  (compiling source file '../../../src/MovieMakerCore/HMRAVSource/AsyncSourceResolver.cpp')
      C:\Program Files (x86)\Microsoft Visual Studio\2022\BuildTools\VC\Tools\MSVC\14.44.35207\atlmfc\include\atlcomcli.h(341,7):
      see declaration of 'ATL::CComPtr<IMFMediaSource>'
  
C:\Users\mcmco\Desktop\WMMR\src\MovieMakerCore\HMRAVSource\AsyncSourceResolver.h(111,33): warning C4251: 'HMRAVSource::AsyncSourceResolver::m_resolvedInfo': 'HMRAVSource::ResolvedSourceInfo' needs to have dll-interface to be used by clients of 'HMRAVSource::AsyncSourceResolver' [C:\Users\mcmco\Desktop\WMMR\build\src\MovieMakerCore\MovieMakerCore.vcxproj]
  (compiling source file '../../../src/MovieMakerCore/HMRAVSource/AsyncSourceResolver.cpp')
      C:\Users\mcmco\Desktop\WMMR\src\MovieMakerCore\HMRAVSource\AsyncSourceResolver.h(40,8):
      see declaration of 'HMRAVSource::ResolvedSourceInfo'
  
C:\Users\mcmco\Desktop\WMMR\src\MovieMakerCore\HMRAVSource\AsyncSourceResolver.h(112,33): warning C4251: 'HMRAVSource::AsyncSourceResolver::m_completeCb': 'std::function<void (HRESULT,const HMRAVSource::ResolvedSourceInfo &)>' needs to have dll-interface to be used by clients of 'HMRAVSource::AsyncSourceResolver' [C:\Users\mcmco\Desktop\WMMR\build\src\MovieMakerCore\MovieMakerCore.vcxproj]
  AudioOutput.cpp
  (compiling source file '../../../src/MovieMakerCore/HMRAVSource/AsyncSourceResolver.cpp')
      C:\Program Files (x86)\Microsoft Visual Studio\2022\BuildTools\VC\Tools\MSVC\14.44.35207\include\functional(1089,7):
      see declaration of 'std::function<void (HRESULT,const HMRAVSource::ResolvedSourceInfo &)>'
  
C:\Users\mcmco\Desktop\WMMR\src\MovieMakerCore\HMRAVSource\AsyncSourceResolver.h(114,33): warning C4251: 'HMRAVSource::AsyncSourceResolver::m_spResolver': 'ATL::CComPtr<IMFSourceResolver>' needs to have dll-interface to be used by clients of 'HMRAVSource::AsyncSourceResolver' [C:\Users\mcmco\Desktop\WMMR\build\src\MovieMakerCore\MovieMakerCore.vcxproj]
  (compiling source file '../../../src/MovieMakerCore/HMRAVSource/AsyncSourceResolver.cpp')
      C:\Program Files (x86)\Microsoft Visual Studio\2022\BuildTools\VC\Tools\MSVC\14.44.35207\atlmfc\include\atlcomcli.h(341,7):
      see declaration of 'ATL::CComPtr<IMFSourceResolver>'
  
C:\Users\mcmco\Desktop\WMMR\src\MovieMakerCore\HMRAVSource\AsyncSourceResolver.cpp(191,29): error C2248: 'ATL::_NoAddRefReleaseOnCComPtr<T>::AddRef': cannot access private member declared in class 'ATL::_NoAddRefReleaseOnCComPtr<T>' [C:\Users\mcmco\Desktop\WMMR\build\src\MovieMakerCore\MovieMakerCore.vcxproj]
C:\Users\mcmco\Desktop\WMMR\src\MovieMakerCore\HMRAVSource\AsyncSourceResolver.cpp(191,29): error C2248:         with [C:\Users\mcmco\Desktop\WMMR\build\src\MovieMakerCore\MovieMakerCore.vcxproj]
C:\Users\mcmco\Desktop\WMMR\src\MovieMakerCore\HMRAVSource\AsyncSourceResolver.cpp(191,29): error C2248:         [ [C:\Users\mcmco\Desktop\WMMR\build\src\MovieMakerCore\MovieMakerCore.vcxproj]
C:\Users\mcmco\Desktop\WMMR\src\MovieMakerCore\HMRAVSource\AsyncSourceResolver.cpp(191,29): error C2248:             T=IMFMediaSource [C:\Users\mcmco\Desktop\WMMR\build\src\MovieMakerCore\MovieMakerCore.vcxproj]
C:\Users\mcmco\Desktop\WMMR\src\MovieMakerCore\HMRAVSource\AsyncSourceResolver.cpp(191,29): error C2248:         ] [C:\Users\mcmco\Desktop\WMMR\build\src\MovieMakerCore\MovieMakerCore.vcxproj]
      C:\Program Files (x86)\Microsoft Visual Studio\2022\BuildTools\VC\Tools\MSVC\14.44.35207\atlmfc\include\atlcomcli.h(138,9):
      see declaration of 'ATL::_NoAddRefReleaseOnCComPtr<T>::AddRef'
          with
          [
              T=IMFMediaSource
          ]
      C:\Program Files (x86)\Microsoft Visual Studio\2022\BuildTools\VC\Tools\MSVC\14.44.35207\atlmfc\include\atlcomcli.h(134,29):
      see declaration of 'ATL::_NoAddRefReleaseOnCComPtr<T>'
          with
          [
              T=IMFMediaSource
          ]
  
C:\Users\mcmco\Desktop\WMMR\src\MovieMakerCore\HMRAVSource\AsyncSourceResolver.cpp(234,5): error C2065: 'URL_COMPONENTSW': undeclared identifier [C:\Users\mcmco\Desktop\WMMR\build\src\MovieMakerCore\MovieMakerCore.vcxproj]
C:\Users\mcmco\Desktop\WMMR\src\MovieMakerCore\HMRAVSource\AsyncSourceResolver.cpp(234,21): error C2146: syntax error: missing ';' before identifier 'components' [C:\Users\mcmco\Desktop\WMMR\build\src\MovieMakerCore\MovieMakerCore.vcxproj]
C:\Users\mcmco\Desktop\WMMR\src\MovieMakerCore\HMRAVSource\AsyncSourceResolver.cpp(234,21): error C2065: 'components': undeclared identifier [C:\Users\mcmco\Desktop\WMMR\build\src\MovieMakerCore\MovieMakerCore.vcxproj]
C:\Users\mcmco\Desktop\WMMR\src\MovieMakerCore\HMRAVSource\AsyncSourceResolver.cpp(234,32): error C3079: an initializer list cannot be used as the right operand of this assignment operator [C:\Users\mcmco\Desktop\WMMR\build\src\MovieMakerCore\MovieMakerCore.vcxproj]
C:\Users\mcmco\Desktop\WMMR\src\MovieMakerCore\HMRAVSource\AsyncSourceResolver.cpp(235,5): error C2065: 'components': undeclared identifier [C:\Users\mcmco\Desktop\WMMR\build\src\MovieMakerCore\MovieMakerCore.vcxproj]
C:\Users\mcmco\Desktop\WMMR\src\MovieMakerCore\HMRAVSource\AsyncSourceResolver.cpp(235,38): error C2065: 'components': undeclared identifier [C:\Users\mcmco\Desktop\WMMR\build\src\MovieMakerCore\MovieMakerCore.vcxproj]
C:\Users\mcmco\Desktop\WMMR\src\MovieMakerCore\HMRAVSource\AsyncSourceResolver.cpp(240,5): error C2065: 'components': undeclared identifier [C:\Users\mcmco\Desktop\WMMR\build\src\MovieMakerCore\MovieMakerCore.vcxproj]
C:\Users\mcmco\Desktop\WMMR\src\MovieMakerCore\HMRAVSource\AsyncSourceResolver.cpp(241,5): error C2065: 'components': undeclared identifier [C:\Users\mcmco\Desktop\WMMR\build\src\MovieMakerCore\MovieMakerCore.vcxproj]
C:\Users\mcmco\Desktop\WMMR\src\MovieMakerCore\HMRAVSource\AsyncSourceResolver.cpp(242,5): error C2065: 'components': undeclared identifier [C:\Users\mcmco\Desktop\WMMR\build\src\MovieMakerCore\MovieMakerCore.vcxproj]
C:\Users\mcmco\Desktop\WMMR\src\MovieMakerCore\HMRAVSource\AsyncSourceResolver.cpp(243,5): error C2065: 'components': undeclared identifier [C:\Users\mcmco\Desktop\WMMR\build\src\MovieMakerCore\MovieMakerCore.vcxproj]
C:\Users\mcmco\Desktop\WMMR\src\MovieMakerCore\HMRAVSource\AsyncSourceResolver.cpp(244,5): error C2065: 'components': undeclared identifier [C:\Users\mcmco\Desktop\WMMR\build\src\MovieMakerCore\MovieMakerCore.vcxproj]
C:\Users\mcmco\Desktop\WMMR\src\MovieMakerCore\HMRAVSource\AsyncSourceResolver.cpp(245,5): error C2065: 'components': undeclared identifier [C:\Users\mcmco\Desktop\WMMR\build\src\MovieMakerCore\MovieMakerCore.vcxproj]
C:\Users\mcmco\Desktop\WMMR\src\MovieMakerCore\HMRAVSource\AsyncSourceResolver.cpp(247,43): error C2065: 'components': undeclared identifier [C:\Users\mcmco\Desktop\WMMR\build\src\MovieMakerCore\MovieMakerCore.vcxproj]
C:\Users\mcmco\Desktop\WMMR\src\MovieMakerCore\HMRAVSource\AsyncSourceResolver.cpp(247,10): error C3861: 'InternetCrackUrlW': identifier not found [C:\Users\mcmco\Desktop\WMMR\build\src\MovieMakerCore\MovieMakerCore.vcxproj]
C:\Users\mcmco\Desktop\WMMR\src\MovieMakerCore\HMRAVSource\AsyncSourceResolver.cpp(281,37): error C2065: 'MF_OBJECT_UNKNOWN': undeclared identifier [C:\Users\mcmco\Desktop\WMMR\build\src\MovieMakerCore\MovieMakerCore.vcxproj]
C:\Users\mcmco\Desktop\WMMR\src\MovieMakerCore\HMRAVSource\AsyncSourceResolver.cpp(283,28): error C2660: 'IMFSourceResolver::CreateObjectFromURL': function does not take 6 arguments [C:\Users\mcmco\Desktop\WMMR\build\src\MovieMakerCore\MovieMakerCore.vcxproj]
      C:\Program Files (x86)\Windows Kits\10\Include\10.0.26100.0\um\mfidl.h(1427,57):
      see declaration of 'IMFSourceResolver::CreateObjectFromURL'
      C:\Users\mcmco\Desktop\WMMR\src\MovieMakerCore\HMRAVSource\AsyncSourceResolver.cpp(283,28):
      while trying to match the argument list '(const wchar_t *, nullptr, __MIDL___MIDL_itf_mfidl_0000_0001_0001, nullptr, MF_OBJECT_TYPE *, IUnknown **)'
  
  AudioQueue.cpp
C:\Users\mcmco\Desktop\WMMR\src\MovieMakerCore\pch.h(21,9): warning C4005: 'WINVER': macro redefinition [C:\Users\mcmco\Desktop\WMMR\build\src\MovieMakerCore\MovieMakerCore.vcxproj]
  (compiling source file '../../../src/MovieMakerCore/HMRAVSource/Audio/AudioOutput.cpp')
      C:\Users\mcmco\Desktop\WMMR\src\MovieMakerCore\pch.h(21,9):
      'WINVER' previously declared on the command line
  
C:\Users\mcmco\Desktop\WMMR\src\MovieMakerCore\pch.h(22,9): warning C4005: '_WIN32_WINNT': macro redefinition [C:\Users\mcmco\Desktop\WMMR\build\src\MovieMakerCore\MovieMakerCore.vcxproj]
  (compiling source file '../../../src/MovieMakerCore/HMRAVSource/Audio/AudioOutput.cpp')
      C:\Users\mcmco\Desktop\WMMR\src\MovieMakerCore\pch.h(22,9):
      '_WIN32_WINNT' previously declared on the command line
  
C:\Users\mcmco\Desktop\WMMR\src\MovieMakerCore\pch.h(30,9): warning C4005: 'WIN32_LEAN_AND_MEAN': macro redefinition [C:\Users\mcmco\Desktop\WMMR\build\src\MovieMakerCore\MovieMakerCore.vcxproj]
  (compiling source file '../../../src/MovieMakerCore/HMRAVSource/Audio/AudioOutput.cpp')
      C:\Users\mcmco\Desktop\WMMR\src\MovieMakerCore\pch.h(30,9):
      'WIN32_LEAN_AND_MEAN' previously declared on the command line
  
C:\Users\mcmco\Desktop\WMMR\src\MovieMakerCore\pch.h(31,9): warning C4005: 'NOMINMAX': macro redefinition [C:\Users\mcmco\Desktop\WMMR\build\src\MovieMakerCore\MovieMakerCore.vcxproj]
  (compiling source file '../../../src/MovieMakerCore/HMRAVSource/Audio/AudioOutput.cpp')
      C:\Users\mcmco\Desktop\WMMR\src\MovieMakerCore\pch.h(31,9):
      'NOMINMAX' previously declared on the command line
  
C:\Users\mcmco\Desktop\WMMR\src\MovieMakerCore\pch.h(32,9): warning C4005: '_CRT_SECURE_NO_WARNINGS': macro redefinition [C:\Users\mcmco\Desktop\WMMR\build\src\MovieMakerCore\MovieMakerCore.vcxproj]
  (compiling source file '../../../src/MovieMakerCore/HMRAVSource/Audio/AudioOutput.cpp')
      C:\Users\mcmco\Desktop\WMMR\src\MovieMakerCore\pch.h(32,9):
      '_CRT_SECURE_NO_WARNINGS' previously declared on the command line
  
C:\Users\mcmco\Desktop\WMMR\src\MovieMakerCore\pch.h(33,9): warning C4005: '_WINDLL': macro redefinition [C:\Users\mcmco\Desktop\WMMR\build\src\MovieMakerCore\MovieMakerCore.vcxproj]
  (compiling source file '../../../src/MovieMakerCore/HMRAVSource/Audio/AudioOutput.cpp')
      C:\Users\mcmco\Desktop\WMMR\src\MovieMakerCore\pch.h(33,9):
      '_WINDLL' previously declared on the command line
  
C:\Users\mcmco\Desktop\WMMR\src\MovieMakerCore\pch.h(34,9): warning C4005: '_AFXDLL': macro redefinition [C:\Users\mcmco\Desktop\WMMR\build\src\MovieMakerCore\MovieMakerCore.vcxproj]
  (compiling source file '../../../src/MovieMakerCore/HMRAVSource/Audio/AudioOutput.cpp')
      C:\Users\mcmco\Desktop\WMMR\src\MovieMakerCore\pch.h(34,9):
      '_AFXDLL' previously declared on the command line
  
C:\Users\mcmco\Desktop\WMMR\src\MovieMakerCore\pch.h(35,9): warning C4005: '_ATL_CSTRING_EXPLICIT_CONSTRUCTORS': macro redefinition [C:\Users\mcmco\Desktop\WMMR\build\src\MovieMakerCore\MovieMakerCore.vcxproj]
  (compiling source file '../../../src/MovieMakerCore/HMRAVSource/Audio/AudioOutput.cpp')
      C:\Users\mcmco\Desktop\WMMR\src\MovieMakerCore\pch.h(35,9):
      '_ATL_CSTRING_EXPLICIT_CONSTRUCTORS' previously declared on the command line
  
C:\Users\mcmco\Desktop\WMMR\src\MovieMakerCore\pch.h(36,9): warning C4005: '_ATL_ALL_WARNINGS': macro redefinition [C:\Users\mcmco\Desktop\WMMR\build\src\MovieMakerCore\MovieMakerCore.vcxproj]
  (compiling source file '../../../src/MovieMakerCore/HMRAVSource/Audio/AudioOutput.cpp')
      C:\Users\mcmco\Desktop\WMMR\src\MovieMakerCore\pch.h(36,9):
      '_ATL_ALL_WARNINGS' previously declared on the command line
  
C:\Users\mcmco\Desktop\WMMR\src\MovieMakerCore\pch.h(21,9): warning C4005: 'WINVER': macro redefinition [C:\Users\mcmco\Desktop\WMMR\build\src\MovieMakerCore\MovieMakerCore.vcxproj]
  (compiling source file '../../../src/MovieMakerCore/HMRAVSource/Audio/AudioQueue.cpp')
      C:\Users\mcmco\Desktop\WMMR\src\MovieMakerCore\pch.h(21,9):
      'WINVER' previously declared on the command line
  
C:\Users\mcmco\Desktop\WMMR\src\MovieMakerCore\pch.h(22,9): warning C4005: '_WIN32_WINNT': macro redefinition [C:\Users\mcmco\Desktop\WMMR\build\src\MovieMakerCore\MovieMakerCore.vcxproj]
  (compiling source file '../../../src/MovieMakerCore/HMRAVSource/Audio/AudioQueue.cpp')
      C:\Users\mcmco\Desktop\WMMR\src\MovieMakerCore\pch.h(22,9):
      '_WIN32_WINNT' previously declared on the command line
  
C:\Users\mcmco\Desktop\WMMR\src\MovieMakerCore\pch.h(30,9): warning C4005: 'WIN32_LEAN_AND_MEAN': macro redefinition [C:\Users\mcmco\Desktop\WMMR\build\src\MovieMakerCore\MovieMakerCore.vcxproj]
  (compiling source file '../../../src/MovieMakerCore/HMRAVSource/Audio/AudioQueue.cpp')
      C:\Users\mcmco\Desktop\WMMR\src\MovieMakerCore\pch.h(30,9):
      'WIN32_LEAN_AND_MEAN' previously declared on the command line
  
C:\Users\mcmco\Desktop\WMMR\src\MovieMakerCore\pch.h(31,9): warning C4005: 'NOMINMAX': macro redefinition [C:\Users\mcmco\Desktop\WMMR\build\src\MovieMakerCore\MovieMakerCore.vcxproj]
  (compiling source file '../../../src/MovieMakerCore/HMRAVSource/Audio/AudioQueue.cpp')
      C:\Users\mcmco\Desktop\WMMR\src\MovieMakerCore\pch.h(31,9):
      'NOMINMAX' previously declared on the command line
  
C:\Users\mcmco\Desktop\WMMR\src\MovieMakerCore\pch.h(32,9): warning C4005: '_CRT_SECURE_NO_WARNINGS': macro redefinition [C:\Users\mcmco\Desktop\WMMR\build\src\MovieMakerCore\MovieMakerCore.vcxproj]
  (compiling source file '../../../src/MovieMakerCore/HMRAVSource/Audio/AudioQueue.cpp')
      C:\Users\mcmco\Desktop\WMMR\src\MovieMakerCore\pch.h(32,9):
      '_CRT_SECURE_NO_WARNINGS' previously declared on the command line
  
C:\Users\mcmco\Desktop\WMMR\src\MovieMakerCore\pch.h(33,9): warning C4005: '_WINDLL': macro redefinition [C:\Users\mcmco\Desktop\WMMR\build\src\MovieMakerCore\MovieMakerCore.vcxproj]
  (compiling source file '../../../src/MovieMakerCore/HMRAVSource/Audio/AudioQueue.cpp')
      C:\Users\mcmco\Desktop\WMMR\src\MovieMakerCore\pch.h(33,9):
      '_WINDLL' previously declared on the command line
  
C:\Users\mcmco\Desktop\WMMR\src\MovieMakerCore\pch.h(34,9): warning C4005: '_AFXDLL': macro redefinition [C:\Users\mcmco\Desktop\WMMR\build\src\MovieMakerCore\MovieMakerCore.vcxproj]
  (compiling source file '../../../src/MovieMakerCore/HMRAVSource/Audio/AudioQueue.cpp')
      C:\Users\mcmco\Desktop\WMMR\src\MovieMakerCore\pch.h(34,9):
      '_AFXDLL' previously declared on the command line
  
C:\Users\mcmco\Desktop\WMMR\src\MovieMakerCore\pch.h(35,9): warning C4005: '_ATL_CSTRING_EXPLICIT_CONSTRUCTORS': macro redefinition [C:\Users\mcmco\Desktop\WMMR\build\src\MovieMakerCore\MovieMakerCore.vcxproj]
  (compiling source file '../../../src/MovieMakerCore/HMRAVSource/Audio/AudioQueue.cpp')
      C:\Users\mcmco\Desktop\WMMR\src\MovieMakerCore\pch.h(35,9):
      '_ATL_CSTRING_EXPLICIT_CONSTRUCTORS' previously declared on the command line
  
C:\Users\mcmco\Desktop\WMMR\src\MovieMakerCore\pch.h(36,9): warning C4005: '_ATL_ALL_WARNINGS': macro redefinition [C:\Users\mcmco\Desktop\WMMR\build\src\MovieMakerCore\MovieMakerCore.vcxproj]
  (compiling source file '../../../src/MovieMakerCore/HMRAVSource/Audio/AudioQueue.cpp')
      C:\Users\mcmco\Desktop\WMMR\src\MovieMakerCore\pch.h(36,9):
      '_ATL_ALL_WARNINGS' previously declared on the command line
  
C:\Users\mcmco\Desktop\WMMR\src\WLXPhotoBase\BaseTypes.h(536,18): warning C4251: 'Base::File::m_strPath': 'ATL::CStringT<wchar_t,ATL::StrTraitATL<wchar_t,ATL::ChTraitsCRT<wchar_t>>>' needs to have dll-interface to be used by clients of 'Base::File' [C:\Users\mcmco\Desktop\WMMR\build\src\MovieMakerCore\MovieMakerCore.vcxproj]
  (compiling source file '../../../src/MovieMakerCore/HMRAVSource/MFSourceReaderBuilder.cpp')
      C:\Program Files (x86)\Microsoft Visual Studio\2022\BuildTools\VC\Tools\MSVC\14.44.35207\atlmfc\include\cstringt.h(999,7):
      see declaration of 'ATL::CStringT<wchar_t,ATL::StrTraitATL<wchar_t,ATL::ChTraitsCRT<wchar_t>>>'
  
C:\Users\mcmco\Desktop\WMMR\src\WLXPhotoBase\BaseTypes.h(568,18): warning C4251: 'Base::TempFile::m_strPath': 'ATL::CStringT<wchar_t,ATL::StrTraitATL<wchar_t,ATL::ChTraitsCRT<wchar_t>>>' needs to have dll-interface to be used by clients of 'Base::TempFile' [C:\Users\mcmco\Desktop\WMMR\build\src\MovieMakerCore\MovieMakerCore.vcxproj]
  (compiling source file '../../../src/MovieMakerCore/HMRAVSource/MFSourceReaderBuilder.cpp')
      C:\Program Files (x86)\Microsoft Visual Studio\2022\BuildTools\VC\Tools\MSVC\14.44.35207\atlmfc\include\cstringt.h(999,7):
      see declaration of 'ATL::CStringT<wchar_t,ATL::StrTraitATL<wchar_t,ATL::ChTraitsCRT<wchar_t>>>'
  
C:\Users\mcmco\Desktop\WMMR\src\WLXPhotoBase\BaseTypes.h(661,21): warning C4251: 'Base::FindFile::m_strDirectory': 'ATL::CStringT<wchar_t,ATL::StrTraitATL<wchar_t,ATL::ChTraitsCRT<wchar_t>>>' needs to have dll-interface to be used by clients of 'Base::FindFile' [C:\Users\mcmco\Desktop\WMMR\build\src\MovieMakerCore\MovieMakerCore.vcxproj]
  (compiling source file '../../../src/MovieMakerCore/HMRAVSource/MFSourceReaderBuilder.cpp')
      C:\Program Files (x86)\Microsoft Visual Studio\2022\BuildTools\VC\Tools\MSVC\14.44.35207\atlmfc\include\cstringt.h(999,7):
      see declaration of 'ATL::CStringT<wchar_t,ATL::StrTraitATL<wchar_t,ATL::ChTraitsCRT<wchar_t>>>'
  
C:\Users\mcmco\Desktop\WMMR\src\WLXPhotoBase\BaseTypes.h(724,25): warning C4251: 'Base::IntSet::m_values': 'ATL::CAtlArray<int,ATL::CElementTraits<int>>' needs to have dll-interface to be used by clients of 'Base::IntSet' [C:\Users\mcmco\Desktop\WMMR\build\src\MovieMakerCore\MovieMakerCore.vcxproj]
  (compiling source file '../../../src/MovieMakerCore/HMRAVSource/MFSourceReaderBuilder.cpp')
      C:\Program Files (x86)\Microsoft Visual Studio\2022\BuildTools\VC\Tools\MSVC\14.44.35207\atlmfc\include\atlcoll.h(530,7):
      see declaration of 'ATL::CAtlArray<int,ATL::CElementTraits<int>>'
  
C:\Users\mcmco\Desktop\WMMR\src\MovieMakerCore\HMRAVSource\StreamSink.h(101,33): warning C4251: 'HMRAVSource::StreamSink::m_spSinkWriter': 'ATL::CComPtr<IMFSinkWriter>' needs to have dll-interface to be used by clients of 'HMRAVSource::StreamSink' [C:\Users\mcmco\Desktop\WMMR\build\src\MovieMakerCore\MovieMakerCore.vcxproj]
  (compiling source file '../../../src/MovieMakerCore/HMRAVSource/MFSourceReaderBuilder.cpp')
      C:\Program Files (x86)\Microsoft Visual Studio\2022\BuildTools\VC\Tools\MSVC\14.44.35207\atlmfc\include\atlcomcli.h(341,7):
      see declaration of 'ATL::CComPtr<IMFSinkWriter>'
  
C:\Users\mcmco\Desktop\WMMR\src\MovieMakerCore\HMRAVSource\StreamSink.h(108,33): warning C4251: 'HMRAVSource::StreamSink::m_progressCb': 'std::function<void (const HMRAVSource::StreamSinkStats &)>' needs to have dll-interface to be used by clients of 'HMRAVSource::StreamSink' [C:\Users\mcmco\Desktop\WMMR\build\src\MovieMakerCore\MovieMakerCore.vcxproj]
  (compiling source file '../../../src/MovieMakerCore/HMRAVSource/MFSourceReaderBuilder.cpp')
      C:\Program Files (x86)\Microsoft Visual Studio\2022\BuildTools\VC\Tools\MSVC\14.44.35207\include\functional(1089,7):
      see declaration of 'std::function<void (const HMRAVSource::StreamSinkStats &)>'
  
C:\Users\mcmco\Desktop\WMMR\src\MovieMakerCore\HMRAVSource\TranscodeManager.h(123,29): warning C4251: 'HMRAVSource::TranscodeManager::m_progressCb': 'std::function<void (const HMRAVSource::TranscodeProgress &)>' needs to have dll-interface to be used by clients of 'HMRAVSource::TranscodeManager' [C:\Users\mcmco\Desktop\WMMR\build\src\MovieMakerCore\MovieMakerCore.vcxproj]
  (compiling source file '../../../src/MovieMakerCore/HMRAVSource/MFSourceReaderBuilder.cpp')
      C:\Program Files (x86)\Microsoft Visual Studio\2022\BuildTools\VC\Tools\MSVC\14.44.35207\include\functional(1089,7):
      see declaration of 'std::function<void (const HMRAVSource::TranscodeProgress &)>'
  
C:\Users\mcmco\Desktop\WMMR\src\MovieMakerCore\HMRAVSource\TranscodeManager.h(124,29): warning C4251: 'HMRAVSource::TranscodeManager::m_errorCb': 'std::function<void (HRESULT,LPCWSTR)>' needs to have dll-interface to be used by clients of 'HMRAVSource::TranscodeManager' [C:\Users\mcmco\Desktop\WMMR\build\src\MovieMakerCore\MovieMakerCore.vcxproj]
  (compiling source file '../../../src/MovieMakerCore/HMRAVSource/MFSourceReaderBuilder.cpp')
      C:\Program Files (x86)\Microsoft Visual Studio\2022\BuildTools\VC\Tools\MSVC\14.44.35207\include\functional(1089,7):
      see declaration of 'std::function<void (HRESULT,LPCWSTR)>'
  
C:\Users\mcmco\Desktop\WMMR\src\MovieMakerCore\HMRAVSource\TranscodeManager.h(125,29): warning C4251: 'HMRAVSource::TranscodeManager::m_completeCb': 'std::function<void (HRESULT,LPCWSTR)>' needs to have dll-interface to be used by clients of 'HMRAVSource::TranscodeManager' [C:\Users\mcmco\Desktop\WMMR\build\src\MovieMakerCore\MovieMakerCore.vcxproj]
  (compiling source file '../../../src/MovieMakerCore/HMRAVSource/MFSourceReaderBuilder.cpp')
      C:\Program Files (x86)\Microsoft Visual Studio\2022\BuildTools\VC\Tools\MSVC\14.44.35207\include\functional(1089,7):
      see declaration of 'std::function<void (HRESULT,LPCWSTR)>'
  
C:\Users\mcmco\Desktop\WMMR\src\MovieMakerCore\HMRAVSource\TranscodeManager.h(127,29): warning C4251: 'HMRAVSource::TranscodeManager::m_spVideoTransform': 'ATL::CComPtr<IMFTransform>' needs to have dll-interface to be used by clients of 'HMRAVSource::TranscodeManager' [C:\Users\mcmco\Desktop\WMMR\build\src\MovieMakerCore\MovieMakerCore.vcxproj]
  (compiling source file '../../../src/MovieMakerCore/HMRAVSource/MFSourceReaderBuilder.cpp')
      C:\Program Files (x86)\Microsoft Visual Studio\2022\BuildTools\VC\Tools\MSVC\14.44.35207\atlmfc\include\atlcomcli.h(341,7):
      see declaration of 'ATL::CComPtr<IMFTransform>'
  
C:\Users\mcmco\Desktop\WMMR\src\MovieMakerCore\HMRAVSource\TranscodeManager.h(128,29): warning C4251: 'HMRAVSource::TranscodeManager::m_spAudioTransform': 'ATL::CComPtr<IMFTransform>' needs to have dll-interface to be used by clients of 'HMRAVSource::TranscodeManager' [C:\Users\mcmco\Desktop\WMMR\build\src\MovieMakerCore\MovieMakerCore.vcxproj]
  (compiling source file '../../../src/MovieMakerCore/HMRAVSource/MFSourceReaderBuilder.cpp')
      C:\Program Files (x86)\Microsoft Visual Studio\2022\BuildTools\VC\Tools\MSVC\14.44.35207\atlmfc\include\atlcomcli.h(341,7):
      see declaration of 'ATL::CComPtr<IMFTransform>'
  
C:\Users\mcmco\Desktop\WMMR\src\MovieMakerCore\HMRAVSource\VideoCapture.h(105,37): warning C4251: 'HMRAVSource::VideoCapture::m_spMediaSource': 'ATL::CComPtr<IMFMediaSource>' needs to have dll-interface to be used by clients of 'HMRAVSource::VideoCapture' [C:\Users\mcmco\Desktop\WMMR\build\src\MovieMakerCore\MovieMakerCore.vcxproj]
  (compiling source file '../../../src/MovieMakerCore/HMRAVSource/MFSourceReaderBuilder.cpp')
      C:\Program Files (x86)\Microsoft Visual Studio\2022\BuildTools\VC\Tools\MSVC\14.44.35207\atlmfc\include\atlcomcli.h(341,7):
      see declaration of 'ATL::CComPtr<IMFMediaSource>'
  
C:\Users\mcmco\Desktop\WMMR\src\MovieMakerCore\HMRAVSource\VideoCapture.h(106,37): warning C4251: 'HMRAVSource::VideoCapture::m_spCaptureEngine': 'ATL::CComPtr<IMFCaptureEngine>' needs to have dll-interface to be used by clients of 'HMRAVSource::VideoCapture' [C:\Users\mcmco\Desktop\WMMR\build\src\MovieMakerCore\MovieMakerCore.vcxproj]
  (compiling source file '../../../src/MovieMakerCore/HMRAVSource/MFSourceReaderBuilder.cpp')
      C:\Program Files (x86)\Microsoft Visual Studio\2022\BuildTools\VC\Tools\MSVC\14.44.35207\atlmfc\include\atlcomcli.h(341,7):
      see declaration of 'ATL::CComPtr<IMFCaptureEngine>'
  
C:\Users\mcmco\Desktop\WMMR\src\MovieMakerCore\HMRAVSource\VideoCapture.h(107,37): warning C4251: 'HMRAVSource::VideoCapture::m_spPreviewSink': 'ATL::CComPtr<IMFCapturePreviewSink>' needs to have dll-interface to be used by clients of 'HMRAVSource::VideoCapture' [C:\Users\mcmco\Desktop\WMMR\build\src\MovieMakerCore\MovieMakerCore.vcxproj]
  (compiling source file '../../../src/MovieMakerCore/HMRAVSource/MFSourceReaderBuilder.cpp')
      C:\Program Files (x86)\Microsoft Visual Studio\2022\BuildTools\VC\Tools\MSVC\14.44.35207\atlmfc\include\atlcomcli.h(341,7):
      see declaration of 'ATL::CComPtr<IMFCapturePreviewSink>'
  
C:\Users\mcmco\Desktop\WMMR\src\MovieMakerCore\HMRAVSource\VideoCapture.h(108,37): warning C4251: 'HMRAVSource::VideoCapture::m_spRecordSink': 'ATL::CComPtr<IMFCaptureRecordSink>' needs to have dll-interface to be used by clients of 'HMRAVSource::VideoCapture' [C:\Users\mcmco\Desktop\WMMR\build\src\MovieMakerCore\MovieMakerCore.vcxproj]
  (compiling source file '../../../src/MovieMakerCore/HMRAVSource/MFSourceReaderBuilder.cpp')
      C:\Program Files (x86)\Microsoft Visual Studio\2022\BuildTools\VC\Tools\MSVC\14.44.35207\atlmfc\include\atlcomcli.h(341,7):
      see declaration of 'ATL::CComPtr<IMFCaptureRecordSink>'
  
C:\Users\mcmco\Desktop\WMMR\src\MovieMakerCore\HMRAVSource\VideoCapture.h(117,38): warning C4251: 'HMRAVSource::VideoCapture::m_frameCb': 'std::function<void (IMFSample *)>' needs to have dll-interface to be used by clients of 'HMRAVSource::VideoCapture' [C:\Users\mcmco\Desktop\WMMR\build\src\MovieMakerCore\MovieMakerCore.vcxproj]
  (compiling source file '../../../src/MovieMakerCore/HMRAVSource/MFSourceReaderBuilder.cpp')
      C:\Program Files (x86)\Microsoft Visual Studio\2022\BuildTools\VC\Tools\MSVC\14.44.35207\include\functional(1089,7):
      see declaration of 'std::function<void (IMFSample *)>'
  
C:\Users\mcmco\Desktop\WMMR\src\MovieMakerCore\HMRAVSource\AudioCapture.h(107,33): warning C4251: 'HMRAVSource::AudioCapture::m_spMediaSource': 'ATL::CComPtr<IMFMediaSource>' needs to have dll-interface to be used by clients of 'HMRAVSource::AudioCapture' [C:\Users\mcmco\Desktop\WMMR\build\src\MovieMakerCore\MovieMakerCore.vcxproj]
  (compiling source file '../../../src/MovieMakerCore/HMRAVSource/MFSourceReaderBuilder.cpp')
      C:\Program Files (x86)\Microsoft Visual Studio\2022\BuildTools\VC\Tools\MSVC\14.44.35207\atlmfc\include\atlcomcli.h(341,7):
      see declaration of 'ATL::CComPtr<IMFMediaSource>'
  
C:\Users\mcmco\Desktop\WMMR\src\MovieMakerCore\HMRAVSource\AudioCapture.h(108,33): warning C4251: 'HMRAVSource::AudioCapture::m_spReader': 'ATL::CComPtr<IMFSourceReader>' needs to have dll-interface to be used by clients of 'HMRAVSource::AudioCapture' [C:\Users\mcmco\Desktop\WMMR\build\src\MovieMakerCore\MovieMakerCore.vcxproj]
  (compiling source file '../../../src/MovieMakerCore/HMRAVSource/MFSourceReaderBuilder.cpp')
      C:\Program Files (x86)\Microsoft Visual Studio\2022\BuildTools\VC\Tools\MSVC\14.44.35207\atlmfc\include\atlcomcli.h(341,7):
      see declaration of 'ATL::CComPtr<IMFSourceReader>'
  
C:\Users\mcmco\Desktop\WMMR\src\MovieMakerCore\HMRAVSource\AudioCapture.h(116,34): warning C4251: 'HMRAVSource::AudioCapture::m_sampleCb': 'std::function<void (IMFSample *)>' needs to have dll-interface to be used by clients of 'HMRAVSource::AudioCapture' [C:\Users\mcmco\Desktop\WMMR\build\src\MovieMakerCore\MovieMakerCore.vcxproj]
  (compiling source file '../../../src/MovieMakerCore/HMRAVSource/MFSourceReaderBuilder.cpp')
      C:\Program Files (x86)\Microsoft Visual Studio\2022\BuildTools\VC\Tools\MSVC\14.44.35207\include\functional(1089,7):
      see declaration of 'std::function<void (IMFSample *)>'
  
C:\Users\mcmco\Desktop\WMMR\src\MovieMakerCore\HMRAVSource\AVCaptureSession.h(117,25): warning C4251: 'HMRAVSource::AVCaptureSession::m_statsCb': 'std::function<void (const HMRAVSource::AVCaptureSessionStats &)>' needs to have dll-interface to be used by clients of 'HMRAVSource::AVCaptureSession' [C:\Users\mcmco\Desktop\WMMR\build\src\MovieMakerCore\MovieMakerCore.vcxproj]
  (compiling source file '../../../src/MovieMakerCore/HMRAVSource/MFSourceReaderBuilder.cpp')
      C:\Program Files (x86)\Microsoft Visual Studio\2022\BuildTools\VC\Tools\MSVC\14.44.35207\include\functional(1089,7):
      see declaration of 'std::function<void (const HMRAVSource::AVCaptureSessionStats &)>'
  
C:\Users\mcmco\Desktop\WMMR\src\MovieMakerCore\HMRAVSource\AVCaptureSession.h(118,25): warning C4251: 'HMRAVSource::AVCaptureSession::m_errorCb': 'std::function<void (HRESULT)>' needs to have dll-interface to be used by clients of 'HMRAVSource::AVCaptureSession' [C:\Users\mcmco\Desktop\WMMR\build\src\MovieMakerCore\MovieMakerCore.vcxproj]
  (compiling source file '../../../src/MovieMakerCore/HMRAVSource/MFSourceReaderBuilder.cpp')
      C:\Program Files (x86)\Microsoft Visual Studio\2022\BuildTools\VC\Tools\MSVC\14.44.35207\include\functional(1089,7):
      see declaration of 'std::function<void (HRESULT)>'
  
C:\Users\mcmco\Desktop\WMMR\src\MovieMakerCore\HMRAVSource\AVCaptureSession.h(119,25): warning C4251: 'HMRAVSource::AVCaptureSession::m_completeCb': 'std::function<void (HRESULT)>' needs to have dll-interface to be used by clients of 'HMRAVSource::AVCaptureSession' [C:\Users\mcmco\Desktop\WMMR\build\src\MovieMakerCore\MovieMakerCore.vcxproj]
  (compiling source file '../../../src/MovieMakerCore/HMRAVSource/MFSourceReaderBuilder.cpp')
      C:\Program Files (x86)\Microsoft Visual Studio\2022\BuildTools\VC\Tools\MSVC\14.44.35207\include\functional(1089,7):
      see declaration of 'std::function<void (HRESULT)>'
  
C:\Users\mcmco\Desktop\WMMR\src\MovieMakerCore\HMRAVSource\AVCaptureSession.h(169,25): warning C4251: 'HMRAVSource::AudioCaptureSession::m_strOutputPath': 'ATL::CStringT<wchar_t,ATL::StrTraitATL<wchar_t,ATL::ChTraitsCRT<wchar_t>>>' needs to have dll-interface to be used by clients of 'HMRAVSource::AudioCaptureSession' [C:\Users\mcmco\Desktop\WMMR\build\src\MovieMakerCore\MovieMakerCore.vcxproj]
  (compiling source file '../../../src/MovieMakerCore/HMRAVSource/MFSourceReaderBuilder.cpp')
      C:\Program Files (x86)\Microsoft Visual Studio\2022\BuildTools\VC\Tools\MSVC\14.44.35207\atlmfc\include\cstringt.h(999,7):
      see declaration of 'ATL::CStringT<wchar_t,ATL::StrTraitATL<wchar_t,ATL::ChTraitsCRT<wchar_t>>>'
  
C:\Users\mcmco\Desktop\WMMR\src\MovieMakerCore\HMRAVSource\AVCaptureSession.h(173,25): warning C4251: 'HMRAVSource::AudioCaptureSession::m_completeCb': 'std::function<void (HRESULT,LPCWSTR)>' needs to have dll-interface to be used by clients of 'HMRAVSource::AudioCaptureSession' [C:\Users\mcmco\Desktop\WMMR\build\src\MovieMakerCore\MovieMakerCore.vcxproj]
  (compiling source file '../../../src/MovieMakerCore/HMRAVSource/MFSourceReaderBuilder.cpp')
      C:\Program Files (x86)\Microsoft Visual Studio\2022\BuildTools\VC\Tools\MSVC\14.44.35207\include\functional(1089,7):
      see declaration of 'std::function<void (HRESULT,LPCWSTR)>'
  
C:\Users\mcmco\Desktop\WMMR\src\MovieMakerCore\HMRAVSource\CachedWFSection.h(80,35): warning C4251: 'HMRAVSource::CachedWFSection::m_arrEntries': 'ATL::CAtlArray<HMRAVSource::CachedWFEntry,ATL::CElementTraits<E>>' needs to have dll-interface to be used by clients of 'HMRAVSource::CachedWFSection' [C:\Users\mcmco\Desktop\WMMR\build\src\MovieMakerCore\MovieMakerCore.vcxproj]
C:\Users\mcmco\Desktop\WMMR\src\MovieMakerCore\HMRAVSource\CachedWFSection.h(80,35): warning C4251:         with [C:\Users\mcmco\Desktop\WMMR\build\src\MovieMakerCore\MovieMakerCore.vcxproj]
C:\Users\mcmco\Desktop\WMMR\src\MovieMakerCore\HMRAVSource\CachedWFSection.h(80,35): warning C4251:         [ [C:\Users\mcmco\Desktop\WMMR\build\src\MovieMakerCore\MovieMakerCore.vcxproj]
C:\Users\mcmco\Desktop\WMMR\src\MovieMakerCore\HMRAVSource\CachedWFSection.h(80,35): warning C4251:             E=HMRAVSource::CachedWFEntry [C:\Users\mcmco\Desktop\WMMR\build\src\MovieMakerCore\MovieMakerCore.vcxproj]
C:\Users\mcmco\Desktop\WMMR\src\MovieMakerCore\HMRAVSource\CachedWFSection.h(80,35): warning C4251:         ] [C:\Users\mcmco\Desktop\WMMR\build\src\MovieMakerCore\MovieMakerCore.vcxproj]
  (compiling source file '../../../src/MovieMakerCore/HMRAVSource/MFSourceReaderBuilder.cpp')
      C:\Program Files (x86)\Microsoft Visual Studio\2022\BuildTools\VC\Tools\MSVC\14.44.35207\atlmfc\include\atlcoll.h(530,7):
      see declaration of 'ATL::CAtlArray<HMRAVSource::CachedWFEntry,ATL::CElementTraits<E>>'
          with
          [
              E=HMRAVSource::CachedWFEntry
          ]
  
C:\Users\mcmco\Desktop\WMMR\src\MovieMakerCore\HMRAVSource\MFSourceReaderBuilder.h(115,33): warning C4251: 'HMRAVSource::MFSourceReaderBuilder::m_config': 'HMRAVSource::SourceReaderBuilderConfig' needs to have dll-interface to be used by clients of 'HMRAVSource::MFSourceReaderBuilder' [C:\Users\mcmco\Desktop\WMMR\build\src\MovieMakerCore\MovieMakerCore.vcxproj]
  (compiling source file '../../../src/MovieMakerCore/HMRAVSource/MFSourceReaderBuilder.cpp')
      C:\Users\mcmco\Desktop\WMMR\src\MovieMakerCore\HMRAVSource\MFSourceReaderBuilder.h(29,8):
      see declaration of 'HMRAVSource::SourceReaderBuilderConfig'
  
C:\Users\mcmco\Desktop\WMMR\src\MovieMakerCore\HMRAVSource\MFSourceReaderBuilder.cpp(87,11): error C2065: 'MFVideoFormat_WMVVC1': undeclared identifier [C:\Users\mcmco\Desktop\WMMR\build\src\MovieMakerCore\MovieMakerCore.vcxproj]
C:\Users\mcmco\Desktop\WMMR\src\MovieMakerCore\HMRAVSource\MFSourceReaderBuilder.cpp(93,28): error C2672: 'RtlpNumberOf': no matching overloaded function found [C:\Users\mcmco\Desktop\WMMR\build\src\MovieMakerCore\MovieMakerCore.vcxproj]
      C:\Program Files (x86)\Windows Kits\10\Include\10.0.26100.0\um\winnt.h(1366,8):
      could be 'char (*RtlpNumberOf(T (&)[N]))[N]'
          C:\Users\mcmco\Desktop\WMMR\src\MovieMakerCore\HMRAVSource\MFSourceReaderBuilder.cpp(93,28):
          Failed to specialize function template 'char (*RtlpNumberOf(T (&)[N]))[N]'
              C:\Users\mcmco\Desktop\WMMR\src\MovieMakerCore\HMRAVSource\MFSourceReaderBuilder.cpp(93,28):
              With the following template arguments:
                  C:\Users\mcmco\Desktop\WMMR\src\MovieMakerCore\HMRAVSource\MFSourceReaderBuilder.cpp(93,28):
                  'T=HMRAVSource::MFSourceReaderBuilder::EnumerateVideoCodecs::<unnamed-type-videoCodecs>'
                  C:\Users\mcmco\Desktop\WMMR\src\MovieMakerCore\HMRAVSource\MFSourceReaderBuilder.cpp(93,28):
                  'N=0'
              C:\Users\mcmco\Desktop\WMMR\src\MovieMakerCore\HMRAVSource\MFSourceReaderBuilder.cpp(93,28):
              cannot allocate an array of constant size 0
  
C:\Users\mcmco\Desktop\WMMR\src\MovieMakerCore\HMRAVSource\MFSourceReaderBuilder.cpp(135,42): error C2065: 'MFVideoFormat_WMVVC1': undeclared identifier [C:\Users\mcmco\Desktop\WMMR\build\src\MovieMakerCore\MovieMakerCore.vcxproj]
C:\Users\mcmco\Desktop\WMMR\src\MovieMakerCore\HMRAVSource\MFSourceReaderBuilder.cpp(143,18): error C2664: 'HRESULT MFTEnum(GUID,UINT32,MFT_REGISTER_TYPE_INFO *,MFT_REGISTER_TYPE_INFO *,IMFAttributes *,CLSID **,UINT32 *)': cannot convert argument 6 from 'IMFActivate ***' to 'CLSID **' [C:\Users\mcmco\Desktop\WMMR\build\src\MovieMakerCore\MovieMakerCore.vcxproj]
      C:\Users\mcmco\Desktop\WMMR\src\MovieMakerCore\HMRAVSource\MFSourceReaderBuilder.cpp(149,9):
      Types pointed to are unrelated; conversion requires reinterpret_cast, C-style cast or parenthesized function-style cast
      C:\Program Files (x86)\Windows Kits\10\Include\10.0.26100.0\um\mfapi.h(1992,1):
      see declaration of 'MFTEnum'
      C:\Users\mcmco\Desktop\WMMR\src\MovieMakerCore\HMRAVSource\MFSourceReaderBuilder.cpp(143,18):
      while trying to match the argument list '(const GUID, int, MFT_REGISTER_TYPE_INFO *, nullptr, nullptr, IMFActivate ***, UINT32 *)'
  
C:\Users\mcmco\Desktop\WMMR\src\MovieMakerCore\HMRAVSource\MFSourceReaderBuilder.cpp(172,24): error C2065: 'MFVideoFormat_WMVVC1': undeclared identifier [C:\Users\mcmco\Desktop\WMMR\build\src\MovieMakerCore\MovieMakerCore.vcxproj]
C:\Users\mcmco\Desktop\WMMR\src\MovieMakerCore\HMRAVSource\MFSourceReaderBuilder.cpp(305,23): error C2065: 'MF_MT_BLOCK_ALIGNMENT': undeclared identifier [C:\Users\mcmco\Desktop\WMMR\build\src\MovieMakerCore\MovieMakerCore.vcxproj]
C:\Users\mcmco\Desktop\WMMR\src\MovieMakerCore\HMRAVSource\MFSourceReaderBuilder.cpp(335,29): error C2065: 'MFVideoFormat_WMVVC1': undeclared identifier [C:\Users\mcmco\Desktop\WMMR\build\src\MovieMakerCore\MovieMakerCore.vcxproj]
  AudioResampler.cpp
C:\Users\mcmco\Desktop\WMMR\src\MovieMakerCore\pch.h(21,9): warning C4005: 'WINVER': macro redefinition [C:\Users\mcmco\Desktop\WMMR\build\src\MovieMakerCore\MovieMakerCore.vcxproj]
  (compiling source file '../../../src/MovieMakerCore/HMRAVSource/Audio/AudioResampler.cpp')
      C:\Users\mcmco\Desktop\WMMR\src\MovieMakerCore\pch.h(21,9):
      'WINVER' previously declared on the command line
  
C:\Users\mcmco\Desktop\WMMR\src\MovieMakerCore\pch.h(22,9): warning C4005: '_WIN32_WINNT': macro redefinition [C:\Users\mcmco\Desktop\WMMR\build\src\MovieMakerCore\MovieMakerCore.vcxproj]
  (compiling source file '../../../src/MovieMakerCore/HMRAVSource/Audio/AudioResampler.cpp')
      C:\Users\mcmco\Desktop\WMMR\src\MovieMakerCore\pch.h(22,9):
      '_WIN32_WINNT' previously declared on the command line
  
C:\Users\mcmco\Desktop\WMMR\src\MovieMakerCore\pch.h(30,9): warning C4005: 'WIN32_LEAN_AND_MEAN': macro redefinition [C:\Users\mcmco\Desktop\WMMR\build\src\MovieMakerCore\MovieMakerCore.vcxproj]
  (compiling source file '../../../src/MovieMakerCore/HMRAVSource/Audio/AudioResampler.cpp')
      C:\Users\mcmco\Desktop\WMMR\src\MovieMakerCore\pch.h(30,9):
      'WIN32_LEAN_AND_MEAN' previously declared on the command line
  
C:\Users\mcmco\Desktop\WMMR\src\MovieMakerCore\pch.h(31,9): warning C4005: 'NOMINMAX': macro redefinition [C:\Users\mcmco\Desktop\WMMR\build\src\MovieMakerCore\MovieMakerCore.vcxproj]
  (compiling source file '../../../src/MovieMakerCore/HMRAVSource/Audio/AudioResampler.cpp')
      C:\Users\mcmco\Desktop\WMMR\src\MovieMakerCore\pch.h(31,9):
      'NOMINMAX' previously declared on the command line
  
C:\Users\mcmco\Desktop\WMMR\src\MovieMakerCore\pch.h(32,9): warning C4005: '_CRT_SECURE_NO_WARNINGS': macro redefinition [C:\Users\mcmco\Desktop\WMMR\build\src\MovieMakerCore\MovieMakerCore.vcxproj]
  (compiling source file '../../../src/MovieMakerCore/HMRAVSource/Audio/AudioResampler.cpp')
      C:\Users\mcmco\Desktop\WMMR\src\MovieMakerCore\pch.h(32,9):
      '_CRT_SECURE_NO_WARNINGS' previously declared on the command line
  
C:\Users\mcmco\Desktop\WMMR\src\MovieMakerCore\pch.h(33,9): warning C4005: '_WINDLL': macro redefinition [C:\Users\mcmco\Desktop\WMMR\build\src\MovieMakerCore\MovieMakerCore.vcxproj]
  (compiling source file '../../../src/MovieMakerCore/HMRAVSource/Audio/AudioResampler.cpp')
      C:\Users\mcmco\Desktop\WMMR\src\MovieMakerCore\pch.h(33,9):
      '_WINDLL' previously declared on the command line
  
C:\Users\mcmco\Desktop\WMMR\src\MovieMakerCore\pch.h(34,9): warning C4005: '_AFXDLL': macro redefinition [C:\Users\mcmco\Desktop\WMMR\build\src\MovieMakerCore\MovieMakerCore.vcxproj]
  (compiling source file '../../../src/MovieMakerCore/HMRAVSource/Audio/AudioResampler.cpp')
      C:\Users\mcmco\Desktop\WMMR\src\MovieMakerCore\pch.h(34,9):
      '_AFXDLL' previously declared on the command line
  
C:\Users\mcmco\Desktop\WMMR\src\MovieMakerCore\pch.h(35,9): warning C4005: '_ATL_CSTRING_EXPLICIT_CONSTRUCTORS': macro redefinition [C:\Users\mcmco\Desktop\WMMR\build\src\MovieMakerCore\MovieMakerCore.vcxproj]
  (compiling source file '../../../src/MovieMakerCore/HMRAVSource/Audio/AudioResampler.cpp')
      C:\Users\mcmco\Desktop\WMMR\src\MovieMakerCore\pch.h(35,9):
      '_ATL_CSTRING_EXPLICIT_CONSTRUCTORS' previously declared on the command line
  
C:\Users\mcmco\Desktop\WMMR\src\MovieMakerCore\pch.h(36,9): warning C4005: '_ATL_ALL_WARNINGS': macro redefinition [C:\Users\mcmco\Desktop\WMMR\build\src\MovieMakerCore\MovieMakerCore.vcxproj]
  (compiling source file '../../../src/MovieMakerCore/HMRAVSource/Audio/AudioResampler.cpp')
      C:\Users\mcmco\Desktop\WMMR\src\MovieMakerCore\pch.h(36,9):
      '_ATL_ALL_WARNINGS' previously declared on the command line
  
C:\Users\mcmco\Desktop\WMMR\src\WTL\atlprint.h(809,25): warning C4100: 'dc': unreferenced parameter [C:\Users\mcmco\Desktop\WMMR\build\src\MovieMakerCore\MovieMakerCore.vcxproj]
  (compiling source file '../../../src/MovieMakerCore/HMRAVSource/AuthProvider.cpp')
  
C:\Users\mcmco\Desktop\WMMR\src\WTL\atlprint.h(809,25): warning C4100: 'dc': unreferenced parameter [C:\Users\mcmco\Desktop\WMMR\build\src\MovieMakerCore\MovieMakerCore.vcxproj]
  (compiling source file '../../../src/MovieMakerCore/HMRAVSource/MFByteStreamOnStream.cpp')
  
C:\Users\mcmco\Desktop\WMMR\src\WTL\atlprint.h(809,25): warning C4100: 'dc': unreferenced parameter [C:\Users\mcmco\Desktop\WMMR\build\src\MovieMakerCore\MovieMakerCore.vcxproj]
  (compiling source file '../../../src/MovieMakerCore/HMRAVSource/VideoProc.cpp')
  
C:\Users\mcmco\Desktop\WMMR\src\WTL\atlprint.h(809,25): warning C4100: 'dc': unreferenced parameter [C:\Users\mcmco\Desktop\WMMR\build\src\MovieMakerCore\MovieMakerCore.vcxproj]
  (compiling source file '../../../src/MovieMakerCore/HMRAVSource/ImageThumbnail.cpp')
  
C:\Users\mcmco\Desktop\WMMR\src\WTL\atlprint.h(809,25): warning C4100: 'dc': unreferenced parameter [C:\Users\mcmco\Desktop\WMMR\build\src\MovieMakerCore\MovieMakerCore.vcxproj]
  (compiling source file '../../../src/MovieMakerCore/HMRAVSource/TranscodeMetadata.cpp')
  
C:\Users\mcmco\Desktop\WMMR\src\WTL\atlprint.h(809,25): warning C4100: 'dc': unreferenced parameter [C:\Users\mcmco\Desktop\WMMR\build\src\MovieMakerCore\MovieMakerCore.vcxproj]
  (compiling source file '../../../src/MovieMakerCore/HMRAVSource/Audio/AudioOutput.cpp')
  
C:\Users\mcmco\Desktop\WMMR\src\WTL\atlprint.h(809,25): warning C4100: 'dc': unreferenced parameter [C:\Users\mcmco\Desktop\WMMR\build\src\MovieMakerCore\MovieMakerCore.vcxproj]
  (compiling source file '../../../src/MovieMakerCore/HMRAVSource/Audio/AudioQueue.cpp')
  
C:\Users\mcmco\Desktop\WMMR\src\WTL\atlprint.h(809,25): warning C4100: 'dc': unreferenced parameter [C:\Users\mcmco\Desktop\WMMR\build\src\MovieMakerCore\MovieMakerCore.vcxproj]
  (compiling source file '../../../src/MovieMakerCore/HMRAVSource/Audio/AudioResampler.cpp')
  
C:\Users\mcmco\Desktop\WMMR\src\WLXPhotoBase\BaseTypes.h(536,18): warning C4251: 'Base::File::m_strPath': 'ATL::CStringT<wchar_t,ATL::StrTraitATL<wchar_t,ATL::ChTraitsCRT<wchar_t>>>' needs to have dll-interface to be used by clients of 'Base::File' [C:\Users\mcmco\Desktop\WMMR\build\src\MovieMakerCore\MovieMakerCore.vcxproj]
  (compiling source file '../../../src/MovieMakerCore/HMRAVSource/MFByteStreamOnStream.cpp')
      C:\Program Files (x86)\Microsoft Visual Studio\2022\BuildTools\VC\Tools\MSVC\14.44.35207\atlmfc\include\cstringt.h(999,7):
      see declaration of 'ATL::CStringT<wchar_t,ATL::StrTraitATL<wchar_t,ATL::ChTraitsCRT<wchar_t>>>'
  
C:\Users\mcmco\Desktop\WMMR\src\WLXPhotoBase\BaseTypes.h(568,18): warning C4251: 'Base::TempFile::m_strPath': 'ATL::CStringT<wchar_t,ATL::StrTraitATL<wchar_t,ATL::ChTraitsCRT<wchar_t>>>' needs to have dll-interface to be used by clients of 'Base::TempFile' [C:\Users\mcmco\Desktop\WMMR\build\src\MovieMakerCore\MovieMakerCore.vcxproj]
  (compiling source file '../../../src/MovieMakerCore/HMRAVSource/MFByteStreamOnStream.cpp')
      C:\Program Files (x86)\Microsoft Visual Studio\2022\BuildTools\VC\Tools\MSVC\14.44.35207\atlmfc\include\cstringt.h(999,7):
      see declaration of 'ATL::CStringT<wchar_t,ATL::StrTraitATL<wchar_t,ATL::ChTraitsCRT<wchar_t>>>'
  
C:\Users\mcmco\Desktop\WMMR\src\WLXPhotoBase\BaseTypes.h(661,21): warning C4251: 'Base::FindFile::m_strDirectory': 'ATL::CStringT<wchar_t,ATL::StrTraitATL<wchar_t,ATL::ChTraitsCRT<wchar_t>>>' needs to have dll-interface to be used by clients of 'Base::FindFile' [C:\Users\mcmco\Desktop\WMMR\build\src\MovieMakerCore\MovieMakerCore.vcxproj]
  (compiling source file '../../../src/MovieMakerCore/HMRAVSource/MFByteStreamOnStream.cpp')
      C:\Program Files (x86)\Microsoft Visual Studio\2022\BuildTools\VC\Tools\MSVC\14.44.35207\atlmfc\include\cstringt.h(999,7):
      see declaration of 'ATL::CStringT<wchar_t,ATL::StrTraitATL<wchar_t,ATL::ChTraitsCRT<wchar_t>>>'
  
C:\Users\mcmco\Desktop\WMMR\src\WLXPhotoBase\BaseTypes.h(724,25): warning C4251: 'Base::IntSet::m_values': 'ATL::CAtlArray<int,ATL::CElementTraits<int>>' needs to have dll-interface to be used by clients of 'Base::IntSet' [C:\Users\mcmco\Desktop\WMMR\build\src\MovieMakerCore\MovieMakerCore.vcxproj]
  (compiling source file '../../../src/MovieMakerCore/HMRAVSource/MFByteStreamOnStream.cpp')
      C:\Program Files (x86)\Microsoft Visual Studio\2022\BuildTools\VC\Tools\MSVC\14.44.35207\atlmfc\include\atlcoll.h(530,7):
      see declaration of 'ATL::CAtlArray<int,ATL::CElementTraits<int>>'
  
C:\Users\mcmco\Desktop\WMMR\src\WLXPhotoBase\BaseTypes.h(536,18): warning C4251: 'Base::File::m_strPath': 'ATL::CStringT<wchar_t,ATL::StrTraitATL<wchar_t,ATL::ChTraitsCRT<wchar_t>>>' needs to have dll-interface to be used by clients of 'Base::File' [C:\Users\mcmco\Desktop\WMMR\build\src\MovieMakerCore\MovieMakerCore.vcxproj]
  (compiling source file '../../../src/MovieMakerCore/HMRAVSource/AuthProvider.cpp')
      C:\Program Files (x86)\Microsoft Visual Studio\2022\BuildTools\VC\Tools\MSVC\14.44.35207\atlmfc\include\cstringt.h(999,7):
      see declaration of 'ATL::CStringT<wchar_t,ATL::StrTraitATL<wchar_t,ATL::ChTraitsCRT<wchar_t>>>'
  
C:\Users\mcmco\Desktop\WMMR\src\WLXPhotoBase\BaseTypes.h(568,18): warning C4251: 'Base::TempFile::m_strPath': 'ATL::CStringT<wchar_t,ATL::StrTraitATL<wchar_t,ATL::ChTraitsCRT<wchar_t>>>' needs to have dll-interface to be used by clients of 'Base::TempFile' [C:\Users\mcmco\Desktop\WMMR\build\src\MovieMakerCore\MovieMakerCore.vcxproj]
  (compiling source file '../../../src/MovieMakerCore/HMRAVSource/AuthProvider.cpp')
      C:\Program Files (x86)\Microsoft Visual Studio\2022\BuildTools\VC\Tools\MSVC\14.44.35207\atlmfc\include\cstringt.h(999,7):
      see declaration of 'ATL::CStringT<wchar_t,ATL::StrTraitATL<wchar_t,ATL::ChTraitsCRT<wchar_t>>>'
  
C:\Users\mcmco\Desktop\WMMR\src\WLXPhotoBase\BaseTypes.h(661,21): warning C4251: 'Base::FindFile::m_strDirectory': 'ATL::CStringT<wchar_t,ATL::StrTraitATL<wchar_t,ATL::ChTraitsCRT<wchar_t>>>' needs to have dll-interface to be used by clients of 'Base::FindFile' [C:\Users\mcmco\Desktop\WMMR\build\src\MovieMakerCore\MovieMakerCore.vcxproj]
  (compiling source file '../../../src/MovieMakerCore/HMRAVSource/AuthProvider.cpp')
      C:\Program Files (x86)\Microsoft Visual Studio\2022\BuildTools\VC\Tools\MSVC\14.44.35207\atlmfc\include\cstringt.h(999,7):
      see declaration of 'ATL::CStringT<wchar_t,ATL::StrTraitATL<wchar_t,ATL::ChTraitsCRT<wchar_t>>>'
  
C:\Users\mcmco\Desktop\WMMR\src\WLXPhotoBase\BaseTypes.h(724,25): warning C4251: 'Base::IntSet::m_values': 'ATL::CAtlArray<int,ATL::CElementTraits<int>>' needs to have dll-interface to be used by clients of 'Base::IntSet' [C:\Users\mcmco\Desktop\WMMR\build\src\MovieMakerCore\MovieMakerCore.vcxproj]
  (compiling source file '../../../src/MovieMakerCore/HMRAVSource/AuthProvider.cpp')
      C:\Program Files (x86)\Microsoft Visual Studio\2022\BuildTools\VC\Tools\MSVC\14.44.35207\atlmfc\include\atlcoll.h(530,7):
      see declaration of 'ATL::CAtlArray<int,ATL::CElementTraits<int>>'
  
C:\Users\mcmco\Desktop\WMMR\src\MovieMakerCore\HMRAVSource\StreamSink.h(101,33): warning C4251: 'HMRAVSource::StreamSink::m_spSinkWriter': 'ATL::CComPtr<IMFSinkWriter>' needs to have dll-interface to be used by clients of 'HMRAVSource::StreamSink' [C:\Users\mcmco\Desktop\WMMR\build\src\MovieMakerCore\MovieMakerCore.vcxproj]
  (compiling source file '../../../src/MovieMakerCore/HMRAVSource/MFByteStreamOnStream.cpp')
      C:\Program Files (x86)\Microsoft Visual Studio\2022\BuildTools\VC\Tools\MSVC\14.44.35207\atlmfc\include\atlcomcli.h(341,7):
      see declaration of 'ATL::CComPtr<IMFSinkWriter>'
  
C:\Users\mcmco\Desktop\WMMR\src\MovieMakerCore\HMRAVSource\StreamSink.h(108,33): warning C4251: 'HMRAVSource::StreamSink::m_progressCb': 'std::function<void (const HMRAVSource::StreamSinkStats &)>' needs to have dll-interface to be used by clients of 'HMRAVSource::StreamSink' [C:\Users\mcmco\Desktop\WMMR\build\src\MovieMakerCore\MovieMakerCore.vcxproj]
  (compiling source file '../../../src/MovieMakerCore/HMRAVSource/MFByteStreamOnStream.cpp')
      C:\Program Files (x86)\Microsoft Visual Studio\2022\BuildTools\VC\Tools\MSVC\14.44.35207\include\functional(1089,7):
      see declaration of 'std::function<void (const HMRAVSource::StreamSinkStats &)>'
  
C:\Users\mcmco\Desktop\WMMR\src\WLXPhotoBase\BaseTypes.h(536,18): warning C4251: 'Base::File::m_strPath': 'ATL::CStringT<wchar_t,ATL::StrTraitATL<wchar_t,ATL::ChTraitsCRT<wchar_t>>>' needs to have dll-interface to be used by clients of 'Base::File' [C:\Users\mcmco\Desktop\WMMR\build\src\MovieMakerCore\MovieMakerCore.vcxproj]
  (compiling source file '../../../src/MovieMakerCore/HMRAVSource/VideoProc.cpp')
      C:\Program Files (x86)\Microsoft Visual Studio\2022\BuildTools\VC\Tools\MSVC\14.44.35207\atlmfc\include\cstringt.h(999,7):
      see declaration of 'ATL::CStringT<wchar_t,ATL::StrTraitATL<wchar_t,ATL::ChTraitsCRT<wchar_t>>>'
  
C:\Users\mcmco\Desktop\WMMR\src\MovieMakerCore\HMRAVSource\StreamSink.h(101,33): warning C4251: 'HMRAVSource::StreamSink::m_spSinkWriter': 'ATL::CComPtr<IMFSinkWriter>' needs to have dll-interface to be used by clients of 'HMRAVSource::StreamSink' [C:\Users\mcmco\Desktop\WMMR\build\src\MovieMakerCore\MovieMakerCore.vcxproj]
  (compiling source file '../../../src/MovieMakerCore/HMRAVSource/AuthProvider.cpp')
      C:\Program Files (x86)\Microsoft Visual Studio\2022\BuildTools\VC\Tools\MSVC\14.44.35207\atlmfc\include\atlcomcli.h(341,7):
      see declaration of 'ATL::CComPtr<IMFSinkWriter>'
  
C:\Users\mcmco\Desktop\WMMR\src\WLXPhotoBase\BaseTypes.h(568,18): warning C4251: 'Base::TempFile::m_strPath': 'ATL::CStringT<wchar_t,ATL::StrTraitATL<wchar_t,ATL::ChTraitsCRT<wchar_t>>>' needs to have dll-interface to be used by clients of 'Base::TempFile' [C:\Users\mcmco\Desktop\WMMR\build\src\MovieMakerCore\MovieMakerCore.vcxproj]
  (compiling source file '../../../src/MovieMakerCore/HMRAVSource/VideoProc.cpp')
      C:\Program Files (x86)\Microsoft Visual Studio\2022\BuildTools\VC\Tools\MSVC\14.44.35207\atlmfc\include\cstringt.h(999,7):
      see declaration of 'ATL::CStringT<wchar_t,ATL::StrTraitATL<wchar_t,ATL::ChTraitsCRT<wchar_t>>>'
  
C:\Users\mcmco\Desktop\WMMR\src\WLXPhotoBase\BaseTypes.h(661,21): warning C4251: 'Base::FindFile::m_strDirectory': 'ATL::CStringT<wchar_t,ATL::StrTraitATL<wchar_t,ATL::ChTraitsCRT<wchar_t>>>' needs to have dll-interface to be used by clients of 'Base::FindFile' [C:\Users\mcmco\Desktop\WMMR\build\src\MovieMakerCore\MovieMakerCore.vcxproj]
  (compiling source file '../../../src/MovieMakerCore/HMRAVSource/VideoProc.cpp')
      C:\Program Files (x86)\Microsoft Visual Studio\2022\BuildTools\VC\Tools\MSVC\14.44.35207\atlmfc\include\cstringt.h(999,7):
      see declaration of 'ATL::CStringT<wchar_t,ATL::StrTraitATL<wchar_t,ATL::ChTraitsCRT<wchar_t>>>'
  
C:\Users\mcmco\Desktop\WMMR\src\WLXPhotoBase\BaseTypes.h(724,25): warning C4251: 'Base::IntSet::m_values': 'ATL::CAtlArray<int,ATL::CElementTraits<int>>' needs to have dll-interface to be used by clients of 'Base::IntSet' [C:\Users\mcmco\Desktop\WMMR\build\src\MovieMakerCore\MovieMakerCore.vcxproj]
  (compiling source file '../../../src/MovieMakerCore/HMRAVSource/VideoProc.cpp')
      C:\Program Files (x86)\Microsoft Visual Studio\2022\BuildTools\VC\Tools\MSVC\14.44.35207\atlmfc\include\atlcoll.h(530,7):
      see declaration of 'ATL::CAtlArray<int,ATL::CElementTraits<int>>'
  
C:\Users\mcmco\Desktop\WMMR\src\MovieMakerCore\HMRAVSource\TranscodeManager.h(123,29): warning C4251: 'HMRAVSource::TranscodeManager::m_progressCb': 'std::function<void (const HMRAVSource::TranscodeProgress &)>' needs to have dll-interface to be used by clients of 'HMRAVSource::TranscodeManager' [C:\Users\mcmco\Desktop\WMMR\build\src\MovieMakerCore\MovieMakerCore.vcxproj]
  (compiling source file '../../../src/MovieMakerCore/HMRAVSource/MFByteStreamOnStream.cpp')
      C:\Program Files (x86)\Microsoft Visual Studio\2022\BuildTools\VC\Tools\MSVC\14.44.35207\include\functional(1089,7):
      see declaration of 'std::function<void (const HMRAVSource::TranscodeProgress &)>'
  
C:\Users\mcmco\Desktop\WMMR\src\MovieMakerCore\HMRAVSource\StreamSink.h(108,33): warning C4251: 'HMRAVSource::StreamSink::m_progressCb': 'std::function<void (const HMRAVSource::StreamSinkStats &)>' needs to have dll-interface to be used by clients of 'HMRAVSource::StreamSink' [C:\Users\mcmco\Desktop\WMMR\build\src\MovieMakerCore\MovieMakerCore.vcxproj]
  (compiling source file '../../../src/MovieMakerCore/HMRAVSource/AuthProvider.cpp')
      C:\Program Files (x86)\Microsoft Visual Studio\2022\BuildTools\VC\Tools\MSVC\14.44.35207\include\functional(1089,7):
      see declaration of 'std::function<void (const HMRAVSource::StreamSinkStats &)>'
  
C:\Users\mcmco\Desktop\WMMR\src\MovieMakerCore\HMRAVSource\TranscodeManager.h(124,29): warning C4251: 'HMRAVSource::TranscodeManager::m_errorCb': 'std::function<void (HRESULT,LPCWSTR)>' needs to have dll-interface to be used by clients of 'HMRAVSource::TranscodeManager' [C:\Users\mcmco\Desktop\WMMR\build\src\MovieMakerCore\MovieMakerCore.vcxproj]
  (compiling source file '../../../src/MovieMakerCore/HMRAVSource/MFByteStreamOnStream.cpp')
      C:\Program Files (x86)\Microsoft Visual Studio\2022\BuildTools\VC\Tools\MSVC\14.44.35207\include\functional(1089,7):
      see declaration of 'std::function<void (HRESULT,LPCWSTR)>'
  
C:\Users\mcmco\Desktop\WMMR\src\MovieMakerCore\HMRAVSource\TranscodeManager.h(125,29): warning C4251: 'HMRAVSource::TranscodeManager::m_completeCb': 'std::function<void (HRESULT,LPCWSTR)>' needs to have dll-interface to be used by clients of 'HMRAVSource::TranscodeManager' [C:\Users\mcmco\Desktop\WMMR\build\src\MovieMakerCore\MovieMakerCore.vcxproj]
  (compiling source file '../../../src/MovieMakerCore/HMRAVSource/MFByteStreamOnStream.cpp')
      C:\Program Files (x86)\Microsoft Visual Studio\2022\BuildTools\VC\Tools\MSVC\14.44.35207\include\functional(1089,7):
      see declaration of 'std::function<void (HRESULT,LPCWSTR)>'
  
C:\Users\mcmco\Desktop\WMMR\src\MovieMakerCore\HMRAVSource\TranscodeManager.h(127,29): warning C4251: 'HMRAVSource::TranscodeManager::m_spVideoTransform': 'ATL::CComPtr<IMFTransform>' needs to have dll-interface to be used by clients of 'HMRAVSource::TranscodeManager' [C:\Users\mcmco\Desktop\WMMR\build\src\MovieMakerCore\MovieMakerCore.vcxproj]
  (compiling source file '../../../src/MovieMakerCore/HMRAVSource/MFByteStreamOnStream.cpp')
      C:\Program Files (x86)\Microsoft Visual Studio\2022\BuildTools\VC\Tools\MSVC\14.44.35207\atlmfc\include\atlcomcli.h(341,7):
      see declaration of 'ATL::CComPtr<IMFTransform>'
  
C:\Users\mcmco\Desktop\WMMR\src\MovieMakerCore\HMRAVSource\TranscodeManager.h(128,29): warning C4251: 'HMRAVSource::TranscodeManager::m_spAudioTransform': 'ATL::CComPtr<IMFTransform>' needs to have dll-interface to be used by clients of 'HMRAVSource::TranscodeManager' [C:\Users\mcmco\Desktop\WMMR\build\src\MovieMakerCore\MovieMakerCore.vcxproj]
  (compiling source file '../../../src/MovieMakerCore/HMRAVSource/MFByteStreamOnStream.cpp')
      C:\Program Files (x86)\Microsoft Visual Studio\2022\BuildTools\VC\Tools\MSVC\14.44.35207\atlmfc\include\atlcomcli.h(341,7):
      see declaration of 'ATL::CComPtr<IMFTransform>'
  
C:\Users\mcmco\Desktop\WMMR\src\MovieMakerCore\HMRAVSource\TranscodeManager.h(123,29): warning C4251: 'HMRAVSource::TranscodeManager::m_progressCb': 'std::function<void (const HMRAVSource::TranscodeProgress &)>' needs to have dll-interface to be used by clients of 'HMRAVSource::TranscodeManager' [C:\Users\mcmco\Desktop\WMMR\build\src\MovieMakerCore\MovieMakerCore.vcxproj]
  (compiling source file '../../../src/MovieMakerCore/HMRAVSource/AuthProvider.cpp')
      C:\Program Files (x86)\Microsoft Visual Studio\2022\BuildTools\VC\Tools\MSVC\14.44.35207\include\functional(1089,7):
      see declaration of 'std::function<void (const HMRAVSource::TranscodeProgress &)>'
  
C:\Users\mcmco\Desktop\WMMR\src\MovieMakerCore\HMRAVSource\TranscodeManager.h(124,29): warning C4251: 'HMRAVSource::TranscodeManager::m_errorCb': 'std::function<void (HRESULT,LPCWSTR)>' needs to have dll-interface to be used by clients of 'HMRAVSource::TranscodeManager' [C:\Users\mcmco\Desktop\WMMR\build\src\MovieMakerCore\MovieMakerCore.vcxproj]
  (compiling source file '../../../src/MovieMakerCore/HMRAVSource/AuthProvider.cpp')
      C:\Program Files (x86)\Microsoft Visual Studio\2022\BuildTools\VC\Tools\MSVC\14.44.35207\include\functional(1089,7):
      see declaration of 'std::function<void (HRESULT,LPCWSTR)>'
  
C:\Users\mcmco\Desktop\WMMR\src\MovieMakerCore\HMRAVSource\TranscodeManager.h(125,29): warning C4251: 'HMRAVSource::TranscodeManager::m_completeCb': 'std::function<void (HRESULT,LPCWSTR)>' needs to have dll-interface to be used by clients of 'HMRAVSource::TranscodeManager' [C:\Users\mcmco\Desktop\WMMR\build\src\MovieMakerCore\MovieMakerCore.vcxproj]
  (compiling source file '../../../src/MovieMakerCore/HMRAVSource/AuthProvider.cpp')
      C:\Program Files (x86)\Microsoft Visual Studio\2022\BuildTools\VC\Tools\MSVC\14.44.35207\include\functional(1089,7):
      see declaration of 'std::function<void (HRESULT,LPCWSTR)>'
  
C:\Users\mcmco\Desktop\WMMR\src\MovieMakerCore\HMRAVSource\TranscodeManager.h(127,29): warning C4251: 'HMRAVSource::TranscodeManager::m_spVideoTransform': 'ATL::CComPtr<IMFTransform>' needs to have dll-interface to be used by clients of 'HMRAVSource::TranscodeManager' [C:\Users\mcmco\Desktop\WMMR\build\src\MovieMakerCore\MovieMakerCore.vcxproj]
  (compiling source file '../../../src/MovieMakerCore/HMRAVSource/AuthProvider.cpp')
      C:\Program Files (x86)\Microsoft Visual Studio\2022\BuildTools\VC\Tools\MSVC\14.44.35207\atlmfc\include\atlcomcli.h(341,7):
      see declaration of 'ATL::CComPtr<IMFTransform>'
  
C:\Users\mcmco\Desktop\WMMR\src\MovieMakerCore\HMRAVSource\TranscodeManager.h(128,29): warning C4251: 'HMRAVSource::TranscodeManager::m_spAudioTransform': 'ATL::CComPtr<IMFTransform>' needs to have dll-interface to be used by clients of 'HMRAVSource::TranscodeManager' [C:\Users\mcmco\Desktop\WMMR\build\src\MovieMakerCore\MovieMakerCore.vcxproj]
  (compiling source file '../../../src/MovieMakerCore/HMRAVSource/AuthProvider.cpp')
      C:\Program Files (x86)\Microsoft Visual Studio\2022\BuildTools\VC\Tools\MSVC\14.44.35207\atlmfc\include\atlcomcli.h(341,7):
      see declaration of 'ATL::CComPtr<IMFTransform>'
  
C:\Users\mcmco\Desktop\WMMR\src\MovieMakerCore\HMRAVSource\VideoCapture.h(105,37): warning C4251: 'HMRAVSource::VideoCapture::m_spMediaSource': 'ATL::CComPtr<IMFMediaSource>' needs to have dll-interface to be used by clients of 'HMRAVSource::VideoCapture' [C:\Users\mcmco\Desktop\WMMR\build\src\MovieMakerCore\MovieMakerCore.vcxproj]
  (compiling source file '../../../src/MovieMakerCore/HMRAVSource/MFByteStreamOnStream.cpp')
      C:\Program Files (x86)\Microsoft Visual Studio\2022\BuildTools\VC\Tools\MSVC\14.44.35207\atlmfc\include\atlcomcli.h(341,7):
      see declaration of 'ATL::CComPtr<IMFMediaSource>'
  
C:\Users\mcmco\Desktop\WMMR\src\MovieMakerCore\HMRAVSource\VideoCapture.h(106,37): warning C4251: 'HMRAVSource::VideoCapture::m_spCaptureEngine': 'ATL::CComPtr<IMFCaptureEngine>' needs to have dll-interface to be used by clients of 'HMRAVSource::VideoCapture' [C:\Users\mcmco\Desktop\WMMR\build\src\MovieMakerCore\MovieMakerCore.vcxproj]
  (compiling source file '../../../src/MovieMakerCore/HMRAVSource/MFByteStreamOnStream.cpp')
      C:\Program Files (x86)\Microsoft Visual Studio\2022\BuildTools\VC\Tools\MSVC\14.44.35207\atlmfc\include\atlcomcli.h(341,7):
      see declaration of 'ATL::CComPtr<IMFCaptureEngine>'
  
C:\Users\mcmco\Desktop\WMMR\src\MovieMakerCore\HMRAVSource\VideoCapture.h(107,37): warning C4251: 'HMRAVSource::VideoCapture::m_spPreviewSink': 'ATL::CComPtr<IMFCapturePreviewSink>' needs to have dll-interface to be used by clients of 'HMRAVSource::VideoCapture' [C:\Users\mcmco\Desktop\WMMR\build\src\MovieMakerCore\MovieMakerCore.vcxproj]
  (compiling source file '../../../src/MovieMakerCore/HMRAVSource/MFByteStreamOnStream.cpp')
      C:\Program Files (x86)\Microsoft Visual Studio\2022\BuildTools\VC\Tools\MSVC\14.44.35207\atlmfc\include\atlcomcli.h(341,7):
      see declaration of 'ATL::CComPtr<IMFCapturePreviewSink>'
  
C:\Users\mcmco\Desktop\WMMR\src\MovieMakerCore\HMRAVSource\VideoCapture.h(108,37): warning C4251: 'HMRAVSource::VideoCapture::m_spRecordSink': 'ATL::CComPtr<IMFCaptureRecordSink>' needs to have dll-interface to be used by clients of 'HMRAVSource::VideoCapture' [C:\Users\mcmco\Desktop\WMMR\build\src\MovieMakerCore\MovieMakerCore.vcxproj]
  (compiling source file '../../../src/MovieMakerCore/HMRAVSource/MFByteStreamOnStream.cpp')
      C:\Program Files (x86)\Microsoft Visual Studio\2022\BuildTools\VC\Tools\MSVC\14.44.35207\atlmfc\include\atlcomcli.h(341,7):
      see declaration of 'ATL::CComPtr<IMFCaptureRecordSink>'
  
C:\Users\mcmco\Desktop\WMMR\src\MovieMakerCore\HMRAVSource\VideoCapture.h(117,38): warning C4251: 'HMRAVSource::VideoCapture::m_frameCb': 'std::function<void (IMFSample *)>' needs to have dll-interface to be used by clients of 'HMRAVSource::VideoCapture' [C:\Users\mcmco\Desktop\WMMR\build\src\MovieMakerCore\MovieMakerCore.vcxproj]
  (compiling source file '../../../src/MovieMakerCore/HMRAVSource/MFByteStreamOnStream.cpp')
      C:\Program Files (x86)\Microsoft Visual Studio\2022\BuildTools\VC\Tools\MSVC\14.44.35207\include\functional(1089,7):
      see declaration of 'std::function<void (IMFSample *)>'
  
C:\Users\mcmco\Desktop\WMMR\src\MovieMakerCore\HMRAVSource\VideoCapture.h(105,37): warning C4251: 'HMRAVSource::VideoCapture::m_spMediaSource': 'ATL::CComPtr<IMFMediaSource>' needs to have dll-interface to be used by clients of 'HMRAVSource::VideoCapture' [C:\Users\mcmco\Desktop\WMMR\build\src\MovieMakerCore\MovieMakerCore.vcxproj]
  (compiling source file '../../../src/MovieMakerCore/HMRAVSource/AuthProvider.cpp')
      C:\Program Files (x86)\Microsoft Visual Studio\2022\BuildTools\VC\Tools\MSVC\14.44.35207\atlmfc\include\atlcomcli.h(341,7):
      see declaration of 'ATL::CComPtr<IMFMediaSource>'
  
C:\Users\mcmco\Desktop\WMMR\src\MovieMakerCore\HMRAVSource\AudioCapture.h(107,33): warning C4251: 'HMRAVSource::AudioCapture::m_spMediaSource': 'ATL::CComPtr<IMFMediaSource>' needs to have dll-interface to be used by clients of 'HMRAVSource::AudioCapture' [C:\Users\mcmco\Desktop\WMMR\build\src\MovieMakerCore\MovieMakerCore.vcxproj]
  (compiling source file '../../../src/MovieMakerCore/HMRAVSource/MFByteStreamOnStream.cpp')
      C:\Program Files (x86)\Microsoft Visual Studio\2022\BuildTools\VC\Tools\MSVC\14.44.35207\atlmfc\include\atlcomcli.h(341,7):
      see declaration of 'ATL::CComPtr<IMFMediaSource>'
  
C:\Users\mcmco\Desktop\WMMR\src\MovieMakerCore\HMRAVSource\VideoCapture.h(106,37): warning C4251: 'HMRAVSource::VideoCapture::m_spCaptureEngine': 'ATL::CComPtr<IMFCaptureEngine>' needs to have dll-interface to be used by clients of 'HMRAVSource::VideoCapture' [C:\Users\mcmco\Desktop\WMMR\build\src\MovieMakerCore\MovieMakerCore.vcxproj]
  (compiling source file '../../../src/MovieMakerCore/HMRAVSource/AuthProvider.cpp')
      C:\Program Files (x86)\Microsoft Visual Studio\2022\BuildTools\VC\Tools\MSVC\14.44.35207\atlmfc\include\atlcomcli.h(341,7):
      see declaration of 'ATL::CComPtr<IMFCaptureEngine>'
  
C:\Users\mcmco\Desktop\WMMR\src\MovieMakerCore\HMRAVSource\AudioCapture.h(108,33): warning C4251: 'HMRAVSource::AudioCapture::m_spReader': 'ATL::CComPtr<IMFSourceReader>' needs to have dll-interface to be used by clients of 'HMRAVSource::AudioCapture' [C:\Users\mcmco\Desktop\WMMR\build\src\MovieMakerCore\MovieMakerCore.vcxproj]
  (compiling source file '../../../src/MovieMakerCore/HMRAVSource/MFByteStreamOnStream.cpp')
      C:\Program Files (x86)\Microsoft Visual Studio\2022\BuildTools\VC\Tools\MSVC\14.44.35207\atlmfc\include\atlcomcli.h(341,7):
      see declaration of 'ATL::CComPtr<IMFSourceReader>'
  
C:\Users\mcmco\Desktop\WMMR\src\MovieMakerCore\HMRAVSource\AudioCapture.h(116,34): warning C4251: 'HMRAVSource::AudioCapture::m_sampleCb': 'std::function<void (IMFSample *)>' needs to have dll-interface to be used by clients of 'HMRAVSource::AudioCapture' [C:\Users\mcmco\Desktop\WMMR\build\src\MovieMakerCore\MovieMakerCore.vcxproj]
  (compiling source file '../../../src/MovieMakerCore/HMRAVSource/MFByteStreamOnStream.cpp')
      C:\Program Files (x86)\Microsoft Visual Studio\2022\BuildTools\VC\Tools\MSVC\14.44.35207\include\functional(1089,7):
      see declaration of 'std::function<void (IMFSample *)>'
  
C:\Users\mcmco\Desktop\WMMR\src\MovieMakerCore\HMRAVSource\VideoCapture.h(107,37): warning C4251: 'HMRAVSource::VideoCapture::m_spPreviewSink': 'ATL::CComPtr<IMFCapturePreviewSink>' needs to have dll-interface to be used by clients of 'HMRAVSource::VideoCapture' [C:\Users\mcmco\Desktop\WMMR\build\src\MovieMakerCore\MovieMakerCore.vcxproj]
  (compiling source file '../../../src/MovieMakerCore/HMRAVSource/AuthProvider.cpp')
      C:\Program Files (x86)\Microsoft Visual Studio\2022\BuildTools\VC\Tools\MSVC\14.44.35207\atlmfc\include\atlcomcli.h(341,7):
      see declaration of 'ATL::CComPtr<IMFCapturePreviewSink>'
  
C:\Users\mcmco\Desktop\WMMR\src\MovieMakerCore\HMRAVSource\VideoCapture.h(108,37): warning C4251: 'HMRAVSource::VideoCapture::m_spRecordSink': 'ATL::CComPtr<IMFCaptureRecordSink>' needs to have dll-interface to be used by clients of 'HMRAVSource::VideoCapture' [C:\Users\mcmco\Desktop\WMMR\build\src\MovieMakerCore\MovieMakerCore.vcxproj]
  (compiling source file '../../../src/MovieMakerCore/HMRAVSource/AuthProvider.cpp')
      C:\Program Files (x86)\Microsoft Visual Studio\2022\BuildTools\VC\Tools\MSVC\14.44.35207\atlmfc\include\atlcomcli.h(341,7):
      see declaration of 'ATL::CComPtr<IMFCaptureRecordSink>'
  
C:\Users\mcmco\Desktop\WMMR\src\MovieMakerCore\HMRAVSource\VideoCapture.h(117,38): warning C4251: 'HMRAVSource::VideoCapture::m_frameCb': 'std::function<void (IMFSample *)>' needs to have dll-interface to be used by clients of 'HMRAVSource::VideoCapture' [C:\Users\mcmco\Desktop\WMMR\build\src\MovieMakerCore\MovieMakerCore.vcxproj]
  (compiling source file '../../../src/MovieMakerCore/HMRAVSource/AuthProvider.cpp')
      C:\Program Files (x86)\Microsoft Visual Studio\2022\BuildTools\VC\Tools\MSVC\14.44.35207\include\functional(1089,7):
      see declaration of 'std::function<void (IMFSample *)>'
  
C:\Users\mcmco\Desktop\WMMR\src\MovieMakerCore\HMRAVSource\AVCaptureSession.h(117,25): warning C4251: 'HMRAVSource::AVCaptureSession::m_statsCb': 'std::function<void (const HMRAVSource::AVCaptureSessionStats &)>' needs to have dll-interface to be used by clients of 'HMRAVSource::AVCaptureSession' [C:\Users\mcmco\Desktop\WMMR\build\src\MovieMakerCore\MovieMakerCore.vcxproj]
  (compiling source file '../../../src/MovieMakerCore/HMRAVSource/MFByteStreamOnStream.cpp')
      C:\Program Files (x86)\Microsoft Visual Studio\2022\BuildTools\VC\Tools\MSVC\14.44.35207\include\functional(1089,7):
      see declaration of 'std::function<void (const HMRAVSource::AVCaptureSessionStats &)>'
  
C:\Users\mcmco\Desktop\WMMR\src\MovieMakerCore\HMRAVSource\AudioCapture.h(107,33): warning C4251: 'HMRAVSource::AudioCapture::m_spMediaSource': 'ATL::CComPtr<IMFMediaSource>' needs to have dll-interface to be used by clients of 'HMRAVSource::AudioCapture' [C:\Users\mcmco\Desktop\WMMR\build\src\MovieMakerCore\MovieMakerCore.vcxproj]
  (compiling source file '../../../src/MovieMakerCore/HMRAVSource/AuthProvider.cpp')
      C:\Program Files (x86)\Microsoft Visual Studio\2022\BuildTools\VC\Tools\MSVC\14.44.35207\atlmfc\include\atlcomcli.h(341,7):
      see declaration of 'ATL::CComPtr<IMFMediaSource>'
  
C:\Users\mcmco\Desktop\WMMR\src\MovieMakerCore\HMRAVSource\AVCaptureSession.h(118,25): warning C4251: 'HMRAVSource::AVCaptureSession::m_errorCb': 'std::function<void (HRESULT)>' needs to have dll-interface to be used by clients of 'HMRAVSource::AVCaptureSession' [C:\Users\mcmco\Desktop\WMMR\build\src\MovieMakerCore\MovieMakerCore.vcxproj]
  (compiling source file '../../../src/MovieMakerCore/HMRAVSource/MFByteStreamOnStream.cpp')
      C:\Program Files (x86)\Microsoft Visual Studio\2022\BuildTools\VC\Tools\MSVC\14.44.35207\include\functional(1089,7):
      see declaration of 'std::function<void (HRESULT)>'
  
C:\Users\mcmco\Desktop\WMMR\src\MovieMakerCore\HMRAVSource\AudioCapture.h(108,33): warning C4251: 'HMRAVSource::AudioCapture::m_spReader': 'ATL::CComPtr<IMFSourceReader>' needs to have dll-interface to be used by clients of 'HMRAVSource::AudioCapture' [C:\Users\mcmco\Desktop\WMMR\build\src\MovieMakerCore\MovieMakerCore.vcxproj]
  (compiling source file '../../../src/MovieMakerCore/HMRAVSource/AuthProvider.cpp')
      C:\Program Files (x86)\Microsoft Visual Studio\2022\BuildTools\VC\Tools\MSVC\14.44.35207\atlmfc\include\atlcomcli.h(341,7):
      see declaration of 'ATL::CComPtr<IMFSourceReader>'
  
C:\Users\mcmco\Desktop\WMMR\src\MovieMakerCore\HMRAVSource\AudioCapture.h(116,34): warning C4251: 'HMRAVSource::AudioCapture::m_sampleCb': 'std::function<void (IMFSample *)>' needs to have dll-interface to be used by clients of 'HMRAVSource::AudioCapture' [C:\Users\mcmco\Desktop\WMMR\build\src\MovieMakerCore\MovieMakerCore.vcxproj]
  (compiling source file '../../../src/MovieMakerCore/HMRAVSource/AuthProvider.cpp')
      C:\Program Files (x86)\Microsoft Visual Studio\2022\BuildTools\VC\Tools\MSVC\14.44.35207\include\functional(1089,7):
      see declaration of 'std::function<void (IMFSample *)>'
  
C:\Users\mcmco\Desktop\WMMR\src\MovieMakerCore\HMRAVSource\AVCaptureSession.h(119,25): warning C4251: 'HMRAVSource::AVCaptureSession::m_completeCb': 'std::function<void (HRESULT)>' needs to have dll-interface to be used by clients of 'HMRAVSource::AVCaptureSession' [C:\Users\mcmco\Desktop\WMMR\build\src\MovieMakerCore\MovieMakerCore.vcxproj]
  (compiling source file '../../../src/MovieMakerCore/HMRAVSource/MFByteStreamOnStream.cpp')
      C:\Program Files (x86)\Microsoft Visual Studio\2022\BuildTools\VC\Tools\MSVC\14.44.35207\include\functional(1089,7):
      see declaration of 'std::function<void (HRESULT)>'
  
C:\Users\mcmco\Desktop\WMMR\src\MovieMakerCore\HMRAVSource\AVCaptureSession.h(169,25): warning C4251: 'HMRAVSource::AudioCaptureSession::m_strOutputPath': 'ATL::CStringT<wchar_t,ATL::StrTraitATL<wchar_t,ATL::ChTraitsCRT<wchar_t>>>' needs to have dll-interface to be used by clients of 'HMRAVSource::AudioCaptureSession' [C:\Users\mcmco\Desktop\WMMR\build\src\MovieMakerCore\MovieMakerCore.vcxproj]
  (compiling source file '../../../src/MovieMakerCore/HMRAVSource/MFByteStreamOnStream.cpp')
      C:\Program Files (x86)\Microsoft Visual Studio\2022\BuildTools\VC\Tools\MSVC\14.44.35207\atlmfc\include\cstringt.h(999,7):
      see declaration of 'ATL::CStringT<wchar_t,ATL::StrTraitATL<wchar_t,ATL::ChTraitsCRT<wchar_t>>>'
  
C:\Users\mcmco\Desktop\WMMR\src\MovieMakerCore\HMRAVSource\AVCaptureSession.h(173,25): warning C4251: 'HMRAVSource::AudioCaptureSession::m_completeCb': 'std::function<void (HRESULT,LPCWSTR)>' needs to have dll-interface to be used by clients of 'HMRAVSource::AudioCaptureSession' [C:\Users\mcmco\Desktop\WMMR\build\src\MovieMakerCore\MovieMakerCore.vcxproj]
  (compiling source file '../../../src/MovieMakerCore/HMRAVSource/MFByteStreamOnStream.cpp')
      C:\Program Files (x86)\Microsoft Visual Studio\2022\BuildTools\VC\Tools\MSVC\14.44.35207\include\functional(1089,7):
      see declaration of 'std::function<void (HRESULT,LPCWSTR)>'
  
C:\Users\mcmco\Desktop\WMMR\src\MovieMakerCore\HMRAVSource\AVCaptureSession.h(117,25): warning C4251: 'HMRAVSource::AVCaptureSession::m_statsCb': 'std::function<void (const HMRAVSource::AVCaptureSessionStats &)>' needs to have dll-interface to be used by clients of 'HMRAVSource::AVCaptureSession' [C:\Users\mcmco\Desktop\WMMR\build\src\MovieMakerCore\MovieMakerCore.vcxproj]
  (compiling source file '../../../src/MovieMakerCore/HMRAVSource/AuthProvider.cpp')
      C:\Program Files (x86)\Microsoft Visual Studio\2022\BuildTools\VC\Tools\MSVC\14.44.35207\include\functional(1089,7):
      see declaration of 'std::function<void (const HMRAVSource::AVCaptureSessionStats &)>'
  
C:\Users\mcmco\Desktop\WMMR\src\MovieMakerCore\HMRAVSource\CachedWFSection.h(80,35): warning C4251: 'HMRAVSource::CachedWFSection::m_arrEntries': 'ATL::CAtlArray<HMRAVSource::CachedWFEntry,ATL::CElementTraits<E>>' needs to have dll-interface to be used by clients of 'HMRAVSource::CachedWFSection' [C:\Users\mcmco\Desktop\WMMR\build\src\MovieMakerCore\MovieMakerCore.vcxproj]
C:\Users\mcmco\Desktop\WMMR\src\MovieMakerCore\HMRAVSource\CachedWFSection.h(80,35): warning C4251:         with [C:\Users\mcmco\Desktop\WMMR\build\src\MovieMakerCore\MovieMakerCore.vcxproj]
C:\Users\mcmco\Desktop\WMMR\src\MovieMakerCore\HMRAVSource\CachedWFSection.h(80,35): warning C4251:         [ [C:\Users\mcmco\Desktop\WMMR\build\src\MovieMakerCore\MovieMakerCore.vcxproj]
C:\Users\mcmco\Desktop\WMMR\src\MovieMakerCore\HMRAVSource\CachedWFSection.h(80,35): warning C4251:             E=HMRAVSource::CachedWFEntry [C:\Users\mcmco\Desktop\WMMR\build\src\MovieMakerCore\MovieMakerCore.vcxproj]
C:\Users\mcmco\Desktop\WMMR\src\MovieMakerCore\HMRAVSource\CachedWFSection.h(80,35): warning C4251:         ] [C:\Users\mcmco\Desktop\WMMR\build\src\MovieMakerCore\MovieMakerCore.vcxproj]
  (compiling source file '../../../src/MovieMakerCore/HMRAVSource/MFByteStreamOnStream.cpp')
      C:\Program Files (x86)\Microsoft Visual Studio\2022\BuildTools\VC\Tools\MSVC\14.44.35207\atlmfc\include\atlcoll.h(530,7):
      see declaration of 'ATL::CAtlArray<HMRAVSource::CachedWFEntry,ATL::CElementTraits<E>>'
          with
          [
              E=HMRAVSource::CachedWFEntry
          ]
  
C:\Users\mcmco\Desktop\WMMR\src\MovieMakerCore\HMRAVSource\MFByteStreamOnStream.h(37,12): warning C4584: 'HMRAVSource::MFByteStreamOnStream': base-class 'IUnknown' is already a base-class of 'IMFByteStream' [C:\Users\mcmco\Desktop\WMMR\build\src\MovieMakerCore\MovieMakerCore.vcxproj]
  (compiling source file '../../../src/MovieMakerCore/HMRAVSource/MFByteStreamOnStream.cpp')
      C:\Program Files (x86)\Windows Kits\10\Include\10.0.26100.0\um\unknwn.h(117,9):
      see declaration of 'IUnknown'
      C:\Program Files (x86)\Windows Kits\10\Include\10.0.26100.0\um\mfobjects.h(4886,5):
      see declaration of 'IMFByteStream'
  
C:\Users\mcmco\Desktop\WMMR\src\MovieMakerCore\HMRAVSource\MFByteStreamOnStream.h(72,22): warning C4251: 'HMRAVSource::MFByteStreamOnStream::m_spStream': 'ATL::CComPtr<IStream>' needs to have dll-interface to be used by clients of 'HMRAVSource::MFByteStreamOnStream' [C:\Users\mcmco\Desktop\WMMR\build\src\MovieMakerCore\MovieMakerCore.vcxproj]
  (compiling source file '../../../src/MovieMakerCore/HMRAVSource/MFByteStreamOnStream.cpp')
      C:\Program Files (x86)\Microsoft Visual Studio\2022\BuildTools\VC\Tools\MSVC\14.44.35207\atlmfc\include\atlcomcli.h(341,7):
      see declaration of 'ATL::CComPtr<IStream>'
  
C:\Users\mcmco\Desktop\WMMR\src\MovieMakerCore\HMRAVSource\StreamSink.h(101,33): warning C4251: 'HMRAVSource::StreamSink::m_spSinkWriter': 'ATL::CComPtr<IMFSinkWriter>' needs to have dll-interface to be used by clients of 'HMRAVSource::StreamSink' [C:\Users\mcmco\Desktop\WMMR\build\src\MovieMakerCore\MovieMakerCore.vcxproj]
  (compiling source file '../../../src/MovieMakerCore/HMRAVSource/VideoProc.cpp')
      C:\Program Files (x86)\Microsoft Visual Studio\2022\BuildTools\VC\Tools\MSVC\14.44.35207\atlmfc\include\atlcomcli.h(341,7):
      see declaration of 'ATL::CComPtr<IMFSinkWriter>'
  
C:\Users\mcmco\Desktop\WMMR\src\MovieMakerCore\HMRAVSource\AVCaptureSession.h(118,25): warning C4251: 'HMRAVSource::AVCaptureSession::m_errorCb': 'std::function<void (HRESULT)>' needs to have dll-interface to be used by clients of 'HMRAVSource::AVCaptureSession' [C:\Users\mcmco\Desktop\WMMR\build\src\MovieMakerCore\MovieMakerCore.vcxproj]
  (compiling source file '../../../src/MovieMakerCore/HMRAVSource/AuthProvider.cpp')
      C:\Program Files (x86)\Microsoft Visual Studio\2022\BuildTools\VC\Tools\MSVC\14.44.35207\include\functional(1089,7):
      see declaration of 'std::function<void (HRESULT)>'
  
C:\Users\mcmco\Desktop\WMMR\src\MovieMakerCore\HMRAVSource\AVCaptureSession.h(119,25): warning C4251: 'HMRAVSource::AVCaptureSession::m_completeCb': 'std::function<void (HRESULT)>' needs to have dll-interface to be used by clients of 'HMRAVSource::AVCaptureSession' [C:\Users\mcmco\Desktop\WMMR\build\src\MovieMakerCore\MovieMakerCore.vcxproj]
  (compiling source file '../../../src/MovieMakerCore/HMRAVSource/AuthProvider.cpp')
      C:\Program Files (x86)\Microsoft Visual Studio\2022\BuildTools\VC\Tools\MSVC\14.44.35207\include\functional(1089,7):
      see declaration of 'std::function<void (HRESULT)>'
  
C:\Users\mcmco\Desktop\WMMR\src\MovieMakerCore\HMRAVSource\MFByteStreamOnStream.h(87,12): warning C4584: 'HMRAVSource::MFAsyncResult': base-class 'IUnknown' is already a base-class of 'IMFAsyncResult' [C:\Users\mcmco\Desktop\WMMR\build\src\MovieMakerCore\MovieMakerCore.vcxproj]
  (compiling source file '../../../src/MovieMakerCore/HMRAVSource/MFByteStreamOnStream.cpp')
      C:\Program Files (x86)\Windows Kits\10\Include\10.0.26100.0\um\unknwn.h(117,9):
      see declaration of 'IUnknown'
      C:\Program Files (x86)\Windows Kits\10\Include\10.0.26100.0\um\mfobjects.h(3718,5):
      see declaration of 'IMFAsyncResult'
  
C:\Users\mcmco\Desktop\WMMR\src\MovieMakerCore\HMRAVSource\MFByteStreamOnStream.h(119,25): warning C4251: 'HMRAVSource::MFAsyncResult::m_spObject': 'ATL::CComPtr<IUnknown>' needs to have dll-interface to be used by clients of 'HMRAVSource::MFAsyncResult' [C:\Users\mcmco\Desktop\WMMR\build\src\MovieMakerCore\MovieMakerCore.vcxproj]
  (compiling source file '../../../src/MovieMakerCore/HMRAVSource/MFByteStreamOnStream.cpp')
      C:\Program Files (x86)\Microsoft Visual Studio\2022\BuildTools\VC\Tools\MSVC\14.44.35207\atlmfc\include\atlcomcli.h(341,7):
      see declaration of 'ATL::CComPtr<IUnknown>'
  
C:\Users\mcmco\Desktop\WMMR\src\MovieMakerCore\HMRAVSource\StreamSink.h(108,33): warning C4251: 'HMRAVSource::StreamSink::m_progressCb': 'std::function<void (const HMRAVSource::StreamSinkStats &)>' needs to have dll-interface to be used by clients of 'HMRAVSource::StreamSink' [C:\Users\mcmco\Desktop\WMMR\build\src\MovieMakerCore\MovieMakerCore.vcxproj]
  (compiling source file '../../../src/MovieMakerCore/HMRAVSource/VideoProc.cpp')
      C:\Program Files (x86)\Microsoft Visual Studio\2022\BuildTools\VC\Tools\MSVC\14.44.35207\include\functional(1089,7):
      see declaration of 'std::function<void (const HMRAVSource::StreamSinkStats &)>'
  
C:\Users\mcmco\Desktop\WMMR\src\MovieMakerCore\HMRAVSource\MFByteStreamOnStream.h(120,25): warning C4251: 'HMRAVSource::MFAsyncResult::m_spState': 'ATL::CComPtr<IUnknown>' needs to have dll-interface to be used by clients of 'HMRAVSource::MFAsyncResult' [C:\Users\mcmco\Desktop\WMMR\build\src\MovieMakerCore\MovieMakerCore.vcxproj]
  (compiling source file '../../../src/MovieMakerCore/HMRAVSource/MFByteStreamOnStream.cpp')
      C:\Program Files (x86)\Microsoft Visual Studio\2022\BuildTools\VC\Tools\MSVC\14.44.35207\atlmfc\include\atlcomcli.h(341,7):
      see declaration of 'ATL::CComPtr<IUnknown>'
  
C:\Users\mcmco\Desktop\WMMR\src\MovieMakerCore\HMRAVSource\AVCaptureSession.h(169,25): warning C4251: 'HMRAVSource::AudioCaptureSession::m_strOutputPath': 'ATL::CStringT<wchar_t,ATL::StrTraitATL<wchar_t,ATL::ChTraitsCRT<wchar_t>>>' needs to have dll-interface to be used by clients of 'HMRAVSource::AudioCaptureSession' [C:\Users\mcmco\Desktop\WMMR\build\src\MovieMakerCore\MovieMakerCore.vcxproj]
  (compiling source file '../../../src/MovieMakerCore/HMRAVSource/AuthProvider.cpp')
      C:\Program Files (x86)\Microsoft Visual Studio\2022\BuildTools\VC\Tools\MSVC\14.44.35207\atlmfc\include\cstringt.h(999,7):
      see declaration of 'ATL::CStringT<wchar_t,ATL::StrTraitATL<wchar_t,ATL::ChTraitsCRT<wchar_t>>>'
  
C:\Users\mcmco\Desktop\WMMR\src\MovieMakerCore\HMRAVSource\AVCaptureSession.h(173,25): warning C4251: 'HMRAVSource::AudioCaptureSession::m_completeCb': 'std::function<void (HRESULT,LPCWSTR)>' needs to have dll-interface to be used by clients of 'HMRAVSource::AudioCaptureSession' [C:\Users\mcmco\Desktop\WMMR\build\src\MovieMakerCore\MovieMakerCore.vcxproj]
  (compiling source file '../../../src/MovieMakerCore/HMRAVSource/AuthProvider.cpp')
      C:\Program Files (x86)\Microsoft Visual Studio\2022\BuildTools\VC\Tools\MSVC\14.44.35207\include\functional(1089,7):
      see declaration of 'std::function<void (HRESULT,LPCWSTR)>'
  
C:\Users\mcmco\Desktop\WMMR\src\MovieMakerCore\HMRAVSource\MFByteStreamOnStream.cpp(36,41): error C2259: 'HMRAVSource::MFByteStreamOnStream': cannot instantiate abstract class [C:\Users\mcmco\Desktop\WMMR\build\src\MovieMakerCore\MovieMakerCore.vcxproj]
      C:\Users\mcmco\Desktop\WMMR\src\MovieMakerCore\HMRAVSource\MFByteStreamOnStream.h(36,20):
      see declaration of 'HMRAVSource::MFByteStreamOnStream'
      C:\Users\mcmco\Desktop\WMMR\src\MovieMakerCore\HMRAVSource\MFByteStreamOnStream.cpp(36,41):
      due to following members:
      C:\Users\mcmco\Desktop\WMMR\src\MovieMakerCore\HMRAVSource\MFByteStreamOnStream.cpp(36,41):
      'HRESULT IMFByteStream::Close(void)': is abstract
      C:\Program Files (x86)\Windows Kits\10\Include\10.0.26100.0\um\mfobjects.h(4949,43):
      see declaration of 'IMFByteStream::Close'
  
C:\Users\mcmco\Desktop\WMMR\src\MovieMakerCore\HMRAVSource\MFByteStreamOnStream.cpp(36,61): error C2259: 'HMRAVSource::MFByteStreamOnStream': cannot instantiate abstract class [C:\Users\mcmco\Desktop\WMMR\build\src\MovieMakerCore\MovieMakerCore.vcxproj]
      C:\Users\mcmco\Desktop\WMMR\src\MovieMakerCore\HMRAVSource\MFByteStreamOnStream.h(36,20):
      see declaration of 'HMRAVSource::MFByteStreamOnStream'
      C:\Users\mcmco\Desktop\WMMR\src\MovieMakerCore\HMRAVSource\MFByteStreamOnStream.cpp(36,61):
      due to following members:
      C:\Users\mcmco\Desktop\WMMR\src\MovieMakerCore\HMRAVSource\MFByteStreamOnStream.cpp(36,61):
      'HRESULT IMFByteStream::Close(void)': is abstract
      C:\Program Files (x86)\Windows Kits\10\Include\10.0.26100.0\um\mfobjects.h(4949,43):
      see declaration of 'IMFByteStream::Close'
  
C:\Users\mcmco\Desktop\WMMR\src\MovieMakerCore\HMRAVSource\MFByteStreamOnStream.cpp(82,24): error C2065: 'MFBYTESTREAM_IS_LOADING': undeclared identifier [C:\Users\mcmco\Desktop\WMMR\build\src\MovieMakerCore\MovieMakerCore.vcxproj]
C:\Users\mcmco\Desktop\WMMR\src\MovieMakerCore\HMRAVSource\MFByteStreamOnStream.cpp(82,50): error C2065: 'MFBYTESTREAM_IS_SEEKING': undeclared identifier [C:\Users\mcmco\Desktop\WMMR\build\src\MovieMakerCore\MovieMakerCore.vcxproj]
C:\Users\mcmco\Desktop\WMMR\src\MovieMakerCore\HMRAVSource\TranscodeManager.h(123,29): warning C4251: 'HMRAVSource::TranscodeManager::m_progressCb': 'std::function<void (const HMRAVSource::TranscodeProgress &)>' needs to have dll-interface to be used by clients of 'HMRAVSource::TranscodeManager' [C:\Users\mcmco\Desktop\WMMR\build\src\MovieMakerCore\MovieMakerCore.vcxproj]
  (compiling source file '../../../src/MovieMakerCore/HMRAVSource/VideoProc.cpp')
      C:\Program Files (x86)\Microsoft Visual Studio\2022\BuildTools\VC\Tools\MSVC\14.44.35207\include\functional(1089,7):
      see declaration of 'std::function<void (const HMRAVSource::TranscodeProgress &)>'
  
C:\Users\mcmco\Desktop\WMMR\src\MovieMakerCore\HMRAVSource\CachedWFSection.h(80,35): warning C4251: 'HMRAVSource::CachedWFSection::m_arrEntries': 'ATL::CAtlArray<HMRAVSource::CachedWFEntry,ATL::CElementTraits<E>>' needs to have dll-interface to be used by clients of 'HMRAVSource::CachedWFSection' [C:\Users\mcmco\Desktop\WMMR\build\src\MovieMakerCore\MovieMakerCore.vcxproj]
C:\Users\mcmco\Desktop\WMMR\src\MovieMakerCore\HMRAVSource\CachedWFSection.h(80,35): warning C4251:         with [C:\Users\mcmco\Desktop\WMMR\build\src\MovieMakerCore\MovieMakerCore.vcxproj]
C:\Users\mcmco\Desktop\WMMR\src\MovieMakerCore\HMRAVSource\CachedWFSection.h(80,35): warning C4251:         [ [C:\Users\mcmco\Desktop\WMMR\build\src\MovieMakerCore\MovieMakerCore.vcxproj]
C:\Users\mcmco\Desktop\WMMR\src\MovieMakerCore\HMRAVSource\CachedWFSection.h(80,35): warning C4251:             E=HMRAVSource::CachedWFEntry [C:\Users\mcmco\Desktop\WMMR\build\src\MovieMakerCore\MovieMakerCore.vcxproj]
C:\Users\mcmco\Desktop\WMMR\src\MovieMakerCore\HMRAVSource\CachedWFSection.h(80,35): warning C4251:         ] [C:\Users\mcmco\Desktop\WMMR\build\src\MovieMakerCore\MovieMakerCore.vcxproj]
  (compiling source file '../../../src/MovieMakerCore/HMRAVSource/AuthProvider.cpp')
      C:\Program Files (x86)\Microsoft Visual Studio\2022\BuildTools\VC\Tools\MSVC\14.44.35207\atlmfc\include\atlcoll.h(530,7):
      see declaration of 'ATL::CAtlArray<HMRAVSource::CachedWFEntry,ATL::CElementTraits<E>>'
          with
          [
              E=HMRAVSource::CachedWFEntry
          ]
  
C:\Users\mcmco\Desktop\WMMR\src\MovieMakerCore\HMRAVSource\TranscodeManager.h(124,29): warning C4251: 'HMRAVSource::TranscodeManager::m_errorCb': 'std::function<void (HRESULT,LPCWSTR)>' needs to have dll-interface to be used by clients of 'HMRAVSource::TranscodeManager' [C:\Users\mcmco\Desktop\WMMR\build\src\MovieMakerCore\MovieMakerCore.vcxproj]
  (compiling source file '../../../src/MovieMakerCore/HMRAVSource/VideoProc.cpp')
      C:\Program Files (x86)\Microsoft Visual Studio\2022\BuildTools\VC\Tools\MSVC\14.44.35207\include\functional(1089,7):
      see declaration of 'std::function<void (HRESULT,LPCWSTR)>'
  
C:\Users\mcmco\Desktop\WMMR\src\MovieMakerCore\HMRAVSource\TranscodeManager.h(125,29): warning C4251: 'HMRAVSource::TranscodeManager::m_completeCb': 'std::function<void (HRESULT,LPCWSTR)>' needs to have dll-interface to be used by clients of 'HMRAVSource::TranscodeManager' [C:\Users\mcmco\Desktop\WMMR\build\src\MovieMakerCore\MovieMakerCore.vcxproj]
  (compiling source file '../../../src/MovieMakerCore/HMRAVSource/VideoProc.cpp')
      C:\Program Files (x86)\Microsoft Visual Studio\2022\BuildTools\VC\Tools\MSVC\14.44.35207\include\functional(1089,7):
      see declaration of 'std::function<void (HRESULT,LPCWSTR)>'
  
C:\Users\mcmco\Desktop\WMMR\src\MovieMakerCore\HMRAVSource\AuthProvider.h(107,25): warning C4251: 'HMRAVSource::AuthCredentials::m_strUserName': 'ATL::CStringT<wchar_t,ATL::StrTraitATL<wchar_t,ATL::ChTraitsCRT<wchar_t>>>' needs to have dll-interface to be used by clients of 'HMRAVSource::AuthCredentials' [C:\Users\mcmco\Desktop\WMMR\build\src\MovieMakerCore\MovieMakerCore.vcxproj]
  (compiling source file '../../../src/MovieMakerCore/HMRAVSource/AuthProvider.cpp')
      C:\Program Files (x86)\Microsoft Visual Studio\2022\BuildTools\VC\Tools\MSVC\14.44.35207\atlmfc\include\cstringt.h(999,7):
      see declaration of 'ATL::CStringT<wchar_t,ATL::StrTraitATL<wchar_t,ATL::ChTraitsCRT<wchar_t>>>'
  
C:\Users\mcmco\Desktop\WMMR\src\MovieMakerCore\HMRAVSource\AuthProvider.h(108,25): warning C4251: 'HMRAVSource::AuthCredentials::m_strPassword': 'ATL::CStringT<wchar_t,ATL::StrTraitATL<wchar_t,ATL::ChTraitsCRT<wchar_t>>>' needs to have dll-interface to be used by clients of 'HMRAVSource::AuthCredentials' [C:\Users\mcmco\Desktop\WMMR\build\src\MovieMakerCore\MovieMakerCore.vcxproj]
  (compiling source file '../../../src/MovieMakerCore/HMRAVSource/AuthProvider.cpp')
      C:\Program Files (x86)\Microsoft Visual Studio\2022\BuildTools\VC\Tools\MSVC\14.44.35207\atlmfc\include\cstringt.h(999,7):
      see declaration of 'ATL::CStringT<wchar_t,ATL::StrTraitATL<wchar_t,ATL::ChTraitsCRT<wchar_t>>>'
  
C:\Users\mcmco\Desktop\WMMR\src\MovieMakerCore\HMRAVSource\AuthProvider.h(109,25): warning C4251: 'HMRAVSource::AuthCredentials::m_strToken': 'ATL::CStringT<wchar_t,ATL::StrTraitATL<wchar_t,ATL::ChTraitsCRT<wchar_t>>>' needs to have dll-interface to be used by clients of 'HMRAVSource::AuthCredentials' [C:\Users\mcmco\Desktop\WMMR\build\src\MovieMakerCore\MovieMakerCore.vcxproj]
  (compiling source file '../../../src/MovieMakerCore/HMRAVSource/AuthProvider.cpp')
      C:\Program Files (x86)\Microsoft Visual Studio\2022\BuildTools\VC\Tools\MSVC\14.44.35207\atlmfc\include\cstringt.h(999,7):
      see declaration of 'ATL::CStringT<wchar_t,ATL::StrTraitATL<wchar_t,ATL::ChTraitsCRT<wchar_t>>>'
  
C:\Users\mcmco\Desktop\WMMR\src\MovieMakerCore\HMRAVSource\AuthProvider.h(110,25): warning C4251: 'HMRAVSource::AuthCredentials::m_strDomain': 'ATL::CStringT<wchar_t,ATL::StrTraitATL<wchar_t,ATL::ChTraitsCRT<wchar_t>>>' needs to have dll-interface to be used by clients of 'HMRAVSource::AuthCredentials' [C:\Users\mcmco\Desktop\WMMR\build\src\MovieMakerCore\MovieMakerCore.vcxproj]
  (compiling source file '../../../src/MovieMakerCore/HMRAVSource/AuthProvider.cpp')
      C:\Program Files (x86)\Microsoft Visual Studio\2022\BuildTools\VC\Tools\MSVC\14.44.35207\atlmfc\include\cstringt.h(999,7):
      see declaration of 'ATL::CStringT<wchar_t,ATL::StrTraitATL<wchar_t,ATL::ChTraitsCRT<wchar_t>>>'
  
C:\Users\mcmco\Desktop\WMMR\src\MovieMakerCore\HMRAVSource\AuthProvider.h(111,25): warning C4251: 'HMRAVSource::AuthCredentials::m_strUrl': 'ATL::CStringT<wchar_t,ATL::StrTraitATL<wchar_t,ATL::ChTraitsCRT<wchar_t>>>' needs to have dll-interface to be used by clients of 'HMRAVSource::AuthCredentials' [C:\Users\mcmco\Desktop\WMMR\build\src\MovieMakerCore\MovieMakerCore.vcxproj]
  (compiling source file '../../../src/MovieMakerCore/HMRAVSource/AuthProvider.cpp')
      C:\Program Files (x86)\Microsoft Visual Studio\2022\BuildTools\VC\Tools\MSVC\14.44.35207\atlmfc\include\cstringt.h(999,7):
      see declaration of 'ATL::CStringT<wchar_t,ATL::StrTraitATL<wchar_t,ATL::ChTraitsCRT<wchar_t>>>'
  
C:\Users\mcmco\Desktop\WMMR\src\MovieMakerCore\HMRAVSource\AuthProvider.h(114,10): error C2039: 'CStringMap': is not a member of 'ATL' [C:\Users\mcmco\Desktop\WMMR\build\src\MovieMakerCore\MovieMakerCore.vcxproj]
  (compiling source file '../../../src/MovieMakerCore/HMRAVSource/AuthProvider.cpp')
      C:\Users\mcmco\Desktop\WMMR\src\WTL\atlapp.h(1119,11):
      see declaration of 'ATL'
  
C:\Users\mcmco\Desktop\WMMR\src\MovieMakerCore\HMRAVSource\AuthProvider.h(114,20): error C2143: syntax error: missing ';' before '<' [C:\Users\mcmco\Desktop\WMMR\build\src\MovieMakerCore\MovieMakerCore.vcxproj]
  (compiling source file '../../../src/MovieMakerCore/HMRAVSource/AuthProvider.cpp')
  
C:\Users\mcmco\Desktop\WMMR\src\MovieMakerCore\HMRAVSource\AuthProvider.h(114,10): error C4430: missing type specifier - int assumed. Note: C++ does not support default-int [C:\Users\mcmco\Desktop\WMMR\build\src\MovieMakerCore\MovieMakerCore.vcxproj]
  (compiling source file '../../../src/MovieMakerCore/HMRAVSource/AuthProvider.cpp')
  
C:\Users\mcmco\Desktop\WMMR\src\MovieMakerCore\HMRAVSource\AuthProvider.h(114,49): error C2238: unexpected token(s) preceding ';' [C:\Users\mcmco\Desktop\WMMR\build\src\MovieMakerCore\MovieMakerCore.vcxproj]
  (compiling source file '../../../src/MovieMakerCore/HMRAVSource/AuthProvider.cpp')
  
C:\Users\mcmco\Desktop\WMMR\src\MovieMakerCore\HMRAVSource\MFByteStreamOnStream.cpp(330,49): error C2259: 'HMRAVSource::MFAsyncResult': cannot instantiate abstract class [C:\Users\mcmco\Desktop\WMMR\build\src\MovieMakerCore\MovieMakerCore.vcxproj]
      C:\Users\mcmco\Desktop\WMMR\src\MovieMakerCore\HMRAVSource\MFByteStreamOnStream.h(86,20):
      see declaration of 'HMRAVSource::MFAsyncResult'
      C:\Users\mcmco\Desktop\WMMR\src\MovieMakerCore\HMRAVSource\MFByteStreamOnStream.cpp(330,49):
      due to following members:
      C:\Users\mcmco\Desktop\WMMR\src\MovieMakerCore\HMRAVSource\MFByteStreamOnStream.cpp(330,49):
      'IUnknown *IMFAsyncResult::GetStateNoAddRef(void)': is abstract
      C:\Program Files (x86)\Windows Kits\10\Include\10.0.26100.0\um\mfobjects.h(3732,59):
      see declaration of 'IMFAsyncResult::GetStateNoAddRef'
  
C:\Users\mcmco\Desktop\WMMR\src\MovieMakerCore\HMRAVSource\AuthProvider.h(170,29): warning C4251: 'HMRAVSource::AuthProvider::m_strLastError': 'ATL::CStringT<wchar_t,ATL::StrTraitATL<wchar_t,ATL::ChTraitsCRT<wchar_t>>>' needs to have dll-interface to be used by clients of 'HMRAVSource::AuthProvider' [C:\Users\mcmco\Desktop\WMMR\build\src\MovieMakerCore\MovieMakerCore.vcxproj]
  (compiling source file '../../../src/MovieMakerCore/HMRAVSource/AuthProvider.cpp')
      C:\Program Files (x86)\Microsoft Visual Studio\2022\BuildTools\VC\Tools\MSVC\14.44.35207\atlmfc\include\cstringt.h(999,7):
      see declaration of 'ATL::CStringT<wchar_t,ATL::StrTraitATL<wchar_t,ATL::ChTraitsCRT<wchar_t>>>'
  
C:\Users\mcmco\Desktop\WMMR\src\MovieMakerCore\HMRAVSource\AuthProvider.h(172,10): error C2039: 'CStringMap': is not a member of 'ATL' [C:\Users\mcmco\Desktop\WMMR\build\src\MovieMakerCore\MovieMakerCore.vcxproj]
  (compiling source file '../../../src/MovieMakerCore/HMRAVSource/AuthProvider.cpp')
      C:\Users\mcmco\Desktop\WMMR\src\WTL\atlapp.h(1119,11):
      see declaration of 'ATL'
  
C:\Users\mcmco\Desktop\WMMR\src\MovieMakerCore\HMRAVSource\AuthProvider.h(172,20): error C2143: syntax error: missing ';' before '<' [C:\Users\mcmco\Desktop\WMMR\build\src\MovieMakerCore\MovieMakerCore.vcxproj]
  (compiling source file '../../../src/MovieMakerCore/HMRAVSource/AuthProvider.cpp')
  
C:\Users\mcmco\Desktop\WMMR\src\MovieMakerCore\HMRAVSource\AuthProvider.h(172,10): error C4430: missing type specifier - int assumed. Note: C++ does not support default-int [C:\Users\mcmco\Desktop\WMMR\build\src\MovieMakerCore\MovieMakerCore.vcxproj]
  (compiling source file '../../../src/MovieMakerCore/HMRAVSource/AuthProvider.cpp')
  
C:\Users\mcmco\Desktop\WMMR\src\MovieMakerCore\HMRAVSource\AuthProvider.h(172,55): error C2238: unexpected token(s) preceding ';' [C:\Users\mcmco\Desktop\WMMR\build\src\MovieMakerCore\MovieMakerCore.vcxproj]
  (compiling source file '../../../src/MovieMakerCore/HMRAVSource/AuthProvider.cpp')
  
C:\Users\mcmco\Desktop\WMMR\src\MovieMakerCore\HMRAVSource\TranscodeManager.h(127,29): warning C4251: 'HMRAVSource::TranscodeManager::m_spVideoTransform': 'ATL::CComPtr<IMFTransform>' needs to have dll-interface to be used by clients of 'HMRAVSource::TranscodeManager' [C:\Users\mcmco\Desktop\WMMR\build\src\MovieMakerCore\MovieMakerCore.vcxproj]
  (compiling source file '../../../src/MovieMakerCore/HMRAVSource/VideoProc.cpp')
      C:\Program Files (x86)\Microsoft Visual Studio\2022\BuildTools\VC\Tools\MSVC\14.44.35207\atlmfc\include\atlcomcli.h(341,7):
      see declaration of 'ATL::CComPtr<IMFTransform>'
  
C:\Users\mcmco\Desktop\WMMR\src\MovieMakerCore\HMRAVSource\TranscodeManager.h(128,29): warning C4251: 'HMRAVSource::TranscodeManager::m_spAudioTransform': 'ATL::CComPtr<IMFTransform>' needs to have dll-interface to be used by clients of 'HMRAVSource::TranscodeManager' [C:\Users\mcmco\Desktop\WMMR\build\src\MovieMakerCore\MovieMakerCore.vcxproj]
  (compiling source file '../../../src/MovieMakerCore/HMRAVSource/VideoProc.cpp')
      C:\Program Files (x86)\Microsoft Visual Studio\2022\BuildTools\VC\Tools\MSVC\14.44.35207\atlmfc\include\atlcomcli.h(341,7):
      see declaration of 'ATL::CComPtr<IMFTransform>'
  
C:\Users\mcmco\Desktop\WMMR\src\MovieMakerCore\HMRAVSource\MFByteStreamOnStream.cpp(330,62): error C2259: 'HMRAVSource::MFAsyncResult': cannot instantiate abstract class [C:\Users\mcmco\Desktop\WMMR\build\src\MovieMakerCore\MovieMakerCore.vcxproj]
      C:\Users\mcmco\Desktop\WMMR\src\MovieMakerCore\HMRAVSource\MFByteStreamOnStream.h(86,20):
      see declaration of 'HMRAVSource::MFAsyncResult'
      C:\Users\mcmco\Desktop\WMMR\src\MovieMakerCore\HMRAVSource\MFByteStreamOnStream.cpp(330,62):
      due to following members:
      C:\Users\mcmco\Desktop\WMMR\src\MovieMakerCore\HMRAVSource\MFByteStreamOnStream.cpp(330,62):
      'IUnknown *IMFAsyncResult::GetStateNoAddRef(void)': is abstract
      C:\Program Files (x86)\Windows Kits\10\Include\10.0.26100.0\um\mfobjects.h(3732,59):
      see declaration of 'IMFAsyncResult::GetStateNoAddRef'
  
C:\Users\mcmco\Desktop\WMMR\src\MovieMakerCore\HMRAVSource\AuthProvider.h(174,29): warning C4251: 'HMRAVSource::AuthProvider::m_completeCb': 'std::function<void (HRESULT,const HMRAVSource::AuthCredentials &)>' needs to have dll-interface to be used by clients of 'HMRAVSource::AuthProvider' [C:\Users\mcmco\Desktop\WMMR\build\src\MovieMakerCore\MovieMakerCore.vcxproj]
  (compiling source file '../../../src/MovieMakerCore/HMRAVSource/AuthProvider.cpp')
      C:\Program Files (x86)\Microsoft Visual Studio\2022\BuildTools\VC\Tools\MSVC\14.44.35207\include\functional(1089,7):
      see declaration of 'std::function<void (HRESULT,const HMRAVSource::AuthCredentials &)>'
  
C:\Users\mcmco\Desktop\WMMR\src\MovieMakerCore\HMRAVSource\AuthProvider.h(175,29): warning C4251: 'HMRAVSource::AuthProvider::m_promptCb': 'std::function<void (LPCWSTR,HMRAVSource::AuthCredentials *)>' needs to have dll-interface to be used by clients of 'HMRAVSource::AuthProvider' [C:\Users\mcmco\Desktop\WMMR\build\src\MovieMakerCore\MovieMakerCore.vcxproj]
  (compiling source file '../../../src/MovieMakerCore/HMRAVSource/AuthProvider.cpp')
      C:\Program Files (x86)\Microsoft Visual Studio\2022\BuildTools\VC\Tools\MSVC\14.44.35207\include\functional(1089,7):
      see declaration of 'std::function<void (LPCWSTR,HMRAVSource::AuthCredentials *)>'
  
C:\Users\mcmco\Desktop\WMMR\src\MovieMakerCore\HMRAVSource\AuthProvider.cpp(27,26): error C2039: 'm_attributes': is not a member of 'HMRAVSource::AuthCredentials' [C:\Users\mcmco\Desktop\WMMR\build\src\MovieMakerCore\MovieMakerCore.vcxproj]
      C:\Users\mcmco\Desktop\WMMR\src\MovieMakerCore\HMRAVSource\AuthProvider.h(60,20):
      see declaration of 'HMRAVSource::AuthCredentials'
  
C:\Users\mcmco\Desktop\WMMR\src\MovieMakerCore\HMRAVSource\AuthProvider.cpp(27,7): error C2614: 'HMRAVSource::AuthCredentials': illegal member initialization: 'm_attributes' is not a base or member [C:\Users\mcmco\Desktop\WMMR\build\src\MovieMakerCore\MovieMakerCore.vcxproj]
C:\Users\mcmco\Desktop\WMMR\src\MovieMakerCore\HMRAVSource\AuthProvider.cpp(42,9): error C2065: 'm_attributes': undeclared identifier [C:\Users\mcmco\Desktop\WMMR\build\src\MovieMakerCore\MovieMakerCore.vcxproj]
C:\Users\mcmco\Desktop\WMMR\src\MovieMakerCore\HMRAVSource\AuthProvider.cpp(42,30): error C2039: 'm_attributes': is not a member of 'HMRAVSource::AuthCredentials' [C:\Users\mcmco\Desktop\WMMR\build\src\MovieMakerCore\MovieMakerCore.vcxproj]
      C:\Users\mcmco\Desktop\WMMR\src\MovieMakerCore\HMRAVSource\AuthProvider.h(60,20):
      see declaration of 'HMRAVSource::AuthCredentials'
  
C:\Users\mcmco\Desktop\WMMR\src\MovieMakerCore\HMRAVSource\VideoCapture.h(105,37): warning C4251: 'HMRAVSource::VideoCapture::m_spMediaSource': 'ATL::CComPtr<IMFMediaSource>' needs to have dll-interface to be used by clients of 'HMRAVSource::VideoCapture' [C:\Users\mcmco\Desktop\WMMR\build\src\MovieMakerCore\MovieMakerCore.vcxproj]
  (compiling source file '../../../src/MovieMakerCore/HMRAVSource/VideoProc.cpp')
      C:\Program Files (x86)\Microsoft Visual Studio\2022\BuildTools\VC\Tools\MSVC\14.44.35207\atlmfc\include\atlcomcli.h(341,7):
      see declaration of 'ATL::CComPtr<IMFMediaSource>'
  
C:\Users\mcmco\Desktop\WMMR\src\MovieMakerCore\HMRAVSource\VideoCapture.h(106,37): warning C4251: 'HMRAVSource::VideoCapture::m_spCaptureEngine': 'ATL::CComPtr<IMFCaptureEngine>' needs to have dll-interface to be used by clients of 'HMRAVSource::VideoCapture' [C:\Users\mcmco\Desktop\WMMR\build\src\MovieMakerCore\MovieMakerCore.vcxproj]
  (compiling source file '../../../src/MovieMakerCore/HMRAVSource/VideoProc.cpp')
      C:\Program Files (x86)\Microsoft Visual Studio\2022\BuildTools\VC\Tools\MSVC\14.44.35207\atlmfc\include\atlcomcli.h(341,7):
      see declaration of 'ATL::CComPtr<IMFCaptureEngine>'
  
C:\Users\mcmco\Desktop\WMMR\src\MovieMakerCore\HMRAVSource\AuthProvider.cpp(116,5): error C2065: 'm_attributes': undeclared identifier [C:\Users\mcmco\Desktop\WMMR\build\src\MovieMakerCore\MovieMakerCore.vcxproj]
C:\Users\mcmco\Desktop\WMMR\src\MovieMakerCore\HMRAVSource\AuthProvider.cpp(125,15): error C2065: 'm_attributes': undeclared identifier [C:\Users\mcmco\Desktop\WMMR\build\src\MovieMakerCore\MovieMakerCore.vcxproj]
C:\Users\mcmco\Desktop\WMMR\src\MovieMakerCore\HMRAVSource\AuthProvider.cpp(126,9): error C3536: 'it': cannot be used before it is initialized [C:\Users\mcmco\Desktop\WMMR\build\src\MovieMakerCore\MovieMakerCore.vcxproj]
C:\Users\mcmco\Desktop\WMMR\src\MovieMakerCore\HMRAVSource\AuthProvider.cpp(126,15): error C2065: 'm_attributes': undeclared identifier [C:\Users\mcmco\Desktop\WMMR\build\src\MovieMakerCore\MovieMakerCore.vcxproj]
C:\Users\mcmco\Desktop\WMMR\src\MovieMakerCore\HMRAVSource\VideoCapture.h(107,37): warning C4251: 'HMRAVSource::VideoCapture::m_spPreviewSink': 'ATL::CComPtr<IMFCapturePreviewSink>' needs to have dll-interface to be used by clients of 'HMRAVSource::VideoCapture' [C:\Users\mcmco\Desktop\WMMR\build\src\MovieMakerCore\MovieMakerCore.vcxproj]
  (compiling source file '../../../src/MovieMakerCore/HMRAVSource/VideoProc.cpp')
      C:\Program Files (x86)\Microsoft Visual Studio\2022\BuildTools\VC\Tools\MSVC\14.44.35207\atlmfc\include\atlcomcli.h(341,7):
      see declaration of 'ATL::CComPtr<IMFCapturePreviewSink>'
  
C:\Users\mcmco\Desktop\WMMR\src\MovieMakerCore\HMRAVSource\AuthProvider.cpp(140,12): error C2065: 'm_attributes': undeclared identifier [C:\Users\mcmco\Desktop\WMMR\build\src\MovieMakerCore\MovieMakerCore.vcxproj]
C:\Users\mcmco\Desktop\WMMR\src\MovieMakerCore\HMRAVSource\VideoCapture.h(108,37): warning C4251: 'HMRAVSource::VideoCapture::m_spRecordSink': 'ATL::CComPtr<IMFCaptureRecordSink>' needs to have dll-interface to be used by clients of 'HMRAVSource::VideoCapture' [C:\Users\mcmco\Desktop\WMMR\build\src\MovieMakerCore\MovieMakerCore.vcxproj]
  (compiling source file '../../../src/MovieMakerCore/HMRAVSource/VideoProc.cpp')
      C:\Program Files (x86)\Microsoft Visual Studio\2022\BuildTools\VC\Tools\MSVC\14.44.35207\atlmfc\include\atlcomcli.h(341,7):
      see declaration of 'ATL::CComPtr<IMFCaptureRecordSink>'
  
C:\Users\mcmco\Desktop\WMMR\src\MovieMakerCore\HMRAVSource\AuthProvider.cpp(140,42): error C2065: 'm_attributes': undeclared identifier [C:\Users\mcmco\Desktop\WMMR\build\src\MovieMakerCore\MovieMakerCore.vcxproj]
C:\Users\mcmco\Desktop\WMMR\src\MovieMakerCore\HMRAVSource\AuthProvider.cpp(192,5): error C2065: 'm_attributes': undeclared identifier [C:\Users\mcmco\Desktop\WMMR\build\src\MovieMakerCore\MovieMakerCore.vcxproj]
C:\Users\mcmco\Desktop\WMMR\src\MovieMakerCore\HMRAVSource\AuthProvider.cpp(223,5): error C2065: 'm_credentialCache': undeclared identifier [C:\Users\mcmco\Desktop\WMMR\build\src\MovieMakerCore\MovieMakerCore.vcxproj]
C:\Users\mcmco\Desktop\WMMR\src\MovieMakerCore\HMRAVSource\AuthProvider.cpp(242,15): error C2065: 'm_credentialCache': undeclared identifier [C:\Users\mcmco\Desktop\WMMR\build\src\MovieMakerCore\MovieMakerCore.vcxproj]
C:\Users\mcmco\Desktop\WMMR\src\MovieMakerCore\HMRAVSource\AuthProvider.cpp(243,9): error C3536: 'it': cannot be used before it is initialized [C:\Users\mcmco\Desktop\WMMR\build\src\MovieMakerCore\MovieMakerCore.vcxproj]
C:\Users\mcmco\Desktop\WMMR\src\MovieMakerCore\HMRAVSource\AuthProvider.cpp(243,15): error C2065: 'm_credentialCache': undeclared identifier [C:\Users\mcmco\Desktop\WMMR\build\src\MovieMakerCore\MovieMakerCore.vcxproj]
C:\Users\mcmco\Desktop\WMMR\src\MovieMakerCore\HMRAVSource\AuthProvider.cpp(319,5): error C2065: 'm_credentialCache': undeclared identifier [C:\Users\mcmco\Desktop\WMMR\build\src\MovieMakerCore\MovieMakerCore.vcxproj]
C:\Users\mcmco\Desktop\WMMR\src\MovieMakerCore\HMRAVSource\AuthProvider.cpp(328,15): error C2065: 'm_credentialCache': undeclared identifier [C:\Users\mcmco\Desktop\WMMR\build\src\MovieMakerCore\MovieMakerCore.vcxproj]
C:\Users\mcmco\Desktop\WMMR\src\MovieMakerCore\HMRAVSource\AuthProvider.cpp(329,9): error C3536: 'it': cannot be used before it is initialized [C:\Users\mcmco\Desktop\WMMR\build\src\MovieMakerCore\MovieMakerCore.vcxproj]
C:\Users\mcmco\Desktop\WMMR\src\MovieMakerCore\HMRAVSource\AuthProvider.cpp(329,15): error C2065: 'm_credentialCache': undeclared identifier [C:\Users\mcmco\Desktop\WMMR\build\src\MovieMakerCore\MovieMakerCore.vcxproj]
C:\Users\mcmco\Desktop\WMMR\src\MovieMakerCore\HMRAVSource\AuthProvider.cpp(343,5): error C2065: 'm_credentialCache': undeclared identifier [C:\Users\mcmco\Desktop\WMMR\build\src\MovieMakerCore\MovieMakerCore.vcxproj]
C:\Users\mcmco\Desktop\WMMR\src\MovieMakerCore\HMRAVSource\VideoCapture.h(117,38): warning C4251: 'HMRAVSource::VideoCapture::m_frameCb': 'std::function<void (IMFSample *)>' needs to have dll-interface to be used by clients of 'HMRAVSource::VideoCapture' [C:\Users\mcmco\Desktop\WMMR\build\src\MovieMakerCore\MovieMakerCore.vcxproj]
  (compiling source file '../../../src/MovieMakerCore/HMRAVSource/VideoProc.cpp')
      C:\Program Files (x86)\Microsoft Visual Studio\2022\BuildTools\VC\Tools\MSVC\14.44.35207\include\functional(1089,7):
      see declaration of 'std::function<void (IMFSample *)>'
  
C:\Users\mcmco\Desktop\WMMR\src\MovieMakerCore\HMRAVSource\AuthProvider.cpp(349,5): error C2065: 'm_credentialCache': undeclared identifier [C:\Users\mcmco\Desktop\WMMR\build\src\MovieMakerCore\MovieMakerCore.vcxproj]
C:\Users\mcmco\Desktop\WMMR\src\MovieMakerCore\HMRAVSource\AudioCapture.h(107,33): warning C4251: 'HMRAVSource::AudioCapture::m_spMediaSource': 'ATL::CComPtr<IMFMediaSource>' needs to have dll-interface to be used by clients of 'HMRAVSource::AudioCapture' [C:\Users\mcmco\Desktop\WMMR\build\src\MovieMakerCore\MovieMakerCore.vcxproj]
  (compiling source file '../../../src/MovieMakerCore/HMRAVSource/VideoProc.cpp')
      C:\Program Files (x86)\Microsoft Visual Studio\2022\BuildTools\VC\Tools\MSVC\14.44.35207\atlmfc\include\atlcomcli.h(341,7):
      see declaration of 'ATL::CComPtr<IMFMediaSource>'
  
C:\Users\mcmco\Desktop\WMMR\src\MovieMakerCore\HMRAVSource\AudioCapture.h(108,33): warning C4251: 'HMRAVSource::AudioCapture::m_spReader': 'ATL::CComPtr<IMFSourceReader>' needs to have dll-interface to be used by clients of 'HMRAVSource::AudioCapture' [C:\Users\mcmco\Desktop\WMMR\build\src\MovieMakerCore\MovieMakerCore.vcxproj]
  (compiling source file '../../../src/MovieMakerCore/HMRAVSource/VideoProc.cpp')
      C:\Program Files (x86)\Microsoft Visual Studio\2022\BuildTools\VC\Tools\MSVC\14.44.35207\atlmfc\include\atlcomcli.h(341,7):
      see declaration of 'ATL::CComPtr<IMFSourceReader>'
  
C:\Users\mcmco\Desktop\WMMR\src\MovieMakerCore\HMRAVSource\AudioCapture.h(116,34): warning C4251: 'HMRAVSource::AudioCapture::m_sampleCb': 'std::function<void (IMFSample *)>' needs to have dll-interface to be used by clients of 'HMRAVSource::AudioCapture' [C:\Users\mcmco\Desktop\WMMR\build\src\MovieMakerCore\MovieMakerCore.vcxproj]
  (compiling source file '../../../src/MovieMakerCore/HMRAVSource/VideoProc.cpp')
      C:\Program Files (x86)\Microsoft Visual Studio\2022\BuildTools\VC\Tools\MSVC\14.44.35207\include\functional(1089,7):
      see declaration of 'std::function<void (IMFSample *)>'
  
  IntSet.cpp
C:\Users\mcmco\Desktop\WMMR\src\MovieMakerCore\HMRAVSource\AVCaptureSession.h(117,25): warning C4251: 'HMRAVSource::AVCaptureSession::m_statsCb': 'std::function<void (const HMRAVSource::AVCaptureSessionStats &)>' needs to have dll-interface to be used by clients of 'HMRAVSource::AVCaptureSession' [C:\Users\mcmco\Desktop\WMMR\build\src\MovieMakerCore\MovieMakerCore.vcxproj]
  (compiling source file '../../../src/MovieMakerCore/HMRAVSource/VideoProc.cpp')
      C:\Program Files (x86)\Microsoft Visual Studio\2022\BuildTools\VC\Tools\MSVC\14.44.35207\include\functional(1089,7):
      see declaration of 'std::function<void (const HMRAVSource::AVCaptureSessionStats &)>'
  
C:\Users\mcmco\Desktop\WMMR\src\MovieMakerCore\HMRAVSource\AVCaptureSession.h(118,25): warning C4251: 'HMRAVSource::AVCaptureSession::m_errorCb': 'std::function<void (HRESULT)>' needs to have dll-interface to be used by clients of 'HMRAVSource::AVCaptureSession' [C:\Users\mcmco\Desktop\WMMR\build\src\MovieMakerCore\MovieMakerCore.vcxproj]
  (compiling source file '../../../src/MovieMakerCore/HMRAVSource/VideoProc.cpp')
      C:\Program Files (x86)\Microsoft Visual Studio\2022\BuildTools\VC\Tools\MSVC\14.44.35207\include\functional(1089,7):
      see declaration of 'std::function<void (HRESULT)>'
  
C:\Users\mcmco\Desktop\WMMR\src\MovieMakerCore\HMRAVSource\AVCaptureSession.h(119,25): warning C4251: 'HMRAVSource::AVCaptureSession::m_completeCb': 'std::function<void (HRESULT)>' needs to have dll-interface to be used by clients of 'HMRAVSource::AVCaptureSession' [C:\Users\mcmco\Desktop\WMMR\build\src\MovieMakerCore\MovieMakerCore.vcxproj]
  (compiling source file '../../../src/MovieMakerCore/HMRAVSource/VideoProc.cpp')
      C:\Program Files (x86)\Microsoft Visual Studio\2022\BuildTools\VC\Tools\MSVC\14.44.35207\include\functional(1089,7):
      see declaration of 'std::function<void (HRESULT)>'
  
C:\Users\mcmco\Desktop\WMMR\src\MovieMakerCore\HMRAVSource\AVCaptureSession.h(169,25): warning C4251: 'HMRAVSource::AudioCaptureSession::m_strOutputPath': 'ATL::CStringT<wchar_t,ATL::StrTraitATL<wchar_t,ATL::ChTraitsCRT<wchar_t>>>' needs to have dll-interface to be used by clients of 'HMRAVSource::AudioCaptureSession' [C:\Users\mcmco\Desktop\WMMR\build\src\MovieMakerCore\MovieMakerCore.vcxproj]
  (compiling source file '../../../src/MovieMakerCore/HMRAVSource/VideoProc.cpp')
      C:\Program Files (x86)\Microsoft Visual Studio\2022\BuildTools\VC\Tools\MSVC\14.44.35207\atlmfc\include\cstringt.h(999,7):
      see declaration of 'ATL::CStringT<wchar_t,ATL::StrTraitATL<wchar_t,ATL::ChTraitsCRT<wchar_t>>>'
  
C:\Users\mcmco\Desktop\WMMR\src\MovieMakerCore\HMRAVSource\AVCaptureSession.h(173,25): warning C4251: 'HMRAVSource::AudioCaptureSession::m_completeCb': 'std::function<void (HRESULT,LPCWSTR)>' needs to have dll-interface to be used by clients of 'HMRAVSource::AudioCaptureSession' [C:\Users\mcmco\Desktop\WMMR\build\src\MovieMakerCore\MovieMakerCore.vcxproj]
  (compiling source file '../../../src/MovieMakerCore/HMRAVSource/VideoProc.cpp')
      C:\Program Files (x86)\Microsoft Visual Studio\2022\BuildTools\VC\Tools\MSVC\14.44.35207\include\functional(1089,7):
      see declaration of 'std::function<void (HRESULT,LPCWSTR)>'
  
C:\Users\mcmco\Desktop\WMMR\src\MovieMakerCore\HMRAVSource\CachedWFSection.h(80,35): warning C4251: 'HMRAVSource::CachedWFSection::m_arrEntries': 'ATL::CAtlArray<HMRAVSource::CachedWFEntry,ATL::CElementTraits<E>>' needs to have dll-interface to be used by clients of 'HMRAVSource::CachedWFSection' [C:\Users\mcmco\Desktop\WMMR\build\src\MovieMakerCore\MovieMakerCore.vcxproj]
C:\Users\mcmco\Desktop\WMMR\src\MovieMakerCore\HMRAVSource\CachedWFSection.h(80,35): warning C4251:         with [C:\Users\mcmco\Desktop\WMMR\build\src\MovieMakerCore\MovieMakerCore.vcxproj]
C:\Users\mcmco\Desktop\WMMR\src\MovieMakerCore\HMRAVSource\CachedWFSection.h(80,35): warning C4251:         [ [C:\Users\mcmco\Desktop\WMMR\build\src\MovieMakerCore\MovieMakerCore.vcxproj]
C:\Users\mcmco\Desktop\WMMR\src\MovieMakerCore\HMRAVSource\CachedWFSection.h(80,35): warning C4251:             E=HMRAVSource::CachedWFEntry [C:\Users\mcmco\Desktop\WMMR\build\src\MovieMakerCore\MovieMakerCore.vcxproj]
C:\Users\mcmco\Desktop\WMMR\src\MovieMakerCore\HMRAVSource\CachedWFSection.h(80,35): warning C4251:         ] [C:\Users\mcmco\Desktop\WMMR\build\src\MovieMakerCore\MovieMakerCore.vcxproj]
  (compiling source file '../../../src/MovieMakerCore/HMRAVSource/VideoProc.cpp')
      C:\Program Files (x86)\Microsoft Visual Studio\2022\BuildTools\VC\Tools\MSVC\14.44.35207\atlmfc\include\atlcoll.h(530,7):
      see declaration of 'ATL::CAtlArray<HMRAVSource::CachedWFEntry,ATL::CElementTraits<E>>'
          with
          [
              E=HMRAVSource::CachedWFEntry
          ]
  
C:\Users\mcmco\Desktop\WMMR\src\MovieMakerCore\HMRAVSource\VideoProc.h(106,25): warning C4251: 'HMRAVSource::XVideoProc::m_desc': 'HMRAVSource::VideoProcDesc' needs to have dll-interface to be used by clients of 'HMRAVSource::XVideoProc' [C:\Users\mcmco\Desktop\WMMR\build\src\MovieMakerCore\MovieMakerCore.vcxproj]
  (compiling source file '../../../src/MovieMakerCore/HMRAVSource/VideoProc.cpp')
      C:\Users\mcmco\Desktop\WMMR\src\MovieMakerCore\HMRAVSource\VideoProc.h(32,8):
      see declaration of 'HMRAVSource::VideoProcDesc'
  
C:\Users\mcmco\Desktop\WMMR\src\MovieMakerCore\HMRAVSource\VideoProc.h(110,27): warning C4251: 'HMRAVSource::XVideoProc::m_spColorConverter': 'ATL::CComPtr<IMFTransform>' needs to have dll-interface to be used by clients of 'HMRAVSource::XVideoProc' [C:\Users\mcmco\Desktop\WMMR\build\src\MovieMakerCore\MovieMakerCore.vcxproj]
  (compiling source file '../../../src/MovieMakerCore/HMRAVSource/VideoProc.cpp')
      C:\Program Files (x86)\Microsoft Visual Studio\2022\BuildTools\VC\Tools\MSVC\14.44.35207\atlmfc\include\atlcomcli.h(341,7):
      see declaration of 'ATL::CComPtr<IMFTransform>'
  
C:\Users\mcmco\Desktop\WMMR\src\MovieMakerCore\HMRAVSource\VideoProc.h(111,27): warning C4251: 'HMRAVSource::XVideoProc::m_spScaler': 'ATL::CComPtr<IMFTransform>' needs to have dll-interface to be used by clients of 'HMRAVSource::XVideoProc' [C:\Users\mcmco\Desktop\WMMR\build\src\MovieMakerCore\MovieMakerCore.vcxproj]
  (compiling source file '../../../src/MovieMakerCore/HMRAVSource/VideoProc.cpp')
      C:\Program Files (x86)\Microsoft Visual Studio\2022\BuildTools\VC\Tools\MSVC\14.44.35207\atlmfc\include\atlcomcli.h(341,7):
      see declaration of 'ATL::CComPtr<IMFTransform>'
  
C:\Users\mcmco\Desktop\WMMR\src\MovieMakerCore\HMRAVSource\VideoProc.h(112,43): warning C4251: 'HMRAVSource::XVideoProc::m_extraTransforms': 'ATL::CAtlArray<ATL::CComPtr<IMFTransform>,ATL::CElementTraits<E>>' needs to have dll-interface to be used by clients of 'HMRAVSource::XVideoProc' [C:\Users\mcmco\Desktop\WMMR\build\src\MovieMakerCore\MovieMakerCore.vcxproj]
C:\Users\mcmco\Desktop\WMMR\src\MovieMakerCore\HMRAVSource\VideoProc.h(112,43): warning C4251:         with [C:\Users\mcmco\Desktop\WMMR\build\src\MovieMakerCore\MovieMakerCore.vcxproj]
C:\Users\mcmco\Desktop\WMMR\src\MovieMakerCore\HMRAVSource\VideoProc.h(112,43): warning C4251:         [ [C:\Users\mcmco\Desktop\WMMR\build\src\MovieMakerCore\MovieMakerCore.vcxproj]
C:\Users\mcmco\Desktop\WMMR\src\MovieMakerCore\HMRAVSource\VideoProc.h(112,43): warning C4251:             E=ATL::CComPtr<IMFTransform> [C:\Users\mcmco\Desktop\WMMR\build\src\MovieMakerCore\MovieMakerCore.vcxproj]
C:\Users\mcmco\Desktop\WMMR\src\MovieMakerCore\HMRAVSource\VideoProc.h(112,43): warning C4251:         ] [C:\Users\mcmco\Desktop\WMMR\build\src\MovieMakerCore\MovieMakerCore.vcxproj]
  (compiling source file '../../../src/MovieMakerCore/HMRAVSource/VideoProc.cpp')
      C:\Program Files (x86)\Microsoft Visual Studio\2022\BuildTools\VC\Tools\MSVC\14.44.35207\atlmfc\include\atlcoll.h(530,7):
      see declaration of 'ATL::CAtlArray<ATL::CComPtr<IMFTransform>,ATL::CElementTraits<E>>'
          with
          [
              E=ATL::CComPtr<IMFTransform>
          ]
  
C:\Users\mcmco\Desktop\WMMR\src\MovieMakerCore\HMRAVSource\VideoProc.h(157,13): error C2065: 'IDXVA2VideoProcessor': undeclared identifier [C:\Users\mcmco\Desktop\WMMR\build\src\MovieMakerCore\MovieMakerCore.vcxproj]
  (compiling source file '../../../src/MovieMakerCore/HMRAVSource/VideoProc.cpp')
  
C:\Users\mcmco\Desktop\WMMR\src\MovieMakerCore\HMRAVSource\VideoProc.h(157,5): error C2923: 'ATL::CComPtr': 'IDXVA2VideoProcessor' is not a valid template type argument for parameter 'T' [C:\Users\mcmco\Desktop\WMMR\build\src\MovieMakerCore\MovieMakerCore.vcxproj]
  (compiling source file '../../../src/MovieMakerCore/HMRAVSource/VideoProc.cpp')
      C:\Users\mcmco\Desktop\WMMR\src\MovieMakerCore\HMRAVSource\VideoProc.h(157,13):
      see declaration of 'IDXVA2VideoProcessor'
  
C:\Users\mcmco\Desktop\WMMR\src\MovieMakerCore\HMRAVSource\VideoProc.h(157,45): warning C4251: 'HMRAVSource::DXVA2VideoProc::m_spVideoProcessor': 'ATL::CComPtr' needs to have dll-interface to be used by clients of 'HMRAVSource::DXVA2VideoProc' [C:\Users\mcmco\Desktop\WMMR\build\src\MovieMakerCore\MovieMakerCore.vcxproj]
  (compiling source file '../../../src/MovieMakerCore/HMRAVSource/VideoProc.cpp')
      C:\Program Files (x86)\Microsoft Visual Studio\2022\BuildTools\VC\Tools\MSVC\14.44.35207\atlmfc\include\atlcomcli.h(341,7):
      see declaration of 'ATL::CComPtr'
  
C:\Users\mcmco\Desktop\WMMR\src\MovieMakerCore\HMRAVSource\VideoProc.h(158,13): error C2065: 'IDXVA2VideoProcessorEnumerator': undeclared identifier [C:\Users\mcmco\Desktop\WMMR\build\src\MovieMakerCore\MovieMakerCore.vcxproj]
  (compiling source file '../../../src/MovieMakerCore/HMRAVSource/VideoProc.cpp')
  
C:\Users\mcmco\Desktop\WMMR\src\MovieMakerCore\HMRAVSource\VideoProc.h(158,5): error C2923: 'ATL::CComPtr': 'IDXVA2VideoProcessorEnumerator' is not a valid template type argument for parameter 'T' [C:\Users\mcmco\Desktop\WMMR\build\src\MovieMakerCore\MovieMakerCore.vcxproj]
  (compiling source file '../../../src/MovieMakerCore/HMRAVSource/VideoProc.cpp')
      C:\Users\mcmco\Desktop\WMMR\src\MovieMakerCore\HMRAVSource\VideoProc.h(158,13):
      see declaration of 'IDXVA2VideoProcessorEnumerator'
  
C:\Users\mcmco\Desktop\WMMR\src\WLXPhotoBase\BaseTypes.h(536,18): warning C4251: 'Base::File::m_strPath': 'ATL::CStringT<wchar_t,ATL::StrTraitATL<wchar_t,ATL::ChTraitsCRT<wchar_t>>>' needs to have dll-interface to be used by clients of 'Base::File' [C:\Users\mcmco\Desktop\WMMR\build\src\MovieMakerCore\MovieMakerCore.vcxproj]
  (compiling source file '../../../src/MovieMakerCore/HMRAVSource/ImageThumbnail.cpp')
      C:\Program Files (x86)\Microsoft Visual Studio\2022\BuildTools\VC\Tools\MSVC\14.44.35207\atlmfc\include\cstringt.h(999,7):
      see declaration of 'ATL::CStringT<wchar_t,ATL::StrTraitATL<wchar_t,ATL::ChTraitsCRT<wchar_t>>>'
  
C:\Users\mcmco\Desktop\WMMR\src\MovieMakerCore\HMRAVSource\VideoProc.h(158,45): warning C4251: 'HMRAVSource::DXVA2VideoProc::m_spEnumerator': 'ATL::CComPtr' needs to have dll-interface to be used by clients of 'HMRAVSource::DXVA2VideoProc' [C:\Users\mcmco\Desktop\WMMR\build\src\MovieMakerCore\MovieMakerCore.vcxproj]
  (compiling source file '../../../src/MovieMakerCore/HMRAVSource/VideoProc.cpp')
      C:\Program Files (x86)\Microsoft Visual Studio\2022\BuildTools\VC\Tools\MSVC\14.44.35207\atlmfc\include\atlcomcli.h(341,7):
      see declaration of 'ATL::CComPtr'
  
C:\Users\mcmco\Desktop\WMMR\src\WLXPhotoBase\BaseTypes.h(568,18): warning C4251: 'Base::TempFile::m_strPath': 'ATL::CStringT<wchar_t,ATL::StrTraitATL<wchar_t,ATL::ChTraitsCRT<wchar_t>>>' needs to have dll-interface to be used by clients of 'Base::TempFile' [C:\Users\mcmco\Desktop\WMMR\build\src\MovieMakerCore\MovieMakerCore.vcxproj]
  (compiling source file '../../../src/MovieMakerCore/HMRAVSource/ImageThumbnail.cpp')
      C:\Program Files (x86)\Microsoft Visual Studio\2022\BuildTools\VC\Tools\MSVC\14.44.35207\atlmfc\include\cstringt.h(999,7):
      see declaration of 'ATL::CStringT<wchar_t,ATL::StrTraitATL<wchar_t,ATL::ChTraitsCRT<wchar_t>>>'
  
C:\Users\mcmco\Desktop\WMMR\src\WLXPhotoBase\BaseTypes.h(661,21): warning C4251: 'Base::FindFile::m_strDirectory': 'ATL::CStringT<wchar_t,ATL::StrTraitATL<wchar_t,ATL::ChTraitsCRT<wchar_t>>>' needs to have dll-interface to be used by clients of 'Base::FindFile' [C:\Users\mcmco\Desktop\WMMR\build\src\MovieMakerCore\MovieMakerCore.vcxproj]
  (compiling source file '../../../src/MovieMakerCore/HMRAVSource/ImageThumbnail.cpp')
      C:\Program Files (x86)\Microsoft Visual Studio\2022\BuildTools\VC\Tools\MSVC\14.44.35207\atlmfc\include\cstringt.h(999,7):
      see declaration of 'ATL::CStringT<wchar_t,ATL::StrTraitATL<wchar_t,ATL::ChTraitsCRT<wchar_t>>>'
  
C:\Users\mcmco\Desktop\WMMR\src\MovieMakerCore\HMRAVSource\VideoProc.h(161,45): warning C4251: 'HMRAVSource::DXVA2VideoProc::m_spRenderTarget': 'ATL::CComPtr<IDirect3DSurface9>' needs to have dll-interface to be used by clients of 'HMRAVSource::DXVA2VideoProc' [C:\Users\mcmco\Desktop\WMMR\build\src\MovieMakerCore\MovieMakerCore.vcxproj]
  (compiling source file '../../../src/MovieMakerCore/HMRAVSource/VideoProc.cpp')
      C:\Program Files (x86)\Microsoft Visual Studio\2022\BuildTools\VC\Tools\MSVC\14.44.35207\atlmfc\include\atlcomcli.h(341,7):
      see declaration of 'ATL::CComPtr<IDirect3DSurface9>'
  
C:\Users\mcmco\Desktop\WMMR\src\MovieMakerCore\HMRAVSource\VideoProc.h(162,45): warning C4251: 'HMRAVSource::DXVA2VideoProc::m_spTempSurface': 'ATL::CComPtr<IDirect3DSurface9>' needs to have dll-interface to be used by clients of 'HMRAVSource::DXVA2VideoProc' [C:\Users\mcmco\Desktop\WMMR\build\src\MovieMakerCore\MovieMakerCore.vcxproj]
  (compiling source file '../../../src/MovieMakerCore/HMRAVSource/VideoProc.cpp')
      C:\Program Files (x86)\Microsoft Visual Studio\2022\BuildTools\VC\Tools\MSVC\14.44.35207\atlmfc\include\atlcomcli.h(341,7):
      see declaration of 'ATL::CComPtr<IDirect3DSurface9>'
  
C:\Users\mcmco\Desktop\WMMR\src\MovieMakerCore\HMRAVSource\VideoProc.h(135,13): error C3668: 'HMRAVSource::DXVA2VideoProc::Shutdown': method with override specifier 'override' did not override any base class methods [C:\Users\mcmco\Desktop\WMMR\build\src\MovieMakerCore\MovieMakerCore.vcxproj]
  (compiling source file '../../../src/MovieMakerCore/HMRAVSource/VideoProc.cpp')
  
C:\Users\mcmco\Desktop\WMMR\src\WLXPhotoBase\BaseTypes.h(724,25): warning C4251: 'Base::IntSet::m_values': 'ATL::CAtlArray<int,ATL::CElementTraits<int>>' needs to have dll-interface to be used by clients of 'Base::IntSet' [C:\Users\mcmco\Desktop\WMMR\build\src\MovieMakerCore\MovieMakerCore.vcxproj]
  (compiling source file '../../../src/MovieMakerCore/HMRAVSource/ImageThumbnail.cpp')
      C:\Program Files (x86)\Microsoft Visual Studio\2022\BuildTools\VC\Tools\MSVC\14.44.35207\atlmfc\include\atlcoll.h(530,7):
      see declaration of 'ATL::CAtlArray<int,ATL::CElementTraits<int>>'
  
C:\Users\mcmco\Desktop\WMMR\src\MovieMakerCore\HMRAVSource\VideoProc.cpp(190,9): error C2065: 'CLSID_VideoProcessorMFT': undeclared identifier [C:\Users\mcmco\Desktop\WMMR\build\src\MovieMakerCore\MovieMakerCore.vcxproj]
C:\Users\mcmco\Desktop\WMMR\src\MovieMakerCore\HMRAVSource\VideoProc.cpp(227,1): error C2512: 'ATL::CComPtr': no appropriate default constructor available [C:\Users\mcmco\Desktop\WMMR\build\src\MovieMakerCore\MovieMakerCore.vcxproj]
      C:\Program Files (x86)\Microsoft Visual Studio\2022\BuildTools\VC\Tools\MSVC\14.44.35207\atlmfc\include\atlcomcli.h(341,7):
      see declaration of 'ATL::CComPtr'
  
  StringSet.cpp
C:\Users\mcmco\Desktop\WMMR\src\MovieMakerCore\HMRAVSource\VideoProc.cpp(261,5): error C2678: binary '=': no operator found which takes a left-hand operand of type 'ATL::CComPtr' (or there is no acceptable conversion) [C:\Users\mcmco\Desktop\WMMR\build\src\MovieMakerCore\MovieMakerCore.vcxproj]
      C:\Program Files (x86)\Microsoft Visual Studio\2022\BuildTools\VC\Tools\MSVC\14.44.35207\atlmfc\include\atlcomcli.h(386,8):
      could be 'T *ATL::CComPtr<T>::operator =(ATL::CComPtr<T> &&) throw()'
          C:\Users\mcmco\Desktop\WMMR\src\MovieMakerCore\HMRAVSource\VideoProc.cpp(261,5):
          'T *ATL::CComPtr<T>::operator =(ATL::CComPtr<T> &&) throw()': cannot convert 'this' pointer from 'ATL::CComPtr' to 'ATL::CComPtr<T> &'
              C:\Users\mcmco\Desktop\WMMR\src\MovieMakerCore\HMRAVSource\VideoProc.cpp(261,5):
              Reason: cannot convert from 'ATL::CComPtr' to 'ATL::CComPtr<T>'
              C:\Users\mcmco\Desktop\WMMR\src\MovieMakerCore\HMRAVSource\VideoProc.cpp(261,5):
              Conversion requires a second user-defined-conversion operator or constructor
      C:\Program Files (x86)\Microsoft Visual Studio\2022\BuildTools\VC\Tools\MSVC\14.44.35207\atlmfc\include\atlcomcli.h(373,8):
      or       'T *ATL::CComPtr<T>::operator =(const ATL::CComPtr<T> &) throw()'
          C:\Users\mcmco\Desktop\WMMR\src\MovieMakerCore\HMRAVSource\VideoProc.cpp(261,5):
          'T *ATL::CComPtr<T>::operator =(const ATL::CComPtr<T> &) throw()': cannot convert 'this' pointer from 'ATL::CComPtr' to 'ATL::CComPtr<T> &'
              C:\Users\mcmco\Desktop\WMMR\src\MovieMakerCore\HMRAVSource\VideoProc.cpp(261,5):
              Reason: cannot convert from 'ATL::CComPtr' to 'ATL::CComPtr<T>'
              C:\Users\mcmco\Desktop\WMMR\src\MovieMakerCore\HMRAVSource\VideoProc.cpp(261,5):
              Conversion requires a second user-defined-conversion operator or constructor
      C:\Program Files (x86)\Microsoft Visual Studio\2022\BuildTools\VC\Tools\MSVC\14.44.35207\atlmfc\include\atlcomcli.h(356,8):
      or       'T *ATL::CComPtr<T>::operator =(T *) throw()'
          C:\Users\mcmco\Desktop\WMMR\src\MovieMakerCore\HMRAVSource\VideoProc.cpp(261,5):
          'T *ATL::CComPtr<T>::operator =(T *) throw()': cannot convert 'this' pointer from 'ATL::CComPtr' to 'ATL::CComPtr<T> &'
              C:\Users\mcmco\Desktop\WMMR\src\MovieMakerCore\HMRAVSource\VideoProc.cpp(261,5):
              Reason: cannot convert from 'ATL::CComPtr' to 'ATL::CComPtr<T>'
              C:\Users\mcmco\Desktop\WMMR\src\MovieMakerCore\HMRAVSource\VideoProc.cpp(261,5):
              Conversion requires a second user-defined-conversion operator or constructor
      C:\Program Files (x86)\Microsoft Visual Studio\2022\BuildTools\VC\Tools\MSVC\14.44.35207\atlmfc\include\atlcomcli.h(365,8):
      or       'T *ATL::CComPtr<T>::operator =(const ATL::CComPtr<Q> &) throw()'
          C:\Users\mcmco\Desktop\WMMR\src\MovieMakerCore\HMRAVSource\VideoProc.cpp(261,5):
          'T *ATL::CComPtr<T>::operator =(const ATL::CComPtr<Q> &) throw()': could not deduce template argument for 'const ATL::CComPtr<Q> &' from 'nullptr'
      C:\Users\mcmco\Desktop\WMMR\src\MovieMakerCore\HMRAVSource\VideoProc.cpp(261,5):
      while trying to match the argument list '(ATL::CComPtr, nullptr)'
  
C:\Users\mcmco\Desktop\WMMR\src\MovieMakerCore\HMRAVSource\VideoProc.cpp(261,24): error C2582: 'operator =' function is unavailable in 'ATL::CComPtr' [C:\Users\mcmco\Desktop\WMMR\build\src\MovieMakerCore\MovieMakerCore.vcxproj]
C:\Users\mcmco\Desktop\WMMR\src\MovieMakerCore\HMRAVSource\VideoProc.cpp(262,5): error C2678: binary '=': no operator found which takes a left-hand operand of type 'ATL::CComPtr' (or there is no acceptable conversion) [C:\Users\mcmco\Desktop\WMMR\build\src\MovieMakerCore\MovieMakerCore.vcxproj]
      C:\Program Files (x86)\Microsoft Visual Studio\2022\BuildTools\VC\Tools\MSVC\14.44.35207\atlmfc\include\atlcomcli.h(386,8):
      could be 'T *ATL::CComPtr<T>::operator =(ATL::CComPtr<T> &&) throw()'
          C:\Users\mcmco\Desktop\WMMR\src\MovieMakerCore\HMRAVSource\VideoProc.cpp(262,5):
          'T *ATL::CComPtr<T>::operator =(ATL::CComPtr<T> &&) throw()': cannot convert 'this' pointer from 'ATL::CComPtr' to 'ATL::CComPtr<T> &'
              C:\Users\mcmco\Desktop\WMMR\src\MovieMakerCore\HMRAVSource\VideoProc.cpp(262,5):
              Reason: cannot convert from 'ATL::CComPtr' to 'ATL::CComPtr<T>'
              C:\Users\mcmco\Desktop\WMMR\src\MovieMakerCore\HMRAVSource\VideoProc.cpp(262,5):
              Conversion requires a second user-defined-conversion operator or constructor
      C:\Program Files (x86)\Microsoft Visual Studio\2022\BuildTools\VC\Tools\MSVC\14.44.35207\atlmfc\include\atlcomcli.h(373,8):
      or       'T *ATL::CComPtr<T>::operator =(const ATL::CComPtr<T> &) throw()'
          C:\Users\mcmco\Desktop\WMMR\src\MovieMakerCore\HMRAVSource\VideoProc.cpp(262,5):
          'T *ATL::CComPtr<T>::operator =(const ATL::CComPtr<T> &) throw()': cannot convert 'this' pointer from 'ATL::CComPtr' to 'ATL::CComPtr<T> &'
              C:\Users\mcmco\Desktop\WMMR\src\MovieMakerCore\HMRAVSource\VideoProc.cpp(262,5):
              Reason: cannot convert from 'ATL::CComPtr' to 'ATL::CComPtr<T>'
              C:\Users\mcmco\Desktop\WMMR\src\MovieMakerCore\HMRAVSource\VideoProc.cpp(262,5):
              Conversion requires a second user-defined-conversion operator or constructor
      C:\Program Files (x86)\Microsoft Visual Studio\2022\BuildTools\VC\Tools\MSVC\14.44.35207\atlmfc\include\atlcomcli.h(356,8):
      or       'T *ATL::CComPtr<T>::operator =(T *) throw()'
          C:\Users\mcmco\Desktop\WMMR\src\MovieMakerCore\HMRAVSource\VideoProc.cpp(262,5):
          'T *ATL::CComPtr<T>::operator =(T *) throw()': cannot convert 'this' pointer from 'ATL::CComPtr' to 'ATL::CComPtr<T> &'
              C:\Users\mcmco\Desktop\WMMR\src\MovieMakerCore\HMRAVSource\VideoProc.cpp(262,5):
              Reason: cannot convert from 'ATL::CComPtr' to 'ATL::CComPtr<T>'
              C:\Users\mcmco\Desktop\WMMR\src\MovieMakerCore\HMRAVSource\VideoProc.cpp(262,5):
              Conversion requires a second user-defined-conversion operator or constructor
      C:\Program Files (x86)\Microsoft Visual Studio\2022\BuildTools\VC\Tools\MSVC\14.44.35207\atlmfc\include\atlcomcli.h(365,8):
      or       'T *ATL::CComPtr<T>::operator =(const ATL::CComPtr<Q> &) throw()'
          C:\Users\mcmco\Desktop\WMMR\src\MovieMakerCore\HMRAVSource\VideoProc.cpp(262,5):
          'T *ATL::CComPtr<T>::operator =(const ATL::CComPtr<Q> &) throw()': could not deduce template argument for 'const ATL::CComPtr<Q> &' from 'nullptr'
      C:\Users\mcmco\Desktop\WMMR\src\MovieMakerCore\HMRAVSource\VideoProc.cpp(262,5):
      while trying to match the argument list '(ATL::CComPtr, nullptr)'
  
C:\Users\mcmco\Desktop\WMMR\src\MovieMakerCore\HMRAVSource\VideoProc.cpp(262,20): error C2582: 'operator =' function is unavailable in 'ATL::CComPtr' [C:\Users\mcmco\Desktop\WMMR\build\src\MovieMakerCore\MovieMakerCore.vcxproj]
C:\Users\mcmco\Desktop\WMMR\src\MovieMakerCore\HMRAVSource\VideoProc.cpp(354,18): error C3861: 'DXVA2CreateVideoProcessorEnumerator': identifier not found [C:\Users\mcmco\Desktop\WMMR\build\src\MovieMakerCore\MovieMakerCore.vcxproj]
C:\Users\mcmco\Desktop\WMMR\src\MovieMakerCore\HMRAVSource\VideoProc.cpp(365,10): error C3861: 'DXVA2CreateVideoProcessor': identifier not found [C:\Users\mcmco\Desktop\WMMR\build\src\MovieMakerCore\MovieMakerCore.vcxproj]
C:\Users\mcmco\Desktop\WMMR\src\MovieMakerCore\pch.h(21,9): warning C4005: 'WINVER': macro redefinition [C:\Users\mcmco\Desktop\WMMR\build\src\MovieMakerCore\MovieMakerCore.vcxproj]
  (compiling source file '../../../src/MovieMakerCore/DataStructs/IntSet.cpp')
      C:\Users\mcmco\Desktop\WMMR\src\MovieMakerCore\pch.h(21,9):
      'WINVER' previously declared on the command line
  
C:\Users\mcmco\Desktop\WMMR\src\MovieMakerCore\pch.h(22,9): warning C4005: '_WIN32_WINNT': macro redefinition [C:\Users\mcmco\Desktop\WMMR\build\src\MovieMakerCore\MovieMakerCore.vcxproj]
  (compiling source file '../../../src/MovieMakerCore/DataStructs/IntSet.cpp')
      C:\Users\mcmco\Desktop\WMMR\src\MovieMakerCore\pch.h(22,9):
      '_WIN32_WINNT' previously declared on the command line
  
C:\Users\mcmco\Desktop\WMMR\src\MovieMakerCore\pch.h(30,9): warning C4005: 'WIN32_LEAN_AND_MEAN': macro redefinition [C:\Users\mcmco\Desktop\WMMR\build\src\MovieMakerCore\MovieMakerCore.vcxproj]
  (compiling source file '../../../src/MovieMakerCore/DataStructs/IntSet.cpp')
      C:\Users\mcmco\Desktop\WMMR\src\MovieMakerCore\pch.h(30,9):
      'WIN32_LEAN_AND_MEAN' previously declared on the command line
  
C:\Users\mcmco\Desktop\WMMR\src\MovieMakerCore\pch.h(31,9): warning C4005: 'NOMINMAX': macro redefinition [C:\Users\mcmco\Desktop\WMMR\build\src\MovieMakerCore\MovieMakerCore.vcxproj]
  (compiling source file '../../../src/MovieMakerCore/DataStructs/IntSet.cpp')
      C:\Users\mcmco\Desktop\WMMR\src\MovieMakerCore\pch.h(31,9):
      'NOMINMAX' previously declared on the command line
  
C:\Users\mcmco\Desktop\WMMR\src\MovieMakerCore\pch.h(32,9): warning C4005: '_CRT_SECURE_NO_WARNINGS': macro redefinition [C:\Users\mcmco\Desktop\WMMR\build\src\MovieMakerCore\MovieMakerCore.vcxproj]
  (compiling source file '../../../src/MovieMakerCore/DataStructs/IntSet.cpp')
      C:\Users\mcmco\Desktop\WMMR\src\MovieMakerCore\pch.h(32,9):
      '_CRT_SECURE_NO_WARNINGS' previously declared on the command line
  
C:\Users\mcmco\Desktop\WMMR\src\MovieMakerCore\pch.h(33,9): warning C4005: '_WINDLL': macro redefinition [C:\Users\mcmco\Desktop\WMMR\build\src\MovieMakerCore\MovieMakerCore.vcxproj]
  (compiling source file '../../../src/MovieMakerCore/DataStructs/IntSet.cpp')
      C:\Users\mcmco\Desktop\WMMR\src\MovieMakerCore\pch.h(33,9):
      '_WINDLL' previously declared on the command line
  
C:\Users\mcmco\Desktop\WMMR\src\MovieMakerCore\pch.h(34,9): warning C4005: '_AFXDLL': macro redefinition [C:\Users\mcmco\Desktop\WMMR\build\src\MovieMakerCore\MovieMakerCore.vcxproj]
  (compiling source file '../../../src/MovieMakerCore/DataStructs/IntSet.cpp')
      C:\Users\mcmco\Desktop\WMMR\src\MovieMakerCore\pch.h(34,9):
      '_AFXDLL' previously declared on the command line
  
C:\Users\mcmco\Desktop\WMMR\src\MovieMakerCore\pch.h(35,9): warning C4005: '_ATL_CSTRING_EXPLICIT_CONSTRUCTORS': macro redefinition [C:\Users\mcmco\Desktop\WMMR\build\src\MovieMakerCore\MovieMakerCore.vcxproj]
  (compiling source file '../../../src/MovieMakerCore/DataStructs/IntSet.cpp')
      C:\Users\mcmco\Desktop\WMMR\src\MovieMakerCore\pch.h(35,9):
      '_ATL_CSTRING_EXPLICIT_CONSTRUCTORS' previously declared on the command line
  
C:\Users\mcmco\Desktop\WMMR\src\MovieMakerCore\pch.h(36,9): warning C4005: '_ATL_ALL_WARNINGS': macro redefinition [C:\Users\mcmco\Desktop\WMMR\build\src\MovieMakerCore\MovieMakerCore.vcxproj]
  (compiling source file '../../../src/MovieMakerCore/DataStructs/IntSet.cpp')
      C:\Users\mcmco\Desktop\WMMR\src\MovieMakerCore\pch.h(36,9):
      '_ATL_ALL_WARNINGS' previously declared on the command line
  
C:\Users\mcmco\Desktop\WMMR\src\WLXPhotoBase\BaseTypes.h(536,18): warning C4251: 'Base::File::m_strPath': 'ATL::CStringT<wchar_t,ATL::StrTraitATL<wchar_t,ATL::ChTraitsCRT<wchar_t>>>' needs to have dll-interface to be used by clients of 'Base::File' [C:\Users\mcmco\Desktop\WMMR\build\src\MovieMakerCore\MovieMakerCore.vcxproj]
  (compiling source file '../../../src/MovieMakerCore/HMRAVSource/TranscodeMetadata.cpp')
      C:\Program Files (x86)\Microsoft Visual Studio\2022\BuildTools\VC\Tools\MSVC\14.44.35207\atlmfc\include\cstringt.h(999,7):
      see declaration of 'ATL::CStringT<wchar_t,ATL::StrTraitATL<wchar_t,ATL::ChTraitsCRT<wchar_t>>>'
  
C:\Users\mcmco\Desktop\WMMR\src\WLXPhotoBase\BaseTypes.h(568,18): warning C4251: 'Base::TempFile::m_strPath': 'ATL::CStringT<wchar_t,ATL::StrTraitATL<wchar_t,ATL::ChTraitsCRT<wchar_t>>>' needs to have dll-interface to be used by clients of 'Base::TempFile' [C:\Users\mcmco\Desktop\WMMR\build\src\MovieMakerCore\MovieMakerCore.vcxproj]
  (compiling source file '../../../src/MovieMakerCore/HMRAVSource/TranscodeMetadata.cpp')
      C:\Program Files (x86)\Microsoft Visual Studio\2022\BuildTools\VC\Tools\MSVC\14.44.35207\atlmfc\include\cstringt.h(999,7):
      see declaration of 'ATL::CStringT<wchar_t,ATL::StrTraitATL<wchar_t,ATL::ChTraitsCRT<wchar_t>>>'
  
C:\Users\mcmco\Desktop\WMMR\src\WLXPhotoBase\BaseTypes.h(661,21): warning C4251: 'Base::FindFile::m_strDirectory': 'ATL::CStringT<wchar_t,ATL::StrTraitATL<wchar_t,ATL::ChTraitsCRT<wchar_t>>>' needs to have dll-interface to be used by clients of 'Base::FindFile' [C:\Users\mcmco\Desktop\WMMR\build\src\MovieMakerCore\MovieMakerCore.vcxproj]
  (compiling source file '../../../src/MovieMakerCore/HMRAVSource/TranscodeMetadata.cpp')
      C:\Program Files (x86)\Microsoft Visual Studio\2022\BuildTools\VC\Tools\MSVC\14.44.35207\atlmfc\include\cstringt.h(999,7):
      see declaration of 'ATL::CStringT<wchar_t,ATL::StrTraitATL<wchar_t,ATL::ChTraitsCRT<wchar_t>>>'
  
C:\Users\mcmco\Desktop\WMMR\src\WLXPhotoBase\BaseTypes.h(724,25): warning C4251: 'Base::IntSet::m_values': 'ATL::CAtlArray<int,ATL::CElementTraits<int>>' needs to have dll-interface to be used by clients of 'Base::IntSet' [C:\Users\mcmco\Desktop\WMMR\build\src\MovieMakerCore\MovieMakerCore.vcxproj]
  (compiling source file '../../../src/MovieMakerCore/HMRAVSource/TranscodeMetadata.cpp')
      C:\Program Files (x86)\Microsoft Visual Studio\2022\BuildTools\VC\Tools\MSVC\14.44.35207\atlmfc\include\atlcoll.h(530,7):
      see declaration of 'ATL::CAtlArray<int,ATL::CElementTraits<int>>'
  
  RibbonApp.cpp
C:\Users\mcmco\Desktop\WMMR\src\MovieMakerCore\pch.h(21,9): warning C4005: 'WINVER': macro redefinition [C:\Users\mcmco\Desktop\WMMR\build\src\MovieMakerCore\MovieMakerCore.vcxproj]
  (compiling source file '../../../src/MovieMakerCore/DataStructs/StringSet.cpp')
      C:\Users\mcmco\Desktop\WMMR\src\MovieMakerCore\pch.h(21,9):
      'WINVER' previously declared on the command line
  
C:\Users\mcmco\Desktop\WMMR\src\MovieMakerCore\pch.h(22,9): warning C4005: '_WIN32_WINNT': macro redefinition [C:\Users\mcmco\Desktop\WMMR\build\src\MovieMakerCore\MovieMakerCore.vcxproj]
  (compiling source file '../../../src/MovieMakerCore/DataStructs/StringSet.cpp')
      C:\Users\mcmco\Desktop\WMMR\src\MovieMakerCore\pch.h(22,9):
      '_WIN32_WINNT' previously declared on the command line
  
C:\Users\mcmco\Desktop\WMMR\src\MovieMakerCore\HMRAVSource\StreamSink.h(101,33): warning C4251: 'HMRAVSource::StreamSink::m_spSinkWriter': 'ATL::CComPtr<IMFSinkWriter>' needs to have dll-interface to be used by clients of 'HMRAVSource::StreamSink' [C:\Users\mcmco\Desktop\WMMR\build\src\MovieMakerCore\MovieMakerCore.vcxproj]
  (compiling source file '../../../src/MovieMakerCore/HMRAVSource/ImageThumbnail.cpp')
      C:\Program Files (x86)\Microsoft Visual Studio\2022\BuildTools\VC\Tools\MSVC\14.44.35207\atlmfc\include\atlcomcli.h(341,7):
      see declaration of 'ATL::CComPtr<IMFSinkWriter>'
  
C:\Users\mcmco\Desktop\WMMR\src\MovieMakerCore\pch.h(30,9): warning C4005: 'WIN32_LEAN_AND_MEAN': macro redefinition [C:\Users\mcmco\Desktop\WMMR\build\src\MovieMakerCore\MovieMakerCore.vcxproj]
  (compiling source file '../../../src/MovieMakerCore/DataStructs/StringSet.cpp')
      C:\Users\mcmco\Desktop\WMMR\src\MovieMakerCore\pch.h(30,9):
      'WIN32_LEAN_AND_MEAN' previously declared on the command line
  
C:\Users\mcmco\Desktop\WMMR\src\MovieMakerCore\pch.h(31,9): warning C4005: 'NOMINMAX': macro redefinition [C:\Users\mcmco\Desktop\WMMR\build\src\MovieMakerCore\MovieMakerCore.vcxproj]
  (compiling source file '../../../src/MovieMakerCore/DataStructs/StringSet.cpp')
      C:\Users\mcmco\Desktop\WMMR\src\MovieMakerCore\pch.h(31,9):
      'NOMINMAX' previously declared on the command line
  
C:\Users\mcmco\Desktop\WMMR\src\MovieMakerCore\pch.h(32,9): warning C4005: '_CRT_SECURE_NO_WARNINGS': macro redefinition [C:\Users\mcmco\Desktop\WMMR\build\src\MovieMakerCore\MovieMakerCore.vcxproj]
  (compiling source file '../../../src/MovieMakerCore/DataStructs/StringSet.cpp')
      C:\Users\mcmco\Desktop\WMMR\src\MovieMakerCore\pch.h(32,9):
      '_CRT_SECURE_NO_WARNINGS' previously declared on the command line
  
C:\Users\mcmco\Desktop\WMMR\src\MovieMakerCore\pch.h(33,9): warning C4005: '_WINDLL': macro redefinition [C:\Users\mcmco\Desktop\WMMR\build\src\MovieMakerCore\MovieMakerCore.vcxproj]
  (compiling source file '../../../src/MovieMakerCore/DataStructs/StringSet.cpp')
      C:\Users\mcmco\Desktop\WMMR\src\MovieMakerCore\pch.h(33,9):
      '_WINDLL' previously declared on the command line
  
C:\Users\mcmco\Desktop\WMMR\src\MovieMakerCore\pch.h(34,9): warning C4005: '_AFXDLL': macro redefinition [C:\Users\mcmco\Desktop\WMMR\build\src\MovieMakerCore\MovieMakerCore.vcxproj]
  (compiling source file '../../../src/MovieMakerCore/DataStructs/StringSet.cpp')
      C:\Users\mcmco\Desktop\WMMR\src\MovieMakerCore\pch.h(34,9):
      '_AFXDLL' previously declared on the command line
  
C:\Users\mcmco\Desktop\WMMR\src\MovieMakerCore\pch.h(35,9): warning C4005: '_ATL_CSTRING_EXPLICIT_CONSTRUCTORS': macro redefinition [C:\Users\mcmco\Desktop\WMMR\build\src\MovieMakerCore\MovieMakerCore.vcxproj]
  (compiling source file '../../../src/MovieMakerCore/DataStructs/StringSet.cpp')
      C:\Users\mcmco\Desktop\WMMR\src\MovieMakerCore\pch.h(35,9):
      '_ATL_CSTRING_EXPLICIT_CONSTRUCTORS' previously declared on the command line
  
C:\Users\mcmco\Desktop\WMMR\src\MovieMakerCore\pch.h(36,9): warning C4005: '_ATL_ALL_WARNINGS': macro redefinition [C:\Users\mcmco\Desktop\WMMR\build\src\MovieMakerCore\MovieMakerCore.vcxproj]
  (compiling source file '../../../src/MovieMakerCore/DataStructs/StringSet.cpp')
      C:\Users\mcmco\Desktop\WMMR\src\MovieMakerCore\pch.h(36,9):
      '_ATL_ALL_WARNINGS' previously declared on the command line
  
C:\Users\mcmco\Desktop\WMMR\src\MovieMakerCore\HMRAVSource\StreamSink.h(108,33): warning C4251: 'HMRAVSource::StreamSink::m_progressCb': 'std::function<void (const HMRAVSource::StreamSinkStats &)>' needs to have dll-interface to be used by clients of 'HMRAVSource::StreamSink' [C:\Users\mcmco\Desktop\WMMR\build\src\MovieMakerCore\MovieMakerCore.vcxproj]
  (compiling source file '../../../src/MovieMakerCore/HMRAVSource/ImageThumbnail.cpp')
      C:\Program Files (x86)\Microsoft Visual Studio\2022\BuildTools\VC\Tools\MSVC\14.44.35207\include\functional(1089,7):
      see declaration of 'std::function<void (const HMRAVSource::StreamSinkStats &)>'
  
C:\Users\mcmco\Desktop\WMMR\src\MovieMakerCore\HMRAVSource\TranscodeManager.h(123,29): warning C4251: 'HMRAVSource::TranscodeManager::m_progressCb': 'std::function<void (const HMRAVSource::TranscodeProgress &)>' needs to have dll-interface to be used by clients of 'HMRAVSource::TranscodeManager' [C:\Users\mcmco\Desktop\WMMR\build\src\MovieMakerCore\MovieMakerCore.vcxproj]
  (compiling source file '../../../src/MovieMakerCore/HMRAVSource/ImageThumbnail.cpp')
      C:\Program Files (x86)\Microsoft Visual Studio\2022\BuildTools\VC\Tools\MSVC\14.44.35207\include\functional(1089,7):
      see declaration of 'std::function<void (const HMRAVSource::TranscodeProgress &)>'
  
C:\Users\mcmco\Desktop\WMMR\src\MovieMakerCore\HMRAVSource\TranscodeManager.h(124,29): warning C4251: 'HMRAVSource::TranscodeManager::m_errorCb': 'std::function<void (HRESULT,LPCWSTR)>' needs to have dll-interface to be used by clients of 'HMRAVSource::TranscodeManager' [C:\Users\mcmco\Desktop\WMMR\build\src\MovieMakerCore\MovieMakerCore.vcxproj]
  (compiling source file '../../../src/MovieMakerCore/HMRAVSource/ImageThumbnail.cpp')
      C:\Program Files (x86)\Microsoft Visual Studio\2022\BuildTools\VC\Tools\MSVC\14.44.35207\include\functional(1089,7):
      see declaration of 'std::function<void (HRESULT,LPCWSTR)>'
  
C:\Users\mcmco\Desktop\WMMR\src\MovieMakerCore\HMRAVSource\TranscodeManager.h(125,29): warning C4251: 'HMRAVSource::TranscodeManager::m_completeCb': 'std::function<void (HRESULT,LPCWSTR)>' needs to have dll-interface to be used by clients of 'HMRAVSource::TranscodeManager' [C:\Users\mcmco\Desktop\WMMR\build\src\MovieMakerCore\MovieMakerCore.vcxproj]
  (compiling source file '../../../src/MovieMakerCore/HMRAVSource/ImageThumbnail.cpp')
      C:\Program Files (x86)\Microsoft Visual Studio\2022\BuildTools\VC\Tools\MSVC\14.44.35207\include\functional(1089,7):
      see declaration of 'std::function<void (HRESULT,LPCWSTR)>'
  
C:\Users\mcmco\Desktop\WMMR\src\MovieMakerCore\HMRAVSource\TranscodeManager.h(127,29): warning C4251: 'HMRAVSource::TranscodeManager::m_spVideoTransform': 'ATL::CComPtr<IMFTransform>' needs to have dll-interface to be used by clients of 'HMRAVSource::TranscodeManager' [C:\Users\mcmco\Desktop\WMMR\build\src\MovieMakerCore\MovieMakerCore.vcxproj]
  (compiling source file '../../../src/MovieMakerCore/HMRAVSource/ImageThumbnail.cpp')
      C:\Program Files (x86)\Microsoft Visual Studio\2022\BuildTools\VC\Tools\MSVC\14.44.35207\atlmfc\include\atlcomcli.h(341,7):
      see declaration of 'ATL::CComPtr<IMFTransform>'
  
C:\Users\mcmco\Desktop\WMMR\src\MovieMakerCore\HMRAVSource\TranscodeManager.h(128,29): warning C4251: 'HMRAVSource::TranscodeManager::m_spAudioTransform': 'ATL::CComPtr<IMFTransform>' needs to have dll-interface to be used by clients of 'HMRAVSource::TranscodeManager' [C:\Users\mcmco\Desktop\WMMR\build\src\MovieMakerCore\MovieMakerCore.vcxproj]
  (compiling source file '../../../src/MovieMakerCore/HMRAVSource/ImageThumbnail.cpp')
      C:\Program Files (x86)\Microsoft Visual Studio\2022\BuildTools\VC\Tools\MSVC\14.44.35207\atlmfc\include\atlcomcli.h(341,7):
      see declaration of 'ATL::CComPtr<IMFTransform>'
  
C:\Users\mcmco\Desktop\WMMR\src\MovieMakerCore\HMRAVSource\VideoCapture.h(105,37): warning C4251: 'HMRAVSource::VideoCapture::m_spMediaSource': 'ATL::CComPtr<IMFMediaSource>' needs to have dll-interface to be used by clients of 'HMRAVSource::VideoCapture' [C:\Users\mcmco\Desktop\WMMR\build\src\MovieMakerCore\MovieMakerCore.vcxproj]
  (compiling source file '../../../src/MovieMakerCore/HMRAVSource/ImageThumbnail.cpp')
      C:\Program Files (x86)\Microsoft Visual Studio\2022\BuildTools\VC\Tools\MSVC\14.44.35207\atlmfc\include\atlcomcli.h(341,7):
      see declaration of 'ATL::CComPtr<IMFMediaSource>'
  
C:\Users\mcmco\Desktop\WMMR\src\MovieMakerCore\HMRAVSource\VideoCapture.h(106,37): warning C4251: 'HMRAVSource::VideoCapture::m_spCaptureEngine': 'ATL::CComPtr<IMFCaptureEngine>' needs to have dll-interface to be used by clients of 'HMRAVSource::VideoCapture' [C:\Users\mcmco\Desktop\WMMR\build\src\MovieMakerCore\MovieMakerCore.vcxproj]
  (compiling source file '../../../src/MovieMakerCore/HMRAVSource/ImageThumbnail.cpp')
      C:\Program Files (x86)\Microsoft Visual Studio\2022\BuildTools\VC\Tools\MSVC\14.44.35207\atlmfc\include\atlcomcli.h(341,7):
      see declaration of 'ATL::CComPtr<IMFCaptureEngine>'
  
C:\Users\mcmco\Desktop\WMMR\src\MovieMakerCore\HMRAVSource\VideoCapture.h(107,37): warning C4251: 'HMRAVSource::VideoCapture::m_spPreviewSink': 'ATL::CComPtr<IMFCapturePreviewSink>' needs to have dll-interface to be used by clients of 'HMRAVSource::VideoCapture' [C:\Users\mcmco\Desktop\WMMR\build\src\MovieMakerCore\MovieMakerCore.vcxproj]
  (compiling source file '../../../src/MovieMakerCore/HMRAVSource/ImageThumbnail.cpp')
      C:\Program Files (x86)\Microsoft Visual Studio\2022\BuildTools\VC\Tools\MSVC\14.44.35207\atlmfc\include\atlcomcli.h(341,7):
      see declaration of 'ATL::CComPtr<IMFCapturePreviewSink>'
  
C:\Users\mcmco\Desktop\WMMR\src\MovieMakerCore\pch.h(21,9): warning C4005: 'WINVER': macro redefinition [C:\Users\mcmco\Desktop\WMMR\build\src\MovieMakerCore\MovieMakerCore.vcxproj]
  (compiling source file '../../../src/MovieMakerCore/UI/Ribbon/RibbonApp.cpp')
      C:\Users\mcmco\Desktop\WMMR\src\MovieMakerCore\pch.h(21,9):
      'WINVER' previously declared on the command line
  
C:\Users\mcmco\Desktop\WMMR\src\MovieMakerCore\pch.h(22,9): warning C4005: '_WIN32_WINNT': macro redefinition [C:\Users\mcmco\Desktop\WMMR\build\src\MovieMakerCore\MovieMakerCore.vcxproj]
  (compiling source file '../../../src/MovieMakerCore/UI/Ribbon/RibbonApp.cpp')
      C:\Users\mcmco\Desktop\WMMR\src\MovieMakerCore\pch.h(22,9):
      '_WIN32_WINNT' previously declared on the command line
  
C:\Users\mcmco\Desktop\WMMR\src\MovieMakerCore\HMRAVSource\VideoCapture.h(108,37): warning C4251: 'HMRAVSource::VideoCapture::m_spRecordSink': 'ATL::CComPtr<IMFCaptureRecordSink>' needs to have dll-interface to be used by clients of 'HMRAVSource::VideoCapture' [C:\Users\mcmco\Desktop\WMMR\build\src\MovieMakerCore\MovieMakerCore.vcxproj]
  (compiling source file '../../../src/MovieMakerCore/HMRAVSource/ImageThumbnail.cpp')
      C:\Program Files (x86)\Microsoft Visual Studio\2022\BuildTools\VC\Tools\MSVC\14.44.35207\atlmfc\include\atlcomcli.h(341,7):
      see declaration of 'ATL::CComPtr<IMFCaptureRecordSink>'
  
C:\Users\mcmco\Desktop\WMMR\src\MovieMakerCore\pch.h(30,9): warning C4005: 'WIN32_LEAN_AND_MEAN': macro redefinition [C:\Users\mcmco\Desktop\WMMR\build\src\MovieMakerCore\MovieMakerCore.vcxproj]
  (compiling source file '../../../src/MovieMakerCore/UI/Ribbon/RibbonApp.cpp')
      C:\Users\mcmco\Desktop\WMMR\src\MovieMakerCore\pch.h(30,9):
      'WIN32_LEAN_AND_MEAN' previously declared on the command line
  
C:\Users\mcmco\Desktop\WMMR\src\MovieMakerCore\pch.h(31,9): warning C4005: 'NOMINMAX': macro redefinition [C:\Users\mcmco\Desktop\WMMR\build\src\MovieMakerCore\MovieMakerCore.vcxproj]
  (compiling source file '../../../src/MovieMakerCore/UI/Ribbon/RibbonApp.cpp')
      C:\Users\mcmco\Desktop\WMMR\src\MovieMakerCore\pch.h(31,9):
      'NOMINMAX' previously declared on the command line
  
C:\Users\mcmco\Desktop\WMMR\src\MovieMakerCore\pch.h(32,9): warning C4005: '_CRT_SECURE_NO_WARNINGS': macro redefinition [C:\Users\mcmco\Desktop\WMMR\build\src\MovieMakerCore\MovieMakerCore.vcxproj]
  (compiling source file '../../../src/MovieMakerCore/UI/Ribbon/RibbonApp.cpp')
      C:\Users\mcmco\Desktop\WMMR\src\MovieMakerCore\pch.h(32,9):
      '_CRT_SECURE_NO_WARNINGS' previously declared on the command line
  
C:\Users\mcmco\Desktop\WMMR\src\MovieMakerCore\pch.h(33,9): warning C4005: '_WINDLL': macro redefinition [C:\Users\mcmco\Desktop\WMMR\build\src\MovieMakerCore\MovieMakerCore.vcxproj]
  (compiling source file '../../../src/MovieMakerCore/UI/Ribbon/RibbonApp.cpp')
      C:\Users\mcmco\Desktop\WMMR\src\MovieMakerCore\pch.h(33,9):
      '_WINDLL' previously declared on the command line
  
C:\Users\mcmco\Desktop\WMMR\src\MovieMakerCore\pch.h(34,9): warning C4005: '_AFXDLL': macro redefinition [C:\Users\mcmco\Desktop\WMMR\build\src\MovieMakerCore\MovieMakerCore.vcxproj]
  (compiling source file '../../../src/MovieMakerCore/UI/Ribbon/RibbonApp.cpp')
      C:\Users\mcmco\Desktop\WMMR\src\MovieMakerCore\pch.h(34,9):
      '_AFXDLL' previously declared on the command line
  
C:\Users\mcmco\Desktop\WMMR\src\MovieMakerCore\pch.h(35,9): warning C4005: '_ATL_CSTRING_EXPLICIT_CONSTRUCTORS': macro redefinition [C:\Users\mcmco\Desktop\WMMR\build\src\MovieMakerCore\MovieMakerCore.vcxproj]
  (compiling source file '../../../src/MovieMakerCore/UI/Ribbon/RibbonApp.cpp')
      C:\Users\mcmco\Desktop\WMMR\src\MovieMakerCore\pch.h(35,9):
      '_ATL_CSTRING_EXPLICIT_CONSTRUCTORS' previously declared on the command line
  
C:\Users\mcmco\Desktop\WMMR\src\MovieMakerCore\pch.h(36,9): warning C4005: '_ATL_ALL_WARNINGS': macro redefinition [C:\Users\mcmco\Desktop\WMMR\build\src\MovieMakerCore\MovieMakerCore.vcxproj]
  (compiling source file '../../../src/MovieMakerCore/UI/Ribbon/RibbonApp.cpp')
      C:\Users\mcmco\Desktop\WMMR\src\MovieMakerCore\pch.h(36,9):
      '_ATL_ALL_WARNINGS' previously declared on the command line
  
C:\Users\mcmco\Desktop\WMMR\src\MovieMakerCore\HMRAVSource\VideoCapture.h(117,38): warning C4251: 'HMRAVSource::VideoCapture::m_frameCb': 'std::function<void (IMFSample *)>' needs to have dll-interface to be used by clients of 'HMRAVSource::VideoCapture' [C:\Users\mcmco\Desktop\WMMR\build\src\MovieMakerCore\MovieMakerCore.vcxproj]
  (compiling source file '../../../src/MovieMakerCore/HMRAVSource/ImageThumbnail.cpp')
      C:\Program Files (x86)\Microsoft Visual Studio\2022\BuildTools\VC\Tools\MSVC\14.44.35207\include\functional(1089,7):
      see declaration of 'std::function<void (IMFSample *)>'
  
C:\Users\mcmco\Desktop\WMMR\src\MovieMakerCore\HMRAVSource\AudioCapture.h(107,33): warning C4251: 'HMRAVSource::AudioCapture::m_spMediaSource': 'ATL::CComPtr<IMFMediaSource>' needs to have dll-interface to be used by clients of 'HMRAVSource::AudioCapture' [C:\Users\mcmco\Desktop\WMMR\build\src\MovieMakerCore\MovieMakerCore.vcxproj]
  (compiling source file '../../../src/MovieMakerCore/HMRAVSource/ImageThumbnail.cpp')
      C:\Program Files (x86)\Microsoft Visual Studio\2022\BuildTools\VC\Tools\MSVC\14.44.35207\atlmfc\include\atlcomcli.h(341,7):
      see declaration of 'ATL::CComPtr<IMFMediaSource>'
  
C:\Users\mcmco\Desktop\WMMR\src\MovieMakerCore\HMRAVSource\AudioCapture.h(108,33): warning C4251: 'HMRAVSource::AudioCapture::m_spReader': 'ATL::CComPtr<IMFSourceReader>' needs to have dll-interface to be used by clients of 'HMRAVSource::AudioCapture' [C:\Users\mcmco\Desktop\WMMR\build\src\MovieMakerCore\MovieMakerCore.vcxproj]
  (compiling source file '../../../src/MovieMakerCore/HMRAVSource/ImageThumbnail.cpp')
      C:\Program Files (x86)\Microsoft Visual Studio\2022\BuildTools\VC\Tools\MSVC\14.44.35207\atlmfc\include\atlcomcli.h(341,7):
      see declaration of 'ATL::CComPtr<IMFSourceReader>'
  
C:\Users\mcmco\Desktop\WMMR\src\WLXPhotoBase\BaseTypes.h(536,18): warning C4251: 'Base::File::m_strPath': 'ATL::CStringT<wchar_t,ATL::StrTraitATL<wchar_t,ATL::ChTraitsCRT<wchar_t>>>' needs to have dll-interface to be used by clients of 'Base::File' [C:\Users\mcmco\Desktop\WMMR\build\src\MovieMakerCore\MovieMakerCore.vcxproj]
  (compiling source file '../../../src/MovieMakerCore/HMRAVSource/Audio/AudioOutput.cpp')
      C:\Program Files (x86)\Microsoft Visual Studio\2022\BuildTools\VC\Tools\MSVC\14.44.35207\atlmfc\include\cstringt.h(999,7):
      see declaration of 'ATL::CStringT<wchar_t,ATL::StrTraitATL<wchar_t,ATL::ChTraitsCRT<wchar_t>>>'
  
C:\Users\mcmco\Desktop\WMMR\src\MovieMakerCore\HMRAVSource\AudioCapture.h(116,34): warning C4251: 'HMRAVSource::AudioCapture::m_sampleCb': 'std::function<void (IMFSample *)>' needs to have dll-interface to be used by clients of 'HMRAVSource::AudioCapture' [C:\Users\mcmco\Desktop\WMMR\build\src\MovieMakerCore\MovieMakerCore.vcxproj]
  (compiling source file '../../../src/MovieMakerCore/HMRAVSource/ImageThumbnail.cpp')
      C:\Program Files (x86)\Microsoft Visual Studio\2022\BuildTools\VC\Tools\MSVC\14.44.35207\include\functional(1089,7):
      see declaration of 'std::function<void (IMFSample *)>'
  
C:\Users\mcmco\Desktop\WMMR\src\WLXPhotoBase\BaseTypes.h(568,18): warning C4251: 'Base::TempFile::m_strPath': 'ATL::CStringT<wchar_t,ATL::StrTraitATL<wchar_t,ATL::ChTraitsCRT<wchar_t>>>' needs to have dll-interface to be used by clients of 'Base::TempFile' [C:\Users\mcmco\Desktop\WMMR\build\src\MovieMakerCore\MovieMakerCore.vcxproj]
  (compiling source file '../../../src/MovieMakerCore/HMRAVSource/Audio/AudioOutput.cpp')
      C:\Program Files (x86)\Microsoft Visual Studio\2022\BuildTools\VC\Tools\MSVC\14.44.35207\atlmfc\include\cstringt.h(999,7):
      see declaration of 'ATL::CStringT<wchar_t,ATL::StrTraitATL<wchar_t,ATL::ChTraitsCRT<wchar_t>>>'
  
C:\Users\mcmco\Desktop\WMMR\src\WLXPhotoBase\BaseTypes.h(661,21): warning C4251: 'Base::FindFile::m_strDirectory': 'ATL::CStringT<wchar_t,ATL::StrTraitATL<wchar_t,ATL::ChTraitsCRT<wchar_t>>>' needs to have dll-interface to be used by clients of 'Base::FindFile' [C:\Users\mcmco\Desktop\WMMR\build\src\MovieMakerCore\MovieMakerCore.vcxproj]
  (compiling source file '../../../src/MovieMakerCore/HMRAVSource/Audio/AudioOutput.cpp')
      C:\Program Files (x86)\Microsoft Visual Studio\2022\BuildTools\VC\Tools\MSVC\14.44.35207\atlmfc\include\cstringt.h(999,7):
      see declaration of 'ATL::CStringT<wchar_t,ATL::StrTraitATL<wchar_t,ATL::ChTraitsCRT<wchar_t>>>'
  
C:\Users\mcmco\Desktop\WMMR\src\WLXPhotoBase\BaseTypes.h(724,25): warning C4251: 'Base::IntSet::m_values': 'ATL::CAtlArray<int,ATL::CElementTraits<int>>' needs to have dll-interface to be used by clients of 'Base::IntSet' [C:\Users\mcmco\Desktop\WMMR\build\src\MovieMakerCore\MovieMakerCore.vcxproj]
  (compiling source file '../../../src/MovieMakerCore/HMRAVSource/Audio/AudioOutput.cpp')
      C:\Program Files (x86)\Microsoft Visual Studio\2022\BuildTools\VC\Tools\MSVC\14.44.35207\atlmfc\include\atlcoll.h(530,7):
      see declaration of 'ATL::CAtlArray<int,ATL::CElementTraits<int>>'
  
C:\Users\mcmco\Desktop\WMMR\src\MovieMakerCore\HMRAVSource\StreamSink.h(101,33): warning C4251: 'HMRAVSource::StreamSink::m_spSinkWriter': 'ATL::CComPtr<IMFSinkWriter>' needs to have dll-interface to be used by clients of 'HMRAVSource::StreamSink' [C:\Users\mcmco\Desktop\WMMR\build\src\MovieMakerCore\MovieMakerCore.vcxproj]
  (compiling source file '../../../src/MovieMakerCore/HMRAVSource/TranscodeMetadata.cpp')
      C:\Program Files (x86)\Microsoft Visual Studio\2022\BuildTools\VC\Tools\MSVC\14.44.35207\atlmfc\include\atlcomcli.h(341,7):
      see declaration of 'ATL::CComPtr<IMFSinkWriter>'
  
C:\Users\mcmco\Desktop\WMMR\src\MovieMakerCore\HMRAVSource\AVCaptureSession.h(117,25): warning C4251: 'HMRAVSource::AVCaptureSession::m_statsCb': 'std::function<void (const HMRAVSource::AVCaptureSessionStats &)>' needs to have dll-interface to be used by clients of 'HMRAVSource::AVCaptureSession' [C:\Users\mcmco\Desktop\WMMR\build\src\MovieMakerCore\MovieMakerCore.vcxproj]
  (compiling source file '../../../src/MovieMakerCore/HMRAVSource/ImageThumbnail.cpp')
      C:\Program Files (x86)\Microsoft Visual Studio\2022\BuildTools\VC\Tools\MSVC\14.44.35207\include\functional(1089,7):
      see declaration of 'std::function<void (const HMRAVSource::AVCaptureSessionStats &)>'
  
C:\Users\mcmco\Desktop\WMMR\src\MovieMakerCore\HMRAVSource\StreamSink.h(108,33): warning C4251: 'HMRAVSource::StreamSink::m_progressCb': 'std::function<void (const HMRAVSource::StreamSinkStats &)>' needs to have dll-interface to be used by clients of 'HMRAVSource::StreamSink' [C:\Users\mcmco\Desktop\WMMR\build\src\MovieMakerCore\MovieMakerCore.vcxproj]
  (compiling source file '../../../src/MovieMakerCore/HMRAVSource/TranscodeMetadata.cpp')
      C:\Program Files (x86)\Microsoft Visual Studio\2022\BuildTools\VC\Tools\MSVC\14.44.35207\include\functional(1089,7):
      see declaration of 'std::function<void (const HMRAVSource::StreamSinkStats &)>'
  
C:\Users\mcmco\Desktop\WMMR\src\MovieMakerCore\HMRAVSource\AVCaptureSession.h(118,25): warning C4251: 'HMRAVSource::AVCaptureSession::m_errorCb': 'std::function<void (HRESULT)>' needs to have dll-interface to be used by clients of 'HMRAVSource::AVCaptureSession' [C:\Users\mcmco\Desktop\WMMR\build\src\MovieMakerCore\MovieMakerCore.vcxproj]
  (compiling source file '../../../src/MovieMakerCore/HMRAVSource/ImageThumbnail.cpp')
      C:\Program Files (x86)\Microsoft Visual Studio\2022\BuildTools\VC\Tools\MSVC\14.44.35207\include\functional(1089,7):
      see declaration of 'std::function<void (HRESULT)>'
  
C:\Users\mcmco\Desktop\WMMR\src\MovieMakerCore\HMRAVSource\AVCaptureSession.h(119,25): warning C4251: 'HMRAVSource::AVCaptureSession::m_completeCb': 'std::function<void (HRESULT)>' needs to have dll-interface to be used by clients of 'HMRAVSource::AVCaptureSession' [C:\Users\mcmco\Desktop\WMMR\build\src\MovieMakerCore\MovieMakerCore.vcxproj]
  (compiling source file '../../../src/MovieMakerCore/HMRAVSource/ImageThumbnail.cpp')
      C:\Program Files (x86)\Microsoft Visual Studio\2022\BuildTools\VC\Tools\MSVC\14.44.35207\include\functional(1089,7):
      see declaration of 'std::function<void (HRESULT)>'
  
C:\Users\mcmco\Desktop\WMMR\src\MovieMakerCore\HMRAVSource\TranscodeManager.h(123,29): warning C4251: 'HMRAVSource::TranscodeManager::m_progressCb': 'std::function<void (const HMRAVSource::TranscodeProgress &)>' needs to have dll-interface to be used by clients of 'HMRAVSource::TranscodeManager' [C:\Users\mcmco\Desktop\WMMR\build\src\MovieMakerCore\MovieMakerCore.vcxproj]
  (compiling source file '../../../src/MovieMakerCore/HMRAVSource/TranscodeMetadata.cpp')
      C:\Program Files (x86)\Microsoft Visual Studio\2022\BuildTools\VC\Tools\MSVC\14.44.35207\include\functional(1089,7):
      see declaration of 'std::function<void (const HMRAVSource::TranscodeProgress &)>'
  
C:\Users\mcmco\Desktop\WMMR\src\MovieMakerCore\HMRAVSource\AVCaptureSession.h(169,25): warning C4251: 'HMRAVSource::AudioCaptureSession::m_strOutputPath': 'ATL::CStringT<wchar_t,ATL::StrTraitATL<wchar_t,ATL::ChTraitsCRT<wchar_t>>>' needs to have dll-interface to be used by clients of 'HMRAVSource::AudioCaptureSession' [C:\Users\mcmco\Desktop\WMMR\build\src\MovieMakerCore\MovieMakerCore.vcxproj]
  (compiling source file '../../../src/MovieMakerCore/HMRAVSource/ImageThumbnail.cpp')
      C:\Program Files (x86)\Microsoft Visual Studio\2022\BuildTools\VC\Tools\MSVC\14.44.35207\atlmfc\include\cstringt.h(999,7):
      see declaration of 'ATL::CStringT<wchar_t,ATL::StrTraitATL<wchar_t,ATL::ChTraitsCRT<wchar_t>>>'
  
C:\Users\mcmco\Desktop\WMMR\src\MovieMakerCore\HMRAVSource\AVCaptureSession.h(173,25): warning C4251: 'HMRAVSource::AudioCaptureSession::m_completeCb': 'std::function<void (HRESULT,LPCWSTR)>' needs to have dll-interface to be used by clients of 'HMRAVSource::AudioCaptureSession' [C:\Users\mcmco\Desktop\WMMR\build\src\MovieMakerCore\MovieMakerCore.vcxproj]
  (compiling source file '../../../src/MovieMakerCore/HMRAVSource/ImageThumbnail.cpp')
      C:\Program Files (x86)\Microsoft Visual Studio\2022\BuildTools\VC\Tools\MSVC\14.44.35207\include\functional(1089,7):
      see declaration of 'std::function<void (HRESULT,LPCWSTR)>'
  
C:\Users\mcmco\Desktop\WMMR\src\MovieMakerCore\HMRAVSource\TranscodeManager.h(124,29): warning C4251: 'HMRAVSource::TranscodeManager::m_errorCb': 'std::function<void (HRESULT,LPCWSTR)>' needs to have dll-interface to be used by clients of 'HMRAVSource::TranscodeManager' [C:\Users\mcmco\Desktop\WMMR\build\src\MovieMakerCore\MovieMakerCore.vcxproj]
  (compiling source file '../../../src/MovieMakerCore/HMRAVSource/TranscodeMetadata.cpp')
      C:\Program Files (x86)\Microsoft Visual Studio\2022\BuildTools\VC\Tools\MSVC\14.44.35207\include\functional(1089,7):
      see declaration of 'std::function<void (HRESULT,LPCWSTR)>'
  
C:\Users\mcmco\Desktop\WMMR\src\MovieMakerCore\HMRAVSource\TranscodeManager.h(125,29): warning C4251: 'HMRAVSource::TranscodeManager::m_completeCb': 'std::function<void (HRESULT,LPCWSTR)>' needs to have dll-interface to be used by clients of 'HMRAVSource::TranscodeManager' [C:\Users\mcmco\Desktop\WMMR\build\src\MovieMakerCore\MovieMakerCore.vcxproj]
  (compiling source file '../../../src/MovieMakerCore/HMRAVSource/TranscodeMetadata.cpp')
      C:\Program Files (x86)\Microsoft Visual Studio\2022\BuildTools\VC\Tools\MSVC\14.44.35207\include\functional(1089,7):
      see declaration of 'std::function<void (HRESULT,LPCWSTR)>'
  
C:\Users\mcmco\Desktop\WMMR\src\MovieMakerCore\HMRAVSource\TranscodeManager.h(127,29): warning C4251: 'HMRAVSource::TranscodeManager::m_spVideoTransform': 'ATL::CComPtr<IMFTransform>' needs to have dll-interface to be used by clients of 'HMRAVSource::TranscodeManager' [C:\Users\mcmco\Desktop\WMMR\build\src\MovieMakerCore\MovieMakerCore.vcxproj]
  (compiling source file '../../../src/MovieMakerCore/HMRAVSource/TranscodeMetadata.cpp')
      C:\Program Files (x86)\Microsoft Visual Studio\2022\BuildTools\VC\Tools\MSVC\14.44.35207\atlmfc\include\atlcomcli.h(341,7):
      see declaration of 'ATL::CComPtr<IMFTransform>'
  
C:\Users\mcmco\Desktop\WMMR\src\MovieMakerCore\HMRAVSource\TranscodeManager.h(128,29): warning C4251: 'HMRAVSource::TranscodeManager::m_spAudioTransform': 'ATL::CComPtr<IMFTransform>' needs to have dll-interface to be used by clients of 'HMRAVSource::TranscodeManager' [C:\Users\mcmco\Desktop\WMMR\build\src\MovieMakerCore\MovieMakerCore.vcxproj]
  (compiling source file '../../../src/MovieMakerCore/HMRAVSource/TranscodeMetadata.cpp')
      C:\Program Files (x86)\Microsoft Visual Studio\2022\BuildTools\VC\Tools\MSVC\14.44.35207\atlmfc\include\atlcomcli.h(341,7):
      see declaration of 'ATL::CComPtr<IMFTransform>'
  
C:\Users\mcmco\Desktop\WMMR\src\MovieMakerCore\HMRAVSource\CachedWFSection.h(80,35): warning C4251: 'HMRAVSource::CachedWFSection::m_arrEntries': 'ATL::CAtlArray<HMRAVSource::CachedWFEntry,ATL::CElementTraits<E>>' needs to have dll-interface to be used by clients of 'HMRAVSource::CachedWFSection' [C:\Users\mcmco\Desktop\WMMR\build\src\MovieMakerCore\MovieMakerCore.vcxproj]
C:\Users\mcmco\Desktop\WMMR\src\MovieMakerCore\HMRAVSource\CachedWFSection.h(80,35): warning C4251:         with [C:\Users\mcmco\Desktop\WMMR\build\src\MovieMakerCore\MovieMakerCore.vcxproj]
C:\Users\mcmco\Desktop\WMMR\src\MovieMakerCore\HMRAVSource\CachedWFSection.h(80,35): warning C4251:         [ [C:\Users\mcmco\Desktop\WMMR\build\src\MovieMakerCore\MovieMakerCore.vcxproj]
C:\Users\mcmco\Desktop\WMMR\src\MovieMakerCore\HMRAVSource\CachedWFSection.h(80,35): warning C4251:             E=HMRAVSource::CachedWFEntry [C:\Users\mcmco\Desktop\WMMR\build\src\MovieMakerCore\MovieMakerCore.vcxproj]
C:\Users\mcmco\Desktop\WMMR\src\MovieMakerCore\HMRAVSource\CachedWFSection.h(80,35): warning C4251:         ] [C:\Users\mcmco\Desktop\WMMR\build\src\MovieMakerCore\MovieMakerCore.vcxproj]
  (compiling source file '../../../src/MovieMakerCore/HMRAVSource/ImageThumbnail.cpp')
      C:\Program Files (x86)\Microsoft Visual Studio\2022\BuildTools\VC\Tools\MSVC\14.44.35207\atlmfc\include\atlcoll.h(530,7):
      see declaration of 'ATL::CAtlArray<HMRAVSource::CachedWFEntry,ATL::CElementTraits<E>>'
          with
          [
              E=HMRAVSource::CachedWFEntry
          ]
  
C:\Users\mcmco\Desktop\WMMR\src\MovieMakerCore\HMRAVSource\ImageThumbnail.h(93,37): warning C4251: 'HMRAVSource::ImageThumbnail::m_spWicFactory': 'ATL::CComPtr<IWICImagingFactory>' needs to have dll-interface to be used by clients of 'HMRAVSource::ImageThumbnail' [C:\Users\mcmco\Desktop\WMMR\build\src\MovieMakerCore\MovieMakerCore.vcxproj]
  (compiling source file '../../../src/MovieMakerCore/HMRAVSource/ImageThumbnail.cpp')
      C:\Program Files (x86)\Microsoft Visual Studio\2022\BuildTools\VC\Tools\MSVC\14.44.35207\atlmfc\include\atlcomcli.h(341,7):
      see declaration of 'ATL::CComPtr<IWICImagingFactory>'
  
C:\Users\mcmco\Desktop\WMMR\src\MovieMakerCore\HMRAVSource\ImageThumbnail.h(94,37): warning C4251: 'HMRAVSource::ImageThumbnail::m_spDecoder': 'ATL::CComPtr<IWICBitmapDecoder>' needs to have dll-interface to be used by clients of 'HMRAVSource::ImageThumbnail' [C:\Users\mcmco\Desktop\WMMR\build\src\MovieMakerCore\MovieMakerCore.vcxproj]
  (compiling source file '../../../src/MovieMakerCore/HMRAVSource/ImageThumbnail.cpp')
      C:\Program Files (x86)\Microsoft Visual Studio\2022\BuildTools\VC\Tools\MSVC\14.44.35207\atlmfc\include\atlcomcli.h(341,7):
      see declaration of 'ATL::CComPtr<IWICBitmapDecoder>'
  
C:\Users\mcmco\Desktop\WMMR\src\MovieMakerCore\HMRAVSource\ImageThumbnail.h(95,37): warning C4251: 'HMRAVSource::ImageThumbnail::m_spBitmapSource': 'ATL::CComPtr<IWICBitmapSource>' needs to have dll-interface to be used by clients of 'HMRAVSource::ImageThumbnail' [C:\Users\mcmco\Desktop\WMMR\build\src\MovieMakerCore\MovieMakerCore.vcxproj]
  (compiling source file '../../../src/MovieMakerCore/HMRAVSource/ImageThumbnail.cpp')
      C:\Program Files (x86)\Microsoft Visual Studio\2022\BuildTools\VC\Tools\MSVC\14.44.35207\atlmfc\include\atlcomcli.h(341,7):
      see declaration of 'ATL::CComPtr<IWICBitmapSource>'
  
C:\Users\mcmco\Desktop\WMMR\src\MovieMakerCore\HMRAVSource\ImageThumbnail.h(96,37): warning C4251: 'HMRAVSource::ImageThumbnail::m_spThumbnailBitmap': 'ATL::CComPtr<IWICBitmap>' needs to have dll-interface to be used by clients of 'HMRAVSource::ImageThumbnail' [C:\Users\mcmco\Desktop\WMMR\build\src\MovieMakerCore\MovieMakerCore.vcxproj]
  (compiling source file '../../../src/MovieMakerCore/HMRAVSource/ImageThumbnail.cpp')
      C:\Program Files (x86)\Microsoft Visual Studio\2022\BuildTools\VC\Tools\MSVC\14.44.35207\atlmfc\include\atlcomcli.h(341,7):
      see declaration of 'ATL::CComPtr<IWICBitmap>'
  
C:\Users\mcmco\Desktop\WMMR\src\MovieMakerCore\HMRAVSource\VideoCapture.h(105,37): warning C4251: 'HMRAVSource::VideoCapture::m_spMediaSource': 'ATL::CComPtr<IMFMediaSource>' needs to have dll-interface to be used by clients of 'HMRAVSource::VideoCapture' [C:\Users\mcmco\Desktop\WMMR\build\src\MovieMakerCore\MovieMakerCore.vcxproj]
  (compiling source file '../../../src/MovieMakerCore/HMRAVSource/TranscodeMetadata.cpp')
      C:\Program Files (x86)\Microsoft Visual Studio\2022\BuildTools\VC\Tools\MSVC\14.44.35207\atlmfc\include\atlcomcli.h(341,7):
      see declaration of 'ATL::CComPtr<IMFMediaSource>'
  
C:\Users\mcmco\Desktop\WMMR\src\MovieMakerCore\HMRAVSource\VideoCapture.h(106,37): warning C4251: 'HMRAVSource::VideoCapture::m_spCaptureEngine': 'ATL::CComPtr<IMFCaptureEngine>' needs to have dll-interface to be used by clients of 'HMRAVSource::VideoCapture' [C:\Users\mcmco\Desktop\WMMR\build\src\MovieMakerCore\MovieMakerCore.vcxproj]
  (compiling source file '../../../src/MovieMakerCore/HMRAVSource/TranscodeMetadata.cpp')
      C:\Program Files (x86)\Microsoft Visual Studio\2022\BuildTools\VC\Tools\MSVC\14.44.35207\atlmfc\include\atlcomcli.h(341,7):
      see declaration of 'ATL::CComPtr<IMFCaptureEngine>'
  
C:\Users\mcmco\Desktop\WMMR\src\MovieMakerCore\HMRAVSource\ImageThumbnail.cpp(113,23): error C2664: 'HRESULT IWICBitmapDecoder::GetFrame(UINT,IWICBitmapFrameDecode **)': cannot convert argument 2 from 'T **' to 'IWICBitmapFrameDecode **' [C:\Users\mcmco\Desktop\WMMR\build\src\MovieMakerCore\MovieMakerCore.vcxproj]
C:\Users\mcmco\Desktop\WMMR\src\MovieMakerCore\HMRAVSource\ImageThumbnail.cpp(113,23): error C2664:         with [C:\Users\mcmco\Desktop\WMMR\build\src\MovieMakerCore\MovieMakerCore.vcxproj]
C:\Users\mcmco\Desktop\WMMR\src\MovieMakerCore\HMRAVSource\ImageThumbnail.cpp(113,23): error C2664:         [ [C:\Users\mcmco\Desktop\WMMR\build\src\MovieMakerCore\MovieMakerCore.vcxproj]
C:\Users\mcmco\Desktop\WMMR\src\MovieMakerCore\HMRAVSource\ImageThumbnail.cpp(113,23): error C2664:             T=IWICBitmapSource [C:\Users\mcmco\Desktop\WMMR\build\src\MovieMakerCore\MovieMakerCore.vcxproj]
C:\Users\mcmco\Desktop\WMMR\src\MovieMakerCore\HMRAVSource\ImageThumbnail.cpp(113,23): error C2664:         ] [C:\Users\mcmco\Desktop\WMMR\build\src\MovieMakerCore\MovieMakerCore.vcxproj]
      C:\Users\mcmco\Desktop\WMMR\src\MovieMakerCore\HMRAVSource\ImageThumbnail.cpp(113,35):
      Types pointed to are unrelated; conversion requires reinterpret_cast, C-style cast or parenthesized function-style cast
      C:\Program Files (x86)\Windows Kits\10\Include\10.0.26100.0\um\wincodec.h(4378,43):
      see declaration of 'IWICBitmapDecoder::GetFrame'
      C:\Users\mcmco\Desktop\WMMR\src\MovieMakerCore\HMRAVSource\ImageThumbnail.cpp(113,23):
      while trying to match the argument list '(int, T **)'
          with
          [
              T=IWICBitmapSource
          ]
  
C:\Users\mcmco\Desktop\WMMR\src\MovieMakerCore\HMRAVSource\VideoCapture.h(107,37): warning C4251: 'HMRAVSource::VideoCapture::m_spPreviewSink': 'ATL::CComPtr<IMFCapturePreviewSink>' needs to have dll-interface to be used by clients of 'HMRAVSource::VideoCapture' [C:\Users\mcmco\Desktop\WMMR\build\src\MovieMakerCore\MovieMakerCore.vcxproj]
  (compiling source file '../../../src/MovieMakerCore/HMRAVSource/TranscodeMetadata.cpp')
      C:\Program Files (x86)\Microsoft Visual Studio\2022\BuildTools\VC\Tools\MSVC\14.44.35207\atlmfc\include\atlcomcli.h(341,7):
      see declaration of 'ATL::CComPtr<IMFCapturePreviewSink>'
  
C:\Users\mcmco\Desktop\WMMR\src\MovieMakerCore\HMRAVSource\ImageThumbnail.cpp(163,48): error C2061: syntax error: identifier 'IBitmap' [C:\Users\mcmco\Desktop\WMMR\build\src\MovieMakerCore\MovieMakerCore.vcxproj]
C:\Users\mcmco\Desktop\WMMR\src\MovieMakerCore\HMRAVSource\VideoCapture.h(108,37): warning C4251: 'HMRAVSource::VideoCapture::m_spRecordSink': 'ATL::CComPtr<IMFCaptureRecordSink>' needs to have dll-interface to be used by clients of 'HMRAVSource::VideoCapture' [C:\Users\mcmco\Desktop\WMMR\build\src\MovieMakerCore\MovieMakerCore.vcxproj]
  (compiling source file '../../../src/MovieMakerCore/HMRAVSource/TranscodeMetadata.cpp')
      C:\Program Files (x86)\Microsoft Visual Studio\2022\BuildTools\VC\Tools\MSVC\14.44.35207\atlmfc\include\atlcomcli.h(341,7):
      see declaration of 'ATL::CComPtr<IMFCaptureRecordSink>'
  
C:\Users\mcmco\Desktop\WMMR\src\MovieMakerCore\HMRAVSource\ImageThumbnail.cpp(163,48): error C2146: syntax error: missing '(' before identifier 'IBitmap' [C:\Users\mcmco\Desktop\WMMR\build\src\MovieMakerCore\MovieMakerCore.vcxproj]
C:\Users\mcmco\Desktop\WMMR\src\MovieMakerCore\HMRAVSource\ImageThumbnail.cpp(163,33): error C2660: 'IUnknown::QueryInterface': function does not take 1 arguments [C:\Users\mcmco\Desktop\WMMR\build\src\MovieMakerCore\MovieMakerCore.vcxproj]
      C:\Program Files (x86)\Windows Kits\10\Include\10.0.26100.0\um\unknwn.h(121,47):
      see declaration of 'IUnknown::QueryInterface'
      C:\Program Files (x86)\Windows Kits\10\Include\10.0.26100.0\um\unknwn.h(136,13):
      could be 'HRESULT IUnknown::QueryInterface(Q **)'
      C:\Users\mcmco\Desktop\WMMR\src\MovieMakerCore\HMRAVSource\ImageThumbnail.cpp(163,33):
      while trying to match the argument list '()'
  
C:\Users\mcmco\Desktop\WMMR\src\MovieMakerCore\HMRAVSource\VideoCapture.h(117,38): warning C4251: 'HMRAVSource::VideoCapture::m_frameCb': 'std::function<void (IMFSample *)>' needs to have dll-interface to be used by clients of 'HMRAVSource::VideoCapture' [C:\Users\mcmco\Desktop\WMMR\build\src\MovieMakerCore\MovieMakerCore.vcxproj]
  (compiling source file '../../../src/MovieMakerCore/HMRAVSource/TranscodeMetadata.cpp')
      C:\Program Files (x86)\Microsoft Visual Studio\2022\BuildTools\VC\Tools\MSVC\14.44.35207\include\functional(1089,7):
      see declaration of 'std::function<void (IMFSample *)>'
  
C:\Users\mcmco\Desktop\WMMR\src\MovieMakerCore\HMRAVSource\ImageThumbnail.cpp(251,9): warning C5205: delete of an abstract class 'IPropertyBag2' that has a non-virtual destructor results in undefined behavior [C:\Users\mcmco\Desktop\WMMR\build\src\MovieMakerCore\MovieMakerCore.vcxproj]
      C:\Program Files (x86)\Windows Kits\10\Include\10.0.26100.0\um\ocidl.h(6399,5):
      see declaration of 'IPropertyBag2'
  
C:\Users\mcmco\Desktop\WMMR\src\MovieMakerCore\HMRAVSource\AudioCapture.h(107,33): warning C4251: 'HMRAVSource::AudioCapture::m_spMediaSource': 'ATL::CComPtr<IMFMediaSource>' needs to have dll-interface to be used by clients of 'HMRAVSource::AudioCapture' [C:\Users\mcmco\Desktop\WMMR\build\src\MovieMakerCore\MovieMakerCore.vcxproj]
  (compiling source file '../../../src/MovieMakerCore/HMRAVSource/TranscodeMetadata.cpp')
      C:\Program Files (x86)\Microsoft Visual Studio\2022\BuildTools\VC\Tools\MSVC\14.44.35207\atlmfc\include\atlcomcli.h(341,7):
      see declaration of 'ATL::CComPtr<IMFMediaSource>'
  
C:\Users\mcmco\Desktop\WMMR\src\MovieMakerCore\HMRAVSource\AudioCapture.h(108,33): warning C4251: 'HMRAVSource::AudioCapture::m_spReader': 'ATL::CComPtr<IMFSourceReader>' needs to have dll-interface to be used by clients of 'HMRAVSource::AudioCapture' [C:\Users\mcmco\Desktop\WMMR\build\src\MovieMakerCore\MovieMakerCore.vcxproj]
  (compiling source file '../../../src/MovieMakerCore/HMRAVSource/TranscodeMetadata.cpp')
      C:\Program Files (x86)\Microsoft Visual Studio\2022\BuildTools\VC\Tools\MSVC\14.44.35207\atlmfc\include\atlcomcli.h(341,7):
      see declaration of 'ATL::CComPtr<IMFSourceReader>'
  
C:\Users\mcmco\Desktop\WMMR\src\MovieMakerCore\HMRAVSource\AudioCapture.h(116,34): warning C4251: 'HMRAVSource::AudioCapture::m_sampleCb': 'std::function<void (IMFSample *)>' needs to have dll-interface to be used by clients of 'HMRAVSource::AudioCapture' [C:\Users\mcmco\Desktop\WMMR\build\src\MovieMakerCore\MovieMakerCore.vcxproj]
  (compiling source file '../../../src/MovieMakerCore/HMRAVSource/TranscodeMetadata.cpp')
      C:\Program Files (x86)\Microsoft Visual Studio\2022\BuildTools\VC\Tools\MSVC\14.44.35207\include\functional(1089,7):
      see declaration of 'std::function<void (IMFSample *)>'
  
C:\Users\mcmco\Desktop\WMMR\src\MovieMakerCore\HMRAVSource\ImageThumbnail.cpp(425,23): error C2664: 'HRESULT IWICBitmapDecoder::GetFrame(UINT,IWICBitmapFrameDecode **)': cannot convert argument 2 from 'T **' to 'IWICBitmapFrameDecode **' [C:\Users\mcmco\Desktop\WMMR\build\src\MovieMakerCore\MovieMakerCore.vcxproj]
C:\Users\mcmco\Desktop\WMMR\src\MovieMakerCore\HMRAVSource\ImageThumbnail.cpp(425,23): error C2664:         with [C:\Users\mcmco\Desktop\WMMR\build\src\MovieMakerCore\MovieMakerCore.vcxproj]
C:\Users\mcmco\Desktop\WMMR\src\MovieMakerCore\HMRAVSource\ImageThumbnail.cpp(425,23): error C2664:         [ [C:\Users\mcmco\Desktop\WMMR\build\src\MovieMakerCore\MovieMakerCore.vcxproj]
C:\Users\mcmco\Desktop\WMMR\src\MovieMakerCore\HMRAVSource\ImageThumbnail.cpp(425,23): error C2664:             T=IWICBitmapSource [C:\Users\mcmco\Desktop\WMMR\build\src\MovieMakerCore\MovieMakerCore.vcxproj]
C:\Users\mcmco\Desktop\WMMR\src\MovieMakerCore\HMRAVSource\ImageThumbnail.cpp(425,23): error C2664:         ] [C:\Users\mcmco\Desktop\WMMR\build\src\MovieMakerCore\MovieMakerCore.vcxproj]
      C:\Users\mcmco\Desktop\WMMR\src\MovieMakerCore\HMRAVSource\ImageThumbnail.cpp(425,35):
      Types pointed to are unrelated; conversion requires reinterpret_cast, C-style cast or parenthesized function-style cast
      C:\Program Files (x86)\Windows Kits\10\Include\10.0.26100.0\um\wincodec.h(4378,43):
      see declaration of 'IWICBitmapDecoder::GetFrame'
      C:\Users\mcmco\Desktop\WMMR\src\MovieMakerCore\HMRAVSource\ImageThumbnail.cpp(425,23):
      while trying to match the argument list '(int, T **)'
          with
          [
              T=IWICBitmapSource
          ]
  
C:\Users\mcmco\Desktop\WMMR\src\MovieMakerCore\HMRAVSource\AVCaptureSession.h(117,25): warning C4251: 'HMRAVSource::AVCaptureSession::m_statsCb': 'std::function<void (const HMRAVSource::AVCaptureSessionStats &)>' needs to have dll-interface to be used by clients of 'HMRAVSource::AVCaptureSession' [C:\Users\mcmco\Desktop\WMMR\build\src\MovieMakerCore\MovieMakerCore.vcxproj]
  (compiling source file '../../../src/MovieMakerCore/HMRAVSource/TranscodeMetadata.cpp')
      C:\Program Files (x86)\Microsoft Visual Studio\2022\BuildTools\VC\Tools\MSVC\14.44.35207\include\functional(1089,7):
      see declaration of 'std::function<void (const HMRAVSource::AVCaptureSessionStats &)>'
  
C:\Users\mcmco\Desktop\WMMR\src\MovieMakerCore\HMRAVSource\ImageThumbnail.cpp(511,26): error C2039: 'CreateBitmapFromWICBitmap': is not a member of 'ATL::_NoAddRefReleaseOnCComPtr<T>' [C:\Users\mcmco\Desktop\WMMR\build\src\MovieMakerCore\MovieMakerCore.vcxproj]
C:\Users\mcmco\Desktop\WMMR\src\MovieMakerCore\HMRAVSource\ImageThumbnail.cpp(511,26): error C2039:         with [C:\Users\mcmco\Desktop\WMMR\build\src\MovieMakerCore\MovieMakerCore.vcxproj]
C:\Users\mcmco\Desktop\WMMR\src\MovieMakerCore\HMRAVSource\ImageThumbnail.cpp(511,26): error C2039:         [ [C:\Users\mcmco\Desktop\WMMR\build\src\MovieMakerCore\MovieMakerCore.vcxproj]
C:\Users\mcmco\Desktop\WMMR\src\MovieMakerCore\HMRAVSource\ImageThumbnail.cpp(511,26): error C2039:             T=IWICImagingFactory [C:\Users\mcmco\Desktop\WMMR\build\src\MovieMakerCore\MovieMakerCore.vcxproj]
C:\Users\mcmco\Desktop\WMMR\src\MovieMakerCore\HMRAVSource\ImageThumbnail.cpp(511,26): error C2039:         ] [C:\Users\mcmco\Desktop\WMMR\build\src\MovieMakerCore\MovieMakerCore.vcxproj]
      C:\Program Files (x86)\Microsoft Visual Studio\2022\BuildTools\VC\Tools\MSVC\14.44.35207\atlmfc\include\atlcomcli.h(134,29):
      see declaration of 'ATL::_NoAddRefReleaseOnCComPtr<T>'
          with
          [
              T=IWICImagingFactory
          ]
  
C:\Users\mcmco\Desktop\WMMR\src\MovieMakerCore\HMRAVSource\AVCaptureSession.h(118,25): warning C4251: 'HMRAVSource::AVCaptureSession::m_errorCb': 'std::function<void (HRESULT)>' needs to have dll-interface to be used by clients of 'HMRAVSource::AVCaptureSession' [C:\Users\mcmco\Desktop\WMMR\build\src\MovieMakerCore\MovieMakerCore.vcxproj]
  (compiling source file '../../../src/MovieMakerCore/HMRAVSource/TranscodeMetadata.cpp')
      C:\Program Files (x86)\Microsoft Visual Studio\2022\BuildTools\VC\Tools\MSVC\14.44.35207\include\functional(1089,7):
      see declaration of 'std::function<void (HRESULT)>'
  
C:\Users\mcmco\Desktop\WMMR\src\MovieMakerCore\HMRAVSource\AVCaptureSession.h(119,25): warning C4251: 'HMRAVSource::AVCaptureSession::m_completeCb': 'std::function<void (HRESULT)>' needs to have dll-interface to be used by clients of 'HMRAVSource::AVCaptureSession' [C:\Users\mcmco\Desktop\WMMR\build\src\MovieMakerCore\MovieMakerCore.vcxproj]
  (compiling source file '../../../src/MovieMakerCore/HMRAVSource/TranscodeMetadata.cpp')
      C:\Program Files (x86)\Microsoft Visual Studio\2022\BuildTools\VC\Tools\MSVC\14.44.35207\include\functional(1089,7):
      see declaration of 'std::function<void (HRESULT)>'
  
C:\Users\mcmco\Desktop\WMMR\src\MovieMakerCore\HMRAVSource\ImageThumbnail.cpp(532,48): error C2061: syntax error: identifier 'IBitmap' [C:\Users\mcmco\Desktop\WMMR\build\src\MovieMakerCore\MovieMakerCore.vcxproj]
C:\Users\mcmco\Desktop\WMMR\src\MovieMakerCore\HMRAVSource\ImageThumbnail.cpp(532,48): error C2146: syntax error: missing '(' before identifier 'IBitmap' [C:\Users\mcmco\Desktop\WMMR\build\src\MovieMakerCore\MovieMakerCore.vcxproj]
C:\Users\mcmco\Desktop\WMMR\src\MovieMakerCore\HMRAVSource\ImageThumbnail.cpp(532,33): error C2660: 'IUnknown::QueryInterface': function does not take 1 arguments [C:\Users\mcmco\Desktop\WMMR\build\src\MovieMakerCore\MovieMakerCore.vcxproj]
      C:\Program Files (x86)\Windows Kits\10\Include\10.0.26100.0\um\unknwn.h(121,47):
      see declaration of 'IUnknown::QueryInterface'
      C:\Program Files (x86)\Windows Kits\10\Include\10.0.26100.0\um\unknwn.h(136,13):
      could be 'HRESULT IUnknown::QueryInterface(Q **)'
      C:\Users\mcmco\Desktop\WMMR\src\MovieMakerCore\HMRAVSource\ImageThumbnail.cpp(532,33):
      while trying to match the argument list '()'
  
C:\Users\mcmco\Desktop\WMMR\src\MovieMakerCore\HMRAVSource\AVCaptureSession.h(169,25): warning C4251: 'HMRAVSource::AudioCaptureSession::m_strOutputPath': 'ATL::CStringT<wchar_t,ATL::StrTraitATL<wchar_t,ATL::ChTraitsCRT<wchar_t>>>' needs to have dll-interface to be used by clients of 'HMRAVSource::AudioCaptureSession' [C:\Users\mcmco\Desktop\WMMR\build\src\MovieMakerCore\MovieMakerCore.vcxproj]
  (compiling source file '../../../src/MovieMakerCore/HMRAVSource/TranscodeMetadata.cpp')
      C:\Program Files (x86)\Microsoft Visual Studio\2022\BuildTools\VC\Tools\MSVC\14.44.35207\atlmfc\include\cstringt.h(999,7):
      see declaration of 'ATL::CStringT<wchar_t,ATL::StrTraitATL<wchar_t,ATL::ChTraitsCRT<wchar_t>>>'
  
C:\Users\mcmco\Desktop\WMMR\src\MovieMakerCore\HMRAVSource\StreamSink.h(101,33): warning C4251: 'HMRAVSource::StreamSink::m_spSinkWriter': 'ATL::CComPtr<IMFSinkWriter>' needs to have dll-interface to be used by clients of 'HMRAVSource::StreamSink' [C:\Users\mcmco\Desktop\WMMR\build\src\MovieMakerCore\MovieMakerCore.vcxproj]
  (compiling source file '../../../src/MovieMakerCore/HMRAVSource/Audio/AudioOutput.cpp')
      C:\Program Files (x86)\Microsoft Visual Studio\2022\BuildTools\VC\Tools\MSVC\14.44.35207\atlmfc\include\atlcomcli.h(341,7):
      see declaration of 'ATL::CComPtr<IMFSinkWriter>'
  
C:\Users\mcmco\Desktop\WMMR\src\MovieMakerCore\HMRAVSource\AVCaptureSession.h(173,25): warning C4251: 'HMRAVSource::AudioCaptureSession::m_completeCb': 'std::function<void (HRESULT,LPCWSTR)>' needs to have dll-interface to be used by clients of 'HMRAVSource::AudioCaptureSession' [C:\Users\mcmco\Desktop\WMMR\build\src\MovieMakerCore\MovieMakerCore.vcxproj]
  (compiling source file '../../../src/MovieMakerCore/HMRAVSource/TranscodeMetadata.cpp')
      C:\Program Files (x86)\Microsoft Visual Studio\2022\BuildTools\VC\Tools\MSVC\14.44.35207\include\functional(1089,7):
      see declaration of 'std::function<void (HRESULT,LPCWSTR)>'
  
C:\Users\mcmco\Desktop\WMMR\src\MovieMakerCore\HMRAVSource\StreamSink.h(108,33): warning C4251: 'HMRAVSource::StreamSink::m_progressCb': 'std::function<void (const HMRAVSource::StreamSinkStats &)>' needs to have dll-interface to be used by clients of 'HMRAVSource::StreamSink' [C:\Users\mcmco\Desktop\WMMR\build\src\MovieMakerCore\MovieMakerCore.vcxproj]
  (compiling source file '../../../src/MovieMakerCore/HMRAVSource/Audio/AudioOutput.cpp')
      C:\Program Files (x86)\Microsoft Visual Studio\2022\BuildTools\VC\Tools\MSVC\14.44.35207\include\functional(1089,7):
      see declaration of 'std::function<void (const HMRAVSource::StreamSinkStats &)>'
  
C:\Users\mcmco\Desktop\WMMR\src\MovieMakerCore\HMRAVSource\CachedWFSection.h(80,35): warning C4251: 'HMRAVSource::CachedWFSection::m_arrEntries': 'ATL::CAtlArray<HMRAVSource::CachedWFEntry,ATL::CElementTraits<E>>' needs to have dll-interface to be used by clients of 'HMRAVSource::CachedWFSection' [C:\Users\mcmco\Desktop\WMMR\build\src\MovieMakerCore\MovieMakerCore.vcxproj]
C:\Users\mcmco\Desktop\WMMR\src\MovieMakerCore\HMRAVSource\CachedWFSection.h(80,35): warning C4251:         with [C:\Users\mcmco\Desktop\WMMR\build\src\MovieMakerCore\MovieMakerCore.vcxproj]
C:\Users\mcmco\Desktop\WMMR\src\MovieMakerCore\HMRAVSource\CachedWFSection.h(80,35): warning C4251:         [ [C:\Users\mcmco\Desktop\WMMR\build\src\MovieMakerCore\MovieMakerCore.vcxproj]
C:\Users\mcmco\Desktop\WMMR\src\MovieMakerCore\HMRAVSource\CachedWFSection.h(80,35): warning C4251:             E=HMRAVSource::CachedWFEntry [C:\Users\mcmco\Desktop\WMMR\build\src\MovieMakerCore\MovieMakerCore.vcxproj]
C:\Users\mcmco\Desktop\WMMR\src\MovieMakerCore\HMRAVSource\CachedWFSection.h(80,35): warning C4251:         ] [C:\Users\mcmco\Desktop\WMMR\build\src\MovieMakerCore\MovieMakerCore.vcxproj]
  (compiling source file '../../../src/MovieMakerCore/HMRAVSource/TranscodeMetadata.cpp')
      C:\Program Files (x86)\Microsoft Visual Studio\2022\BuildTools\VC\Tools\MSVC\14.44.35207\atlmfc\include\atlcoll.h(530,7):
      see declaration of 'ATL::CAtlArray<HMRAVSource::CachedWFEntry,ATL::CElementTraits<E>>'
          with
          [
              E=HMRAVSource::CachedWFEntry
          ]
  
C:\Users\mcmco\Desktop\WMMR\src\MovieMakerCore\HMRAVSource\TranscodeMetadata.h(223,33): warning C4251: 'HMRAVSource::TranscodeProcess::m_progress': 'HMRAVSource::TranscodeProcessProgress' needs to have dll-interface to be used by clients of 'HMRAVSource::TranscodeProcess' [C:\Users\mcmco\Desktop\WMMR\build\src\MovieMakerCore\MovieMakerCore.vcxproj]
  (compiling source file '../../../src/MovieMakerCore/HMRAVSource/TranscodeMetadata.cpp')
      C:\Users\mcmco\Desktop\WMMR\src\MovieMakerCore\HMRAVSource\TranscodeMetadata.h(77,8):
      see declaration of 'HMRAVSource::TranscodeProcessProgress'
  
C:\Users\mcmco\Desktop\WMMR\src\MovieMakerCore\HMRAVSource\TranscodeMetadata.h(224,33): warning C4251: 'HMRAVSource::TranscodeProcess::m_strInputPath': 'ATL::CStringT<wchar_t,ATL::StrTraitATL<wchar_t,ATL::ChTraitsCRT<wchar_t>>>' needs to have dll-interface to be used by clients of 'HMRAVSource::TranscodeProcess' [C:\Users\mcmco\Desktop\WMMR\build\src\MovieMakerCore\MovieMakerCore.vcxproj]
  (compiling source file '../../../src/MovieMakerCore/HMRAVSource/TranscodeMetadata.cpp')
      C:\Program Files (x86)\Microsoft Visual Studio\2022\BuildTools\VC\Tools\MSVC\14.44.35207\atlmfc\include\cstringt.h(999,7):
      see declaration of 'ATL::CStringT<wchar_t,ATL::StrTraitATL<wchar_t,ATL::ChTraitsCRT<wchar_t>>>'
  
C:\Users\mcmco\Desktop\WMMR\src\MovieMakerCore\HMRAVSource\TranscodeMetadata.h(225,33): warning C4251: 'HMRAVSource::TranscodeProcess::m_strOutputPath': 'ATL::CStringT<wchar_t,ATL::StrTraitATL<wchar_t,ATL::ChTraitsCRT<wchar_t>>>' needs to have dll-interface to be used by clients of 'HMRAVSource::TranscodeProcess' [C:\Users\mcmco\Desktop\WMMR\build\src\MovieMakerCore\MovieMakerCore.vcxproj]
  (compiling source file '../../../src/MovieMakerCore/HMRAVSource/TranscodeMetadata.cpp')
      C:\Program Files (x86)\Microsoft Visual Studio\2022\BuildTools\VC\Tools\MSVC\14.44.35207\atlmfc\include\cstringt.h(999,7):
      see declaration of 'ATL::CStringT<wchar_t,ATL::StrTraitATL<wchar_t,ATL::ChTraitsCRT<wchar_t>>>'
  
C:\Users\mcmco\Desktop\WMMR\src\MovieMakerCore\HMRAVSource\TranscodeMetadata.h(232,33): warning C4251: 'HMRAVSource::TranscodeProcess::m_progressCb': 'std::function<void (const HMRAVSource::TranscodeProcessProgress &)>' needs to have dll-interface to be used by clients of 'HMRAVSource::TranscodeProcess' [C:\Users\mcmco\Desktop\WMMR\build\src\MovieMakerCore\MovieMakerCore.vcxproj]
  (compiling source file '../../../src/MovieMakerCore/HMRAVSource/TranscodeMetadata.cpp')
      C:\Program Files (x86)\Microsoft Visual Studio\2022\BuildTools\VC\Tools\MSVC\14.44.35207\include\functional(1089,7):
      see declaration of 'std::function<void (const HMRAVSource::TranscodeProcessProgress &)>'
  
C:\Users\mcmco\Desktop\WMMR\src\MovieMakerCore\HMRAVSource\TranscodeManager.h(123,29): warning C4251: 'HMRAVSource::TranscodeManager::m_progressCb': 'std::function<void (const HMRAVSource::TranscodeProgress &)>' needs to have dll-interface to be used by clients of 'HMRAVSource::TranscodeManager' [C:\Users\mcmco\Desktop\WMMR\build\src\MovieMakerCore\MovieMakerCore.vcxproj]
  (compiling source file '../../../src/MovieMakerCore/HMRAVSource/Audio/AudioOutput.cpp')
      C:\Program Files (x86)\Microsoft Visual Studio\2022\BuildTools\VC\Tools\MSVC\14.44.35207\include\functional(1089,7):
      see declaration of 'std::function<void (const HMRAVSource::TranscodeProgress &)>'
  
C:\Users\mcmco\Desktop\WMMR\src\MovieMakerCore\HMRAVSource\TranscodeMetadata.h(233,33): warning C4251: 'HMRAVSource::TranscodeProcess::m_stateChangeCb': 'std::function<void (HMRAVSource::TranscodeProcessState,HMRAVSource::TranscodeProcessState)>' needs to have dll-interface to be used by clients of 'HMRAVSource::TranscodeProcess' [C:\Users\mcmco\Desktop\WMMR\build\src\MovieMakerCore\MovieMakerCore.vcxproj]
  (compiling source file '../../../src/MovieMakerCore/HMRAVSource/TranscodeMetadata.cpp')
      C:\Program Files (x86)\Microsoft Visual Studio\2022\BuildTools\VC\Tools\MSVC\14.44.35207\include\functional(1089,7):
      see declaration of 'std::function<void (HMRAVSource::TranscodeProcessState,HMRAVSource::TranscodeProcessState)>'
  
C:\Users\mcmco\Desktop\WMMR\src\MovieMakerCore\HMRAVSource\TranscodeMetadata.h(234,33): warning C4251: 'HMRAVSource::TranscodeProcess::m_errorCb': 'std::function<void (HRESULT,LPCWSTR)>' needs to have dll-interface to be used by clients of 'HMRAVSource::TranscodeProcess' [C:\Users\mcmco\Desktop\WMMR\build\src\MovieMakerCore\MovieMakerCore.vcxproj]
  (compiling source file '../../../src/MovieMakerCore/HMRAVSource/TranscodeMetadata.cpp')
      C:\Program Files (x86)\Microsoft Visual Studio\2022\BuildTools\VC\Tools\MSVC\14.44.35207\include\functional(1089,7):
      see declaration of 'std::function<void (HRESULT,LPCWSTR)>'
  
C:\Users\mcmco\Desktop\WMMR\src\MovieMakerCore\HMRAVSource\TranscodeManager.h(124,29): warning C4251: 'HMRAVSource::TranscodeManager::m_errorCb': 'std::function<void (HRESULT,LPCWSTR)>' needs to have dll-interface to be used by clients of 'HMRAVSource::TranscodeManager' [C:\Users\mcmco\Desktop\WMMR\build\src\MovieMakerCore\MovieMakerCore.vcxproj]
  (compiling source file '../../../src/MovieMakerCore/HMRAVSource/Audio/AudioOutput.cpp')
      C:\Program Files (x86)\Microsoft Visual Studio\2022\BuildTools\VC\Tools\MSVC\14.44.35207\include\functional(1089,7):
      see declaration of 'std::function<void (HRESULT,LPCWSTR)>'
  
C:\Users\mcmco\Desktop\WMMR\src\MovieMakerCore\HMRAVSource\TranscodeManager.h(125,29): warning C4251: 'HMRAVSource::TranscodeManager::m_completeCb': 'std::function<void (HRESULT,LPCWSTR)>' needs to have dll-interface to be used by clients of 'HMRAVSource::TranscodeManager' [C:\Users\mcmco\Desktop\WMMR\build\src\MovieMakerCore\MovieMakerCore.vcxproj]
  (compiling source file '../../../src/MovieMakerCore/HMRAVSource/Audio/AudioOutput.cpp')
      C:\Program Files (x86)\Microsoft Visual Studio\2022\BuildTools\VC\Tools\MSVC\14.44.35207\include\functional(1089,7):
      see declaration of 'std::function<void (HRESULT,LPCWSTR)>'
  
C:\Users\mcmco\Desktop\WMMR\src\MovieMakerCore\HMRAVSource\TranscodeManager.h(127,29): warning C4251: 'HMRAVSource::TranscodeManager::m_spVideoTransform': 'ATL::CComPtr<IMFTransform>' needs to have dll-interface to be used by clients of 'HMRAVSource::TranscodeManager' [C:\Users\mcmco\Desktop\WMMR\build\src\MovieMakerCore\MovieMakerCore.vcxproj]
  (compiling source file '../../../src/MovieMakerCore/HMRAVSource/Audio/AudioOutput.cpp')
      C:\Program Files (x86)\Microsoft Visual Studio\2022\BuildTools\VC\Tools\MSVC\14.44.35207\atlmfc\include\atlcomcli.h(341,7):
      see declaration of 'ATL::CComPtr<IMFTransform>'
  
C:\Users\mcmco\Desktop\WMMR\src\MovieMakerCore\HMRAVSource\TranscodeManager.h(128,29): warning C4251: 'HMRAVSource::TranscodeManager::m_spAudioTransform': 'ATL::CComPtr<IMFTransform>' needs to have dll-interface to be used by clients of 'HMRAVSource::TranscodeManager' [C:\Users\mcmco\Desktop\WMMR\build\src\MovieMakerCore\MovieMakerCore.vcxproj]
  (compiling source file '../../../src/MovieMakerCore/HMRAVSource/Audio/AudioOutput.cpp')
      C:\Program Files (x86)\Microsoft Visual Studio\2022\BuildTools\VC\Tools\MSVC\14.44.35207\atlmfc\include\atlcomcli.h(341,7):
      see declaration of 'ATL::CComPtr<IMFTransform>'
  
C:\Users\mcmco\Desktop\WMMR\src\MovieMakerCore\HMRAVSource\TranscodeMetadata.cpp(103,18): error C2660: 'MFCreateSourceReaderFromURL': function does not take 4 arguments [C:\Users\mcmco\Desktop\WMMR\build\src\MovieMakerCore\MovieMakerCore.vcxproj]
      C:\Program Files (x86)\Windows Kits\10\Include\10.0.26100.0\um\mfreadwrite.h(277,8):
      see declaration of 'MFCreateSourceReaderFromURL'
      C:\Users\mcmco\Desktop\WMMR\src\MovieMakerCore\HMRAVSource\TranscodeMetadata.cpp(103,18):
      while trying to match the argument list '(LPCWSTR, nullptr, nullptr, T **)'
          with
          [
              T=IMFSourceReader
          ]
  
C:\Users\mcmco\Desktop\WMMR\src\MovieMakerCore\HMRAVSource\TranscodeMetadata.cpp(110,9): warning C4245: 'argument': conversion from '__MIDL___MIDL_itf_mfreadwrite_0000_0001_0001' to 'DWORD', signed/unsigned mismatch [C:\Users\mcmco\Desktop\WMMR\build\src\MovieMakerCore\MovieMakerCore.vcxproj]
C:\Users\mcmco\Desktop\WMMR\src\MovieMakerCore\HMRAVSource\TranscodeMetadata.cpp(132,18): error C2660: 'MFCreateSourceReaderFromURL': function does not take 4 arguments [C:\Users\mcmco\Desktop\WMMR\build\src\MovieMakerCore\MovieMakerCore.vcxproj]
      C:\Program Files (x86)\Windows Kits\10\Include\10.0.26100.0\um\mfreadwrite.h(277,8):
      see declaration of 'MFCreateSourceReaderFromURL'
      C:\Users\mcmco\Desktop\WMMR\src\MovieMakerCore\HMRAVSource\TranscodeMetadata.cpp(132,18):
      while trying to match the argument list '(LPCWSTR, nullptr, nullptr, T **)'
          with
          [
              T=IMFSourceReader
          ]
  
  RibbonSites.cpp
C:\Users\mcmco\Desktop\WMMR\src\MovieMakerCore\HMRAVSource\TranscodeMetadata.cpp(137,40): warning C4245: 'argument': conversion from '__MIDL___MIDL_itf_mfreadwrite_0000_0001_0001' to 'DWORD', signed/unsigned mismatch [C:\Users\mcmco\Desktop\WMMR\build\src\MovieMakerCore\MovieMakerCore.vcxproj]
C:\Users\mcmco\Desktop\WMMR\src\MovieMakerCore\HMRAVSource\TranscodeMetadata.cpp(182,18): error C3861: 'SHCreatePropertyStoreFromProperties': identifier not found [C:\Users\mcmco\Desktop\WMMR\build\src\MovieMakerCore\MovieMakerCore.vcxproj]
C:\Users\mcmco\Desktop\WMMR\src\MovieMakerCore\HMRAVSource\VideoCapture.h(105,37): warning C4251: 'HMRAVSource::VideoCapture::m_spMediaSource': 'ATL::CComPtr<IMFMediaSource>' needs to have dll-interface to be used by clients of 'HMRAVSource::VideoCapture' [C:\Users\mcmco\Desktop\WMMR\build\src\MovieMakerCore\MovieMakerCore.vcxproj]
  (compiling source file '../../../src/MovieMakerCore/HMRAVSource/Audio/AudioOutput.cpp')
      C:\Program Files (x86)\Microsoft Visual Studio\2022\BuildTools\VC\Tools\MSVC\14.44.35207\atlmfc\include\atlcomcli.h(341,7):
      see declaration of 'ATL::CComPtr<IMFMediaSource>'
  
C:\Users\mcmco\Desktop\WMMR\src\MovieMakerCore\HMRAVSource\VideoCapture.h(106,37): warning C4251: 'HMRAVSource::VideoCapture::m_spCaptureEngine': 'ATL::CComPtr<IMFCaptureEngine>' needs to have dll-interface to be used by clients of 'HMRAVSource::VideoCapture' [C:\Users\mcmco\Desktop\WMMR\build\src\MovieMakerCore\MovieMakerCore.vcxproj]
  (compiling source file '../../../src/MovieMakerCore/HMRAVSource/Audio/AudioOutput.cpp')
      C:\Program Files (x86)\Microsoft Visual Studio\2022\BuildTools\VC\Tools\MSVC\14.44.35207\atlmfc\include\atlcomcli.h(341,7):
      see declaration of 'ATL::CComPtr<IMFCaptureEngine>'
  
C:\Users\mcmco\Desktop\WMMR\src\MovieMakerCore\HMRAVSource\VideoCapture.h(107,37): warning C4251: 'HMRAVSource::VideoCapture::m_spPreviewSink': 'ATL::CComPtr<IMFCapturePreviewSink>' needs to have dll-interface to be used by clients of 'HMRAVSource::VideoCapture' [C:\Users\mcmco\Desktop\WMMR\build\src\MovieMakerCore\MovieMakerCore.vcxproj]
  (compiling source file '../../../src/MovieMakerCore/HMRAVSource/Audio/AudioOutput.cpp')
      C:\Program Files (x86)\Microsoft Visual Studio\2022\BuildTools\VC\Tools\MSVC\14.44.35207\atlmfc\include\atlcomcli.h(341,7):
      see declaration of 'ATL::CComPtr<IMFCapturePreviewSink>'
  
C:\Users\mcmco\Desktop\WMMR\src\MovieMakerCore\HMRAVSource\VideoCapture.h(108,37): warning C4251: 'HMRAVSource::VideoCapture::m_spRecordSink': 'ATL::CComPtr<IMFCaptureRecordSink>' needs to have dll-interface to be used by clients of 'HMRAVSource::VideoCapture' [C:\Users\mcmco\Desktop\WMMR\build\src\MovieMakerCore\MovieMakerCore.vcxproj]
  (compiling source file '../../../src/MovieMakerCore/HMRAVSource/Audio/AudioOutput.cpp')
      C:\Program Files (x86)\Microsoft Visual Studio\2022\BuildTools\VC\Tools\MSVC\14.44.35207\atlmfc\include\atlcomcli.h(341,7):
      see declaration of 'ATL::CComPtr<IMFCaptureRecordSink>'
  
C:\Users\mcmco\Desktop\WMMR\src\MovieMakerCore\HMRAVSource\VideoCapture.h(117,38): warning C4251: 'HMRAVSource::VideoCapture::m_frameCb': 'std::function<void (IMFSample *)>' needs to have dll-interface to be used by clients of 'HMRAVSource::VideoCapture' [C:\Users\mcmco\Desktop\WMMR\build\src\MovieMakerCore\MovieMakerCore.vcxproj]
  (compiling source file '../../../src/MovieMakerCore/HMRAVSource/Audio/AudioOutput.cpp')
      C:\Program Files (x86)\Microsoft Visual Studio\2022\BuildTools\VC\Tools\MSVC\14.44.35207\include\functional(1089,7):
      see declaration of 'std::function<void (IMFSample *)>'
  
C:\Users\mcmco\Desktop\WMMR\src\MovieMakerCore\HMRAVSource\AudioCapture.h(107,33): warning C4251: 'HMRAVSource::AudioCapture::m_spMediaSource': 'ATL::CComPtr<IMFMediaSource>' needs to have dll-interface to be used by clients of 'HMRAVSource::AudioCapture' [C:\Users\mcmco\Desktop\WMMR\build\src\MovieMakerCore\MovieMakerCore.vcxproj]
  (compiling source file '../../../src/MovieMakerCore/HMRAVSource/Audio/AudioOutput.cpp')
      C:\Program Files (x86)\Microsoft Visual Studio\2022\BuildTools\VC\Tools\MSVC\14.44.35207\atlmfc\include\atlcomcli.h(341,7):
      see declaration of 'ATL::CComPtr<IMFMediaSource>'
  
C:\Users\mcmco\Desktop\WMMR\src\MovieMakerCore\HMRAVSource\AudioCapture.h(108,33): warning C4251: 'HMRAVSource::AudioCapture::m_spReader': 'ATL::CComPtr<IMFSourceReader>' needs to have dll-interface to be used by clients of 'HMRAVSource::AudioCapture' [C:\Users\mcmco\Desktop\WMMR\build\src\MovieMakerCore\MovieMakerCore.vcxproj]
  (compiling source file '../../../src/MovieMakerCore/HMRAVSource/Audio/AudioOutput.cpp')
      C:\Program Files (x86)\Microsoft Visual Studio\2022\BuildTools\VC\Tools\MSVC\14.44.35207\atlmfc\include\atlcomcli.h(341,7):
      see declaration of 'ATL::CComPtr<IMFSourceReader>'
  
C:\Users\mcmco\Desktop\WMMR\src\MovieMakerCore\HMRAVSource\AudioCapture.h(116,34): warning C4251: 'HMRAVSource::AudioCapture::m_sampleCb': 'std::function<void (IMFSample *)>' needs to have dll-interface to be used by clients of 'HMRAVSource::AudioCapture' [C:\Users\mcmco\Desktop\WMMR\build\src\MovieMakerCore\MovieMakerCore.vcxproj]
  (compiling source file '../../../src/MovieMakerCore/HMRAVSource/Audio/AudioOutput.cpp')
      C:\Program Files (x86)\Microsoft Visual Studio\2022\BuildTools\VC\Tools\MSVC\14.44.35207\include\functional(1089,7):
      see declaration of 'std::function<void (IMFSample *)>'
  
C:\Users\mcmco\Desktop\WMMR\src\MovieMakerCore\HMRAVSource\AVCaptureSession.h(117,25): warning C4251: 'HMRAVSource::AVCaptureSession::m_statsCb': 'std::function<void (const HMRAVSource::AVCaptureSessionStats &)>' needs to have dll-interface to be used by clients of 'HMRAVSource::AVCaptureSession' [C:\Users\mcmco\Desktop\WMMR\build\src\MovieMakerCore\MovieMakerCore.vcxproj]
  (compiling source file '../../../src/MovieMakerCore/HMRAVSource/Audio/AudioOutput.cpp')
      C:\Program Files (x86)\Microsoft Visual Studio\2022\BuildTools\VC\Tools\MSVC\14.44.35207\include\functional(1089,7):
      see declaration of 'std::function<void (const HMRAVSource::AVCaptureSessionStats &)>'
  
C:\Users\mcmco\Desktop\WMMR\src\MovieMakerCore\HMRAVSource\AVCaptureSession.h(118,25): warning C4251: 'HMRAVSource::AVCaptureSession::m_errorCb': 'std::function<void (HRESULT)>' needs to have dll-interface to be used by clients of 'HMRAVSource::AVCaptureSession' [C:\Users\mcmco\Desktop\WMMR\build\src\MovieMakerCore\MovieMakerCore.vcxproj]
  (compiling source file '../../../src/MovieMakerCore/HMRAVSource/Audio/AudioOutput.cpp')
      C:\Program Files (x86)\Microsoft Visual Studio\2022\BuildTools\VC\Tools\MSVC\14.44.35207\include\functional(1089,7):
      see declaration of 'std::function<void (HRESULT)>'
  
C:\Users\mcmco\Desktop\WMMR\src\MovieMakerCore\HMRAVSource\AVCaptureSession.h(119,25): warning C4251: 'HMRAVSource::AVCaptureSession::m_completeCb': 'std::function<void (HRESULT)>' needs to have dll-interface to be used by clients of 'HMRAVSource::AVCaptureSession' [C:\Users\mcmco\Desktop\WMMR\build\src\MovieMakerCore\MovieMakerCore.vcxproj]
  (compiling source file '../../../src/MovieMakerCore/HMRAVSource/Audio/AudioOutput.cpp')
      C:\Program Files (x86)\Microsoft Visual Studio\2022\BuildTools\VC\Tools\MSVC\14.44.35207\include\functional(1089,7):
      see declaration of 'std::function<void (HRESULT)>'
  
C:\Users\mcmco\Desktop\WMMR\src\MovieMakerCore\HMRAVSource\AVCaptureSession.h(169,25): warning C4251: 'HMRAVSource::AudioCaptureSession::m_strOutputPath': 'ATL::CStringT<wchar_t,ATL::StrTraitATL<wchar_t,ATL::ChTraitsCRT<wchar_t>>>' needs to have dll-interface to be used by clients of 'HMRAVSource::AudioCaptureSession' [C:\Users\mcmco\Desktop\WMMR\build\src\MovieMakerCore\MovieMakerCore.vcxproj]
  (compiling source file '../../../src/MovieMakerCore/HMRAVSource/Audio/AudioOutput.cpp')
      C:\Program Files (x86)\Microsoft Visual Studio\2022\BuildTools\VC\Tools\MSVC\14.44.35207\atlmfc\include\cstringt.h(999,7):
      see declaration of 'ATL::CStringT<wchar_t,ATL::StrTraitATL<wchar_t,ATL::ChTraitsCRT<wchar_t>>>'
  
C:\Users\mcmco\Desktop\WMMR\src\MovieMakerCore\HMRAVSource\AVCaptureSession.h(173,25): warning C4251: 'HMRAVSource::AudioCaptureSession::m_completeCb': 'std::function<void (HRESULT,LPCWSTR)>' needs to have dll-interface to be used by clients of 'HMRAVSource::AudioCaptureSession' [C:\Users\mcmco\Desktop\WMMR\build\src\MovieMakerCore\MovieMakerCore.vcxproj]
  (compiling source file '../../../src/MovieMakerCore/HMRAVSource/Audio/AudioOutput.cpp')
      C:\Program Files (x86)\Microsoft Visual Studio\2022\BuildTools\VC\Tools\MSVC\14.44.35207\include\functional(1089,7):
      see declaration of 'std::function<void (HRESULT,LPCWSTR)>'
  
C:\Users\mcmco\Desktop\WMMR\src\MovieMakerCore\HMRAVSource\CachedWFSection.h(80,35): warning C4251: 'HMRAVSource::CachedWFSection::m_arrEntries': 'ATL::CAtlArray<HMRAVSource::CachedWFEntry,ATL::CElementTraits<E>>' needs to have dll-interface to be used by clients of 'HMRAVSource::CachedWFSection' [C:\Users\mcmco\Desktop\WMMR\build\src\MovieMakerCore\MovieMakerCore.vcxproj]
C:\Users\mcmco\Desktop\WMMR\src\MovieMakerCore\HMRAVSource\CachedWFSection.h(80,35): warning C4251:         with [C:\Users\mcmco\Desktop\WMMR\build\src\MovieMakerCore\MovieMakerCore.vcxproj]
C:\Users\mcmco\Desktop\WMMR\src\MovieMakerCore\HMRAVSource\CachedWFSection.h(80,35): warning C4251:         [ [C:\Users\mcmco\Desktop\WMMR\build\src\MovieMakerCore\MovieMakerCore.vcxproj]
C:\Users\mcmco\Desktop\WMMR\src\MovieMakerCore\HMRAVSource\CachedWFSection.h(80,35): warning C4251:             E=HMRAVSource::CachedWFEntry [C:\Users\mcmco\Desktop\WMMR\build\src\MovieMakerCore\MovieMakerCore.vcxproj]
C:\Users\mcmco\Desktop\WMMR\src\MovieMakerCore\HMRAVSource\CachedWFSection.h(80,35): warning C4251:         ] [C:\Users\mcmco\Desktop\WMMR\build\src\MovieMakerCore\MovieMakerCore.vcxproj]
  (compiling source file '../../../src/MovieMakerCore/HMRAVSource/Audio/AudioOutput.cpp')
      C:\Program Files (x86)\Microsoft Visual Studio\2022\BuildTools\VC\Tools\MSVC\14.44.35207\atlmfc\include\atlcoll.h(530,7):
      see declaration of 'ATL::CAtlArray<HMRAVSource::CachedWFEntry,ATL::CElementTraits<E>>'
          with
          [
              E=HMRAVSource::CachedWFEntry
          ]
  
  PreviewPresenter.cpp
C:\Users\mcmco\Desktop\WMMR\src\WLXPhotoBase\BaseTypes.h(536,18): warning C4251: 'Base::File::m_strPath': 'ATL::CStringT<wchar_t,ATL::StrTraitATL<wchar_t,ATL::ChTraitsCRT<wchar_t>>>' needs to have dll-interface to be used by clients of 'Base::File' [C:\Users\mcmco\Desktop\WMMR\build\src\MovieMakerCore\MovieMakerCore.vcxproj]
  (compiling source file '../../../src/MovieMakerCore/HMRAVSource/Audio/AudioQueue.cpp')
      C:\Program Files (x86)\Microsoft Visual Studio\2022\BuildTools\VC\Tools\MSVC\14.44.35207\atlmfc\include\cstringt.h(999,7):
      see declaration of 'ATL::CStringT<wchar_t,ATL::StrTraitATL<wchar_t,ATL::ChTraitsCRT<wchar_t>>>'
  
C:\Users\mcmco\Desktop\WMMR\src\WLXPhotoBase\BaseTypes.h(568,18): warning C4251: 'Base::TempFile::m_strPath': 'ATL::CStringT<wchar_t,ATL::StrTraitATL<wchar_t,ATL::ChTraitsCRT<wchar_t>>>' needs to have dll-interface to be used by clients of 'Base::TempFile' [C:\Users\mcmco\Desktop\WMMR\build\src\MovieMakerCore\MovieMakerCore.vcxproj]
  (compiling source file '../../../src/MovieMakerCore/HMRAVSource/Audio/AudioQueue.cpp')
      C:\Program Files (x86)\Microsoft Visual Studio\2022\BuildTools\VC\Tools\MSVC\14.44.35207\atlmfc\include\cstringt.h(999,7):
      see declaration of 'ATL::CStringT<wchar_t,ATL::StrTraitATL<wchar_t,ATL::ChTraitsCRT<wchar_t>>>'
  
C:\Users\mcmco\Desktop\WMMR\src\WLXPhotoBase\BaseTypes.h(661,21): warning C4251: 'Base::FindFile::m_strDirectory': 'ATL::CStringT<wchar_t,ATL::StrTraitATL<wchar_t,ATL::ChTraitsCRT<wchar_t>>>' needs to have dll-interface to be used by clients of 'Base::FindFile' [C:\Users\mcmco\Desktop\WMMR\build\src\MovieMakerCore\MovieMakerCore.vcxproj]
  (compiling source file '../../../src/MovieMakerCore/HMRAVSource/Audio/AudioQueue.cpp')
      C:\Program Files (x86)\Microsoft Visual Studio\2022\BuildTools\VC\Tools\MSVC\14.44.35207\atlmfc\include\cstringt.h(999,7):
      see declaration of 'ATL::CStringT<wchar_t,ATL::StrTraitATL<wchar_t,ATL::ChTraitsCRT<wchar_t>>>'
  
C:\Users\mcmco\Desktop\WMMR\src\WLXPhotoBase\BaseTypes.h(724,25): warning C4251: 'Base::IntSet::m_values': 'ATL::CAtlArray<int,ATL::CElementTraits<int>>' needs to have dll-interface to be used by clients of 'Base::IntSet' [C:\Users\mcmco\Desktop\WMMR\build\src\MovieMakerCore\MovieMakerCore.vcxproj]
  (compiling source file '../../../src/MovieMakerCore/HMRAVSource/Audio/AudioQueue.cpp')
      C:\Program Files (x86)\Microsoft Visual Studio\2022\BuildTools\VC\Tools\MSVC\14.44.35207\atlmfc\include\atlcoll.h(530,7):
      see declaration of 'ATL::CAtlArray<int,ATL::CElementTraits<int>>'
  
C:\Users\mcmco\Desktop\WMMR\src\MovieMakerCore\pch.h(21,9): warning C4005: 'WINVER': macro redefinition [C:\Users\mcmco\Desktop\WMMR\build\src\MovieMakerCore\MovieMakerCore.vcxproj]
  (compiling source file '../../../src/MovieMakerCore/UI/Ribbon/RibbonSites.cpp')
      C:\Users\mcmco\Desktop\WMMR\src\MovieMakerCore\pch.h(21,9):
      'WINVER' previously declared on the command line
  
C:\Users\mcmco\Desktop\WMMR\src\MovieMakerCore\pch.h(22,9): warning C4005: '_WIN32_WINNT': macro redefinition [C:\Users\mcmco\Desktop\WMMR\build\src\MovieMakerCore\MovieMakerCore.vcxproj]
  (compiling source file '../../../src/MovieMakerCore/UI/Ribbon/RibbonSites.cpp')
      C:\Users\mcmco\Desktop\WMMR\src\MovieMakerCore\pch.h(22,9):
      '_WIN32_WINNT' previously declared on the command line
  
C:\Users\mcmco\Desktop\WMMR\src\MovieMakerCore\pch.h(30,9): warning C4005: 'WIN32_LEAN_AND_MEAN': macro redefinition [C:\Users\mcmco\Desktop\WMMR\build\src\MovieMakerCore\MovieMakerCore.vcxproj]
  (compiling source file '../../../src/MovieMakerCore/UI/Ribbon/RibbonSites.cpp')
      C:\Users\mcmco\Desktop\WMMR\src\MovieMakerCore\pch.h(30,9):
      'WIN32_LEAN_AND_MEAN' previously declared on the command line
  
C:\Users\mcmco\Desktop\WMMR\src\MovieMakerCore\pch.h(31,9): warning C4005: 'NOMINMAX': macro redefinition [C:\Users\mcmco\Desktop\WMMR\build\src\MovieMakerCore\MovieMakerCore.vcxproj]
  (compiling source file '../../../src/MovieMakerCore/UI/Ribbon/RibbonSites.cpp')
      C:\Users\mcmco\Desktop\WMMR\src\MovieMakerCore\pch.h(31,9):
      'NOMINMAX' previously declared on the command line
  
C:\Users\mcmco\Desktop\WMMR\src\MovieMakerCore\pch.h(32,9): warning C4005: '_CRT_SECURE_NO_WARNINGS': macro redefinition [C:\Users\mcmco\Desktop\WMMR\build\src\MovieMakerCore\MovieMakerCore.vcxproj]
  (compiling source file '../../../src/MovieMakerCore/UI/Ribbon/RibbonSites.cpp')
      C:\Users\mcmco\Desktop\WMMR\src\MovieMakerCore\pch.h(32,9):
      '_CRT_SECURE_NO_WARNINGS' previously declared on the command line
  
C:\Users\mcmco\Desktop\WMMR\src\MovieMakerCore\pch.h(33,9): warning C4005: '_WINDLL': macro redefinition [C:\Users\mcmco\Desktop\WMMR\build\src\MovieMakerCore\MovieMakerCore.vcxproj]
  (compiling source file '../../../src/MovieMakerCore/UI/Ribbon/RibbonSites.cpp')
      C:\Users\mcmco\Desktop\WMMR\src\MovieMakerCore\pch.h(33,9):
      '_WINDLL' previously declared on the command line
  
C:\Users\mcmco\Desktop\WMMR\src\MovieMakerCore\pch.h(34,9): warning C4005: '_AFXDLL': macro redefinition [C:\Users\mcmco\Desktop\WMMR\build\src\MovieMakerCore\MovieMakerCore.vcxproj]
  (compiling source file '../../../src/MovieMakerCore/UI/Ribbon/RibbonSites.cpp')
      C:\Users\mcmco\Desktop\WMMR\src\MovieMakerCore\pch.h(34,9):
      '_AFXDLL' previously declared on the command line
  
C:\Users\mcmco\Desktop\WMMR\src\MovieMakerCore\pch.h(35,9): warning C4005: '_ATL_CSTRING_EXPLICIT_CONSTRUCTORS': macro redefinition [C:\Users\mcmco\Desktop\WMMR\build\src\MovieMakerCore\MovieMakerCore.vcxproj]
  (compiling source file '../../../src/MovieMakerCore/UI/Ribbon/RibbonSites.cpp')
      C:\Users\mcmco\Desktop\WMMR\src\MovieMakerCore\pch.h(35,9):
      '_ATL_CSTRING_EXPLICIT_CONSTRUCTORS' previously declared on the command line
  
C:\Users\mcmco\Desktop\WMMR\src\MovieMakerCore\pch.h(36,9): warning C4005: '_ATL_ALL_WARNINGS': macro redefinition [C:\Users\mcmco\Desktop\WMMR\build\src\MovieMakerCore\MovieMakerCore.vcxproj]
  (compiling source file '../../../src/MovieMakerCore/UI/Ribbon/RibbonSites.cpp')
      C:\Users\mcmco\Desktop\WMMR\src\MovieMakerCore\pch.h(36,9):
      '_ATL_ALL_WARNINGS' previously declared on the command line
  
C:\Users\mcmco\Desktop\WMMR\src\MovieMakerCore\pch.h(21,9): warning C4005: 'WINVER': macro redefinition [C:\Users\mcmco\Desktop\WMMR\build\src\MovieMakerCore\MovieMakerCore.vcxproj]
  (compiling source file '../../../src/MovieMakerCore/Preview/PreviewPresenter.cpp')
      C:\Users\mcmco\Desktop\WMMR\src\MovieMakerCore\pch.h(21,9):
      'WINVER' previously declared on the command line
  
C:\Users\mcmco\Desktop\WMMR\src\MovieMakerCore\pch.h(22,9): warning C4005: '_WIN32_WINNT': macro redefinition [C:\Users\mcmco\Desktop\WMMR\build\src\MovieMakerCore\MovieMakerCore.vcxproj]
  (compiling source file '../../../src/MovieMakerCore/Preview/PreviewPresenter.cpp')
      C:\Users\mcmco\Desktop\WMMR\src\MovieMakerCore\pch.h(22,9):
      '_WIN32_WINNT' previously declared on the command line
  
C:\Users\mcmco\Desktop\WMMR\src\MovieMakerCore\pch.h(30,9): warning C4005: 'WIN32_LEAN_AND_MEAN': macro redefinition [C:\Users\mcmco\Desktop\WMMR\build\src\MovieMakerCore\MovieMakerCore.vcxproj]
  (compiling source file '../../../src/MovieMakerCore/Preview/PreviewPresenter.cpp')
      C:\Users\mcmco\Desktop\WMMR\src\MovieMakerCore\pch.h(30,9):
      'WIN32_LEAN_AND_MEAN' previously declared on the command line
  
C:\Users\mcmco\Desktop\WMMR\src\MovieMakerCore\pch.h(31,9): warning C4005: 'NOMINMAX': macro redefinition [C:\Users\mcmco\Desktop\WMMR\build\src\MovieMakerCore\MovieMakerCore.vcxproj]
  (compiling source file '../../../src/MovieMakerCore/Preview/PreviewPresenter.cpp')
      C:\Users\mcmco\Desktop\WMMR\src\MovieMakerCore\pch.h(31,9):
      'NOMINMAX' previously declared on the command line
  
C:\Users\mcmco\Desktop\WMMR\src\MovieMakerCore\pch.h(32,9): warning C4005: '_CRT_SECURE_NO_WARNINGS': macro redefinition [C:\Users\mcmco\Desktop\WMMR\build\src\MovieMakerCore\MovieMakerCore.vcxproj]
  (compiling source file '../../../src/MovieMakerCore/Preview/PreviewPresenter.cpp')
      C:\Users\mcmco\Desktop\WMMR\src\MovieMakerCore\pch.h(32,9):
      '_CRT_SECURE_NO_WARNINGS' previously declared on the command line
  
C:\Users\mcmco\Desktop\WMMR\src\MovieMakerCore\pch.h(33,9): warning C4005: '_WINDLL': macro redefinition [C:\Users\mcmco\Desktop\WMMR\build\src\MovieMakerCore\MovieMakerCore.vcxproj]
  (compiling source file '../../../src/MovieMakerCore/Preview/PreviewPresenter.cpp')
      C:\Users\mcmco\Desktop\WMMR\src\MovieMakerCore\pch.h(33,9):
      '_WINDLL' previously declared on the command line
  
C:\Users\mcmco\Desktop\WMMR\src\MovieMakerCore\pch.h(34,9): warning C4005: '_AFXDLL': macro redefinition [C:\Users\mcmco\Desktop\WMMR\build\src\MovieMakerCore\MovieMakerCore.vcxproj]
  (compiling source file '../../../src/MovieMakerCore/Preview/PreviewPresenter.cpp')
      C:\Users\mcmco\Desktop\WMMR\src\MovieMakerCore\pch.h(34,9):
      '_AFXDLL' previously declared on the command line
  
C:\Users\mcmco\Desktop\WMMR\src\MovieMakerCore\pch.h(35,9): warning C4005: '_ATL_CSTRING_EXPLICIT_CONSTRUCTORS': macro redefinition [C:\Users\mcmco\Desktop\WMMR\build\src\MovieMakerCore\MovieMakerCore.vcxproj]
  (compiling source file '../../../src/MovieMakerCore/Preview/PreviewPresenter.cpp')
      C:\Users\mcmco\Desktop\WMMR\src\MovieMakerCore\pch.h(35,9):
      '_ATL_CSTRING_EXPLICIT_CONSTRUCTORS' previously declared on the command line
  
C:\Users\mcmco\Desktop\WMMR\src\MovieMakerCore\pch.h(36,9): warning C4005: '_ATL_ALL_WARNINGS': macro redefinition [C:\Users\mcmco\Desktop\WMMR\build\src\MovieMakerCore\MovieMakerCore.vcxproj]
  (compiling source file '../../../src/MovieMakerCore/Preview/PreviewPresenter.cpp')
      C:\Users\mcmco\Desktop\WMMR\src\MovieMakerCore\pch.h(36,9):
      '_ATL_ALL_WARNINGS' previously declared on the command line
  
C:\Users\mcmco\Desktop\WMMR\src\MovieMakerCore\HMRAVSource\StreamSink.h(101,33): warning C4251: 'HMRAVSource::StreamSink::m_spSinkWriter': 'ATL::CComPtr<IMFSinkWriter>' needs to have dll-interface to be used by clients of 'HMRAVSource::StreamSink' [C:\Users\mcmco\Desktop\WMMR\build\src\MovieMakerCore\MovieMakerCore.vcxproj]
  (compiling source file '../../../src/MovieMakerCore/HMRAVSource/Audio/AudioQueue.cpp')
      C:\Program Files (x86)\Microsoft Visual Studio\2022\BuildTools\VC\Tools\MSVC\14.44.35207\atlmfc\include\atlcomcli.h(341,7):
      see declaration of 'ATL::CComPtr<IMFSinkWriter>'
  
C:\Users\mcmco\Desktop\WMMR\src\MovieMakerCore\HMRAVSource\StreamSink.h(108,33): warning C4251: 'HMRAVSource::StreamSink::m_progressCb': 'std::function<void (const HMRAVSource::StreamSinkStats &)>' needs to have dll-interface to be used by clients of 'HMRAVSource::StreamSink' [C:\Users\mcmco\Desktop\WMMR\build\src\MovieMakerCore\MovieMakerCore.vcxproj]
  (compiling source file '../../../src/MovieMakerCore/HMRAVSource/Audio/AudioQueue.cpp')
      C:\Program Files (x86)\Microsoft Visual Studio\2022\BuildTools\VC\Tools\MSVC\14.44.35207\include\functional(1089,7):
      see declaration of 'std::function<void (const HMRAVSource::StreamSinkStats &)>'
  
C:\Users\mcmco\Desktop\WMMR\src\MovieMakerCore\HMRAVSource\TranscodeManager.h(123,29): warning C4251: 'HMRAVSource::TranscodeManager::m_progressCb': 'std::function<void (const HMRAVSource::TranscodeProgress &)>' needs to have dll-interface to be used by clients of 'HMRAVSource::TranscodeManager' [C:\Users\mcmco\Desktop\WMMR\build\src\MovieMakerCore\MovieMakerCore.vcxproj]
  (compiling source file '../../../src/MovieMakerCore/HMRAVSource/Audio/AudioQueue.cpp')
      C:\Program Files (x86)\Microsoft Visual Studio\2022\BuildTools\VC\Tools\MSVC\14.44.35207\include\functional(1089,7):
      see declaration of 'std::function<void (const HMRAVSource::TranscodeProgress &)>'
  
C:\Users\mcmco\Desktop\WMMR\src\MovieMakerCore\HMRAVSource\Audio\AudioOutput.h(155,37): warning C4251: 'HMRAVSource::AudioOutput::m_spDeviceEnumerator': 'ATL::CComPtr<IMMDeviceEnumerator>' needs to have dll-interface to be used by clients of 'HMRAVSource::AudioOutput' [C:\Users\mcmco\Desktop\WMMR\build\src\MovieMakerCore\MovieMakerCore.vcxproj]
  (compiling source file '../../../src/MovieMakerCore/HMRAVSource/Audio/AudioOutput.cpp')
      C:\Program Files (x86)\Microsoft Visual Studio\2022\BuildTools\VC\Tools\MSVC\14.44.35207\atlmfc\include\atlcomcli.h(341,7):
      see declaration of 'ATL::CComPtr<IMMDeviceEnumerator>'
  
C:\Users\mcmco\Desktop\WMMR\src\MovieMakerCore\HMRAVSource\TranscodeManager.h(124,29): warning C4251: 'HMRAVSource::TranscodeManager::m_errorCb': 'std::function<void (HRESULT,LPCWSTR)>' needs to have dll-interface to be used by clients of 'HMRAVSource::TranscodeManager' [C:\Users\mcmco\Desktop\WMMR\build\src\MovieMakerCore\MovieMakerCore.vcxproj]
  (compiling source file '../../../src/MovieMakerCore/HMRAVSource/Audio/AudioQueue.cpp')
      C:\Program Files (x86)\Microsoft Visual Studio\2022\BuildTools\VC\Tools\MSVC\14.44.35207\include\functional(1089,7):
      see declaration of 'std::function<void (HRESULT,LPCWSTR)>'
  
C:\Users\mcmco\Desktop\WMMR\src\MovieMakerCore\HMRAVSource\TranscodeManager.h(125,29): warning C4251: 'HMRAVSource::TranscodeManager::m_completeCb': 'std::function<void (HRESULT,LPCWSTR)>' needs to have dll-interface to be used by clients of 'HMRAVSource::TranscodeManager' [C:\Users\mcmco\Desktop\WMMR\build\src\MovieMakerCore\MovieMakerCore.vcxproj]
  (compiling source file '../../../src/MovieMakerCore/HMRAVSource/Audio/AudioQueue.cpp')
      C:\Program Files (x86)\Microsoft Visual Studio\2022\BuildTools\VC\Tools\MSVC\14.44.35207\include\functional(1089,7):
      see declaration of 'std::function<void (HRESULT,LPCWSTR)>'
  
C:\Users\mcmco\Desktop\WMMR\src\MovieMakerCore\HMRAVSource\Audio\AudioOutput.h(156,37): warning C4251: 'HMRAVSource::AudioOutput::m_spDevice': 'ATL::CComPtr<IMMDevice>' needs to have dll-interface to be used by clients of 'HMRAVSource::AudioOutput' [C:\Users\mcmco\Desktop\WMMR\build\src\MovieMakerCore\MovieMakerCore.vcxproj]
  (compiling source file '../../../src/MovieMakerCore/HMRAVSource/Audio/AudioOutput.cpp')
      C:\Program Files (x86)\Microsoft Visual Studio\2022\BuildTools\VC\Tools\MSVC\14.44.35207\atlmfc\include\atlcomcli.h(341,7):
      see declaration of 'ATL::CComPtr<IMMDevice>'
  
C:\Users\mcmco\Desktop\WMMR\src\MovieMakerCore\HMRAVSource\TranscodeManager.h(127,29): warning C4251: 'HMRAVSource::TranscodeManager::m_spVideoTransform': 'ATL::CComPtr<IMFTransform>' needs to have dll-interface to be used by clients of 'HMRAVSource::TranscodeManager' [C:\Users\mcmco\Desktop\WMMR\build\src\MovieMakerCore\MovieMakerCore.vcxproj]
  (compiling source file '../../../src/MovieMakerCore/HMRAVSource/Audio/AudioQueue.cpp')
      C:\Program Files (x86)\Microsoft Visual Studio\2022\BuildTools\VC\Tools\MSVC\14.44.35207\atlmfc\include\atlcomcli.h(341,7):
      see declaration of 'ATL::CComPtr<IMFTransform>'
  
C:\Users\mcmco\Desktop\WMMR\src\MovieMakerCore\HMRAVSource\TranscodeManager.h(128,29): warning C4251: 'HMRAVSource::TranscodeManager::m_spAudioTransform': 'ATL::CComPtr<IMFTransform>' needs to have dll-interface to be used by clients of 'HMRAVSource::TranscodeManager' [C:\Users\mcmco\Desktop\WMMR\build\src\MovieMakerCore\MovieMakerCore.vcxproj]
  (compiling source file '../../../src/MovieMakerCore/HMRAVSource/Audio/AudioQueue.cpp')
      C:\Program Files (x86)\Microsoft Visual Studio\2022\BuildTools\VC\Tools\MSVC\14.44.35207\atlmfc\include\atlcomcli.h(341,7):
      see declaration of 'ATL::CComPtr<IMFTransform>'
  
C:\Users\mcmco\Desktop\WMMR\src\MovieMakerCore\HMRAVSource\Audio\AudioOutput.h(157,37): warning C4251: 'HMRAVSource::AudioOutput::m_spAudioClient': 'ATL::CComPtr<IAudioClient>' needs to have dll-interface to be used by clients of 'HMRAVSource::AudioOutput' [C:\Users\mcmco\Desktop\WMMR\build\src\MovieMakerCore\MovieMakerCore.vcxproj]
  (compiling source file '../../../src/MovieMakerCore/HMRAVSource/Audio/AudioOutput.cpp')
      C:\Program Files (x86)\Microsoft Visual Studio\2022\BuildTools\VC\Tools\MSVC\14.44.35207\atlmfc\include\atlcomcli.h(341,7):
      see declaration of 'ATL::CComPtr<IAudioClient>'
  
C:\Users\mcmco\Desktop\WMMR\src\MovieMakerCore\HMRAVSource\Audio\AudioOutput.h(158,37): warning C4251: 'HMRAVSource::AudioOutput::m_spRenderClient': 'ATL::CComPtr<IAudioRenderClient>' needs to have dll-interface to be used by clients of 'HMRAVSource::AudioOutput' [C:\Users\mcmco\Desktop\WMMR\build\src\MovieMakerCore\MovieMakerCore.vcxproj]
  (compiling source file '../../../src/MovieMakerCore/HMRAVSource/Audio/AudioOutput.cpp')
      C:\Program Files (x86)\Microsoft Visual Studio\2022\BuildTools\VC\Tools\MSVC\14.44.35207\atlmfc\include\atlcomcli.h(341,7):
      see declaration of 'ATL::CComPtr<IAudioRenderClient>'
  
C:\Users\mcmco\Desktop\WMMR\src\MovieMakerCore\HMRAVSource\Audio\AudioOutput.h(160,37): warning C4251: 'HMRAVSource::AudioOutput::m_format': 'HMRAVSource::AudioOutputFormat' needs to have dll-interface to be used by clients of 'HMRAVSource::AudioOutput' [C:\Users\mcmco\Desktop\WMMR\build\src\MovieMakerCore\MovieMakerCore.vcxproj]
  (compiling source file '../../../src/MovieMakerCore/HMRAVSource/Audio/AudioOutput.cpp')
      C:\Users\mcmco\Desktop\WMMR\src\MovieMakerCore\HMRAVSource\Audio\AudioOutput.h(32,8):
      see declaration of 'HMRAVSource::AudioOutputFormat'
  
C:\Users\mcmco\Desktop\WMMR\src\MovieMakerCore\HMRAVSource\Audio\AudioOutput.cpp(99,28): error C2065: 'PKEY_Device_FriendlyName': undeclared identifier [C:\Users\mcmco\Desktop\WMMR\build\src\MovieMakerCore\MovieMakerCore.vcxproj]
C:\Users\mcmco\Desktop\WMMR\src\MovieMakerCore\HMRAVSource\VideoCapture.h(105,37): warning C4251: 'HMRAVSource::VideoCapture::m_spMediaSource': 'ATL::CComPtr<IMFMediaSource>' needs to have dll-interface to be used by clients of 'HMRAVSource::VideoCapture' [C:\Users\mcmco\Desktop\WMMR\build\src\MovieMakerCore\MovieMakerCore.vcxproj]
  (compiling source file '../../../src/MovieMakerCore/HMRAVSource/Audio/AudioQueue.cpp')
      C:\Program Files (x86)\Microsoft Visual Studio\2022\BuildTools\VC\Tools\MSVC\14.44.35207\atlmfc\include\atlcomcli.h(341,7):
      see declaration of 'ATL::CComPtr<IMFMediaSource>'
  
C:\Users\mcmco\Desktop\WMMR\src\MovieMakerCore\HMRAVSource\VideoCapture.h(106,37): warning C4251: 'HMRAVSource::VideoCapture::m_spCaptureEngine': 'ATL::CComPtr<IMFCaptureEngine>' needs to have dll-interface to be used by clients of 'HMRAVSource::VideoCapture' [C:\Users\mcmco\Desktop\WMMR\build\src\MovieMakerCore\MovieMakerCore.vcxproj]
  (compiling source file '../../../src/MovieMakerCore/HMRAVSource/Audio/AudioQueue.cpp')
      C:\Program Files (x86)\Microsoft Visual Studio\2022\BuildTools\VC\Tools\MSVC\14.44.35207\atlmfc\include\atlcomcli.h(341,7):
      see declaration of 'ATL::CComPtr<IMFCaptureEngine>'
  
C:\Users\mcmco\Desktop\WMMR\src\MovieMakerCore\HMRAVSource\VideoCapture.h(107,37): warning C4251: 'HMRAVSource::VideoCapture::m_spPreviewSink': 'ATL::CComPtr<IMFCapturePreviewSink>' needs to have dll-interface to be used by clients of 'HMRAVSource::VideoCapture' [C:\Users\mcmco\Desktop\WMMR\build\src\MovieMakerCore\MovieMakerCore.vcxproj]
  (compiling source file '../../../src/MovieMakerCore/HMRAVSource/Audio/AudioQueue.cpp')
      C:\Program Files (x86)\Microsoft Visual Studio\2022\BuildTools\VC\Tools\MSVC\14.44.35207\atlmfc\include\atlcomcli.h(341,7):
      see declaration of 'ATL::CComPtr<IMFCapturePreviewSink>'
  
C:\Users\mcmco\Desktop\WMMR\src\MovieMakerCore\HMRAVSource\Audio\AudioOutput.cpp(270,27): error C2664: 'HRESULT IAudioClient::GetBufferSize(UINT32 *)': cannot convert argument 1 from 'DWORD *' to 'UINT32 *' [C:\Users\mcmco\Desktop\WMMR\build\src\MovieMakerCore\MovieMakerCore.vcxproj]
      C:\Users\mcmco\Desktop\WMMR\src\MovieMakerCore\HMRAVSource\Audio\AudioOutput.cpp(270,41):
      Types pointed to are unrelated; conversion requires reinterpret_cast, C-style cast or parenthesized function-style cast
      C:\Program Files (x86)\Windows Kits\10\Include\10.0.26100.0\um\Audioclient.h(265,43):
      see declaration of 'IAudioClient::GetBufferSize'
      C:\Users\mcmco\Desktop\WMMR\src\MovieMakerCore\HMRAVSource\Audio\AudioOutput.cpp(270,27):
      while trying to match the argument list '(DWORD *)'
  
C:\Users\mcmco\Desktop\WMMR\src\MovieMakerCore\HMRAVSource\VideoCapture.h(108,37): warning C4251: 'HMRAVSource::VideoCapture::m_spRecordSink': 'ATL::CComPtr<IMFCaptureRecordSink>' needs to have dll-interface to be used by clients of 'HMRAVSource::VideoCapture' [C:\Users\mcmco\Desktop\WMMR\build\src\MovieMakerCore\MovieMakerCore.vcxproj]
  (compiling source file '../../../src/MovieMakerCore/HMRAVSource/Audio/AudioQueue.cpp')
      C:\Program Files (x86)\Microsoft Visual Studio\2022\BuildTools\VC\Tools\MSVC\14.44.35207\atlmfc\include\atlcomcli.h(341,7):
      see declaration of 'ATL::CComPtr<IMFCaptureRecordSink>'
  
C:\Users\mcmco\Desktop\WMMR\src\MovieMakerCore\HMRAVSource\VideoCapture.h(117,38): warning C4251: 'HMRAVSource::VideoCapture::m_frameCb': 'std::function<void (IMFSample *)>' needs to have dll-interface to be used by clients of 'HMRAVSource::VideoCapture' [C:\Users\mcmco\Desktop\WMMR\build\src\MovieMakerCore\MovieMakerCore.vcxproj]
  (compiling source file '../../../src/MovieMakerCore/HMRAVSource/Audio/AudioQueue.cpp')
      C:\Program Files (x86)\Microsoft Visual Studio\2022\BuildTools\VC\Tools\MSVC\14.44.35207\include\functional(1089,7):
      see declaration of 'std::function<void (IMFSample *)>'
  
C:\Users\mcmco\Desktop\WMMR\src\MovieMakerCore\HMRAVSource\AudioCapture.h(107,33): warning C4251: 'HMRAVSource::AudioCapture::m_spMediaSource': 'ATL::CComPtr<IMFMediaSource>' needs to have dll-interface to be used by clients of 'HMRAVSource::AudioCapture' [C:\Users\mcmco\Desktop\WMMR\build\src\MovieMakerCore\MovieMakerCore.vcxproj]
  (compiling source file '../../../src/MovieMakerCore/HMRAVSource/Audio/AudioQueue.cpp')
      C:\Program Files (x86)\Microsoft Visual Studio\2022\BuildTools\VC\Tools\MSVC\14.44.35207\atlmfc\include\atlcomcli.h(341,7):
      see declaration of 'ATL::CComPtr<IMFMediaSource>'
  
C:\Users\mcmco\Desktop\WMMR\src\MovieMakerCore\HMRAVSource\AudioCapture.h(108,33): warning C4251: 'HMRAVSource::AudioCapture::m_spReader': 'ATL::CComPtr<IMFSourceReader>' needs to have dll-interface to be used by clients of 'HMRAVSource::AudioCapture' [C:\Users\mcmco\Desktop\WMMR\build\src\MovieMakerCore\MovieMakerCore.vcxproj]
  (compiling source file '../../../src/MovieMakerCore/HMRAVSource/Audio/AudioQueue.cpp')
      C:\Program Files (x86)\Microsoft Visual Studio\2022\BuildTools\VC\Tools\MSVC\14.44.35207\atlmfc\include\atlcomcli.h(341,7):
      see declaration of 'ATL::CComPtr<IMFSourceReader>'
  
C:\Users\mcmco\Desktop\WMMR\src\MovieMakerCore\HMRAVSource\AudioCapture.h(116,34): warning C4251: 'HMRAVSource::AudioCapture::m_sampleCb': 'std::function<void (IMFSample *)>' needs to have dll-interface to be used by clients of 'HMRAVSource::AudioCapture' [C:\Users\mcmco\Desktop\WMMR\build\src\MovieMakerCore\MovieMakerCore.vcxproj]
  (compiling source file '../../../src/MovieMakerCore/HMRAVSource/Audio/AudioQueue.cpp')
      C:\Program Files (x86)\Microsoft Visual Studio\2022\BuildTools\VC\Tools\MSVC\14.44.35207\include\functional(1089,7):
      see declaration of 'std::function<void (IMFSample *)>'
  
C:\Users\mcmco\Desktop\WMMR\src\MovieMakerCore\HMRAVSource\AVCaptureSession.h(117,25): warning C4251: 'HMRAVSource::AVCaptureSession::m_statsCb': 'std::function<void (const HMRAVSource::AVCaptureSessionStats &)>' needs to have dll-interface to be used by clients of 'HMRAVSource::AVCaptureSession' [C:\Users\mcmco\Desktop\WMMR\build\src\MovieMakerCore\MovieMakerCore.vcxproj]
  (compiling source file '../../../src/MovieMakerCore/HMRAVSource/Audio/AudioQueue.cpp')
      C:\Program Files (x86)\Microsoft Visual Studio\2022\BuildTools\VC\Tools\MSVC\14.44.35207\include\functional(1089,7):
      see declaration of 'std::function<void (const HMRAVSource::AVCaptureSessionStats &)>'
  
C:\Users\mcmco\Desktop\WMMR\src\MovieMakerCore\HMRAVSource\AVCaptureSession.h(118,25): warning C4251: 'HMRAVSource::AVCaptureSession::m_errorCb': 'std::function<void (HRESULT)>' needs to have dll-interface to be used by clients of 'HMRAVSource::AVCaptureSession' [C:\Users\mcmco\Desktop\WMMR\build\src\MovieMakerCore\MovieMakerCore.vcxproj]
  (compiling source file '../../../src/MovieMakerCore/HMRAVSource/Audio/AudioQueue.cpp')
      C:\Program Files (x86)\Microsoft Visual Studio\2022\BuildTools\VC\Tools\MSVC\14.44.35207\include\functional(1089,7):
      see declaration of 'std::function<void (HRESULT)>'
  
C:\Users\mcmco\Desktop\WMMR\src\MovieMakerCore\HMRAVSource\AVCaptureSession.h(119,25): warning C4251: 'HMRAVSource::AVCaptureSession::m_completeCb': 'std::function<void (HRESULT)>' needs to have dll-interface to be used by clients of 'HMRAVSource::AVCaptureSession' [C:\Users\mcmco\Desktop\WMMR\build\src\MovieMakerCore\MovieMakerCore.vcxproj]
  (compiling source file '../../../src/MovieMakerCore/HMRAVSource/Audio/AudioQueue.cpp')
      C:\Program Files (x86)\Microsoft Visual Studio\2022\BuildTools\VC\Tools\MSVC\14.44.35207\include\functional(1089,7):
      see declaration of 'std::function<void (HRESULT)>'
  
C:\Users\mcmco\Desktop\WMMR\src\MovieMakerCore\HMRAVSource\AVCaptureSession.h(169,25): warning C4251: 'HMRAVSource::AudioCaptureSession::m_strOutputPath': 'ATL::CStringT<wchar_t,ATL::StrTraitATL<wchar_t,ATL::ChTraitsCRT<wchar_t>>>' needs to have dll-interface to be used by clients of 'HMRAVSource::AudioCaptureSession' [C:\Users\mcmco\Desktop\WMMR\build\src\MovieMakerCore\MovieMakerCore.vcxproj]
  (compiling source file '../../../src/MovieMakerCore/HMRAVSource/Audio/AudioQueue.cpp')
      C:\Program Files (x86)\Microsoft Visual Studio\2022\BuildTools\VC\Tools\MSVC\14.44.35207\atlmfc\include\cstringt.h(999,7):
      see declaration of 'ATL::CStringT<wchar_t,ATL::StrTraitATL<wchar_t,ATL::ChTraitsCRT<wchar_t>>>'
  
C:\Users\mcmco\Desktop\WMMR\src\MovieMakerCore\HMRAVSource\AVCaptureSession.h(173,25): warning C4251: 'HMRAVSource::AudioCaptureSession::m_completeCb': 'std::function<void (HRESULT,LPCWSTR)>' needs to have dll-interface to be used by clients of 'HMRAVSource::AudioCaptureSession' [C:\Users\mcmco\Desktop\WMMR\build\src\MovieMakerCore\MovieMakerCore.vcxproj]
  (compiling source file '../../../src/MovieMakerCore/HMRAVSource/Audio/AudioQueue.cpp')
      C:\Program Files (x86)\Microsoft Visual Studio\2022\BuildTools\VC\Tools\MSVC\14.44.35207\include\functional(1089,7):
      see declaration of 'std::function<void (HRESULT,LPCWSTR)>'
  
C:\Users\mcmco\Desktop\WMMR\src\MovieMakerCore\HMRAVSource\CachedWFSection.h(80,35): warning C4251: 'HMRAVSource::CachedWFSection::m_arrEntries': 'ATL::CAtlArray<HMRAVSource::CachedWFEntry,ATL::CElementTraits<E>>' needs to have dll-interface to be used by clients of 'HMRAVSource::CachedWFSection' [C:\Users\mcmco\Desktop\WMMR\build\src\MovieMakerCore\MovieMakerCore.vcxproj]
C:\Users\mcmco\Desktop\WMMR\src\MovieMakerCore\HMRAVSource\CachedWFSection.h(80,35): warning C4251:         with [C:\Users\mcmco\Desktop\WMMR\build\src\MovieMakerCore\MovieMakerCore.vcxproj]
C:\Users\mcmco\Desktop\WMMR\src\MovieMakerCore\HMRAVSource\CachedWFSection.h(80,35): warning C4251:         [ [C:\Users\mcmco\Desktop\WMMR\build\src\MovieMakerCore\MovieMakerCore.vcxproj]
C:\Users\mcmco\Desktop\WMMR\src\MovieMakerCore\HMRAVSource\CachedWFSection.h(80,35): warning C4251:             E=HMRAVSource::CachedWFEntry [C:\Users\mcmco\Desktop\WMMR\build\src\MovieMakerCore\MovieMakerCore.vcxproj]
C:\Users\mcmco\Desktop\WMMR\src\MovieMakerCore\HMRAVSource\CachedWFSection.h(80,35): warning C4251:         ] [C:\Users\mcmco\Desktop\WMMR\build\src\MovieMakerCore\MovieMakerCore.vcxproj]
  (compiling source file '../../../src/MovieMakerCore/HMRAVSource/Audio/AudioQueue.cpp')
      C:\Program Files (x86)\Microsoft Visual Studio\2022\BuildTools\VC\Tools\MSVC\14.44.35207\atlmfc\include\atlcoll.h(530,7):
      see declaration of 'ATL::CAtlArray<HMRAVSource::CachedWFEntry,ATL::CElementTraits<E>>'
          with
          [
              E=HMRAVSource::CachedWFEntry
          ]
  
C:\Users\mcmco\Desktop\WMMR\src\MovieMakerCore\HMRAVSource\Audio\AudioQueue.h(92,36): warning C4251: 'HMRAVSource::AudioQueue::m_arrItems': 'ATL::CAtlArray<HMRAVSource::AudioQueueItem,ATL::CElementTraits<E>>' needs to have dll-interface to be used by clients of 'HMRAVSource::AudioQueue' [C:\Users\mcmco\Desktop\WMMR\build\src\MovieMakerCore\MovieMakerCore.vcxproj]
C:\Users\mcmco\Desktop\WMMR\src\MovieMakerCore\HMRAVSource\Audio\AudioQueue.h(92,36): warning C4251:         with [C:\Users\mcmco\Desktop\WMMR\build\src\MovieMakerCore\MovieMakerCore.vcxproj]
C:\Users\mcmco\Desktop\WMMR\src\MovieMakerCore\HMRAVSource\Audio\AudioQueue.h(92,36): warning C4251:         [ [C:\Users\mcmco\Desktop\WMMR\build\src\MovieMakerCore\MovieMakerCore.vcxproj]
C:\Users\mcmco\Desktop\WMMR\src\MovieMakerCore\HMRAVSource\Audio\AudioQueue.h(92,36): warning C4251:             E=HMRAVSource::AudioQueueItem [C:\Users\mcmco\Desktop\WMMR\build\src\MovieMakerCore\MovieMakerCore.vcxproj]
C:\Users\mcmco\Desktop\WMMR\src\MovieMakerCore\HMRAVSource\Audio\AudioQueue.h(92,36): warning C4251:         ] [C:\Users\mcmco\Desktop\WMMR\build\src\MovieMakerCore\MovieMakerCore.vcxproj]
  (compiling source file '../../../src/MovieMakerCore/HMRAVSource/Audio/AudioQueue.cpp')
      C:\Program Files (x86)\Microsoft Visual Studio\2022\BuildTools\VC\Tools\MSVC\14.44.35207\atlmfc\include\atlcoll.h(530,7):
      see declaration of 'ATL::CAtlArray<HMRAVSource::AudioQueueItem,ATL::CElementTraits<E>>'
          with
          [
              E=HMRAVSource::AudioQueueItem
          ]
  
  PreviewDataContext.cpp
C:\Users\mcmco\Desktop\WMMR\src\MovieMakerCore\HMRAVSource\Audio\AudioQueue.cpp(127,9): error C2664: 'HRESULT IMFAttributes::GetUINT32(const GUID &,UINT32 *)': cannot convert argument 2 from 'DWORD *' to 'UINT32 *' [C:\Users\mcmco\Desktop\WMMR\build\src\MovieMakerCore\MovieMakerCore.vcxproj]
      C:\Users\mcmco\Desktop\WMMR\src\MovieMakerCore\HMRAVSource\Audio\AudioQueue.cpp(127,9):
      Types pointed to are unrelated; conversion requires reinterpret_cast, C-style cast or parenthesized function-style cast
      C:\Program Files (x86)\Windows Kits\10\Include\10.0.26100.0\um\mfobjects.h(332,43):
      see declaration of 'IMFAttributes::GetUINT32'
      C:\Users\mcmco\Desktop\WMMR\src\MovieMakerCore\HMRAVSource\Audio\AudioQueue.cpp(127,9):
      while trying to match the argument list '(const GUID, DWORD *)'
  
  SerializationContext.cpp
C:\Users\mcmco\Desktop\WMMR\src\MovieMakerCore\pch.h(21,9): warning C4005: 'WINVER': macro redefinition [C:\Users\mcmco\Desktop\WMMR\build\src\MovieMakerCore\MovieMakerCore.vcxproj]
  (compiling source file '../../../src/MovieMakerCore/Preview/PreviewDataContext.cpp')
      C:\Users\mcmco\Desktop\WMMR\src\MovieMakerCore\pch.h(21,9):
      'WINVER' previously declared on the command line
  
C:\Users\mcmco\Desktop\WMMR\src\MovieMakerCore\pch.h(22,9): warning C4005: '_WIN32_WINNT': macro redefinition [C:\Users\mcmco\Desktop\WMMR\build\src\MovieMakerCore\MovieMakerCore.vcxproj]
  (compiling source file '../../../src/MovieMakerCore/Preview/PreviewDataContext.cpp')
      C:\Users\mcmco\Desktop\WMMR\src\MovieMakerCore\pch.h(22,9):
      '_WIN32_WINNT' previously declared on the command line
  
C:\Users\mcmco\Desktop\WMMR\src\MovieMakerCore\pch.h(30,9): warning C4005: 'WIN32_LEAN_AND_MEAN': macro redefinition [C:\Users\mcmco\Desktop\WMMR\build\src\MovieMakerCore\MovieMakerCore.vcxproj]
  (compiling source file '../../../src/MovieMakerCore/Preview/PreviewDataContext.cpp')
      C:\Users\mcmco\Desktop\WMMR\src\MovieMakerCore\pch.h(30,9):
      'WIN32_LEAN_AND_MEAN' previously declared on the command line
  
C:\Users\mcmco\Desktop\WMMR\src\MovieMakerCore\pch.h(31,9): warning C4005: 'NOMINMAX': macro redefinition [C:\Users\mcmco\Desktop\WMMR\build\src\MovieMakerCore\MovieMakerCore.vcxproj]
  (compiling source file '../../../src/MovieMakerCore/Preview/PreviewDataContext.cpp')
      C:\Users\mcmco\Desktop\WMMR\src\MovieMakerCore\pch.h(31,9):
      'NOMINMAX' previously declared on the command line
  
C:\Users\mcmco\Desktop\WMMR\src\MovieMakerCore\pch.h(32,9): warning C4005: '_CRT_SECURE_NO_WARNINGS': macro redefinition [C:\Users\mcmco\Desktop\WMMR\build\src\MovieMakerCore\MovieMakerCore.vcxproj]
  (compiling source file '../../../src/MovieMakerCore/Preview/PreviewDataContext.cpp')
      C:\Users\mcmco\Desktop\WMMR\src\MovieMakerCore\pch.h(32,9):
      '_CRT_SECURE_NO_WARNINGS' previously declared on the command line
  
C:\Users\mcmco\Desktop\WMMR\src\MovieMakerCore\pch.h(33,9): warning C4005: '_WINDLL': macro redefinition [C:\Users\mcmco\Desktop\WMMR\build\src\MovieMakerCore\MovieMakerCore.vcxproj]
  (compiling source file '../../../src/MovieMakerCore/Preview/PreviewDataContext.cpp')
      C:\Users\mcmco\Desktop\WMMR\src\MovieMakerCore\pch.h(33,9):
      '_WINDLL' previously declared on the command line
  
C:\Users\mcmco\Desktop\WMMR\src\MovieMakerCore\pch.h(34,9): warning C4005: '_AFXDLL': macro redefinition [C:\Users\mcmco\Desktop\WMMR\build\src\MovieMakerCore\MovieMakerCore.vcxproj]
  (compiling source file '../../../src/MovieMakerCore/Preview/PreviewDataContext.cpp')
      C:\Users\mcmco\Desktop\WMMR\src\MovieMakerCore\pch.h(34,9):
      '_AFXDLL' previously declared on the command line
  
C:\Users\mcmco\Desktop\WMMR\src\MovieMakerCore\pch.h(35,9): warning C4005: '_ATL_CSTRING_EXPLICIT_CONSTRUCTORS': macro redefinition [C:\Users\mcmco\Desktop\WMMR\build\src\MovieMakerCore\MovieMakerCore.vcxproj]
  (compiling source file '../../../src/MovieMakerCore/Preview/PreviewDataContext.cpp')
      C:\Users\mcmco\Desktop\WMMR\src\MovieMakerCore\pch.h(35,9):
      '_ATL_CSTRING_EXPLICIT_CONSTRUCTORS' previously declared on the command line
  
C:\Users\mcmco\Desktop\WMMR\src\MovieMakerCore\pch.h(36,9): warning C4005: '_ATL_ALL_WARNINGS': macro redefinition [C:\Users\mcmco\Desktop\WMMR\build\src\MovieMakerCore\MovieMakerCore.vcxproj]
  (compiling source file '../../../src/MovieMakerCore/Preview/PreviewDataContext.cpp')
      C:\Users\mcmco\Desktop\WMMR\src\MovieMakerCore\pch.h(36,9):
      '_ATL_ALL_WARNINGS' previously declared on the command line
  
C:\Users\mcmco\Desktop\WMMR\src\MovieMakerCore\pch.h(21,9): warning C4005: 'WINVER': macro redefinition [C:\Users\mcmco\Desktop\WMMR\build\src\MovieMakerCore\MovieMakerCore.vcxproj]
  (compiling source file '../../../src/MovieMakerCore/StoryboardManager/Serialization/SerializationContext.cpp')
      C:\Users\mcmco\Desktop\WMMR\src\MovieMakerCore\pch.h(21,9):
      'WINVER' previously declared on the command line
  
C:\Users\mcmco\Desktop\WMMR\src\MovieMakerCore\pch.h(22,9): warning C4005: '_WIN32_WINNT': macro redefinition [C:\Users\mcmco\Desktop\WMMR\build\src\MovieMakerCore\MovieMakerCore.vcxproj]
  (compiling source file '../../../src/MovieMakerCore/StoryboardManager/Serialization/SerializationContext.cpp')
      C:\Users\mcmco\Desktop\WMMR\src\MovieMakerCore\pch.h(22,9):
      '_WIN32_WINNT' previously declared on the command line
  
C:\Users\mcmco\Desktop\WMMR\src\MovieMakerCore\pch.h(30,9): warning C4005: 'WIN32_LEAN_AND_MEAN': macro redefinition [C:\Users\mcmco\Desktop\WMMR\build\src\MovieMakerCore\MovieMakerCore.vcxproj]
  (compiling source file '../../../src/MovieMakerCore/StoryboardManager/Serialization/SerializationContext.cpp')
      C:\Users\mcmco\Desktop\WMMR\src\MovieMakerCore\pch.h(30,9):
      'WIN32_LEAN_AND_MEAN' previously declared on the command line
  
C:\Users\mcmco\Desktop\WMMR\src\MovieMakerCore\pch.h(31,9): warning C4005: 'NOMINMAX': macro redefinition [C:\Users\mcmco\Desktop\WMMR\build\src\MovieMakerCore\MovieMakerCore.vcxproj]
  (compiling source file '../../../src/MovieMakerCore/StoryboardManager/Serialization/SerializationContext.cpp')
      C:\Users\mcmco\Desktop\WMMR\src\MovieMakerCore\pch.h(31,9):
      'NOMINMAX' previously declared on the command line
  
C:\Users\mcmco\Desktop\WMMR\src\MovieMakerCore\pch.h(32,9): warning C4005: '_CRT_SECURE_NO_WARNINGS': macro redefinition [C:\Users\mcmco\Desktop\WMMR\build\src\MovieMakerCore\MovieMakerCore.vcxproj]
  (compiling source file '../../../src/MovieMakerCore/StoryboardManager/Serialization/SerializationContext.cpp')
      C:\Users\mcmco\Desktop\WMMR\src\MovieMakerCore\pch.h(32,9):
      '_CRT_SECURE_NO_WARNINGS' previously declared on the command line
  
C:\Users\mcmco\Desktop\WMMR\src\MovieMakerCore\pch.h(33,9): warning C4005: '_WINDLL': macro redefinition [C:\Users\mcmco\Desktop\WMMR\build\src\MovieMakerCore\MovieMakerCore.vcxproj]
  (compiling source file '../../../src/MovieMakerCore/StoryboardManager/Serialization/SerializationContext.cpp')
      C:\Users\mcmco\Desktop\WMMR\src\MovieMakerCore\pch.h(33,9):
      '_WINDLL' previously declared on the command line
  
C:\Users\mcmco\Desktop\WMMR\src\MovieMakerCore\pch.h(34,9): warning C4005: '_AFXDLL': macro redefinition [C:\Users\mcmco\Desktop\WMMR\build\src\MovieMakerCore\MovieMakerCore.vcxproj]
  (compiling source file '../../../src/MovieMakerCore/StoryboardManager/Serialization/SerializationContext.cpp')
      C:\Users\mcmco\Desktop\WMMR\src\MovieMakerCore\pch.h(34,9):
      '_AFXDLL' previously declared on the command line
  
C:\Users\mcmco\Desktop\WMMR\src\MovieMakerCore\pch.h(35,9): warning C4005: '_ATL_CSTRING_EXPLICIT_CONSTRUCTORS': macro redefinition [C:\Users\mcmco\Desktop\WMMR\build\src\MovieMakerCore\MovieMakerCore.vcxproj]
  (compiling source file '../../../src/MovieMakerCore/StoryboardManager/Serialization/SerializationContext.cpp')
      C:\Users\mcmco\Desktop\WMMR\src\MovieMakerCore\pch.h(35,9):
      '_ATL_CSTRING_EXPLICIT_CONSTRUCTORS' previously declared on the command line
  
C:\Users\mcmco\Desktop\WMMR\src\MovieMakerCore\pch.h(36,9): warning C4005: '_ATL_ALL_WARNINGS': macro redefinition [C:\Users\mcmco\Desktop\WMMR\build\src\MovieMakerCore\MovieMakerCore.vcxproj]
  (compiling source file '../../../src/MovieMakerCore/StoryboardManager/Serialization/SerializationContext.cpp')
      C:\Users\mcmco\Desktop\WMMR\src\MovieMakerCore\pch.h(36,9):
      '_ATL_ALL_WARNINGS' previously declared on the command line
  
C:\Users\mcmco\Desktop\WMMR\src\WLXPhotoBase\BaseTypes.h(536,18): warning C4251: 'Base::File::m_strPath': 'ATL::CStringT<wchar_t,ATL::StrTraitATL<wchar_t,ATL::ChTraitsCRT<wchar_t>>>' needs to have dll-interface to be used by clients of 'Base::File' [C:\Users\mcmco\Desktop\WMMR\build\src\MovieMakerCore\MovieMakerCore.vcxproj]
  (compiling source file '../../../src/MovieMakerCore/HMRAVSource/Audio/AudioResampler.cpp')
      C:\Program Files (x86)\Microsoft Visual Studio\2022\BuildTools\VC\Tools\MSVC\14.44.35207\atlmfc\include\cstringt.h(999,7):
      see declaration of 'ATL::CStringT<wchar_t,ATL::StrTraitATL<wchar_t,ATL::ChTraitsCRT<wchar_t>>>'
  
C:\Users\mcmco\Desktop\WMMR\src\WLXPhotoBase\BaseTypes.h(568,18): warning C4251: 'Base::TempFile::m_strPath': 'ATL::CStringT<wchar_t,ATL::StrTraitATL<wchar_t,ATL::ChTraitsCRT<wchar_t>>>' needs to have dll-interface to be used by clients of 'Base::TempFile' [C:\Users\mcmco\Desktop\WMMR\build\src\MovieMakerCore\MovieMakerCore.vcxproj]
  (compiling source file '../../../src/MovieMakerCore/HMRAVSource/Audio/AudioResampler.cpp')
      C:\Program Files (x86)\Microsoft Visual Studio\2022\BuildTools\VC\Tools\MSVC\14.44.35207\atlmfc\include\cstringt.h(999,7):
      see declaration of 'ATL::CStringT<wchar_t,ATL::StrTraitATL<wchar_t,ATL::ChTraitsCRT<wchar_t>>>'
  
C:\Users\mcmco\Desktop\WMMR\src\WLXPhotoBase\BaseTypes.h(661,21): warning C4251: 'Base::FindFile::m_strDirectory': 'ATL::CStringT<wchar_t,ATL::StrTraitATL<wchar_t,ATL::ChTraitsCRT<wchar_t>>>' needs to have dll-interface to be used by clients of 'Base::FindFile' [C:\Users\mcmco\Desktop\WMMR\build\src\MovieMakerCore\MovieMakerCore.vcxproj]
  (compiling source file '../../../src/MovieMakerCore/HMRAVSource/Audio/AudioResampler.cpp')
      C:\Program Files (x86)\Microsoft Visual Studio\2022\BuildTools\VC\Tools\MSVC\14.44.35207\atlmfc\include\cstringt.h(999,7):
      see declaration of 'ATL::CStringT<wchar_t,ATL::StrTraitATL<wchar_t,ATL::ChTraitsCRT<wchar_t>>>'
  
C:\Users\mcmco\Desktop\WMMR\src\WLXPhotoBase\BaseTypes.h(724,25): warning C4251: 'Base::IntSet::m_values': 'ATL::CAtlArray<int,ATL::CElementTraits<int>>' needs to have dll-interface to be used by clients of 'Base::IntSet' [C:\Users\mcmco\Desktop\WMMR\build\src\MovieMakerCore\MovieMakerCore.vcxproj]
  (compiling source file '../../../src/MovieMakerCore/HMRAVSource/Audio/AudioResampler.cpp')
      C:\Program Files (x86)\Microsoft Visual Studio\2022\BuildTools\VC\Tools\MSVC\14.44.35207\atlmfc\include\atlcoll.h(530,7):
      see declaration of 'ATL::CAtlArray<int,ATL::CElementTraits<int>>'
  
C:\Users\mcmco\Desktop\WMMR\src\MovieMakerCore\HMRAVSource\StreamSink.h(101,33): warning C4251: 'HMRAVSource::StreamSink::m_spSinkWriter': 'ATL::CComPtr<IMFSinkWriter>' needs to have dll-interface to be used by clients of 'HMRAVSource::StreamSink' [C:\Users\mcmco\Desktop\WMMR\build\src\MovieMakerCore\MovieMakerCore.vcxproj]
  (compiling source file '../../../src/MovieMakerCore/HMRAVSource/Audio/AudioResampler.cpp')
      C:\Program Files (x86)\Microsoft Visual Studio\2022\BuildTools\VC\Tools\MSVC\14.44.35207\atlmfc\include\atlcomcli.h(341,7):
      see declaration of 'ATL::CComPtr<IMFSinkWriter>'
  
C:\Users\mcmco\Desktop\WMMR\src\MovieMakerCore\HMRAVSource\StreamSink.h(108,33): warning C4251: 'HMRAVSource::StreamSink::m_progressCb': 'std::function<void (const HMRAVSource::StreamSinkStats &)>' needs to have dll-interface to be used by clients of 'HMRAVSource::StreamSink' [C:\Users\mcmco\Desktop\WMMR\build\src\MovieMakerCore\MovieMakerCore.vcxproj]
  (compiling source file '../../../src/MovieMakerCore/HMRAVSource/Audio/AudioResampler.cpp')
      C:\Program Files (x86)\Microsoft Visual Studio\2022\BuildTools\VC\Tools\MSVC\14.44.35207\include\functional(1089,7):
      see declaration of 'std::function<void (const HMRAVSource::StreamSinkStats &)>'
  
C:\Users\mcmco\Desktop\WMMR\src\MovieMakerCore\HMRAVSource\TranscodeManager.h(123,29): warning C4251: 'HMRAVSource::TranscodeManager::m_progressCb': 'std::function<void (const HMRAVSource::TranscodeProgress &)>' needs to have dll-interface to be used by clients of 'HMRAVSource::TranscodeManager' [C:\Users\mcmco\Desktop\WMMR\build\src\MovieMakerCore\MovieMakerCore.vcxproj]
  (compiling source file '../../../src/MovieMakerCore/HMRAVSource/Audio/AudioResampler.cpp')
      C:\Program Files (x86)\Microsoft Visual Studio\2022\BuildTools\VC\Tools\MSVC\14.44.35207\include\functional(1089,7):
      see declaration of 'std::function<void (const HMRAVSource::TranscodeProgress &)>'
  
C:\Users\mcmco\Desktop\WMMR\src\MovieMakerCore\HMRAVSource\TranscodeManager.h(124,29): warning C4251: 'HMRAVSource::TranscodeManager::m_errorCb': 'std::function<void (HRESULT,LPCWSTR)>' needs to have dll-interface to be used by clients of 'HMRAVSource::TranscodeManager' [C:\Users\mcmco\Desktop\WMMR\build\src\MovieMakerCore\MovieMakerCore.vcxproj]
  (compiling source file '../../../src/MovieMakerCore/HMRAVSource/Audio/AudioResampler.cpp')
      C:\Program Files (x86)\Microsoft Visual Studio\2022\BuildTools\VC\Tools\MSVC\14.44.35207\include\functional(1089,7):
      see declaration of 'std::function<void (HRESULT,LPCWSTR)>'
  
C:\Users\mcmco\Desktop\WMMR\src\MovieMakerCore\HMRAVSource\TranscodeManager.h(125,29): warning C4251: 'HMRAVSource::TranscodeManager::m_completeCb': 'std::function<void (HRESULT,LPCWSTR)>' needs to have dll-interface to be used by clients of 'HMRAVSource::TranscodeManager' [C:\Users\mcmco\Desktop\WMMR\build\src\MovieMakerCore\MovieMakerCore.vcxproj]
  (compiling source file '../../../src/MovieMakerCore/HMRAVSource/Audio/AudioResampler.cpp')
      C:\Program Files (x86)\Microsoft Visual Studio\2022\BuildTools\VC\Tools\MSVC\14.44.35207\include\functional(1089,7):
      see declaration of 'std::function<void (HRESULT,LPCWSTR)>'
  
C:\Users\mcmco\Desktop\WMMR\src\MovieMakerCore\HMRAVSource\TranscodeManager.h(127,29): warning C4251: 'HMRAVSource::TranscodeManager::m_spVideoTransform': 'ATL::CComPtr<IMFTransform>' needs to have dll-interface to be used by clients of 'HMRAVSource::TranscodeManager' [C:\Users\mcmco\Desktop\WMMR\build\src\MovieMakerCore\MovieMakerCore.vcxproj]
  (compiling source file '../../../src/MovieMakerCore/HMRAVSource/Audio/AudioResampler.cpp')
      C:\Program Files (x86)\Microsoft Visual Studio\2022\BuildTools\VC\Tools\MSVC\14.44.35207\atlmfc\include\atlcomcli.h(341,7):
      see declaration of 'ATL::CComPtr<IMFTransform>'
  
C:\Users\mcmco\Desktop\WMMR\src\MovieMakerCore\HMRAVSource\TranscodeManager.h(128,29): warning C4251: 'HMRAVSource::TranscodeManager::m_spAudioTransform': 'ATL::CComPtr<IMFTransform>' needs to have dll-interface to be used by clients of 'HMRAVSource::TranscodeManager' [C:\Users\mcmco\Desktop\WMMR\build\src\MovieMakerCore\MovieMakerCore.vcxproj]
  (compiling source file '../../../src/MovieMakerCore/HMRAVSource/Audio/AudioResampler.cpp')
      C:\Program Files (x86)\Microsoft Visual Studio\2022\BuildTools\VC\Tools\MSVC\14.44.35207\atlmfc\include\atlcomcli.h(341,7):
      see declaration of 'ATL::CComPtr<IMFTransform>'
  
C:\Users\mcmco\Desktop\WMMR\src\MovieMakerCore\HMRAVSource\VideoCapture.h(105,37): warning C4251: 'HMRAVSource::VideoCapture::m_spMediaSource': 'ATL::CComPtr<IMFMediaSource>' needs to have dll-interface to be used by clients of 'HMRAVSource::VideoCapture' [C:\Users\mcmco\Desktop\WMMR\build\src\MovieMakerCore\MovieMakerCore.vcxproj]
  (compiling source file '../../../src/MovieMakerCore/HMRAVSource/Audio/AudioResampler.cpp')
      C:\Program Files (x86)\Microsoft Visual Studio\2022\BuildTools\VC\Tools\MSVC\14.44.35207\atlmfc\include\atlcomcli.h(341,7):
      see declaration of 'ATL::CComPtr<IMFMediaSource>'
  
C:\Users\mcmco\Desktop\WMMR\src\MovieMakerCore\HMRAVSource\VideoCapture.h(106,37): warning C4251: 'HMRAVSource::VideoCapture::m_spCaptureEngine': 'ATL::CComPtr<IMFCaptureEngine>' needs to have dll-interface to be used by clients of 'HMRAVSource::VideoCapture' [C:\Users\mcmco\Desktop\WMMR\build\src\MovieMakerCore\MovieMakerCore.vcxproj]
  (compiling source file '../../../src/MovieMakerCore/HMRAVSource/Audio/AudioResampler.cpp')
      C:\Program Files (x86)\Microsoft Visual Studio\2022\BuildTools\VC\Tools\MSVC\14.44.35207\atlmfc\include\atlcomcli.h(341,7):
      see declaration of 'ATL::CComPtr<IMFCaptureEngine>'
  
C:\Users\mcmco\Desktop\WMMR\src\MovieMakerCore\HMRAVSource\VideoCapture.h(107,37): warning C4251: 'HMRAVSource::VideoCapture::m_spPreviewSink': 'ATL::CComPtr<IMFCapturePreviewSink>' needs to have dll-interface to be used by clients of 'HMRAVSource::VideoCapture' [C:\Users\mcmco\Desktop\WMMR\build\src\MovieMakerCore\MovieMakerCore.vcxproj]
  (compiling source file '../../../src/MovieMakerCore/HMRAVSource/Audio/AudioResampler.cpp')
      C:\Program Files (x86)\Microsoft Visual Studio\2022\BuildTools\VC\Tools\MSVC\14.44.35207\atlmfc\include\atlcomcli.h(341,7):
      see declaration of 'ATL::CComPtr<IMFCapturePreviewSink>'
  
C:\Users\mcmco\Desktop\WMMR\src\MovieMakerCore\HMRAVSource\VideoCapture.h(108,37): warning C4251: 'HMRAVSource::VideoCapture::m_spRecordSink': 'ATL::CComPtr<IMFCaptureRecordSink>' needs to have dll-interface to be used by clients of 'HMRAVSource::VideoCapture' [C:\Users\mcmco\Desktop\WMMR\build\src\MovieMakerCore\MovieMakerCore.vcxproj]
  (compiling source file '../../../src/MovieMakerCore/HMRAVSource/Audio/AudioResampler.cpp')
      C:\Program Files (x86)\Microsoft Visual Studio\2022\BuildTools\VC\Tools\MSVC\14.44.35207\atlmfc\include\atlcomcli.h(341,7):
      see declaration of 'ATL::CComPtr<IMFCaptureRecordSink>'
  
C:\Users\mcmco\Desktop\WMMR\src\MovieMakerCore\HMRAVSource\VideoCapture.h(117,38): warning C4251: 'HMRAVSource::VideoCapture::m_frameCb': 'std::function<void (IMFSample *)>' needs to have dll-interface to be used by clients of 'HMRAVSource::VideoCapture' [C:\Users\mcmco\Desktop\WMMR\build\src\MovieMakerCore\MovieMakerCore.vcxproj]
  (compiling source file '../../../src/MovieMakerCore/HMRAVSource/Audio/AudioResampler.cpp')
      C:\Program Files (x86)\Microsoft Visual Studio\2022\BuildTools\VC\Tools\MSVC\14.44.35207\include\functional(1089,7):
      see declaration of 'std::function<void (IMFSample *)>'
  
C:\Users\mcmco\Desktop\WMMR\src\MovieMakerCore\HMRAVSource\AudioCapture.h(107,33): warning C4251: 'HMRAVSource::AudioCapture::m_spMediaSource': 'ATL::CComPtr<IMFMediaSource>' needs to have dll-interface to be used by clients of 'HMRAVSource::AudioCapture' [C:\Users\mcmco\Desktop\WMMR\build\src\MovieMakerCore\MovieMakerCore.vcxproj]
  (compiling source file '../../../src/MovieMakerCore/HMRAVSource/Audio/AudioResampler.cpp')
      C:\Program Files (x86)\Microsoft Visual Studio\2022\BuildTools\VC\Tools\MSVC\14.44.35207\atlmfc\include\atlcomcli.h(341,7):
      see declaration of 'ATL::CComPtr<IMFMediaSource>'
  
C:\Users\mcmco\Desktop\WMMR\src\MovieMakerCore\HMRAVSource\AudioCapture.h(108,33): warning C4251: 'HMRAVSource::AudioCapture::m_spReader': 'ATL::CComPtr<IMFSourceReader>' needs to have dll-interface to be used by clients of 'HMRAVSource::AudioCapture' [C:\Users\mcmco\Desktop\WMMR\build\src\MovieMakerCore\MovieMakerCore.vcxproj]
  (compiling source file '../../../src/MovieMakerCore/HMRAVSource/Audio/AudioResampler.cpp')
      C:\Program Files (x86)\Microsoft Visual Studio\2022\BuildTools\VC\Tools\MSVC\14.44.35207\atlmfc\include\atlcomcli.h(341,7):
      see declaration of 'ATL::CComPtr<IMFSourceReader>'
  
C:\Users\mcmco\Desktop\WMMR\src\MovieMakerCore\HMRAVSource\AudioCapture.h(116,34): warning C4251: 'HMRAVSource::AudioCapture::m_sampleCb': 'std::function<void (IMFSample *)>' needs to have dll-interface to be used by clients of 'HMRAVSource::AudioCapture' [C:\Users\mcmco\Desktop\WMMR\build\src\MovieMakerCore\MovieMakerCore.vcxproj]
  (compiling source file '../../../src/MovieMakerCore/HMRAVSource/Audio/AudioResampler.cpp')
      C:\Program Files (x86)\Microsoft Visual Studio\2022\BuildTools\VC\Tools\MSVC\14.44.35207\include\functional(1089,7):
      see declaration of 'std::function<void (IMFSample *)>'
  
C:\Users\mcmco\Desktop\WMMR\src\MovieMakerCore\HMRAVSource\AVCaptureSession.h(117,25): warning C4251: 'HMRAVSource::AVCaptureSession::m_statsCb': 'std::function<void (const HMRAVSource::AVCaptureSessionStats &)>' needs to have dll-interface to be used by clients of 'HMRAVSource::AVCaptureSession' [C:\Users\mcmco\Desktop\WMMR\build\src\MovieMakerCore\MovieMakerCore.vcxproj]
  (compiling source file '../../../src/MovieMakerCore/HMRAVSource/Audio/AudioResampler.cpp')
      C:\Program Files (x86)\Microsoft Visual Studio\2022\BuildTools\VC\Tools\MSVC\14.44.35207\include\functional(1089,7):
      see declaration of 'std::function<void (const HMRAVSource::AVCaptureSessionStats &)>'
  
C:\Users\mcmco\Desktop\WMMR\src\MovieMakerCore\HMRAVSource\AVCaptureSession.h(118,25): warning C4251: 'HMRAVSource::AVCaptureSession::m_errorCb': 'std::function<void (HRESULT)>' needs to have dll-interface to be used by clients of 'HMRAVSource::AVCaptureSession' [C:\Users\mcmco\Desktop\WMMR\build\src\MovieMakerCore\MovieMakerCore.vcxproj]
  (compiling source file '../../../src/MovieMakerCore/HMRAVSource/Audio/AudioResampler.cpp')
      C:\Program Files (x86)\Microsoft Visual Studio\2022\BuildTools\VC\Tools\MSVC\14.44.35207\include\functional(1089,7):
      see declaration of 'std::function<void (HRESULT)>'
  
C:\Users\mcmco\Desktop\WMMR\src\MovieMakerCore\HMRAVSource\AVCaptureSession.h(119,25): warning C4251: 'HMRAVSource::AVCaptureSession::m_completeCb': 'std::function<void (HRESULT)>' needs to have dll-interface to be used by clients of 'HMRAVSource::AVCaptureSession' [C:\Users\mcmco\Desktop\WMMR\build\src\MovieMakerCore\MovieMakerCore.vcxproj]
  (compiling source file '../../../src/MovieMakerCore/HMRAVSource/Audio/AudioResampler.cpp')
      C:\Program Files (x86)\Microsoft Visual Studio\2022\BuildTools\VC\Tools\MSVC\14.44.35207\include\functional(1089,7):
      see declaration of 'std::function<void (HRESULT)>'
  
C:\Users\mcmco\Desktop\WMMR\src\MovieMakerCore\HMRAVSource\AVCaptureSession.h(169,25): warning C4251: 'HMRAVSource::AudioCaptureSession::m_strOutputPath': 'ATL::CStringT<wchar_t,ATL::StrTraitATL<wchar_t,ATL::ChTraitsCRT<wchar_t>>>' needs to have dll-interface to be used by clients of 'HMRAVSource::AudioCaptureSession' [C:\Users\mcmco\Desktop\WMMR\build\src\MovieMakerCore\MovieMakerCore.vcxproj]
  (compiling source file '../../../src/MovieMakerCore/HMRAVSource/Audio/AudioResampler.cpp')
      C:\Program Files (x86)\Microsoft Visual Studio\2022\BuildTools\VC\Tools\MSVC\14.44.35207\atlmfc\include\cstringt.h(999,7):
      see declaration of 'ATL::CStringT<wchar_t,ATL::StrTraitATL<wchar_t,ATL::ChTraitsCRT<wchar_t>>>'
  
C:\Users\mcmco\Desktop\WMMR\src\MovieMakerCore\HMRAVSource\AVCaptureSession.h(173,25): warning C4251: 'HMRAVSource::AudioCaptureSession::m_completeCb': 'std::function<void (HRESULT,LPCWSTR)>' needs to have dll-interface to be used by clients of 'HMRAVSource::AudioCaptureSession' [C:\Users\mcmco\Desktop\WMMR\build\src\MovieMakerCore\MovieMakerCore.vcxproj]
  (compiling source file '../../../src/MovieMakerCore/HMRAVSource/Audio/AudioResampler.cpp')
      C:\Program Files (x86)\Microsoft Visual Studio\2022\BuildTools\VC\Tools\MSVC\14.44.35207\include\functional(1089,7):
      see declaration of 'std::function<void (HRESULT,LPCWSTR)>'
  
C:\Users\mcmco\Desktop\WMMR\src\MovieMakerCore\HMRAVSource\CachedWFSection.h(80,35): warning C4251: 'HMRAVSource::CachedWFSection::m_arrEntries': 'ATL::CAtlArray<HMRAVSource::CachedWFEntry,ATL::CElementTraits<E>>' needs to have dll-interface to be used by clients of 'HMRAVSource::CachedWFSection' [C:\Users\mcmco\Desktop\WMMR\build\src\MovieMakerCore\MovieMakerCore.vcxproj]
C:\Users\mcmco\Desktop\WMMR\src\MovieMakerCore\HMRAVSource\CachedWFSection.h(80,35): warning C4251:         with [C:\Users\mcmco\Desktop\WMMR\build\src\MovieMakerCore\MovieMakerCore.vcxproj]
C:\Users\mcmco\Desktop\WMMR\src\MovieMakerCore\HMRAVSource\CachedWFSection.h(80,35): warning C4251:         [ [C:\Users\mcmco\Desktop\WMMR\build\src\MovieMakerCore\MovieMakerCore.vcxproj]
C:\Users\mcmco\Desktop\WMMR\src\MovieMakerCore\HMRAVSource\CachedWFSection.h(80,35): warning C4251:             E=HMRAVSource::CachedWFEntry [C:\Users\mcmco\Desktop\WMMR\build\src\MovieMakerCore\MovieMakerCore.vcxproj]
C:\Users\mcmco\Desktop\WMMR\src\MovieMakerCore\HMRAVSource\CachedWFSection.h(80,35): warning C4251:         ] [C:\Users\mcmco\Desktop\WMMR\build\src\MovieMakerCore\MovieMakerCore.vcxproj]
  (compiling source file '../../../src/MovieMakerCore/HMRAVSource/Audio/AudioResampler.cpp')
      C:\Program Files (x86)\Microsoft Visual Studio\2022\BuildTools\VC\Tools\MSVC\14.44.35207\atlmfc\include\atlcoll.h(530,7):
      see declaration of 'ATL::CAtlArray<HMRAVSource::CachedWFEntry,ATL::CElementTraits<E>>'
          with
          [
              E=HMRAVSource::CachedWFEntry
          ]
  
C:\Users\mcmco\Desktop\WMMR\src\MovieMakerCore\HMRAVSource\Audio\AudioResampler.h(66,33): warning C4251: 'HMRAVSource::AudioResamplerHelper::m_spResampler': 'ATL::CComPtr<IMFTransform>' needs to have dll-interface to be used by clients of 'HMRAVSource::AudioResamplerHelper' [C:\Users\mcmco\Desktop\WMMR\build\src\MovieMakerCore\MovieMakerCore.vcxproj]
  (compiling source file '../../../src/MovieMakerCore/HMRAVSource/Audio/AudioResampler.cpp')
      C:\Program Files (x86)\Microsoft Visual Studio\2022\BuildTools\VC\Tools\MSVC\14.44.35207\atlmfc\include\atlcomcli.h(341,7):
      see declaration of 'ATL::CComPtr<IMFTransform>'
  
C:\Users\mcmco\Desktop\WMMR\src\MovieMakerCore\HMRAVSource\Audio\AudioResampler.h(67,33): warning C4251: 'HMRAVSource::AudioResamplerHelper::m_spEvent': 'ATL::CComPtr<IMFMediaEvent>' needs to have dll-interface to be used by clients of 'HMRAVSource::AudioResamplerHelper' [C:\Users\mcmco\Desktop\WMMR\build\src\MovieMakerCore\MovieMakerCore.vcxproj]
  (compiling source file '../../../src/MovieMakerCore/HMRAVSource/Audio/AudioResampler.cpp')
      C:\Program Files (x86)\Microsoft Visual Studio\2022\BuildTools\VC\Tools\MSVC\14.44.35207\atlmfc\include\atlcomcli.h(341,7):
      see declaration of 'ATL::CComPtr<IMFMediaEvent>'
  
C:\Users\mcmco\Desktop\WMMR\src\MovieMakerCore\HMRAVSource\Audio\AudioResampler.cpp(124,29): error C2065: 'MF_S_TRANSFORM_STREAM_CHANGE': undeclared identifier [C:\Users\mcmco\Desktop\WMMR\build\src\MovieMakerCore\MovieMakerCore.vcxproj]
C:\Users\mcmco\Desktop\WMMR\src\MovieMakerCore\HMRAVSource\Audio\AudioResampler.cpp(174,44): error C2065: 'CResamplerMediaObject': undeclared identifier [C:\Users\mcmco\Desktop\WMMR\build\src\MovieMakerCore\MovieMakerCore.vcxproj]
  SerializationReader.cpp
C:\Users\mcmco\Desktop\WMMR\src\MovieMakerCore\pch.h(21,9): warning C4005: 'WINVER': macro redefinition [C:\Users\mcmco\Desktop\WMMR\build\src\MovieMakerCore\MovieMakerCore.vcxproj]
  (compiling source file '../../../src/MovieMakerCore/StoryboardManager/Serialization/SerializationReader.cpp')
      C:\Users\mcmco\Desktop\WMMR\src\MovieMakerCore\pch.h(21,9):
      'WINVER' previously declared on the command line
  
C:\Users\mcmco\Desktop\WMMR\src\MovieMakerCore\pch.h(22,9): warning C4005: '_WIN32_WINNT': macro redefinition [C:\Users\mcmco\Desktop\WMMR\build\src\MovieMakerCore\MovieMakerCore.vcxproj]
  (compiling source file '../../../src/MovieMakerCore/StoryboardManager/Serialization/SerializationReader.cpp')
      C:\Users\mcmco\Desktop\WMMR\src\MovieMakerCore\pch.h(22,9):
      '_WIN32_WINNT' previously declared on the command line
  
C:\Users\mcmco\Desktop\WMMR\src\MovieMakerCore\pch.h(30,9): warning C4005: 'WIN32_LEAN_AND_MEAN': macro redefinition [C:\Users\mcmco\Desktop\WMMR\build\src\MovieMakerCore\MovieMakerCore.vcxproj]
  (compiling source file '../../../src/MovieMakerCore/StoryboardManager/Serialization/SerializationReader.cpp')
      C:\Users\mcmco\Desktop\WMMR\src\MovieMakerCore\pch.h(30,9):
      'WIN32_LEAN_AND_MEAN' previously declared on the command line
  
C:\Users\mcmco\Desktop\WMMR\src\MovieMakerCore\pch.h(31,9): warning C4005: 'NOMINMAX': macro redefinition [C:\Users\mcmco\Desktop\WMMR\build\src\MovieMakerCore\MovieMakerCore.vcxproj]
  (compiling source file '../../../src/MovieMakerCore/StoryboardManager/Serialization/SerializationReader.cpp')
      C:\Users\mcmco\Desktop\WMMR\src\MovieMakerCore\pch.h(31,9):
      'NOMINMAX' previously declared on the command line
  
C:\Users\mcmco\Desktop\WMMR\src\MovieMakerCore\pch.h(32,9): warning C4005: '_CRT_SECURE_NO_WARNINGS': macro redefinition [C:\Users\mcmco\Desktop\WMMR\build\src\MovieMakerCore\MovieMakerCore.vcxproj]
  (compiling source file '../../../src/MovieMakerCore/StoryboardManager/Serialization/SerializationReader.cpp')
      C:\Users\mcmco\Desktop\WMMR\src\MovieMakerCore\pch.h(32,9):
      '_CRT_SECURE_NO_WARNINGS' previously declared on the command line
  
C:\Users\mcmco\Desktop\WMMR\src\MovieMakerCore\pch.h(33,9): warning C4005: '_WINDLL': macro redefinition [C:\Users\mcmco\Desktop\WMMR\build\src\MovieMakerCore\MovieMakerCore.vcxproj]
  (compiling source file '../../../src/MovieMakerCore/StoryboardManager/Serialization/SerializationReader.cpp')
      C:\Users\mcmco\Desktop\WMMR\src\MovieMakerCore\pch.h(33,9):
      '_WINDLL' previously declared on the command line
  
C:\Users\mcmco\Desktop\WMMR\src\MovieMakerCore\pch.h(34,9): warning C4005: '_AFXDLL': macro redefinition [C:\Users\mcmco\Desktop\WMMR\build\src\MovieMakerCore\MovieMakerCore.vcxproj]
  (compiling source file '../../../src/MovieMakerCore/StoryboardManager/Serialization/SerializationReader.cpp')
      C:\Users\mcmco\Desktop\WMMR\src\MovieMakerCore\pch.h(34,9):
      '_AFXDLL' previously declared on the command line
  
C:\Users\mcmco\Desktop\WMMR\src\MovieMakerCore\pch.h(35,9): warning C4005: '_ATL_CSTRING_EXPLICIT_CONSTRUCTORS': macro redefinition [C:\Users\mcmco\Desktop\WMMR\build\src\MovieMakerCore\MovieMakerCore.vcxproj]
  (compiling source file '../../../src/MovieMakerCore/StoryboardManager/Serialization/SerializationReader.cpp')
      C:\Users\mcmco\Desktop\WMMR\src\MovieMakerCore\pch.h(35,9):
      '_ATL_CSTRING_EXPLICIT_CONSTRUCTORS' previously declared on the command line
  
C:\Users\mcmco\Desktop\WMMR\src\MovieMakerCore\pch.h(36,9): warning C4005: '_ATL_ALL_WARNINGS': macro redefinition [C:\Users\mcmco\Desktop\WMMR\build\src\MovieMakerCore\MovieMakerCore.vcxproj]
  (compiling source file '../../../src/MovieMakerCore/StoryboardManager/Serialization/SerializationReader.cpp')
      C:\Users\mcmco\Desktop\WMMR\src\MovieMakerCore\pch.h(36,9):
      '_ATL_ALL_WARNINGS' previously declared on the command line
  
C:\Users\mcmco\Desktop\WMMR\src\WTL\atlprint.h(809,25): warning C4100: 'dc': unreferenced parameter [C:\Users\mcmco\Desktop\WMMR\build\src\MovieMakerCore\MovieMakerCore.vcxproj]
  (compiling source file '../../../src/MovieMakerCore/DataStructs/IntSet.cpp')
  
C:\Users\mcmco\Desktop\WMMR\src\WTL\atlprint.h(809,25): warning C4100: 'dc': unreferenced parameter [C:\Users\mcmco\Desktop\WMMR\build\src\MovieMakerCore\MovieMakerCore.vcxproj]
  (compiling source file '../../../src/MovieMakerCore/DataStructs/StringSet.cpp')
  
C:\Users\mcmco\Desktop\WMMR\src\WTL\atlprint.h(809,25): warning C4100: 'dc': unreferenced parameter [C:\Users\mcmco\Desktop\WMMR\build\src\MovieMakerCore\MovieMakerCore.vcxproj]
  (compiling source file '../../../src/MovieMakerCore/UI/Ribbon/RibbonApp.cpp')
  
C:\Users\mcmco\Desktop\WMMR\src\WTL\atlprint.h(809,25): warning C4100: 'dc': unreferenced parameter [C:\Users\mcmco\Desktop\WMMR\build\src\MovieMakerCore\MovieMakerCore.vcxproj]
  (compiling source file '../../../src/MovieMakerCore/UI/Ribbon/RibbonSites.cpp')
  
C:\Users\mcmco\Desktop\WMMR\src\WTL\atlprint.h(809,25): warning C4100: 'dc': unreferenced parameter [C:\Users\mcmco\Desktop\WMMR\build\src\MovieMakerCore\MovieMakerCore.vcxproj]
  (compiling source file '../../../src/MovieMakerCore/Preview/PreviewPresenter.cpp')
  
C:\Users\mcmco\Desktop\WMMR\src\WTL\atlprint.h(809,25): warning C4100: 'dc': unreferenced parameter [C:\Users\mcmco\Desktop\WMMR\build\src\MovieMakerCore\MovieMakerCore.vcxproj]
  (compiling source file '../../../src/MovieMakerCore/Preview/PreviewDataContext.cpp')
  
C:\Users\mcmco\Desktop\WMMR\src\WTL\atlprint.h(809,25): warning C4100: 'dc': unreferenced parameter [C:\Users\mcmco\Desktop\WMMR\build\src\MovieMakerCore\MovieMakerCore.vcxproj]
  (compiling source file '../../../src/MovieMakerCore/StoryboardManager/Serialization/SerializationContext.cpp')
  
C:\Users\mcmco\Desktop\WMMR\src\WTL\atlprint.h(809,25): warning C4100: 'dc': unreferenced parameter [C:\Users\mcmco\Desktop\WMMR\build\src\MovieMakerCore\MovieMakerCore.vcxproj]
  (compiling source file '../../../src/MovieMakerCore/StoryboardManager/Serialization/SerializationReader.cpp')
  
C:\Users\mcmco\Desktop\WMMR\src\WLXPhotoBase\BaseTypes.h(536,18): warning C4251: 'Base::File::m_strPath': 'ATL::CStringT<wchar_t,ATL::StrTraitATL<wchar_t,ATL::ChTraitsCRT<wchar_t>>>' needs to have dll-interface to be used by clients of 'Base::File' [C:\Users\mcmco\Desktop\WMMR\build\src\MovieMakerCore\MovieMakerCore.vcxproj]
  (compiling source file '../../../src/MovieMakerCore/DataStructs/IntSet.cpp')
      C:\Program Files (x86)\Microsoft Visual Studio\2022\BuildTools\VC\Tools\MSVC\14.44.35207\atlmfc\include\cstringt.h(999,7):
      see declaration of 'ATL::CStringT<wchar_t,ATL::StrTraitATL<wchar_t,ATL::ChTraitsCRT<wchar_t>>>'
  
C:\Users\mcmco\Desktop\WMMR\src\WLXPhotoBase\BaseTypes.h(568,18): warning C4251: 'Base::TempFile::m_strPath': 'ATL::CStringT<wchar_t,ATL::StrTraitATL<wchar_t,ATL::ChTraitsCRT<wchar_t>>>' needs to have dll-interface to be used by clients of 'Base::TempFile' [C:\Users\mcmco\Desktop\WMMR\build\src\MovieMakerCore\MovieMakerCore.vcxproj]
  (compiling source file '../../../src/MovieMakerCore/DataStructs/IntSet.cpp')
      C:\Program Files (x86)\Microsoft Visual Studio\2022\BuildTools\VC\Tools\MSVC\14.44.35207\atlmfc\include\cstringt.h(999,7):
      see declaration of 'ATL::CStringT<wchar_t,ATL::StrTraitATL<wchar_t,ATL::ChTraitsCRT<wchar_t>>>'
  
C:\Users\mcmco\Desktop\WMMR\src\WLXPhotoBase\BaseTypes.h(661,21): warning C4251: 'Base::FindFile::m_strDirectory': 'ATL::CStringT<wchar_t,ATL::StrTraitATL<wchar_t,ATL::ChTraitsCRT<wchar_t>>>' needs to have dll-interface to be used by clients of 'Base::FindFile' [C:\Users\mcmco\Desktop\WMMR\build\src\MovieMakerCore\MovieMakerCore.vcxproj]
  (compiling source file '../../../src/MovieMakerCore/DataStructs/IntSet.cpp')
      C:\Program Files (x86)\Microsoft Visual Studio\2022\BuildTools\VC\Tools\MSVC\14.44.35207\atlmfc\include\cstringt.h(999,7):
      see declaration of 'ATL::CStringT<wchar_t,ATL::StrTraitATL<wchar_t,ATL::ChTraitsCRT<wchar_t>>>'
  
C:\Users\mcmco\Desktop\WMMR\src\WLXPhotoBase\BaseTypes.h(724,25): warning C4251: 'Base::IntSet::m_values': 'ATL::CAtlArray<int,ATL::CElementTraits<int>>' needs to have dll-interface to be used by clients of 'Base::IntSet' [C:\Users\mcmco\Desktop\WMMR\build\src\MovieMakerCore\MovieMakerCore.vcxproj]
  (compiling source file '../../../src/MovieMakerCore/DataStructs/IntSet.cpp')
      C:\Program Files (x86)\Microsoft Visual Studio\2022\BuildTools\VC\Tools\MSVC\14.44.35207\atlmfc\include\atlcoll.h(530,7):
      see declaration of 'ATL::CAtlArray<int,ATL::CElementTraits<int>>'
  
C:\Users\mcmco\Desktop\WMMR\src\MovieMakerCore\DataStructs\StringSet.h(95,34): warning C4251: 'Base::DataStructs::StringSet::m_arrValues': 'ATL::CAtlArray<ATL::CString,ATL::CElementTraits<ATL::CAtlStringW>>' needs to have dll-interface to be used by clients of 'Base::DataStructs::StringSet' [C:\Users\mcmco\Desktop\WMMR\build\src\MovieMakerCore\MovieMakerCore.vcxproj]
  (compiling source file '../../../src/MovieMakerCore/DataStructs/IntSet.cpp')
      C:\Program Files (x86)\Microsoft Visual Studio\2022\BuildTools\VC\Tools\MSVC\14.44.35207\atlmfc\include\atlcoll.h(530,7):
      see declaration of 'ATL::CAtlArray<ATL::CString,ATL::CElementTraits<ATL::CAtlStringW>>'
  
C:\Users\mcmco\Desktop\WMMR\src\MovieMakerCore\DataStructs\IntSet.h(105,27): warning C4251: 'Base::DataStructs::IntSet::m_arrValues': 'ATL::CAtlArray<DWORD,ATL::CElementTraits<unsigned long>>' needs to have dll-interface to be used by clients of 'Base::DataStructs::IntSet' [C:\Users\mcmco\Desktop\WMMR\build\src\MovieMakerCore\MovieMakerCore.vcxproj]
  (compiling source file '../../../src/MovieMakerCore/DataStructs/IntSet.cpp')
      C:\Program Files (x86)\Microsoft Visual Studio\2022\BuildTools\VC\Tools\MSVC\14.44.35207\atlmfc\include\atlcoll.h(530,7):
      see declaration of 'ATL::CAtlArray<DWORD,ATL::CElementTraits<unsigned long>>'
  
C:\Users\mcmco\Desktop\WMMR\src\MovieMakerCore\DataStructs\IntSet.cpp(28,18): error C2248: 'ATL::CAtlArray<DWORD,ATL::CElementTraits<unsigned long>>::CAtlArray': cannot access private member declared in class 'ATL::CAtlArray<DWORD,ATL::CElementTraits<unsigned long>>' [C:\Users\mcmco\Desktop\WMMR\build\src\MovieMakerCore\MovieMakerCore.vcxproj]
      C:\Program Files (x86)\Microsoft Visual Studio\2022\BuildTools\VC\Tools\MSVC\14.44.35207\atlmfc\include\atlcoll.h(606,2):
      see declaration of 'ATL::CAtlArray<DWORD,ATL::CElementTraits<unsigned long>>::CAtlArray'
      C:\Program Files (x86)\Microsoft Visual Studio\2022\BuildTools\VC\Tools\MSVC\14.44.35207\atlmfc\include\atlcoll.h(530,7):
      see declaration of 'ATL::CAtlArray<DWORD,ATL::CElementTraits<unsigned long>>'
  
C:\Users\mcmco\Desktop\WMMR\src\MovieMakerCore\DataStructs\IntSet.cpp(35,21): error C2248: 'ATL::CAtlArray<DWORD,ATL::CElementTraits<unsigned long>>::operator =': cannot access private member declared in class 'ATL::CAtlArray<DWORD,ATL::CElementTraits<unsigned long>>' [C:\Users\mcmco\Desktop\WMMR\build\src\MovieMakerCore\MovieMakerCore.vcxproj]
      C:\Program Files (x86)\Microsoft Visual Studio\2022\BuildTools\VC\Tools\MSVC\14.44.35207\atlmfc\include\atlcoll.h(607,13):
      see declaration of 'ATL::CAtlArray<DWORD,ATL::CElementTraits<unsigned long>>::operator ='
      C:\Program Files (x86)\Microsoft Visual Studio\2022\BuildTools\VC\Tools\MSVC\14.44.35207\atlmfc\include\atlcoll.h(530,7):
      see declaration of 'ATL::CAtlArray<DWORD,ATL::CElementTraits<unsigned long>>'
  
C:\Users\mcmco\Desktop\WMMR\src\MovieMakerCore\DataStructs\IntSet.cpp(203,17): error C2248: 'ATL::CAtlArray<DWORD,ATL::CElementTraits<unsigned long>>::operator =': cannot access private member declared in class 'ATL::CAtlArray<DWORD,ATL::CElementTraits<unsigned long>>' [C:\Users\mcmco\Desktop\WMMR\build\src\MovieMakerCore\MovieMakerCore.vcxproj]
      C:\Program Files (x86)\Microsoft Visual Studio\2022\BuildTools\VC\Tools\MSVC\14.44.35207\atlmfc\include\atlcoll.h(607,13):
      see declaration of 'ATL::CAtlArray<DWORD,ATL::CElementTraits<unsigned long>>::operator ='
      C:\Program Files (x86)\Microsoft Visual Studio\2022\BuildTools\VC\Tools\MSVC\14.44.35207\atlmfc\include\atlcoll.h(530,7):
      see declaration of 'ATL::CAtlArray<DWORD,ATL::CElementTraits<unsigned long>>'
  
  SerializationWriter.cpp
C:\Users\mcmco\Desktop\WMMR\src\WLXPhotoBase\BaseTypes.h(536,18): warning C4251: 'Base::File::m_strPath': 'ATL::CStringT<wchar_t,ATL::StrTraitATL<wchar_t,ATL::ChTraitsCRT<wchar_t>>>' needs to have dll-interface to be used by clients of 'Base::File' [C:\Users\mcmco\Desktop\WMMR\build\src\MovieMakerCore\MovieMakerCore.vcxproj]
  (compiling source file '../../../src/MovieMakerCore/DataStructs/StringSet.cpp')
      C:\Program Files (x86)\Microsoft Visual Studio\2022\BuildTools\VC\Tools\MSVC\14.44.35207\atlmfc\include\cstringt.h(999,7):
      see declaration of 'ATL::CStringT<wchar_t,ATL::StrTraitATL<wchar_t,ATL::ChTraitsCRT<wchar_t>>>'
  
C:\Users\mcmco\Desktop\WMMR\src\WLXPhotoBase\BaseTypes.h(568,18): warning C4251: 'Base::TempFile::m_strPath': 'ATL::CStringT<wchar_t,ATL::StrTraitATL<wchar_t,ATL::ChTraitsCRT<wchar_t>>>' needs to have dll-interface to be used by clients of 'Base::TempFile' [C:\Users\mcmco\Desktop\WMMR\build\src\MovieMakerCore\MovieMakerCore.vcxproj]
  (compiling source file '../../../src/MovieMakerCore/DataStructs/StringSet.cpp')
      C:\Program Files (x86)\Microsoft Visual Studio\2022\BuildTools\VC\Tools\MSVC\14.44.35207\atlmfc\include\cstringt.h(999,7):
      see declaration of 'ATL::CStringT<wchar_t,ATL::StrTraitATL<wchar_t,ATL::ChTraitsCRT<wchar_t>>>'
  
C:\Users\mcmco\Desktop\WMMR\src\WLXPhotoBase\BaseTypes.h(661,21): warning C4251: 'Base::FindFile::m_strDirectory': 'ATL::CStringT<wchar_t,ATL::StrTraitATL<wchar_t,ATL::ChTraitsCRT<wchar_t>>>' needs to have dll-interface to be used by clients of 'Base::FindFile' [C:\Users\mcmco\Desktop\WMMR\build\src\MovieMakerCore\MovieMakerCore.vcxproj]
  (compiling source file '../../../src/MovieMakerCore/DataStructs/StringSet.cpp')
      C:\Program Files (x86)\Microsoft Visual Studio\2022\BuildTools\VC\Tools\MSVC\14.44.35207\atlmfc\include\cstringt.h(999,7):
      see declaration of 'ATL::CStringT<wchar_t,ATL::StrTraitATL<wchar_t,ATL::ChTraitsCRT<wchar_t>>>'
  
C:\Users\mcmco\Desktop\WMMR\src\WLXPhotoBase\BaseTypes.h(724,25): warning C4251: 'Base::IntSet::m_values': 'ATL::CAtlArray<int,ATL::CElementTraits<int>>' needs to have dll-interface to be used by clients of 'Base::IntSet' [C:\Users\mcmco\Desktop\WMMR\build\src\MovieMakerCore\MovieMakerCore.vcxproj]
  (compiling source file '../../../src/MovieMakerCore/DataStructs/StringSet.cpp')
      C:\Program Files (x86)\Microsoft Visual Studio\2022\BuildTools\VC\Tools\MSVC\14.44.35207\atlmfc\include\atlcoll.h(530,7):
      see declaration of 'ATL::CAtlArray<int,ATL::CElementTraits<int>>'
  
C:\Users\mcmco\Desktop\WMMR\src\MovieMakerCore\DataStructs\IntSet.h(105,27): warning C4251: 'Base::DataStructs::IntSet::m_arrValues': 'ATL::CAtlArray<DWORD,ATL::CElementTraits<unsigned long>>' needs to have dll-interface to be used by clients of 'Base::DataStructs::IntSet' [C:\Users\mcmco\Desktop\WMMR\build\src\MovieMakerCore\MovieMakerCore.vcxproj]
  (compiling source file '../../../src/MovieMakerCore/DataStructs/StringSet.cpp')
      C:\Program Files (x86)\Microsoft Visual Studio\2022\BuildTools\VC\Tools\MSVC\14.44.35207\atlmfc\include\atlcoll.h(530,7):
      see declaration of 'ATL::CAtlArray<DWORD,ATL::CElementTraits<unsigned long>>'
  
C:\Users\mcmco\Desktop\WMMR\src\WLXPhotoBase\BaseTypes.h(536,18): warning C4251: 'Base::File::m_strPath': 'ATL::CStringT<wchar_t,ATL::StrTraitATL<wchar_t,ATL::ChTraitsCRT<wchar_t>>>' needs to have dll-interface to be used by clients of 'Base::File' [C:\Users\mcmco\Desktop\WMMR\build\src\MovieMakerCore\MovieMakerCore.vcxproj]
  (compiling source file '../../../src/MovieMakerCore/UI/Ribbon/RibbonApp.cpp')
      C:\Program Files (x86)\Microsoft Visual Studio\2022\BuildTools\VC\Tools\MSVC\14.44.35207\atlmfc\include\cstringt.h(999,7):
      see declaration of 'ATL::CStringT<wchar_t,ATL::StrTraitATL<wchar_t,ATL::ChTraitsCRT<wchar_t>>>'
  
C:\Users\mcmco\Desktop\WMMR\src\WLXPhotoBase\BaseTypes.h(568,18): warning C4251: 'Base::TempFile::m_strPath': 'ATL::CStringT<wchar_t,ATL::StrTraitATL<wchar_t,ATL::ChTraitsCRT<wchar_t>>>' needs to have dll-interface to be used by clients of 'Base::TempFile' [C:\Users\mcmco\Desktop\WMMR\build\src\MovieMakerCore\MovieMakerCore.vcxproj]
  (compiling source file '../../../src/MovieMakerCore/UI/Ribbon/RibbonApp.cpp')
      C:\Program Files (x86)\Microsoft Visual Studio\2022\BuildTools\VC\Tools\MSVC\14.44.35207\atlmfc\include\cstringt.h(999,7):
      see declaration of 'ATL::CStringT<wchar_t,ATL::StrTraitATL<wchar_t,ATL::ChTraitsCRT<wchar_t>>>'
  
C:\Users\mcmco\Desktop\WMMR\src\WLXPhotoBase\BaseTypes.h(661,21): warning C4251: 'Base::FindFile::m_strDirectory': 'ATL::CStringT<wchar_t,ATL::StrTraitATL<wchar_t,ATL::ChTraitsCRT<wchar_t>>>' needs to have dll-interface to be used by clients of 'Base::FindFile' [C:\Users\mcmco\Desktop\WMMR\build\src\MovieMakerCore\MovieMakerCore.vcxproj]
  (compiling source file '../../../src/MovieMakerCore/UI/Ribbon/RibbonApp.cpp')
      C:\Program Files (x86)\Microsoft Visual Studio\2022\BuildTools\VC\Tools\MSVC\14.44.35207\atlmfc\include\cstringt.h(999,7):
      see declaration of 'ATL::CStringT<wchar_t,ATL::StrTraitATL<wchar_t,ATL::ChTraitsCRT<wchar_t>>>'
  
C:\Users\mcmco\Desktop\WMMR\src\MovieMakerCore\DataStructs\StringSet.h(95,34): warning C4251: 'Base::DataStructs::StringSet::m_arrValues': 'ATL::CAtlArray<ATL::CString,ATL::CElementTraits<ATL::CAtlStringW>>' needs to have dll-interface to be used by clients of 'Base::DataStructs::StringSet' [C:\Users\mcmco\Desktop\WMMR\build\src\MovieMakerCore\MovieMakerCore.vcxproj]
  (compiling source file '../../../src/MovieMakerCore/DataStructs/StringSet.cpp')
      C:\Program Files (x86)\Microsoft Visual Studio\2022\BuildTools\VC\Tools\MSVC\14.44.35207\atlmfc\include\atlcoll.h(530,7):
      see declaration of 'ATL::CAtlArray<ATL::CString,ATL::CElementTraits<ATL::CAtlStringW>>'
  
C:\Users\mcmco\Desktop\WMMR\src\MovieMakerCore\DataStructs\StringSet.cpp(29,18): error C2248: 'ATL::CAtlArray<ATL::CString,ATL::CElementTraits<ATL::CAtlStringW>>::CAtlArray': cannot access private member declared in class 'ATL::CAtlArray<ATL::CString,ATL::CElementTraits<ATL::CAtlStringW>>' [C:\Users\mcmco\Desktop\WMMR\build\src\MovieMakerCore\MovieMakerCore.vcxproj]
      C:\Program Files (x86)\Microsoft Visual Studio\2022\BuildTools\VC\Tools\MSVC\14.44.35207\atlmfc\include\atlcoll.h(606,2):
      see declaration of 'ATL::CAtlArray<ATL::CString,ATL::CElementTraits<ATL::CAtlStringW>>::CAtlArray'
      C:\Program Files (x86)\Microsoft Visual Studio\2022\BuildTools\VC\Tools\MSVC\14.44.35207\atlmfc\include\atlcoll.h(530,7):
      see declaration of 'ATL::CAtlArray<ATL::CString,ATL::CElementTraits<ATL::CAtlStringW>>'
  
C:\Users\mcmco\Desktop\WMMR\src\MovieMakerCore\DataStructs\StringSet.cpp(38,21): error C2248: 'ATL::CAtlArray<ATL::CString,ATL::CElementTraits<ATL::CAtlStringW>>::operator =': cannot access private member declared in class 'ATL::CAtlArray<ATL::CString,ATL::CElementTraits<ATL::CAtlStringW>>' [C:\Users\mcmco\Desktop\WMMR\build\src\MovieMakerCore\MovieMakerCore.vcxproj]
      C:\Program Files (x86)\Microsoft Visual Studio\2022\BuildTools\VC\Tools\MSVC\14.44.35207\atlmfc\include\atlcoll.h(607,13):
      see declaration of 'ATL::CAtlArray<ATL::CString,ATL::CElementTraits<ATL::CAtlStringW>>::operator ='
      C:\Program Files (x86)\Microsoft Visual Studio\2022\BuildTools\VC\Tools\MSVC\14.44.35207\atlmfc\include\atlcoll.h(530,7):
      see declaration of 'ATL::CAtlArray<ATL::CString,ATL::CElementTraits<ATL::CAtlStringW>>'
  
C:\Users\mcmco\Desktop\WMMR\src\WLXPhotoBase\BaseTypes.h(724,25): warning C4251: 'Base::IntSet::m_values': 'ATL::CAtlArray<int,ATL::CElementTraits<int>>' needs to have dll-interface to be used by clients of 'Base::IntSet' [C:\Users\mcmco\Desktop\WMMR\build\src\MovieMakerCore\MovieMakerCore.vcxproj]
  (compiling source file '../../../src/MovieMakerCore/UI/Ribbon/RibbonApp.cpp')
      C:\Program Files (x86)\Microsoft Visual Studio\2022\BuildTools\VC\Tools\MSVC\14.44.35207\atlmfc\include\atlcoll.h(530,7):
      see declaration of 'ATL::CAtlArray<int,ATL::CElementTraits<int>>'
  
C:\Users\mcmco\Desktop\WMMR\src\MovieMakerCore\DataStructs\StringSet.cpp(223,17): error C2248: 'ATL::CAtlArray<ATL::CString,ATL::CElementTraits<ATL::CAtlStringW>>::operator =': cannot access private member declared in class 'ATL::CAtlArray<ATL::CString,ATL::CElementTraits<ATL::CAtlStringW>>' [C:\Users\mcmco\Desktop\WMMR\build\src\MovieMakerCore\MovieMakerCore.vcxproj]
      C:\Program Files (x86)\Microsoft Visual Studio\2022\BuildTools\VC\Tools\MSVC\14.44.35207\atlmfc\include\atlcoll.h(607,13):
      see declaration of 'ATL::CAtlArray<ATL::CString,ATL::CElementTraits<ATL::CAtlStringW>>::operator ='
      C:\Program Files (x86)\Microsoft Visual Studio\2022\BuildTools\VC\Tools\MSVC\14.44.35207\atlmfc\include\atlcoll.h(530,7):
      see declaration of 'ATL::CAtlArray<ATL::CString,ATL::CElementTraits<ATL::CAtlStringW>>'
  
C:\Users\mcmco\Desktop\WMMR\src\MovieMakerCore\pch.h(21,9): warning C4005: 'WINVER': macro redefinition [C:\Users\mcmco\Desktop\WMMR\build\src\MovieMakerCore\MovieMakerCore.vcxproj]
  (compiling source file '../../../src/MovieMakerCore/StoryboardManager/Serialization/SerializationWriter.cpp')
      C:\Users\mcmco\Desktop\WMMR\src\MovieMakerCore\pch.h(21,9):
      'WINVER' previously declared on the command line
  
C:\Users\mcmco\Desktop\WMMR\src\WLXPhotoBase\BaseTypes.h(536,18): warning C4251: 'Base::File::m_strPath': 'ATL::CStringT<wchar_t,ATL::StrTraitATL<wchar_t,ATL::ChTraitsCRT<wchar_t>>>' needs to have dll-interface to be used by clients of 'Base::File' [C:\Users\mcmco\Desktop\WMMR\build\src\MovieMakerCore\MovieMakerCore.vcxproj]
  (compiling source file '../../../src/MovieMakerCore/UI/Ribbon/RibbonSites.cpp')
      C:\Program Files (x86)\Microsoft Visual Studio\2022\BuildTools\VC\Tools\MSVC\14.44.35207\atlmfc\include\cstringt.h(999,7):
      see declaration of 'ATL::CStringT<wchar_t,ATL::StrTraitATL<wchar_t,ATL::ChTraitsCRT<wchar_t>>>'
  
C:\Users\mcmco\Desktop\WMMR\src\MovieMakerCore\pch.h(22,9): warning C4005: '_WIN32_WINNT': macro redefinition [C:\Users\mcmco\Desktop\WMMR\build\src\MovieMakerCore\MovieMakerCore.vcxproj]
  (compiling source file '../../../src/MovieMakerCore/StoryboardManager/Serialization/SerializationWriter.cpp')
      C:\Users\mcmco\Desktop\WMMR\src\MovieMakerCore\pch.h(22,9):
      '_WIN32_WINNT' previously declared on the command line
  
C:\Users\mcmco\Desktop\WMMR\src\WLXPhotoBase\BaseTypes.h(568,18): warning C4251: 'Base::TempFile::m_strPath': 'ATL::CStringT<wchar_t,ATL::StrTraitATL<wchar_t,ATL::ChTraitsCRT<wchar_t>>>' needs to have dll-interface to be used by clients of 'Base::TempFile' [C:\Users\mcmco\Desktop\WMMR\build\src\MovieMakerCore\MovieMakerCore.vcxproj]
  (compiling source file '../../../src/MovieMakerCore/UI/Ribbon/RibbonSites.cpp')
      C:\Program Files (x86)\Microsoft Visual Studio\2022\BuildTools\VC\Tools\MSVC\14.44.35207\atlmfc\include\cstringt.h(999,7):
      see declaration of 'ATL::CStringT<wchar_t,ATL::StrTraitATL<wchar_t,ATL::ChTraitsCRT<wchar_t>>>'
  
C:\Users\mcmco\Desktop\WMMR\src\MovieMakerCore\pch.h(30,9): warning C4005: 'WIN32_LEAN_AND_MEAN': macro redefinition [C:\Users\mcmco\Desktop\WMMR\build\src\MovieMakerCore\MovieMakerCore.vcxproj]
  (compiling source file '../../../src/MovieMakerCore/StoryboardManager/Serialization/SerializationWriter.cpp')
      C:\Users\mcmco\Desktop\WMMR\src\MovieMakerCore\pch.h(30,9):
      'WIN32_LEAN_AND_MEAN' previously declared on the command line
  
C:\Users\mcmco\Desktop\WMMR\src\WLXPhotoBase\BaseTypes.h(661,21): warning C4251: 'Base::FindFile::m_strDirectory': 'ATL::CStringT<wchar_t,ATL::StrTraitATL<wchar_t,ATL::ChTraitsCRT<wchar_t>>>' needs to have dll-interface to be used by clients of 'Base::FindFile' [C:\Users\mcmco\Desktop\WMMR\build\src\MovieMakerCore\MovieMakerCore.vcxproj]
  (compiling source file '../../../src/MovieMakerCore/UI/Ribbon/RibbonSites.cpp')
      C:\Program Files (x86)\Microsoft Visual Studio\2022\BuildTools\VC\Tools\MSVC\14.44.35207\atlmfc\include\cstringt.h(999,7):
      see declaration of 'ATL::CStringT<wchar_t,ATL::StrTraitATL<wchar_t,ATL::ChTraitsCRT<wchar_t>>>'
  
C:\Users\mcmco\Desktop\WMMR\src\MovieMakerCore\pch.h(31,9): warning C4005: 'NOMINMAX': macro redefinition [C:\Users\mcmco\Desktop\WMMR\build\src\MovieMakerCore\MovieMakerCore.vcxproj]
  (compiling source file '../../../src/MovieMakerCore/StoryboardManager/Serialization/SerializationWriter.cpp')
      C:\Users\mcmco\Desktop\WMMR\src\MovieMakerCore\pch.h(31,9):
      'NOMINMAX' previously declared on the command line
  
C:\Users\mcmco\Desktop\WMMR\src\MovieMakerCore\pch.h(32,9): warning C4005: '_CRT_SECURE_NO_WARNINGS': macro redefinition [C:\Users\mcmco\Desktop\WMMR\build\src\MovieMakerCore\MovieMakerCore.vcxproj]
  (compiling source file '../../../src/MovieMakerCore/StoryboardManager/Serialization/SerializationWriter.cpp')
      C:\Users\mcmco\Desktop\WMMR\src\MovieMakerCore\pch.h(32,9):
      '_CRT_SECURE_NO_WARNINGS' previously declared on the command line
  
C:\Users\mcmco\Desktop\WMMR\src\MovieMakerCore\pch.h(33,9): warning C4005: '_WINDLL': macro redefinition [C:\Users\mcmco\Desktop\WMMR\build\src\MovieMakerCore\MovieMakerCore.vcxproj]
  (compiling source file '../../../src/MovieMakerCore/StoryboardManager/Serialization/SerializationWriter.cpp')
      C:\Users\mcmco\Desktop\WMMR\src\MovieMakerCore\pch.h(33,9):
      '_WINDLL' previously declared on the command line
  
C:\Users\mcmco\Desktop\WMMR\src\WLXPhotoBase\BaseTypes.h(724,25): warning C4251: 'Base::IntSet::m_values': 'ATL::CAtlArray<int,ATL::CElementTraits<int>>' needs to have dll-interface to be used by clients of 'Base::IntSet' [C:\Users\mcmco\Desktop\WMMR\build\src\MovieMakerCore\MovieMakerCore.vcxproj]
  (compiling source file '../../../src/MovieMakerCore/UI/Ribbon/RibbonSites.cpp')
      C:\Program Files (x86)\Microsoft Visual Studio\2022\BuildTools\VC\Tools\MSVC\14.44.35207\atlmfc\include\atlcoll.h(530,7):
      see declaration of 'ATL::CAtlArray<int,ATL::CElementTraits<int>>'
  
C:\Users\mcmco\Desktop\WMMR\src\MovieMakerCore\pch.h(34,9): warning C4005: '_AFXDLL': macro redefinition [C:\Users\mcmco\Desktop\WMMR\build\src\MovieMakerCore\MovieMakerCore.vcxproj]
  (compiling source file '../../../src/MovieMakerCore/StoryboardManager/Serialization/SerializationWriter.cpp')
      C:\Users\mcmco\Desktop\WMMR\src\MovieMakerCore\pch.h(34,9):
      '_AFXDLL' previously declared on the command line
  
C:\Users\mcmco\Desktop\WMMR\src\MovieMakerCore\UI\Ribbon\RibbonSites.h(39,19): error C2079: 'RibbonListItem' uses undefined struct 'SundanceUI::RIBBON_API' [C:\Users\mcmco\Desktop\WMMR\build\src\MovieMakerCore\MovieMakerCore.vcxproj]
  (compiling source file '../../../src/MovieMakerCore/UI/Ribbon/RibbonSites.cpp')
  
C:\Users\mcmco\Desktop\WMMR\src\MovieMakerCore\UI\Ribbon\RibbonSites.h(41,5): error C2275: 'UINT': expected an expression instead of a type [C:\Users\mcmco\Desktop\WMMR\build\src\MovieMakerCore\MovieMakerCore.vcxproj]
  (compiling source file '../../../src/MovieMakerCore/UI/Ribbon/RibbonSites.cpp')
  
C:\Users\mcmco\Desktop\WMMR\src\MovieMakerCore\pch.h(35,9): warning C4005: '_ATL_CSTRING_EXPLICIT_CONSTRUCTORS': macro redefinition [C:\Users\mcmco\Desktop\WMMR\build\src\MovieMakerCore\MovieMakerCore.vcxproj]
  (compiling source file '../../../src/MovieMakerCore/StoryboardManager/Serialization/SerializationWriter.cpp')
      C:\Users\mcmco\Desktop\WMMR\src\MovieMakerCore\pch.h(35,9):
      '_ATL_CSTRING_EXPLICIT_CONSTRUCTORS' previously declared on the command line
  
C:\Users\mcmco\Desktop\WMMR\src\MovieMakerCore\UI\Ribbon\RibbonSites.h(41,17): error C2146: syntax error: missing ')' before identifier 'nItemId' [C:\Users\mcmco\Desktop\WMMR\build\src\MovieMakerCore\MovieMakerCore.vcxproj]
  (compiling source file '../../../src/MovieMakerCore/UI/Ribbon/RibbonSites.cpp')
  
C:\Users\mcmco\Desktop\WMMR\src\MovieMakerCore\pch.h(36,9): warning C4005: '_ATL_ALL_WARNINGS': macro redefinition [C:\Users\mcmco\Desktop\WMMR\build\src\MovieMakerCore\MovieMakerCore.vcxproj]
  (compiling source file '../../../src/MovieMakerCore/StoryboardManager/Serialization/SerializationWriter.cpp')
      C:\Users\mcmco\Desktop\WMMR\src\MovieMakerCore\pch.h(36,9):
      '_ATL_ALL_WARNINGS' previously declared on the command line
  
C:\Users\mcmco\Desktop\WMMR\src\MovieMakerCore\UI\Ribbon\RibbonApp.h(82,18): error C2079: 'RibbonApp' uses undefined class 'SundanceUI::RIBBON_API' [C:\Users\mcmco\Desktop\WMMR\build\src\MovieMakerCore\MovieMakerCore.vcxproj]
  (compiling source file '../../../src/MovieMakerCore/UI/Ribbon/RibbonApp.cpp')
  
C:\Users\mcmco\Desktop\WMMR\src\MovieMakerCore\UI\Ribbon\RibbonSites.h(50,5): error C4430: missing type specifier - int assumed. Note: C++ does not support default-int [C:\Users\mcmco\Desktop\WMMR\build\src\MovieMakerCore\MovieMakerCore.vcxproj]
  (compiling source file '../../../src/MovieMakerCore/UI/Ribbon/RibbonSites.cpp')
  
C:\Users\mcmco\Desktop\WMMR\src\MovieMakerCore\UI\Ribbon\RibbonApp.h(84,1): error C2059: syntax error: 'public' [C:\Users\mcmco\Desktop\WMMR\build\src\MovieMakerCore\MovieMakerCore.vcxproj]
  (compiling source file '../../../src/MovieMakerCore/UI/Ribbon/RibbonApp.cpp')
  
C:\Users\mcmco\Desktop\WMMR\src\MovieMakerCore\UI\Ribbon\RibbonSites.h(50,5): error C2365: 'SundanceUI::RibbonListItem': redefinition; previous definition was 'data variable' [C:\Users\mcmco\Desktop\WMMR\build\src\MovieMakerCore\MovieMakerCore.vcxproj]
  (compiling source file '../../../src/MovieMakerCore/UI/Ribbon/RibbonSites.cpp')
      C:\Users\mcmco\Desktop\WMMR\src\MovieMakerCore\UI\Ribbon\RibbonSites.h(39,19):
      see declaration of 'SundanceUI::RibbonListItem'
  
C:\Users\mcmco\Desktop\WMMR\src\MovieMakerCore\UI\Ribbon\RibbonSites.h(56,5): error C2550: 'SundanceUI::RibbonListItem': constructor initializer lists are only allowed on constructor definitions [C:\Users\mcmco\Desktop\WMMR\build\src\MovieMakerCore\MovieMakerCore.vcxproj]
  (compiling source file '../../../src/MovieMakerCore/UI/Ribbon/RibbonSites.cpp')
  
C:\Users\mcmco\Desktop\WMMR\src\MovieMakerCore\UI\Ribbon\RibbonApp.h(86,6): error C2588: '::~RibbonApp': illegal global destructor [C:\Users\mcmco\Desktop\WMMR\build\src\MovieMakerCore\MovieMakerCore.vcxproj]
  (compiling source file '../../../src/MovieMakerCore/UI/Ribbon/RibbonApp.cpp')
  
C:\Users\mcmco\Desktop\WMMR\src\MovieMakerCore\UI\Ribbon\RibbonSites.h(65,19): error C2079: 'RibbonCategoryItem' uses undefined struct 'RIBBON_API' [C:\Users\mcmco\Desktop\WMMR\build\src\MovieMakerCore\MovieMakerCore.vcxproj]
  (compiling source file '../../../src/MovieMakerCore/UI/Ribbon/RibbonSites.cpp')
  
C:\Users\mcmco\Desktop\WMMR\src\MovieMakerCore\UI\Ribbon\RibbonApp.h(86,6): error C4430: missing type specifier - int assumed. Note: C++ does not support default-int [C:\Users\mcmco\Desktop\WMMR\build\src\MovieMakerCore\MovieMakerCore.vcxproj]
  (compiling source file '../../../src/MovieMakerCore/UI/Ribbon/RibbonApp.cpp')
  
C:\Users\mcmco\Desktop\WMMR\src\MovieMakerCore\UI\Ribbon\RibbonSites.h(67,5): error C2275: 'UINT': expected an expression instead of a type [C:\Users\mcmco\Desktop\WMMR\build\src\MovieMakerCore\MovieMakerCore.vcxproj]
  (compiling source file '../../../src/MovieMakerCore/UI/Ribbon/RibbonSites.cpp')
  
C:\Users\mcmco\Desktop\WMMR\src\MovieMakerCore\UI\Ribbon\RibbonSites.h(67,17): error C2146: syntax error: missing ')' before identifier 'nCategoryId' [C:\Users\mcmco\Desktop\WMMR\build\src\MovieMakerCore\MovieMakerCore.vcxproj]
  (compiling source file '../../../src/MovieMakerCore/UI/Ribbon/RibbonSites.cpp')
  
C:\Users\mcmco\Desktop\WMMR\src\MovieMakerCore\UI\Ribbon\RibbonApp.h(86,6): error C2365: 'SundanceUI::RibbonApp': redefinition; previous definition was 'data variable' [C:\Users\mcmco\Desktop\WMMR\build\src\MovieMakerCore\MovieMakerCore.vcxproj]
  (compiling source file '../../../src/MovieMakerCore/UI/Ribbon/RibbonApp.cpp')
      C:\Users\mcmco\Desktop\WMMR\src\MovieMakerCore\UI\Ribbon\RibbonApp.h(82,18):
      see declaration of 'SundanceUI::RibbonApp'
  
C:\Users\mcmco\Desktop\WMMR\src\MovieMakerCore\UI\Ribbon\RibbonSites.h(68,18): error C2550: 'void __cdecl `dynamic initializer for 'strName''(void)': constructor initializer lists are only allowed on constructor definitions [C:\Users\mcmco\Desktop\WMMR\build\src\MovieMakerCore\MovieMakerCore.vcxproj]
  (compiling source file '../../../src/MovieMakerCore/UI/Ribbon/RibbonSites.cpp')
  
C:\Users\mcmco\Desktop\WMMR\src\MovieMakerCore\UI\Ribbon\RibbonApp.h(98,43): error C2061: syntax error: identifier 'REFUIKEY' [C:\Users\mcmco\Desktop\WMMR\build\src\MovieMakerCore\MovieMakerCore.vcxproj]
  (compiling source file '../../../src/MovieMakerCore/UI/Ribbon/RibbonApp.cpp')
  
C:\Users\mcmco\Desktop\WMMR\src\MovieMakerCore\UI\Ribbon\RibbonSites.h(69,18): error C2550: 'void __cdecl `dynamic initializer for 'strLabel''(void)': constructor initializer lists are only allowed on constructor definitions [C:\Users\mcmco\Desktop\WMMR\build\src\MovieMakerCore\MovieMakerCore.vcxproj]
  (compiling source file '../../../src/MovieMakerCore/UI/Ribbon/RibbonSites.cpp')
  
C:\Users\mcmco\Desktop\WMMR\src\MovieMakerCore\UI\Ribbon\RibbonApp.h(104,10): error C2270: 'IsInitialized': modifiers not allowed on nonmember functions [C:\Users\mcmco\Desktop\WMMR\build\src\MovieMakerCore\MovieMakerCore.vcxproj]
  (compiling source file '../../../src/MovieMakerCore/UI/Ribbon/RibbonApp.cpp')
  
C:\Users\mcmco\Desktop\WMMR\src\MovieMakerCore\UI\Ribbon\RibbonSites.h(73,5): error C4430: missing type specifier - int assumed. Note: C++ does not support default-int [C:\Users\mcmco\Desktop\WMMR\build\src\MovieMakerCore\MovieMakerCore.vcxproj]
  (compiling source file '../../../src/MovieMakerCore/UI/Ribbon/RibbonSites.cpp')
  
C:\Users\mcmco\Desktop\WMMR\src\MovieMakerCore\UI\Ribbon\RibbonApp.h(105,10): error C2270: 'GetOwnerHwnd': modifiers not allowed on nonmember functions [C:\Users\mcmco\Desktop\WMMR\build\src\MovieMakerCore\MovieMakerCore.vcxproj]
  (compiling source file '../../../src/MovieMakerCore/UI/Ribbon/RibbonApp.cpp')
  
C:\Users\mcmco\Desktop\WMMR\src\MovieMakerCore\UI\Ribbon\RibbonApp.h(109,59): error C2061: syntax error: identifier 'IUIView' [C:\Users\mcmco\Desktop\WMMR\build\src\MovieMakerCore\MovieMakerCore.vcxproj]
  (compiling source file '../../../src/MovieMakerCore/UI/Ribbon/RibbonApp.cpp')
  
C:\Users\mcmco\Desktop\WMMR\src\MovieMakerCore\UI\Ribbon\RibbonSites.h(73,5): error C2365: 'RibbonCategoryItem': redefinition; previous definition was 'data variable' [C:\Users\mcmco\Desktop\WMMR\build\src\MovieMakerCore\MovieMakerCore.vcxproj]
  (compiling source file '../../../src/MovieMakerCore/UI/Ribbon/RibbonSites.cpp')
      C:\Users\mcmco\Desktop\WMMR\src\MovieMakerCore\UI\Ribbon\RibbonSites.h(65,19):
      see declaration of 'RibbonCategoryItem'
  
C:\Users\mcmco\Desktop\WMMR\src\MovieMakerCore\UI\Ribbon\RibbonSites.h(77,5): error C2550: 'RibbonCategoryItem': constructor initializer lists are only allowed on constructor definitions [C:\Users\mcmco\Desktop\WMMR\build\src\MovieMakerCore\MovieMakerCore.vcxproj]
  (compiling source file '../../../src/MovieMakerCore/UI/Ribbon/RibbonSites.cpp')
  
C:\Users\mcmco\Desktop\WMMR\src\MovieMakerCore\UI\Ribbon\RibbonApp.h(120,1): error C2059: syntax error: 'private' [C:\Users\mcmco\Desktop\WMMR\build\src\MovieMakerCore\MovieMakerCore.vcxproj]
  (compiling source file '../../../src/MovieMakerCore/UI/Ribbon/RibbonApp.cpp')
  
C:\Users\mcmco\Desktop\WMMR\src\MovieMakerCore\UI\Ribbon\RibbonSites.h(79,1): error C2059: syntax error: '}' [C:\Users\mcmco\Desktop\WMMR\build\src\MovieMakerCore\MovieMakerCore.vcxproj]
  (compiling source file '../../../src/MovieMakerCore/UI/Ribbon/RibbonSites.cpp')
  
C:\Users\mcmco\Desktop\WMMR\src\MovieMakerCore\UI\Ribbon\RibbonSites.h(79,1): error C2143: syntax error: missing ';' before '}' [C:\Users\mcmco\Desktop\WMMR\build\src\MovieMakerCore\MovieMakerCore.vcxproj]
  (compiling source file '../../../src/MovieMakerCore/UI/Ribbon/RibbonSites.cpp')
  
C:\Users\mcmco\Desktop\WMMR\src\MovieMakerCore\UI\Ribbon\RibbonSites.h(87,7): warning C4099: 'RIBBON_API': type name first seen using 'struct' now seen using 'class' [C:\Users\mcmco\Desktop\WMMR\build\src\MovieMakerCore\MovieMakerCore.vcxproj]
  (compiling source file '../../../src/MovieMakerCore/UI/Ribbon/RibbonSites.cpp')
      C:\Users\mcmco\Desktop\WMMR\src\MovieMakerCore\UI\Ribbon\RibbonSites.h(65,8):
      see declaration of 'RIBBON_API'
  
C:\Users\mcmco\Desktop\WMMR\src\MovieMakerCore\UI\Ribbon\RibbonSites.h(87,18): error C2079: 'RibbonList' uses undefined struct 'RIBBON_API' [C:\Users\mcmco\Desktop\WMMR\build\src\MovieMakerCore\MovieMakerCore.vcxproj]
  (compiling source file '../../../src/MovieMakerCore/UI/Ribbon/RibbonSites.cpp')
  
C:\Users\mcmco\Desktop\WMMR\src\MovieMakerCore\UI\Ribbon\RibbonSites.h(89,1): error C2059: syntax error: 'public' [C:\Users\mcmco\Desktop\WMMR\build\src\MovieMakerCore\MovieMakerCore.vcxproj]
  (compiling source file '../../../src/MovieMakerCore/UI/Ribbon/RibbonSites.cpp')
  
C:\Users\mcmco\Desktop\WMMR\src\MovieMakerCore\UI\Ribbon\RibbonSites.h(91,6): error C2588: '::~RibbonList': illegal global destructor [C:\Users\mcmco\Desktop\WMMR\build\src\MovieMakerCore\MovieMakerCore.vcxproj]
  (compiling source file '../../../src/MovieMakerCore/UI/Ribbon/RibbonSites.cpp')
  
C:\Users\mcmco\Desktop\WMMR\src\MovieMakerCore\UI\Ribbon\RibbonSites.h(91,6): error C4430: missing type specifier - int assumed. Note: C++ does not support default-int [C:\Users\mcmco\Desktop\WMMR\build\src\MovieMakerCore\MovieMakerCore.vcxproj]
  (compiling source file '../../../src/MovieMakerCore/UI/Ribbon/RibbonSites.cpp')
  
C:\Users\mcmco\Desktop\WMMR\src\MovieMakerCore\UI\Ribbon\RibbonSites.h(91,6): error C2365: 'RibbonList': redefinition; previous definition was 'data variable' [C:\Users\mcmco\Desktop\WMMR\build\src\MovieMakerCore\MovieMakerCore.vcxproj]
  (compiling source file '../../../src/MovieMakerCore/UI/Ribbon/RibbonSites.cpp')
      C:\Users\mcmco\Desktop\WMMR\src\MovieMakerCore\UI\Ribbon\RibbonSites.h(87,18):
      see declaration of 'RibbonList'
  
C:\Users\mcmco\Desktop\WMMR\src\MovieMakerCore\UI\Ribbon\RibbonSites.h(94,12): error C2270: 'GetItemCount': modifiers not allowed on nonmember functions [C:\Users\mcmco\Desktop\WMMR\build\src\MovieMakerCore\MovieMakerCore.vcxproj]
  (compiling source file '../../../src/MovieMakerCore/UI/Ribbon/RibbonSites.cpp')
  
C:\Users\mcmco\Desktop\WMMR\src\MovieMakerCore\UI\Ribbon\RibbonSites.h(95,5): error C4430: missing type specifier - int assumed. Note: C++ does not support default-int [C:\Users\mcmco\Desktop\WMMR\build\src\MovieMakerCore\MovieMakerCore.vcxproj]
  (compiling source file '../../../src/MovieMakerCore/UI/Ribbon/RibbonSites.cpp')
  
C:\Users\mcmco\Desktop\WMMR\src\MovieMakerCore\UI\Ribbon\RibbonSites.h(95,25): error C2143: syntax error: missing ';' before '*' [C:\Users\mcmco\Desktop\WMMR\build\src\MovieMakerCore\MovieMakerCore.vcxproj]
  (compiling source file '../../../src/MovieMakerCore/UI/Ribbon/RibbonSites.cpp')
  
C:\Users\mcmco\Desktop\WMMR\src\MovieMakerCore\UI\Ribbon\RibbonSites.h(95,27): error C2270: 'GetItem': modifiers not allowed on nonmember functions [C:\Users\mcmco\Desktop\WMMR\build\src\MovieMakerCore\MovieMakerCore.vcxproj]
  (compiling source file '../../../src/MovieMakerCore/UI/Ribbon/RibbonSites.cpp')
  
C:\Users\mcmco\Desktop\WMMR\src\MovieMakerCore\UI\Ribbon\RibbonApp.h(137,1): error C2059: syntax error: '}' [C:\Users\mcmco\Desktop\WMMR\build\src\MovieMakerCore\MovieMakerCore.vcxproj]
  (compiling source file '../../../src/MovieMakerCore/UI/Ribbon/RibbonApp.cpp')
  
C:\Users\mcmco\Desktop\WMMR\src\MovieMakerCore\UI\Ribbon\RibbonSites.h(95,27): error C4430: missing type specifier - int assumed. Note: C++ does not support default-int [C:\Users\mcmco\Desktop\WMMR\build\src\MovieMakerCore\MovieMakerCore.vcxproj]
  (compiling source file '../../../src/MovieMakerCore/UI/Ribbon/RibbonSites.cpp')
  
C:\Users\mcmco\Desktop\WMMR\src\MovieMakerCore\UI\Ribbon\RibbonApp.h(137,1): error C2143: syntax error: missing ';' before '}' [C:\Users\mcmco\Desktop\WMMR\build\src\MovieMakerCore\MovieMakerCore.vcxproj]
  (compiling source file '../../../src/MovieMakerCore/UI/Ribbon/RibbonApp.cpp')
  
C:\Users\mcmco\Desktop\WMMR\src\MovieMakerCore\UI\Ribbon\RibbonSites.h(96,19): error C2143: syntax error: missing ';' before '*' [C:\Users\mcmco\Desktop\WMMR\build\src\MovieMakerCore\MovieMakerCore.vcxproj]
  (compiling source file '../../../src/MovieMakerCore/UI/Ribbon/RibbonSites.cpp')
  
C:\Users\mcmco\Desktop\WMMR\src\MovieMakerCore\UI\Ribbon\RibbonSites.h(96,5): error C4430: missing type specifier - int assumed. Note: C++ does not support default-int [C:\Users\mcmco\Desktop\WMMR\build\src\MovieMakerCore\MovieMakerCore.vcxproj]
  (compiling source file '../../../src/MovieMakerCore/UI/Ribbon/RibbonSites.cpp')
  
C:\Users\mcmco\Desktop\WMMR\src\MovieMakerCore\UI\Ribbon\RibbonApp.cpp(17,1): error C2143: syntax error: missing ';' before '{' [C:\Users\mcmco\Desktop\WMMR\build\src\MovieMakerCore\MovieMakerCore.vcxproj]
C:\Users\mcmco\Desktop\WMMR\src\MovieMakerCore\UI\Ribbon\RibbonSites.h(96,5): error C2373: 'RibbonListItem': redefinition; different type modifiers [C:\Users\mcmco\Desktop\WMMR\build\src\MovieMakerCore\MovieMakerCore.vcxproj]
  (compiling source file '../../../src/MovieMakerCore/UI/Ribbon/RibbonSites.cpp')
      C:\Users\mcmco\Desktop\WMMR\src\MovieMakerCore\UI\Ribbon\RibbonSites.h(95,11):
      see declaration of 'RibbonListItem'
  
C:\Users\mcmco\Desktop\WMMR\src\MovieMakerCore\UI\Ribbon\RibbonApp.cpp(17,1): error C2447: '{': missing function header (old-style formal list?) [C:\Users\mcmco\Desktop\WMMR\build\src\MovieMakerCore\MovieMakerCore.vcxproj]
C:\Users\mcmco\Desktop\WMMR\src\MovieMakerCore\UI\Ribbon\RibbonSites.h(96,21): error C4430: missing type specifier - int assumed. Note: C++ does not support default-int [C:\Users\mcmco\Desktop\WMMR\build\src\MovieMakerCore\MovieMakerCore.vcxproj]
  (compiling source file '../../../src/MovieMakerCore/UI/Ribbon/RibbonSites.cpp')
  
C:\Users\mcmco\Desktop\WMMR\src\MovieMakerCore\UI\Ribbon\RibbonSites.h(97,5): error C4430: missing type specifier - int assumed. Note: C++ does not support default-int [C:\Users\mcmco\Desktop\WMMR\build\src\MovieMakerCore\MovieMakerCore.vcxproj]
  (compiling source file '../../../src/MovieMakerCore/UI/Ribbon/RibbonSites.cpp')
  
C:\Users\mcmco\Desktop\WMMR\src\MovieMakerCore\UI\Ribbon\RibbonSites.h(97,25): error C2143: syntax error: missing ';' before '*' [C:\Users\mcmco\Desktop\WMMR\build\src\MovieMakerCore\MovieMakerCore.vcxproj]
  (compiling source file '../../../src/MovieMakerCore/UI/Ribbon/RibbonSites.cpp')
  
C:\Users\mcmco\Desktop\WMMR\src\MovieMakerCore\UI\Ribbon\RibbonSites.h(97,11): error C2086: 'const int RibbonListItem': redefinition [C:\Users\mcmco\Desktop\WMMR\build\src\MovieMakerCore\MovieMakerCore.vcxproj]
  (compiling source file '../../../src/MovieMakerCore/UI/Ribbon/RibbonSites.cpp')
      C:\Users\mcmco\Desktop\WMMR\src\MovieMakerCore\UI\Ribbon\RibbonSites.h(95,11):
      see declaration of 'RibbonListItem'
  
C:\Users\mcmco\Desktop\WMMR\src\MovieMakerCore\UI\Ribbon\RibbonSites.h(97,27): error C2270: 'FindItem': modifiers not allowed on nonmember functions [C:\Users\mcmco\Desktop\WMMR\build\src\MovieMakerCore\MovieMakerCore.vcxproj]
  (compiling source file '../../../src/MovieMakerCore/UI/Ribbon/RibbonSites.cpp')
  
C:\Users\mcmco\Desktop\WMMR\src\MovieMakerCore\UI\Ribbon\RibbonSites.h(97,27): error C4430: missing type specifier - int assumed. Note: C++ does not support default-int [C:\Users\mcmco\Desktop\WMMR\build\src\MovieMakerCore\MovieMakerCore.vcxproj]
  (compiling source file '../../../src/MovieMakerCore/UI/Ribbon/RibbonSites.cpp')
  
C:\Users\mcmco\Desktop\WMMR\src\MovieMakerCore\UI\Ribbon\RibbonSites.h(98,19): error C2143: syntax error: missing ';' before '*' [C:\Users\mcmco\Desktop\WMMR\build\src\MovieMakerCore\MovieMakerCore.vcxproj]
  (compiling source file '../../../src/MovieMakerCore/UI/Ribbon/RibbonSites.cpp')
  
C:\Users\mcmco\Desktop\WMMR\src\MovieMakerCore\UI\Ribbon\RibbonSites.h(98,5): error C4430: missing type specifier - int assumed. Note: C++ does not support default-int [C:\Users\mcmco\Desktop\WMMR\build\src\MovieMakerCore\MovieMakerCore.vcxproj]
  (compiling source file '../../../src/MovieMakerCore/UI/Ribbon/RibbonSites.cpp')
  
C:\Users\mcmco\Desktop\WMMR\src\MovieMakerCore\UI\Ribbon\RibbonSites.h(98,5): error C2373: 'RibbonListItem': redefinition; different type modifiers [C:\Users\mcmco\Desktop\WMMR\build\src\MovieMakerCore\MovieMakerCore.vcxproj]
  (compiling source file '../../../src/MovieMakerCore/UI/Ribbon/RibbonSites.cpp')
      C:\Users\mcmco\Desktop\WMMR\src\MovieMakerCore\UI\Ribbon\RibbonSites.h(95,11):
      see declaration of 'RibbonListItem'
  
C:\Users\mcmco\Desktop\WMMR\src\MovieMakerCore\UI\Ribbon\RibbonSites.h(98,21): error C4430: missing type specifier - int assumed. Note: C++ does not support default-int [C:\Users\mcmco\Desktop\WMMR\build\src\MovieMakerCore\MovieMakerCore.vcxproj]
  (compiling source file '../../../src/MovieMakerCore/UI/Ribbon/RibbonSites.cpp')
  
C:\Users\mcmco\Desktop\WMMR\src\MovieMakerCore\UI\Ribbon\RibbonSites.h(100,20): error C4430: missing type specifier - int assumed. Note: C++ does not support default-int [C:\Users\mcmco\Desktop\WMMR\build\src\MovieMakerCore\MovieMakerCore.vcxproj]
  (compiling source file '../../../src/MovieMakerCore/UI/Ribbon/RibbonSites.cpp')
  
C:\Users\mcmco\Desktop\WMMR\src\MovieMakerCore\UI\Ribbon\RibbonSites.h(100,40): error C2143: syntax error: missing ',' before '&' [C:\Users\mcmco\Desktop\WMMR\build\src\MovieMakerCore\MovieMakerCore.vcxproj]
  (compiling source file '../../../src/MovieMakerCore/UI/Ribbon/RibbonSites.cpp')
  
C:\Users\mcmco\Desktop\WMMR\src\MovieMakerCore\UI\Ribbon\RibbonSites.h(105,10): error C2270: 'GetSelectedItemId': modifiers not allowed on nonmember functions [C:\Users\mcmco\Desktop\WMMR\build\src\MovieMakerCore\MovieMakerCore.vcxproj]
  (compiling source file '../../../src/MovieMakerCore/UI/Ribbon/RibbonSites.cpp')
  
C:\Users\mcmco\Desktop\WMMR\src\MovieMakerCore\UI\Ribbon\RibbonSites.h(110,12): error C2270: 'GetCategoryCount': modifiers not allowed on nonmember functions [C:\Users\mcmco\Desktop\WMMR\build\src\MovieMakerCore\MovieMakerCore.vcxproj]
  (compiling source file '../../../src/MovieMakerCore/UI/Ribbon/RibbonSites.cpp')
  
C:\Users\mcmco\Desktop\WMMR\src\MovieMakerCore\UI\Ribbon\RibbonSites.h(111,5): error C4430: missing type specifier - int assumed. Note: C++ does not support default-int [C:\Users\mcmco\Desktop\WMMR\build\src\MovieMakerCore\MovieMakerCore.vcxproj]
  (compiling source file '../../../src/MovieMakerCore/UI/Ribbon/RibbonSites.cpp')
  
C:\Users\mcmco\Desktop\WMMR\src\MovieMakerCore\UI\Ribbon\RibbonSites.h(111,29): error C2143: syntax error: missing ';' before '*' [C:\Users\mcmco\Desktop\WMMR\build\src\MovieMakerCore\MovieMakerCore.vcxproj]
  (compiling source file '../../../src/MovieMakerCore/UI/Ribbon/RibbonSites.cpp')
  
C:\Users\mcmco\Desktop\WMMR\src\MovieMakerCore\UI\Ribbon\RibbonSites.h(111,11): error C2373: 'RibbonCategoryItem': redefinition; different type modifiers [C:\Users\mcmco\Desktop\WMMR\build\src\MovieMakerCore\MovieMakerCore.vcxproj]
  (compiling source file '../../../src/MovieMakerCore/UI/Ribbon/RibbonSites.cpp')
      C:\Users\mcmco\Desktop\WMMR\src\MovieMakerCore\UI\Ribbon\RibbonSites.h(65,19):
      see declaration of 'RibbonCategoryItem'
  
C:\Users\mcmco\Desktop\WMMR\src\MovieMakerCore\UI\Ribbon\RibbonSites.h(111,31): error C2270: 'GetCategory': modifiers not allowed on nonmember functions [C:\Users\mcmco\Desktop\WMMR\build\src\MovieMakerCore\MovieMakerCore.vcxproj]
  (compiling source file '../../../src/MovieMakerCore/UI/Ribbon/RibbonSites.cpp')
  
C:\Users\mcmco\Desktop\WMMR\src\MovieMakerCore\UI\Ribbon\RibbonSites.h(111,31): error C4430: missing type specifier - int assumed. Note: C++ does not support default-int [C:\Users\mcmco\Desktop\WMMR\build\src\MovieMakerCore\MovieMakerCore.vcxproj]
  (compiling source file '../../../src/MovieMakerCore/UI/Ribbon/RibbonSites.cpp')
  
C:\Users\mcmco\Desktop\WMMR\src\MovieMakerCore\UI\Ribbon\RibbonSites.h(112,24): error C4430: missing type specifier - int assumed. Note: C++ does not support default-int [C:\Users\mcmco\Desktop\WMMR\build\src\MovieMakerCore\MovieMakerCore.vcxproj]
  (compiling source file '../../../src/MovieMakerCore/UI/Ribbon/RibbonSites.cpp')
  
C:\Users\mcmco\Desktop\WMMR\src\MovieMakerCore\UI\Ribbon\RibbonSites.h(112,48): error C2143: syntax error: missing ',' before '&' [C:\Users\mcmco\Desktop\WMMR\build\src\MovieMakerCore\MovieMakerCore.vcxproj]
  (compiling source file '../../../src/MovieMakerCore/UI/Ribbon/RibbonSites.cpp')
  
C:\Users\mcmco\Desktop\WMMR\src\MovieMakerCore\UI\Ribbon\RibbonSites.h(118,1): error C2059: syntax error: 'private' [C:\Users\mcmco\Desktop\WMMR\build\src\MovieMakerCore\MovieMakerCore.vcxproj]
  (compiling source file '../../../src/MovieMakerCore/UI/Ribbon/RibbonSites.cpp')
  
C:\Users\mcmco\Desktop\WMMR\src\MovieMakerCore\UI\Ribbon\RibbonSites.h(119,10): error C2923: 'ATL::CAtlArray': 'RibbonListItem' is not a valid template type argument for parameter 'E' [C:\Users\mcmco\Desktop\WMMR\build\src\MovieMakerCore\MovieMakerCore.vcxproj]
  (compiling source file '../../../src/MovieMakerCore/UI/Ribbon/RibbonSites.cpp')
      C:\Users\mcmco\Desktop\WMMR\src\MovieMakerCore\UI\Ribbon\RibbonSites.h(95,11):
      see declaration of 'RibbonListItem'
  
C:\Users\mcmco\Desktop\WMMR\src\MovieMakerCore\UI\Ribbon\RibbonSites.h(119,10): error C2976: 'ATL::CAtlArray': too few template arguments [C:\Users\mcmco\Desktop\WMMR\build\src\MovieMakerCore\MovieMakerCore.vcxproj]
  (compiling source file '../../../src/MovieMakerCore/UI/Ribbon/RibbonSites.cpp')
      C:\Program Files (x86)\Microsoft Visual Studio\2022\BuildTools\VC\Tools\MSVC\14.44.35207\atlmfc\include\atlcoll.h(530,7):
      see declaration of 'ATL::CAtlArray'
  
C:\Users\mcmco\Desktop\WMMR\src\MovieMakerCore\UI\Ribbon\RibbonSites.h(119,41): error C2133: 'm_arrItems': unknown size [C:\Users\mcmco\Desktop\WMMR\build\src\MovieMakerCore\MovieMakerCore.vcxproj]
  (compiling source file '../../../src/MovieMakerCore/UI/Ribbon/RibbonSites.cpp')
  
C:\Users\mcmco\Desktop\WMMR\src\MovieMakerCore\UI\Ribbon\RibbonSites.h(119,41): error C2512: 'ATL::CAtlArray': no appropriate default constructor available [C:\Users\mcmco\Desktop\WMMR\build\src\MovieMakerCore\MovieMakerCore.vcxproj]
  (compiling source file '../../../src/MovieMakerCore/UI/Ribbon/RibbonSites.cpp')
      C:\Program Files (x86)\Microsoft Visual Studio\2022\BuildTools\VC\Tools\MSVC\14.44.35207\atlmfc\include\atlcoll.h(530,7):
      see declaration of 'ATL::CAtlArray'
  
C:\Users\mcmco\Desktop\WMMR\src\MovieMakerCore\UI\Ribbon\RibbonSites.h(120,10): error C2923: 'ATL::CAtlArray': 'RibbonCategoryItem' is not a valid template type argument for parameter 'E' [C:\Users\mcmco\Desktop\WMMR\build\src\MovieMakerCore\MovieMakerCore.vcxproj]
  (compiling source file '../../../src/MovieMakerCore/UI/Ribbon/RibbonSites.cpp')
      C:\Users\mcmco\Desktop\WMMR\src\MovieMakerCore\UI\Ribbon\RibbonSites.h(65,19):
      see declaration of 'RibbonCategoryItem'
  
C:\Users\mcmco\Desktop\WMMR\src\MovieMakerCore\UI\Ribbon\RibbonSites.h(120,10): error C2976: 'ATL::CAtlArray': too few template arguments [C:\Users\mcmco\Desktop\WMMR\build\src\MovieMakerCore\MovieMakerCore.vcxproj]
  (compiling source file '../../../src/MovieMakerCore/UI/Ribbon/RibbonSites.cpp')
      C:\Program Files (x86)\Microsoft Visual Studio\2022\BuildTools\VC\Tools\MSVC\14.44.35207\atlmfc\include\atlcoll.h(530,7):
      see declaration of 'ATL::CAtlArray'
  
C:\Users\mcmco\Desktop\WMMR\src\MovieMakerCore\UI\Ribbon\RibbonSites.h(120,41): error C2133: 'm_arrCategories': unknown size [C:\Users\mcmco\Desktop\WMMR\build\src\MovieMakerCore\MovieMakerCore.vcxproj]
  (compiling source file '../../../src/MovieMakerCore/UI/Ribbon/RibbonSites.cpp')
  
C:\Users\mcmco\Desktop\WMMR\src\MovieMakerCore\UI\Ribbon\RibbonSites.h(120,41): error C2512: 'ATL::CAtlArray': no appropriate default constructor available [C:\Users\mcmco\Desktop\WMMR\build\src\MovieMakerCore\MovieMakerCore.vcxproj]
  (compiling source file '../../../src/MovieMakerCore/UI/Ribbon/RibbonSites.cpp')
      C:\Program Files (x86)\Microsoft Visual Studio\2022\BuildTools\VC\Tools\MSVC\14.44.35207\atlmfc\include\atlcoll.h(530,7):
      see declaration of 'ATL::CAtlArray'
  
C:\Users\mcmco\Desktop\WMMR\src\MovieMakerCore\UI\Ribbon\RibbonSites.h(122,1): error C2059: syntax error: '}' [C:\Users\mcmco\Desktop\WMMR\build\src\MovieMakerCore\MovieMakerCore.vcxproj]
  (compiling source file '../../../src/MovieMakerCore/UI/Ribbon/RibbonSites.cpp')
  
C:\Users\mcmco\Desktop\WMMR\src\MovieMakerCore\UI\Ribbon\RibbonSites.h(122,1): error C2143: syntax error: missing ';' before '}' [C:\Users\mcmco\Desktop\WMMR\build\src\MovieMakerCore\MovieMakerCore.vcxproj]
  (compiling source file '../../../src/MovieMakerCore/UI/Ribbon/RibbonSites.cpp')
  
C:\Users\mcmco\Desktop\WMMR\src\MovieMakerCore\UI\Ribbon\RibbonSites.h(134,7): warning C4099: 'RIBBON_API': type name first seen using 'struct' now seen using 'class' [C:\Users\mcmco\Desktop\WMMR\build\src\MovieMakerCore\MovieMakerCore.vcxproj]
  (compiling source file '../../../src/MovieMakerCore/UI/Ribbon/RibbonSites.cpp')
      C:\Users\mcmco\Desktop\WMMR\src\MovieMakerCore\UI\Ribbon\RibbonSites.h(65,8):
      see declaration of 'RIBBON_API'
  
C:\Users\mcmco\Desktop\WMMR\src\MovieMakerCore\UI\Ribbon\RibbonSites.h(134,18): error C2079: 'RibbonCategoryList' uses undefined struct 'RIBBON_API' [C:\Users\mcmco\Desktop\WMMR\build\src\MovieMakerCore\MovieMakerCore.vcxproj]
  (compiling source file '../../../src/MovieMakerCore/UI/Ribbon/RibbonSites.cpp')
  
C:\Users\mcmco\Desktop\WMMR\src\MovieMakerCore\UI\Ribbon\RibbonSites.h(136,1): error C2059: syntax error: 'public' [C:\Users\mcmco\Desktop\WMMR\build\src\MovieMakerCore\MovieMakerCore.vcxproj]
  (compiling source file '../../../src/MovieMakerCore/UI/Ribbon/RibbonSites.cpp')
  
C:\Users\mcmco\Desktop\WMMR\src\MovieMakerCore\UI\Ribbon\RibbonSites.h(138,6): error C2588: '::~RibbonCategoryList': illegal global destructor [C:\Users\mcmco\Desktop\WMMR\build\src\MovieMakerCore\MovieMakerCore.vcxproj]
  (compiling source file '../../../src/MovieMakerCore/UI/Ribbon/RibbonSites.cpp')
  
C:\Users\mcmco\Desktop\WMMR\src\MovieMakerCore\UI\Ribbon\RibbonSites.h(138,6): error C4430: missing type specifier - int assumed. Note: C++ does not support default-int [C:\Users\mcmco\Desktop\WMMR\build\src\MovieMakerCore\MovieMakerCore.vcxproj]
  (compiling source file '../../../src/MovieMakerCore/UI/Ribbon/RibbonSites.cpp')
  
C:\Users\mcmco\Desktop\WMMR\src\MovieMakerCore\UI\Ribbon\RibbonSites.h(138,6): error C2365: 'RibbonCategoryList': redefinition; previous definition was 'data variable' [C:\Users\mcmco\Desktop\WMMR\build\src\MovieMakerCore\MovieMakerCore.vcxproj]
  (compiling source file '../../../src/MovieMakerCore/UI/Ribbon/RibbonSites.cpp')
      C:\Users\mcmco\Desktop\WMMR\src\MovieMakerCore\UI\Ribbon\RibbonSites.h(134,18):
      see declaration of 'RibbonCategoryList'
  
C:\Users\mcmco\Desktop\WMMR\src\MovieMakerCore\UI\Ribbon\RibbonSites.h(140,12): error C2270: 'GetCategoryCount': modifiers not allowed on nonmember functions [C:\Users\mcmco\Desktop\WMMR\build\src\MovieMakerCore\MovieMakerCore.vcxproj]
  (compiling source file '../../../src/MovieMakerCore/UI/Ribbon/RibbonSites.cpp')
  
C:\Users\mcmco\Desktop\WMMR\src\MovieMakerCore\UI\Ribbon\RibbonSites.h(141,5): error C4430: missing type specifier - int assumed. Note: C++ does not support default-int [C:\Users\mcmco\Desktop\WMMR\build\src\MovieMakerCore\MovieMakerCore.vcxproj]
  (compiling source file '../../../src/MovieMakerCore/UI/Ribbon/RibbonSites.cpp')
  
C:\Users\mcmco\Desktop\WMMR\src\MovieMakerCore\UI\Ribbon\RibbonSites.h(141,29): error C2143: syntax error: missing ';' before '*' [C:\Users\mcmco\Desktop\WMMR\build\src\MovieMakerCore\MovieMakerCore.vcxproj]
  (compiling source file '../../../src/MovieMakerCore/UI/Ribbon/RibbonSites.cpp')
  
C:\Users\mcmco\Desktop\WMMR\src\MovieMakerCore\UI\Ribbon\RibbonSites.h(141,11): error C2373: 'RibbonCategoryItem': redefinition; different type modifiers [C:\Users\mcmco\Desktop\WMMR\build\src\MovieMakerCore\MovieMakerCore.vcxproj]
  (compiling source file '../../../src/MovieMakerCore/UI/Ribbon/RibbonSites.cpp')
      C:\Users\mcmco\Desktop\WMMR\src\MovieMakerCore\UI\Ribbon\RibbonSites.h(65,19):
      see declaration of 'RibbonCategoryItem'
  
C:\Users\mcmco\Desktop\WMMR\src\MovieMakerCore\UI\Ribbon\RibbonSites.h(141,31): error C2270: 'GetCategory': modifiers not allowed on nonmember functions [C:\Users\mcmco\Desktop\WMMR\build\src\MovieMakerCore\MovieMakerCore.vcxproj]
  (compiling source file '../../../src/MovieMakerCore/UI/Ribbon/RibbonSites.cpp')
  
C:\Users\mcmco\Desktop\WMMR\src\MovieMakerCore\UI\Ribbon\RibbonSites.h(141,31): error C4430: missing type specifier - int assumed. Note: C++ does not support default-int [C:\Users\mcmco\Desktop\WMMR\build\src\MovieMakerCore\MovieMakerCore.vcxproj]
  (compiling source file '../../../src/MovieMakerCore/UI/Ribbon/RibbonSites.cpp')
  
C:\Users\mcmco\Desktop\WMMR\src\MovieMakerCore\UI\Ribbon\RibbonSites.h(142,23): error C2143: syntax error: missing ';' before '*' [C:\Users\mcmco\Desktop\WMMR\build\src\MovieMakerCore\MovieMakerCore.vcxproj]
  (compiling source file '../../../src/MovieMakerCore/UI/Ribbon/RibbonSites.cpp')
  
C:\Users\mcmco\Desktop\WMMR\src\MovieMakerCore\UI\Ribbon\RibbonSites.h(142,5): error C4430: missing type specifier - int assumed. Note: C++ does not support default-int [C:\Users\mcmco\Desktop\WMMR\build\src\MovieMakerCore\MovieMakerCore.vcxproj]
  (compiling source file '../../../src/MovieMakerCore/UI/Ribbon/RibbonSites.cpp')
  
C:\Users\mcmco\Desktop\WMMR\src\MovieMakerCore\UI\Ribbon\RibbonSites.h(142,5): error C2086: '<error type> RibbonCategoryItem': redefinition [C:\Users\mcmco\Desktop\WMMR\build\src\MovieMakerCore\MovieMakerCore.vcxproj]
  (compiling source file '../../../src/MovieMakerCore/UI/Ribbon/RibbonSites.cpp')
      C:\Users\mcmco\Desktop\WMMR\src\MovieMakerCore\UI\Ribbon\RibbonSites.h(65,19):
      see declaration of 'RibbonCategoryItem'
  
C:\Users\mcmco\Desktop\WMMR\src\MovieMakerCore\UI\Ribbon\RibbonSites.h(142,25): error C4430: missing type specifier - int assumed. Note: C++ does not support default-int [C:\Users\mcmco\Desktop\WMMR\build\src\MovieMakerCore\MovieMakerCore.vcxproj]
  (compiling source file '../../../src/MovieMakerCore/UI/Ribbon/RibbonSites.cpp')
  
C:\Users\mcmco\Desktop\WMMR\src\MovieMakerCore\UI\Ribbon\RibbonSites.h(144,24): error C4430: missing type specifier - int assumed. Note: C++ does not support default-int [C:\Users\mcmco\Desktop\WMMR\build\src\MovieMakerCore\MovieMakerCore.vcxproj]
  (compiling source file '../../../src/MovieMakerCore/UI/Ribbon/RibbonSites.cpp')
  
C:\Users\mcmco\Desktop\WMMR\src\MovieMakerCore\UI\Ribbon\RibbonSites.h(144,48): error C2143: syntax error: missing ',' before '&' [C:\Users\mcmco\Desktop\WMMR\build\src\MovieMakerCore\MovieMakerCore.vcxproj]
  (compiling source file '../../../src/MovieMakerCore/UI/Ribbon/RibbonSites.cpp')
  
C:\Users\mcmco\Desktop\WMMR\src\MovieMakerCore\UI\Ribbon\RibbonSites.h(148,5): error C4430: missing type specifier - int assumed. Note: C++ does not support default-int [C:\Users\mcmco\Desktop\WMMR\build\src\MovieMakerCore\MovieMakerCore.vcxproj]
  (compiling source file '../../../src/MovieMakerCore/UI/Ribbon/RibbonSites.cpp')
  
C:\Users\mcmco\Desktop\WMMR\src\MovieMakerCore\UI\Ribbon\RibbonSites.h(148,29): error C2143: syntax error: missing ';' before '*' [C:\Users\mcmco\Desktop\WMMR\build\src\MovieMakerCore\MovieMakerCore.vcxproj]
  (compiling source file '../../../src/MovieMakerCore/UI/Ribbon/RibbonSites.cpp')
  
C:\Users\mcmco\Desktop\WMMR\src\MovieMakerCore\UI\Ribbon\RibbonSites.h(148,11): error C2373: 'RibbonCategoryItem': redefinition; different type modifiers [C:\Users\mcmco\Desktop\WMMR\build\src\MovieMakerCore\MovieMakerCore.vcxproj]
  (compiling source file '../../../src/MovieMakerCore/UI/Ribbon/RibbonSites.cpp')
      C:\Users\mcmco\Desktop\WMMR\src\MovieMakerCore\UI\Ribbon\RibbonSites.h(65,19):
      see declaration of 'RibbonCategoryItem'
  
C:\Users\mcmco\Desktop\WMMR\src\MovieMakerCore\UI\Ribbon\RibbonSites.h(148,31): error C2270: 'FindCategory': modifiers not allowed on nonmember functions [C:\Users\mcmco\Desktop\WMMR\build\src\MovieMakerCore\MovieMakerCore.vcxproj]
  (compiling source file '../../../src/MovieMakerCore/UI/Ribbon/RibbonSites.cpp')
  
C:\Users\mcmco\Desktop\WMMR\src\MovieMakerCore\UI\Ribbon\RibbonSites.h(148,31): error C4430: missing type specifier - int assumed. Note: C++ does not support default-int [C:\Users\mcmco\Desktop\WMMR\build\src\MovieMakerCore\MovieMakerCore.vcxproj]
  (compiling source file '../../../src/MovieMakerCore/UI/Ribbon/RibbonSites.cpp')
  
C:\Users\mcmco\Desktop\WMMR\src\MovieMakerCore\UI\Ribbon\RibbonSites.h(150,1): error C2059: syntax error: 'private' [C:\Users\mcmco\Desktop\WMMR\build\src\MovieMakerCore\MovieMakerCore.vcxproj]
  (compiling source file '../../../src/MovieMakerCore/UI/Ribbon/RibbonSites.cpp')
  
C:\Users\mcmco\Desktop\WMMR\src\MovieMakerCore\UI\Ribbon\RibbonSites.h(151,10): error C2923: 'ATL::CAtlArray': 'RibbonCategoryItem' is not a valid template type argument for parameter 'E' [C:\Users\mcmco\Desktop\WMMR\build\src\MovieMakerCore\MovieMakerCore.vcxproj]
  (compiling source file '../../../src/MovieMakerCore/UI/Ribbon/RibbonSites.cpp')
      C:\Users\mcmco\Desktop\WMMR\src\MovieMakerCore\UI\Ribbon\RibbonSites.h(65,19):
      see declaration of 'RibbonCategoryItem'
  
C:\Users\mcmco\Desktop\WMMR\src\MovieMakerCore\UI\Ribbon\RibbonSites.h(151,10): error C2976: 'ATL::CAtlArray': too few template arguments [C:\Users\mcmco\Desktop\WMMR\build\src\MovieMakerCore\MovieMakerCore.vcxproj]
  (compiling source file '../../../src/MovieMakerCore/UI/Ribbon/RibbonSites.cpp')
      C:\Program Files (x86)\Microsoft Visual Studio\2022\BuildTools\VC\Tools\MSVC\14.44.35207\atlmfc\include\atlcoll.h(530,7):
      see declaration of 'ATL::CAtlArray'
  
C:\Users\mcmco\Desktop\WMMR\src\MovieMakerCore\UI\Ribbon\RibbonSites.h(151,40): error C2086: 'ATL::CAtlArray m_arrCategories': redefinition [C:\Users\mcmco\Desktop\WMMR\build\src\MovieMakerCore\MovieMakerCore.vcxproj]
  (compiling source file '../../../src/MovieMakerCore/UI/Ribbon/RibbonSites.cpp')
      C:\Users\mcmco\Desktop\WMMR\src\MovieMakerCore\UI\Ribbon\RibbonSites.h(120,41):
      see declaration of 'm_arrCategories'
  
C:\Users\mcmco\Desktop\WMMR\src\MovieMakerCore\UI\Ribbon\RibbonSites.h(152,1): error C2059: syntax error: '}' [C:\Users\mcmco\Desktop\WMMR\build\src\MovieMakerCore\MovieMakerCore.vcxproj]
  (compiling source file '../../../src/MovieMakerCore/UI/Ribbon/RibbonSites.cpp')
  
C:\Users\mcmco\Desktop\WMMR\src\MovieMakerCore\UI\Ribbon\RibbonSites.h(152,1): error C2143: syntax error: missing ';' before '}' [C:\Users\mcmco\Desktop\WMMR\build\src\MovieMakerCore\MovieMakerCore.vcxproj]
  (compiling source file '../../../src/MovieMakerCore/UI/Ribbon/RibbonSites.cpp')
  
C:\Users\mcmco\Desktop\WMMR\src\MovieMakerCore\UI\Ribbon\RibbonSites.h(160,19): error C2079: 'CMRUItem' uses undefined struct 'RIBBON_API' [C:\Users\mcmco\Desktop\WMMR\build\src\MovieMakerCore\MovieMakerCore.vcxproj]
  (compiling source file '../../../src/MovieMakerCore/UI/Ribbon/RibbonSites.cpp')
  
C:\Users\mcmco\Desktop\WMMR\src\MovieMakerCore\UI\Ribbon\RibbonSites.h(162,10): error C2275: 'ATL::CString': expected an expression instead of a type [C:\Users\mcmco\Desktop\WMMR\build\src\MovieMakerCore\MovieMakerCore.vcxproj]
  (compiling source file '../../../src/MovieMakerCore/UI/Ribbon/RibbonSites.cpp')
  
C:\Users\mcmco\Desktop\WMMR\src\MovieMakerCore\UI\Ribbon\RibbonSites.h(162,18): error C2146: syntax error: missing ')' before identifier 'strFilePath' [C:\Users\mcmco\Desktop\WMMR\build\src\MovieMakerCore\MovieMakerCore.vcxproj]
  (compiling source file '../../../src/MovieMakerCore/UI/Ribbon/RibbonSites.cpp')
  
C:\Users\mcmco\Desktop\WMMR\src\MovieMakerCore\UI\Ribbon\RibbonSites.h(163,18): error C2550: 'void __cdecl `dynamic initializer for 'strDisplayName''(void)': constructor initializer lists are only allowed on constructor definitions [C:\Users\mcmco\Desktop\WMMR\build\src\MovieMakerCore\MovieMakerCore.vcxproj]
  (compiling source file '../../../src/MovieMakerCore/UI/Ribbon/RibbonSites.cpp')
  
C:\Users\mcmco\Desktop\WMMR\src\MovieMakerCore\UI\Ribbon\RibbonSites.h(167,5): error C4430: missing type specifier - int assumed. Note: C++ does not support default-int [C:\Users\mcmco\Desktop\WMMR\build\src\MovieMakerCore\MovieMakerCore.vcxproj]
  (compiling source file '../../../src/MovieMakerCore/UI/Ribbon/RibbonSites.cpp')
  
C:\Users\mcmco\Desktop\WMMR\src\MovieMakerCore\UI\Ribbon\RibbonSites.h(167,5): error C2365: 'CMRUItem': redefinition; previous definition was 'data variable' [C:\Users\mcmco\Desktop\WMMR\build\src\MovieMakerCore\MovieMakerCore.vcxproj]
  (compiling source file '../../../src/MovieMakerCore/UI/Ribbon/RibbonSites.cpp')
      C:\Users\mcmco\Desktop\WMMR\src\MovieMakerCore\UI\Ribbon\RibbonSites.h(160,19):
      see declaration of 'CMRUItem'
  
C:\Users\mcmco\Desktop\WMMR\src\MovieMakerCore\UI\Ribbon\RibbonSites.h(169,5): error C2550: 'CMRUItem': constructor initializer lists are only allowed on constructor definitions [C:\Users\mcmco\Desktop\WMMR\build\src\MovieMakerCore\MovieMakerCore.vcxproj]
  (compiling source file '../../../src/MovieMakerCore/UI/Ribbon/RibbonSites.cpp')
  
C:\Users\mcmco\Desktop\WMMR\src\MovieMakerCore\UI\Ribbon\RibbonSites.h(173,1): error C2059: syntax error: '}' [C:\Users\mcmco\Desktop\WMMR\build\src\MovieMakerCore\MovieMakerCore.vcxproj]
  (compiling source file '../../../src/MovieMakerCore/UI/Ribbon/RibbonSites.cpp')
  
C:\Users\mcmco\Desktop\WMMR\src\MovieMakerCore\UI\Ribbon\RibbonSites.h(173,1): error C2143: syntax error: missing ';' before '}' [C:\Users\mcmco\Desktop\WMMR\build\src\MovieMakerCore\MovieMakerCore.vcxproj]
  (compiling source file '../../../src/MovieMakerCore/UI/Ribbon/RibbonSites.cpp')
  
C:\Users\mcmco\Desktop\WMMR\src\MovieMakerCore\UI\Ribbon\RibbonSites.h(175,7): warning C4099: 'RIBBON_API': type name first seen using 'struct' now seen using 'class' [C:\Users\mcmco\Desktop\WMMR\build\src\MovieMakerCore\MovieMakerCore.vcxproj]
  (compiling source file '../../../src/MovieMakerCore/UI/Ribbon/RibbonSites.cpp')
      C:\Users\mcmco\Desktop\WMMR\src\MovieMakerCore\UI\Ribbon\RibbonSites.h(65,8):
      see declaration of 'RIBBON_API'
  
C:\Users\mcmco\Desktop\WMMR\src\MovieMakerCore\UI\Ribbon\RibbonSites.h(175,18): error C2079: 'CMRUSite' uses undefined struct 'RIBBON_API' [C:\Users\mcmco\Desktop\WMMR\build\src\MovieMakerCore\MovieMakerCore.vcxproj]
  (compiling source file '../../../src/MovieMakerCore/UI/Ribbon/RibbonSites.cpp')
  
C:\Users\mcmco\Desktop\WMMR\src\MovieMakerCore\UI\Ribbon\RibbonSites.h(177,1): error C2059: syntax error: 'public' [C:\Users\mcmco\Desktop\WMMR\build\src\MovieMakerCore\MovieMakerCore.vcxproj]
  (compiling source file '../../../src/MovieMakerCore/UI/Ribbon/RibbonSites.cpp')
  
C:\Users\mcmco\Desktop\WMMR\src\MovieMakerCore\UI\Ribbon\RibbonSites.h(179,6): error C2588: '::~CMRUSite': illegal global destructor [C:\Users\mcmco\Desktop\WMMR\build\src\MovieMakerCore\MovieMakerCore.vcxproj]
  (compiling source file '../../../src/MovieMakerCore/UI/Ribbon/RibbonSites.cpp')
  
C:\Users\mcmco\Desktop\WMMR\src\MovieMakerCore\UI\Ribbon\RibbonSites.h(179,6): error C4430: missing type specifier - int assumed. Note: C++ does not support default-int [C:\Users\mcmco\Desktop\WMMR\build\src\MovieMakerCore\MovieMakerCore.vcxproj]
  (compiling source file '../../../src/MovieMakerCore/UI/Ribbon/RibbonSites.cpp')
  
C:\Users\mcmco\Desktop\WMMR\src\MovieMakerCore\UI\Ribbon\RibbonSites.h(179,6): error C2365: 'CMRUSite': redefinition; previous definition was 'data variable' [C:\Users\mcmco\Desktop\WMMR\build\src\MovieMakerCore\MovieMakerCore.vcxproj]
  (compiling source file '../../../src/MovieMakerCore/UI/Ribbon/RibbonSites.cpp')
      C:\Users\mcmco\Desktop\WMMR\src\MovieMakerCore\UI\Ribbon\RibbonSites.h(175,18):
      see declaration of 'CMRUSite'
  
C:\Users\mcmco\Desktop\WMMR\src\MovieMakerCore\UI\Ribbon\RibbonSites.h(186,12): error C2270: 'GetItemCount': modifiers not allowed on nonmember functions [C:\Users\mcmco\Desktop\WMMR\build\src\MovieMakerCore\MovieMakerCore.vcxproj]
  (compiling source file '../../../src/MovieMakerCore/UI/Ribbon/RibbonSites.cpp')
  
C:\Users\mcmco\Desktop\WMMR\src\MovieMakerCore\UI\Ribbon\RibbonSites.h(187,5): error C4430: missing type specifier - int assumed. Note: C++ does not support default-int [C:\Users\mcmco\Desktop\WMMR\build\src\MovieMakerCore\MovieMakerCore.vcxproj]
  (compiling source file '../../../src/MovieMakerCore/UI/Ribbon/RibbonSites.cpp')
  
C:\Users\mcmco\Desktop\WMMR\src\MovieMakerCore\UI\Ribbon\RibbonSites.h(187,19): error C2143: syntax error: missing ';' before '*' [C:\Users\mcmco\Desktop\WMMR\build\src\MovieMakerCore\MovieMakerCore.vcxproj]
  (compiling source file '../../../src/MovieMakerCore/UI/Ribbon/RibbonSites.cpp')
  
C:\Users\mcmco\Desktop\WMMR\src\MovieMakerCore\UI\Ribbon\RibbonSites.h(187,11): error C2373: 'CMRUItem': redefinition; different type modifiers [C:\Users\mcmco\Desktop\WMMR\build\src\MovieMakerCore\MovieMakerCore.vcxproj]
  (compiling source file '../../../src/MovieMakerCore/UI/Ribbon/RibbonSites.cpp')
      C:\Users\mcmco\Desktop\WMMR\src\MovieMakerCore\UI\Ribbon\RibbonSites.h(160,19):
      see declaration of 'CMRUItem'
  
C:\Users\mcmco\Desktop\WMMR\src\MovieMakerCore\UI\Ribbon\RibbonSites.h(187,21): error C2270: 'GetItem': modifiers not allowed on nonmember functions [C:\Users\mcmco\Desktop\WMMR\build\src\MovieMakerCore\MovieMakerCore.vcxproj]
  (compiling source file '../../../src/MovieMakerCore/UI/Ribbon/RibbonSites.cpp')
  
C:\Users\mcmco\Desktop\WMMR\src\MovieMakerCore\UI\Ribbon\RibbonSites.h(187,21): error C4430: missing type specifier - int assumed. Note: C++ does not support default-int [C:\Users\mcmco\Desktop\WMMR\build\src\MovieMakerCore\MovieMakerCore.vcxproj]
  (compiling source file '../../../src/MovieMakerCore/UI/Ribbon/RibbonSites.cpp')
  
C:\Users\mcmco\Desktop\WMMR\src\MovieMakerCore\UI\Ribbon\RibbonSites.h(194,5): error C4430: missing type specifier - int assumed. Note: C++ does not support default-int [C:\Users\mcmco\Desktop\WMMR\build\src\MovieMakerCore\MovieMakerCore.vcxproj]
  (compiling source file '../../../src/MovieMakerCore/UI/Ribbon/RibbonSites.cpp')
  
C:\Users\mcmco\Desktop\WMMR\src\MovieMakerCore\UI\Ribbon\RibbonSites.h(194,19): error C2143: syntax error: missing ';' before '*' [C:\Users\mcmco\Desktop\WMMR\build\src\MovieMakerCore\MovieMakerCore.vcxproj]
  (compiling source file '../../../src/MovieMakerCore/UI/Ribbon/RibbonSites.cpp')
  
C:\Users\mcmco\Desktop\WMMR\src\MovieMakerCore\UI\Ribbon\RibbonSites.h(194,11): error C2373: 'CMRUItem': redefinition; different type modifiers [C:\Users\mcmco\Desktop\WMMR\build\src\MovieMakerCore\MovieMakerCore.vcxproj]
  (compiling source file '../../../src/MovieMakerCore/UI/Ribbon/RibbonSites.cpp')
      C:\Users\mcmco\Desktop\WMMR\src\MovieMakerCore\UI\Ribbon\RibbonSites.h(160,19):
      see declaration of 'CMRUItem'
  
C:\Users\mcmco\Desktop\WMMR\src\MovieMakerCore\UI\Ribbon\RibbonSites.h(194,21): error C2270: 'FindItem': modifiers not allowed on nonmember functions [C:\Users\mcmco\Desktop\WMMR\build\src\MovieMakerCore\MovieMakerCore.vcxproj]
  (compiling source file '../../../src/MovieMakerCore/UI/Ribbon/RibbonSites.cpp')
  
C:\Users\mcmco\Desktop\WMMR\src\MovieMakerCore\UI\Ribbon\RibbonSites.h(194,21): error C4430: missing type specifier - int assumed. Note: C++ does not support default-int [C:\Users\mcmco\Desktop\WMMR\build\src\MovieMakerCore\MovieMakerCore.vcxproj]
  (compiling source file '../../../src/MovieMakerCore/UI/Ribbon/RibbonSites.cpp')
  
C:\Users\mcmco\Desktop\WMMR\src\MovieMakerCore\UI\Ribbon\RibbonSites.h(202,10): error C2270: 'IsPinned': modifiers not allowed on nonmember functions [C:\Users\mcmco\Desktop\WMMR\build\src\MovieMakerCore\MovieMakerCore.vcxproj]
  (compiling source file '../../../src/MovieMakerCore/UI/Ribbon/RibbonSites.cpp')
  
C:\Users\mcmco\Desktop\WMMR\src\MovieMakerCore\UI\Ribbon\RibbonSites.h(204,1): error C2059: syntax error: 'private' [C:\Users\mcmco\Desktop\WMMR\build\src\MovieMakerCore\MovieMakerCore.vcxproj]
  (compiling source file '../../../src/MovieMakerCore/UI/Ribbon/RibbonSites.cpp')
  
C:\Users\mcmco\Desktop\WMMR\src\MovieMakerCore\UI\Ribbon\RibbonSites.h(205,10): error C2923: 'ATL::CAtlArray': 'CMRUItem' is not a valid template type argument for parameter 'E' [C:\Users\mcmco\Desktop\WMMR\build\src\MovieMakerCore\MovieMakerCore.vcxproj]
  (compiling source file '../../../src/MovieMakerCore/UI/Ribbon/RibbonSites.cpp')
      C:\Users\mcmco\Desktop\WMMR\src\MovieMakerCore\UI\Ribbon\RibbonSites.h(160,19):
      see declaration of 'CMRUItem'
  
C:\Users\mcmco\Desktop\WMMR\src\MovieMakerCore\UI\Ribbon\RibbonSites.h(205,10): error C1003: error count exceeds 100; stopping compilation [C:\Users\mcmco\Desktop\WMMR\build\src\MovieMakerCore\MovieMakerCore.vcxproj]
  (compiling source file '../../../src/MovieMakerCore/UI/Ribbon/RibbonSites.cpp')
  
  SerializationMemoryReaderWriter.cpp
  DatabasePropertyManager.cpp
  ModElements.cpp
C:\Users\mcmco\Desktop\WMMR\src\MovieMakerCore\pch.h(21,9): warning C4005: 'WINVER': macro redefinition [C:\Users\mcmco\Desktop\WMMR\build\src\MovieMakerCore\MovieMakerCore.vcxproj]
  (compiling source file '../../../src/MovieMakerCore/StoryboardManager/Serialization/SerializationMemoryReaderWriter.cpp')
      C:\Users\mcmco\Desktop\WMMR\src\MovieMakerCore\pch.h(21,9):
      'WINVER' previously declared on the command line
  
C:\Users\mcmco\Desktop\WMMR\src\MovieMakerCore\pch.h(22,9): warning C4005: '_WIN32_WINNT': macro redefinition [C:\Users\mcmco\Desktop\WMMR\build\src\MovieMakerCore\MovieMakerCore.vcxproj]
  (compiling source file '../../../src/MovieMakerCore/StoryboardManager/Serialization/SerializationMemoryReaderWriter.cpp')
      C:\Users\mcmco\Desktop\WMMR\src\MovieMakerCore\pch.h(22,9):
      '_WIN32_WINNT' previously declared on the command line
  
C:\Users\mcmco\Desktop\WMMR\src\MovieMakerCore\pch.h(30,9): warning C4005: 'WIN32_LEAN_AND_MEAN': macro redefinition [C:\Users\mcmco\Desktop\WMMR\build\src\MovieMakerCore\MovieMakerCore.vcxproj]
  (compiling source file '../../../src/MovieMakerCore/StoryboardManager/Serialization/SerializationMemoryReaderWriter.cpp')
      C:\Users\mcmco\Desktop\WMMR\src\MovieMakerCore\pch.h(30,9):
      'WIN32_LEAN_AND_MEAN' previously declared on the command line
  
C:\Users\mcmco\Desktop\WMMR\src\MovieMakerCore\pch.h(31,9): warning C4005: 'NOMINMAX': macro redefinition [C:\Users\mcmco\Desktop\WMMR\build\src\MovieMakerCore\MovieMakerCore.vcxproj]
  (compiling source file '../../../src/MovieMakerCore/StoryboardManager/Serialization/SerializationMemoryReaderWriter.cpp')
      C:\Users\mcmco\Desktop\WMMR\src\MovieMakerCore\pch.h(31,9):
      'NOMINMAX' previously declared on the command line
  
C:\Users\mcmco\Desktop\WMMR\src\MovieMakerCore\pch.h(32,9): warning C4005: '_CRT_SECURE_NO_WARNINGS': macro redefinition [C:\Users\mcmco\Desktop\WMMR\build\src\MovieMakerCore\MovieMakerCore.vcxproj]
  (compiling source file '../../../src/MovieMakerCore/StoryboardManager/Serialization/SerializationMemoryReaderWriter.cpp')
      C:\Users\mcmco\Desktop\WMMR\src\MovieMakerCore\pch.h(32,9):
      '_CRT_SECURE_NO_WARNINGS' previously declared on the command line
  
C:\Users\mcmco\Desktop\WMMR\src\MovieMakerCore\pch.h(33,9): warning C4005: '_WINDLL': macro redefinition [C:\Users\mcmco\Desktop\WMMR\build\src\MovieMakerCore\MovieMakerCore.vcxproj]
  (compiling source file '../../../src/MovieMakerCore/StoryboardManager/Serialization/SerializationMemoryReaderWriter.cpp')
      C:\Users\mcmco\Desktop\WMMR\src\MovieMakerCore\pch.h(33,9):
      '_WINDLL' previously declared on the command line
  
C:\Users\mcmco\Desktop\WMMR\src\MovieMakerCore\pch.h(34,9): warning C4005: '_AFXDLL': macro redefinition [C:\Users\mcmco\Desktop\WMMR\build\src\MovieMakerCore\MovieMakerCore.vcxproj]
  (compiling source file '../../../src/MovieMakerCore/StoryboardManager/Serialization/SerializationMemoryReaderWriter.cpp')
      C:\Users\mcmco\Desktop\WMMR\src\MovieMakerCore\pch.h(34,9):
      '_AFXDLL' previously declared on the command line
  
C:\Users\mcmco\Desktop\WMMR\src\MovieMakerCore\pch.h(35,9): warning C4005: '_ATL_CSTRING_EXPLICIT_CONSTRUCTORS': macro redefinition [C:\Users\mcmco\Desktop\WMMR\build\src\MovieMakerCore\MovieMakerCore.vcxproj]
  (compiling source file '../../../src/MovieMakerCore/StoryboardManager/Serialization/SerializationMemoryReaderWriter.cpp')
      C:\Users\mcmco\Desktop\WMMR\src\MovieMakerCore\pch.h(35,9):
      '_ATL_CSTRING_EXPLICIT_CONSTRUCTORS' previously declared on the command line
  
C:\Users\mcmco\Desktop\WMMR\src\MovieMakerCore\pch.h(36,9): warning C4005: '_ATL_ALL_WARNINGS': macro redefinition [C:\Users\mcmco\Desktop\WMMR\build\src\MovieMakerCore\MovieMakerCore.vcxproj]
  (compiling source file '../../../src/MovieMakerCore/StoryboardManager/Serialization/SerializationMemoryReaderWriter.cpp')
      C:\Users\mcmco\Desktop\WMMR\src\MovieMakerCore\pch.h(36,9):
      '_ATL_ALL_WARNINGS' previously declared on the command line
  
C:\Users\mcmco\Desktop\WMMR\src\MovieMakerCore\pch.h(21,9): warning C4005: 'WINVER': macro redefinition [C:\Users\mcmco\Desktop\WMMR\build\src\MovieMakerCore\MovieMakerCore.vcxproj]
  (compiling source file '../../../src/MovieMakerCore/StoryboardManager/Serialization/DatabasePropertyManager.cpp')
      C:\Users\mcmco\Desktop\WMMR\src\MovieMakerCore\pch.h(21,9):
      'WINVER' previously declared on the command line
  
C:\Users\mcmco\Desktop\WMMR\src\MovieMakerCore\pch.h(22,9): warning C4005: '_WIN32_WINNT': macro redefinition [C:\Users\mcmco\Desktop\WMMR\build\src\MovieMakerCore\MovieMakerCore.vcxproj]
  (compiling source file '../../../src/MovieMakerCore/StoryboardManager/Serialization/DatabasePropertyManager.cpp')
      C:\Users\mcmco\Desktop\WMMR\src\MovieMakerCore\pch.h(22,9):
      '_WIN32_WINNT' previously declared on the command line
  
C:\Users\mcmco\Desktop\WMMR\src\MovieMakerCore\pch.h(30,9): warning C4005: 'WIN32_LEAN_AND_MEAN': macro redefinition [C:\Users\mcmco\Desktop\WMMR\build\src\MovieMakerCore\MovieMakerCore.vcxproj]
  (compiling source file '../../../src/MovieMakerCore/StoryboardManager/Serialization/DatabasePropertyManager.cpp')
      C:\Users\mcmco\Desktop\WMMR\src\MovieMakerCore\pch.h(30,9):
      'WIN32_LEAN_AND_MEAN' previously declared on the command line
  
C:\Users\mcmco\Desktop\WMMR\src\MovieMakerCore\pch.h(31,9): warning C4005: 'NOMINMAX': macro redefinition [C:\Users\mcmco\Desktop\WMMR\build\src\MovieMakerCore\MovieMakerCore.vcxproj]
  (compiling source file '../../../src/MovieMakerCore/StoryboardManager/Serialization/DatabasePropertyManager.cpp')
      C:\Users\mcmco\Desktop\WMMR\src\MovieMakerCore\pch.h(31,9):
      'NOMINMAX' previously declared on the command line
  
C:\Users\mcmco\Desktop\WMMR\src\MovieMakerCore\pch.h(32,9): warning C4005: '_CRT_SECURE_NO_WARNINGS': macro redefinition [C:\Users\mcmco\Desktop\WMMR\build\src\MovieMakerCore\MovieMakerCore.vcxproj]
  (compiling source file '../../../src/MovieMakerCore/StoryboardManager/Serialization/DatabasePropertyManager.cpp')
      C:\Users\mcmco\Desktop\WMMR\src\MovieMakerCore\pch.h(32,9):
      '_CRT_SECURE_NO_WARNINGS' previously declared on the command line
  
C:\Users\mcmco\Desktop\WMMR\src\MovieMakerCore\pch.h(33,9): warning C4005: '_WINDLL': macro redefinition [C:\Users\mcmco\Desktop\WMMR\build\src\MovieMakerCore\MovieMakerCore.vcxproj]
  (compiling source file '../../../src/MovieMakerCore/StoryboardManager/Serialization/DatabasePropertyManager.cpp')
      C:\Users\mcmco\Desktop\WMMR\src\MovieMakerCore\pch.h(33,9):
      '_WINDLL' previously declared on the command line
  
C:\Users\mcmco\Desktop\WMMR\src\MovieMakerCore\pch.h(34,9): warning C4005: '_AFXDLL': macro redefinition [C:\Users\mcmco\Desktop\WMMR\build\src\MovieMakerCore\MovieMakerCore.vcxproj]
  (compiling source file '../../../src/MovieMakerCore/StoryboardManager/Serialization/DatabasePropertyManager.cpp')
      C:\Users\mcmco\Desktop\WMMR\src\MovieMakerCore\pch.h(34,9):
      '_AFXDLL' previously declared on the command line
  
C:\Users\mcmco\Desktop\WMMR\src\MovieMakerCore\pch.h(35,9): warning C4005: '_ATL_CSTRING_EXPLICIT_CONSTRUCTORS': macro redefinition [C:\Users\mcmco\Desktop\WMMR\build\src\MovieMakerCore\MovieMakerCore.vcxproj]
  (compiling source file '../../../src/MovieMakerCore/StoryboardManager/Serialization/DatabasePropertyManager.cpp')
      C:\Users\mcmco\Desktop\WMMR\src\MovieMakerCore\pch.h(35,9):
      '_ATL_CSTRING_EXPLICIT_CONSTRUCTORS' previously declared on the command line
  
C:\Users\mcmco\Desktop\WMMR\src\MovieMakerCore\pch.h(36,9): warning C4005: '_ATL_ALL_WARNINGS': macro redefinition [C:\Users\mcmco\Desktop\WMMR\build\src\MovieMakerCore\MovieMakerCore.vcxproj]
  (compiling source file '../../../src/MovieMakerCore/StoryboardManager/Serialization/DatabasePropertyManager.cpp')
      C:\Users\mcmco\Desktop\WMMR\src\MovieMakerCore\pch.h(36,9):
      '_ATL_ALL_WARNINGS' previously declared on the command line
  
C:\Users\mcmco\Desktop\WMMR\src\MovieMakerCore\pch.h(21,9): warning C4005: 'WINVER': macro redefinition [C:\Users\mcmco\Desktop\WMMR\build\src\MovieMakerCore\MovieMakerCore.vcxproj]
  (compiling source file '../../../src/MovieMakerCore/StoryboardManager/Serialization/ModElements.cpp')
      C:\Users\mcmco\Desktop\WMMR\src\MovieMakerCore\pch.h(21,9):
      'WINVER' previously declared on the command line
  
C:\Users\mcmco\Desktop\WMMR\src\MovieMakerCore\pch.h(22,9): warning C4005: '_WIN32_WINNT': macro redefinition [C:\Users\mcmco\Desktop\WMMR\build\src\MovieMakerCore\MovieMakerCore.vcxproj]
  (compiling source file '../../../src/MovieMakerCore/StoryboardManager/Serialization/ModElements.cpp')
      C:\Users\mcmco\Desktop\WMMR\src\MovieMakerCore\pch.h(22,9):
      '_WIN32_WINNT' previously declared on the command line
  
C:\Users\mcmco\Desktop\WMMR\src\MovieMakerCore\pch.h(30,9): warning C4005: 'WIN32_LEAN_AND_MEAN': macro redefinition [C:\Users\mcmco\Desktop\WMMR\build\src\MovieMakerCore\MovieMakerCore.vcxproj]
  (compiling source file '../../../src/MovieMakerCore/StoryboardManager/Serialization/ModElements.cpp')
      C:\Users\mcmco\Desktop\WMMR\src\MovieMakerCore\pch.h(30,9):
      'WIN32_LEAN_AND_MEAN' previously declared on the command line
  
C:\Users\mcmco\Desktop\WMMR\src\MovieMakerCore\pch.h(31,9): warning C4005: 'NOMINMAX': macro redefinition [C:\Users\mcmco\Desktop\WMMR\build\src\MovieMakerCore\MovieMakerCore.vcxproj]
  (compiling source file '../../../src/MovieMakerCore/StoryboardManager/Serialization/ModElements.cpp')
      C:\Users\mcmco\Desktop\WMMR\src\MovieMakerCore\pch.h(31,9):
      'NOMINMAX' previously declared on the command line
  
C:\Users\mcmco\Desktop\WMMR\src\MovieMakerCore\pch.h(32,9): warning C4005: '_CRT_SECURE_NO_WARNINGS': macro redefinition [C:\Users\mcmco\Desktop\WMMR\build\src\MovieMakerCore\MovieMakerCore.vcxproj]
  (compiling source file '../../../src/MovieMakerCore/StoryboardManager/Serialization/ModElements.cpp')
      C:\Users\mcmco\Desktop\WMMR\src\MovieMakerCore\pch.h(32,9):
      '_CRT_SECURE_NO_WARNINGS' previously declared on the command line
  
C:\Users\mcmco\Desktop\WMMR\src\MovieMakerCore\pch.h(33,9): warning C4005: '_WINDLL': macro redefinition [C:\Users\mcmco\Desktop\WMMR\build\src\MovieMakerCore\MovieMakerCore.vcxproj]
  (compiling source file '../../../src/MovieMakerCore/StoryboardManager/Serialization/ModElements.cpp')
      C:\Users\mcmco\Desktop\WMMR\src\MovieMakerCore\pch.h(33,9):
      '_WINDLL' previously declared on the command line
  
C:\Users\mcmco\Desktop\WMMR\src\MovieMakerCore\pch.h(34,9): warning C4005: '_AFXDLL': macro redefinition [C:\Users\mcmco\Desktop\WMMR\build\src\MovieMakerCore\MovieMakerCore.vcxproj]
  (compiling source file '../../../src/MovieMakerCore/StoryboardManager/Serialization/ModElements.cpp')
      C:\Users\mcmco\Desktop\WMMR\src\MovieMakerCore\pch.h(34,9):
      '_AFXDLL' previously declared on the command line
  
C:\Users\mcmco\Desktop\WMMR\src\MovieMakerCore\pch.h(35,9): warning C4005: '_ATL_CSTRING_EXPLICIT_CONSTRUCTORS': macro redefinition [C:\Users\mcmco\Desktop\WMMR\build\src\MovieMakerCore\MovieMakerCore.vcxproj]
  (compiling source file '../../../src/MovieMakerCore/StoryboardManager/Serialization/ModElements.cpp')
      C:\Users\mcmco\Desktop\WMMR\src\MovieMakerCore\pch.h(35,9):
      '_ATL_CSTRING_EXPLICIT_CONSTRUCTORS' previously declared on the command line
  
C:\Users\mcmco\Desktop\WMMR\src\MovieMakerCore\pch.h(36,9): warning C4005: '_ATL_ALL_WARNINGS': macro redefinition [C:\Users\mcmco\Desktop\WMMR\build\src\MovieMakerCore\MovieMakerCore.vcxproj]
  (compiling source file '../../../src/MovieMakerCore/StoryboardManager/Serialization/ModElements.cpp')
      C:\Users\mcmco\Desktop\WMMR\src\MovieMakerCore\pch.h(36,9):
      '_ATL_ALL_WARNINGS' previously declared on the command line
  
C:\Users\mcmco\Desktop\WMMR\src\WLXPhotoBase\BaseTypes.h(536,18): warning C4251: 'Base::File::m_strPath': 'ATL::CStringT<wchar_t,ATL::StrTraitATL<wchar_t,ATL::ChTraitsCRT<wchar_t>>>' needs to have dll-interface to be used by clients of 'Base::File' [C:\Users\mcmco\Desktop\WMMR\build\src\MovieMakerCore\MovieMakerCore.vcxproj]
  (compiling source file '../../../src/MovieMakerCore/Preview/PreviewPresenter.cpp')
      C:\Program Files (x86)\Microsoft Visual Studio\2022\BuildTools\VC\Tools\MSVC\14.44.35207\atlmfc\include\cstringt.h(999,7):
      see declaration of 'ATL::CStringT<wchar_t,ATL::StrTraitATL<wchar_t,ATL::ChTraitsCRT<wchar_t>>>'
  
C:\Users\mcmco\Desktop\WMMR\src\WLXPhotoBase\BaseTypes.h(568,18): warning C4251: 'Base::TempFile::m_strPath': 'ATL::CStringT<wchar_t,ATL::StrTraitATL<wchar_t,ATL::ChTraitsCRT<wchar_t>>>' needs to have dll-interface to be used by clients of 'Base::TempFile' [C:\Users\mcmco\Desktop\WMMR\build\src\MovieMakerCore\MovieMakerCore.vcxproj]
  (compiling source file '../../../src/MovieMakerCore/Preview/PreviewPresenter.cpp')
      C:\Program Files (x86)\Microsoft Visual Studio\2022\BuildTools\VC\Tools\MSVC\14.44.35207\atlmfc\include\cstringt.h(999,7):
      see declaration of 'ATL::CStringT<wchar_t,ATL::StrTraitATL<wchar_t,ATL::ChTraitsCRT<wchar_t>>>'
  
C:\Users\mcmco\Desktop\WMMR\src\WLXPhotoBase\BaseTypes.h(661,21): warning C4251: 'Base::FindFile::m_strDirectory': 'ATL::CStringT<wchar_t,ATL::StrTraitATL<wchar_t,ATL::ChTraitsCRT<wchar_t>>>' needs to have dll-interface to be used by clients of 'Base::FindFile' [C:\Users\mcmco\Desktop\WMMR\build\src\MovieMakerCore\MovieMakerCore.vcxproj]
  (compiling source file '../../../src/MovieMakerCore/Preview/PreviewPresenter.cpp')
      C:\Program Files (x86)\Microsoft Visual Studio\2022\BuildTools\VC\Tools\MSVC\14.44.35207\atlmfc\include\cstringt.h(999,7):
      see declaration of 'ATL::CStringT<wchar_t,ATL::StrTraitATL<wchar_t,ATL::ChTraitsCRT<wchar_t>>>'
  
C:\Users\mcmco\Desktop\WMMR\src\WLXPhotoBase\BaseTypes.h(724,25): warning C4251: 'Base::IntSet::m_values': 'ATL::CAtlArray<int,ATL::CElementTraits<int>>' needs to have dll-interface to be used by clients of 'Base::IntSet' [C:\Users\mcmco\Desktop\WMMR\build\src\MovieMakerCore\MovieMakerCore.vcxproj]
  (compiling source file '../../../src/MovieMakerCore/Preview/PreviewPresenter.cpp')
      C:\Program Files (x86)\Microsoft Visual Studio\2022\BuildTools\VC\Tools\MSVC\14.44.35207\atlmfc\include\atlcoll.h(530,7):
      see declaration of 'ATL::CAtlArray<int,ATL::CElementTraits<int>>'
  
C:\Users\mcmco\Desktop\WMMR\src\MovieMakerCore\Preview\PreviewPresenter.h(50,50): error C2065: 'CLSID_Null': undeclared identifier [C:\Users\mcmco\Desktop\WMMR\build\src\MovieMakerCore\MovieMakerCore.vcxproj]
  (compiling source file '../../../src/MovieMakerCore/Preview/PreviewPresenter.cpp')
  
C:\Users\mcmco\Desktop\WMMR\src\MovieMakerCore\Preview\PreviewPresenter.h(50,50): error C2975: 'pclsid': invalid template argument for 'ATL::CComCoClass', expected compile-time constant expression [C:\Users\mcmco\Desktop\WMMR\build\src\MovieMakerCore\MovieMakerCore.vcxproj]
  (compiling source file '../../../src/MovieMakerCore/Preview/PreviewPresenter.cpp')
      C:\Program Files (x86)\Microsoft Visual Studio\2022\BuildTools\VC\Tools\MSVC\14.44.35207\atlmfc\include\atlcom.h(4467,33):
      see declaration of 'pclsid'
  
C:\Users\mcmco\Desktop\WMMR\src\MovieMakerCore\Preview\PreviewPresenter.h(232,1): error C4430: missing type specifier - int assumed. Note: C++ does not support default-int [C:\Users\mcmco\Desktop\WMMR\build\src\MovieMakerCore\MovieMakerCore.vcxproj]
  (compiling source file '../../../src/MovieMakerCore/Preview/PreviewPresenter.cpp')
  
C:\Users\mcmco\Desktop\WMMR\src\MovieMakerCore\Preview\PreviewPresenter.h(232,16): error C2146: syntax error: missing ';' before identifier 'HRESULT' [C:\Users\mcmco\Desktop\WMMR\build\src\MovieMakerCore\MovieMakerCore.vcxproj]
  (compiling source file '../../../src/MovieMakerCore/Preview/PreviewPresenter.cpp')
  
C:\Users\mcmco\Desktop\WMMR\src\MovieMakerCore\Preview\PreviewPresenter.h(233,1): error C4430: missing type specifier - int assumed. Note: C++ does not support default-int [C:\Users\mcmco\Desktop\WMMR\build\src\MovieMakerCore\MovieMakerCore.vcxproj]
  (compiling source file '../../../src/MovieMakerCore/Preview/PreviewPresenter.cpp')
  
C:\Users\mcmco\Desktop\WMMR\src\MovieMakerCore\Preview\PreviewPresenter.h(233,1): error C2086: 'int STORYBOARD_API': redefinition [C:\Users\mcmco\Desktop\WMMR\build\src\MovieMakerCore\MovieMakerCore.vcxproj]
  (compiling source file '../../../src/MovieMakerCore/Preview/PreviewPresenter.cpp')
      C:\Users\mcmco\Desktop\WMMR\src\MovieMakerCore\Preview\PreviewPresenter.h(232,1):
      see declaration of 'STORYBOARD_API'
  
C:\Users\mcmco\Desktop\WMMR\src\MovieMakerCore\Preview\PreviewPresenter.h(233,16): error C2146: syntax error: missing ';' before identifier 'HRESULT' [C:\Users\mcmco\Desktop\WMMR\build\src\MovieMakerCore\MovieMakerCore.vcxproj]
  (compiling source file '../../../src/MovieMakerCore/Preview/PreviewPresenter.cpp')
  
C:\Users\mcmco\Desktop\WMMR\src\MovieMakerCore\Preview\PreviewDataContext.h(46,45): error C2065: 'CLSID_Null': undeclared identifier [C:\Users\mcmco\Desktop\WMMR\build\src\MovieMakerCore\MovieMakerCore.vcxproj]
  (compiling source file '../../../src/MovieMakerCore/Preview/PreviewPresenter.cpp')
  
C:\Users\mcmco\Desktop\WMMR\src\MovieMakerCore\Preview\PreviewDataContext.h(46,45): error C2975: 'pclsid': invalid template argument for 'ATL::CComCoClass', expected compile-time constant expression [C:\Users\mcmco\Desktop\WMMR\build\src\MovieMakerCore\MovieMakerCore.vcxproj]
  (compiling source file '../../../src/MovieMakerCore/Preview/PreviewPresenter.cpp')
      C:\Program Files (x86)\Microsoft Visual Studio\2022\BuildTools\VC\Tools\MSVC\14.44.35207\atlmfc\include\atlcom.h(4467,33):
      see declaration of 'pclsid'
  
C:\Users\mcmco\Desktop\WMMR\src\WLXPhotoBase\BaseTypes.h(536,18): warning C4251: 'Base::File::m_strPath': 'ATL::CStringT<wchar_t,ATL::StrTraitATL<wchar_t,ATL::ChTraitsCRT<wchar_t>>>' needs to have dll-interface to be used by clients of 'Base::File' [C:\Users\mcmco\Desktop\WMMR\build\src\MovieMakerCore\MovieMakerCore.vcxproj]
  (compiling source file '../../../src/MovieMakerCore/Preview/PreviewDataContext.cpp')
      C:\Program Files (x86)\Microsoft Visual Studio\2022\BuildTools\VC\Tools\MSVC\14.44.35207\atlmfc\include\cstringt.h(999,7):
      see declaration of 'ATL::CStringT<wchar_t,ATL::StrTraitATL<wchar_t,ATL::ChTraitsCRT<wchar_t>>>'
  
C:\Users\mcmco\Desktop\WMMR\src\WLXPhotoBase\BaseTypes.h(568,18): warning C4251: 'Base::TempFile::m_strPath': 'ATL::CStringT<wchar_t,ATL::StrTraitATL<wchar_t,ATL::ChTraitsCRT<wchar_t>>>' needs to have dll-interface to be used by clients of 'Base::TempFile' [C:\Users\mcmco\Desktop\WMMR\build\src\MovieMakerCore\MovieMakerCore.vcxproj]
  (compiling source file '../../../src/MovieMakerCore/Preview/PreviewDataContext.cpp')
      C:\Program Files (x86)\Microsoft Visual Studio\2022\BuildTools\VC\Tools\MSVC\14.44.35207\atlmfc\include\cstringt.h(999,7):
      see declaration of 'ATL::CStringT<wchar_t,ATL::StrTraitATL<wchar_t,ATL::ChTraitsCRT<wchar_t>>>'
  
C:\Users\mcmco\Desktop\WMMR\src\WLXPhotoBase\BaseTypes.h(661,21): warning C4251: 'Base::FindFile::m_strDirectory': 'ATL::CStringT<wchar_t,ATL::StrTraitATL<wchar_t,ATL::ChTraitsCRT<wchar_t>>>' needs to have dll-interface to be used by clients of 'Base::FindFile' [C:\Users\mcmco\Desktop\WMMR\build\src\MovieMakerCore\MovieMakerCore.vcxproj]
  (compiling source file '../../../src/MovieMakerCore/Preview/PreviewDataContext.cpp')
      C:\Program Files (x86)\Microsoft Visual Studio\2022\BuildTools\VC\Tools\MSVC\14.44.35207\atlmfc\include\cstringt.h(999,7):
      see declaration of 'ATL::CStringT<wchar_t,ATL::StrTraitATL<wchar_t,ATL::ChTraitsCRT<wchar_t>>>'
  
C:\Users\mcmco\Desktop\WMMR\src\MovieMakerCore\Preview\PreviewDataContext.h(65,5): error C3668: 'PreviewDataContext::INVOKE': method with override specifier 'override' did not override any base class methods [C:\Users\mcmco\Desktop\WMMR\build\src\MovieMakerCore\MovieMakerCore.vcxproj]
  (compiling source file '../../../src/MovieMakerCore/Preview/PreviewPresenter.cpp')
  
C:\Users\mcmco\Desktop\WMMR\src\WLXPhotoBase\BaseTypes.h(724,25): warning C4251: 'Base::IntSet::m_values': 'ATL::CAtlArray<int,ATL::CElementTraits<int>>' needs to have dll-interface to be used by clients of 'Base::IntSet' [C:\Users\mcmco\Desktop\WMMR\build\src\MovieMakerCore\MovieMakerCore.vcxproj]
  (compiling source file '../../../src/MovieMakerCore/Preview/PreviewDataContext.cpp')
      C:\Program Files (x86)\Microsoft Visual Studio\2022\BuildTools\VC\Tools\MSVC\14.44.35207\atlmfc\include\atlcoll.h(530,7):
      see declaration of 'ATL::CAtlArray<int,ATL::CElementTraits<int>>'
  
C:\Users\mcmco\Desktop\WMMR\src\MovieMakerCore\Preview\PreviewDataContext.h(46,45): error C2065: 'CLSID_Null': undeclared identifier [C:\Users\mcmco\Desktop\WMMR\build\src\MovieMakerCore\MovieMakerCore.vcxproj]
  (compiling source file '../../../src/MovieMakerCore/Preview/PreviewDataContext.cpp')
  
C:\Users\mcmco\Desktop\WMMR\src\MovieMakerCore\Preview\PreviewDataContext.h(46,45): error C2975: 'pclsid': invalid template argument for 'ATL::CComCoClass', expected compile-time constant expression [C:\Users\mcmco\Desktop\WMMR\build\src\MovieMakerCore\MovieMakerCore.vcxproj]
  (compiling source file '../../../src/MovieMakerCore/Preview/PreviewDataContext.cpp')
      C:\Program Files (x86)\Microsoft Visual Studio\2022\BuildTools\VC\Tools\MSVC\14.44.35207\atlmfc\include\atlcom.h(4467,33):
      see declaration of 'pclsid'
  
C:\Users\mcmco\Desktop\WMMR\src\MovieMakerCore\StoryboardManager\StoryboardManagerExceptions.h(56,18): warning C4251: 'StoryboardManager::StoryboardManagerException::m_strMessage': 'ATL::CStringT<wchar_t,ATL::StrTraitATL<wchar_t,ATL::ChTraitsCRT<wchar_t>>>' needs to have dll-interface to be used by clients of 'StoryboardManager::StoryboardManagerException' [C:\Users\mcmco\Desktop\WMMR\build\src\MovieMakerCore\MovieMakerCore.vcxproj]
  (compiling source file '../../../src/MovieMakerCore/Preview/PreviewPresenter.cpp')
      C:\Program Files (x86)\Microsoft Visual Studio\2022\BuildTools\VC\Tools\MSVC\14.44.35207\atlmfc\include\cstringt.h(999,7):
      see declaration of 'ATL::CStringT<wchar_t,ATL::StrTraitATL<wchar_t,ATL::ChTraitsCRT<wchar_t>>>'
  
C:\Users\mcmco\Desktop\WMMR\src\MovieMakerCore\StoryboardManager\StoryboardManagerExceptions.h(86,18): warning C4251: 'StoryboardManager::TemplateInitializationException::m_strTemplateName': 'ATL::CStringT<wchar_t,ATL::StrTraitATL<wchar_t,ATL::ChTraitsCRT<wchar_t>>>' needs to have dll-interface to be used by clients of 'StoryboardManager::TemplateInitializationException' [C:\Users\mcmco\Desktop\WMMR\build\src\MovieMakerCore\MovieMakerCore.vcxproj]
  (compiling source file '../../../src/MovieMakerCore/Preview/PreviewPresenter.cpp')
      C:\Program Files (x86)\Microsoft Visual Studio\2022\BuildTools\VC\Tools\MSVC\14.44.35207\atlmfc\include\cstringt.h(999,7):
      see declaration of 'ATL::CStringT<wchar_t,ATL::StrTraitATL<wchar_t,ATL::ChTraitsCRT<wchar_t>>>'
  
C:\Users\mcmco\Desktop\WMMR\src\MovieMakerCore\StoryboardManager\StoryboardManagerExceptions.h(119,18): warning C4251: 'StoryboardManager::ScriptInitializationException::m_strScriptPath': 'ATL::CStringT<wchar_t,ATL::StrTraitATL<wchar_t,ATL::ChTraitsCRT<wchar_t>>>' needs to have dll-interface to be used by clients of 'StoryboardManager::ScriptInitializationException' [C:\Users\mcmco\Desktop\WMMR\build\src\MovieMakerCore\MovieMakerCore.vcxproj]
  (compiling source file '../../../src/MovieMakerCore/Preview/PreviewPresenter.cpp')
      C:\Program Files (x86)\Microsoft Visual Studio\2022\BuildTools\VC\Tools\MSVC\14.44.35207\atlmfc\include\cstringt.h(999,7):
      see declaration of 'ATL::CStringT<wchar_t,ATL::StrTraitATL<wchar_t,ATL::ChTraitsCRT<wchar_t>>>'
  
C:\Users\mcmco\Desktop\WMMR\src\MovieMakerCore\StoryboardManager\StoryboardManagerExceptions.h(120,18): warning C4251: 'StoryboardManager::ScriptInitializationException::m_strScriptEngineId': 'ATL::CStringT<wchar_t,ATL::StrTraitATL<wchar_t,ATL::ChTraitsCRT<wchar_t>>>' needs to have dll-interface to be used by clients of 'StoryboardManager::ScriptInitializationException' [C:\Users\mcmco\Desktop\WMMR\build\src\MovieMakerCore\MovieMakerCore.vcxproj]
  (compiling source file '../../../src/MovieMakerCore/Preview/PreviewPresenter.cpp')
      C:\Program Files (x86)\Microsoft Visual Studio\2022\BuildTools\VC\Tools\MSVC\14.44.35207\atlmfc\include\cstringt.h(999,7):
      see declaration of 'ATL::CStringT<wchar_t,ATL::StrTraitATL<wchar_t,ATL::ChTraitsCRT<wchar_t>>>'
  
C:\Users\mcmco\Desktop\WMMR\src\MovieMakerCore\StoryboardManager\StoryboardManagerExceptions.h(156,18): warning C4251: 'StoryboardManager::EncodeInitializationException::m_strOutputFormat': 'ATL::CStringT<wchar_t,ATL::StrTraitATL<wchar_t,ATL::ChTraitsCRT<wchar_t>>>' needs to have dll-interface to be used by clients of 'StoryboardManager::EncodeInitializationException' [C:\Users\mcmco\Desktop\WMMR\build\src\MovieMakerCore\MovieMakerCore.vcxproj]
  (compiling source file '../../../src/MovieMakerCore/Preview/PreviewPresenter.cpp')
      C:\Program Files (x86)\Microsoft Visual Studio\2022\BuildTools\VC\Tools\MSVC\14.44.35207\atlmfc\include\cstringt.h(999,7):
      see declaration of 'ATL::CStringT<wchar_t,ATL::StrTraitATL<wchar_t,ATL::ChTraitsCRT<wchar_t>>>'
  
C:\Users\mcmco\Desktop\WMMR\src\MovieMakerCore\Preview\PreviewDataContext.h(65,5): error C3668: 'PreviewDataContext::INVOKE': method with override specifier 'override' did not override any base class methods [C:\Users\mcmco\Desktop\WMMR\build\src\MovieMakerCore\MovieMakerCore.vcxproj]
  (compiling source file '../../../src/MovieMakerCore/Preview/PreviewDataContext.cpp')
  
C:\Users\mcmco\Desktop\WMMR\src\MovieMakerCore\StoryboardManager\StoryboardManagerExceptions.h(157,18): warning C4251: 'StoryboardManager::EncodeInitializationException::m_strCodecName': 'ATL::CStringT<wchar_t,ATL::StrTraitATL<wchar_t,ATL::ChTraitsCRT<wchar_t>>>' needs to have dll-interface to be used by clients of 'StoryboardManager::EncodeInitializationException' [C:\Users\mcmco\Desktop\WMMR\build\src\MovieMakerCore\MovieMakerCore.vcxproj]
  (compiling source file '../../../src/MovieMakerCore/Preview/PreviewPresenter.cpp')
      C:\Program Files (x86)\Microsoft Visual Studio\2022\BuildTools\VC\Tools\MSVC\14.44.35207\atlmfc\include\cstringt.h(999,7):
      see declaration of 'ATL::CStringT<wchar_t,ATL::StrTraitATL<wchar_t,ATL::ChTraitsCRT<wchar_t>>>'
  
C:\Users\mcmco\Desktop\WMMR\src\MovieMakerCore\Preview\PreviewPresenter.h(50,50): error C2065: 'CLSID_Null': undeclared identifier [C:\Users\mcmco\Desktop\WMMR\build\src\MovieMakerCore\MovieMakerCore.vcxproj]
  (compiling source file '../../../src/MovieMakerCore/Preview/PreviewDataContext.cpp')
  
C:\Users\mcmco\Desktop\WMMR\src\MovieMakerCore\StoryboardManager\TimelineTrack.h(99,25): warning C4251: 'StoryboardManager::TimelineTrack::m_strDisplayName': 'ATL::CStringT<wchar_t,ATL::StrTraitATL<wchar_t,ATL::ChTraitsCRT<wchar_t>>>' needs to have dll-interface to be used by clients of 'StoryboardManager::TimelineTrack' [C:\Users\mcmco\Desktop\WMMR\build\src\MovieMakerCore\MovieMakerCore.vcxproj]
  (compiling source file '../../../src/MovieMakerCore/Preview/PreviewPresenter.cpp')
      C:\Program Files (x86)\Microsoft Visual Studio\2022\BuildTools\VC\Tools\MSVC\14.44.35207\atlmfc\include\cstringt.h(999,7):
      see declaration of 'ATL::CStringT<wchar_t,ATL::StrTraitATL<wchar_t,ATL::ChTraitsCRT<wchar_t>>>'
  
C:\Users\mcmco\Desktop\WMMR\src\MovieMakerCore\StoryboardManager\TimelineTrack.h(106,25): error C2079: 'StoryboardManager::TimelineTrack::m_timeline' uses undefined class 'StoryboardManager::ProjectTimeline' [C:\Users\mcmco\Desktop\WMMR\build\src\MovieMakerCore\MovieMakerCore.vcxproj]
  (compiling source file '../../../src/MovieMakerCore/Preview/PreviewPresenter.cpp')
  
C:\Users\mcmco\Desktop\WMMR\src\MovieMakerCore\Preview\PreviewPresenter.h(50,50): error C2975: 'pclsid': invalid template argument for 'ATL::CComCoClass', expected compile-time constant expression [C:\Users\mcmco\Desktop\WMMR\build\src\MovieMakerCore\MovieMakerCore.vcxproj]
  (compiling source file '../../../src/MovieMakerCore/Preview/PreviewDataContext.cpp')
      C:\Program Files (x86)\Microsoft Visual Studio\2022\BuildTools\VC\Tools\MSVC\14.44.35207\atlmfc\include\atlcom.h(4467,33):
      see declaration of 'pclsid'
  
C:\Users\mcmco\Desktop\WMMR\src\MovieMakerCore\StoryboardManager\TimelineTrack.h(151,36): warning C4251: 'StoryboardManager::TimelineTrackManager::m_arrTracks': 'ATL::CAtlArray<StoryboardManager::TimelineTrack *,ATL::CElementTraits<E>>' needs to have dll-interface to be used by clients of 'StoryboardManager::TimelineTrackManager' [C:\Users\mcmco\Desktop\WMMR\build\src\MovieMakerCore\MovieMakerCore.vcxproj]
C:\Users\mcmco\Desktop\WMMR\src\MovieMakerCore\StoryboardManager\TimelineTrack.h(151,36): warning C4251:         with [C:\Users\mcmco\Desktop\WMMR\build\src\MovieMakerCore\MovieMakerCore.vcxproj]
C:\Users\mcmco\Desktop\WMMR\src\MovieMakerCore\StoryboardManager\TimelineTrack.h(151,36): warning C4251:         [ [C:\Users\mcmco\Desktop\WMMR\build\src\MovieMakerCore\MovieMakerCore.vcxproj]
C:\Users\mcmco\Desktop\WMMR\src\MovieMakerCore\StoryboardManager\TimelineTrack.h(151,36): warning C4251:             E=StoryboardManager::TimelineTrack * [C:\Users\mcmco\Desktop\WMMR\build\src\MovieMakerCore\MovieMakerCore.vcxproj]
C:\Users\mcmco\Desktop\WMMR\src\MovieMakerCore\StoryboardManager\TimelineTrack.h(151,36): warning C4251:         ] [C:\Users\mcmco\Desktop\WMMR\build\src\MovieMakerCore\MovieMakerCore.vcxproj]
  (compiling source file '../../../src/MovieMakerCore/Preview/PreviewPresenter.cpp')
      C:\Program Files (x86)\Microsoft Visual Studio\2022\BuildTools\VC\Tools\MSVC\14.44.35207\atlmfc\include\atlcoll.h(530,7):
      see declaration of 'ATL::CAtlArray<StoryboardManager::TimelineTrack *,ATL::CElementTraits<E>>'
          with
          [
              E=StoryboardManager::TimelineTrack *
          ]
  
C:\Users\mcmco\Desktop\WMMR\src\MovieMakerCore\StoryboardManager\MovieExtent.h(151,25): warning C4251: 'StoryboardManager::MovieExtent::m_strTitleText': 'ATL::CStringT<wchar_t,ATL::StrTraitATL<wchar_t,ATL::ChTraitsCRT<wchar_t>>>' needs to have dll-interface to be used by clients of 'StoryboardManager::MovieExtent' [C:\Users\mcmco\Desktop\WMMR\build\src\MovieMakerCore\MovieMakerCore.vcxproj]
  (compiling source file '../../../src/MovieMakerCore/Preview/PreviewPresenter.cpp')
      C:\Program Files (x86)\Microsoft Visual Studio\2022\BuildTools\VC\Tools\MSVC\14.44.35207\atlmfc\include\cstringt.h(999,7):
      see declaration of 'ATL::CStringT<wchar_t,ATL::StrTraitATL<wchar_t,ATL::ChTraitsCRT<wchar_t>>>'
  
C:\Users\mcmco\Desktop\WMMR\src\MovieMakerCore\StoryboardManager\MovieExtent.h(152,25): warning C4251: 'StoryboardManager::MovieExtent::m_strTitleFontFamily': 'ATL::CStringT<wchar_t,ATL::StrTraitATL<wchar_t,ATL::ChTraitsCRT<wchar_t>>>' needs to have dll-interface to be used by clients of 'StoryboardManager::MovieExtent' [C:\Users\mcmco\Desktop\WMMR\build\src\MovieMakerCore\MovieMakerCore.vcxproj]
  (compiling source file '../../../src/MovieMakerCore/Preview/PreviewPresenter.cpp')
      C:\Program Files (x86)\Microsoft Visual Studio\2022\BuildTools\VC\Tools\MSVC\14.44.35207\atlmfc\include\cstringt.h(999,7):
      see declaration of 'ATL::CStringT<wchar_t,ATL::StrTraitATL<wchar_t,ATL::ChTraitsCRT<wchar_t>>>'
  
C:\Users\mcmco\Desktop\WMMR\src\MovieMakerCore\Preview\PreviewPresenter.h(232,1): error C4430: missing type specifier - int assumed. Note: C++ does not support default-int [C:\Users\mcmco\Desktop\WMMR\build\src\MovieMakerCore\MovieMakerCore.vcxproj]
  (compiling source file '../../../src/MovieMakerCore/Preview/PreviewDataContext.cpp')
  
C:\Users\mcmco\Desktop\WMMR\src\MovieMakerCore\Preview\PreviewPresenter.h(232,16): error C2146: syntax error: missing ';' before identifier 'HRESULT' [C:\Users\mcmco\Desktop\WMMR\build\src\MovieMakerCore\MovieMakerCore.vcxproj]
  (compiling source file '../../../src/MovieMakerCore/Preview/PreviewDataContext.cpp')
  
C:\Users\mcmco\Desktop\WMMR\src\MovieMakerCore\Preview\PreviewPresenter.h(233,1): error C4430: missing type specifier - int assumed. Note: C++ does not support default-int [C:\Users\mcmco\Desktop\WMMR\build\src\MovieMakerCore\MovieMakerCore.vcxproj]
  (compiling source file '../../../src/MovieMakerCore/Preview/PreviewDataContext.cpp')
  
C:\Users\mcmco\Desktop\WMMR\src\MovieMakerCore\Preview\PreviewPresenter.h(233,1): error C2086: 'int STORYBOARD_API': redefinition [C:\Users\mcmco\Desktop\WMMR\build\src\MovieMakerCore\MovieMakerCore.vcxproj]
  (compiling source file '../../../src/MovieMakerCore/Preview/PreviewDataContext.cpp')
      C:\Users\mcmco\Desktop\WMMR\src\MovieMakerCore\Preview\PreviewPresenter.h(232,1):
      see declaration of 'STORYBOARD_API'
  
C:\Users\mcmco\Desktop\WMMR\src\MovieMakerCore\Preview\PreviewPresenter.h(233,16): error C2146: syntax error: missing ';' before identifier 'HRESULT' [C:\Users\mcmco\Desktop\WMMR\build\src\MovieMakerCore\MovieMakerCore.vcxproj]
  (compiling source file '../../../src/MovieMakerCore/Preview/PreviewDataContext.cpp')
  
C:\Users\mcmco\Desktop\WMMR\src\MovieMakerCore\StoryboardManager\Extents.h(104,37): warning C4251: 'StoryboardManager::ExtentCollection::m_arrExtents': 'ATL::CAtlArray<StoryboardManager::MovieExtent *,ATL::CElementTraits<E>>' needs to have dll-interface to be used by clients of 'StoryboardManager::ExtentCollection' [C:\Users\mcmco\Desktop\WMMR\build\src\MovieMakerCore\MovieMakerCore.vcxproj]
C:\Users\mcmco\Desktop\WMMR\src\MovieMakerCore\StoryboardManager\Extents.h(104,37): warning C4251:         with [C:\Users\mcmco\Desktop\WMMR\build\src\MovieMakerCore\MovieMakerCore.vcxproj]
C:\Users\mcmco\Desktop\WMMR\src\MovieMakerCore\StoryboardManager\Extents.h(104,37): warning C4251:         [ [C:\Users\mcmco\Desktop\WMMR\build\src\MovieMakerCore\MovieMakerCore.vcxproj]
C:\Users\mcmco\Desktop\WMMR\src\MovieMakerCore\StoryboardManager\Extents.h(104,37): warning C4251:             E=StoryboardManager::MovieExtent * [C:\Users\mcmco\Desktop\WMMR\build\src\MovieMakerCore\MovieMakerCore.vcxproj]
C:\Users\mcmco\Desktop\WMMR\src\MovieMakerCore\StoryboardManager\Extents.h(104,37): warning C4251:         ] [C:\Users\mcmco\Desktop\WMMR\build\src\MovieMakerCore\MovieMakerCore.vcxproj]
  (compiling source file '../../../src/MovieMakerCore/Preview/PreviewPresenter.cpp')
      C:\Program Files (x86)\Microsoft Visual Studio\2022\BuildTools\VC\Tools\MSVC\14.44.35207\atlmfc\include\atlcoll.h(530,7):
      see declaration of 'ATL::CAtlArray<StoryboardManager::MovieExtent *,ATL::CElementTraits<E>>'
          with
          [
              E=StoryboardManager::MovieExtent *
          ]
  
C:\Users\mcmco\Desktop\WMMR\src\MovieMakerCore\StoryboardManager\Extents.h(158,27): warning C4251: 'StoryboardManager::ExtentIdSet::m_arrIds': 'ATL::CAtlArray<DWORD,ATL::CElementTraits<unsigned long>>' needs to have dll-interface to be used by clients of 'StoryboardManager::ExtentIdSet' [C:\Users\mcmco\Desktop\WMMR\build\src\MovieMakerCore\MovieMakerCore.vcxproj]
  (compiling source file '../../../src/MovieMakerCore/Preview/PreviewPresenter.cpp')
      C:\Program Files (x86)\Microsoft Visual Studio\2022\BuildTools\VC\Tools\MSVC\14.44.35207\atlmfc\include\atlcoll.h(530,7):
      see declaration of 'ATL::CAtlArray<DWORD,ATL::CElementTraits<unsigned long>>'
  
C:\Users\mcmco\Desktop\WMMR\src\MovieMakerCore\StoryboardManager\Templates.h(127,25): warning C4251: 'StoryboardManager::ThemeEffect::m_strX3dClipName': 'ATL::CStringT<wchar_t,ATL::StrTraitATL<wchar_t,ATL::ChTraitsCRT<wchar_t>>>' needs to have dll-interface to be used by clients of 'StoryboardManager::ThemeEffect' [C:\Users\mcmco\Desktop\WMMR\build\src\MovieMakerCore\MovieMakerCore.vcxproj]
  (compiling source file '../../../src/MovieMakerCore/Preview/PreviewPresenter.cpp')
      C:\Program Files (x86)\Microsoft Visual Studio\2022\BuildTools\VC\Tools\MSVC\14.44.35207\atlmfc\include\cstringt.h(999,7):
      see declaration of 'ATL::CStringT<wchar_t,ATL::StrTraitATL<wchar_t,ATL::ChTraitsCRT<wchar_t>>>'
  
C:\Users\mcmco\Desktop\WMMR\src\MovieMakerCore\StoryboardManager\Templates.h(135,31): warning C4251: 'StoryboardManager::ThemeEffect::m_arrParameters': 'ATL::CAtlArray<StoryboardManager::ThemeEffect::Parameter,ATL::CElementTraits<E>>' needs to have dll-interface to be used by clients of 'StoryboardManager::ThemeEffect' [C:\Users\mcmco\Desktop\WMMR\build\src\MovieMakerCore\MovieMakerCore.vcxproj]
C:\Users\mcmco\Desktop\WMMR\src\MovieMakerCore\StoryboardManager\Templates.h(135,31): warning C4251:         with [C:\Users\mcmco\Desktop\WMMR\build\src\MovieMakerCore\MovieMakerCore.vcxproj]
C:\Users\mcmco\Desktop\WMMR\src\MovieMakerCore\StoryboardManager\Templates.h(135,31): warning C4251:         [ [C:\Users\mcmco\Desktop\WMMR\build\src\MovieMakerCore\MovieMakerCore.vcxproj]
C:\Users\mcmco\Desktop\WMMR\src\MovieMakerCore\StoryboardManager\Templates.h(135,31): warning C4251:             E=StoryboardManager::ThemeEffect::Parameter [C:\Users\mcmco\Desktop\WMMR\build\src\MovieMakerCore\MovieMakerCore.vcxproj]
C:\Users\mcmco\Desktop\WMMR\src\MovieMakerCore\StoryboardManager\Templates.h(135,31): warning C4251:         ] [C:\Users\mcmco\Desktop\WMMR\build\src\MovieMakerCore\MovieMakerCore.vcxproj]
  (compiling source file '../../../src/MovieMakerCore/Preview/PreviewPresenter.cpp')
      C:\Program Files (x86)\Microsoft Visual Studio\2022\BuildTools\VC\Tools\MSVC\14.44.35207\atlmfc\include\atlcoll.h(530,7):
      see declaration of 'ATL::CAtlArray<StoryboardManager::ThemeEffect::Parameter,ATL::CElementTraits<E>>'
          with
          [
              E=StoryboardManager::ThemeEffect::Parameter
          ]
  
C:\Users\mcmco\Desktop\WMMR\src\MovieMakerCore\Preview\PreviewDataContext.cpp(391,47): error C2509: 'Invoke': member function not declared in 'PreviewDataContext' [C:\Users\mcmco\Desktop\WMMR\build\src\MovieMakerCore\MovieMakerCore.vcxproj]
      C:\Users\mcmco\Desktop\WMMR\src\MovieMakerCore\Preview\PreviewDataContext.h(44,21):
      see declaration of 'PreviewDataContext'
  
C:\Users\mcmco\Desktop\WMMR\src\MovieMakerCore\StoryboardManager\Templates.h(206,21): warning C4251: 'StoryboardManager::AutoMovieTheme::m_strName': 'ATL::CStringT<wchar_t,ATL::StrTraitATL<wchar_t,ATL::ChTraitsCRT<wchar_t>>>' needs to have dll-interface to be used by clients of 'StoryboardManager::AutoMovieTheme' [C:\Users\mcmco\Desktop\WMMR\build\src\MovieMakerCore\MovieMakerCore.vcxproj]
  (compiling source file '../../../src/MovieMakerCore/Preview/PreviewPresenter.cpp')
      C:\Program Files (x86)\Microsoft Visual Studio\2022\BuildTools\VC\Tools\MSVC\14.44.35207\atlmfc\include\cstringt.h(999,7):
      see declaration of 'ATL::CStringT<wchar_t,ATL::StrTraitATL<wchar_t,ATL::ChTraitsCRT<wchar_t>>>'
  
C:\Users\mcmco\Desktop\WMMR\src\MovieMakerCore\StoryboardManager\Templates.h(207,21): warning C4251: 'StoryboardManager::AutoMovieTheme::m_strDisplayName': 'ATL::CStringT<wchar_t,ATL::StrTraitATL<wchar_t,ATL::ChTraitsCRT<wchar_t>>>' needs to have dll-interface to be used by clients of 'StoryboardManager::AutoMovieTheme' [C:\Users\mcmco\Desktop\WMMR\build\src\MovieMakerCore\MovieMakerCore.vcxproj]
  (compiling source file '../../../src/MovieMakerCore/Preview/PreviewPresenter.cpp')
      C:\Program Files (x86)\Microsoft Visual Studio\2022\BuildTools\VC\Tools\MSVC\14.44.35207\atlmfc\include\cstringt.h(999,7):
      see declaration of 'ATL::CStringT<wchar_t,ATL::StrTraitATL<wchar_t,ATL::ChTraitsCRT<wchar_t>>>'
  
C:\Users\mcmco\Desktop\WMMR\src\MovieMakerCore\StoryboardManager\Templates.h(208,21): warning C4251: 'StoryboardManager::AutoMovieTheme::m_strDescription': 'ATL::CStringT<wchar_t,ATL::StrTraitATL<wchar_t,ATL::ChTraitsCRT<wchar_t>>>' needs to have dll-interface to be used by clients of 'StoryboardManager::AutoMovieTheme' [C:\Users\mcmco\Desktop\WMMR\build\src\MovieMakerCore\MovieMakerCore.vcxproj]
  (compiling source file '../../../src/MovieMakerCore/Preview/PreviewPresenter.cpp')
      C:\Program Files (x86)\Microsoft Visual Studio\2022\BuildTools\VC\Tools\MSVC\14.44.35207\atlmfc\include\cstringt.h(999,7):
      see declaration of 'ATL::CStringT<wchar_t,ATL::StrTraitATL<wchar_t,ATL::ChTraitsCRT<wchar_t>>>'
  
C:\Users\mcmco\Desktop\WMMR\src\MovieMakerCore\StoryboardManager\Templates.h(209,21): warning C4251: 'StoryboardManager::AutoMovieTheme::m_strThumbnailPath': 'ATL::CStringT<wchar_t,ATL::StrTraitATL<wchar_t,ATL::ChTraitsCRT<wchar_t>>>' needs to have dll-interface to be used by clients of 'StoryboardManager::AutoMovieTheme' [C:\Users\mcmco\Desktop\WMMR\build\src\MovieMakerCore\MovieMakerCore.vcxproj]
  (compiling source file '../../../src/MovieMakerCore/Preview/PreviewPresenter.cpp')
      C:\Program Files (x86)\Microsoft Visual Studio\2022\BuildTools\VC\Tools\MSVC\14.44.35207\atlmfc\include\cstringt.h(999,7):
      see declaration of 'ATL::CStringT<wchar_t,ATL::StrTraitATL<wchar_t,ATL::ChTraitsCRT<wchar_t>>>'
  
C:\Users\mcmco\Desktop\WMMR\src\MovieMakerCore\StoryboardManager\Templates.h(210,21): warning C4251: 'StoryboardManager::AutoMovieTheme::m_strCategory': 'ATL::CStringT<wchar_t,ATL::StrTraitATL<wchar_t,ATL::ChTraitsCRT<wchar_t>>>' needs to have dll-interface to be used by clients of 'StoryboardManager::AutoMovieTheme' [C:\Users\mcmco\Desktop\WMMR\build\src\MovieMakerCore\MovieMakerCore.vcxproj]
  (compiling source file '../../../src/MovieMakerCore/Preview/PreviewPresenter.cpp')
      C:\Program Files (x86)\Microsoft Visual Studio\2022\BuildTools\VC\Tools\MSVC\14.44.35207\atlmfc\include\cstringt.h(999,7):
      see declaration of 'ATL::CStringT<wchar_t,ATL::StrTraitATL<wchar_t,ATL::ChTraitsCRT<wchar_t>>>'
  
C:\Users\mcmco\Desktop\WMMR\src\MovieMakerCore\StoryboardManager\Templates.h(211,21): warning C4251: 'StoryboardManager::AutoMovieTheme::m_strTitleFontFamily': 'ATL::CStringT<wchar_t,ATL::StrTraitATL<wchar_t,ATL::ChTraitsCRT<wchar_t>>>' needs to have dll-interface to be used by clients of 'StoryboardManager::AutoMovieTheme' [C:\Users\mcmco\Desktop\WMMR\build\src\MovieMakerCore\MovieMakerCore.vcxproj]
  (compiling source file '../../../src/MovieMakerCore/Preview/PreviewPresenter.cpp')
      C:\Program Files (x86)\Microsoft Visual Studio\2022\BuildTools\VC\Tools\MSVC\14.44.35207\atlmfc\include\cstringt.h(999,7):
      see declaration of 'ATL::CStringT<wchar_t,ATL::StrTraitATL<wchar_t,ATL::ChTraitsCRT<wchar_t>>>'
  
C:\Users\mcmco\Desktop\WMMR\src\MovieMakerCore\StoryboardManager\Templates.h(213,33): warning C4251: 'StoryboardManager::AutoMovieTheme::m_arrEffects': 'ATL::CAtlArray<StoryboardManager::ThemeEffect,ATL::CElementTraits<E>>' needs to have dll-interface to be used by clients of 'StoryboardManager::AutoMovieTheme' [C:\Users\mcmco\Desktop\WMMR\build\src\MovieMakerCore\MovieMakerCore.vcxproj]
C:\Users\mcmco\Desktop\WMMR\src\MovieMakerCore\StoryboardManager\Templates.h(213,33): warning C4251:         with [C:\Users\mcmco\Desktop\WMMR\build\src\MovieMakerCore\MovieMakerCore.vcxproj]
C:\Users\mcmco\Desktop\WMMR\src\MovieMakerCore\StoryboardManager\Templates.h(213,33): warning C4251:         [ [C:\Users\mcmco\Desktop\WMMR\build\src\MovieMakerCore\MovieMakerCore.vcxproj]
C:\Users\mcmco\Desktop\WMMR\src\MovieMakerCore\StoryboardManager\Templates.h(213,33): warning C4251:             E=StoryboardManager::ThemeEffect [C:\Users\mcmco\Desktop\WMMR\build\src\MovieMakerCore\MovieMakerCore.vcxproj]
C:\Users\mcmco\Desktop\WMMR\src\MovieMakerCore\StoryboardManager\Templates.h(213,33): warning C4251:         ] [C:\Users\mcmco\Desktop\WMMR\build\src\MovieMakerCore\MovieMakerCore.vcxproj]
  (compiling source file '../../../src/MovieMakerCore/Preview/PreviewPresenter.cpp')
      C:\Program Files (x86)\Microsoft Visual Studio\2022\BuildTools\VC\Tools\MSVC\14.44.35207\atlmfc\include\atlcoll.h(530,7):
      see declaration of 'ATL::CAtlArray<StoryboardManager::ThemeEffect,ATL::CElementTraits<E>>'
          with
          [
              E=StoryboardManager::ThemeEffect
          ]
  
C:\Users\mcmco\Desktop\WMMR\src\MovieMakerCore\StoryboardManager\Templates.h(273,25): warning C4251: 'StoryboardManager::TemplateEntry::m_strName': 'ATL::CStringT<wchar_t,ATL::StrTraitATL<wchar_t,ATL::ChTraitsCRT<wchar_t>>>' needs to have dll-interface to be used by clients of 'StoryboardManager::TemplateEntry' [C:\Users\mcmco\Desktop\WMMR\build\src\MovieMakerCore\MovieMakerCore.vcxproj]
  (compiling source file '../../../src/MovieMakerCore/Preview/PreviewPresenter.cpp')
      C:\Program Files (x86)\Microsoft Visual Studio\2022\BuildTools\VC\Tools\MSVC\14.44.35207\atlmfc\include\cstringt.h(999,7):
      see declaration of 'ATL::CStringT<wchar_t,ATL::StrTraitATL<wchar_t,ATL::ChTraitsCRT<wchar_t>>>'
  
C:\Users\mcmco\Desktop\WMMR\src\MovieMakerCore\StoryboardManager\Templates.h(274,25): warning C4251: 'StoryboardManager::TemplateEntry::m_strDisplayName': 'ATL::CStringT<wchar_t,ATL::StrTraitATL<wchar_t,ATL::ChTraitsCRT<wchar_t>>>' needs to have dll-interface to be used by clients of 'StoryboardManager::TemplateEntry' [C:\Users\mcmco\Desktop\WMMR\build\src\MovieMakerCore\MovieMakerCore.vcxproj]
  (compiling source file '../../../src/MovieMakerCore/Preview/PreviewPresenter.cpp')
      C:\Program Files (x86)\Microsoft Visual Studio\2022\BuildTools\VC\Tools\MSVC\14.44.35207\atlmfc\include\cstringt.h(999,7):
      see declaration of 'ATL::CStringT<wchar_t,ATL::StrTraitATL<wchar_t,ATL::ChTraitsCRT<wchar_t>>>'
  
C:\Users\mcmco\Desktop\WMMR\src\MovieMakerCore\StoryboardManager\Templates.h(275,25): warning C4251: 'StoryboardManager::TemplateEntry::m_strDescription': 'ATL::CStringT<wchar_t,ATL::StrTraitATL<wchar_t,ATL::ChTraitsCRT<wchar_t>>>' needs to have dll-interface to be used by clients of 'StoryboardManager::TemplateEntry' [C:\Users\mcmco\Desktop\WMMR\build\src\MovieMakerCore\MovieMakerCore.vcxproj]
  (compiling source file '../../../src/MovieMakerCore/Preview/PreviewPresenter.cpp')
      C:\Program Files (x86)\Microsoft Visual Studio\2022\BuildTools\VC\Tools\MSVC\14.44.35207\atlmfc\include\cstringt.h(999,7):
      see declaration of 'ATL::CStringT<wchar_t,ATL::StrTraitATL<wchar_t,ATL::ChTraitsCRT<wchar_t>>>'
  
C:\Users\mcmco\Desktop\WMMR\src\MovieMakerCore\StoryboardManager\Templates.h(276,25): warning C4251: 'StoryboardManager::TemplateEntry::m_strThumbnailPath': 'ATL::CStringT<wchar_t,ATL::StrTraitATL<wchar_t,ATL::ChTraitsCRT<wchar_t>>>' needs to have dll-interface to be used by clients of 'StoryboardManager::TemplateEntry' [C:\Users\mcmco\Desktop\WMMR\build\src\MovieMakerCore\MovieMakerCore.vcxproj]
  (compiling source file '../../../src/MovieMakerCore/Preview/PreviewPresenter.cpp')
      C:\Program Files (x86)\Microsoft Visual Studio\2022\BuildTools\VC\Tools\MSVC\14.44.35207\atlmfc\include\cstringt.h(999,7):
      see declaration of 'ATL::CStringT<wchar_t,ATL::StrTraitATL<wchar_t,ATL::ChTraitsCRT<wchar_t>>>'
  
C:\Users\mcmco\Desktop\WMMR\src\MovieMakerCore\StoryboardManager\Templates.h(343,37): warning C4251: 'StoryboardManager::TemplateTable::m_arrTemplates': 'ATL::CAtlArray<StoryboardManager::TemplateEntry *,ATL::CElementTraits<E>>' needs to have dll-interface to be used by clients of 'StoryboardManager::TemplateTable' [C:\Users\mcmco\Desktop\WMMR\build\src\MovieMakerCore\MovieMakerCore.vcxproj]
C:\Users\mcmco\Desktop\WMMR\src\MovieMakerCore\StoryboardManager\Templates.h(343,37): warning C4251:         with [C:\Users\mcmco\Desktop\WMMR\build\src\MovieMakerCore\MovieMakerCore.vcxproj]
C:\Users\mcmco\Desktop\WMMR\src\MovieMakerCore\StoryboardManager\Templates.h(343,37): warning C4251:         [ [C:\Users\mcmco\Desktop\WMMR\build\src\MovieMakerCore\MovieMakerCore.vcxproj]
C:\Users\mcmco\Desktop\WMMR\src\MovieMakerCore\StoryboardManager\Templates.h(343,37): warning C4251:             E=StoryboardManager::TemplateEntry * [C:\Users\mcmco\Desktop\WMMR\build\src\MovieMakerCore\MovieMakerCore.vcxproj]
C:\Users\mcmco\Desktop\WMMR\src\MovieMakerCore\StoryboardManager\Templates.h(343,37): warning C4251:         ] [C:\Users\mcmco\Desktop\WMMR\build\src\MovieMakerCore\MovieMakerCore.vcxproj]
  (compiling source file '../../../src/MovieMakerCore/Preview/PreviewPresenter.cpp')
      C:\Program Files (x86)\Microsoft Visual Studio\2022\BuildTools\VC\Tools\MSVC\14.44.35207\atlmfc\include\atlcoll.h(530,7):
      see declaration of 'ATL::CAtlArray<StoryboardManager::TemplateEntry *,ATL::CElementTraits<E>>'
          with
          [
              E=StoryboardManager::TemplateEntry *
          ]
  
C:\Users\mcmco\Desktop\WMMR\src\MovieMakerCore\StoryboardManager\Templates.h(344,37): warning C4251: 'StoryboardManager::TemplateTable::m_arrThemes': 'ATL::CAtlArray<StoryboardManager::AutoMovieTheme *,ATL::CElementTraits<E>>' needs to have dll-interface to be used by clients of 'StoryboardManager::TemplateTable' [C:\Users\mcmco\Desktop\WMMR\build\src\MovieMakerCore\MovieMakerCore.vcxproj]
C:\Users\mcmco\Desktop\WMMR\src\MovieMakerCore\StoryboardManager\Templates.h(344,37): warning C4251:         with [C:\Users\mcmco\Desktop\WMMR\build\src\MovieMakerCore\MovieMakerCore.vcxproj]
C:\Users\mcmco\Desktop\WMMR\src\MovieMakerCore\StoryboardManager\Templates.h(344,37): warning C4251:         [ [C:\Users\mcmco\Desktop\WMMR\build\src\MovieMakerCore\MovieMakerCore.vcxproj]
C:\Users\mcmco\Desktop\WMMR\src\MovieMakerCore\StoryboardManager\Templates.h(344,37): warning C4251:             E=StoryboardManager::AutoMovieTheme * [C:\Users\mcmco\Desktop\WMMR\build\src\MovieMakerCore\MovieMakerCore.vcxproj]
C:\Users\mcmco\Desktop\WMMR\src\MovieMakerCore\StoryboardManager\Templates.h(344,37): warning C4251:         ] [C:\Users\mcmco\Desktop\WMMR\build\src\MovieMakerCore\MovieMakerCore.vcxproj]
  (compiling source file '../../../src/MovieMakerCore/Preview/PreviewPresenter.cpp')
      C:\Program Files (x86)\Microsoft Visual Studio\2022\BuildTools\VC\Tools\MSVC\14.44.35207\atlmfc\include\atlcoll.h(530,7):
      see declaration of 'ATL::CAtlArray<StoryboardManager::AutoMovieTheme *,ATL::CElementTraits<E>>'
          with
          [
              E=StoryboardManager::AutoMovieTheme *
          ]
  
C:\Users\mcmco\Desktop\WMMR\src\MovieMakerCore\StoryboardManager\MovieProject.h(119,18): warning C4251: 'StoryboardManager::ProjectMediaItem::m_strSourcePath': 'ATL::CStringT<wchar_t,ATL::StrTraitATL<wchar_t,ATL::ChTraitsCRT<wchar_t>>>' needs to have dll-interface to be used by clients of 'StoryboardManager::ProjectMediaItem' [C:\Users\mcmco\Desktop\WMMR\build\src\MovieMakerCore\MovieMakerCore.vcxproj]
  (compiling source file '../../../src/MovieMakerCore/Preview/PreviewPresenter.cpp')
      C:\Program Files (x86)\Microsoft Visual Studio\2022\BuildTools\VC\Tools\MSVC\14.44.35207\atlmfc\include\cstringt.h(999,7):
      see declaration of 'ATL::CStringT<wchar_t,ATL::StrTraitATL<wchar_t,ATL::ChTraitsCRT<wchar_t>>>'
  
C:\Users\mcmco\Desktop\WMMR\src\MovieMakerCore\StoryboardManager\MovieProject.h(120,18): warning C4251: 'StoryboardManager::ProjectMediaItem::m_strThumbnailPath': 'ATL::CStringT<wchar_t,ATL::StrTraitATL<wchar_t,ATL::ChTraitsCRT<wchar_t>>>' needs to have dll-interface to be used by clients of 'StoryboardManager::ProjectMediaItem' [C:\Users\mcmco\Desktop\WMMR\build\src\MovieMakerCore\MovieMakerCore.vcxproj]
  (compiling source file '../../../src/MovieMakerCore/Preview/PreviewPresenter.cpp')
      C:\Program Files (x86)\Microsoft Visual Studio\2022\BuildTools\VC\Tools\MSVC\14.44.35207\atlmfc\include\cstringt.h(999,7):
      see declaration of 'ATL::CStringT<wchar_t,ATL::StrTraitATL<wchar_t,ATL::ChTraitsCRT<wchar_t>>>'
  
C:\Users\mcmco\Desktop\WMMR\src\MovieMakerCore\StoryboardManager\MovieProject.h(127,18): warning C4251: 'StoryboardManager::ProjectMediaItem::m_strTags': 'ATL::CStringT<wchar_t,ATL::StrTraitATL<wchar_t,ATL::ChTraitsCRT<wchar_t>>>' needs to have dll-interface to be used by clients of 'StoryboardManager::ProjectMediaItem' [C:\Users\mcmco\Desktop\WMMR\build\src\MovieMakerCore\MovieMakerCore.vcxproj]
  (compiling source file '../../../src/MovieMakerCore/Preview/PreviewPresenter.cpp')
      C:\Program Files (x86)\Microsoft Visual Studio\2022\BuildTools\VC\Tools\MSVC\14.44.35207\atlmfc\include\cstringt.h(999,7):
      see declaration of 'ATL::CStringT<wchar_t,ATL::StrTraitATL<wchar_t,ATL::ChTraitsCRT<wchar_t>>>'
  
C:\Users\mcmco\Desktop\WMMR\src\MovieMakerCore\StoryboardManager\MovieProject.h(130,18): warning C4251: 'StoryboardManager::ProjectMediaItem::m_strVideoCodec': 'ATL::CStringT<wchar_t,ATL::StrTraitATL<wchar_t,ATL::ChTraitsCRT<wchar_t>>>' needs to have dll-interface to be used by clients of 'StoryboardManager::ProjectMediaItem' [C:\Users\mcmco\Desktop\WMMR\build\src\MovieMakerCore\MovieMakerCore.vcxproj]
  (compiling source file '../../../src/MovieMakerCore/Preview/PreviewPresenter.cpp')
      C:\Program Files (x86)\Microsoft Visual Studio\2022\BuildTools\VC\Tools\MSVC\14.44.35207\atlmfc\include\cstringt.h(999,7):
      see declaration of 'ATL::CStringT<wchar_t,ATL::StrTraitATL<wchar_t,ATL::ChTraitsCRT<wchar_t>>>'
  
C:\Users\mcmco\Desktop\WMMR\src\MovieMakerCore\StoryboardManager\MovieProject.h(131,18): warning C4251: 'StoryboardManager::ProjectMediaItem::m_strAudioCodec': 'ATL::CStringT<wchar_t,ATL::StrTraitATL<wchar_t,ATL::ChTraitsCRT<wchar_t>>>' needs to have dll-interface to be used by clients of 'StoryboardManager::ProjectMediaItem' [C:\Users\mcmco\Desktop\WMMR\build\src\MovieMakerCore\MovieMakerCore.vcxproj]
  (compiling source file '../../../src/MovieMakerCore/Preview/PreviewPresenter.cpp')
      C:\Program Files (x86)\Microsoft Visual Studio\2022\BuildTools\VC\Tools\MSVC\14.44.35207\atlmfc\include\cstringt.h(999,7):
      see declaration of 'ATL::CStringT<wchar_t,ATL::StrTraitATL<wchar_t,ATL::ChTraitsCRT<wchar_t>>>'
  
C:\Users\mcmco\Desktop\WMMR\src\MovieMakerCore\StoryboardManager\MovieProject.h(176,29): warning C4251: 'StoryboardManager::ProjectTimeline::m_arrExtentIds': 'ATL::CAtlArray<DWORD,ATL::CElementTraits<unsigned long>>' needs to have dll-interface to be used by clients of 'StoryboardManager::ProjectTimeline' [C:\Users\mcmco\Desktop\WMMR\build\src\MovieMakerCore\MovieMakerCore.vcxproj]
  (compiling source file '../../../src/MovieMakerCore/Preview/PreviewPresenter.cpp')
      C:\Program Files (x86)\Microsoft Visual Studio\2022\BuildTools\VC\Tools\MSVC\14.44.35207\atlmfc\include\atlcoll.h(530,7):
      see declaration of 'ATL::CAtlArray<DWORD,ATL::CElementTraits<unsigned long>>'
  
C:\Users\mcmco\Desktop\WMMR\src\MovieMakerCore\StoryboardManager\MovieProject.h(248,18): warning C4251: 'StoryboardManager::MovieProjectSettings::m_strProjectName': 'ATL::CStringT<wchar_t,ATL::StrTraitATL<wchar_t,ATL::ChTraitsCRT<wchar_t>>>' needs to have dll-interface to be used by clients of 'StoryboardManager::MovieProjectSettings' [C:\Users\mcmco\Desktop\WMMR\build\src\MovieMakerCore\MovieMakerCore.vcxproj]
  (compiling source file '../../../src/MovieMakerCore/Preview/PreviewPresenter.cpp')
      C:\Program Files (x86)\Microsoft Visual Studio\2022\BuildTools\VC\Tools\MSVC\14.44.35207\atlmfc\include\cstringt.h(999,7):
      see declaration of 'ATL::CStringT<wchar_t,ATL::StrTraitATL<wchar_t,ATL::ChTraitsCRT<wchar_t>>>'
  
C:\Users\mcmco\Desktop\WMMR\src\MovieMakerCore\StoryboardManager\MovieProject.h(249,18): warning C4251: 'StoryboardManager::MovieProjectSettings::m_strAuthor': 'ATL::CStringT<wchar_t,ATL::StrTraitATL<wchar_t,ATL::ChTraitsCRT<wchar_t>>>' needs to have dll-interface to be used by clients of 'StoryboardManager::MovieProjectSettings' [C:\Users\mcmco\Desktop\WMMR\build\src\MovieMakerCore\MovieMakerCore.vcxproj]
  (compiling source file '../../../src/MovieMakerCore/Preview/PreviewPresenter.cpp')
      C:\Program Files (x86)\Microsoft Visual Studio\2022\BuildTools\VC\Tools\MSVC\14.44.35207\atlmfc\include\cstringt.h(999,7):
      see declaration of 'ATL::CStringT<wchar_t,ATL::StrTraitATL<wchar_t,ATL::ChTraitsCRT<wchar_t>>>'
  
C:\Users\mcmco\Desktop\WMMR\src\MovieMakerCore\StoryboardManager\MovieProject.h(390,25): warning C4251: 'StoryboardManager::MovieProject::m_strProjectPath': 'ATL::CStringT<wchar_t,ATL::StrTraitATL<wchar_t,ATL::ChTraitsCRT<wchar_t>>>' needs to have dll-interface to be used by clients of 'StoryboardManager::MovieProject' [C:\Users\mcmco\Desktop\WMMR\build\src\MovieMakerCore\MovieMakerCore.vcxproj]
  (compiling source file '../../../src/MovieMakerCore/Preview/PreviewPresenter.cpp')
      C:\Program Files (x86)\Microsoft Visual Studio\2022\BuildTools\VC\Tools\MSVC\14.44.35207\atlmfc\include\cstringt.h(999,7):
      see declaration of 'ATL::CStringT<wchar_t,ATL::StrTraitATL<wchar_t,ATL::ChTraitsCRT<wchar_t>>>'
  
C:\Users\mcmco\Desktop\WMMR\src\MovieMakerCore\StoryboardManager\MovieProject.h(394,40): warning C4251: 'StoryboardManager::MovieProject::m_arrMediaItems': 'ATL::CAtlArray<StoryboardManager::ProjectMediaItem,ATL::CElementTraits<E>>' needs to have dll-interface to be used by clients of 'StoryboardManager::MovieProject' [C:\Users\mcmco\Desktop\WMMR\build\src\MovieMakerCore\MovieMakerCore.vcxproj]
C:\Users\mcmco\Desktop\WMMR\src\MovieMakerCore\StoryboardManager\MovieProject.h(394,40): warning C4251:         with [C:\Users\mcmco\Desktop\WMMR\build\src\MovieMakerCore\MovieMakerCore.vcxproj]
C:\Users\mcmco\Desktop\WMMR\src\MovieMakerCore\StoryboardManager\MovieProject.h(394,40): warning C4251:         [ [C:\Users\mcmco\Desktop\WMMR\build\src\MovieMakerCore\MovieMakerCore.vcxproj]
C:\Users\mcmco\Desktop\WMMR\src\MovieMakerCore\StoryboardManager\MovieProject.h(394,40): warning C4251:             E=StoryboardManager::ProjectMediaItem [C:\Users\mcmco\Desktop\WMMR\build\src\MovieMakerCore\MovieMakerCore.vcxproj]
C:\Users\mcmco\Desktop\WMMR\src\MovieMakerCore\StoryboardManager\MovieProject.h(394,40): warning C4251:         ] [C:\Users\mcmco\Desktop\WMMR\build\src\MovieMakerCore\MovieMakerCore.vcxproj]
  (compiling source file '../../../src/MovieMakerCore/Preview/PreviewPresenter.cpp')
      C:\Program Files (x86)\Microsoft Visual Studio\2022\BuildTools\VC\Tools\MSVC\14.44.35207\atlmfc\include\atlcoll.h(530,7):
      see declaration of 'ATL::CAtlArray<StoryboardManager::ProjectMediaItem,ATL::CElementTraits<E>>'
          with
          [
              E=StoryboardManager::ProjectMediaItem
          ]
  
C:\Users\mcmco\Desktop\WMMR\src\MovieMakerCore\StoryboardManager\MovieProject.h(404,32): warning C4251: 'StoryboardManager::MovieProject::m_arrUndoStack': 'ATL::CAtlArray<StoryboardManager::MovieProject::UndoEntry *,ATL::CElementTraits<E>>' needs to have dll-interface to be used by clients of 'StoryboardManager::MovieProject' [C:\Users\mcmco\Desktop\WMMR\build\src\MovieMakerCore\MovieMakerCore.vcxproj]
C:\Users\mcmco\Desktop\WMMR\src\MovieMakerCore\StoryboardManager\MovieProject.h(404,32): warning C4251:         with [C:\Users\mcmco\Desktop\WMMR\build\src\MovieMakerCore\MovieMakerCore.vcxproj]
C:\Users\mcmco\Desktop\WMMR\src\MovieMakerCore\StoryboardManager\MovieProject.h(404,32): warning C4251:         [ [C:\Users\mcmco\Desktop\WMMR\build\src\MovieMakerCore\MovieMakerCore.vcxproj]
C:\Users\mcmco\Desktop\WMMR\src\MovieMakerCore\StoryboardManager\MovieProject.h(404,32): warning C4251:             E=StoryboardManager::MovieProject::UndoEntry * [C:\Users\mcmco\Desktop\WMMR\build\src\MovieMakerCore\MovieMakerCore.vcxproj]
C:\Users\mcmco\Desktop\WMMR\src\MovieMakerCore\StoryboardManager\MovieProject.h(404,32): warning C4251:         ] [C:\Users\mcmco\Desktop\WMMR\build\src\MovieMakerCore\MovieMakerCore.vcxproj]
  (compiling source file '../../../src/MovieMakerCore/Preview/PreviewPresenter.cpp')
      C:\Program Files (x86)\Microsoft Visual Studio\2022\BuildTools\VC\Tools\MSVC\14.44.35207\atlmfc\include\atlcoll.h(530,7):
      see declaration of 'ATL::CAtlArray<StoryboardManager::MovieProject::UndoEntry *,ATL::CElementTraits<E>>'
          with
          [
              E=StoryboardManager::MovieProject::UndoEntry *
          ]
  
  BoundPropertyDictionary.cpp
  TextProperty.cpp
C:\Users\mcmco\Desktop\WMMR\src\MovieMakerCore\pch.h(21,9): warning C4005: 'WINVER': macro redefinition [C:\Users\mcmco\Desktop\WMMR\build\src\MovieMakerCore\MovieMakerCore.vcxproj]
  (compiling source file '../../../src/MovieMakerCore/StoryboardManager/Serialization/BoundPropertyDictionary.cpp')
      C:\Users\mcmco\Desktop\WMMR\src\MovieMakerCore\pch.h(21,9):
      'WINVER' previously declared on the command line
  
C:\Users\mcmco\Desktop\WMMR\src\MovieMakerCore\pch.h(22,9): warning C4005: '_WIN32_WINNT': macro redefinition [C:\Users\mcmco\Desktop\WMMR\build\src\MovieMakerCore\MovieMakerCore.vcxproj]
  (compiling source file '../../../src/MovieMakerCore/StoryboardManager/Serialization/BoundPropertyDictionary.cpp')
      C:\Users\mcmco\Desktop\WMMR\src\MovieMakerCore\pch.h(22,9):
      '_WIN32_WINNT' previously declared on the command line
  
C:\Users\mcmco\Desktop\WMMR\src\MovieMakerCore\pch.h(30,9): warning C4005: 'WIN32_LEAN_AND_MEAN': macro redefinition [C:\Users\mcmco\Desktop\WMMR\build\src\MovieMakerCore\MovieMakerCore.vcxproj]
  (compiling source file '../../../src/MovieMakerCore/StoryboardManager/Serialization/BoundPropertyDictionary.cpp')
      C:\Users\mcmco\Desktop\WMMR\src\MovieMakerCore\pch.h(30,9):
      'WIN32_LEAN_AND_MEAN' previously declared on the command line
  
C:\Users\mcmco\Desktop\WMMR\src\MovieMakerCore\pch.h(31,9): warning C4005: 'NOMINMAX': macro redefinition [C:\Users\mcmco\Desktop\WMMR\build\src\MovieMakerCore\MovieMakerCore.vcxproj]
  (compiling source file '../../../src/MovieMakerCore/StoryboardManager/Serialization/BoundPropertyDictionary.cpp')
      C:\Users\mcmco\Desktop\WMMR\src\MovieMakerCore\pch.h(31,9):
      'NOMINMAX' previously declared on the command line
  
C:\Users\mcmco\Desktop\WMMR\src\MovieMakerCore\pch.h(32,9): warning C4005: '_CRT_SECURE_NO_WARNINGS': macro redefinition [C:\Users\mcmco\Desktop\WMMR\build\src\MovieMakerCore\MovieMakerCore.vcxproj]
  (compiling source file '../../../src/MovieMakerCore/StoryboardManager/Serialization/BoundPropertyDictionary.cpp')
      C:\Users\mcmco\Desktop\WMMR\src\MovieMakerCore\pch.h(32,9):
      '_CRT_SECURE_NO_WARNINGS' previously declared on the command line
  
C:\Users\mcmco\Desktop\WMMR\src\MovieMakerCore\pch.h(33,9): warning C4005: '_WINDLL': macro redefinition [C:\Users\mcmco\Desktop\WMMR\build\src\MovieMakerCore\MovieMakerCore.vcxproj]
  (compiling source file '../../../src/MovieMakerCore/StoryboardManager/Serialization/BoundPropertyDictionary.cpp')
      C:\Users\mcmco\Desktop\WMMR\src\MovieMakerCore\pch.h(33,9):
      '_WINDLL' previously declared on the command line
  
C:\Users\mcmco\Desktop\WMMR\src\MovieMakerCore\pch.h(34,9): warning C4005: '_AFXDLL': macro redefinition [C:\Users\mcmco\Desktop\WMMR\build\src\MovieMakerCore\MovieMakerCore.vcxproj]
  (compiling source file '../../../src/MovieMakerCore/StoryboardManager/Serialization/BoundPropertyDictionary.cpp')
      C:\Users\mcmco\Desktop\WMMR\src\MovieMakerCore\pch.h(34,9):
      '_AFXDLL' previously declared on the command line
  
C:\Users\mcmco\Desktop\WMMR\src\MovieMakerCore\pch.h(35,9): warning C4005: '_ATL_CSTRING_EXPLICIT_CONSTRUCTORS': macro redefinition [C:\Users\mcmco\Desktop\WMMR\build\src\MovieMakerCore\MovieMakerCore.vcxproj]
  (compiling source file '../../../src/MovieMakerCore/StoryboardManager/Serialization/BoundPropertyDictionary.cpp')
      C:\Users\mcmco\Desktop\WMMR\src\MovieMakerCore\pch.h(35,9):
      '_ATL_CSTRING_EXPLICIT_CONSTRUCTORS' previously declared on the command line
  
C:\Users\mcmco\Desktop\WMMR\src\MovieMakerCore\pch.h(36,9): warning C4005: '_ATL_ALL_WARNINGS': macro redefinition [C:\Users\mcmco\Desktop\WMMR\build\src\MovieMakerCore\MovieMakerCore.vcxproj]
  (compiling source file '../../../src/MovieMakerCore/StoryboardManager/Serialization/BoundPropertyDictionary.cpp')
      C:\Users\mcmco\Desktop\WMMR\src\MovieMakerCore\pch.h(36,9):
      '_ATL_ALL_WARNINGS' previously declared on the command line
  
C:\Users\mcmco\Desktop\WMMR\src\MovieMakerCore\pch.h(21,9): warning C4005: 'WINVER': macro redefinition [C:\Users\mcmco\Desktop\WMMR\build\src\MovieMakerCore\MovieMakerCore.vcxproj]
  (compiling source file '../../../src/MovieMakerCore/StoryboardManager/Serialization/TextProperty.cpp')
      C:\Users\mcmco\Desktop\WMMR\src\MovieMakerCore\pch.h(21,9):
      'WINVER' previously declared on the command line
  
C:\Users\mcmco\Desktop\WMMR\src\MovieMakerCore\pch.h(22,9): warning C4005: '_WIN32_WINNT': macro redefinition [C:\Users\mcmco\Desktop\WMMR\build\src\MovieMakerCore\MovieMakerCore.vcxproj]
  (compiling source file '../../../src/MovieMakerCore/StoryboardManager/Serialization/TextProperty.cpp')
      C:\Users\mcmco\Desktop\WMMR\src\MovieMakerCore\pch.h(22,9):
      '_WIN32_WINNT' previously declared on the command line
  
C:\Users\mcmco\Desktop\WMMR\src\MovieMakerCore\pch.h(30,9): warning C4005: 'WIN32_LEAN_AND_MEAN': macro redefinition [C:\Users\mcmco\Desktop\WMMR\build\src\MovieMakerCore\MovieMakerCore.vcxproj]
  (compiling source file '../../../src/MovieMakerCore/StoryboardManager/Serialization/TextProperty.cpp')
      C:\Users\mcmco\Desktop\WMMR\src\MovieMakerCore\pch.h(30,9):
      'WIN32_LEAN_AND_MEAN' previously declared on the command line
  
C:\Users\mcmco\Desktop\WMMR\src\MovieMakerCore\pch.h(31,9): warning C4005: 'NOMINMAX': macro redefinition [C:\Users\mcmco\Desktop\WMMR\build\src\MovieMakerCore\MovieMakerCore.vcxproj]
  (compiling source file '../../../src/MovieMakerCore/StoryboardManager/Serialization/TextProperty.cpp')
      C:\Users\mcmco\Desktop\WMMR\src\MovieMakerCore\pch.h(31,9):
      'NOMINMAX' previously declared on the command line
  
C:\Users\mcmco\Desktop\WMMR\src\MovieMakerCore\pch.h(32,9): warning C4005: '_CRT_SECURE_NO_WARNINGS': macro redefinition [C:\Users\mcmco\Desktop\WMMR\build\src\MovieMakerCore\MovieMakerCore.vcxproj]
  (compiling source file '../../../src/MovieMakerCore/StoryboardManager/Serialization/TextProperty.cpp')
      C:\Users\mcmco\Desktop\WMMR\src\MovieMakerCore\pch.h(32,9):
      '_CRT_SECURE_NO_WARNINGS' previously declared on the command line
  
C:\Users\mcmco\Desktop\WMMR\src\MovieMakerCore\pch.h(33,9): warning C4005: '_WINDLL': macro redefinition [C:\Users\mcmco\Desktop\WMMR\build\src\MovieMakerCore\MovieMakerCore.vcxproj]
  (compiling source file '../../../src/MovieMakerCore/StoryboardManager/Serialization/TextProperty.cpp')
      C:\Users\mcmco\Desktop\WMMR\src\MovieMakerCore\pch.h(33,9):
      '_WINDLL' previously declared on the command line
  
C:\Users\mcmco\Desktop\WMMR\src\MovieMakerCore\pch.h(34,9): warning C4005: '_AFXDLL': macro redefinition [C:\Users\mcmco\Desktop\WMMR\build\src\MovieMakerCore\MovieMakerCore.vcxproj]
  (compiling source file '../../../src/MovieMakerCore/StoryboardManager/Serialization/TextProperty.cpp')
      C:\Users\mcmco\Desktop\WMMR\src\MovieMakerCore\pch.h(34,9):
      '_AFXDLL' previously declared on the command line
  
C:\Users\mcmco\Desktop\WMMR\src\MovieMakerCore\pch.h(35,9): warning C4005: '_ATL_CSTRING_EXPLICIT_CONSTRUCTORS': macro redefinition [C:\Users\mcmco\Desktop\WMMR\build\src\MovieMakerCore\MovieMakerCore.vcxproj]
  (compiling source file '../../../src/MovieMakerCore/StoryboardManager/Serialization/TextProperty.cpp')
      C:\Users\mcmco\Desktop\WMMR\src\MovieMakerCore\pch.h(35,9):
      '_ATL_CSTRING_EXPLICIT_CONSTRUCTORS' previously declared on the command line
  
C:\Users\mcmco\Desktop\WMMR\src\MovieMakerCore\pch.h(36,9): warning C4005: '_ATL_ALL_WARNINGS': macro redefinition [C:\Users\mcmco\Desktop\WMMR\build\src\MovieMakerCore\MovieMakerCore.vcxproj]
  (compiling source file '../../../src/MovieMakerCore/StoryboardManager/Serialization/TextProperty.cpp')
      C:\Users\mcmco\Desktop\WMMR\src\MovieMakerCore\pch.h(36,9):
      '_ATL_ALL_WARNINGS' previously declared on the command line
  
C:\Users\mcmco\Desktop\WMMR\src\WLXPhotoBase\BaseTypes.h(536,18): warning C4251: 'Base::File::m_strPath': 'ATL::CStringT<wchar_t,ATL::StrTraitATL<wchar_t,ATL::ChTraitsCRT<wchar_t>>>' needs to have dll-interface to be used by clients of 'Base::File' [C:\Users\mcmco\Desktop\WMMR\build\src\MovieMakerCore\MovieMakerCore.vcxproj]
  (compiling source file '../../../src/MovieMakerCore/StoryboardManager/Serialization/SerializationContext.cpp')
      C:\Program Files (x86)\Microsoft Visual Studio\2022\BuildTools\VC\Tools\MSVC\14.44.35207\atlmfc\include\cstringt.h(999,7):
      see declaration of 'ATL::CStringT<wchar_t,ATL::StrTraitATL<wchar_t,ATL::ChTraitsCRT<wchar_t>>>'
  
C:\Users\mcmco\Desktop\WMMR\src\WLXPhotoBase\BaseTypes.h(568,18): warning C4251: 'Base::TempFile::m_strPath': 'ATL::CStringT<wchar_t,ATL::StrTraitATL<wchar_t,ATL::ChTraitsCRT<wchar_t>>>' needs to have dll-interface to be used by clients of 'Base::TempFile' [C:\Users\mcmco\Desktop\WMMR\build\src\MovieMakerCore\MovieMakerCore.vcxproj]
  (compiling source file '../../../src/MovieMakerCore/StoryboardManager/Serialization/SerializationContext.cpp')
      C:\Program Files (x86)\Microsoft Visual Studio\2022\BuildTools\VC\Tools\MSVC\14.44.35207\atlmfc\include\cstringt.h(999,7):
      see declaration of 'ATL::CStringT<wchar_t,ATL::StrTraitATL<wchar_t,ATL::ChTraitsCRT<wchar_t>>>'
  
C:\Users\mcmco\Desktop\WMMR\src\WLXPhotoBase\BaseTypes.h(661,21): warning C4251: 'Base::FindFile::m_strDirectory': 'ATL::CStringT<wchar_t,ATL::StrTraitATL<wchar_t,ATL::ChTraitsCRT<wchar_t>>>' needs to have dll-interface to be used by clients of 'Base::FindFile' [C:\Users\mcmco\Desktop\WMMR\build\src\MovieMakerCore\MovieMakerCore.vcxproj]
  (compiling source file '../../../src/MovieMakerCore/StoryboardManager/Serialization/SerializationContext.cpp')
      C:\Program Files (x86)\Microsoft Visual Studio\2022\BuildTools\VC\Tools\MSVC\14.44.35207\atlmfc\include\cstringt.h(999,7):
      see declaration of 'ATL::CStringT<wchar_t,ATL::StrTraitATL<wchar_t,ATL::ChTraitsCRT<wchar_t>>>'
  
C:\Users\mcmco\Desktop\WMMR\src\WLXPhotoBase\BaseTypes.h(724,25): warning C4251: 'Base::IntSet::m_values': 'ATL::CAtlArray<int,ATL::CElementTraits<int>>' needs to have dll-interface to be used by clients of 'Base::IntSet' [C:\Users\mcmco\Desktop\WMMR\build\src\MovieMakerCore\MovieMakerCore.vcxproj]
  (compiling source file '../../../src/MovieMakerCore/StoryboardManager/Serialization/SerializationContext.cpp')
      C:\Program Files (x86)\Microsoft Visual Studio\2022\BuildTools\VC\Tools\MSVC\14.44.35207\atlmfc\include\atlcoll.h(530,7):
      see declaration of 'ATL::CAtlArray<int,ATL::CElementTraits<int>>'
  
C:\Users\mcmco\Desktop\WMMR\src\MovieMakerCore\StoryboardManager\StoryboardManagerExceptions.h(56,18): warning C4251: 'StoryboardManager::StoryboardManagerException::m_strMessage': 'ATL::CStringT<wchar_t,ATL::StrTraitATL<wchar_t,ATL::ChTraitsCRT<wchar_t>>>' needs to have dll-interface to be used by clients of 'StoryboardManager::StoryboardManagerException' [C:\Users\mcmco\Desktop\WMMR\build\src\MovieMakerCore\MovieMakerCore.vcxproj]
  (compiling source file '../../../src/MovieMakerCore/StoryboardManager/Serialization/SerializationContext.cpp')
      C:\Program Files (x86)\Microsoft Visual Studio\2022\BuildTools\VC\Tools\MSVC\14.44.35207\atlmfc\include\cstringt.h(999,7):
      see declaration of 'ATL::CStringT<wchar_t,ATL::StrTraitATL<wchar_t,ATL::ChTraitsCRT<wchar_t>>>'
  
C:\Users\mcmco\Desktop\WMMR\src\MovieMakerCore\StoryboardManager\StoryboardManagerExceptions.h(86,18): warning C4251: 'StoryboardManager::TemplateInitializationException::m_strTemplateName': 'ATL::CStringT<wchar_t,ATL::StrTraitATL<wchar_t,ATL::ChTraitsCRT<wchar_t>>>' needs to have dll-interface to be used by clients of 'StoryboardManager::TemplateInitializationException' [C:\Users\mcmco\Desktop\WMMR\build\src\MovieMakerCore\MovieMakerCore.vcxproj]
  (compiling source file '../../../src/MovieMakerCore/StoryboardManager/Serialization/SerializationContext.cpp')
      C:\Program Files (x86)\Microsoft Visual Studio\2022\BuildTools\VC\Tools\MSVC\14.44.35207\atlmfc\include\cstringt.h(999,7):
      see declaration of 'ATL::CStringT<wchar_t,ATL::StrTraitATL<wchar_t,ATL::ChTraitsCRT<wchar_t>>>'
  
C:\Users\mcmco\Desktop\WMMR\src\MovieMakerCore\StoryboardManager\StoryboardManagerExceptions.h(119,18): warning C4251: 'StoryboardManager::ScriptInitializationException::m_strScriptPath': 'ATL::CStringT<wchar_t,ATL::StrTraitATL<wchar_t,ATL::ChTraitsCRT<wchar_t>>>' needs to have dll-interface to be used by clients of 'StoryboardManager::ScriptInitializationException' [C:\Users\mcmco\Desktop\WMMR\build\src\MovieMakerCore\MovieMakerCore.vcxproj]
  (compiling source file '../../../src/MovieMakerCore/StoryboardManager/Serialization/SerializationContext.cpp')
      C:\Program Files (x86)\Microsoft Visual Studio\2022\BuildTools\VC\Tools\MSVC\14.44.35207\atlmfc\include\cstringt.h(999,7):
      see declaration of 'ATL::CStringT<wchar_t,ATL::StrTraitATL<wchar_t,ATL::ChTraitsCRT<wchar_t>>>'
  
C:\Users\mcmco\Desktop\WMMR\src\MovieMakerCore\StoryboardManager\StoryboardManagerExceptions.h(120,18): warning C4251: 'StoryboardManager::ScriptInitializationException::m_strScriptEngineId': 'ATL::CStringT<wchar_t,ATL::StrTraitATL<wchar_t,ATL::ChTraitsCRT<wchar_t>>>' needs to have dll-interface to be used by clients of 'StoryboardManager::ScriptInitializationException' [C:\Users\mcmco\Desktop\WMMR\build\src\MovieMakerCore\MovieMakerCore.vcxproj]
  (compiling source file '../../../src/MovieMakerCore/StoryboardManager/Serialization/SerializationContext.cpp')
      C:\Program Files (x86)\Microsoft Visual Studio\2022\BuildTools\VC\Tools\MSVC\14.44.35207\atlmfc\include\cstringt.h(999,7):
      see declaration of 'ATL::CStringT<wchar_t,ATL::StrTraitATL<wchar_t,ATL::ChTraitsCRT<wchar_t>>>'
  
C:\Users\mcmco\Desktop\WMMR\src\MovieMakerCore\StoryboardManager\StoryboardManagerExceptions.h(156,18): warning C4251: 'StoryboardManager::EncodeInitializationException::m_strOutputFormat': 'ATL::CStringT<wchar_t,ATL::StrTraitATL<wchar_t,ATL::ChTraitsCRT<wchar_t>>>' needs to have dll-interface to be used by clients of 'StoryboardManager::EncodeInitializationException' [C:\Users\mcmco\Desktop\WMMR\build\src\MovieMakerCore\MovieMakerCore.vcxproj]
  (compiling source file '../../../src/MovieMakerCore/StoryboardManager/Serialization/SerializationContext.cpp')
      C:\Program Files (x86)\Microsoft Visual Studio\2022\BuildTools\VC\Tools\MSVC\14.44.35207\atlmfc\include\cstringt.h(999,7):
      see declaration of 'ATL::CStringT<wchar_t,ATL::StrTraitATL<wchar_t,ATL::ChTraitsCRT<wchar_t>>>'
  
C:\Users\mcmco\Desktop\WMMR\src\MovieMakerCore\StoryboardManager\StoryboardManagerExceptions.h(157,18): warning C4251: 'StoryboardManager::EncodeInitializationException::m_strCodecName': 'ATL::CStringT<wchar_t,ATL::StrTraitATL<wchar_t,ATL::ChTraitsCRT<wchar_t>>>' needs to have dll-interface to be used by clients of 'StoryboardManager::EncodeInitializationException' [C:\Users\mcmco\Desktop\WMMR\build\src\MovieMakerCore\MovieMakerCore.vcxproj]
  (compiling source file '../../../src/MovieMakerCore/StoryboardManager/Serialization/SerializationContext.cpp')
      C:\Program Files (x86)\Microsoft Visual Studio\2022\BuildTools\VC\Tools\MSVC\14.44.35207\atlmfc\include\cstringt.h(999,7):
      see declaration of 'ATL::CStringT<wchar_t,ATL::StrTraitATL<wchar_t,ATL::ChTraitsCRT<wchar_t>>>'
  
C:\Users\mcmco\Desktop\WMMR\src\MovieMakerCore\StoryboardManager\TimelineTrack.h(99,25): warning C4251: 'StoryboardManager::TimelineTrack::m_strDisplayName': 'ATL::CStringT<wchar_t,ATL::StrTraitATL<wchar_t,ATL::ChTraitsCRT<wchar_t>>>' needs to have dll-interface to be used by clients of 'StoryboardManager::TimelineTrack' [C:\Users\mcmco\Desktop\WMMR\build\src\MovieMakerCore\MovieMakerCore.vcxproj]
  (compiling source file '../../../src/MovieMakerCore/StoryboardManager/Serialization/SerializationContext.cpp')
      C:\Program Files (x86)\Microsoft Visual Studio\2022\BuildTools\VC\Tools\MSVC\14.44.35207\atlmfc\include\cstringt.h(999,7):
      see declaration of 'ATL::CStringT<wchar_t,ATL::StrTraitATL<wchar_t,ATL::ChTraitsCRT<wchar_t>>>'
  
C:\Users\mcmco\Desktop\WMMR\src\MovieMakerCore\StoryboardManager\TimelineTrack.h(106,25): error C2079: 'StoryboardManager::TimelineTrack::m_timeline' uses undefined class 'StoryboardManager::ProjectTimeline' [C:\Users\mcmco\Desktop\WMMR\build\src\MovieMakerCore\MovieMakerCore.vcxproj]
  (compiling source file '../../../src/MovieMakerCore/StoryboardManager/Serialization/SerializationContext.cpp')
  
C:\Users\mcmco\Desktop\WMMR\src\MovieMakerCore\StoryboardManager\TimelineTrack.h(151,36): warning C4251: 'StoryboardManager::TimelineTrackManager::m_arrTracks': 'ATL::CAtlArray<StoryboardManager::TimelineTrack *,ATL::CElementTraits<E>>' needs to have dll-interface to be used by clients of 'StoryboardManager::TimelineTrackManager' [C:\Users\mcmco\Desktop\WMMR\build\src\MovieMakerCore\MovieMakerCore.vcxproj]
C:\Users\mcmco\Desktop\WMMR\src\MovieMakerCore\StoryboardManager\TimelineTrack.h(151,36): warning C4251:         with [C:\Users\mcmco\Desktop\WMMR\build\src\MovieMakerCore\MovieMakerCore.vcxproj]
C:\Users\mcmco\Desktop\WMMR\src\MovieMakerCore\StoryboardManager\TimelineTrack.h(151,36): warning C4251:         [ [C:\Users\mcmco\Desktop\WMMR\build\src\MovieMakerCore\MovieMakerCore.vcxproj]
C:\Users\mcmco\Desktop\WMMR\src\MovieMakerCore\StoryboardManager\TimelineTrack.h(151,36): warning C4251:             E=StoryboardManager::TimelineTrack * [C:\Users\mcmco\Desktop\WMMR\build\src\MovieMakerCore\MovieMakerCore.vcxproj]
C:\Users\mcmco\Desktop\WMMR\src\MovieMakerCore\StoryboardManager\TimelineTrack.h(151,36): warning C4251:         ] [C:\Users\mcmco\Desktop\WMMR\build\src\MovieMakerCore\MovieMakerCore.vcxproj]
  (compiling source file '../../../src/MovieMakerCore/StoryboardManager/Serialization/SerializationContext.cpp')
      C:\Program Files (x86)\Microsoft Visual Studio\2022\BuildTools\VC\Tools\MSVC\14.44.35207\atlmfc\include\atlcoll.h(530,7):
      see declaration of 'ATL::CAtlArray<StoryboardManager::TimelineTrack *,ATL::CElementTraits<E>>'
          with
          [
              E=StoryboardManager::TimelineTrack *
          ]
  
C:\Users\mcmco\Desktop\WMMR\src\MovieMakerCore\StoryboardManager\MovieExtent.h(151,25): warning C4251: 'StoryboardManager::MovieExtent::m_strTitleText': 'ATL::CStringT<wchar_t,ATL::StrTraitATL<wchar_t,ATL::ChTraitsCRT<wchar_t>>>' needs to have dll-interface to be used by clients of 'StoryboardManager::MovieExtent' [C:\Users\mcmco\Desktop\WMMR\build\src\MovieMakerCore\MovieMakerCore.vcxproj]
  (compiling source file '../../../src/MovieMakerCore/StoryboardManager/Serialization/SerializationContext.cpp')
      C:\Program Files (x86)\Microsoft Visual Studio\2022\BuildTools\VC\Tools\MSVC\14.44.35207\atlmfc\include\cstringt.h(999,7):
      see declaration of 'ATL::CStringT<wchar_t,ATL::StrTraitATL<wchar_t,ATL::ChTraitsCRT<wchar_t>>>'
  
C:\Users\mcmco\Desktop\WMMR\src\MovieMakerCore\StoryboardManager\MovieExtent.h(152,25): warning C4251: 'StoryboardManager::MovieExtent::m_strTitleFontFamily': 'ATL::CStringT<wchar_t,ATL::StrTraitATL<wchar_t,ATL::ChTraitsCRT<wchar_t>>>' needs to have dll-interface to be used by clients of 'StoryboardManager::MovieExtent' [C:\Users\mcmco\Desktop\WMMR\build\src\MovieMakerCore\MovieMakerCore.vcxproj]
  (compiling source file '../../../src/MovieMakerCore/StoryboardManager/Serialization/SerializationContext.cpp')
      C:\Program Files (x86)\Microsoft Visual Studio\2022\BuildTools\VC\Tools\MSVC\14.44.35207\atlmfc\include\cstringt.h(999,7):
      see declaration of 'ATL::CStringT<wchar_t,ATL::StrTraitATL<wchar_t,ATL::ChTraitsCRT<wchar_t>>>'
  
C:\Users\mcmco\Desktop\WMMR\src\MovieMakerCore\StoryboardManager\Extents.h(104,37): warning C4251: 'StoryboardManager::ExtentCollection::m_arrExtents': 'ATL::CAtlArray<StoryboardManager::MovieExtent *,ATL::CElementTraits<E>>' needs to have dll-interface to be used by clients of 'StoryboardManager::ExtentCollection' [C:\Users\mcmco\Desktop\WMMR\build\src\MovieMakerCore\MovieMakerCore.vcxproj]
C:\Users\mcmco\Desktop\WMMR\src\MovieMakerCore\StoryboardManager\Extents.h(104,37): warning C4251:         with [C:\Users\mcmco\Desktop\WMMR\build\src\MovieMakerCore\MovieMakerCore.vcxproj]
C:\Users\mcmco\Desktop\WMMR\src\MovieMakerCore\StoryboardManager\Extents.h(104,37): warning C4251:         [ [C:\Users\mcmco\Desktop\WMMR\build\src\MovieMakerCore\MovieMakerCore.vcxproj]
C:\Users\mcmco\Desktop\WMMR\src\MovieMakerCore\StoryboardManager\Extents.h(104,37): warning C4251:             E=StoryboardManager::MovieExtent * [C:\Users\mcmco\Desktop\WMMR\build\src\MovieMakerCore\MovieMakerCore.vcxproj]
C:\Users\mcmco\Desktop\WMMR\src\MovieMakerCore\StoryboardManager\Extents.h(104,37): warning C4251:         ] [C:\Users\mcmco\Desktop\WMMR\build\src\MovieMakerCore\MovieMakerCore.vcxproj]
  (compiling source file '../../../src/MovieMakerCore/StoryboardManager/Serialization/SerializationContext.cpp')
      C:\Program Files (x86)\Microsoft Visual Studio\2022\BuildTools\VC\Tools\MSVC\14.44.35207\atlmfc\include\atlcoll.h(530,7):
      see declaration of 'ATL::CAtlArray<StoryboardManager::MovieExtent *,ATL::CElementTraits<E>>'
          with
          [
              E=StoryboardManager::MovieExtent *
          ]
  
C:\Users\mcmco\Desktop\WMMR\src\MovieMakerCore\StoryboardManager\Extents.h(158,27): warning C4251: 'StoryboardManager::ExtentIdSet::m_arrIds': 'ATL::CAtlArray<DWORD,ATL::CElementTraits<unsigned long>>' needs to have dll-interface to be used by clients of 'StoryboardManager::ExtentIdSet' [C:\Users\mcmco\Desktop\WMMR\build\src\MovieMakerCore\MovieMakerCore.vcxproj]
  (compiling source file '../../../src/MovieMakerCore/StoryboardManager/Serialization/SerializationContext.cpp')
      C:\Program Files (x86)\Microsoft Visual Studio\2022\BuildTools\VC\Tools\MSVC\14.44.35207\atlmfc\include\atlcoll.h(530,7):
      see declaration of 'ATL::CAtlArray<DWORD,ATL::CElementTraits<unsigned long>>'
  
C:\Users\mcmco\Desktop\WMMR\src\MovieMakerCore\StoryboardManager\Templates.h(127,25): warning C4251: 'StoryboardManager::ThemeEffect::m_strX3dClipName': 'ATL::CStringT<wchar_t,ATL::StrTraitATL<wchar_t,ATL::ChTraitsCRT<wchar_t>>>' needs to have dll-interface to be used by clients of 'StoryboardManager::ThemeEffect' [C:\Users\mcmco\Desktop\WMMR\build\src\MovieMakerCore\MovieMakerCore.vcxproj]
  (compiling source file '../../../src/MovieMakerCore/StoryboardManager/Serialization/SerializationContext.cpp')
      C:\Program Files (x86)\Microsoft Visual Studio\2022\BuildTools\VC\Tools\MSVC\14.44.35207\atlmfc\include\cstringt.h(999,7):
      see declaration of 'ATL::CStringT<wchar_t,ATL::StrTraitATL<wchar_t,ATL::ChTraitsCRT<wchar_t>>>'
  
C:\Users\mcmco\Desktop\WMMR\src\MovieMakerCore\StoryboardManager\Templates.h(135,31): warning C4251: 'StoryboardManager::ThemeEffect::m_arrParameters': 'ATL::CAtlArray<StoryboardManager::ThemeEffect::Parameter,ATL::CElementTraits<E>>' needs to have dll-interface to be used by clients of 'StoryboardManager::ThemeEffect' [C:\Users\mcmco\Desktop\WMMR\build\src\MovieMakerCore\MovieMakerCore.vcxproj]
C:\Users\mcmco\Desktop\WMMR\src\MovieMakerCore\StoryboardManager\Templates.h(135,31): warning C4251:         with [C:\Users\mcmco\Desktop\WMMR\build\src\MovieMakerCore\MovieMakerCore.vcxproj]
C:\Users\mcmco\Desktop\WMMR\src\MovieMakerCore\StoryboardManager\Templates.h(135,31): warning C4251:         [ [C:\Users\mcmco\Desktop\WMMR\build\src\MovieMakerCore\MovieMakerCore.vcxproj]
C:\Users\mcmco\Desktop\WMMR\src\MovieMakerCore\StoryboardManager\Templates.h(135,31): warning C4251:             E=StoryboardManager::ThemeEffect::Parameter [C:\Users\mcmco\Desktop\WMMR\build\src\MovieMakerCore\MovieMakerCore.vcxproj]
C:\Users\mcmco\Desktop\WMMR\src\MovieMakerCore\StoryboardManager\Templates.h(135,31): warning C4251:         ] [C:\Users\mcmco\Desktop\WMMR\build\src\MovieMakerCore\MovieMakerCore.vcxproj]
  (compiling source file '../../../src/MovieMakerCore/StoryboardManager/Serialization/SerializationContext.cpp')
      C:\Program Files (x86)\Microsoft Visual Studio\2022\BuildTools\VC\Tools\MSVC\14.44.35207\atlmfc\include\atlcoll.h(530,7):
      see declaration of 'ATL::CAtlArray<StoryboardManager::ThemeEffect::Parameter,ATL::CElementTraits<E>>'
          with
          [
              E=StoryboardManager::ThemeEffect::Parameter
          ]
  
C:\Users\mcmco\Desktop\WMMR\src\MovieMakerCore\StoryboardManager\Templates.h(206,21): warning C4251: 'StoryboardManager::AutoMovieTheme::m_strName': 'ATL::CStringT<wchar_t,ATL::StrTraitATL<wchar_t,ATL::ChTraitsCRT<wchar_t>>>' needs to have dll-interface to be used by clients of 'StoryboardManager::AutoMovieTheme' [C:\Users\mcmco\Desktop\WMMR\build\src\MovieMakerCore\MovieMakerCore.vcxproj]
  (compiling source file '../../../src/MovieMakerCore/StoryboardManager/Serialization/SerializationContext.cpp')
      C:\Program Files (x86)\Microsoft Visual Studio\2022\BuildTools\VC\Tools\MSVC\14.44.35207\atlmfc\include\cstringt.h(999,7):
      see declaration of 'ATL::CStringT<wchar_t,ATL::StrTraitATL<wchar_t,ATL::ChTraitsCRT<wchar_t>>>'
  
C:\Users\mcmco\Desktop\WMMR\src\MovieMakerCore\StoryboardManager\Templates.h(207,21): warning C4251: 'StoryboardManager::AutoMovieTheme::m_strDisplayName': 'ATL::CStringT<wchar_t,ATL::StrTraitATL<wchar_t,ATL::ChTraitsCRT<wchar_t>>>' needs to have dll-interface to be used by clients of 'StoryboardManager::AutoMovieTheme' [C:\Users\mcmco\Desktop\WMMR\build\src\MovieMakerCore\MovieMakerCore.vcxproj]
  (compiling source file '../../../src/MovieMakerCore/StoryboardManager/Serialization/SerializationContext.cpp')
      C:\Program Files (x86)\Microsoft Visual Studio\2022\BuildTools\VC\Tools\MSVC\14.44.35207\atlmfc\include\cstringt.h(999,7):
      see declaration of 'ATL::CStringT<wchar_t,ATL::StrTraitATL<wchar_t,ATL::ChTraitsCRT<wchar_t>>>'
  
C:\Users\mcmco\Desktop\WMMR\src\MovieMakerCore\StoryboardManager\Templates.h(208,21): warning C4251: 'StoryboardManager::AutoMovieTheme::m_strDescription': 'ATL::CStringT<wchar_t,ATL::StrTraitATL<wchar_t,ATL::ChTraitsCRT<wchar_t>>>' needs to have dll-interface to be used by clients of 'StoryboardManager::AutoMovieTheme' [C:\Users\mcmco\Desktop\WMMR\build\src\MovieMakerCore\MovieMakerCore.vcxproj]
  (compiling source file '../../../src/MovieMakerCore/StoryboardManager/Serialization/SerializationContext.cpp')
      C:\Program Files (x86)\Microsoft Visual Studio\2022\BuildTools\VC\Tools\MSVC\14.44.35207\atlmfc\include\cstringt.h(999,7):
      see declaration of 'ATL::CStringT<wchar_t,ATL::StrTraitATL<wchar_t,ATL::ChTraitsCRT<wchar_t>>>'
  
C:\Users\mcmco\Desktop\WMMR\src\MovieMakerCore\StoryboardManager\Templates.h(209,21): warning C4251: 'StoryboardManager::AutoMovieTheme::m_strThumbnailPath': 'ATL::CStringT<wchar_t,ATL::StrTraitATL<wchar_t,ATL::ChTraitsCRT<wchar_t>>>' needs to have dll-interface to be used by clients of 'StoryboardManager::AutoMovieTheme' [C:\Users\mcmco\Desktop\WMMR\build\src\MovieMakerCore\MovieMakerCore.vcxproj]
  (compiling source file '../../../src/MovieMakerCore/StoryboardManager/Serialization/SerializationContext.cpp')
      C:\Program Files (x86)\Microsoft Visual Studio\2022\BuildTools\VC\Tools\MSVC\14.44.35207\atlmfc\include\cstringt.h(999,7):
      see declaration of 'ATL::CStringT<wchar_t,ATL::StrTraitATL<wchar_t,ATL::ChTraitsCRT<wchar_t>>>'
  
C:\Users\mcmco\Desktop\WMMR\src\MovieMakerCore\StoryboardManager\Templates.h(210,21): warning C4251: 'StoryboardManager::AutoMovieTheme::m_strCategory': 'ATL::CStringT<wchar_t,ATL::StrTraitATL<wchar_t,ATL::ChTraitsCRT<wchar_t>>>' needs to have dll-interface to be used by clients of 'StoryboardManager::AutoMovieTheme' [C:\Users\mcmco\Desktop\WMMR\build\src\MovieMakerCore\MovieMakerCore.vcxproj]
  (compiling source file '../../../src/MovieMakerCore/StoryboardManager/Serialization/SerializationContext.cpp')
      C:\Program Files (x86)\Microsoft Visual Studio\2022\BuildTools\VC\Tools\MSVC\14.44.35207\atlmfc\include\cstringt.h(999,7):
      see declaration of 'ATL::CStringT<wchar_t,ATL::StrTraitATL<wchar_t,ATL::ChTraitsCRT<wchar_t>>>'
  
C:\Users\mcmco\Desktop\WMMR\src\MovieMakerCore\StoryboardManager\Templates.h(211,21): warning C4251: 'StoryboardManager::AutoMovieTheme::m_strTitleFontFamily': 'ATL::CStringT<wchar_t,ATL::StrTraitATL<wchar_t,ATL::ChTraitsCRT<wchar_t>>>' needs to have dll-interface to be used by clients of 'StoryboardManager::AutoMovieTheme' [C:\Users\mcmco\Desktop\WMMR\build\src\MovieMakerCore\MovieMakerCore.vcxproj]
  (compiling source file '../../../src/MovieMakerCore/StoryboardManager/Serialization/SerializationContext.cpp')
      C:\Program Files (x86)\Microsoft Visual Studio\2022\BuildTools\VC\Tools\MSVC\14.44.35207\atlmfc\include\cstringt.h(999,7):
      see declaration of 'ATL::CStringT<wchar_t,ATL::StrTraitATL<wchar_t,ATL::ChTraitsCRT<wchar_t>>>'
  
C:\Users\mcmco\Desktop\WMMR\src\MovieMakerCore\StoryboardManager\Templates.h(213,33): warning C4251: 'StoryboardManager::AutoMovieTheme::m_arrEffects': 'ATL::CAtlArray<StoryboardManager::ThemeEffect,ATL::CElementTraits<E>>' needs to have dll-interface to be used by clients of 'StoryboardManager::AutoMovieTheme' [C:\Users\mcmco\Desktop\WMMR\build\src\MovieMakerCore\MovieMakerCore.vcxproj]
C:\Users\mcmco\Desktop\WMMR\src\MovieMakerCore\StoryboardManager\Templates.h(213,33): warning C4251:         with [C:\Users\mcmco\Desktop\WMMR\build\src\MovieMakerCore\MovieMakerCore.vcxproj]
C:\Users\mcmco\Desktop\WMMR\src\MovieMakerCore\StoryboardManager\Templates.h(213,33): warning C4251:         [ [C:\Users\mcmco\Desktop\WMMR\build\src\MovieMakerCore\MovieMakerCore.vcxproj]
C:\Users\mcmco\Desktop\WMMR\src\MovieMakerCore\StoryboardManager\Templates.h(213,33): warning C4251:             E=StoryboardManager::ThemeEffect [C:\Users\mcmco\Desktop\WMMR\build\src\MovieMakerCore\MovieMakerCore.vcxproj]
C:\Users\mcmco\Desktop\WMMR\src\MovieMakerCore\StoryboardManager\Templates.h(213,33): warning C4251:         ] [C:\Users\mcmco\Desktop\WMMR\build\src\MovieMakerCore\MovieMakerCore.vcxproj]
  (compiling source file '../../../src/MovieMakerCore/StoryboardManager/Serialization/SerializationContext.cpp')
      C:\Program Files (x86)\Microsoft Visual Studio\2022\BuildTools\VC\Tools\MSVC\14.44.35207\atlmfc\include\atlcoll.h(530,7):
      see declaration of 'ATL::CAtlArray<StoryboardManager::ThemeEffect,ATL::CElementTraits<E>>'
          with
          [
              E=StoryboardManager::ThemeEffect
          ]
  
C:\Users\mcmco\Desktop\WMMR\src\MovieMakerCore\StoryboardManager\Templates.h(273,25): warning C4251: 'StoryboardManager::TemplateEntry::m_strName': 'ATL::CStringT<wchar_t,ATL::StrTraitATL<wchar_t,ATL::ChTraitsCRT<wchar_t>>>' needs to have dll-interface to be used by clients of 'StoryboardManager::TemplateEntry' [C:\Users\mcmco\Desktop\WMMR\build\src\MovieMakerCore\MovieMakerCore.vcxproj]
  (compiling source file '../../../src/MovieMakerCore/StoryboardManager/Serialization/SerializationContext.cpp')
      C:\Program Files (x86)\Microsoft Visual Studio\2022\BuildTools\VC\Tools\MSVC\14.44.35207\atlmfc\include\cstringt.h(999,7):
      see declaration of 'ATL::CStringT<wchar_t,ATL::StrTraitATL<wchar_t,ATL::ChTraitsCRT<wchar_t>>>'
  
C:\Users\mcmco\Desktop\WMMR\src\MovieMakerCore\StoryboardManager\Templates.h(274,25): warning C4251: 'StoryboardManager::TemplateEntry::m_strDisplayName': 'ATL::CStringT<wchar_t,ATL::StrTraitATL<wchar_t,ATL::ChTraitsCRT<wchar_t>>>' needs to have dll-interface to be used by clients of 'StoryboardManager::TemplateEntry' [C:\Users\mcmco\Desktop\WMMR\build\src\MovieMakerCore\MovieMakerCore.vcxproj]
  (compiling source file '../../../src/MovieMakerCore/StoryboardManager/Serialization/SerializationContext.cpp')
      C:\Program Files (x86)\Microsoft Visual Studio\2022\BuildTools\VC\Tools\MSVC\14.44.35207\atlmfc\include\cstringt.h(999,7):
      see declaration of 'ATL::CStringT<wchar_t,ATL::StrTraitATL<wchar_t,ATL::ChTraitsCRT<wchar_t>>>'
  
C:\Users\mcmco\Desktop\WMMR\src\MovieMakerCore\StoryboardManager\Templates.h(275,25): warning C4251: 'StoryboardManager::TemplateEntry::m_strDescription': 'ATL::CStringT<wchar_t,ATL::StrTraitATL<wchar_t,ATL::ChTraitsCRT<wchar_t>>>' needs to have dll-interface to be used by clients of 'StoryboardManager::TemplateEntry' [C:\Users\mcmco\Desktop\WMMR\build\src\MovieMakerCore\MovieMakerCore.vcxproj]
  (compiling source file '../../../src/MovieMakerCore/StoryboardManager/Serialization/SerializationContext.cpp')
      C:\Program Files (x86)\Microsoft Visual Studio\2022\BuildTools\VC\Tools\MSVC\14.44.35207\atlmfc\include\cstringt.h(999,7):
      see declaration of 'ATL::CStringT<wchar_t,ATL::StrTraitATL<wchar_t,ATL::ChTraitsCRT<wchar_t>>>'
  
C:\Users\mcmco\Desktop\WMMR\src\MovieMakerCore\StoryboardManager\Templates.h(276,25): warning C4251: 'StoryboardManager::TemplateEntry::m_strThumbnailPath': 'ATL::CStringT<wchar_t,ATL::StrTraitATL<wchar_t,ATL::ChTraitsCRT<wchar_t>>>' needs to have dll-interface to be used by clients of 'StoryboardManager::TemplateEntry' [C:\Users\mcmco\Desktop\WMMR\build\src\MovieMakerCore\MovieMakerCore.vcxproj]
  (compiling source file '../../../src/MovieMakerCore/StoryboardManager/Serialization/SerializationContext.cpp')
      C:\Program Files (x86)\Microsoft Visual Studio\2022\BuildTools\VC\Tools\MSVC\14.44.35207\atlmfc\include\cstringt.h(999,7):
      see declaration of 'ATL::CStringT<wchar_t,ATL::StrTraitATL<wchar_t,ATL::ChTraitsCRT<wchar_t>>>'
  
C:\Users\mcmco\Desktop\WMMR\src\MovieMakerCore\StoryboardManager\Templates.h(343,37): warning C4251: 'StoryboardManager::TemplateTable::m_arrTemplates': 'ATL::CAtlArray<StoryboardManager::TemplateEntry *,ATL::CElementTraits<E>>' needs to have dll-interface to be used by clients of 'StoryboardManager::TemplateTable' [C:\Users\mcmco\Desktop\WMMR\build\src\MovieMakerCore\MovieMakerCore.vcxproj]
C:\Users\mcmco\Desktop\WMMR\src\MovieMakerCore\StoryboardManager\Templates.h(343,37): warning C4251:         with [C:\Users\mcmco\Desktop\WMMR\build\src\MovieMakerCore\MovieMakerCore.vcxproj]
C:\Users\mcmco\Desktop\WMMR\src\MovieMakerCore\StoryboardManager\Templates.h(343,37): warning C4251:         [ [C:\Users\mcmco\Desktop\WMMR\build\src\MovieMakerCore\MovieMakerCore.vcxproj]
C:\Users\mcmco\Desktop\WMMR\src\MovieMakerCore\StoryboardManager\Templates.h(343,37): warning C4251:             E=StoryboardManager::TemplateEntry * [C:\Users\mcmco\Desktop\WMMR\build\src\MovieMakerCore\MovieMakerCore.vcxproj]
C:\Users\mcmco\Desktop\WMMR\src\MovieMakerCore\StoryboardManager\Templates.h(343,37): warning C4251:         ] [C:\Users\mcmco\Desktop\WMMR\build\src\MovieMakerCore\MovieMakerCore.vcxproj]
  (compiling source file '../../../src/MovieMakerCore/StoryboardManager/Serialization/SerializationContext.cpp')
      C:\Program Files (x86)\Microsoft Visual Studio\2022\BuildTools\VC\Tools\MSVC\14.44.35207\atlmfc\include\atlcoll.h(530,7):
      see declaration of 'ATL::CAtlArray<StoryboardManager::TemplateEntry *,ATL::CElementTraits<E>>'
          with
          [
              E=StoryboardManager::TemplateEntry *
          ]
  
C:\Users\mcmco\Desktop\WMMR\src\MovieMakerCore\StoryboardManager\Templates.h(344,37): warning C4251: 'StoryboardManager::TemplateTable::m_arrThemes': 'ATL::CAtlArray<StoryboardManager::AutoMovieTheme *,ATL::CElementTraits<E>>' needs to have dll-interface to be used by clients of 'StoryboardManager::TemplateTable' [C:\Users\mcmco\Desktop\WMMR\build\src\MovieMakerCore\MovieMakerCore.vcxproj]
C:\Users\mcmco\Desktop\WMMR\src\MovieMakerCore\StoryboardManager\Templates.h(344,37): warning C4251:         with [C:\Users\mcmco\Desktop\WMMR\build\src\MovieMakerCore\MovieMakerCore.vcxproj]
C:\Users\mcmco\Desktop\WMMR\src\MovieMakerCore\StoryboardManager\Templates.h(344,37): warning C4251:         [ [C:\Users\mcmco\Desktop\WMMR\build\src\MovieMakerCore\MovieMakerCore.vcxproj]
C:\Users\mcmco\Desktop\WMMR\src\MovieMakerCore\StoryboardManager\Templates.h(344,37): warning C4251:             E=StoryboardManager::AutoMovieTheme * [C:\Users\mcmco\Desktop\WMMR\build\src\MovieMakerCore\MovieMakerCore.vcxproj]
C:\Users\mcmco\Desktop\WMMR\src\MovieMakerCore\StoryboardManager\Templates.h(344,37): warning C4251:         ] [C:\Users\mcmco\Desktop\WMMR\build\src\MovieMakerCore\MovieMakerCore.vcxproj]
  (compiling source file '../../../src/MovieMakerCore/StoryboardManager/Serialization/SerializationContext.cpp')
      C:\Program Files (x86)\Microsoft Visual Studio\2022\BuildTools\VC\Tools\MSVC\14.44.35207\atlmfc\include\atlcoll.h(530,7):
      see declaration of 'ATL::CAtlArray<StoryboardManager::AutoMovieTheme *,ATL::CElementTraits<E>>'
          with
          [
              E=StoryboardManager::AutoMovieTheme *
          ]
  
C:\Users\mcmco\Desktop\WMMR\src\MovieMakerCore\StoryboardManager\MovieProject.h(119,18): warning C4251: 'StoryboardManager::ProjectMediaItem::m_strSourcePath': 'ATL::CStringT<wchar_t,ATL::StrTraitATL<wchar_t,ATL::ChTraitsCRT<wchar_t>>>' needs to have dll-interface to be used by clients of 'StoryboardManager::ProjectMediaItem' [C:\Users\mcmco\Desktop\WMMR\build\src\MovieMakerCore\MovieMakerCore.vcxproj]
  (compiling source file '../../../src/MovieMakerCore/StoryboardManager/Serialization/SerializationContext.cpp')
      C:\Program Files (x86)\Microsoft Visual Studio\2022\BuildTools\VC\Tools\MSVC\14.44.35207\atlmfc\include\cstringt.h(999,7):
      see declaration of 'ATL::CStringT<wchar_t,ATL::StrTraitATL<wchar_t,ATL::ChTraitsCRT<wchar_t>>>'
  
C:\Users\mcmco\Desktop\WMMR\src\MovieMakerCore\StoryboardManager\MovieProject.h(120,18): warning C4251: 'StoryboardManager::ProjectMediaItem::m_strThumbnailPath': 'ATL::CStringT<wchar_t,ATL::StrTraitATL<wchar_t,ATL::ChTraitsCRT<wchar_t>>>' needs to have dll-interface to be used by clients of 'StoryboardManager::ProjectMediaItem' [C:\Users\mcmco\Desktop\WMMR\build\src\MovieMakerCore\MovieMakerCore.vcxproj]
  (compiling source file '../../../src/MovieMakerCore/StoryboardManager/Serialization/SerializationContext.cpp')
      C:\Program Files (x86)\Microsoft Visual Studio\2022\BuildTools\VC\Tools\MSVC\14.44.35207\atlmfc\include\cstringt.h(999,7):
      see declaration of 'ATL::CStringT<wchar_t,ATL::StrTraitATL<wchar_t,ATL::ChTraitsCRT<wchar_t>>>'
  
C:\Users\mcmco\Desktop\WMMR\src\MovieMakerCore\StoryboardManager\MovieProject.h(127,18): warning C4251: 'StoryboardManager::ProjectMediaItem::m_strTags': 'ATL::CStringT<wchar_t,ATL::StrTraitATL<wchar_t,ATL::ChTraitsCRT<wchar_t>>>' needs to have dll-interface to be used by clients of 'StoryboardManager::ProjectMediaItem' [C:\Users\mcmco\Desktop\WMMR\build\src\MovieMakerCore\MovieMakerCore.vcxproj]
  (compiling source file '../../../src/MovieMakerCore/StoryboardManager/Serialization/SerializationContext.cpp')
      C:\Program Files (x86)\Microsoft Visual Studio\2022\BuildTools\VC\Tools\MSVC\14.44.35207\atlmfc\include\cstringt.h(999,7):
      see declaration of 'ATL::CStringT<wchar_t,ATL::StrTraitATL<wchar_t,ATL::ChTraitsCRT<wchar_t>>>'
  
C:\Users\mcmco\Desktop\WMMR\src\MovieMakerCore\StoryboardManager\MovieProject.h(130,18): warning C4251: 'StoryboardManager::ProjectMediaItem::m_strVideoCodec': 'ATL::CStringT<wchar_t,ATL::StrTraitATL<wchar_t,ATL::ChTraitsCRT<wchar_t>>>' needs to have dll-interface to be used by clients of 'StoryboardManager::ProjectMediaItem' [C:\Users\mcmco\Desktop\WMMR\build\src\MovieMakerCore\MovieMakerCore.vcxproj]
  (compiling source file '../../../src/MovieMakerCore/StoryboardManager/Serialization/SerializationContext.cpp')
      C:\Program Files (x86)\Microsoft Visual Studio\2022\BuildTools\VC\Tools\MSVC\14.44.35207\atlmfc\include\cstringt.h(999,7):
      see declaration of 'ATL::CStringT<wchar_t,ATL::StrTraitATL<wchar_t,ATL::ChTraitsCRT<wchar_t>>>'
  
C:\Users\mcmco\Desktop\WMMR\src\MovieMakerCore\StoryboardManager\MovieProject.h(131,18): warning C4251: 'StoryboardManager::ProjectMediaItem::m_strAudioCodec': 'ATL::CStringT<wchar_t,ATL::StrTraitATL<wchar_t,ATL::ChTraitsCRT<wchar_t>>>' needs to have dll-interface to be used by clients of 'StoryboardManager::ProjectMediaItem' [C:\Users\mcmco\Desktop\WMMR\build\src\MovieMakerCore\MovieMakerCore.vcxproj]
  (compiling source file '../../../src/MovieMakerCore/StoryboardManager/Serialization/SerializationContext.cpp')
      C:\Program Files (x86)\Microsoft Visual Studio\2022\BuildTools\VC\Tools\MSVC\14.44.35207\atlmfc\include\cstringt.h(999,7):
      see declaration of 'ATL::CStringT<wchar_t,ATL::StrTraitATL<wchar_t,ATL::ChTraitsCRT<wchar_t>>>'
  
C:\Users\mcmco\Desktop\WMMR\src\MovieMakerCore\StoryboardManager\MovieProject.h(176,29): warning C4251: 'StoryboardManager::ProjectTimeline::m_arrExtentIds': 'ATL::CAtlArray<DWORD,ATL::CElementTraits<unsigned long>>' needs to have dll-interface to be used by clients of 'StoryboardManager::ProjectTimeline' [C:\Users\mcmco\Desktop\WMMR\build\src\MovieMakerCore\MovieMakerCore.vcxproj]
  (compiling source file '../../../src/MovieMakerCore/StoryboardManager/Serialization/SerializationContext.cpp')
      C:\Program Files (x86)\Microsoft Visual Studio\2022\BuildTools\VC\Tools\MSVC\14.44.35207\atlmfc\include\atlcoll.h(530,7):
      see declaration of 'ATL::CAtlArray<DWORD,ATL::CElementTraits<unsigned long>>'
  
C:\Users\mcmco\Desktop\WMMR\src\MovieMakerCore\StoryboardManager\MovieProject.h(248,18): warning C4251: 'StoryboardManager::MovieProjectSettings::m_strProjectName': 'ATL::CStringT<wchar_t,ATL::StrTraitATL<wchar_t,ATL::ChTraitsCRT<wchar_t>>>' needs to have dll-interface to be used by clients of 'StoryboardManager::MovieProjectSettings' [C:\Users\mcmco\Desktop\WMMR\build\src\MovieMakerCore\MovieMakerCore.vcxproj]
  (compiling source file '../../../src/MovieMakerCore/StoryboardManager/Serialization/SerializationContext.cpp')
      C:\Program Files (x86)\Microsoft Visual Studio\2022\BuildTools\VC\Tools\MSVC\14.44.35207\atlmfc\include\cstringt.h(999,7):
      see declaration of 'ATL::CStringT<wchar_t,ATL::StrTraitATL<wchar_t,ATL::ChTraitsCRT<wchar_t>>>'
  
C:\Users\mcmco\Desktop\WMMR\src\MovieMakerCore\StoryboardManager\MovieProject.h(249,18): warning C4251: 'StoryboardManager::MovieProjectSettings::m_strAuthor': 'ATL::CStringT<wchar_t,ATL::StrTraitATL<wchar_t,ATL::ChTraitsCRT<wchar_t>>>' needs to have dll-interface to be used by clients of 'StoryboardManager::MovieProjectSettings' [C:\Users\mcmco\Desktop\WMMR\build\src\MovieMakerCore\MovieMakerCore.vcxproj]
  (compiling source file '../../../src/MovieMakerCore/StoryboardManager/Serialization/SerializationContext.cpp')
      C:\Program Files (x86)\Microsoft Visual Studio\2022\BuildTools\VC\Tools\MSVC\14.44.35207\atlmfc\include\cstringt.h(999,7):
      see declaration of 'ATL::CStringT<wchar_t,ATL::StrTraitATL<wchar_t,ATL::ChTraitsCRT<wchar_t>>>'
  
C:\Users\mcmco\Desktop\WMMR\src\MovieMakerCore\StoryboardManager\MovieProject.h(390,25): warning C4251: 'StoryboardManager::MovieProject::m_strProjectPath': 'ATL::CStringT<wchar_t,ATL::StrTraitATL<wchar_t,ATL::ChTraitsCRT<wchar_t>>>' needs to have dll-interface to be used by clients of 'StoryboardManager::MovieProject' [C:\Users\mcmco\Desktop\WMMR\build\src\MovieMakerCore\MovieMakerCore.vcxproj]
  (compiling source file '../../../src/MovieMakerCore/StoryboardManager/Serialization/SerializationContext.cpp')
      C:\Program Files (x86)\Microsoft Visual Studio\2022\BuildTools\VC\Tools\MSVC\14.44.35207\atlmfc\include\cstringt.h(999,7):
      see declaration of 'ATL::CStringT<wchar_t,ATL::StrTraitATL<wchar_t,ATL::ChTraitsCRT<wchar_t>>>'
  
C:\Users\mcmco\Desktop\WMMR\src\MovieMakerCore\StoryboardManager\MovieProject.h(394,40): warning C4251: 'StoryboardManager::MovieProject::m_arrMediaItems': 'ATL::CAtlArray<StoryboardManager::ProjectMediaItem,ATL::CElementTraits<E>>' needs to have dll-interface to be used by clients of 'StoryboardManager::MovieProject' [C:\Users\mcmco\Desktop\WMMR\build\src\MovieMakerCore\MovieMakerCore.vcxproj]
C:\Users\mcmco\Desktop\WMMR\src\MovieMakerCore\StoryboardManager\MovieProject.h(394,40): warning C4251:         with [C:\Users\mcmco\Desktop\WMMR\build\src\MovieMakerCore\MovieMakerCore.vcxproj]
C:\Users\mcmco\Desktop\WMMR\src\MovieMakerCore\StoryboardManager\MovieProject.h(394,40): warning C4251:         [ [C:\Users\mcmco\Desktop\WMMR\build\src\MovieMakerCore\MovieMakerCore.vcxproj]
C:\Users\mcmco\Desktop\WMMR\src\MovieMakerCore\StoryboardManager\MovieProject.h(394,40): warning C4251:             E=StoryboardManager::ProjectMediaItem [C:\Users\mcmco\Desktop\WMMR\build\src\MovieMakerCore\MovieMakerCore.vcxproj]
C:\Users\mcmco\Desktop\WMMR\src\MovieMakerCore\StoryboardManager\MovieProject.h(394,40): warning C4251:         ] [C:\Users\mcmco\Desktop\WMMR\build\src\MovieMakerCore\MovieMakerCore.vcxproj]
  (compiling source file '../../../src/MovieMakerCore/StoryboardManager/Serialization/SerializationContext.cpp')
      C:\Program Files (x86)\Microsoft Visual Studio\2022\BuildTools\VC\Tools\MSVC\14.44.35207\atlmfc\include\atlcoll.h(530,7):
      see declaration of 'ATL::CAtlArray<StoryboardManager::ProjectMediaItem,ATL::CElementTraits<E>>'
          with
          [
              E=StoryboardManager::ProjectMediaItem
          ]
  
C:\Users\mcmco\Desktop\WMMR\src\MovieMakerCore\StoryboardManager\MovieProject.h(404,32): warning C4251: 'StoryboardManager::MovieProject::m_arrUndoStack': 'ATL::CAtlArray<StoryboardManager::MovieProject::UndoEntry *,ATL::CElementTraits<E>>' needs to have dll-interface to be used by clients of 'StoryboardManager::MovieProject' [C:\Users\mcmco\Desktop\WMMR\build\src\MovieMakerCore\MovieMakerCore.vcxproj]
C:\Users\mcmco\Desktop\WMMR\src\MovieMakerCore\StoryboardManager\MovieProject.h(404,32): warning C4251:         with [C:\Users\mcmco\Desktop\WMMR\build\src\MovieMakerCore\MovieMakerCore.vcxproj]
C:\Users\mcmco\Desktop\WMMR\src\MovieMakerCore\StoryboardManager\MovieProject.h(404,32): warning C4251:         [ [C:\Users\mcmco\Desktop\WMMR\build\src\MovieMakerCore\MovieMakerCore.vcxproj]
C:\Users\mcmco\Desktop\WMMR\src\MovieMakerCore\StoryboardManager\MovieProject.h(404,32): warning C4251:             E=StoryboardManager::MovieProject::UndoEntry * [C:\Users\mcmco\Desktop\WMMR\build\src\MovieMakerCore\MovieMakerCore.vcxproj]
C:\Users\mcmco\Desktop\WMMR\src\MovieMakerCore\StoryboardManager\MovieProject.h(404,32): warning C4251:         ] [C:\Users\mcmco\Desktop\WMMR\build\src\MovieMakerCore\MovieMakerCore.vcxproj]
  (compiling source file '../../../src/MovieMakerCore/StoryboardManager/Serialization/SerializationContext.cpp')
      C:\Program Files (x86)\Microsoft Visual Studio\2022\BuildTools\VC\Tools\MSVC\14.44.35207\atlmfc\include\atlcoll.h(530,7):
      see declaration of 'ATL::CAtlArray<StoryboardManager::MovieProject::UndoEntry *,ATL::CElementTraits<E>>'
          with
          [
              E=StoryboardManager::MovieProject::UndoEntry *
          ]
  
C:\Users\mcmco\Desktop\WMMR\src\MovieMakerCore\StoryboardManager\Serialization\SerializationContext.h(117,26): warning C4251: 'StoryboardManager::SerializationContext::m_version': 'StoryboardManager::SerializationVersion' needs to have dll-interface to be used by clients of 'StoryboardManager::SerializationContext' [C:\Users\mcmco\Desktop\WMMR\build\src\MovieMakerCore\MovieMakerCore.vcxproj]
  (compiling source file '../../../src/MovieMakerCore/StoryboardManager/Serialization/SerializationContext.cpp')
      C:\Users\mcmco\Desktop\WMMR\src\MovieMakerCore\StoryboardManager\Serialization\SerializationContext.h(42,8):
      see declaration of 'StoryboardManager::SerializationVersion'
  
  BoundPlaceholder.cpp
C:\Users\mcmco\Desktop\WMMR\src\MovieMakerCore\pch.h(21,9): warning C4005: 'WINVER': macro redefinition [C:\Users\mcmco\Desktop\WMMR\build\src\MovieMakerCore\MovieMakerCore.vcxproj]
  (compiling source file '../../../src/MovieMakerCore/StoryboardManager/Serialization/BoundPlaceholder.cpp')
      C:\Users\mcmco\Desktop\WMMR\src\MovieMakerCore\pch.h(21,9):
      'WINVER' previously declared on the command line
  
C:\Users\mcmco\Desktop\WMMR\src\MovieMakerCore\pch.h(22,9): warning C4005: '_WIN32_WINNT': macro redefinition [C:\Users\mcmco\Desktop\WMMR\build\src\MovieMakerCore\MovieMakerCore.vcxproj]
  (compiling source file '../../../src/MovieMakerCore/StoryboardManager/Serialization/BoundPlaceholder.cpp')
      C:\Users\mcmco\Desktop\WMMR\src\MovieMakerCore\pch.h(22,9):
      '_WIN32_WINNT' previously declared on the command line
  
C:\Users\mcmco\Desktop\WMMR\src\MovieMakerCore\pch.h(30,9): warning C4005: 'WIN32_LEAN_AND_MEAN': macro redefinition [C:\Users\mcmco\Desktop\WMMR\build\src\MovieMakerCore\MovieMakerCore.vcxproj]
  (compiling source file '../../../src/MovieMakerCore/StoryboardManager/Serialization/BoundPlaceholder.cpp')
      C:\Users\mcmco\Desktop\WMMR\src\MovieMakerCore\pch.h(30,9):
      'WIN32_LEAN_AND_MEAN' previously declared on the command line
  
C:\Users\mcmco\Desktop\WMMR\src\MovieMakerCore\pch.h(31,9): warning C4005: 'NOMINMAX': macro redefinition [C:\Users\mcmco\Desktop\WMMR\build\src\MovieMakerCore\MovieMakerCore.vcxproj]
  (compiling source file '../../../src/MovieMakerCore/StoryboardManager/Serialization/BoundPlaceholder.cpp')
      C:\Users\mcmco\Desktop\WMMR\src\MovieMakerCore\pch.h(31,9):
      'NOMINMAX' previously declared on the command line
  
C:\Users\mcmco\Desktop\WMMR\src\MovieMakerCore\pch.h(32,9): warning C4005: '_CRT_SECURE_NO_WARNINGS': macro redefinition [C:\Users\mcmco\Desktop\WMMR\build\src\MovieMakerCore\MovieMakerCore.vcxproj]
  (compiling source file '../../../src/MovieMakerCore/StoryboardManager/Serialization/BoundPlaceholder.cpp')
      C:\Users\mcmco\Desktop\WMMR\src\MovieMakerCore\pch.h(32,9):
      '_CRT_SECURE_NO_WARNINGS' previously declared on the command line
  
C:\Users\mcmco\Desktop\WMMR\src\MovieMakerCore\pch.h(33,9): warning C4005: '_WINDLL': macro redefinition [C:\Users\mcmco\Desktop\WMMR\build\src\MovieMakerCore\MovieMakerCore.vcxproj]
  (compiling source file '../../../src/MovieMakerCore/StoryboardManager/Serialization/BoundPlaceholder.cpp')
      C:\Users\mcmco\Desktop\WMMR\src\MovieMakerCore\pch.h(33,9):
      '_WINDLL' previously declared on the command line
  
C:\Users\mcmco\Desktop\WMMR\src\MovieMakerCore\pch.h(34,9): warning C4005: '_AFXDLL': macro redefinition [C:\Users\mcmco\Desktop\WMMR\build\src\MovieMakerCore\MovieMakerCore.vcxproj]
  (compiling source file '../../../src/MovieMakerCore/StoryboardManager/Serialization/BoundPlaceholder.cpp')
      C:\Users\mcmco\Desktop\WMMR\src\MovieMakerCore\pch.h(34,9):
      '_AFXDLL' previously declared on the command line
  
C:\Users\mcmco\Desktop\WMMR\src\MovieMakerCore\pch.h(35,9): warning C4005: '_ATL_CSTRING_EXPLICIT_CONSTRUCTORS': macro redefinition [C:\Users\mcmco\Desktop\WMMR\build\src\MovieMakerCore\MovieMakerCore.vcxproj]
  (compiling source file '../../../src/MovieMakerCore/StoryboardManager/Serialization/BoundPlaceholder.cpp')
      C:\Users\mcmco\Desktop\WMMR\src\MovieMakerCore\pch.h(35,9):
      '_ATL_CSTRING_EXPLICIT_CONSTRUCTORS' previously declared on the command line
  
C:\Users\mcmco\Desktop\WMMR\src\MovieMakerCore\pch.h(36,9): warning C4005: '_ATL_ALL_WARNINGS': macro redefinition [C:\Users\mcmco\Desktop\WMMR\build\src\MovieMakerCore\MovieMakerCore.vcxproj]
  (compiling source file '../../../src/MovieMakerCore/StoryboardManager/Serialization/BoundPlaceholder.cpp')
      C:\Users\mcmco\Desktop\WMMR\src\MovieMakerCore\pch.h(36,9):
      '_ATL_ALL_WARNINGS' previously declared on the command line
  
C:\Users\mcmco\Desktop\WMMR\src\WLXPhotoBase\BaseTypes.h(536,18): warning C4251: 'Base::File::m_strPath': 'ATL::CStringT<wchar_t,ATL::StrTraitATL<wchar_t,ATL::ChTraitsCRT<wchar_t>>>' needs to have dll-interface to be used by clients of 'Base::File' [C:\Users\mcmco\Desktop\WMMR\build\src\MovieMakerCore\MovieMakerCore.vcxproj]
  (compiling source file '../../../src/MovieMakerCore/StoryboardManager/Serialization/SerializationReader.cpp')
      C:\Program Files (x86)\Microsoft Visual Studio\2022\BuildTools\VC\Tools\MSVC\14.44.35207\atlmfc\include\cstringt.h(999,7):
      see declaration of 'ATL::CStringT<wchar_t,ATL::StrTraitATL<wchar_t,ATL::ChTraitsCRT<wchar_t>>>'
  
C:\Users\mcmco\Desktop\WMMR\src\WLXPhotoBase\BaseTypes.h(568,18): warning C4251: 'Base::TempFile::m_strPath': 'ATL::CStringT<wchar_t,ATL::StrTraitATL<wchar_t,ATL::ChTraitsCRT<wchar_t>>>' needs to have dll-interface to be used by clients of 'Base::TempFile' [C:\Users\mcmco\Desktop\WMMR\build\src\MovieMakerCore\MovieMakerCore.vcxproj]
  (compiling source file '../../../src/MovieMakerCore/StoryboardManager/Serialization/SerializationReader.cpp')
      C:\Program Files (x86)\Microsoft Visual Studio\2022\BuildTools\VC\Tools\MSVC\14.44.35207\atlmfc\include\cstringt.h(999,7):
      see declaration of 'ATL::CStringT<wchar_t,ATL::StrTraitATL<wchar_t,ATL::ChTraitsCRT<wchar_t>>>'
  
C:\Users\mcmco\Desktop\WMMR\src\WLXPhotoBase\BaseTypes.h(661,21): warning C4251: 'Base::FindFile::m_strDirectory': 'ATL::CStringT<wchar_t,ATL::StrTraitATL<wchar_t,ATL::ChTraitsCRT<wchar_t>>>' needs to have dll-interface to be used by clients of 'Base::FindFile' [C:\Users\mcmco\Desktop\WMMR\build\src\MovieMakerCore\MovieMakerCore.vcxproj]
  (compiling source file '../../../src/MovieMakerCore/StoryboardManager/Serialization/SerializationReader.cpp')
      C:\Program Files (x86)\Microsoft Visual Studio\2022\BuildTools\VC\Tools\MSVC\14.44.35207\atlmfc\include\cstringt.h(999,7):
      see declaration of 'ATL::CStringT<wchar_t,ATL::StrTraitATL<wchar_t,ATL::ChTraitsCRT<wchar_t>>>'
  
C:\Users\mcmco\Desktop\WMMR\src\WLXPhotoBase\BaseTypes.h(724,25): warning C4251: 'Base::IntSet::m_values': 'ATL::CAtlArray<int,ATL::CElementTraits<int>>' needs to have dll-interface to be used by clients of 'Base::IntSet' [C:\Users\mcmco\Desktop\WMMR\build\src\MovieMakerCore\MovieMakerCore.vcxproj]
  (compiling source file '../../../src/MovieMakerCore/StoryboardManager/Serialization/SerializationReader.cpp')
      C:\Program Files (x86)\Microsoft Visual Studio\2022\BuildTools\VC\Tools\MSVC\14.44.35207\atlmfc\include\atlcoll.h(530,7):
      see declaration of 'ATL::CAtlArray<int,ATL::CElementTraits<int>>'
  
C:\Users\mcmco\Desktop\WMMR\src\MovieMakerCore\StoryboardManager\StoryboardManagerExceptions.h(56,18): warning C4251: 'StoryboardManager::StoryboardManagerException::m_strMessage': 'ATL::CStringT<wchar_t,ATL::StrTraitATL<wchar_t,ATL::ChTraitsCRT<wchar_t>>>' needs to have dll-interface to be used by clients of 'StoryboardManager::StoryboardManagerException' [C:\Users\mcmco\Desktop\WMMR\build\src\MovieMakerCore\MovieMakerCore.vcxproj]
  (compiling source file '../../../src/MovieMakerCore/StoryboardManager/Serialization/SerializationReader.cpp')
      C:\Program Files (x86)\Microsoft Visual Studio\2022\BuildTools\VC\Tools\MSVC\14.44.35207\atlmfc\include\cstringt.h(999,7):
      see declaration of 'ATL::CStringT<wchar_t,ATL::StrTraitATL<wchar_t,ATL::ChTraitsCRT<wchar_t>>>'
  
C:\Users\mcmco\Desktop\WMMR\src\MovieMakerCore\StoryboardManager\StoryboardManagerExceptions.h(86,18): warning C4251: 'StoryboardManager::TemplateInitializationException::m_strTemplateName': 'ATL::CStringT<wchar_t,ATL::StrTraitATL<wchar_t,ATL::ChTraitsCRT<wchar_t>>>' needs to have dll-interface to be used by clients of 'StoryboardManager::TemplateInitializationException' [C:\Users\mcmco\Desktop\WMMR\build\src\MovieMakerCore\MovieMakerCore.vcxproj]
  (compiling source file '../../../src/MovieMakerCore/StoryboardManager/Serialization/SerializationReader.cpp')
      C:\Program Files (x86)\Microsoft Visual Studio\2022\BuildTools\VC\Tools\MSVC\14.44.35207\atlmfc\include\cstringt.h(999,7):
      see declaration of 'ATL::CStringT<wchar_t,ATL::StrTraitATL<wchar_t,ATL::ChTraitsCRT<wchar_t>>>'
  
C:\Users\mcmco\Desktop\WMMR\src\MovieMakerCore\StoryboardManager\StoryboardManagerExceptions.h(119,18): warning C4251: 'StoryboardManager::ScriptInitializationException::m_strScriptPath': 'ATL::CStringT<wchar_t,ATL::StrTraitATL<wchar_t,ATL::ChTraitsCRT<wchar_t>>>' needs to have dll-interface to be used by clients of 'StoryboardManager::ScriptInitializationException' [C:\Users\mcmco\Desktop\WMMR\build\src\MovieMakerCore\MovieMakerCore.vcxproj]
  (compiling source file '../../../src/MovieMakerCore/StoryboardManager/Serialization/SerializationReader.cpp')
      C:\Program Files (x86)\Microsoft Visual Studio\2022\BuildTools\VC\Tools\MSVC\14.44.35207\atlmfc\include\cstringt.h(999,7):
      see declaration of 'ATL::CStringT<wchar_t,ATL::StrTraitATL<wchar_t,ATL::ChTraitsCRT<wchar_t>>>'
  
C:\Users\mcmco\Desktop\WMMR\src\MovieMakerCore\StoryboardManager\StoryboardManagerExceptions.h(120,18): warning C4251: 'StoryboardManager::ScriptInitializationException::m_strScriptEngineId': 'ATL::CStringT<wchar_t,ATL::StrTraitATL<wchar_t,ATL::ChTraitsCRT<wchar_t>>>' needs to have dll-interface to be used by clients of 'StoryboardManager::ScriptInitializationException' [C:\Users\mcmco\Desktop\WMMR\build\src\MovieMakerCore\MovieMakerCore.vcxproj]
  (compiling source file '../../../src/MovieMakerCore/StoryboardManager/Serialization/SerializationReader.cpp')
      C:\Program Files (x86)\Microsoft Visual Studio\2022\BuildTools\VC\Tools\MSVC\14.44.35207\atlmfc\include\cstringt.h(999,7):
      see declaration of 'ATL::CStringT<wchar_t,ATL::StrTraitATL<wchar_t,ATL::ChTraitsCRT<wchar_t>>>'
  
C:\Users\mcmco\Desktop\WMMR\src\MovieMakerCore\StoryboardManager\StoryboardManagerExceptions.h(156,18): warning C4251: 'StoryboardManager::EncodeInitializationException::m_strOutputFormat': 'ATL::CStringT<wchar_t,ATL::StrTraitATL<wchar_t,ATL::ChTraitsCRT<wchar_t>>>' needs to have dll-interface to be used by clients of 'StoryboardManager::EncodeInitializationException' [C:\Users\mcmco\Desktop\WMMR\build\src\MovieMakerCore\MovieMakerCore.vcxproj]
  (compiling source file '../../../src/MovieMakerCore/StoryboardManager/Serialization/SerializationReader.cpp')
      C:\Program Files (x86)\Microsoft Visual Studio\2022\BuildTools\VC\Tools\MSVC\14.44.35207\atlmfc\include\cstringt.h(999,7):
      see declaration of 'ATL::CStringT<wchar_t,ATL::StrTraitATL<wchar_t,ATL::ChTraitsCRT<wchar_t>>>'
  
C:\Users\mcmco\Desktop\WMMR\src\MovieMakerCore\StoryboardManager\StoryboardManagerExceptions.h(157,18): warning C4251: 'StoryboardManager::EncodeInitializationException::m_strCodecName': 'ATL::CStringT<wchar_t,ATL::StrTraitATL<wchar_t,ATL::ChTraitsCRT<wchar_t>>>' needs to have dll-interface to be used by clients of 'StoryboardManager::EncodeInitializationException' [C:\Users\mcmco\Desktop\WMMR\build\src\MovieMakerCore\MovieMakerCore.vcxproj]
  (compiling source file '../../../src/MovieMakerCore/StoryboardManager/Serialization/SerializationReader.cpp')
      C:\Program Files (x86)\Microsoft Visual Studio\2022\BuildTools\VC\Tools\MSVC\14.44.35207\atlmfc\include\cstringt.h(999,7):
      see declaration of 'ATL::CStringT<wchar_t,ATL::StrTraitATL<wchar_t,ATL::ChTraitsCRT<wchar_t>>>'
  
C:\Users\mcmco\Desktop\WMMR\src\MovieMakerCore\StoryboardManager\TimelineTrack.h(99,25): warning C4251: 'StoryboardManager::TimelineTrack::m_strDisplayName': 'ATL::CStringT<wchar_t,ATL::StrTraitATL<wchar_t,ATL::ChTraitsCRT<wchar_t>>>' needs to have dll-interface to be used by clients of 'StoryboardManager::TimelineTrack' [C:\Users\mcmco\Desktop\WMMR\build\src\MovieMakerCore\MovieMakerCore.vcxproj]
  (compiling source file '../../../src/MovieMakerCore/StoryboardManager/Serialization/SerializationReader.cpp')
      C:\Program Files (x86)\Microsoft Visual Studio\2022\BuildTools\VC\Tools\MSVC\14.44.35207\atlmfc\include\cstringt.h(999,7):
      see declaration of 'ATL::CStringT<wchar_t,ATL::StrTraitATL<wchar_t,ATL::ChTraitsCRT<wchar_t>>>'
  
C:\Users\mcmco\Desktop\WMMR\src\MovieMakerCore\StoryboardManager\TimelineTrack.h(106,25): error C2079: 'StoryboardManager::TimelineTrack::m_timeline' uses undefined class 'StoryboardManager::ProjectTimeline' [C:\Users\mcmco\Desktop\WMMR\build\src\MovieMakerCore\MovieMakerCore.vcxproj]
  (compiling source file '../../../src/MovieMakerCore/StoryboardManager/Serialization/SerializationReader.cpp')
  
C:\Users\mcmco\Desktop\WMMR\src\MovieMakerCore\StoryboardManager\TimelineTrack.h(151,36): warning C4251: 'StoryboardManager::TimelineTrackManager::m_arrTracks': 'ATL::CAtlArray<StoryboardManager::TimelineTrack *,ATL::CElementTraits<E>>' needs to have dll-interface to be used by clients of 'StoryboardManager::TimelineTrackManager' [C:\Users\mcmco\Desktop\WMMR\build\src\MovieMakerCore\MovieMakerCore.vcxproj]
C:\Users\mcmco\Desktop\WMMR\src\MovieMakerCore\StoryboardManager\TimelineTrack.h(151,36): warning C4251:         with [C:\Users\mcmco\Desktop\WMMR\build\src\MovieMakerCore\MovieMakerCore.vcxproj]
C:\Users\mcmco\Desktop\WMMR\src\MovieMakerCore\StoryboardManager\TimelineTrack.h(151,36): warning C4251:         [ [C:\Users\mcmco\Desktop\WMMR\build\src\MovieMakerCore\MovieMakerCore.vcxproj]
C:\Users\mcmco\Desktop\WMMR\src\MovieMakerCore\StoryboardManager\TimelineTrack.h(151,36): warning C4251:             E=StoryboardManager::TimelineTrack * [C:\Users\mcmco\Desktop\WMMR\build\src\MovieMakerCore\MovieMakerCore.vcxproj]
C:\Users\mcmco\Desktop\WMMR\src\MovieMakerCore\StoryboardManager\TimelineTrack.h(151,36): warning C4251:         ] [C:\Users\mcmco\Desktop\WMMR\build\src\MovieMakerCore\MovieMakerCore.vcxproj]
  (compiling source file '../../../src/MovieMakerCore/StoryboardManager/Serialization/SerializationReader.cpp')
      C:\Program Files (x86)\Microsoft Visual Studio\2022\BuildTools\VC\Tools\MSVC\14.44.35207\atlmfc\include\atlcoll.h(530,7):
      see declaration of 'ATL::CAtlArray<StoryboardManager::TimelineTrack *,ATL::CElementTraits<E>>'
          with
          [
              E=StoryboardManager::TimelineTrack *
          ]
  
C:\Users\mcmco\Desktop\WMMR\src\MovieMakerCore\StoryboardManager\MovieExtent.h(151,25): warning C4251: 'StoryboardManager::MovieExtent::m_strTitleText': 'ATL::CStringT<wchar_t,ATL::StrTraitATL<wchar_t,ATL::ChTraitsCRT<wchar_t>>>' needs to have dll-interface to be used by clients of 'StoryboardManager::MovieExtent' [C:\Users\mcmco\Desktop\WMMR\build\src\MovieMakerCore\MovieMakerCore.vcxproj]
  (compiling source file '../../../src/MovieMakerCore/StoryboardManager/Serialization/SerializationReader.cpp')
      C:\Program Files (x86)\Microsoft Visual Studio\2022\BuildTools\VC\Tools\MSVC\14.44.35207\atlmfc\include\cstringt.h(999,7):
      see declaration of 'ATL::CStringT<wchar_t,ATL::StrTraitATL<wchar_t,ATL::ChTraitsCRT<wchar_t>>>'
  
C:\Users\mcmco\Desktop\WMMR\src\MovieMakerCore\StoryboardManager\MovieExtent.h(152,25): warning C4251: 'StoryboardManager::MovieExtent::m_strTitleFontFamily': 'ATL::CStringT<wchar_t,ATL::StrTraitATL<wchar_t,ATL::ChTraitsCRT<wchar_t>>>' needs to have dll-interface to be used by clients of 'StoryboardManager::MovieExtent' [C:\Users\mcmco\Desktop\WMMR\build\src\MovieMakerCore\MovieMakerCore.vcxproj]
  (compiling source file '../../../src/MovieMakerCore/StoryboardManager/Serialization/SerializationReader.cpp')
      C:\Program Files (x86)\Microsoft Visual Studio\2022\BuildTools\VC\Tools\MSVC\14.44.35207\atlmfc\include\cstringt.h(999,7):
      see declaration of 'ATL::CStringT<wchar_t,ATL::StrTraitATL<wchar_t,ATL::ChTraitsCRT<wchar_t>>>'
  
C:\Users\mcmco\Desktop\WMMR\src\MovieMakerCore\StoryboardManager\Extents.h(104,37): warning C4251: 'StoryboardManager::ExtentCollection::m_arrExtents': 'ATL::CAtlArray<StoryboardManager::MovieExtent *,ATL::CElementTraits<E>>' needs to have dll-interface to be used by clients of 'StoryboardManager::ExtentCollection' [C:\Users\mcmco\Desktop\WMMR\build\src\MovieMakerCore\MovieMakerCore.vcxproj]
C:\Users\mcmco\Desktop\WMMR\src\MovieMakerCore\StoryboardManager\Extents.h(104,37): warning C4251:         with [C:\Users\mcmco\Desktop\WMMR\build\src\MovieMakerCore\MovieMakerCore.vcxproj]
C:\Users\mcmco\Desktop\WMMR\src\MovieMakerCore\StoryboardManager\Extents.h(104,37): warning C4251:         [ [C:\Users\mcmco\Desktop\WMMR\build\src\MovieMakerCore\MovieMakerCore.vcxproj]
C:\Users\mcmco\Desktop\WMMR\src\MovieMakerCore\StoryboardManager\Extents.h(104,37): warning C4251:             E=StoryboardManager::MovieExtent * [C:\Users\mcmco\Desktop\WMMR\build\src\MovieMakerCore\MovieMakerCore.vcxproj]
C:\Users\mcmco\Desktop\WMMR\src\MovieMakerCore\StoryboardManager\Extents.h(104,37): warning C4251:         ] [C:\Users\mcmco\Desktop\WMMR\build\src\MovieMakerCore\MovieMakerCore.vcxproj]
  (compiling source file '../../../src/MovieMakerCore/StoryboardManager/Serialization/SerializationReader.cpp')
      C:\Program Files (x86)\Microsoft Visual Studio\2022\BuildTools\VC\Tools\MSVC\14.44.35207\atlmfc\include\atlcoll.h(530,7):
      see declaration of 'ATL::CAtlArray<StoryboardManager::MovieExtent *,ATL::CElementTraits<E>>'
          with
          [
              E=StoryboardManager::MovieExtent *
          ]
  
C:\Users\mcmco\Desktop\WMMR\src\MovieMakerCore\StoryboardManager\Extents.h(158,27): warning C4251: 'StoryboardManager::ExtentIdSet::m_arrIds': 'ATL::CAtlArray<DWORD,ATL::CElementTraits<unsigned long>>' needs to have dll-interface to be used by clients of 'StoryboardManager::ExtentIdSet' [C:\Users\mcmco\Desktop\WMMR\build\src\MovieMakerCore\MovieMakerCore.vcxproj]
  (compiling source file '../../../src/MovieMakerCore/StoryboardManager/Serialization/SerializationReader.cpp')
      C:\Program Files (x86)\Microsoft Visual Studio\2022\BuildTools\VC\Tools\MSVC\14.44.35207\atlmfc\include\atlcoll.h(530,7):
      see declaration of 'ATL::CAtlArray<DWORD,ATL::CElementTraits<unsigned long>>'
  
C:\Users\mcmco\Desktop\WMMR\src\MovieMakerCore\StoryboardManager\Templates.h(127,25): warning C4251: 'StoryboardManager::ThemeEffect::m_strX3dClipName': 'ATL::CStringT<wchar_t,ATL::StrTraitATL<wchar_t,ATL::ChTraitsCRT<wchar_t>>>' needs to have dll-interface to be used by clients of 'StoryboardManager::ThemeEffect' [C:\Users\mcmco\Desktop\WMMR\build\src\MovieMakerCore\MovieMakerCore.vcxproj]
  (compiling source file '../../../src/MovieMakerCore/StoryboardManager/Serialization/SerializationReader.cpp')
      C:\Program Files (x86)\Microsoft Visual Studio\2022\BuildTools\VC\Tools\MSVC\14.44.35207\atlmfc\include\cstringt.h(999,7):
      see declaration of 'ATL::CStringT<wchar_t,ATL::StrTraitATL<wchar_t,ATL::ChTraitsCRT<wchar_t>>>'
  
C:\Users\mcmco\Desktop\WMMR\src\MovieMakerCore\StoryboardManager\Templates.h(135,31): warning C4251: 'StoryboardManager::ThemeEffect::m_arrParameters': 'ATL::CAtlArray<StoryboardManager::ThemeEffect::Parameter,ATL::CElementTraits<E>>' needs to have dll-interface to be used by clients of 'StoryboardManager::ThemeEffect' [C:\Users\mcmco\Desktop\WMMR\build\src\MovieMakerCore\MovieMakerCore.vcxproj]
C:\Users\mcmco\Desktop\WMMR\src\MovieMakerCore\StoryboardManager\Templates.h(135,31): warning C4251:         with [C:\Users\mcmco\Desktop\WMMR\build\src\MovieMakerCore\MovieMakerCore.vcxproj]
C:\Users\mcmco\Desktop\WMMR\src\MovieMakerCore\StoryboardManager\Templates.h(135,31): warning C4251:         [ [C:\Users\mcmco\Desktop\WMMR\build\src\MovieMakerCore\MovieMakerCore.vcxproj]
C:\Users\mcmco\Desktop\WMMR\src\MovieMakerCore\StoryboardManager\Templates.h(135,31): warning C4251:             E=StoryboardManager::ThemeEffect::Parameter [C:\Users\mcmco\Desktop\WMMR\build\src\MovieMakerCore\MovieMakerCore.vcxproj]
C:\Users\mcmco\Desktop\WMMR\src\MovieMakerCore\StoryboardManager\Templates.h(135,31): warning C4251:         ] [C:\Users\mcmco\Desktop\WMMR\build\src\MovieMakerCore\MovieMakerCore.vcxproj]
  (compiling source file '../../../src/MovieMakerCore/StoryboardManager/Serialization/SerializationReader.cpp')
      C:\Program Files (x86)\Microsoft Visual Studio\2022\BuildTools\VC\Tools\MSVC\14.44.35207\atlmfc\include\atlcoll.h(530,7):
      see declaration of 'ATL::CAtlArray<StoryboardManager::ThemeEffect::Parameter,ATL::CElementTraits<E>>'
          with
          [
              E=StoryboardManager::ThemeEffect::Parameter
          ]
  
C:\Users\mcmco\Desktop\WMMR\src\MovieMakerCore\StoryboardManager\Templates.h(206,21): warning C4251: 'StoryboardManager::AutoMovieTheme::m_strName': 'ATL::CStringT<wchar_t,ATL::StrTraitATL<wchar_t,ATL::ChTraitsCRT<wchar_t>>>' needs to have dll-interface to be used by clients of 'StoryboardManager::AutoMovieTheme' [C:\Users\mcmco\Desktop\WMMR\build\src\MovieMakerCore\MovieMakerCore.vcxproj]
  (compiling source file '../../../src/MovieMakerCore/StoryboardManager/Serialization/SerializationReader.cpp')
      C:\Program Files (x86)\Microsoft Visual Studio\2022\BuildTools\VC\Tools\MSVC\14.44.35207\atlmfc\include\cstringt.h(999,7):
      see declaration of 'ATL::CStringT<wchar_t,ATL::StrTraitATL<wchar_t,ATL::ChTraitsCRT<wchar_t>>>'
  
C:\Users\mcmco\Desktop\WMMR\src\MovieMakerCore\StoryboardManager\Templates.h(207,21): warning C4251: 'StoryboardManager::AutoMovieTheme::m_strDisplayName': 'ATL::CStringT<wchar_t,ATL::StrTraitATL<wchar_t,ATL::ChTraitsCRT<wchar_t>>>' needs to have dll-interface to be used by clients of 'StoryboardManager::AutoMovieTheme' [C:\Users\mcmco\Desktop\WMMR\build\src\MovieMakerCore\MovieMakerCore.vcxproj]
  (compiling source file '../../../src/MovieMakerCore/StoryboardManager/Serialization/SerializationReader.cpp')
      C:\Program Files (x86)\Microsoft Visual Studio\2022\BuildTools\VC\Tools\MSVC\14.44.35207\atlmfc\include\cstringt.h(999,7):
      see declaration of 'ATL::CStringT<wchar_t,ATL::StrTraitATL<wchar_t,ATL::ChTraitsCRT<wchar_t>>>'
  
C:\Users\mcmco\Desktop\WMMR\src\MovieMakerCore\StoryboardManager\Templates.h(208,21): warning C4251: 'StoryboardManager::AutoMovieTheme::m_strDescription': 'ATL::CStringT<wchar_t,ATL::StrTraitATL<wchar_t,ATL::ChTraitsCRT<wchar_t>>>' needs to have dll-interface to be used by clients of 'StoryboardManager::AutoMovieTheme' [C:\Users\mcmco\Desktop\WMMR\build\src\MovieMakerCore\MovieMakerCore.vcxproj]
  (compiling source file '../../../src/MovieMakerCore/StoryboardManager/Serialization/SerializationReader.cpp')
      C:\Program Files (x86)\Microsoft Visual Studio\2022\BuildTools\VC\Tools\MSVC\14.44.35207\atlmfc\include\cstringt.h(999,7):
      see declaration of 'ATL::CStringT<wchar_t,ATL::StrTraitATL<wchar_t,ATL::ChTraitsCRT<wchar_t>>>'
  
C:\Users\mcmco\Desktop\WMMR\src\MovieMakerCore\StoryboardManager\Templates.h(209,21): warning C4251: 'StoryboardManager::AutoMovieTheme::m_strThumbnailPath': 'ATL::CStringT<wchar_t,ATL::StrTraitATL<wchar_t,ATL::ChTraitsCRT<wchar_t>>>' needs to have dll-interface to be used by clients of 'StoryboardManager::AutoMovieTheme' [C:\Users\mcmco\Desktop\WMMR\build\src\MovieMakerCore\MovieMakerCore.vcxproj]
  (compiling source file '../../../src/MovieMakerCore/StoryboardManager/Serialization/SerializationReader.cpp')
      C:\Program Files (x86)\Microsoft Visual Studio\2022\BuildTools\VC\Tools\MSVC\14.44.35207\atlmfc\include\cstringt.h(999,7):
      see declaration of 'ATL::CStringT<wchar_t,ATL::StrTraitATL<wchar_t,ATL::ChTraitsCRT<wchar_t>>>'
  
C:\Users\mcmco\Desktop\WMMR\src\MovieMakerCore\StoryboardManager\Templates.h(210,21): warning C4251: 'StoryboardManager::AutoMovieTheme::m_strCategory': 'ATL::CStringT<wchar_t,ATL::StrTraitATL<wchar_t,ATL::ChTraitsCRT<wchar_t>>>' needs to have dll-interface to be used by clients of 'StoryboardManager::AutoMovieTheme' [C:\Users\mcmco\Desktop\WMMR\build\src\MovieMakerCore\MovieMakerCore.vcxproj]
  (compiling source file '../../../src/MovieMakerCore/StoryboardManager/Serialization/SerializationReader.cpp')
      C:\Program Files (x86)\Microsoft Visual Studio\2022\BuildTools\VC\Tools\MSVC\14.44.35207\atlmfc\include\cstringt.h(999,7):
      see declaration of 'ATL::CStringT<wchar_t,ATL::StrTraitATL<wchar_t,ATL::ChTraitsCRT<wchar_t>>>'
  
C:\Users\mcmco\Desktop\WMMR\src\MovieMakerCore\StoryboardManager\Templates.h(211,21): warning C4251: 'StoryboardManager::AutoMovieTheme::m_strTitleFontFamily': 'ATL::CStringT<wchar_t,ATL::StrTraitATL<wchar_t,ATL::ChTraitsCRT<wchar_t>>>' needs to have dll-interface to be used by clients of 'StoryboardManager::AutoMovieTheme' [C:\Users\mcmco\Desktop\WMMR\build\src\MovieMakerCore\MovieMakerCore.vcxproj]
  (compiling source file '../../../src/MovieMakerCore/StoryboardManager/Serialization/SerializationReader.cpp')
      C:\Program Files (x86)\Microsoft Visual Studio\2022\BuildTools\VC\Tools\MSVC\14.44.35207\atlmfc\include\cstringt.h(999,7):
      see declaration of 'ATL::CStringT<wchar_t,ATL::StrTraitATL<wchar_t,ATL::ChTraitsCRT<wchar_t>>>'
  
C:\Users\mcmco\Desktop\WMMR\src\MovieMakerCore\StoryboardManager\Templates.h(213,33): warning C4251: 'StoryboardManager::AutoMovieTheme::m_arrEffects': 'ATL::CAtlArray<StoryboardManager::ThemeEffect,ATL::CElementTraits<E>>' needs to have dll-interface to be used by clients of 'StoryboardManager::AutoMovieTheme' [C:\Users\mcmco\Desktop\WMMR\build\src\MovieMakerCore\MovieMakerCore.vcxproj]
C:\Users\mcmco\Desktop\WMMR\src\MovieMakerCore\StoryboardManager\Templates.h(213,33): warning C4251:         with [C:\Users\mcmco\Desktop\WMMR\build\src\MovieMakerCore\MovieMakerCore.vcxproj]
C:\Users\mcmco\Desktop\WMMR\src\MovieMakerCore\StoryboardManager\Templates.h(213,33): warning C4251:         [ [C:\Users\mcmco\Desktop\WMMR\build\src\MovieMakerCore\MovieMakerCore.vcxproj]
C:\Users\mcmco\Desktop\WMMR\src\MovieMakerCore\StoryboardManager\Templates.h(213,33): warning C4251:             E=StoryboardManager::ThemeEffect [C:\Users\mcmco\Desktop\WMMR\build\src\MovieMakerCore\MovieMakerCore.vcxproj]
C:\Users\mcmco\Desktop\WMMR\src\MovieMakerCore\StoryboardManager\Templates.h(213,33): warning C4251:         ] [C:\Users\mcmco\Desktop\WMMR\build\src\MovieMakerCore\MovieMakerCore.vcxproj]
  (compiling source file '../../../src/MovieMakerCore/StoryboardManager/Serialization/SerializationReader.cpp')
      C:\Program Files (x86)\Microsoft Visual Studio\2022\BuildTools\VC\Tools\MSVC\14.44.35207\atlmfc\include\atlcoll.h(530,7):
      see declaration of 'ATL::CAtlArray<StoryboardManager::ThemeEffect,ATL::CElementTraits<E>>'
          with
          [
              E=StoryboardManager::ThemeEffect
          ]
  
C:\Users\mcmco\Desktop\WMMR\src\MovieMakerCore\StoryboardManager\Templates.h(273,25): warning C4251: 'StoryboardManager::TemplateEntry::m_strName': 'ATL::CStringT<wchar_t,ATL::StrTraitATL<wchar_t,ATL::ChTraitsCRT<wchar_t>>>' needs to have dll-interface to be used by clients of 'StoryboardManager::TemplateEntry' [C:\Users\mcmco\Desktop\WMMR\build\src\MovieMakerCore\MovieMakerCore.vcxproj]
  (compiling source file '../../../src/MovieMakerCore/StoryboardManager/Serialization/SerializationReader.cpp')
      C:\Program Files (x86)\Microsoft Visual Studio\2022\BuildTools\VC\Tools\MSVC\14.44.35207\atlmfc\include\cstringt.h(999,7):
      see declaration of 'ATL::CStringT<wchar_t,ATL::StrTraitATL<wchar_t,ATL::ChTraitsCRT<wchar_t>>>'
  
C:\Users\mcmco\Desktop\WMMR\src\MovieMakerCore\StoryboardManager\Templates.h(274,25): warning C4251: 'StoryboardManager::TemplateEntry::m_strDisplayName': 'ATL::CStringT<wchar_t,ATL::StrTraitATL<wchar_t,ATL::ChTraitsCRT<wchar_t>>>' needs to have dll-interface to be used by clients of 'StoryboardManager::TemplateEntry' [C:\Users\mcmco\Desktop\WMMR\build\src\MovieMakerCore\MovieMakerCore.vcxproj]
  (compiling source file '../../../src/MovieMakerCore/StoryboardManager/Serialization/SerializationReader.cpp')
      C:\Program Files (x86)\Microsoft Visual Studio\2022\BuildTools\VC\Tools\MSVC\14.44.35207\atlmfc\include\cstringt.h(999,7):
      see declaration of 'ATL::CStringT<wchar_t,ATL::StrTraitATL<wchar_t,ATL::ChTraitsCRT<wchar_t>>>'
  
C:\Users\mcmco\Desktop\WMMR\src\MovieMakerCore\StoryboardManager\Templates.h(275,25): warning C4251: 'StoryboardManager::TemplateEntry::m_strDescription': 'ATL::CStringT<wchar_t,ATL::StrTraitATL<wchar_t,ATL::ChTraitsCRT<wchar_t>>>' needs to have dll-interface to be used by clients of 'StoryboardManager::TemplateEntry' [C:\Users\mcmco\Desktop\WMMR\build\src\MovieMakerCore\MovieMakerCore.vcxproj]
  (compiling source file '../../../src/MovieMakerCore/StoryboardManager/Serialization/SerializationReader.cpp')
      C:\Program Files (x86)\Microsoft Visual Studio\2022\BuildTools\VC\Tools\MSVC\14.44.35207\atlmfc\include\cstringt.h(999,7):
      see declaration of 'ATL::CStringT<wchar_t,ATL::StrTraitATL<wchar_t,ATL::ChTraitsCRT<wchar_t>>>'
  
C:\Users\mcmco\Desktop\WMMR\src\MovieMakerCore\StoryboardManager\Templates.h(276,25): warning C4251: 'StoryboardManager::TemplateEntry::m_strThumbnailPath': 'ATL::CStringT<wchar_t,ATL::StrTraitATL<wchar_t,ATL::ChTraitsCRT<wchar_t>>>' needs to have dll-interface to be used by clients of 'StoryboardManager::TemplateEntry' [C:\Users\mcmco\Desktop\WMMR\build\src\MovieMakerCore\MovieMakerCore.vcxproj]
  (compiling source file '../../../src/MovieMakerCore/StoryboardManager/Serialization/SerializationReader.cpp')
      C:\Program Files (x86)\Microsoft Visual Studio\2022\BuildTools\VC\Tools\MSVC\14.44.35207\atlmfc\include\cstringt.h(999,7):
      see declaration of 'ATL::CStringT<wchar_t,ATL::StrTraitATL<wchar_t,ATL::ChTraitsCRT<wchar_t>>>'
  
C:\Users\mcmco\Desktop\WMMR\src\MovieMakerCore\StoryboardManager\Templates.h(343,37): warning C4251: 'StoryboardManager::TemplateTable::m_arrTemplates': 'ATL::CAtlArray<StoryboardManager::TemplateEntry *,ATL::CElementTraits<E>>' needs to have dll-interface to be used by clients of 'StoryboardManager::TemplateTable' [C:\Users\mcmco\Desktop\WMMR\build\src\MovieMakerCore\MovieMakerCore.vcxproj]
C:\Users\mcmco\Desktop\WMMR\src\MovieMakerCore\StoryboardManager\Templates.h(343,37): warning C4251:         with [C:\Users\mcmco\Desktop\WMMR\build\src\MovieMakerCore\MovieMakerCore.vcxproj]
C:\Users\mcmco\Desktop\WMMR\src\MovieMakerCore\StoryboardManager\Templates.h(343,37): warning C4251:         [ [C:\Users\mcmco\Desktop\WMMR\build\src\MovieMakerCore\MovieMakerCore.vcxproj]
C:\Users\mcmco\Desktop\WMMR\src\MovieMakerCore\StoryboardManager\Templates.h(343,37): warning C4251:             E=StoryboardManager::TemplateEntry * [C:\Users\mcmco\Desktop\WMMR\build\src\MovieMakerCore\MovieMakerCore.vcxproj]
C:\Users\mcmco\Desktop\WMMR\src\MovieMakerCore\StoryboardManager\Templates.h(343,37): warning C4251:         ] [C:\Users\mcmco\Desktop\WMMR\build\src\MovieMakerCore\MovieMakerCore.vcxproj]
  (compiling source file '../../../src/MovieMakerCore/StoryboardManager/Serialization/SerializationReader.cpp')
      C:\Program Files (x86)\Microsoft Visual Studio\2022\BuildTools\VC\Tools\MSVC\14.44.35207\atlmfc\include\atlcoll.h(530,7):
      see declaration of 'ATL::CAtlArray<StoryboardManager::TemplateEntry *,ATL::CElementTraits<E>>'
          with
          [
              E=StoryboardManager::TemplateEntry *
          ]
  
C:\Users\mcmco\Desktop\WMMR\src\MovieMakerCore\StoryboardManager\Templates.h(344,37): warning C4251: 'StoryboardManager::TemplateTable::m_arrThemes': 'ATL::CAtlArray<StoryboardManager::AutoMovieTheme *,ATL::CElementTraits<E>>' needs to have dll-interface to be used by clients of 'StoryboardManager::TemplateTable' [C:\Users\mcmco\Desktop\WMMR\build\src\MovieMakerCore\MovieMakerCore.vcxproj]
C:\Users\mcmco\Desktop\WMMR\src\MovieMakerCore\StoryboardManager\Templates.h(344,37): warning C4251:         with [C:\Users\mcmco\Desktop\WMMR\build\src\MovieMakerCore\MovieMakerCore.vcxproj]
C:\Users\mcmco\Desktop\WMMR\src\MovieMakerCore\StoryboardManager\Templates.h(344,37): warning C4251:         [ [C:\Users\mcmco\Desktop\WMMR\build\src\MovieMakerCore\MovieMakerCore.vcxproj]
C:\Users\mcmco\Desktop\WMMR\src\MovieMakerCore\StoryboardManager\Templates.h(344,37): warning C4251:             E=StoryboardManager::AutoMovieTheme * [C:\Users\mcmco\Desktop\WMMR\build\src\MovieMakerCore\MovieMakerCore.vcxproj]
C:\Users\mcmco\Desktop\WMMR\src\MovieMakerCore\StoryboardManager\Templates.h(344,37): warning C4251:         ] [C:\Users\mcmco\Desktop\WMMR\build\src\MovieMakerCore\MovieMakerCore.vcxproj]
  (compiling source file '../../../src/MovieMakerCore/StoryboardManager/Serialization/SerializationReader.cpp')
      C:\Program Files (x86)\Microsoft Visual Studio\2022\BuildTools\VC\Tools\MSVC\14.44.35207\atlmfc\include\atlcoll.h(530,7):
      see declaration of 'ATL::CAtlArray<StoryboardManager::AutoMovieTheme *,ATL::CElementTraits<E>>'
          with
          [
              E=StoryboardManager::AutoMovieTheme *
          ]
  
C:\Users\mcmco\Desktop\WMMR\src\MovieMakerCore\StoryboardManager\MovieProject.h(119,18): warning C4251: 'StoryboardManager::ProjectMediaItem::m_strSourcePath': 'ATL::CStringT<wchar_t,ATL::StrTraitATL<wchar_t,ATL::ChTraitsCRT<wchar_t>>>' needs to have dll-interface to be used by clients of 'StoryboardManager::ProjectMediaItem' [C:\Users\mcmco\Desktop\WMMR\build\src\MovieMakerCore\MovieMakerCore.vcxproj]
  (compiling source file '../../../src/MovieMakerCore/StoryboardManager/Serialization/SerializationReader.cpp')
      C:\Program Files (x86)\Microsoft Visual Studio\2022\BuildTools\VC\Tools\MSVC\14.44.35207\atlmfc\include\cstringt.h(999,7):
      see declaration of 'ATL::CStringT<wchar_t,ATL::StrTraitATL<wchar_t,ATL::ChTraitsCRT<wchar_t>>>'
  
C:\Users\mcmco\Desktop\WMMR\src\MovieMakerCore\StoryboardManager\MovieProject.h(120,18): warning C4251: 'StoryboardManager::ProjectMediaItem::m_strThumbnailPath': 'ATL::CStringT<wchar_t,ATL::StrTraitATL<wchar_t,ATL::ChTraitsCRT<wchar_t>>>' needs to have dll-interface to be used by clients of 'StoryboardManager::ProjectMediaItem' [C:\Users\mcmco\Desktop\WMMR\build\src\MovieMakerCore\MovieMakerCore.vcxproj]
  (compiling source file '../../../src/MovieMakerCore/StoryboardManager/Serialization/SerializationReader.cpp')
      C:\Program Files (x86)\Microsoft Visual Studio\2022\BuildTools\VC\Tools\MSVC\14.44.35207\atlmfc\include\cstringt.h(999,7):
      see declaration of 'ATL::CStringT<wchar_t,ATL::StrTraitATL<wchar_t,ATL::ChTraitsCRT<wchar_t>>>'
  
C:\Users\mcmco\Desktop\WMMR\src\MovieMakerCore\StoryboardManager\MovieProject.h(127,18): warning C4251: 'StoryboardManager::ProjectMediaItem::m_strTags': 'ATL::CStringT<wchar_t,ATL::StrTraitATL<wchar_t,ATL::ChTraitsCRT<wchar_t>>>' needs to have dll-interface to be used by clients of 'StoryboardManager::ProjectMediaItem' [C:\Users\mcmco\Desktop\WMMR\build\src\MovieMakerCore\MovieMakerCore.vcxproj]
  (compiling source file '../../../src/MovieMakerCore/StoryboardManager/Serialization/SerializationReader.cpp')
      C:\Program Files (x86)\Microsoft Visual Studio\2022\BuildTools\VC\Tools\MSVC\14.44.35207\atlmfc\include\cstringt.h(999,7):
      see declaration of 'ATL::CStringT<wchar_t,ATL::StrTraitATL<wchar_t,ATL::ChTraitsCRT<wchar_t>>>'
  
C:\Users\mcmco\Desktop\WMMR\src\MovieMakerCore\StoryboardManager\MovieProject.h(130,18): warning C4251: 'StoryboardManager::ProjectMediaItem::m_strVideoCodec': 'ATL::CStringT<wchar_t,ATL::StrTraitATL<wchar_t,ATL::ChTraitsCRT<wchar_t>>>' needs to have dll-interface to be used by clients of 'StoryboardManager::ProjectMediaItem' [C:\Users\mcmco\Desktop\WMMR\build\src\MovieMakerCore\MovieMakerCore.vcxproj]
  (compiling source file '../../../src/MovieMakerCore/StoryboardManager/Serialization/SerializationReader.cpp')
      C:\Program Files (x86)\Microsoft Visual Studio\2022\BuildTools\VC\Tools\MSVC\14.44.35207\atlmfc\include\cstringt.h(999,7):
      see declaration of 'ATL::CStringT<wchar_t,ATL::StrTraitATL<wchar_t,ATL::ChTraitsCRT<wchar_t>>>'
  
C:\Users\mcmco\Desktop\WMMR\src\MovieMakerCore\StoryboardManager\MovieProject.h(131,18): warning C4251: 'StoryboardManager::ProjectMediaItem::m_strAudioCodec': 'ATL::CStringT<wchar_t,ATL::StrTraitATL<wchar_t,ATL::ChTraitsCRT<wchar_t>>>' needs to have dll-interface to be used by clients of 'StoryboardManager::ProjectMediaItem' [C:\Users\mcmco\Desktop\WMMR\build\src\MovieMakerCore\MovieMakerCore.vcxproj]
  (compiling source file '../../../src/MovieMakerCore/StoryboardManager/Serialization/SerializationReader.cpp')
      C:\Program Files (x86)\Microsoft Visual Studio\2022\BuildTools\VC\Tools\MSVC\14.44.35207\atlmfc\include\cstringt.h(999,7):
      see declaration of 'ATL::CStringT<wchar_t,ATL::StrTraitATL<wchar_t,ATL::ChTraitsCRT<wchar_t>>>'
  
C:\Users\mcmco\Desktop\WMMR\src\MovieMakerCore\StoryboardManager\MovieProject.h(176,29): warning C4251: 'StoryboardManager::ProjectTimeline::m_arrExtentIds': 'ATL::CAtlArray<DWORD,ATL::CElementTraits<unsigned long>>' needs to have dll-interface to be used by clients of 'StoryboardManager::ProjectTimeline' [C:\Users\mcmco\Desktop\WMMR\build\src\MovieMakerCore\MovieMakerCore.vcxproj]
  (compiling source file '../../../src/MovieMakerCore/StoryboardManager/Serialization/SerializationReader.cpp')
      C:\Program Files (x86)\Microsoft Visual Studio\2022\BuildTools\VC\Tools\MSVC\14.44.35207\atlmfc\include\atlcoll.h(530,7):
      see declaration of 'ATL::CAtlArray<DWORD,ATL::CElementTraits<unsigned long>>'
  
C:\Users\mcmco\Desktop\WMMR\src\MovieMakerCore\StoryboardManager\MovieProject.h(248,18): warning C4251: 'StoryboardManager::MovieProjectSettings::m_strProjectName': 'ATL::CStringT<wchar_t,ATL::StrTraitATL<wchar_t,ATL::ChTraitsCRT<wchar_t>>>' needs to have dll-interface to be used by clients of 'StoryboardManager::MovieProjectSettings' [C:\Users\mcmco\Desktop\WMMR\build\src\MovieMakerCore\MovieMakerCore.vcxproj]
  (compiling source file '../../../src/MovieMakerCore/StoryboardManager/Serialization/SerializationReader.cpp')
      C:\Program Files (x86)\Microsoft Visual Studio\2022\BuildTools\VC\Tools\MSVC\14.44.35207\atlmfc\include\cstringt.h(999,7):
      see declaration of 'ATL::CStringT<wchar_t,ATL::StrTraitATL<wchar_t,ATL::ChTraitsCRT<wchar_t>>>'
  
C:\Users\mcmco\Desktop\WMMR\src\MovieMakerCore\StoryboardManager\MovieProject.h(249,18): warning C4251: 'StoryboardManager::MovieProjectSettings::m_strAuthor': 'ATL::CStringT<wchar_t,ATL::StrTraitATL<wchar_t,ATL::ChTraitsCRT<wchar_t>>>' needs to have dll-interface to be used by clients of 'StoryboardManager::MovieProjectSettings' [C:\Users\mcmco\Desktop\WMMR\build\src\MovieMakerCore\MovieMakerCore.vcxproj]
  (compiling source file '../../../src/MovieMakerCore/StoryboardManager/Serialization/SerializationReader.cpp')
      C:\Program Files (x86)\Microsoft Visual Studio\2022\BuildTools\VC\Tools\MSVC\14.44.35207\atlmfc\include\cstringt.h(999,7):
      see declaration of 'ATL::CStringT<wchar_t,ATL::StrTraitATL<wchar_t,ATL::ChTraitsCRT<wchar_t>>>'
  
C:\Users\mcmco\Desktop\WMMR\src\MovieMakerCore\StoryboardManager\MovieProject.h(390,25): warning C4251: 'StoryboardManager::MovieProject::m_strProjectPath': 'ATL::CStringT<wchar_t,ATL::StrTraitATL<wchar_t,ATL::ChTraitsCRT<wchar_t>>>' needs to have dll-interface to be used by clients of 'StoryboardManager::MovieProject' [C:\Users\mcmco\Desktop\WMMR\build\src\MovieMakerCore\MovieMakerCore.vcxproj]
  (compiling source file '../../../src/MovieMakerCore/StoryboardManager/Serialization/SerializationReader.cpp')
      C:\Program Files (x86)\Microsoft Visual Studio\2022\BuildTools\VC\Tools\MSVC\14.44.35207\atlmfc\include\cstringt.h(999,7):
      see declaration of 'ATL::CStringT<wchar_t,ATL::StrTraitATL<wchar_t,ATL::ChTraitsCRT<wchar_t>>>'
  
C:\Users\mcmco\Desktop\WMMR\src\MovieMakerCore\StoryboardManager\MovieProject.h(394,40): warning C4251: 'StoryboardManager::MovieProject::m_arrMediaItems': 'ATL::CAtlArray<StoryboardManager::ProjectMediaItem,ATL::CElementTraits<E>>' needs to have dll-interface to be used by clients of 'StoryboardManager::MovieProject' [C:\Users\mcmco\Desktop\WMMR\build\src\MovieMakerCore\MovieMakerCore.vcxproj]
C:\Users\mcmco\Desktop\WMMR\src\MovieMakerCore\StoryboardManager\MovieProject.h(394,40): warning C4251:         with [C:\Users\mcmco\Desktop\WMMR\build\src\MovieMakerCore\MovieMakerCore.vcxproj]
C:\Users\mcmco\Desktop\WMMR\src\MovieMakerCore\StoryboardManager\MovieProject.h(394,40): warning C4251:         [ [C:\Users\mcmco\Desktop\WMMR\build\src\MovieMakerCore\MovieMakerCore.vcxproj]
C:\Users\mcmco\Desktop\WMMR\src\MovieMakerCore\StoryboardManager\MovieProject.h(394,40): warning C4251:             E=StoryboardManager::ProjectMediaItem [C:\Users\mcmco\Desktop\WMMR\build\src\MovieMakerCore\MovieMakerCore.vcxproj]
C:\Users\mcmco\Desktop\WMMR\src\MovieMakerCore\StoryboardManager\MovieProject.h(394,40): warning C4251:         ] [C:\Users\mcmco\Desktop\WMMR\build\src\MovieMakerCore\MovieMakerCore.vcxproj]
  (compiling source file '../../../src/MovieMakerCore/StoryboardManager/Serialization/SerializationReader.cpp')
      C:\Program Files (x86)\Microsoft Visual Studio\2022\BuildTools\VC\Tools\MSVC\14.44.35207\atlmfc\include\atlcoll.h(530,7):
      see declaration of 'ATL::CAtlArray<StoryboardManager::ProjectMediaItem,ATL::CElementTraits<E>>'
          with
          [
              E=StoryboardManager::ProjectMediaItem
          ]
  
C:\Users\mcmco\Desktop\WMMR\src\MovieMakerCore\StoryboardManager\MovieProject.h(404,32): warning C4251: 'StoryboardManager::MovieProject::m_arrUndoStack': 'ATL::CAtlArray<StoryboardManager::MovieProject::UndoEntry *,ATL::CElementTraits<E>>' needs to have dll-interface to be used by clients of 'StoryboardManager::MovieProject' [C:\Users\mcmco\Desktop\WMMR\build\src\MovieMakerCore\MovieMakerCore.vcxproj]
C:\Users\mcmco\Desktop\WMMR\src\MovieMakerCore\StoryboardManager\MovieProject.h(404,32): warning C4251:         with [C:\Users\mcmco\Desktop\WMMR\build\src\MovieMakerCore\MovieMakerCore.vcxproj]
C:\Users\mcmco\Desktop\WMMR\src\MovieMakerCore\StoryboardManager\MovieProject.h(404,32): warning C4251:         [ [C:\Users\mcmco\Desktop\WMMR\build\src\MovieMakerCore\MovieMakerCore.vcxproj]
C:\Users\mcmco\Desktop\WMMR\src\MovieMakerCore\StoryboardManager\MovieProject.h(404,32): warning C4251:             E=StoryboardManager::MovieProject::UndoEntry * [C:\Users\mcmco\Desktop\WMMR\build\src\MovieMakerCore\MovieMakerCore.vcxproj]
C:\Users\mcmco\Desktop\WMMR\src\MovieMakerCore\StoryboardManager\MovieProject.h(404,32): warning C4251:         ] [C:\Users\mcmco\Desktop\WMMR\build\src\MovieMakerCore\MovieMakerCore.vcxproj]
  (compiling source file '../../../src/MovieMakerCore/StoryboardManager/Serialization/SerializationReader.cpp')
      C:\Program Files (x86)\Microsoft Visual Studio\2022\BuildTools\VC\Tools\MSVC\14.44.35207\atlmfc\include\atlcoll.h(530,7):
      see declaration of 'ATL::CAtlArray<StoryboardManager::MovieProject::UndoEntry *,ATL::CElementTraits<E>>'
          with
          [
              E=StoryboardManager::MovieProject::UndoEntry *
          ]
  
C:\Users\mcmco\Desktop\WMMR\src\MovieMakerCore\StoryboardManager\Serialization\SerializationContext.h(117,26): warning C4251: 'StoryboardManager::SerializationContext::m_version': 'StoryboardManager::SerializationVersion' needs to have dll-interface to be used by clients of 'StoryboardManager::SerializationContext' [C:\Users\mcmco\Desktop\WMMR\build\src\MovieMakerCore\MovieMakerCore.vcxproj]
  (compiling source file '../../../src/MovieMakerCore/StoryboardManager/Serialization/SerializationReader.cpp')
      C:\Users\mcmco\Desktop\WMMR\src\MovieMakerCore\StoryboardManager\Serialization\SerializationContext.h(42,8):
      see declaration of 'StoryboardManager::SerializationVersion'
  
C:\Users\mcmco\Desktop\WMMR\src\MovieMakerCore\StoryboardManager\Serialization\SerializationReader.h(51,18): warning C4251: 'StoryboardManager::SerializationElementHandler::m_strElementName': 'ATL::CStringT<wchar_t,ATL::StrTraitATL<wchar_t,ATL::ChTraitsCRT<wchar_t>>>' needs to have dll-interface to be used by clients of 'StoryboardManager::SerializationElementHandler' [C:\Users\mcmco\Desktop\WMMR\build\src\MovieMakerCore\MovieMakerCore.vcxproj]
  (compiling source file '../../../src/MovieMakerCore/StoryboardManager/Serialization/SerializationReader.cpp')
      C:\Program Files (x86)\Microsoft Visual Studio\2022\BuildTools\VC\Tools\MSVC\14.44.35207\atlmfc\include\cstringt.h(999,7):
      see declaration of 'ATL::CStringT<wchar_t,ATL::StrTraitATL<wchar_t,ATL::ChTraitsCRT<wchar_t>>>'
  
C:\Users\mcmco\Desktop\WMMR\src\MovieMakerCore\StoryboardManager\Serialization\SerializationReader.h(116,50): warning C4251: 'StoryboardManager::SerializationReader::m_arrHandlers': 'ATL::CAtlArray<StoryboardManager::SerializationElementHandler *,ATL::CElementTraits<E>>' needs to have dll-interface to be used by clients of 'StoryboardManager::SerializationReader' [C:\Users\mcmco\Desktop\WMMR\build\src\MovieMakerCore\MovieMakerCore.vcxproj]
C:\Users\mcmco\Desktop\WMMR\src\MovieMakerCore\StoryboardManager\Serialization\SerializationReader.h(116,50): warning C4251:         with [C:\Users\mcmco\Desktop\WMMR\build\src\MovieMakerCore\MovieMakerCore.vcxproj]
C:\Users\mcmco\Desktop\WMMR\src\MovieMakerCore\StoryboardManager\Serialization\SerializationReader.h(116,50): warning C4251:         [ [C:\Users\mcmco\Desktop\WMMR\build\src\MovieMakerCore\MovieMakerCore.vcxproj]
C:\Users\mcmco\Desktop\WMMR\src\MovieMakerCore\StoryboardManager\Serialization\SerializationReader.h(116,50): warning C4251:             E=StoryboardManager::SerializationElementHandler * [C:\Users\mcmco\Desktop\WMMR\build\src\MovieMakerCore\MovieMakerCore.vcxproj]
C:\Users\mcmco\Desktop\WMMR\src\MovieMakerCore\StoryboardManager\Serialization\SerializationReader.h(116,50): warning C4251:         ] [C:\Users\mcmco\Desktop\WMMR\build\src\MovieMakerCore\MovieMakerCore.vcxproj]
  (compiling source file '../../../src/MovieMakerCore/StoryboardManager/Serialization/SerializationReader.cpp')
      C:\Program Files (x86)\Microsoft Visual Studio\2022\BuildTools\VC\Tools\MSVC\14.44.35207\atlmfc\include\atlcoll.h(530,7):
      see declaration of 'ATL::CAtlArray<StoryboardManager::SerializationElementHandler *,ATL::CElementTraits<E>>'
          with
          [
              E=StoryboardManager::SerializationElementHandler *
          ]
  
C:\Users\mcmco\Desktop\WMMR\src\MovieMakerCore\StoryboardManager\Serialization\SerializationReader.h(117,37): warning C4251: 'StoryboardManager::SerializationReader::m_strLastError': 'ATL::CStringT<wchar_t,ATL::StrTraitATL<wchar_t,ATL::ChTraitsCRT<wchar_t>>>' needs to have dll-interface to be used by clients of 'StoryboardManager::SerializationReader' [C:\Users\mcmco\Desktop\WMMR\build\src\MovieMakerCore\MovieMakerCore.vcxproj]
  (compiling source file '../../../src/MovieMakerCore/StoryboardManager/Serialization/SerializationReader.cpp')
      C:\Program Files (x86)\Microsoft Visual Studio\2022\BuildTools\VC\Tools\MSVC\14.44.35207\atlmfc\include\cstringt.h(999,7):
      see declaration of 'ATL::CStringT<wchar_t,ATL::StrTraitATL<wchar_t,ATL::ChTraitsCRT<wchar_t>>>'
  
C:\Users\mcmco\Desktop\WMMR\src\MovieMakerCore\StoryboardManager\Serialization\SerializationReader.cpp(255,30): error C2065: 'XmlNodeTypeEndElement': undeclared identifier [C:\Users\mcmco\Desktop\WMMR\build\src\MovieMakerCore\MovieMakerCore.vcxproj]
C:\Users\mcmco\Desktop\WMMR\src\MovieMakerCore\StoryboardManager\Serialization\SerializationReader.cpp(277,27): error C2039: 'GetAttributeValueByName': is not a member of 'IXmlReader' [C:\Users\mcmco\Desktop\WMMR\build\src\MovieMakerCore\MovieMakerCore.vcxproj]
      C:\Program Files (x86)\Windows Kits\10\Include\10.0.26100.0\um\xmllite.h(335,5):
      see declaration of 'IXmlReader'
  
C:\Users\mcmco\Desktop\WMMR\src\MovieMakerCore\StoryboardManager\Serialization\SerializationReader.cpp(292,27): error C2039: 'GetAttributeValueByName': is not a member of 'IXmlReader' [C:\Users\mcmco\Desktop\WMMR\build\src\MovieMakerCore\MovieMakerCore.vcxproj]
      C:\Program Files (x86)\Windows Kits\10\Include\10.0.26100.0\um\xmllite.h(335,5):
      see declaration of 'IXmlReader'
  
C:\Users\mcmco\Desktop\WMMR\src\MovieMakerCore\StoryboardManager\Serialization\SerializationReader.cpp(307,27): error C2039: 'GetAttributeValueByName': is not a member of 'IXmlReader' [C:\Users\mcmco\Desktop\WMMR\build\src\MovieMakerCore\MovieMakerCore.vcxproj]
      C:\Program Files (x86)\Windows Kits\10\Include\10.0.26100.0\um\xmllite.h(335,5):
      see declaration of 'IXmlReader'
  
C:\Users\mcmco\Desktop\WMMR\src\MovieMakerCore\StoryboardManager\Serialization\SerializationReader.cpp(322,27): error C2039: 'GetAttributeValueByName': is not a member of 'IXmlReader' [C:\Users\mcmco\Desktop\WMMR\build\src\MovieMakerCore\MovieMakerCore.vcxproj]
      C:\Program Files (x86)\Windows Kits\10\Include\10.0.26100.0\um\xmllite.h(335,5):
      see declaration of 'IXmlReader'
  
C:\Users\mcmco\Desktop\WMMR\src\MovieMakerCore\StoryboardManager\Serialization\SerializationReader.cpp(337,27): error C2039: 'GetAttributeValueByName': is not a member of 'IXmlReader' [C:\Users\mcmco\Desktop\WMMR\build\src\MovieMakerCore\MovieMakerCore.vcxproj]
      C:\Program Files (x86)\Windows Kits\10\Include\10.0.26100.0\um\xmllite.h(335,5):
      see declaration of 'IXmlReader'
  
C:\Users\mcmco\Desktop\WMMR\src\MovieMakerCore\StoryboardManager\Serialization\SerializationReader.cpp(356,27): error C2039: 'GetAttributeValueByName': is not a member of 'IXmlReader' [C:\Users\mcmco\Desktop\WMMR\build\src\MovieMakerCore\MovieMakerCore.vcxproj]
      C:\Program Files (x86)\Windows Kits\10\Include\10.0.26100.0\um\xmllite.h(335,5):
      see declaration of 'IXmlReader'
  
C:\Users\mcmco\Desktop\WMMR\src\MovieMakerCore\StoryboardManager\Serialization\SerializationReader.cpp(434,29): error C2065: 'XmlNodeTypeEndElement': undeclared identifier [C:\Users\mcmco\Desktop\WMMR\build\src\MovieMakerCore\MovieMakerCore.vcxproj]
C:\Users\mcmco\Desktop\WMMR\src\MovieMakerCore\StoryboardManager\Serialization\SerializationReader.cpp(517,30): error C2065: 'XmlNodeTypeEndElement': undeclared identifier [C:\Users\mcmco\Desktop\WMMR\build\src\MovieMakerCore\MovieMakerCore.vcxproj]
C:\Users\mcmco\Desktop\WMMR\src\MovieMakerCore\StoryboardManager\Serialization\SerializationReader.cpp(534,27): error C2039: 'GetAttributeValueByName': is not a member of 'IXmlReader' [C:\Users\mcmco\Desktop\WMMR\build\src\MovieMakerCore\MovieMakerCore.vcxproj]
      C:\Program Files (x86)\Windows Kits\10\Include\10.0.26100.0\um\xmllite.h(335,5):
      see declaration of 'IXmlReader'
  
C:\Users\mcmco\Desktop\WMMR\src\MovieMakerCore\StoryboardManager\Serialization\SerializationReader.cpp(540,19): error C2039: 'GetAttributeValueByName': is not a member of 'IXmlReader' [C:\Users\mcmco\Desktop\WMMR\build\src\MovieMakerCore\MovieMakerCore.vcxproj]
      C:\Program Files (x86)\Windows Kits\10\Include\10.0.26100.0\um\xmllite.h(335,5):
      see declaration of 'IXmlReader'
  
  SnapShot.cpp
C:\Users\mcmco\Desktop\WMMR\src\MovieMakerCore\pch.h(21,9): warning C4005: 'WINVER': macro redefinition [C:\Users\mcmco\Desktop\WMMR\build\src\MovieMakerCore\MovieMakerCore.vcxproj]
  (compiling source file '../../../src/MovieMakerCore/StoryboardManager/Serialization/SnapShot.cpp')
      C:\Users\mcmco\Desktop\WMMR\src\MovieMakerCore\pch.h(21,9):
      'WINVER' previously declared on the command line
  
C:\Users\mcmco\Desktop\WMMR\src\MovieMakerCore\pch.h(22,9): warning C4005: '_WIN32_WINNT': macro redefinition [C:\Users\mcmco\Desktop\WMMR\build\src\MovieMakerCore\MovieMakerCore.vcxproj]
  (compiling source file '../../../src/MovieMakerCore/StoryboardManager/Serialization/SnapShot.cpp')
      C:\Users\mcmco\Desktop\WMMR\src\MovieMakerCore\pch.h(22,9):
      '_WIN32_WINNT' previously declared on the command line
  
C:\Users\mcmco\Desktop\WMMR\src\MovieMakerCore\pch.h(30,9): warning C4005: 'WIN32_LEAN_AND_MEAN': macro redefinition [C:\Users\mcmco\Desktop\WMMR\build\src\MovieMakerCore\MovieMakerCore.vcxproj]
  (compiling source file '../../../src/MovieMakerCore/StoryboardManager/Serialization/SnapShot.cpp')
      C:\Users\mcmco\Desktop\WMMR\src\MovieMakerCore\pch.h(30,9):
      'WIN32_LEAN_AND_MEAN' previously declared on the command line
  
C:\Users\mcmco\Desktop\WMMR\src\MovieMakerCore\pch.h(31,9): warning C4005: 'NOMINMAX': macro redefinition [C:\Users\mcmco\Desktop\WMMR\build\src\MovieMakerCore\MovieMakerCore.vcxproj]
  (compiling source file '../../../src/MovieMakerCore/StoryboardManager/Serialization/SnapShot.cpp')
      C:\Users\mcmco\Desktop\WMMR\src\MovieMakerCore\pch.h(31,9):
      'NOMINMAX' previously declared on the command line
  
C:\Users\mcmco\Desktop\WMMR\src\MovieMakerCore\pch.h(32,9): warning C4005: '_CRT_SECURE_NO_WARNINGS': macro redefinition [C:\Users\mcmco\Desktop\WMMR\build\src\MovieMakerCore\MovieMakerCore.vcxproj]
  (compiling source file '../../../src/MovieMakerCore/StoryboardManager/Serialization/SnapShot.cpp')
      C:\Users\mcmco\Desktop\WMMR\src\MovieMakerCore\pch.h(32,9):
      '_CRT_SECURE_NO_WARNINGS' previously declared on the command line
  
C:\Users\mcmco\Desktop\WMMR\src\MovieMakerCore\pch.h(33,9): warning C4005: '_WINDLL': macro redefinition [C:\Users\mcmco\Desktop\WMMR\build\src\MovieMakerCore\MovieMakerCore.vcxproj]
  (compiling source file '../../../src/MovieMakerCore/StoryboardManager/Serialization/SnapShot.cpp')
      C:\Users\mcmco\Desktop\WMMR\src\MovieMakerCore\pch.h(33,9):
      '_WINDLL' previously declared on the command line
  
C:\Users\mcmco\Desktop\WMMR\src\MovieMakerCore\pch.h(34,9): warning C4005: '_AFXDLL': macro redefinition [C:\Users\mcmco\Desktop\WMMR\build\src\MovieMakerCore\MovieMakerCore.vcxproj]
  (compiling source file '../../../src/MovieMakerCore/StoryboardManager/Serialization/SnapShot.cpp')
      C:\Users\mcmco\Desktop\WMMR\src\MovieMakerCore\pch.h(34,9):
      '_AFXDLL' previously declared on the command line
  
C:\Users\mcmco\Desktop\WMMR\src\MovieMakerCore\pch.h(35,9): warning C4005: '_ATL_CSTRING_EXPLICIT_CONSTRUCTORS': macro redefinition [C:\Users\mcmco\Desktop\WMMR\build\src\MovieMakerCore\MovieMakerCore.vcxproj]
  (compiling source file '../../../src/MovieMakerCore/StoryboardManager/Serialization/SnapShot.cpp')
      C:\Users\mcmco\Desktop\WMMR\src\MovieMakerCore\pch.h(35,9):
      '_ATL_CSTRING_EXPLICIT_CONSTRUCTORS' previously declared on the command line
  
C:\Users\mcmco\Desktop\WMMR\src\MovieMakerCore\pch.h(36,9): warning C4005: '_ATL_ALL_WARNINGS': macro redefinition [C:\Users\mcmco\Desktop\WMMR\build\src\MovieMakerCore\MovieMakerCore.vcxproj]
  (compiling source file '../../../src/MovieMakerCore/StoryboardManager/Serialization/SnapShot.cpp')
      C:\Users\mcmco\Desktop\WMMR\src\MovieMakerCore\pch.h(36,9):
      '_ATL_ALL_WARNINGS' previously declared on the command line
  
C:\Users\mcmco\Desktop\WMMR\src\WTL\atlprint.h(809,25): warning C4100: 'dc': unreferenced parameter [C:\Users\mcmco\Desktop\WMMR\build\src\MovieMakerCore\MovieMakerCore.vcxproj]
  (compiling source file '../../../src/MovieMakerCore/StoryboardManager/Serialization/SerializationWriter.cpp')
  
C:\Users\mcmco\Desktop\WMMR\src\WTL\atlprint.h(809,25): warning C4100: 'dc': unreferenced parameter [C:\Users\mcmco\Desktop\WMMR\build\src\MovieMakerCore\MovieMakerCore.vcxproj]
  (compiling source file '../../../src/MovieMakerCore/StoryboardManager/Serialization/SerializationMemoryReaderWriter.cpp')
  
C:\Users\mcmco\Desktop\WMMR\src\WTL\atlprint.h(809,25): warning C4100: 'dc': unreferenced parameter [C:\Users\mcmco\Desktop\WMMR\build\src\MovieMakerCore\MovieMakerCore.vcxproj]
  (compiling source file '../../../src/MovieMakerCore/StoryboardManager/Serialization/ModElements.cpp')
  
C:\Users\mcmco\Desktop\WMMR\src\WTL\atlprint.h(809,25): warning C4100: 'dc': unreferenced parameter [C:\Users\mcmco\Desktop\WMMR\build\src\MovieMakerCore\MovieMakerCore.vcxproj]
  (compiling source file '../../../src/MovieMakerCore/StoryboardManager/Serialization/DatabasePropertyManager.cpp')
  
C:\Users\mcmco\Desktop\WMMR\src\WTL\atlprint.h(809,25): warning C4100: 'dc': unreferenced parameter [C:\Users\mcmco\Desktop\WMMR\build\src\MovieMakerCore\MovieMakerCore.vcxproj]
  (compiling source file '../../../src/MovieMakerCore/StoryboardManager/Serialization/BoundPropertyDictionary.cpp')
  
C:\Users\mcmco\Desktop\WMMR\src\WTL\atlprint.h(809,25): warning C4100: 'dc': unreferenced parameter [C:\Users\mcmco\Desktop\WMMR\build\src\MovieMakerCore\MovieMakerCore.vcxproj]
  (compiling source file '../../../src/MovieMakerCore/StoryboardManager/Serialization/TextProperty.cpp')
  
C:\Users\mcmco\Desktop\WMMR\src\WTL\atlprint.h(809,25): warning C4100: 'dc': unreferenced parameter [C:\Users\mcmco\Desktop\WMMR\build\src\MovieMakerCore\MovieMakerCore.vcxproj]
  (compiling source file '../../../src/MovieMakerCore/StoryboardManager/Serialization/BoundPlaceholder.cpp')
  
C:\Users\mcmco\Desktop\WMMR\src\WTL\atlprint.h(809,25): warning C4100: 'dc': unreferenced parameter [C:\Users\mcmco\Desktop\WMMR\build\src\MovieMakerCore\MovieMakerCore.vcxproj]
  (compiling source file '../../../src/MovieMakerCore/StoryboardManager/Serialization/SnapShot.cpp')
  
C:\Users\mcmco\Desktop\WMMR\src\WLXPhotoBase\BaseTypes.h(536,18): warning C4251: 'Base::File::m_strPath': 'ATL::CStringT<wchar_t,ATL::StrTraitATL<wchar_t,ATL::ChTraitsCRT<wchar_t>>>' needs to have dll-interface to be used by clients of 'Base::File' [C:\Users\mcmco\Desktop\WMMR\build\src\MovieMakerCore\MovieMakerCore.vcxproj]
  (compiling source file '../../../src/MovieMakerCore/StoryboardManager/Serialization/SerializationWriter.cpp')
      C:\Program Files (x86)\Microsoft Visual Studio\2022\BuildTools\VC\Tools\MSVC\14.44.35207\atlmfc\include\cstringt.h(999,7):
      see declaration of 'ATL::CStringT<wchar_t,ATL::StrTraitATL<wchar_t,ATL::ChTraitsCRT<wchar_t>>>'
  
C:\Users\mcmco\Desktop\WMMR\src\WLXPhotoBase\BaseTypes.h(568,18): warning C4251: 'Base::TempFile::m_strPath': 'ATL::CStringT<wchar_t,ATL::StrTraitATL<wchar_t,ATL::ChTraitsCRT<wchar_t>>>' needs to have dll-interface to be used by clients of 'Base::TempFile' [C:\Users\mcmco\Desktop\WMMR\build\src\MovieMakerCore\MovieMakerCore.vcxproj]
  (compiling source file '../../../src/MovieMakerCore/StoryboardManager/Serialization/SerializationWriter.cpp')
      C:\Program Files (x86)\Microsoft Visual Studio\2022\BuildTools\VC\Tools\MSVC\14.44.35207\atlmfc\include\cstringt.h(999,7):
      see declaration of 'ATL::CStringT<wchar_t,ATL::StrTraitATL<wchar_t,ATL::ChTraitsCRT<wchar_t>>>'
  
C:\Users\mcmco\Desktop\WMMR\src\WLXPhotoBase\BaseTypes.h(661,21): warning C4251: 'Base::FindFile::m_strDirectory': 'ATL::CStringT<wchar_t,ATL::StrTraitATL<wchar_t,ATL::ChTraitsCRT<wchar_t>>>' needs to have dll-interface to be used by clients of 'Base::FindFile' [C:\Users\mcmco\Desktop\WMMR\build\src\MovieMakerCore\MovieMakerCore.vcxproj]
  (compiling source file '../../../src/MovieMakerCore/StoryboardManager/Serialization/SerializationWriter.cpp')
      C:\Program Files (x86)\Microsoft Visual Studio\2022\BuildTools\VC\Tools\MSVC\14.44.35207\atlmfc\include\cstringt.h(999,7):
      see declaration of 'ATL::CStringT<wchar_t,ATL::StrTraitATL<wchar_t,ATL::ChTraitsCRT<wchar_t>>>'
  
C:\Users\mcmco\Desktop\WMMR\src\WLXPhotoBase\BaseTypes.h(724,25): warning C4251: 'Base::IntSet::m_values': 'ATL::CAtlArray<int,ATL::CElementTraits<int>>' needs to have dll-interface to be used by clients of 'Base::IntSet' [C:\Users\mcmco\Desktop\WMMR\build\src\MovieMakerCore\MovieMakerCore.vcxproj]
  (compiling source file '../../../src/MovieMakerCore/StoryboardManager/Serialization/SerializationWriter.cpp')
      C:\Program Files (x86)\Microsoft Visual Studio\2022\BuildTools\VC\Tools\MSVC\14.44.35207\atlmfc\include\atlcoll.h(530,7):
      see declaration of 'ATL::CAtlArray<int,ATL::CElementTraits<int>>'
  
C:\Users\mcmco\Desktop\WMMR\src\MovieMakerCore\StoryboardManager\StoryboardManagerExceptions.h(56,18): warning C4251: 'StoryboardManager::StoryboardManagerException::m_strMessage': 'ATL::CStringT<wchar_t,ATL::StrTraitATL<wchar_t,ATL::ChTraitsCRT<wchar_t>>>' needs to have dll-interface to be used by clients of 'StoryboardManager::StoryboardManagerException' [C:\Users\mcmco\Desktop\WMMR\build\src\MovieMakerCore\MovieMakerCore.vcxproj]
  (compiling source file '../../../src/MovieMakerCore/StoryboardManager/Serialization/SerializationWriter.cpp')
      C:\Program Files (x86)\Microsoft Visual Studio\2022\BuildTools\VC\Tools\MSVC\14.44.35207\atlmfc\include\cstringt.h(999,7):
      see declaration of 'ATL::CStringT<wchar_t,ATL::StrTraitATL<wchar_t,ATL::ChTraitsCRT<wchar_t>>>'
  
C:\Users\mcmco\Desktop\WMMR\src\MovieMakerCore\StoryboardManager\StoryboardManagerExceptions.h(86,18): warning C4251: 'StoryboardManager::TemplateInitializationException::m_strTemplateName': 'ATL::CStringT<wchar_t,ATL::StrTraitATL<wchar_t,ATL::ChTraitsCRT<wchar_t>>>' needs to have dll-interface to be used by clients of 'StoryboardManager::TemplateInitializationException' [C:\Users\mcmco\Desktop\WMMR\build\src\MovieMakerCore\MovieMakerCore.vcxproj]
  (compiling source file '../../../src/MovieMakerCore/StoryboardManager/Serialization/SerializationWriter.cpp')
      C:\Program Files (x86)\Microsoft Visual Studio\2022\BuildTools\VC\Tools\MSVC\14.44.35207\atlmfc\include\cstringt.h(999,7):
      see declaration of 'ATL::CStringT<wchar_t,ATL::StrTraitATL<wchar_t,ATL::ChTraitsCRT<wchar_t>>>'
  
C:\Users\mcmco\Desktop\WMMR\src\MovieMakerCore\StoryboardManager\StoryboardManagerExceptions.h(119,18): warning C4251: 'StoryboardManager::ScriptInitializationException::m_strScriptPath': 'ATL::CStringT<wchar_t,ATL::StrTraitATL<wchar_t,ATL::ChTraitsCRT<wchar_t>>>' needs to have dll-interface to be used by clients of 'StoryboardManager::ScriptInitializationException' [C:\Users\mcmco\Desktop\WMMR\build\src\MovieMakerCore\MovieMakerCore.vcxproj]
  (compiling source file '../../../src/MovieMakerCore/StoryboardManager/Serialization/SerializationWriter.cpp')
      C:\Program Files (x86)\Microsoft Visual Studio\2022\BuildTools\VC\Tools\MSVC\14.44.35207\atlmfc\include\cstringt.h(999,7):
      see declaration of 'ATL::CStringT<wchar_t,ATL::StrTraitATL<wchar_t,ATL::ChTraitsCRT<wchar_t>>>'
  
C:\Users\mcmco\Desktop\WMMR\src\MovieMakerCore\StoryboardManager\StoryboardManagerExceptions.h(120,18): warning C4251: 'StoryboardManager::ScriptInitializationException::m_strScriptEngineId': 'ATL::CStringT<wchar_t,ATL::StrTraitATL<wchar_t,ATL::ChTraitsCRT<wchar_t>>>' needs to have dll-interface to be used by clients of 'StoryboardManager::ScriptInitializationException' [C:\Users\mcmco\Desktop\WMMR\build\src\MovieMakerCore\MovieMakerCore.vcxproj]
  (compiling source file '../../../src/MovieMakerCore/StoryboardManager/Serialization/SerializationWriter.cpp')
      C:\Program Files (x86)\Microsoft Visual Studio\2022\BuildTools\VC\Tools\MSVC\14.44.35207\atlmfc\include\cstringt.h(999,7):
      see declaration of 'ATL::CStringT<wchar_t,ATL::StrTraitATL<wchar_t,ATL::ChTraitsCRT<wchar_t>>>'
  
C:\Users\mcmco\Desktop\WMMR\src\MovieMakerCore\StoryboardManager\StoryboardManagerExceptions.h(156,18): warning C4251: 'StoryboardManager::EncodeInitializationException::m_strOutputFormat': 'ATL::CStringT<wchar_t,ATL::StrTraitATL<wchar_t,ATL::ChTraitsCRT<wchar_t>>>' needs to have dll-interface to be used by clients of 'StoryboardManager::EncodeInitializationException' [C:\Users\mcmco\Desktop\WMMR\build\src\MovieMakerCore\MovieMakerCore.vcxproj]
  (compiling source file '../../../src/MovieMakerCore/StoryboardManager/Serialization/SerializationWriter.cpp')
      C:\Program Files (x86)\Microsoft Visual Studio\2022\BuildTools\VC\Tools\MSVC\14.44.35207\atlmfc\include\cstringt.h(999,7):
      see declaration of 'ATL::CStringT<wchar_t,ATL::StrTraitATL<wchar_t,ATL::ChTraitsCRT<wchar_t>>>'
  
C:\Users\mcmco\Desktop\WMMR\src\MovieMakerCore\StoryboardManager\StoryboardManagerExceptions.h(157,18): warning C4251: 'StoryboardManager::EncodeInitializationException::m_strCodecName': 'ATL::CStringT<wchar_t,ATL::StrTraitATL<wchar_t,ATL::ChTraitsCRT<wchar_t>>>' needs to have dll-interface to be used by clients of 'StoryboardManager::EncodeInitializationException' [C:\Users\mcmco\Desktop\WMMR\build\src\MovieMakerCore\MovieMakerCore.vcxproj]
  (compiling source file '../../../src/MovieMakerCore/StoryboardManager/Serialization/SerializationWriter.cpp')
      C:\Program Files (x86)\Microsoft Visual Studio\2022\BuildTools\VC\Tools\MSVC\14.44.35207\atlmfc\include\cstringt.h(999,7):
      see declaration of 'ATL::CStringT<wchar_t,ATL::StrTraitATL<wchar_t,ATL::ChTraitsCRT<wchar_t>>>'
  
C:\Users\mcmco\Desktop\WMMR\src\MovieMakerCore\StoryboardManager\TimelineTrack.h(99,25): warning C4251: 'StoryboardManager::TimelineTrack::m_strDisplayName': 'ATL::CStringT<wchar_t,ATL::StrTraitATL<wchar_t,ATL::ChTraitsCRT<wchar_t>>>' needs to have dll-interface to be used by clients of 'StoryboardManager::TimelineTrack' [C:\Users\mcmco\Desktop\WMMR\build\src\MovieMakerCore\MovieMakerCore.vcxproj]
  (compiling source file '../../../src/MovieMakerCore/StoryboardManager/Serialization/SerializationWriter.cpp')
      C:\Program Files (x86)\Microsoft Visual Studio\2022\BuildTools\VC\Tools\MSVC\14.44.35207\atlmfc\include\cstringt.h(999,7):
      see declaration of 'ATL::CStringT<wchar_t,ATL::StrTraitATL<wchar_t,ATL::ChTraitsCRT<wchar_t>>>'
  
C:\Users\mcmco\Desktop\WMMR\src\MovieMakerCore\StoryboardManager\TimelineTrack.h(106,25): error C2079: 'StoryboardManager::TimelineTrack::m_timeline' uses undefined class 'StoryboardManager::ProjectTimeline' [C:\Users\mcmco\Desktop\WMMR\build\src\MovieMakerCore\MovieMakerCore.vcxproj]
  (compiling source file '../../../src/MovieMakerCore/StoryboardManager/Serialization/SerializationWriter.cpp')
  
C:\Users\mcmco\Desktop\WMMR\src\MovieMakerCore\StoryboardManager\TimelineTrack.h(151,36): warning C4251: 'StoryboardManager::TimelineTrackManager::m_arrTracks': 'ATL::CAtlArray<StoryboardManager::TimelineTrack *,ATL::CElementTraits<E>>' needs to have dll-interface to be used by clients of 'StoryboardManager::TimelineTrackManager' [C:\Users\mcmco\Desktop\WMMR\build\src\MovieMakerCore\MovieMakerCore.vcxproj]
C:\Users\mcmco\Desktop\WMMR\src\MovieMakerCore\StoryboardManager\TimelineTrack.h(151,36): warning C4251:         with [C:\Users\mcmco\Desktop\WMMR\build\src\MovieMakerCore\MovieMakerCore.vcxproj]
C:\Users\mcmco\Desktop\WMMR\src\MovieMakerCore\StoryboardManager\TimelineTrack.h(151,36): warning C4251:         [ [C:\Users\mcmco\Desktop\WMMR\build\src\MovieMakerCore\MovieMakerCore.vcxproj]
C:\Users\mcmco\Desktop\WMMR\src\MovieMakerCore\StoryboardManager\TimelineTrack.h(151,36): warning C4251:             E=StoryboardManager::TimelineTrack * [C:\Users\mcmco\Desktop\WMMR\build\src\MovieMakerCore\MovieMakerCore.vcxproj]
C:\Users\mcmco\Desktop\WMMR\src\MovieMakerCore\StoryboardManager\TimelineTrack.h(151,36): warning C4251:         ] [C:\Users\mcmco\Desktop\WMMR\build\src\MovieMakerCore\MovieMakerCore.vcxproj]
  (compiling source file '../../../src/MovieMakerCore/StoryboardManager/Serialization/SerializationWriter.cpp')
      C:\Program Files (x86)\Microsoft Visual Studio\2022\BuildTools\VC\Tools\MSVC\14.44.35207\atlmfc\include\atlcoll.h(530,7):
      see declaration of 'ATL::CAtlArray<StoryboardManager::TimelineTrack *,ATL::CElementTraits<E>>'
          with
          [
              E=StoryboardManager::TimelineTrack *
          ]
  
C:\Users\mcmco\Desktop\WMMR\src\MovieMakerCore\StoryboardManager\MovieExtent.h(151,25): warning C4251: 'StoryboardManager::MovieExtent::m_strTitleText': 'ATL::CStringT<wchar_t,ATL::StrTraitATL<wchar_t,ATL::ChTraitsCRT<wchar_t>>>' needs to have dll-interface to be used by clients of 'StoryboardManager::MovieExtent' [C:\Users\mcmco\Desktop\WMMR\build\src\MovieMakerCore\MovieMakerCore.vcxproj]
  (compiling source file '../../../src/MovieMakerCore/StoryboardManager/Serialization/SerializationWriter.cpp')
      C:\Program Files (x86)\Microsoft Visual Studio\2022\BuildTools\VC\Tools\MSVC\14.44.35207\atlmfc\include\cstringt.h(999,7):
      see declaration of 'ATL::CStringT<wchar_t,ATL::StrTraitATL<wchar_t,ATL::ChTraitsCRT<wchar_t>>>'
  
C:\Users\mcmco\Desktop\WMMR\src\MovieMakerCore\StoryboardManager\MovieExtent.h(152,25): warning C4251: 'StoryboardManager::MovieExtent::m_strTitleFontFamily': 'ATL::CStringT<wchar_t,ATL::StrTraitATL<wchar_t,ATL::ChTraitsCRT<wchar_t>>>' needs to have dll-interface to be used by clients of 'StoryboardManager::MovieExtent' [C:\Users\mcmco\Desktop\WMMR\build\src\MovieMakerCore\MovieMakerCore.vcxproj]
  (compiling source file '../../../src/MovieMakerCore/StoryboardManager/Serialization/SerializationWriter.cpp')
      C:\Program Files (x86)\Microsoft Visual Studio\2022\BuildTools\VC\Tools\MSVC\14.44.35207\atlmfc\include\cstringt.h(999,7):
      see declaration of 'ATL::CStringT<wchar_t,ATL::StrTraitATL<wchar_t,ATL::ChTraitsCRT<wchar_t>>>'
  
C:\Users\mcmco\Desktop\WMMR\src\MovieMakerCore\StoryboardManager\Extents.h(104,37): warning C4251: 'StoryboardManager::ExtentCollection::m_arrExtents': 'ATL::CAtlArray<StoryboardManager::MovieExtent *,ATL::CElementTraits<E>>' needs to have dll-interface to be used by clients of 'StoryboardManager::ExtentCollection' [C:\Users\mcmco\Desktop\WMMR\build\src\MovieMakerCore\MovieMakerCore.vcxproj]
C:\Users\mcmco\Desktop\WMMR\src\MovieMakerCore\StoryboardManager\Extents.h(104,37): warning C4251:         with [C:\Users\mcmco\Desktop\WMMR\build\src\MovieMakerCore\MovieMakerCore.vcxproj]
C:\Users\mcmco\Desktop\WMMR\src\MovieMakerCore\StoryboardManager\Extents.h(104,37): warning C4251:         [ [C:\Users\mcmco\Desktop\WMMR\build\src\MovieMakerCore\MovieMakerCore.vcxproj]
C:\Users\mcmco\Desktop\WMMR\src\MovieMakerCore\StoryboardManager\Extents.h(104,37): warning C4251:             E=StoryboardManager::MovieExtent * [C:\Users\mcmco\Desktop\WMMR\build\src\MovieMakerCore\MovieMakerCore.vcxproj]
C:\Users\mcmco\Desktop\WMMR\src\MovieMakerCore\StoryboardManager\Extents.h(104,37): warning C4251:         ] [C:\Users\mcmco\Desktop\WMMR\build\src\MovieMakerCore\MovieMakerCore.vcxproj]
  (compiling source file '../../../src/MovieMakerCore/StoryboardManager/Serialization/SerializationWriter.cpp')
      C:\Program Files (x86)\Microsoft Visual Studio\2022\BuildTools\VC\Tools\MSVC\14.44.35207\atlmfc\include\atlcoll.h(530,7):
      see declaration of 'ATL::CAtlArray<StoryboardManager::MovieExtent *,ATL::CElementTraits<E>>'
          with
          [
              E=StoryboardManager::MovieExtent *
          ]
  
C:\Users\mcmco\Desktop\WMMR\src\MovieMakerCore\StoryboardManager\Extents.h(158,27): warning C4251: 'StoryboardManager::ExtentIdSet::m_arrIds': 'ATL::CAtlArray<DWORD,ATL::CElementTraits<unsigned long>>' needs to have dll-interface to be used by clients of 'StoryboardManager::ExtentIdSet' [C:\Users\mcmco\Desktop\WMMR\build\src\MovieMakerCore\MovieMakerCore.vcxproj]
  (compiling source file '../../../src/MovieMakerCore/StoryboardManager/Serialization/SerializationWriter.cpp')
      C:\Program Files (x86)\Microsoft Visual Studio\2022\BuildTools\VC\Tools\MSVC\14.44.35207\atlmfc\include\atlcoll.h(530,7):
      see declaration of 'ATL::CAtlArray<DWORD,ATL::CElementTraits<unsigned long>>'
  
C:\Users\mcmco\Desktop\WMMR\src\MovieMakerCore\StoryboardManager\Templates.h(127,25): warning C4251: 'StoryboardManager::ThemeEffect::m_strX3dClipName': 'ATL::CStringT<wchar_t,ATL::StrTraitATL<wchar_t,ATL::ChTraitsCRT<wchar_t>>>' needs to have dll-interface to be used by clients of 'StoryboardManager::ThemeEffect' [C:\Users\mcmco\Desktop\WMMR\build\src\MovieMakerCore\MovieMakerCore.vcxproj]
  (compiling source file '../../../src/MovieMakerCore/StoryboardManager/Serialization/SerializationWriter.cpp')
      C:\Program Files (x86)\Microsoft Visual Studio\2022\BuildTools\VC\Tools\MSVC\14.44.35207\atlmfc\include\cstringt.h(999,7):
      see declaration of 'ATL::CStringT<wchar_t,ATL::StrTraitATL<wchar_t,ATL::ChTraitsCRT<wchar_t>>>'
  
C:\Users\mcmco\Desktop\WMMR\src\MovieMakerCore\StoryboardManager\Templates.h(135,31): warning C4251: 'StoryboardManager::ThemeEffect::m_arrParameters': 'ATL::CAtlArray<StoryboardManager::ThemeEffect::Parameter,ATL::CElementTraits<E>>' needs to have dll-interface to be used by clients of 'StoryboardManager::ThemeEffect' [C:\Users\mcmco\Desktop\WMMR\build\src\MovieMakerCore\MovieMakerCore.vcxproj]
C:\Users\mcmco\Desktop\WMMR\src\MovieMakerCore\StoryboardManager\Templates.h(135,31): warning C4251:         with [C:\Users\mcmco\Desktop\WMMR\build\src\MovieMakerCore\MovieMakerCore.vcxproj]
C:\Users\mcmco\Desktop\WMMR\src\MovieMakerCore\StoryboardManager\Templates.h(135,31): warning C4251:         [ [C:\Users\mcmco\Desktop\WMMR\build\src\MovieMakerCore\MovieMakerCore.vcxproj]
C:\Users\mcmco\Desktop\WMMR\src\MovieMakerCore\StoryboardManager\Templates.h(135,31): warning C4251:             E=StoryboardManager::ThemeEffect::Parameter [C:\Users\mcmco\Desktop\WMMR\build\src\MovieMakerCore\MovieMakerCore.vcxproj]
C:\Users\mcmco\Desktop\WMMR\src\MovieMakerCore\StoryboardManager\Templates.h(135,31): warning C4251:         ] [C:\Users\mcmco\Desktop\WMMR\build\src\MovieMakerCore\MovieMakerCore.vcxproj]
  (compiling source file '../../../src/MovieMakerCore/StoryboardManager/Serialization/SerializationWriter.cpp')
      C:\Program Files (x86)\Microsoft Visual Studio\2022\BuildTools\VC\Tools\MSVC\14.44.35207\atlmfc\include\atlcoll.h(530,7):
      see declaration of 'ATL::CAtlArray<StoryboardManager::ThemeEffect::Parameter,ATL::CElementTraits<E>>'
          with
          [
              E=StoryboardManager::ThemeEffect::Parameter
          ]
  
C:\Users\mcmco\Desktop\WMMR\src\MovieMakerCore\StoryboardManager\Templates.h(206,21): warning C4251: 'StoryboardManager::AutoMovieTheme::m_strName': 'ATL::CStringT<wchar_t,ATL::StrTraitATL<wchar_t,ATL::ChTraitsCRT<wchar_t>>>' needs to have dll-interface to be used by clients of 'StoryboardManager::AutoMovieTheme' [C:\Users\mcmco\Desktop\WMMR\build\src\MovieMakerCore\MovieMakerCore.vcxproj]
  (compiling source file '../../../src/MovieMakerCore/StoryboardManager/Serialization/SerializationWriter.cpp')
      C:\Program Files (x86)\Microsoft Visual Studio\2022\BuildTools\VC\Tools\MSVC\14.44.35207\atlmfc\include\cstringt.h(999,7):
      see declaration of 'ATL::CStringT<wchar_t,ATL::StrTraitATL<wchar_t,ATL::ChTraitsCRT<wchar_t>>>'
  
C:\Users\mcmco\Desktop\WMMR\src\MovieMakerCore\StoryboardManager\Templates.h(207,21): warning C4251: 'StoryboardManager::AutoMovieTheme::m_strDisplayName': 'ATL::CStringT<wchar_t,ATL::StrTraitATL<wchar_t,ATL::ChTraitsCRT<wchar_t>>>' needs to have dll-interface to be used by clients of 'StoryboardManager::AutoMovieTheme' [C:\Users\mcmco\Desktop\WMMR\build\src\MovieMakerCore\MovieMakerCore.vcxproj]
  (compiling source file '../../../src/MovieMakerCore/StoryboardManager/Serialization/SerializationWriter.cpp')
      C:\Program Files (x86)\Microsoft Visual Studio\2022\BuildTools\VC\Tools\MSVC\14.44.35207\atlmfc\include\cstringt.h(999,7):
      see declaration of 'ATL::CStringT<wchar_t,ATL::StrTraitATL<wchar_t,ATL::ChTraitsCRT<wchar_t>>>'
  
C:\Users\mcmco\Desktop\WMMR\src\MovieMakerCore\StoryboardManager\Templates.h(208,21): warning C4251: 'StoryboardManager::AutoMovieTheme::m_strDescription': 'ATL::CStringT<wchar_t,ATL::StrTraitATL<wchar_t,ATL::ChTraitsCRT<wchar_t>>>' needs to have dll-interface to be used by clients of 'StoryboardManager::AutoMovieTheme' [C:\Users\mcmco\Desktop\WMMR\build\src\MovieMakerCore\MovieMakerCore.vcxproj]
  (compiling source file '../../../src/MovieMakerCore/StoryboardManager/Serialization/SerializationWriter.cpp')
      C:\Program Files (x86)\Microsoft Visual Studio\2022\BuildTools\VC\Tools\MSVC\14.44.35207\atlmfc\include\cstringt.h(999,7):
      see declaration of 'ATL::CStringT<wchar_t,ATL::StrTraitATL<wchar_t,ATL::ChTraitsCRT<wchar_t>>>'
  
C:\Users\mcmco\Desktop\WMMR\src\MovieMakerCore\StoryboardManager\Templates.h(209,21): warning C4251: 'StoryboardManager::AutoMovieTheme::m_strThumbnailPath': 'ATL::CStringT<wchar_t,ATL::StrTraitATL<wchar_t,ATL::ChTraitsCRT<wchar_t>>>' needs to have dll-interface to be used by clients of 'StoryboardManager::AutoMovieTheme' [C:\Users\mcmco\Desktop\WMMR\build\src\MovieMakerCore\MovieMakerCore.vcxproj]
  (compiling source file '../../../src/MovieMakerCore/StoryboardManager/Serialization/SerializationWriter.cpp')
      C:\Program Files (x86)\Microsoft Visual Studio\2022\BuildTools\VC\Tools\MSVC\14.44.35207\atlmfc\include\cstringt.h(999,7):
      see declaration of 'ATL::CStringT<wchar_t,ATL::StrTraitATL<wchar_t,ATL::ChTraitsCRT<wchar_t>>>'
  
C:\Users\mcmco\Desktop\WMMR\src\MovieMakerCore\StoryboardManager\Templates.h(210,21): warning C4251: 'StoryboardManager::AutoMovieTheme::m_strCategory': 'ATL::CStringT<wchar_t,ATL::StrTraitATL<wchar_t,ATL::ChTraitsCRT<wchar_t>>>' needs to have dll-interface to be used by clients of 'StoryboardManager::AutoMovieTheme' [C:\Users\mcmco\Desktop\WMMR\build\src\MovieMakerCore\MovieMakerCore.vcxproj]
  (compiling source file '../../../src/MovieMakerCore/StoryboardManager/Serialization/SerializationWriter.cpp')
      C:\Program Files (x86)\Microsoft Visual Studio\2022\BuildTools\VC\Tools\MSVC\14.44.35207\atlmfc\include\cstringt.h(999,7):
      see declaration of 'ATL::CStringT<wchar_t,ATL::StrTraitATL<wchar_t,ATL::ChTraitsCRT<wchar_t>>>'
  
C:\Users\mcmco\Desktop\WMMR\src\MovieMakerCore\StoryboardManager\Templates.h(211,21): warning C4251: 'StoryboardManager::AutoMovieTheme::m_strTitleFontFamily': 'ATL::CStringT<wchar_t,ATL::StrTraitATL<wchar_t,ATL::ChTraitsCRT<wchar_t>>>' needs to have dll-interface to be used by clients of 'StoryboardManager::AutoMovieTheme' [C:\Users\mcmco\Desktop\WMMR\build\src\MovieMakerCore\MovieMakerCore.vcxproj]
  (compiling source file '../../../src/MovieMakerCore/StoryboardManager/Serialization/SerializationWriter.cpp')
      C:\Program Files (x86)\Microsoft Visual Studio\2022\BuildTools\VC\Tools\MSVC\14.44.35207\atlmfc\include\cstringt.h(999,7):
      see declaration of 'ATL::CStringT<wchar_t,ATL::StrTraitATL<wchar_t,ATL::ChTraitsCRT<wchar_t>>>'
  
C:\Users\mcmco\Desktop\WMMR\src\MovieMakerCore\StoryboardManager\Templates.h(213,33): warning C4251: 'StoryboardManager::AutoMovieTheme::m_arrEffects': 'ATL::CAtlArray<StoryboardManager::ThemeEffect,ATL::CElementTraits<E>>' needs to have dll-interface to be used by clients of 'StoryboardManager::AutoMovieTheme' [C:\Users\mcmco\Desktop\WMMR\build\src\MovieMakerCore\MovieMakerCore.vcxproj]
C:\Users\mcmco\Desktop\WMMR\src\MovieMakerCore\StoryboardManager\Templates.h(213,33): warning C4251:         with [C:\Users\mcmco\Desktop\WMMR\build\src\MovieMakerCore\MovieMakerCore.vcxproj]
C:\Users\mcmco\Desktop\WMMR\src\MovieMakerCore\StoryboardManager\Templates.h(213,33): warning C4251:         [ [C:\Users\mcmco\Desktop\WMMR\build\src\MovieMakerCore\MovieMakerCore.vcxproj]
C:\Users\mcmco\Desktop\WMMR\src\MovieMakerCore\StoryboardManager\Templates.h(213,33): warning C4251:             E=StoryboardManager::ThemeEffect [C:\Users\mcmco\Desktop\WMMR\build\src\MovieMakerCore\MovieMakerCore.vcxproj]
C:\Users\mcmco\Desktop\WMMR\src\MovieMakerCore\StoryboardManager\Templates.h(213,33): warning C4251:         ] [C:\Users\mcmco\Desktop\WMMR\build\src\MovieMakerCore\MovieMakerCore.vcxproj]
  (compiling source file '../../../src/MovieMakerCore/StoryboardManager/Serialization/SerializationWriter.cpp')
      C:\Program Files (x86)\Microsoft Visual Studio\2022\BuildTools\VC\Tools\MSVC\14.44.35207\atlmfc\include\atlcoll.h(530,7):
      see declaration of 'ATL::CAtlArray<StoryboardManager::ThemeEffect,ATL::CElementTraits<E>>'
          with
          [
              E=StoryboardManager::ThemeEffect
          ]
  
C:\Users\mcmco\Desktop\WMMR\src\MovieMakerCore\StoryboardManager\Templates.h(273,25): warning C4251: 'StoryboardManager::TemplateEntry::m_strName': 'ATL::CStringT<wchar_t,ATL::StrTraitATL<wchar_t,ATL::ChTraitsCRT<wchar_t>>>' needs to have dll-interface to be used by clients of 'StoryboardManager::TemplateEntry' [C:\Users\mcmco\Desktop\WMMR\build\src\MovieMakerCore\MovieMakerCore.vcxproj]
  (compiling source file '../../../src/MovieMakerCore/StoryboardManager/Serialization/SerializationWriter.cpp')
      C:\Program Files (x86)\Microsoft Visual Studio\2022\BuildTools\VC\Tools\MSVC\14.44.35207\atlmfc\include\cstringt.h(999,7):
      see declaration of 'ATL::CStringT<wchar_t,ATL::StrTraitATL<wchar_t,ATL::ChTraitsCRT<wchar_t>>>'
  
C:\Users\mcmco\Desktop\WMMR\src\MovieMakerCore\StoryboardManager\Templates.h(274,25): warning C4251: 'StoryboardManager::TemplateEntry::m_strDisplayName': 'ATL::CStringT<wchar_t,ATL::StrTraitATL<wchar_t,ATL::ChTraitsCRT<wchar_t>>>' needs to have dll-interface to be used by clients of 'StoryboardManager::TemplateEntry' [C:\Users\mcmco\Desktop\WMMR\build\src\MovieMakerCore\MovieMakerCore.vcxproj]
  (compiling source file '../../../src/MovieMakerCore/StoryboardManager/Serialization/SerializationWriter.cpp')
      C:\Program Files (x86)\Microsoft Visual Studio\2022\BuildTools\VC\Tools\MSVC\14.44.35207\atlmfc\include\cstringt.h(999,7):
      see declaration of 'ATL::CStringT<wchar_t,ATL::StrTraitATL<wchar_t,ATL::ChTraitsCRT<wchar_t>>>'
  
C:\Users\mcmco\Desktop\WMMR\src\MovieMakerCore\StoryboardManager\Templates.h(275,25): warning C4251: 'StoryboardManager::TemplateEntry::m_strDescription': 'ATL::CStringT<wchar_t,ATL::StrTraitATL<wchar_t,ATL::ChTraitsCRT<wchar_t>>>' needs to have dll-interface to be used by clients of 'StoryboardManager::TemplateEntry' [C:\Users\mcmco\Desktop\WMMR\build\src\MovieMakerCore\MovieMakerCore.vcxproj]
  (compiling source file '../../../src/MovieMakerCore/StoryboardManager/Serialization/SerializationWriter.cpp')
      C:\Program Files (x86)\Microsoft Visual Studio\2022\BuildTools\VC\Tools\MSVC\14.44.35207\atlmfc\include\cstringt.h(999,7):
      see declaration of 'ATL::CStringT<wchar_t,ATL::StrTraitATL<wchar_t,ATL::ChTraitsCRT<wchar_t>>>'
  
C:\Users\mcmco\Desktop\WMMR\src\MovieMakerCore\StoryboardManager\Templates.h(276,25): warning C4251: 'StoryboardManager::TemplateEntry::m_strThumbnailPath': 'ATL::CStringT<wchar_t,ATL::StrTraitATL<wchar_t,ATL::ChTraitsCRT<wchar_t>>>' needs to have dll-interface to be used by clients of 'StoryboardManager::TemplateEntry' [C:\Users\mcmco\Desktop\WMMR\build\src\MovieMakerCore\MovieMakerCore.vcxproj]
  (compiling source file '../../../src/MovieMakerCore/StoryboardManager/Serialization/SerializationWriter.cpp')
      C:\Program Files (x86)\Microsoft Visual Studio\2022\BuildTools\VC\Tools\MSVC\14.44.35207\atlmfc\include\cstringt.h(999,7):
      see declaration of 'ATL::CStringT<wchar_t,ATL::StrTraitATL<wchar_t,ATL::ChTraitsCRT<wchar_t>>>'
  
C:\Users\mcmco\Desktop\WMMR\src\MovieMakerCore\StoryboardManager\Templates.h(343,37): warning C4251: 'StoryboardManager::TemplateTable::m_arrTemplates': 'ATL::CAtlArray<StoryboardManager::TemplateEntry *,ATL::CElementTraits<E>>' needs to have dll-interface to be used by clients of 'StoryboardManager::TemplateTable' [C:\Users\mcmco\Desktop\WMMR\build\src\MovieMakerCore\MovieMakerCore.vcxproj]
C:\Users\mcmco\Desktop\WMMR\src\MovieMakerCore\StoryboardManager\Templates.h(343,37): warning C4251:         with [C:\Users\mcmco\Desktop\WMMR\build\src\MovieMakerCore\MovieMakerCore.vcxproj]
C:\Users\mcmco\Desktop\WMMR\src\MovieMakerCore\StoryboardManager\Templates.h(343,37): warning C4251:         [ [C:\Users\mcmco\Desktop\WMMR\build\src\MovieMakerCore\MovieMakerCore.vcxproj]
C:\Users\mcmco\Desktop\WMMR\src\MovieMakerCore\StoryboardManager\Templates.h(343,37): warning C4251:             E=StoryboardManager::TemplateEntry * [C:\Users\mcmco\Desktop\WMMR\build\src\MovieMakerCore\MovieMakerCore.vcxproj]
C:\Users\mcmco\Desktop\WMMR\src\MovieMakerCore\StoryboardManager\Templates.h(343,37): warning C4251:         ] [C:\Users\mcmco\Desktop\WMMR\build\src\MovieMakerCore\MovieMakerCore.vcxproj]
  (compiling source file '../../../src/MovieMakerCore/StoryboardManager/Serialization/SerializationWriter.cpp')
      C:\Program Files (x86)\Microsoft Visual Studio\2022\BuildTools\VC\Tools\MSVC\14.44.35207\atlmfc\include\atlcoll.h(530,7):
      see declaration of 'ATL::CAtlArray<StoryboardManager::TemplateEntry *,ATL::CElementTraits<E>>'
          with
          [
              E=StoryboardManager::TemplateEntry *
          ]
  
C:\Users\mcmco\Desktop\WMMR\src\MovieMakerCore\StoryboardManager\Templates.h(344,37): warning C4251: 'StoryboardManager::TemplateTable::m_arrThemes': 'ATL::CAtlArray<StoryboardManager::AutoMovieTheme *,ATL::CElementTraits<E>>' needs to have dll-interface to be used by clients of 'StoryboardManager::TemplateTable' [C:\Users\mcmco\Desktop\WMMR\build\src\MovieMakerCore\MovieMakerCore.vcxproj]
C:\Users\mcmco\Desktop\WMMR\src\MovieMakerCore\StoryboardManager\Templates.h(344,37): warning C4251:         with [C:\Users\mcmco\Desktop\WMMR\build\src\MovieMakerCore\MovieMakerCore.vcxproj]
C:\Users\mcmco\Desktop\WMMR\src\MovieMakerCore\StoryboardManager\Templates.h(344,37): warning C4251:         [ [C:\Users\mcmco\Desktop\WMMR\build\src\MovieMakerCore\MovieMakerCore.vcxproj]
C:\Users\mcmco\Desktop\WMMR\src\MovieMakerCore\StoryboardManager\Templates.h(344,37): warning C4251:             E=StoryboardManager::AutoMovieTheme * [C:\Users\mcmco\Desktop\WMMR\build\src\MovieMakerCore\MovieMakerCore.vcxproj]
C:\Users\mcmco\Desktop\WMMR\src\MovieMakerCore\StoryboardManager\Templates.h(344,37): warning C4251:         ] [C:\Users\mcmco\Desktop\WMMR\build\src\MovieMakerCore\MovieMakerCore.vcxproj]
  (compiling source file '../../../src/MovieMakerCore/StoryboardManager/Serialization/SerializationWriter.cpp')
      C:\Program Files (x86)\Microsoft Visual Studio\2022\BuildTools\VC\Tools\MSVC\14.44.35207\atlmfc\include\atlcoll.h(530,7):
      see declaration of 'ATL::CAtlArray<StoryboardManager::AutoMovieTheme *,ATL::CElementTraits<E>>'
          with
          [
              E=StoryboardManager::AutoMovieTheme *
          ]
  
C:\Users\mcmco\Desktop\WMMR\src\MovieMakerCore\StoryboardManager\MovieProject.h(119,18): warning C4251: 'StoryboardManager::ProjectMediaItem::m_strSourcePath': 'ATL::CStringT<wchar_t,ATL::StrTraitATL<wchar_t,ATL::ChTraitsCRT<wchar_t>>>' needs to have dll-interface to be used by clients of 'StoryboardManager::ProjectMediaItem' [C:\Users\mcmco\Desktop\WMMR\build\src\MovieMakerCore\MovieMakerCore.vcxproj]
  (compiling source file '../../../src/MovieMakerCore/StoryboardManager/Serialization/SerializationWriter.cpp')
      C:\Program Files (x86)\Microsoft Visual Studio\2022\BuildTools\VC\Tools\MSVC\14.44.35207\atlmfc\include\cstringt.h(999,7):
      see declaration of 'ATL::CStringT<wchar_t,ATL::StrTraitATL<wchar_t,ATL::ChTraitsCRT<wchar_t>>>'
  
C:\Users\mcmco\Desktop\WMMR\src\MovieMakerCore\StoryboardManager\MovieProject.h(120,18): warning C4251: 'StoryboardManager::ProjectMediaItem::m_strThumbnailPath': 'ATL::CStringT<wchar_t,ATL::StrTraitATL<wchar_t,ATL::ChTraitsCRT<wchar_t>>>' needs to have dll-interface to be used by clients of 'StoryboardManager::ProjectMediaItem' [C:\Users\mcmco\Desktop\WMMR\build\src\MovieMakerCore\MovieMakerCore.vcxproj]
  (compiling source file '../../../src/MovieMakerCore/StoryboardManager/Serialization/SerializationWriter.cpp')
      C:\Program Files (x86)\Microsoft Visual Studio\2022\BuildTools\VC\Tools\MSVC\14.44.35207\atlmfc\include\cstringt.h(999,7):
      see declaration of 'ATL::CStringT<wchar_t,ATL::StrTraitATL<wchar_t,ATL::ChTraitsCRT<wchar_t>>>'
  
C:\Users\mcmco\Desktop\WMMR\src\MovieMakerCore\StoryboardManager\MovieProject.h(127,18): warning C4251: 'StoryboardManager::ProjectMediaItem::m_strTags': 'ATL::CStringT<wchar_t,ATL::StrTraitATL<wchar_t,ATL::ChTraitsCRT<wchar_t>>>' needs to have dll-interface to be used by clients of 'StoryboardManager::ProjectMediaItem' [C:\Users\mcmco\Desktop\WMMR\build\src\MovieMakerCore\MovieMakerCore.vcxproj]
  (compiling source file '../../../src/MovieMakerCore/StoryboardManager/Serialization/SerializationWriter.cpp')
      C:\Program Files (x86)\Microsoft Visual Studio\2022\BuildTools\VC\Tools\MSVC\14.44.35207\atlmfc\include\cstringt.h(999,7):
      see declaration of 'ATL::CStringT<wchar_t,ATL::StrTraitATL<wchar_t,ATL::ChTraitsCRT<wchar_t>>>'
  
C:\Users\mcmco\Desktop\WMMR\src\MovieMakerCore\StoryboardManager\MovieProject.h(130,18): warning C4251: 'StoryboardManager::ProjectMediaItem::m_strVideoCodec': 'ATL::CStringT<wchar_t,ATL::StrTraitATL<wchar_t,ATL::ChTraitsCRT<wchar_t>>>' needs to have dll-interface to be used by clients of 'StoryboardManager::ProjectMediaItem' [C:\Users\mcmco\Desktop\WMMR\build\src\MovieMakerCore\MovieMakerCore.vcxproj]
  (compiling source file '../../../src/MovieMakerCore/StoryboardManager/Serialization/SerializationWriter.cpp')
      C:\Program Files (x86)\Microsoft Visual Studio\2022\BuildTools\VC\Tools\MSVC\14.44.35207\atlmfc\include\cstringt.h(999,7):
      see declaration of 'ATL::CStringT<wchar_t,ATL::StrTraitATL<wchar_t,ATL::ChTraitsCRT<wchar_t>>>'
  
C:\Users\mcmco\Desktop\WMMR\src\MovieMakerCore\StoryboardManager\MovieProject.h(131,18): warning C4251: 'StoryboardManager::ProjectMediaItem::m_strAudioCodec': 'ATL::CStringT<wchar_t,ATL::StrTraitATL<wchar_t,ATL::ChTraitsCRT<wchar_t>>>' needs to have dll-interface to be used by clients of 'StoryboardManager::ProjectMediaItem' [C:\Users\mcmco\Desktop\WMMR\build\src\MovieMakerCore\MovieMakerCore.vcxproj]
  (compiling source file '../../../src/MovieMakerCore/StoryboardManager/Serialization/SerializationWriter.cpp')
      C:\Program Files (x86)\Microsoft Visual Studio\2022\BuildTools\VC\Tools\MSVC\14.44.35207\atlmfc\include\cstringt.h(999,7):
      see declaration of 'ATL::CStringT<wchar_t,ATL::StrTraitATL<wchar_t,ATL::ChTraitsCRT<wchar_t>>>'
  
C:\Users\mcmco\Desktop\WMMR\src\MovieMakerCore\StoryboardManager\MovieProject.h(176,29): warning C4251: 'StoryboardManager::ProjectTimeline::m_arrExtentIds': 'ATL::CAtlArray<DWORD,ATL::CElementTraits<unsigned long>>' needs to have dll-interface to be used by clients of 'StoryboardManager::ProjectTimeline' [C:\Users\mcmco\Desktop\WMMR\build\src\MovieMakerCore\MovieMakerCore.vcxproj]
  (compiling source file '../../../src/MovieMakerCore/StoryboardManager/Serialization/SerializationWriter.cpp')
      C:\Program Files (x86)\Microsoft Visual Studio\2022\BuildTools\VC\Tools\MSVC\14.44.35207\atlmfc\include\atlcoll.h(530,7):
      see declaration of 'ATL::CAtlArray<DWORD,ATL::CElementTraits<unsigned long>>'
  
C:\Users\mcmco\Desktop\WMMR\src\MovieMakerCore\StoryboardManager\MovieProject.h(248,18): warning C4251: 'StoryboardManager::MovieProjectSettings::m_strProjectName': 'ATL::CStringT<wchar_t,ATL::StrTraitATL<wchar_t,ATL::ChTraitsCRT<wchar_t>>>' needs to have dll-interface to be used by clients of 'StoryboardManager::MovieProjectSettings' [C:\Users\mcmco\Desktop\WMMR\build\src\MovieMakerCore\MovieMakerCore.vcxproj]
  (compiling source file '../../../src/MovieMakerCore/StoryboardManager/Serialization/SerializationWriter.cpp')
      C:\Program Files (x86)\Microsoft Visual Studio\2022\BuildTools\VC\Tools\MSVC\14.44.35207\atlmfc\include\cstringt.h(999,7):
      see declaration of 'ATL::CStringT<wchar_t,ATL::StrTraitATL<wchar_t,ATL::ChTraitsCRT<wchar_t>>>'
  
C:\Users\mcmco\Desktop\WMMR\src\MovieMakerCore\StoryboardManager\MovieProject.h(249,18): warning C4251: 'StoryboardManager::MovieProjectSettings::m_strAuthor': 'ATL::CStringT<wchar_t,ATL::StrTraitATL<wchar_t,ATL::ChTraitsCRT<wchar_t>>>' needs to have dll-interface to be used by clients of 'StoryboardManager::MovieProjectSettings' [C:\Users\mcmco\Desktop\WMMR\build\src\MovieMakerCore\MovieMakerCore.vcxproj]
  (compiling source file '../../../src/MovieMakerCore/StoryboardManager/Serialization/SerializationWriter.cpp')
      C:\Program Files (x86)\Microsoft Visual Studio\2022\BuildTools\VC\Tools\MSVC\14.44.35207\atlmfc\include\cstringt.h(999,7):
      see declaration of 'ATL::CStringT<wchar_t,ATL::StrTraitATL<wchar_t,ATL::ChTraitsCRT<wchar_t>>>'
  
C:\Users\mcmco\Desktop\WMMR\src\MovieMakerCore\StoryboardManager\MovieProject.h(390,25): warning C4251: 'StoryboardManager::MovieProject::m_strProjectPath': 'ATL::CStringT<wchar_t,ATL::StrTraitATL<wchar_t,ATL::ChTraitsCRT<wchar_t>>>' needs to have dll-interface to be used by clients of 'StoryboardManager::MovieProject' [C:\Users\mcmco\Desktop\WMMR\build\src\MovieMakerCore\MovieMakerCore.vcxproj]
  (compiling source file '../../../src/MovieMakerCore/StoryboardManager/Serialization/SerializationWriter.cpp')
      C:\Program Files (x86)\Microsoft Visual Studio\2022\BuildTools\VC\Tools\MSVC\14.44.35207\atlmfc\include\cstringt.h(999,7):
      see declaration of 'ATL::CStringT<wchar_t,ATL::StrTraitATL<wchar_t,ATL::ChTraitsCRT<wchar_t>>>'
  
C:\Users\mcmco\Desktop\WMMR\src\MovieMakerCore\StoryboardManager\MovieProject.h(394,40): warning C4251: 'StoryboardManager::MovieProject::m_arrMediaItems': 'ATL::CAtlArray<StoryboardManager::ProjectMediaItem,ATL::CElementTraits<E>>' needs to have dll-interface to be used by clients of 'StoryboardManager::MovieProject' [C:\Users\mcmco\Desktop\WMMR\build\src\MovieMakerCore\MovieMakerCore.vcxproj]
C:\Users\mcmco\Desktop\WMMR\src\MovieMakerCore\StoryboardManager\MovieProject.h(394,40): warning C4251:         with [C:\Users\mcmco\Desktop\WMMR\build\src\MovieMakerCore\MovieMakerCore.vcxproj]
C:\Users\mcmco\Desktop\WMMR\src\MovieMakerCore\StoryboardManager\MovieProject.h(394,40): warning C4251:         [ [C:\Users\mcmco\Desktop\WMMR\build\src\MovieMakerCore\MovieMakerCore.vcxproj]
C:\Users\mcmco\Desktop\WMMR\src\MovieMakerCore\StoryboardManager\MovieProject.h(394,40): warning C4251:             E=StoryboardManager::ProjectMediaItem [C:\Users\mcmco\Desktop\WMMR\build\src\MovieMakerCore\MovieMakerCore.vcxproj]
C:\Users\mcmco\Desktop\WMMR\src\MovieMakerCore\StoryboardManager\MovieProject.h(394,40): warning C4251:         ] [C:\Users\mcmco\Desktop\WMMR\build\src\MovieMakerCore\MovieMakerCore.vcxproj]
  (compiling source file '../../../src/MovieMakerCore/StoryboardManager/Serialization/SerializationWriter.cpp')
      C:\Program Files (x86)\Microsoft Visual Studio\2022\BuildTools\VC\Tools\MSVC\14.44.35207\atlmfc\include\atlcoll.h(530,7):
      see declaration of 'ATL::CAtlArray<StoryboardManager::ProjectMediaItem,ATL::CElementTraits<E>>'
          with
          [
              E=StoryboardManager::ProjectMediaItem
          ]
  
C:\Users\mcmco\Desktop\WMMR\src\MovieMakerCore\StoryboardManager\MovieProject.h(404,32): warning C4251: 'StoryboardManager::MovieProject::m_arrUndoStack': 'ATL::CAtlArray<StoryboardManager::MovieProject::UndoEntry *,ATL::CElementTraits<E>>' needs to have dll-interface to be used by clients of 'StoryboardManager::MovieProject' [C:\Users\mcmco\Desktop\WMMR\build\src\MovieMakerCore\MovieMakerCore.vcxproj]
C:\Users\mcmco\Desktop\WMMR\src\MovieMakerCore\StoryboardManager\MovieProject.h(404,32): warning C4251:         with [C:\Users\mcmco\Desktop\WMMR\build\src\MovieMakerCore\MovieMakerCore.vcxproj]
C:\Users\mcmco\Desktop\WMMR\src\MovieMakerCore\StoryboardManager\MovieProject.h(404,32): warning C4251:         [ [C:\Users\mcmco\Desktop\WMMR\build\src\MovieMakerCore\MovieMakerCore.vcxproj]
C:\Users\mcmco\Desktop\WMMR\src\MovieMakerCore\StoryboardManager\MovieProject.h(404,32): warning C4251:             E=StoryboardManager::MovieProject::UndoEntry * [C:\Users\mcmco\Desktop\WMMR\build\src\MovieMakerCore\MovieMakerCore.vcxproj]
C:\Users\mcmco\Desktop\WMMR\src\MovieMakerCore\StoryboardManager\MovieProject.h(404,32): warning C4251:         ] [C:\Users\mcmco\Desktop\WMMR\build\src\MovieMakerCore\MovieMakerCore.vcxproj]
  (compiling source file '../../../src/MovieMakerCore/StoryboardManager/Serialization/SerializationWriter.cpp')
      C:\Program Files (x86)\Microsoft Visual Studio\2022\BuildTools\VC\Tools\MSVC\14.44.35207\atlmfc\include\atlcoll.h(530,7):
      see declaration of 'ATL::CAtlArray<StoryboardManager::MovieProject::UndoEntry *,ATL::CElementTraits<E>>'
          with
          [
              E=StoryboardManager::MovieProject::UndoEntry *
          ]
  
C:\Users\mcmco\Desktop\WMMR\src\MovieMakerCore\StoryboardManager\Serialization\SerializationContext.h(117,26): warning C4251: 'StoryboardManager::SerializationContext::m_version': 'StoryboardManager::SerializationVersion' needs to have dll-interface to be used by clients of 'StoryboardManager::SerializationContext' [C:\Users\mcmco\Desktop\WMMR\build\src\MovieMakerCore\MovieMakerCore.vcxproj]
  (compiling source file '../../../src/MovieMakerCore/StoryboardManager/Serialization/SerializationWriter.cpp')
      C:\Users\mcmco\Desktop\WMMR\src\MovieMakerCore\StoryboardManager\Serialization\SerializationContext.h(42,8):
      see declaration of 'StoryboardManager::SerializationVersion'
  
C:\Users\mcmco\Desktop\WMMR\src\MovieMakerCore\StoryboardManager\Serialization\SerializationWriter.cpp(129,29): error C2660: 'IXmlWriter::WriteEndElement': function does not take 1 arguments [C:\Users\mcmco\Desktop\WMMR\build\src\MovieMakerCore\MovieMakerCore.vcxproj]
      C:\Program Files (x86)\Windows Kits\10\Include\10.0.26100.0\um\xmllite.h(900,43):
      see declaration of 'IXmlWriter::WriteEndElement'
      C:\Users\mcmco\Desktop\WMMR\src\MovieMakerCore\StoryboardManager\Serialization\SerializationWriter.cpp(129,29):
      while trying to match the argument list '(nullptr)'
  
C:\Users\mcmco\Desktop\WMMR\src\MovieMakerCore\StoryboardManager\Serialization\SerializationWriter.cpp(185,5): error C2660: '_i64tow_s': function does not take 3 arguments [C:\Users\mcmco\Desktop\WMMR\build\src\MovieMakerCore\MovieMakerCore.vcxproj]
      C:\Program Files (x86)\Windows Kits\10\Include\10.0.26100.0\ucrt\corecrt_wstdlib.h(264,30):
      see declaration of '_i64tow_s'
      C:\Users\mcmco\Desktop\WMMR\src\MovieMakerCore\StoryboardManager\Serialization\SerializationWriter.cpp(185,5):
      while trying to match the argument list '(LONGLONG, WCHAR [64], int)'
  
C:\Users\mcmco\Desktop\WMMR\src\MovieMakerCore\StoryboardManager\Serialization\SerializationWriter.cpp(224,29): error C2664: 'HRESULT IXmlWriter::WriteStartDocument(XmlStandalone)': cannot convert argument 1 from 'nullptr' to 'XmlStandalone' [C:\Users\mcmco\Desktop\WMMR\build\src\MovieMakerCore\MovieMakerCore.vcxproj]
      C:\Users\mcmco\Desktop\WMMR\src\MovieMakerCore\StoryboardManager\Serialization\SerializationWriter.cpp(224,48):
      nullptr can only be converted to pointer or handle types
      C:\Program Files (x86)\Windows Kits\10\Include\10.0.26100.0\um\xmllite.h(950,43):
      see declaration of 'IXmlWriter::WriteStartDocument'
      C:\Users\mcmco\Desktop\WMMR\src\MovieMakerCore\StoryboardManager\Serialization\SerializationWriter.cpp(224,29):
      while trying to match the argument list '(nullptr)'
  
C:\Users\mcmco\Desktop\WMMR\src\MovieMakerCore\StoryboardManager\Serialization\SerializationWriter.cpp(234,29): error C2660: 'IXmlWriter::WriteEndDocument': function does not take 1 arguments [C:\Users\mcmco\Desktop\WMMR\build\src\MovieMakerCore\MovieMakerCore.vcxproj]
      C:\Program Files (x86)\Windows Kits\10\Include\10.0.26100.0\um\xmllite.h(898,43):
      see declaration of 'IXmlWriter::WriteEndDocument'
      C:\Users\mcmco\Desktop\WMMR\src\MovieMakerCore\StoryboardManager\Serialization\SerializationWriter.cpp(234,29):
      while trying to match the argument list '(nullptr)'
  
  MediaItem.cpp
C:\Users\mcmco\Desktop\WMMR\src\WLXPhotoBase\BaseTypes.h(536,18): warning C4251: 'Base::File::m_strPath': 'ATL::CStringT<wchar_t,ATL::StrTraitATL<wchar_t,ATL::ChTraitsCRT<wchar_t>>>' needs to have dll-interface to be used by clients of 'Base::File' [C:\Users\mcmco\Desktop\WMMR\build\src\MovieMakerCore\MovieMakerCore.vcxproj]
  (compiling source file '../../../src/MovieMakerCore/StoryboardManager/Serialization/SerializationMemoryReaderWriter.cpp')
      C:\Program Files (x86)\Microsoft Visual Studio\2022\BuildTools\VC\Tools\MSVC\14.44.35207\atlmfc\include\cstringt.h(999,7):
      see declaration of 'ATL::CStringT<wchar_t,ATL::StrTraitATL<wchar_t,ATL::ChTraitsCRT<wchar_t>>>'
  
C:\Users\mcmco\Desktop\WMMR\src\WLXPhotoBase\BaseTypes.h(568,18): warning C4251: 'Base::TempFile::m_strPath': 'ATL::CStringT<wchar_t,ATL::StrTraitATL<wchar_t,ATL::ChTraitsCRT<wchar_t>>>' needs to have dll-interface to be used by clients of 'Base::TempFile' [C:\Users\mcmco\Desktop\WMMR\build\src\MovieMakerCore\MovieMakerCore.vcxproj]
  (compiling source file '../../../src/MovieMakerCore/StoryboardManager/Serialization/SerializationMemoryReaderWriter.cpp')
      C:\Program Files (x86)\Microsoft Visual Studio\2022\BuildTools\VC\Tools\MSVC\14.44.35207\atlmfc\include\cstringt.h(999,7):
      see declaration of 'ATL::CStringT<wchar_t,ATL::StrTraitATL<wchar_t,ATL::ChTraitsCRT<wchar_t>>>'
  
C:\Users\mcmco\Desktop\WMMR\src\WLXPhotoBase\BaseTypes.h(661,21): warning C4251: 'Base::FindFile::m_strDirectory': 'ATL::CStringT<wchar_t,ATL::StrTraitATL<wchar_t,ATL::ChTraitsCRT<wchar_t>>>' needs to have dll-interface to be used by clients of 'Base::FindFile' [C:\Users\mcmco\Desktop\WMMR\build\src\MovieMakerCore\MovieMakerCore.vcxproj]
  (compiling source file '../../../src/MovieMakerCore/StoryboardManager/Serialization/SerializationMemoryReaderWriter.cpp')
      C:\Program Files (x86)\Microsoft Visual Studio\2022\BuildTools\VC\Tools\MSVC\14.44.35207\atlmfc\include\cstringt.h(999,7):
      see declaration of 'ATL::CStringT<wchar_t,ATL::StrTraitATL<wchar_t,ATL::ChTraitsCRT<wchar_t>>>'
  
C:\Users\mcmco\Desktop\WMMR\src\WLXPhotoBase\BaseTypes.h(724,25): warning C4251: 'Base::IntSet::m_values': 'ATL::CAtlArray<int,ATL::CElementTraits<int>>' needs to have dll-interface to be used by clients of 'Base::IntSet' [C:\Users\mcmco\Desktop\WMMR\build\src\MovieMakerCore\MovieMakerCore.vcxproj]
  (compiling source file '../../../src/MovieMakerCore/StoryboardManager/Serialization/SerializationMemoryReaderWriter.cpp')
      C:\Program Files (x86)\Microsoft Visual Studio\2022\BuildTools\VC\Tools\MSVC\14.44.35207\atlmfc\include\atlcoll.h(530,7):
      see declaration of 'ATL::CAtlArray<int,ATL::CElementTraits<int>>'
  
C:\Users\mcmco\Desktop\WMMR\src\MovieMakerCore\StoryboardManager\StoryboardManagerExceptions.h(56,18): warning C4251: 'StoryboardManager::StoryboardManagerException::m_strMessage': 'ATL::CStringT<wchar_t,ATL::StrTraitATL<wchar_t,ATL::ChTraitsCRT<wchar_t>>>' needs to have dll-interface to be used by clients of 'StoryboardManager::StoryboardManagerException' [C:\Users\mcmco\Desktop\WMMR\build\src\MovieMakerCore\MovieMakerCore.vcxproj]
  (compiling source file '../../../src/MovieMakerCore/StoryboardManager/Serialization/SerializationMemoryReaderWriter.cpp')
      C:\Program Files (x86)\Microsoft Visual Studio\2022\BuildTools\VC\Tools\MSVC\14.44.35207\atlmfc\include\cstringt.h(999,7):
      see declaration of 'ATL::CStringT<wchar_t,ATL::StrTraitATL<wchar_t,ATL::ChTraitsCRT<wchar_t>>>'
  
C:\Users\mcmco\Desktop\WMMR\src\MovieMakerCore\StoryboardManager\StoryboardManagerExceptions.h(86,18): warning C4251: 'StoryboardManager::TemplateInitializationException::m_strTemplateName': 'ATL::CStringT<wchar_t,ATL::StrTraitATL<wchar_t,ATL::ChTraitsCRT<wchar_t>>>' needs to have dll-interface to be used by clients of 'StoryboardManager::TemplateInitializationException' [C:\Users\mcmco\Desktop\WMMR\build\src\MovieMakerCore\MovieMakerCore.vcxproj]
  (compiling source file '../../../src/MovieMakerCore/StoryboardManager/Serialization/SerializationMemoryReaderWriter.cpp')
      C:\Program Files (x86)\Microsoft Visual Studio\2022\BuildTools\VC\Tools\MSVC\14.44.35207\atlmfc\include\cstringt.h(999,7):
      see declaration of 'ATL::CStringT<wchar_t,ATL::StrTraitATL<wchar_t,ATL::ChTraitsCRT<wchar_t>>>'
  
C:\Users\mcmco\Desktop\WMMR\src\MovieMakerCore\StoryboardManager\StoryboardManagerExceptions.h(119,18): warning C4251: 'StoryboardManager::ScriptInitializationException::m_strScriptPath': 'ATL::CStringT<wchar_t,ATL::StrTraitATL<wchar_t,ATL::ChTraitsCRT<wchar_t>>>' needs to have dll-interface to be used by clients of 'StoryboardManager::ScriptInitializationException' [C:\Users\mcmco\Desktop\WMMR\build\src\MovieMakerCore\MovieMakerCore.vcxproj]
  (compiling source file '../../../src/MovieMakerCore/StoryboardManager/Serialization/SerializationMemoryReaderWriter.cpp')
      C:\Program Files (x86)\Microsoft Visual Studio\2022\BuildTools\VC\Tools\MSVC\14.44.35207\atlmfc\include\cstringt.h(999,7):
      see declaration of 'ATL::CStringT<wchar_t,ATL::StrTraitATL<wchar_t,ATL::ChTraitsCRT<wchar_t>>>'
  
C:\Users\mcmco\Desktop\WMMR\src\MovieMakerCore\StoryboardManager\StoryboardManagerExceptions.h(120,18): warning C4251: 'StoryboardManager::ScriptInitializationException::m_strScriptEngineId': 'ATL::CStringT<wchar_t,ATL::StrTraitATL<wchar_t,ATL::ChTraitsCRT<wchar_t>>>' needs to have dll-interface to be used by clients of 'StoryboardManager::ScriptInitializationException' [C:\Users\mcmco\Desktop\WMMR\build\src\MovieMakerCore\MovieMakerCore.vcxproj]
  (compiling source file '../../../src/MovieMakerCore/StoryboardManager/Serialization/SerializationMemoryReaderWriter.cpp')
      C:\Program Files (x86)\Microsoft Visual Studio\2022\BuildTools\VC\Tools\MSVC\14.44.35207\atlmfc\include\cstringt.h(999,7):
      see declaration of 'ATL::CStringT<wchar_t,ATL::StrTraitATL<wchar_t,ATL::ChTraitsCRT<wchar_t>>>'
  
C:\Users\mcmco\Desktop\WMMR\src\MovieMakerCore\StoryboardManager\StoryboardManagerExceptions.h(156,18): warning C4251: 'StoryboardManager::EncodeInitializationException::m_strOutputFormat': 'ATL::CStringT<wchar_t,ATL::StrTraitATL<wchar_t,ATL::ChTraitsCRT<wchar_t>>>' needs to have dll-interface to be used by clients of 'StoryboardManager::EncodeInitializationException' [C:\Users\mcmco\Desktop\WMMR\build\src\MovieMakerCore\MovieMakerCore.vcxproj]
  (compiling source file '../../../src/MovieMakerCore/StoryboardManager/Serialization/SerializationMemoryReaderWriter.cpp')
      C:\Program Files (x86)\Microsoft Visual Studio\2022\BuildTools\VC\Tools\MSVC\14.44.35207\atlmfc\include\cstringt.h(999,7):
      see declaration of 'ATL::CStringT<wchar_t,ATL::StrTraitATL<wchar_t,ATL::ChTraitsCRT<wchar_t>>>'
  
C:\Users\mcmco\Desktop\WMMR\src\MovieMakerCore\StoryboardManager\StoryboardManagerExceptions.h(157,18): warning C4251: 'StoryboardManager::EncodeInitializationException::m_strCodecName': 'ATL::CStringT<wchar_t,ATL::StrTraitATL<wchar_t,ATL::ChTraitsCRT<wchar_t>>>' needs to have dll-interface to be used by clients of 'StoryboardManager::EncodeInitializationException' [C:\Users\mcmco\Desktop\WMMR\build\src\MovieMakerCore\MovieMakerCore.vcxproj]
  (compiling source file '../../../src/MovieMakerCore/StoryboardManager/Serialization/SerializationMemoryReaderWriter.cpp')
      C:\Program Files (x86)\Microsoft Visual Studio\2022\BuildTools\VC\Tools\MSVC\14.44.35207\atlmfc\include\cstringt.h(999,7):
      see declaration of 'ATL::CStringT<wchar_t,ATL::StrTraitATL<wchar_t,ATL::ChTraitsCRT<wchar_t>>>'
  
C:\Users\mcmco\Desktop\WMMR\src\MovieMakerCore\StoryboardManager\TimelineTrack.h(99,25): warning C4251: 'StoryboardManager::TimelineTrack::m_strDisplayName': 'ATL::CStringT<wchar_t,ATL::StrTraitATL<wchar_t,ATL::ChTraitsCRT<wchar_t>>>' needs to have dll-interface to be used by clients of 'StoryboardManager::TimelineTrack' [C:\Users\mcmco\Desktop\WMMR\build\src\MovieMakerCore\MovieMakerCore.vcxproj]
  (compiling source file '../../../src/MovieMakerCore/StoryboardManager/Serialization/SerializationMemoryReaderWriter.cpp')
      C:\Program Files (x86)\Microsoft Visual Studio\2022\BuildTools\VC\Tools\MSVC\14.44.35207\atlmfc\include\cstringt.h(999,7):
      see declaration of 'ATL::CStringT<wchar_t,ATL::StrTraitATL<wchar_t,ATL::ChTraitsCRT<wchar_t>>>'
  
C:\Users\mcmco\Desktop\WMMR\src\MovieMakerCore\StoryboardManager\TimelineTrack.h(106,25): error C2079: 'StoryboardManager::TimelineTrack::m_timeline' uses undefined class 'StoryboardManager::ProjectTimeline' [C:\Users\mcmco\Desktop\WMMR\build\src\MovieMakerCore\MovieMakerCore.vcxproj]
  (compiling source file '../../../src/MovieMakerCore/StoryboardManager/Serialization/SerializationMemoryReaderWriter.cpp')
  
C:\Users\mcmco\Desktop\WMMR\src\MovieMakerCore\StoryboardManager\TimelineTrack.h(151,36): warning C4251: 'StoryboardManager::TimelineTrackManager::m_arrTracks': 'ATL::CAtlArray<StoryboardManager::TimelineTrack *,ATL::CElementTraits<E>>' needs to have dll-interface to be used by clients of 'StoryboardManager::TimelineTrackManager' [C:\Users\mcmco\Desktop\WMMR\build\src\MovieMakerCore\MovieMakerCore.vcxproj]
C:\Users\mcmco\Desktop\WMMR\src\MovieMakerCore\StoryboardManager\TimelineTrack.h(151,36): warning C4251:         with [C:\Users\mcmco\Desktop\WMMR\build\src\MovieMakerCore\MovieMakerCore.vcxproj]
C:\Users\mcmco\Desktop\WMMR\src\MovieMakerCore\StoryboardManager\TimelineTrack.h(151,36): warning C4251:         [ [C:\Users\mcmco\Desktop\WMMR\build\src\MovieMakerCore\MovieMakerCore.vcxproj]
C:\Users\mcmco\Desktop\WMMR\src\MovieMakerCore\StoryboardManager\TimelineTrack.h(151,36): warning C4251:             E=StoryboardManager::TimelineTrack * [C:\Users\mcmco\Desktop\WMMR\build\src\MovieMakerCore\MovieMakerCore.vcxproj]
C:\Users\mcmco\Desktop\WMMR\src\MovieMakerCore\StoryboardManager\TimelineTrack.h(151,36): warning C4251:         ] [C:\Users\mcmco\Desktop\WMMR\build\src\MovieMakerCore\MovieMakerCore.vcxproj]
  (compiling source file '../../../src/MovieMakerCore/StoryboardManager/Serialization/SerializationMemoryReaderWriter.cpp')
      C:\Program Files (x86)\Microsoft Visual Studio\2022\BuildTools\VC\Tools\MSVC\14.44.35207\atlmfc\include\atlcoll.h(530,7):
      see declaration of 'ATL::CAtlArray<StoryboardManager::TimelineTrack *,ATL::CElementTraits<E>>'
          with
          [
              E=StoryboardManager::TimelineTrack *
          ]
  
C:\Users\mcmco\Desktop\WMMR\src\MovieMakerCore\StoryboardManager\MovieExtent.h(151,25): warning C4251: 'StoryboardManager::MovieExtent::m_strTitleText': 'ATL::CStringT<wchar_t,ATL::StrTraitATL<wchar_t,ATL::ChTraitsCRT<wchar_t>>>' needs to have dll-interface to be used by clients of 'StoryboardManager::MovieExtent' [C:\Users\mcmco\Desktop\WMMR\build\src\MovieMakerCore\MovieMakerCore.vcxproj]
  (compiling source file '../../../src/MovieMakerCore/StoryboardManager/Serialization/SerializationMemoryReaderWriter.cpp')
      C:\Program Files (x86)\Microsoft Visual Studio\2022\BuildTools\VC\Tools\MSVC\14.44.35207\atlmfc\include\cstringt.h(999,7):
      see declaration of 'ATL::CStringT<wchar_t,ATL::StrTraitATL<wchar_t,ATL::ChTraitsCRT<wchar_t>>>'
  
C:\Users\mcmco\Desktop\WMMR\src\MovieMakerCore\StoryboardManager\MovieExtent.h(152,25): warning C4251: 'StoryboardManager::MovieExtent::m_strTitleFontFamily': 'ATL::CStringT<wchar_t,ATL::StrTraitATL<wchar_t,ATL::ChTraitsCRT<wchar_t>>>' needs to have dll-interface to be used by clients of 'StoryboardManager::MovieExtent' [C:\Users\mcmco\Desktop\WMMR\build\src\MovieMakerCore\MovieMakerCore.vcxproj]
  (compiling source file '../../../src/MovieMakerCore/StoryboardManager/Serialization/SerializationMemoryReaderWriter.cpp')
      C:\Program Files (x86)\Microsoft Visual Studio\2022\BuildTools\VC\Tools\MSVC\14.44.35207\atlmfc\include\cstringt.h(999,7):
      see declaration of 'ATL::CStringT<wchar_t,ATL::StrTraitATL<wchar_t,ATL::ChTraitsCRT<wchar_t>>>'
  
C:\Users\mcmco\Desktop\WMMR\src\MovieMakerCore\StoryboardManager\Extents.h(104,37): warning C4251: 'StoryboardManager::ExtentCollection::m_arrExtents': 'ATL::CAtlArray<StoryboardManager::MovieExtent *,ATL::CElementTraits<E>>' needs to have dll-interface to be used by clients of 'StoryboardManager::ExtentCollection' [C:\Users\mcmco\Desktop\WMMR\build\src\MovieMakerCore\MovieMakerCore.vcxproj]
C:\Users\mcmco\Desktop\WMMR\src\MovieMakerCore\StoryboardManager\Extents.h(104,37): warning C4251:         with [C:\Users\mcmco\Desktop\WMMR\build\src\MovieMakerCore\MovieMakerCore.vcxproj]
C:\Users\mcmco\Desktop\WMMR\src\MovieMakerCore\StoryboardManager\Extents.h(104,37): warning C4251:         [ [C:\Users\mcmco\Desktop\WMMR\build\src\MovieMakerCore\MovieMakerCore.vcxproj]
C:\Users\mcmco\Desktop\WMMR\src\MovieMakerCore\StoryboardManager\Extents.h(104,37): warning C4251:             E=StoryboardManager::MovieExtent * [C:\Users\mcmco\Desktop\WMMR\build\src\MovieMakerCore\MovieMakerCore.vcxproj]
C:\Users\mcmco\Desktop\WMMR\src\MovieMakerCore\StoryboardManager\Extents.h(104,37): warning C4251:         ] [C:\Users\mcmco\Desktop\WMMR\build\src\MovieMakerCore\MovieMakerCore.vcxproj]
  (compiling source file '../../../src/MovieMakerCore/StoryboardManager/Serialization/SerializationMemoryReaderWriter.cpp')
      C:\Program Files (x86)\Microsoft Visual Studio\2022\BuildTools\VC\Tools\MSVC\14.44.35207\atlmfc\include\atlcoll.h(530,7):
      see declaration of 'ATL::CAtlArray<StoryboardManager::MovieExtent *,ATL::CElementTraits<E>>'
          with
          [
              E=StoryboardManager::MovieExtent *
          ]
  
C:\Users\mcmco\Desktop\WMMR\src\MovieMakerCore\StoryboardManager\Extents.h(158,27): warning C4251: 'StoryboardManager::ExtentIdSet::m_arrIds': 'ATL::CAtlArray<DWORD,ATL::CElementTraits<unsigned long>>' needs to have dll-interface to be used by clients of 'StoryboardManager::ExtentIdSet' [C:\Users\mcmco\Desktop\WMMR\build\src\MovieMakerCore\MovieMakerCore.vcxproj]
  (compiling source file '../../../src/MovieMakerCore/StoryboardManager/Serialization/SerializationMemoryReaderWriter.cpp')
      C:\Program Files (x86)\Microsoft Visual Studio\2022\BuildTools\VC\Tools\MSVC\14.44.35207\atlmfc\include\atlcoll.h(530,7):
      see declaration of 'ATL::CAtlArray<DWORD,ATL::CElementTraits<unsigned long>>'
  
C:\Users\mcmco\Desktop\WMMR\src\MovieMakerCore\StoryboardManager\Templates.h(127,25): warning C4251: 'StoryboardManager::ThemeEffect::m_strX3dClipName': 'ATL::CStringT<wchar_t,ATL::StrTraitATL<wchar_t,ATL::ChTraitsCRT<wchar_t>>>' needs to have dll-interface to be used by clients of 'StoryboardManager::ThemeEffect' [C:\Users\mcmco\Desktop\WMMR\build\src\MovieMakerCore\MovieMakerCore.vcxproj]
  (compiling source file '../../../src/MovieMakerCore/StoryboardManager/Serialization/SerializationMemoryReaderWriter.cpp')
      C:\Program Files (x86)\Microsoft Visual Studio\2022\BuildTools\VC\Tools\MSVC\14.44.35207\atlmfc\include\cstringt.h(999,7):
      see declaration of 'ATL::CStringT<wchar_t,ATL::StrTraitATL<wchar_t,ATL::ChTraitsCRT<wchar_t>>>'
  
C:\Users\mcmco\Desktop\WMMR\src\MovieMakerCore\StoryboardManager\Templates.h(135,31): warning C4251: 'StoryboardManager::ThemeEffect::m_arrParameters': 'ATL::CAtlArray<StoryboardManager::ThemeEffect::Parameter,ATL::CElementTraits<E>>' needs to have dll-interface to be used by clients of 'StoryboardManager::ThemeEffect' [C:\Users\mcmco\Desktop\WMMR\build\src\MovieMakerCore\MovieMakerCore.vcxproj]
C:\Users\mcmco\Desktop\WMMR\src\MovieMakerCore\StoryboardManager\Templates.h(135,31): warning C4251:         with [C:\Users\mcmco\Desktop\WMMR\build\src\MovieMakerCore\MovieMakerCore.vcxproj]
C:\Users\mcmco\Desktop\WMMR\src\MovieMakerCore\StoryboardManager\Templates.h(135,31): warning C4251:         [ [C:\Users\mcmco\Desktop\WMMR\build\src\MovieMakerCore\MovieMakerCore.vcxproj]
C:\Users\mcmco\Desktop\WMMR\src\MovieMakerCore\StoryboardManager\Templates.h(135,31): warning C4251:             E=StoryboardManager::ThemeEffect::Parameter [C:\Users\mcmco\Desktop\WMMR\build\src\MovieMakerCore\MovieMakerCore.vcxproj]
C:\Users\mcmco\Desktop\WMMR\src\MovieMakerCore\StoryboardManager\Templates.h(135,31): warning C4251:         ] [C:\Users\mcmco\Desktop\WMMR\build\src\MovieMakerCore\MovieMakerCore.vcxproj]
  (compiling source file '../../../src/MovieMakerCore/StoryboardManager/Serialization/SerializationMemoryReaderWriter.cpp')
      C:\Program Files (x86)\Microsoft Visual Studio\2022\BuildTools\VC\Tools\MSVC\14.44.35207\atlmfc\include\atlcoll.h(530,7):
      see declaration of 'ATL::CAtlArray<StoryboardManager::ThemeEffect::Parameter,ATL::CElementTraits<E>>'
          with
          [
              E=StoryboardManager::ThemeEffect::Parameter
          ]
  
C:\Users\mcmco\Desktop\WMMR\src\MovieMakerCore\StoryboardManager\Templates.h(206,21): warning C4251: 'StoryboardManager::AutoMovieTheme::m_strName': 'ATL::CStringT<wchar_t,ATL::StrTraitATL<wchar_t,ATL::ChTraitsCRT<wchar_t>>>' needs to have dll-interface to be used by clients of 'StoryboardManager::AutoMovieTheme' [C:\Users\mcmco\Desktop\WMMR\build\src\MovieMakerCore\MovieMakerCore.vcxproj]
  (compiling source file '../../../src/MovieMakerCore/StoryboardManager/Serialization/SerializationMemoryReaderWriter.cpp')
      C:\Program Files (x86)\Microsoft Visual Studio\2022\BuildTools\VC\Tools\MSVC\14.44.35207\atlmfc\include\cstringt.h(999,7):
      see declaration of 'ATL::CStringT<wchar_t,ATL::StrTraitATL<wchar_t,ATL::ChTraitsCRT<wchar_t>>>'
  
C:\Users\mcmco\Desktop\WMMR\src\MovieMakerCore\StoryboardManager\Templates.h(207,21): warning C4251: 'StoryboardManager::AutoMovieTheme::m_strDisplayName': 'ATL::CStringT<wchar_t,ATL::StrTraitATL<wchar_t,ATL::ChTraitsCRT<wchar_t>>>' needs to have dll-interface to be used by clients of 'StoryboardManager::AutoMovieTheme' [C:\Users\mcmco\Desktop\WMMR\build\src\MovieMakerCore\MovieMakerCore.vcxproj]
  (compiling source file '../../../src/MovieMakerCore/StoryboardManager/Serialization/SerializationMemoryReaderWriter.cpp')
      C:\Program Files (x86)\Microsoft Visual Studio\2022\BuildTools\VC\Tools\MSVC\14.44.35207\atlmfc\include\cstringt.h(999,7):
      see declaration of 'ATL::CStringT<wchar_t,ATL::StrTraitATL<wchar_t,ATL::ChTraitsCRT<wchar_t>>>'
  
C:\Users\mcmco\Desktop\WMMR\src\MovieMakerCore\StoryboardManager\Templates.h(208,21): warning C4251: 'StoryboardManager::AutoMovieTheme::m_strDescription': 'ATL::CStringT<wchar_t,ATL::StrTraitATL<wchar_t,ATL::ChTraitsCRT<wchar_t>>>' needs to have dll-interface to be used by clients of 'StoryboardManager::AutoMovieTheme' [C:\Users\mcmco\Desktop\WMMR\build\src\MovieMakerCore\MovieMakerCore.vcxproj]
  (compiling source file '../../../src/MovieMakerCore/StoryboardManager/Serialization/SerializationMemoryReaderWriter.cpp')
      C:\Program Files (x86)\Microsoft Visual Studio\2022\BuildTools\VC\Tools\MSVC\14.44.35207\atlmfc\include\cstringt.h(999,7):
      see declaration of 'ATL::CStringT<wchar_t,ATL::StrTraitATL<wchar_t,ATL::ChTraitsCRT<wchar_t>>>'
  
C:\Users\mcmco\Desktop\WMMR\src\WLXPhotoBase\BaseTypes.h(536,18): warning C4251: 'Base::File::m_strPath': 'ATL::CStringT<wchar_t,ATL::StrTraitATL<wchar_t,ATL::ChTraitsCRT<wchar_t>>>' needs to have dll-interface to be used by clients of 'Base::File' [C:\Users\mcmco\Desktop\WMMR\build\src\MovieMakerCore\MovieMakerCore.vcxproj]
  (compiling source file '../../../src/MovieMakerCore/StoryboardManager/Serialization/ModElements.cpp')
      C:\Program Files (x86)\Microsoft Visual Studio\2022\BuildTools\VC\Tools\MSVC\14.44.35207\atlmfc\include\cstringt.h(999,7):
      see declaration of 'ATL::CStringT<wchar_t,ATL::StrTraitATL<wchar_t,ATL::ChTraitsCRT<wchar_t>>>'
  
C:\Users\mcmco\Desktop\WMMR\src\MovieMakerCore\StoryboardManager\Templates.h(209,21): warning C4251: 'StoryboardManager::AutoMovieTheme::m_strThumbnailPath': 'ATL::CStringT<wchar_t,ATL::StrTraitATL<wchar_t,ATL::ChTraitsCRT<wchar_t>>>' needs to have dll-interface to be used by clients of 'StoryboardManager::AutoMovieTheme' [C:\Users\mcmco\Desktop\WMMR\build\src\MovieMakerCore\MovieMakerCore.vcxproj]
  (compiling source file '../../../src/MovieMakerCore/StoryboardManager/Serialization/SerializationMemoryReaderWriter.cpp')
      C:\Program Files (x86)\Microsoft Visual Studio\2022\BuildTools\VC\Tools\MSVC\14.44.35207\atlmfc\include\cstringt.h(999,7):
      see declaration of 'ATL::CStringT<wchar_t,ATL::StrTraitATL<wchar_t,ATL::ChTraitsCRT<wchar_t>>>'
  
C:\Users\mcmco\Desktop\WMMR\src\MovieMakerCore\StoryboardManager\Templates.h(210,21): warning C4251: 'StoryboardManager::AutoMovieTheme::m_strCategory': 'ATL::CStringT<wchar_t,ATL::StrTraitATL<wchar_t,ATL::ChTraitsCRT<wchar_t>>>' needs to have dll-interface to be used by clients of 'StoryboardManager::AutoMovieTheme' [C:\Users\mcmco\Desktop\WMMR\build\src\MovieMakerCore\MovieMakerCore.vcxproj]
  (compiling source file '../../../src/MovieMakerCore/StoryboardManager/Serialization/SerializationMemoryReaderWriter.cpp')
      C:\Program Files (x86)\Microsoft Visual Studio\2022\BuildTools\VC\Tools\MSVC\14.44.35207\atlmfc\include\cstringt.h(999,7):
      see declaration of 'ATL::CStringT<wchar_t,ATL::StrTraitATL<wchar_t,ATL::ChTraitsCRT<wchar_t>>>'
  
C:\Users\mcmco\Desktop\WMMR\src\WLXPhotoBase\BaseTypes.h(568,18): warning C4251: 'Base::TempFile::m_strPath': 'ATL::CStringT<wchar_t,ATL::StrTraitATL<wchar_t,ATL::ChTraitsCRT<wchar_t>>>' needs to have dll-interface to be used by clients of 'Base::TempFile' [C:\Users\mcmco\Desktop\WMMR\build\src\MovieMakerCore\MovieMakerCore.vcxproj]
  (compiling source file '../../../src/MovieMakerCore/StoryboardManager/Serialization/ModElements.cpp')
      C:\Program Files (x86)\Microsoft Visual Studio\2022\BuildTools\VC\Tools\MSVC\14.44.35207\atlmfc\include\cstringt.h(999,7):
      see declaration of 'ATL::CStringT<wchar_t,ATL::StrTraitATL<wchar_t,ATL::ChTraitsCRT<wchar_t>>>'
  
C:\Users\mcmco\Desktop\WMMR\src\MovieMakerCore\StoryboardManager\Templates.h(211,21): warning C4251: 'StoryboardManager::AutoMovieTheme::m_strTitleFontFamily': 'ATL::CStringT<wchar_t,ATL::StrTraitATL<wchar_t,ATL::ChTraitsCRT<wchar_t>>>' needs to have dll-interface to be used by clients of 'StoryboardManager::AutoMovieTheme' [C:\Users\mcmco\Desktop\WMMR\build\src\MovieMakerCore\MovieMakerCore.vcxproj]
  (compiling source file '../../../src/MovieMakerCore/StoryboardManager/Serialization/SerializationMemoryReaderWriter.cpp')
      C:\Program Files (x86)\Microsoft Visual Studio\2022\BuildTools\VC\Tools\MSVC\14.44.35207\atlmfc\include\cstringt.h(999,7):
      see declaration of 'ATL::CStringT<wchar_t,ATL::StrTraitATL<wchar_t,ATL::ChTraitsCRT<wchar_t>>>'
  
C:\Users\mcmco\Desktop\WMMR\src\WLXPhotoBase\BaseTypes.h(661,21): warning C4251: 'Base::FindFile::m_strDirectory': 'ATL::CStringT<wchar_t,ATL::StrTraitATL<wchar_t,ATL::ChTraitsCRT<wchar_t>>>' needs to have dll-interface to be used by clients of 'Base::FindFile' [C:\Users\mcmco\Desktop\WMMR\build\src\MovieMakerCore\MovieMakerCore.vcxproj]
  (compiling source file '../../../src/MovieMakerCore/StoryboardManager/Serialization/ModElements.cpp')
      C:\Program Files (x86)\Microsoft Visual Studio\2022\BuildTools\VC\Tools\MSVC\14.44.35207\atlmfc\include\cstringt.h(999,7):
      see declaration of 'ATL::CStringT<wchar_t,ATL::StrTraitATL<wchar_t,ATL::ChTraitsCRT<wchar_t>>>'
  
C:\Users\mcmco\Desktop\WMMR\src\WLXPhotoBase\BaseTypes.h(724,25): warning C4251: 'Base::IntSet::m_values': 'ATL::CAtlArray<int,ATL::CElementTraits<int>>' needs to have dll-interface to be used by clients of 'Base::IntSet' [C:\Users\mcmco\Desktop\WMMR\build\src\MovieMakerCore\MovieMakerCore.vcxproj]
  (compiling source file '../../../src/MovieMakerCore/StoryboardManager/Serialization/ModElements.cpp')
      C:\Program Files (x86)\Microsoft Visual Studio\2022\BuildTools\VC\Tools\MSVC\14.44.35207\atlmfc\include\atlcoll.h(530,7):
      see declaration of 'ATL::CAtlArray<int,ATL::CElementTraits<int>>'
  
C:\Users\mcmco\Desktop\WMMR\src\MovieMakerCore\StoryboardManager\Templates.h(213,33): warning C4251: 'StoryboardManager::AutoMovieTheme::m_arrEffects': 'ATL::CAtlArray<StoryboardManager::ThemeEffect,ATL::CElementTraits<E>>' needs to have dll-interface to be used by clients of 'StoryboardManager::AutoMovieTheme' [C:\Users\mcmco\Desktop\WMMR\build\src\MovieMakerCore\MovieMakerCore.vcxproj]
C:\Users\mcmco\Desktop\WMMR\src\MovieMakerCore\StoryboardManager\Templates.h(213,33): warning C4251:         with [C:\Users\mcmco\Desktop\WMMR\build\src\MovieMakerCore\MovieMakerCore.vcxproj]
C:\Users\mcmco\Desktop\WMMR\src\MovieMakerCore\StoryboardManager\Templates.h(213,33): warning C4251:         [ [C:\Users\mcmco\Desktop\WMMR\build\src\MovieMakerCore\MovieMakerCore.vcxproj]
C:\Users\mcmco\Desktop\WMMR\src\MovieMakerCore\StoryboardManager\Templates.h(213,33): warning C4251:             E=StoryboardManager::ThemeEffect [C:\Users\mcmco\Desktop\WMMR\build\src\MovieMakerCore\MovieMakerCore.vcxproj]
C:\Users\mcmco\Desktop\WMMR\src\MovieMakerCore\StoryboardManager\Templates.h(213,33): warning C4251:         ] [C:\Users\mcmco\Desktop\WMMR\build\src\MovieMakerCore\MovieMakerCore.vcxproj]
  (compiling source file '../../../src/MovieMakerCore/StoryboardManager/Serialization/SerializationMemoryReaderWriter.cpp')
      C:\Program Files (x86)\Microsoft Visual Studio\2022\BuildTools\VC\Tools\MSVC\14.44.35207\atlmfc\include\atlcoll.h(530,7):
      see declaration of 'ATL::CAtlArray<StoryboardManager::ThemeEffect,ATL::CElementTraits<E>>'
          with
          [
              E=StoryboardManager::ThemeEffect
          ]
  
C:\Users\mcmco\Desktop\WMMR\src\MovieMakerCore\StoryboardManager\Templates.h(273,25): warning C4251: 'StoryboardManager::TemplateEntry::m_strName': 'ATL::CStringT<wchar_t,ATL::StrTraitATL<wchar_t,ATL::ChTraitsCRT<wchar_t>>>' needs to have dll-interface to be used by clients of 'StoryboardManager::TemplateEntry' [C:\Users\mcmco\Desktop\WMMR\build\src\MovieMakerCore\MovieMakerCore.vcxproj]
  (compiling source file '../../../src/MovieMakerCore/StoryboardManager/Serialization/SerializationMemoryReaderWriter.cpp')
      C:\Program Files (x86)\Microsoft Visual Studio\2022\BuildTools\VC\Tools\MSVC\14.44.35207\atlmfc\include\cstringt.h(999,7):
      see declaration of 'ATL::CStringT<wchar_t,ATL::StrTraitATL<wchar_t,ATL::ChTraitsCRT<wchar_t>>>'
  
C:\Users\mcmco\Desktop\WMMR\src\MovieMakerCore\StoryboardManager\Templates.h(274,25): warning C4251: 'StoryboardManager::TemplateEntry::m_strDisplayName': 'ATL::CStringT<wchar_t,ATL::StrTraitATL<wchar_t,ATL::ChTraitsCRT<wchar_t>>>' needs to have dll-interface to be used by clients of 'StoryboardManager::TemplateEntry' [C:\Users\mcmco\Desktop\WMMR\build\src\MovieMakerCore\MovieMakerCore.vcxproj]
  (compiling source file '../../../src/MovieMakerCore/StoryboardManager/Serialization/SerializationMemoryReaderWriter.cpp')
      C:\Program Files (x86)\Microsoft Visual Studio\2022\BuildTools\VC\Tools\MSVC\14.44.35207\atlmfc\include\cstringt.h(999,7):
      see declaration of 'ATL::CStringT<wchar_t,ATL::StrTraitATL<wchar_t,ATL::ChTraitsCRT<wchar_t>>>'
  
C:\Users\mcmco\Desktop\WMMR\src\MovieMakerCore\StoryboardManager\Templates.h(275,25): warning C4251: 'StoryboardManager::TemplateEntry::m_strDescription': 'ATL::CStringT<wchar_t,ATL::StrTraitATL<wchar_t,ATL::ChTraitsCRT<wchar_t>>>' needs to have dll-interface to be used by clients of 'StoryboardManager::TemplateEntry' [C:\Users\mcmco\Desktop\WMMR\build\src\MovieMakerCore\MovieMakerCore.vcxproj]
  (compiling source file '../../../src/MovieMakerCore/StoryboardManager/Serialization/SerializationMemoryReaderWriter.cpp')
      C:\Program Files (x86)\Microsoft Visual Studio\2022\BuildTools\VC\Tools\MSVC\14.44.35207\atlmfc\include\cstringt.h(999,7):
      see declaration of 'ATL::CStringT<wchar_t,ATL::StrTraitATL<wchar_t,ATL::ChTraitsCRT<wchar_t>>>'
  
C:\Users\mcmco\Desktop\WMMR\src\MovieMakerCore\StoryboardManager\StoryboardManagerExceptions.h(56,18): warning C4251: 'StoryboardManager::StoryboardManagerException::m_strMessage': 'ATL::CStringT<wchar_t,ATL::StrTraitATL<wchar_t,ATL::ChTraitsCRT<wchar_t>>>' needs to have dll-interface to be used by clients of 'StoryboardManager::StoryboardManagerException' [C:\Users\mcmco\Desktop\WMMR\build\src\MovieMakerCore\MovieMakerCore.vcxproj]
  (compiling source file '../../../src/MovieMakerCore/StoryboardManager/Serialization/ModElements.cpp')
      C:\Program Files (x86)\Microsoft Visual Studio\2022\BuildTools\VC\Tools\MSVC\14.44.35207\atlmfc\include\cstringt.h(999,7):
      see declaration of 'ATL::CStringT<wchar_t,ATL::StrTraitATL<wchar_t,ATL::ChTraitsCRT<wchar_t>>>'
  
C:\Users\mcmco\Desktop\WMMR\src\MovieMakerCore\StoryboardManager\Templates.h(276,25): warning C4251: 'StoryboardManager::TemplateEntry::m_strThumbnailPath': 'ATL::CStringT<wchar_t,ATL::StrTraitATL<wchar_t,ATL::ChTraitsCRT<wchar_t>>>' needs to have dll-interface to be used by clients of 'StoryboardManager::TemplateEntry' [C:\Users\mcmco\Desktop\WMMR\build\src\MovieMakerCore\MovieMakerCore.vcxproj]
  (compiling source file '../../../src/MovieMakerCore/StoryboardManager/Serialization/SerializationMemoryReaderWriter.cpp')
      C:\Program Files (x86)\Microsoft Visual Studio\2022\BuildTools\VC\Tools\MSVC\14.44.35207\atlmfc\include\cstringt.h(999,7):
      see declaration of 'ATL::CStringT<wchar_t,ATL::StrTraitATL<wchar_t,ATL::ChTraitsCRT<wchar_t>>>'
  
C:\Users\mcmco\Desktop\WMMR\src\MovieMakerCore\StoryboardManager\StoryboardManagerExceptions.h(86,18): warning C4251: 'StoryboardManager::TemplateInitializationException::m_strTemplateName': 'ATL::CStringT<wchar_t,ATL::StrTraitATL<wchar_t,ATL::ChTraitsCRT<wchar_t>>>' needs to have dll-interface to be used by clients of 'StoryboardManager::TemplateInitializationException' [C:\Users\mcmco\Desktop\WMMR\build\src\MovieMakerCore\MovieMakerCore.vcxproj]
  (compiling source file '../../../src/MovieMakerCore/StoryboardManager/Serialization/ModElements.cpp')
      C:\Program Files (x86)\Microsoft Visual Studio\2022\BuildTools\VC\Tools\MSVC\14.44.35207\atlmfc\include\cstringt.h(999,7):
      see declaration of 'ATL::CStringT<wchar_t,ATL::StrTraitATL<wchar_t,ATL::ChTraitsCRT<wchar_t>>>'
  
C:\Users\mcmco\Desktop\WMMR\src\MovieMakerCore\StoryboardManager\StoryboardManagerExceptions.h(119,18): warning C4251: 'StoryboardManager::ScriptInitializationException::m_strScriptPath': 'ATL::CStringT<wchar_t,ATL::StrTraitATL<wchar_t,ATL::ChTraitsCRT<wchar_t>>>' needs to have dll-interface to be used by clients of 'StoryboardManager::ScriptInitializationException' [C:\Users\mcmco\Desktop\WMMR\build\src\MovieMakerCore\MovieMakerCore.vcxproj]
  (compiling source file '../../../src/MovieMakerCore/StoryboardManager/Serialization/ModElements.cpp')
      C:\Program Files (x86)\Microsoft Visual Studio\2022\BuildTools\VC\Tools\MSVC\14.44.35207\atlmfc\include\cstringt.h(999,7):
      see declaration of 'ATL::CStringT<wchar_t,ATL::StrTraitATL<wchar_t,ATL::ChTraitsCRT<wchar_t>>>'
  
C:\Users\mcmco\Desktop\WMMR\src\MovieMakerCore\StoryboardManager\StoryboardManagerExceptions.h(120,18): warning C4251: 'StoryboardManager::ScriptInitializationException::m_strScriptEngineId': 'ATL::CStringT<wchar_t,ATL::StrTraitATL<wchar_t,ATL::ChTraitsCRT<wchar_t>>>' needs to have dll-interface to be used by clients of 'StoryboardManager::ScriptInitializationException' [C:\Users\mcmco\Desktop\WMMR\build\src\MovieMakerCore\MovieMakerCore.vcxproj]
  (compiling source file '../../../src/MovieMakerCore/StoryboardManager/Serialization/ModElements.cpp')
      C:\Program Files (x86)\Microsoft Visual Studio\2022\BuildTools\VC\Tools\MSVC\14.44.35207\atlmfc\include\cstringt.h(999,7):
      see declaration of 'ATL::CStringT<wchar_t,ATL::StrTraitATL<wchar_t,ATL::ChTraitsCRT<wchar_t>>>'
  
C:\Users\mcmco\Desktop\WMMR\src\WLXPhotoBase\BaseTypes.h(536,18): warning C4251: 'Base::File::m_strPath': 'ATL::CStringT<wchar_t,ATL::StrTraitATL<wchar_t,ATL::ChTraitsCRT<wchar_t>>>' needs to have dll-interface to be used by clients of 'Base::File' [C:\Users\mcmco\Desktop\WMMR\build\src\MovieMakerCore\MovieMakerCore.vcxproj]
  (compiling source file '../../../src/MovieMakerCore/StoryboardManager/Serialization/DatabasePropertyManager.cpp')
      C:\Program Files (x86)\Microsoft Visual Studio\2022\BuildTools\VC\Tools\MSVC\14.44.35207\atlmfc\include\cstringt.h(999,7):
      see declaration of 'ATL::CStringT<wchar_t,ATL::StrTraitATL<wchar_t,ATL::ChTraitsCRT<wchar_t>>>'
  
C:\Users\mcmco\Desktop\WMMR\src\MovieMakerCore\StoryboardManager\Templates.h(343,37): warning C4251: 'StoryboardManager::TemplateTable::m_arrTemplates': 'ATL::CAtlArray<StoryboardManager::TemplateEntry *,ATL::CElementTraits<E>>' needs to have dll-interface to be used by clients of 'StoryboardManager::TemplateTable' [C:\Users\mcmco\Desktop\WMMR\build\src\MovieMakerCore\MovieMakerCore.vcxproj]
C:\Users\mcmco\Desktop\WMMR\src\MovieMakerCore\StoryboardManager\Templates.h(343,37): warning C4251:         with [C:\Users\mcmco\Desktop\WMMR\build\src\MovieMakerCore\MovieMakerCore.vcxproj]
C:\Users\mcmco\Desktop\WMMR\src\MovieMakerCore\StoryboardManager\Templates.h(343,37): warning C4251:         [ [C:\Users\mcmco\Desktop\WMMR\build\src\MovieMakerCore\MovieMakerCore.vcxproj]
C:\Users\mcmco\Desktop\WMMR\src\MovieMakerCore\StoryboardManager\Templates.h(343,37): warning C4251:             E=StoryboardManager::TemplateEntry * [C:\Users\mcmco\Desktop\WMMR\build\src\MovieMakerCore\MovieMakerCore.vcxproj]
C:\Users\mcmco\Desktop\WMMR\src\MovieMakerCore\StoryboardManager\Templates.h(343,37): warning C4251:         ] [C:\Users\mcmco\Desktop\WMMR\build\src\MovieMakerCore\MovieMakerCore.vcxproj]
  (compiling source file '../../../src/MovieMakerCore/StoryboardManager/Serialization/SerializationMemoryReaderWriter.cpp')
      C:\Program Files (x86)\Microsoft Visual Studio\2022\BuildTools\VC\Tools\MSVC\14.44.35207\atlmfc\include\atlcoll.h(530,7):
      see declaration of 'ATL::CAtlArray<StoryboardManager::TemplateEntry *,ATL::CElementTraits<E>>'
          with
          [
              E=StoryboardManager::TemplateEntry *
          ]
  
C:\Users\mcmco\Desktop\WMMR\src\WLXPhotoBase\BaseTypes.h(568,18): warning C4251: 'Base::TempFile::m_strPath': 'ATL::CStringT<wchar_t,ATL::StrTraitATL<wchar_t,ATL::ChTraitsCRT<wchar_t>>>' needs to have dll-interface to be used by clients of 'Base::TempFile' [C:\Users\mcmco\Desktop\WMMR\build\src\MovieMakerCore\MovieMakerCore.vcxproj]
  (compiling source file '../../../src/MovieMakerCore/StoryboardManager/Serialization/DatabasePropertyManager.cpp')
      C:\Program Files (x86)\Microsoft Visual Studio\2022\BuildTools\VC\Tools\MSVC\14.44.35207\atlmfc\include\cstringt.h(999,7):
      see declaration of 'ATL::CStringT<wchar_t,ATL::StrTraitATL<wchar_t,ATL::ChTraitsCRT<wchar_t>>>'
  
C:\Users\mcmco\Desktop\WMMR\src\MovieMakerCore\StoryboardManager\StoryboardManagerExceptions.h(156,18): warning C4251: 'StoryboardManager::EncodeInitializationException::m_strOutputFormat': 'ATL::CStringT<wchar_t,ATL::StrTraitATL<wchar_t,ATL::ChTraitsCRT<wchar_t>>>' needs to have dll-interface to be used by clients of 'StoryboardManager::EncodeInitializationException' [C:\Users\mcmco\Desktop\WMMR\build\src\MovieMakerCore\MovieMakerCore.vcxproj]
  (compiling source file '../../../src/MovieMakerCore/StoryboardManager/Serialization/ModElements.cpp')
      C:\Program Files (x86)\Microsoft Visual Studio\2022\BuildTools\VC\Tools\MSVC\14.44.35207\atlmfc\include\cstringt.h(999,7):
      see declaration of 'ATL::CStringT<wchar_t,ATL::StrTraitATL<wchar_t,ATL::ChTraitsCRT<wchar_t>>>'
  
C:\Users\mcmco\Desktop\WMMR\src\MovieMakerCore\StoryboardManager\StoryboardManagerExceptions.h(157,18): warning C4251: 'StoryboardManager::EncodeInitializationException::m_strCodecName': 'ATL::CStringT<wchar_t,ATL::StrTraitATL<wchar_t,ATL::ChTraitsCRT<wchar_t>>>' needs to have dll-interface to be used by clients of 'StoryboardManager::EncodeInitializationException' [C:\Users\mcmco\Desktop\WMMR\build\src\MovieMakerCore\MovieMakerCore.vcxproj]
  (compiling source file '../../../src/MovieMakerCore/StoryboardManager/Serialization/ModElements.cpp')
      C:\Program Files (x86)\Microsoft Visual Studio\2022\BuildTools\VC\Tools\MSVC\14.44.35207\atlmfc\include\cstringt.h(999,7):
      see declaration of 'ATL::CStringT<wchar_t,ATL::StrTraitATL<wchar_t,ATL::ChTraitsCRT<wchar_t>>>'
  
C:\Users\mcmco\Desktop\WMMR\src\MovieMakerCore\StoryboardManager\Templates.h(344,37): warning C4251: 'StoryboardManager::TemplateTable::m_arrThemes': 'ATL::CAtlArray<StoryboardManager::AutoMovieTheme *,ATL::CElementTraits<E>>' needs to have dll-interface to be used by clients of 'StoryboardManager::TemplateTable' [C:\Users\mcmco\Desktop\WMMR\build\src\MovieMakerCore\MovieMakerCore.vcxproj]
C:\Users\mcmco\Desktop\WMMR\src\MovieMakerCore\StoryboardManager\Templates.h(344,37): warning C4251:         with [C:\Users\mcmco\Desktop\WMMR\build\src\MovieMakerCore\MovieMakerCore.vcxproj]
C:\Users\mcmco\Desktop\WMMR\src\MovieMakerCore\StoryboardManager\Templates.h(344,37): warning C4251:         [ [C:\Users\mcmco\Desktop\WMMR\build\src\MovieMakerCore\MovieMakerCore.vcxproj]
C:\Users\mcmco\Desktop\WMMR\src\MovieMakerCore\StoryboardManager\Templates.h(344,37): warning C4251:             E=StoryboardManager::AutoMovieTheme * [C:\Users\mcmco\Desktop\WMMR\build\src\MovieMakerCore\MovieMakerCore.vcxproj]
C:\Users\mcmco\Desktop\WMMR\src\MovieMakerCore\StoryboardManager\Templates.h(344,37): warning C4251:         ] [C:\Users\mcmco\Desktop\WMMR\build\src\MovieMakerCore\MovieMakerCore.vcxproj]
  (compiling source file '../../../src/MovieMakerCore/StoryboardManager/Serialization/SerializationMemoryReaderWriter.cpp')
      C:\Program Files (x86)\Microsoft Visual Studio\2022\BuildTools\VC\Tools\MSVC\14.44.35207\atlmfc\include\atlcoll.h(530,7):
      see declaration of 'ATL::CAtlArray<StoryboardManager::AutoMovieTheme *,ATL::CElementTraits<E>>'
          with
          [
              E=StoryboardManager::AutoMovieTheme *
          ]
  
C:\Users\mcmco\Desktop\WMMR\src\WLXPhotoBase\BaseTypes.h(661,21): warning C4251: 'Base::FindFile::m_strDirectory': 'ATL::CStringT<wchar_t,ATL::StrTraitATL<wchar_t,ATL::ChTraitsCRT<wchar_t>>>' needs to have dll-interface to be used by clients of 'Base::FindFile' [C:\Users\mcmco\Desktop\WMMR\build\src\MovieMakerCore\MovieMakerCore.vcxproj]
  (compiling source file '../../../src/MovieMakerCore/StoryboardManager/Serialization/DatabasePropertyManager.cpp')
      C:\Program Files (x86)\Microsoft Visual Studio\2022\BuildTools\VC\Tools\MSVC\14.44.35207\atlmfc\include\cstringt.h(999,7):
      see declaration of 'ATL::CStringT<wchar_t,ATL::StrTraitATL<wchar_t,ATL::ChTraitsCRT<wchar_t>>>'
  
C:\Users\mcmco\Desktop\WMMR\src\MovieMakerCore\StoryboardManager\TimelineTrack.h(99,25): warning C4251: 'StoryboardManager::TimelineTrack::m_strDisplayName': 'ATL::CStringT<wchar_t,ATL::StrTraitATL<wchar_t,ATL::ChTraitsCRT<wchar_t>>>' needs to have dll-interface to be used by clients of 'StoryboardManager::TimelineTrack' [C:\Users\mcmco\Desktop\WMMR\build\src\MovieMakerCore\MovieMakerCore.vcxproj]
  (compiling source file '../../../src/MovieMakerCore/StoryboardManager/Serialization/ModElements.cpp')
      C:\Program Files (x86)\Microsoft Visual Studio\2022\BuildTools\VC\Tools\MSVC\14.44.35207\atlmfc\include\cstringt.h(999,7):
      see declaration of 'ATL::CStringT<wchar_t,ATL::StrTraitATL<wchar_t,ATL::ChTraitsCRT<wchar_t>>>'
  
C:\Users\mcmco\Desktop\WMMR\src\MovieMakerCore\StoryboardManager\TimelineTrack.h(106,25): error C2079: 'StoryboardManager::TimelineTrack::m_timeline' uses undefined class 'StoryboardManager::ProjectTimeline' [C:\Users\mcmco\Desktop\WMMR\build\src\MovieMakerCore\MovieMakerCore.vcxproj]
  (compiling source file '../../../src/MovieMakerCore/StoryboardManager/Serialization/ModElements.cpp')
  
C:\Users\mcmco\Desktop\WMMR\src\WLXPhotoBase\BaseTypes.h(724,25): warning C4251: 'Base::IntSet::m_values': 'ATL::CAtlArray<int,ATL::CElementTraits<int>>' needs to have dll-interface to be used by clients of 'Base::IntSet' [C:\Users\mcmco\Desktop\WMMR\build\src\MovieMakerCore\MovieMakerCore.vcxproj]
  (compiling source file '../../../src/MovieMakerCore/StoryboardManager/Serialization/DatabasePropertyManager.cpp')
      C:\Program Files (x86)\Microsoft Visual Studio\2022\BuildTools\VC\Tools\MSVC\14.44.35207\atlmfc\include\atlcoll.h(530,7):
      see declaration of 'ATL::CAtlArray<int,ATL::CElementTraits<int>>'
  
C:\Users\mcmco\Desktop\WMMR\src\MovieMakerCore\StoryboardManager\MovieProject.h(119,18): warning C4251: 'StoryboardManager::ProjectMediaItem::m_strSourcePath': 'ATL::CStringT<wchar_t,ATL::StrTraitATL<wchar_t,ATL::ChTraitsCRT<wchar_t>>>' needs to have dll-interface to be used by clients of 'StoryboardManager::ProjectMediaItem' [C:\Users\mcmco\Desktop\WMMR\build\src\MovieMakerCore\MovieMakerCore.vcxproj]
  (compiling source file '../../../src/MovieMakerCore/StoryboardManager/Serialization/SerializationMemoryReaderWriter.cpp')
      C:\Program Files (x86)\Microsoft Visual Studio\2022\BuildTools\VC\Tools\MSVC\14.44.35207\atlmfc\include\cstringt.h(999,7):
      see declaration of 'ATL::CStringT<wchar_t,ATL::StrTraitATL<wchar_t,ATL::ChTraitsCRT<wchar_t>>>'
  
C:\Users\mcmco\Desktop\WMMR\src\MovieMakerCore\StoryboardManager\MovieProject.h(120,18): warning C4251: 'StoryboardManager::ProjectMediaItem::m_strThumbnailPath': 'ATL::CStringT<wchar_t,ATL::StrTraitATL<wchar_t,ATL::ChTraitsCRT<wchar_t>>>' needs to have dll-interface to be used by clients of 'StoryboardManager::ProjectMediaItem' [C:\Users\mcmco\Desktop\WMMR\build\src\MovieMakerCore\MovieMakerCore.vcxproj]
  (compiling source file '../../../src/MovieMakerCore/StoryboardManager/Serialization/SerializationMemoryReaderWriter.cpp')
      C:\Program Files (x86)\Microsoft Visual Studio\2022\BuildTools\VC\Tools\MSVC\14.44.35207\atlmfc\include\cstringt.h(999,7):
      see declaration of 'ATL::CStringT<wchar_t,ATL::StrTraitATL<wchar_t,ATL::ChTraitsCRT<wchar_t>>>'
  
C:\Users\mcmco\Desktop\WMMR\src\MovieMakerCore\StoryboardManager\MovieProject.h(127,18): warning C4251: 'StoryboardManager::ProjectMediaItem::m_strTags': 'ATL::CStringT<wchar_t,ATL::StrTraitATL<wchar_t,ATL::ChTraitsCRT<wchar_t>>>' needs to have dll-interface to be used by clients of 'StoryboardManager::ProjectMediaItem' [C:\Users\mcmco\Desktop\WMMR\build\src\MovieMakerCore\MovieMakerCore.vcxproj]
  (compiling source file '../../../src/MovieMakerCore/StoryboardManager/Serialization/SerializationMemoryReaderWriter.cpp')
      C:\Program Files (x86)\Microsoft Visual Studio\2022\BuildTools\VC\Tools\MSVC\14.44.35207\atlmfc\include\cstringt.h(999,7):
      see declaration of 'ATL::CStringT<wchar_t,ATL::StrTraitATL<wchar_t,ATL::ChTraitsCRT<wchar_t>>>'
  
C:\Users\mcmco\Desktop\WMMR\src\MovieMakerCore\StoryboardManager\MovieProject.h(130,18): warning C4251: 'StoryboardManager::ProjectMediaItem::m_strVideoCodec': 'ATL::CStringT<wchar_t,ATL::StrTraitATL<wchar_t,ATL::ChTraitsCRT<wchar_t>>>' needs to have dll-interface to be used by clients of 'StoryboardManager::ProjectMediaItem' [C:\Users\mcmco\Desktop\WMMR\build\src\MovieMakerCore\MovieMakerCore.vcxproj]
  (compiling source file '../../../src/MovieMakerCore/StoryboardManager/Serialization/SerializationMemoryReaderWriter.cpp')
      C:\Program Files (x86)\Microsoft Visual Studio\2022\BuildTools\VC\Tools\MSVC\14.44.35207\atlmfc\include\cstringt.h(999,7):
      see declaration of 'ATL::CStringT<wchar_t,ATL::StrTraitATL<wchar_t,ATL::ChTraitsCRT<wchar_t>>>'
  
C:\Users\mcmco\Desktop\WMMR\src\MovieMakerCore\StoryboardManager\TimelineTrack.h(151,36): warning C4251: 'StoryboardManager::TimelineTrackManager::m_arrTracks': 'ATL::CAtlArray<StoryboardManager::TimelineTrack *,ATL::CElementTraits<E>>' needs to have dll-interface to be used by clients of 'StoryboardManager::TimelineTrackManager' [C:\Users\mcmco\Desktop\WMMR\build\src\MovieMakerCore\MovieMakerCore.vcxproj]
C:\Users\mcmco\Desktop\WMMR\src\MovieMakerCore\StoryboardManager\TimelineTrack.h(151,36): warning C4251:         with [C:\Users\mcmco\Desktop\WMMR\build\src\MovieMakerCore\MovieMakerCore.vcxproj]
C:\Users\mcmco\Desktop\WMMR\src\MovieMakerCore\StoryboardManager\TimelineTrack.h(151,36): warning C4251:         [ [C:\Users\mcmco\Desktop\WMMR\build\src\MovieMakerCore\MovieMakerCore.vcxproj]
C:\Users\mcmco\Desktop\WMMR\src\MovieMakerCore\StoryboardManager\TimelineTrack.h(151,36): warning C4251:             E=StoryboardManager::TimelineTrack * [C:\Users\mcmco\Desktop\WMMR\build\src\MovieMakerCore\MovieMakerCore.vcxproj]
C:\Users\mcmco\Desktop\WMMR\src\MovieMakerCore\StoryboardManager\TimelineTrack.h(151,36): warning C4251:         ] [C:\Users\mcmco\Desktop\WMMR\build\src\MovieMakerCore\MovieMakerCore.vcxproj]
  (compiling source file '../../../src/MovieMakerCore/StoryboardManager/Serialization/ModElements.cpp')
      C:\Program Files (x86)\Microsoft Visual Studio\2022\BuildTools\VC\Tools\MSVC\14.44.35207\atlmfc\include\atlcoll.h(530,7):
      see declaration of 'ATL::CAtlArray<StoryboardManager::TimelineTrack *,ATL::CElementTraits<E>>'
          with
          [
              E=StoryboardManager::TimelineTrack *
          ]
  
C:\Users\mcmco\Desktop\WMMR\src\MovieMakerCore\StoryboardManager\MovieProject.h(131,18): warning C4251: 'StoryboardManager::ProjectMediaItem::m_strAudioCodec': 'ATL::CStringT<wchar_t,ATL::StrTraitATL<wchar_t,ATL::ChTraitsCRT<wchar_t>>>' needs to have dll-interface to be used by clients of 'StoryboardManager::ProjectMediaItem' [C:\Users\mcmco\Desktop\WMMR\build\src\MovieMakerCore\MovieMakerCore.vcxproj]
  (compiling source file '../../../src/MovieMakerCore/StoryboardManager/Serialization/SerializationMemoryReaderWriter.cpp')
      C:\Program Files (x86)\Microsoft Visual Studio\2022\BuildTools\VC\Tools\MSVC\14.44.35207\atlmfc\include\cstringt.h(999,7):
      see declaration of 'ATL::CStringT<wchar_t,ATL::StrTraitATL<wchar_t,ATL::ChTraitsCRT<wchar_t>>>'
  
C:\Users\mcmco\Desktop\WMMR\src\MovieMakerCore\StoryboardManager\MovieProject.h(176,29): warning C4251: 'StoryboardManager::ProjectTimeline::m_arrExtentIds': 'ATL::CAtlArray<DWORD,ATL::CElementTraits<unsigned long>>' needs to have dll-interface to be used by clients of 'StoryboardManager::ProjectTimeline' [C:\Users\mcmco\Desktop\WMMR\build\src\MovieMakerCore\MovieMakerCore.vcxproj]
  (compiling source file '../../../src/MovieMakerCore/StoryboardManager/Serialization/SerializationMemoryReaderWriter.cpp')
      C:\Program Files (x86)\Microsoft Visual Studio\2022\BuildTools\VC\Tools\MSVC\14.44.35207\atlmfc\include\atlcoll.h(530,7):
      see declaration of 'ATL::CAtlArray<DWORD,ATL::CElementTraits<unsigned long>>'
  
C:\Users\mcmco\Desktop\WMMR\src\MovieMakerCore\StoryboardManager\StoryboardManagerExceptions.h(56,18): warning C4251: 'StoryboardManager::StoryboardManagerException::m_strMessage': 'ATL::CStringT<wchar_t,ATL::StrTraitATL<wchar_t,ATL::ChTraitsCRT<wchar_t>>>' needs to have dll-interface to be used by clients of 'StoryboardManager::StoryboardManagerException' [C:\Users\mcmco\Desktop\WMMR\build\src\MovieMakerCore\MovieMakerCore.vcxproj]
  (compiling source file '../../../src/MovieMakerCore/StoryboardManager/Serialization/DatabasePropertyManager.cpp')
      C:\Program Files (x86)\Microsoft Visual Studio\2022\BuildTools\VC\Tools\MSVC\14.44.35207\atlmfc\include\cstringt.h(999,7):
      see declaration of 'ATL::CStringT<wchar_t,ATL::StrTraitATL<wchar_t,ATL::ChTraitsCRT<wchar_t>>>'
  
C:\Users\mcmco\Desktop\WMMR\src\MovieMakerCore\StoryboardManager\MovieProject.h(248,18): warning C4251: 'StoryboardManager::MovieProjectSettings::m_strProjectName': 'ATL::CStringT<wchar_t,ATL::StrTraitATL<wchar_t,ATL::ChTraitsCRT<wchar_t>>>' needs to have dll-interface to be used by clients of 'StoryboardManager::MovieProjectSettings' [C:\Users\mcmco\Desktop\WMMR\build\src\MovieMakerCore\MovieMakerCore.vcxproj]
  (compiling source file '../../../src/MovieMakerCore/StoryboardManager/Serialization/SerializationMemoryReaderWriter.cpp')
      C:\Program Files (x86)\Microsoft Visual Studio\2022\BuildTools\VC\Tools\MSVC\14.44.35207\atlmfc\include\cstringt.h(999,7):
      see declaration of 'ATL::CStringT<wchar_t,ATL::StrTraitATL<wchar_t,ATL::ChTraitsCRT<wchar_t>>>'
  
C:\Users\mcmco\Desktop\WMMR\src\MovieMakerCore\StoryboardManager\StoryboardManagerExceptions.h(86,18): warning C4251: 'StoryboardManager::TemplateInitializationException::m_strTemplateName': 'ATL::CStringT<wchar_t,ATL::StrTraitATL<wchar_t,ATL::ChTraitsCRT<wchar_t>>>' needs to have dll-interface to be used by clients of 'StoryboardManager::TemplateInitializationException' [C:\Users\mcmco\Desktop\WMMR\build\src\MovieMakerCore\MovieMakerCore.vcxproj]
  (compiling source file '../../../src/MovieMakerCore/StoryboardManager/Serialization/DatabasePropertyManager.cpp')
      C:\Program Files (x86)\Microsoft Visual Studio\2022\BuildTools\VC\Tools\MSVC\14.44.35207\atlmfc\include\cstringt.h(999,7):
      see declaration of 'ATL::CStringT<wchar_t,ATL::StrTraitATL<wchar_t,ATL::ChTraitsCRT<wchar_t>>>'
  
C:\Users\mcmco\Desktop\WMMR\src\MovieMakerCore\StoryboardManager\MovieProject.h(249,18): warning C4251: 'StoryboardManager::MovieProjectSettings::m_strAuthor': 'ATL::CStringT<wchar_t,ATL::StrTraitATL<wchar_t,ATL::ChTraitsCRT<wchar_t>>>' needs to have dll-interface to be used by clients of 'StoryboardManager::MovieProjectSettings' [C:\Users\mcmco\Desktop\WMMR\build\src\MovieMakerCore\MovieMakerCore.vcxproj]
  (compiling source file '../../../src/MovieMakerCore/StoryboardManager/Serialization/SerializationMemoryReaderWriter.cpp')
      C:\Program Files (x86)\Microsoft Visual Studio\2022\BuildTools\VC\Tools\MSVC\14.44.35207\atlmfc\include\cstringt.h(999,7):
      see declaration of 'ATL::CStringT<wchar_t,ATL::StrTraitATL<wchar_t,ATL::ChTraitsCRT<wchar_t>>>'
  
C:\Users\mcmco\Desktop\WMMR\src\MovieMakerCore\StoryboardManager\MovieExtent.h(151,25): warning C4251: 'StoryboardManager::MovieExtent::m_strTitleText': 'ATL::CStringT<wchar_t,ATL::StrTraitATL<wchar_t,ATL::ChTraitsCRT<wchar_t>>>' needs to have dll-interface to be used by clients of 'StoryboardManager::MovieExtent' [C:\Users\mcmco\Desktop\WMMR\build\src\MovieMakerCore\MovieMakerCore.vcxproj]
  (compiling source file '../../../src/MovieMakerCore/StoryboardManager/Serialization/ModElements.cpp')
      C:\Program Files (x86)\Microsoft Visual Studio\2022\BuildTools\VC\Tools\MSVC\14.44.35207\atlmfc\include\cstringt.h(999,7):
      see declaration of 'ATL::CStringT<wchar_t,ATL::StrTraitATL<wchar_t,ATL::ChTraitsCRT<wchar_t>>>'
  
C:\Users\mcmco\Desktop\WMMR\src\MovieMakerCore\StoryboardManager\MovieExtent.h(152,25): warning C4251: 'StoryboardManager::MovieExtent::m_strTitleFontFamily': 'ATL::CStringT<wchar_t,ATL::StrTraitATL<wchar_t,ATL::ChTraitsCRT<wchar_t>>>' needs to have dll-interface to be used by clients of 'StoryboardManager::MovieExtent' [C:\Users\mcmco\Desktop\WMMR\build\src\MovieMakerCore\MovieMakerCore.vcxproj]
  (compiling source file '../../../src/MovieMakerCore/StoryboardManager/Serialization/ModElements.cpp')
      C:\Program Files (x86)\Microsoft Visual Studio\2022\BuildTools\VC\Tools\MSVC\14.44.35207\atlmfc\include\cstringt.h(999,7):
      see declaration of 'ATL::CStringT<wchar_t,ATL::StrTraitATL<wchar_t,ATL::ChTraitsCRT<wchar_t>>>'
  
C:\Users\mcmco\Desktop\WMMR\src\MovieMakerCore\StoryboardManager\MovieProject.h(390,25): warning C4251: 'StoryboardManager::MovieProject::m_strProjectPath': 'ATL::CStringT<wchar_t,ATL::StrTraitATL<wchar_t,ATL::ChTraitsCRT<wchar_t>>>' needs to have dll-interface to be used by clients of 'StoryboardManager::MovieProject' [C:\Users\mcmco\Desktop\WMMR\build\src\MovieMakerCore\MovieMakerCore.vcxproj]
  (compiling source file '../../../src/MovieMakerCore/StoryboardManager/Serialization/SerializationMemoryReaderWriter.cpp')
      C:\Program Files (x86)\Microsoft Visual Studio\2022\BuildTools\VC\Tools\MSVC\14.44.35207\atlmfc\include\cstringt.h(999,7):
      see declaration of 'ATL::CStringT<wchar_t,ATL::StrTraitATL<wchar_t,ATL::ChTraitsCRT<wchar_t>>>'
  
C:\Users\mcmco\Desktop\WMMR\src\MovieMakerCore\StoryboardManager\MovieProject.h(394,40): warning C4251: 'StoryboardManager::MovieProject::m_arrMediaItems': 'ATL::CAtlArray<StoryboardManager::ProjectMediaItem,ATL::CElementTraits<E>>' needs to have dll-interface to be used by clients of 'StoryboardManager::MovieProject' [C:\Users\mcmco\Desktop\WMMR\build\src\MovieMakerCore\MovieMakerCore.vcxproj]
C:\Users\mcmco\Desktop\WMMR\src\MovieMakerCore\StoryboardManager\MovieProject.h(394,40): warning C4251:         with [C:\Users\mcmco\Desktop\WMMR\build\src\MovieMakerCore\MovieMakerCore.vcxproj]
C:\Users\mcmco\Desktop\WMMR\src\MovieMakerCore\StoryboardManager\MovieProject.h(394,40): warning C4251:         [ [C:\Users\mcmco\Desktop\WMMR\build\src\MovieMakerCore\MovieMakerCore.vcxproj]
C:\Users\mcmco\Desktop\WMMR\src\MovieMakerCore\StoryboardManager\MovieProject.h(394,40): warning C4251:             E=StoryboardManager::ProjectMediaItem [C:\Users\mcmco\Desktop\WMMR\build\src\MovieMakerCore\MovieMakerCore.vcxproj]
C:\Users\mcmco\Desktop\WMMR\src\MovieMakerCore\StoryboardManager\MovieProject.h(394,40): warning C4251:         ] [C:\Users\mcmco\Desktop\WMMR\build\src\MovieMakerCore\MovieMakerCore.vcxproj]
  (compiling source file '../../../src/MovieMakerCore/StoryboardManager/Serialization/SerializationMemoryReaderWriter.cpp')
      C:\Program Files (x86)\Microsoft Visual Studio\2022\BuildTools\VC\Tools\MSVC\14.44.35207\atlmfc\include\atlcoll.h(530,7):
      see declaration of 'ATL::CAtlArray<StoryboardManager::ProjectMediaItem,ATL::CElementTraits<E>>'
          with
          [
              E=StoryboardManager::ProjectMediaItem
          ]
  
C:\Users\mcmco\Desktop\WMMR\src\MovieMakerCore\StoryboardManager\Extents.h(104,37): warning C4251: 'StoryboardManager::ExtentCollection::m_arrExtents': 'ATL::CAtlArray<StoryboardManager::MovieExtent *,ATL::CElementTraits<E>>' needs to have dll-interface to be used by clients of 'StoryboardManager::ExtentCollection' [C:\Users\mcmco\Desktop\WMMR\build\src\MovieMakerCore\MovieMakerCore.vcxproj]
C:\Users\mcmco\Desktop\WMMR\src\MovieMakerCore\StoryboardManager\Extents.h(104,37): warning C4251:         with [C:\Users\mcmco\Desktop\WMMR\build\src\MovieMakerCore\MovieMakerCore.vcxproj]
C:\Users\mcmco\Desktop\WMMR\src\MovieMakerCore\StoryboardManager\Extents.h(104,37): warning C4251:         [ [C:\Users\mcmco\Desktop\WMMR\build\src\MovieMakerCore\MovieMakerCore.vcxproj]
C:\Users\mcmco\Desktop\WMMR\src\MovieMakerCore\StoryboardManager\Extents.h(104,37): warning C4251:             E=StoryboardManager::MovieExtent * [C:\Users\mcmco\Desktop\WMMR\build\src\MovieMakerCore\MovieMakerCore.vcxproj]
C:\Users\mcmco\Desktop\WMMR\src\MovieMakerCore\StoryboardManager\Extents.h(104,37): warning C4251:         ] [C:\Users\mcmco\Desktop\WMMR\build\src\MovieMakerCore\MovieMakerCore.vcxproj]
  (compiling source file '../../../src/MovieMakerCore/StoryboardManager/Serialization/ModElements.cpp')
      C:\Program Files (x86)\Microsoft Visual Studio\2022\BuildTools\VC\Tools\MSVC\14.44.35207\atlmfc\include\atlcoll.h(530,7):
      see declaration of 'ATL::CAtlArray<StoryboardManager::MovieExtent *,ATL::CElementTraits<E>>'
          with
          [
              E=StoryboardManager::MovieExtent *
          ]
  
C:\Users\mcmco\Desktop\WMMR\src\MovieMakerCore\StoryboardManager\MovieProject.h(404,32): warning C4251: 'StoryboardManager::MovieProject::m_arrUndoStack': 'ATL::CAtlArray<StoryboardManager::MovieProject::UndoEntry *,ATL::CElementTraits<E>>' needs to have dll-interface to be used by clients of 'StoryboardManager::MovieProject' [C:\Users\mcmco\Desktop\WMMR\build\src\MovieMakerCore\MovieMakerCore.vcxproj]
C:\Users\mcmco\Desktop\WMMR\src\MovieMakerCore\StoryboardManager\MovieProject.h(404,32): warning C4251:         with [C:\Users\mcmco\Desktop\WMMR\build\src\MovieMakerCore\MovieMakerCore.vcxproj]
C:\Users\mcmco\Desktop\WMMR\src\MovieMakerCore\StoryboardManager\MovieProject.h(404,32): warning C4251:         [ [C:\Users\mcmco\Desktop\WMMR\build\src\MovieMakerCore\MovieMakerCore.vcxproj]
C:\Users\mcmco\Desktop\WMMR\src\MovieMakerCore\StoryboardManager\MovieProject.h(404,32): warning C4251:             E=StoryboardManager::MovieProject::UndoEntry * [C:\Users\mcmco\Desktop\WMMR\build\src\MovieMakerCore\MovieMakerCore.vcxproj]
C:\Users\mcmco\Desktop\WMMR\src\MovieMakerCore\StoryboardManager\MovieProject.h(404,32): warning C4251:         ] [C:\Users\mcmco\Desktop\WMMR\build\src\MovieMakerCore\MovieMakerCore.vcxproj]
  (compiling source file '../../../src/MovieMakerCore/StoryboardManager/Serialization/SerializationMemoryReaderWriter.cpp')
      C:\Program Files (x86)\Microsoft Visual Studio\2022\BuildTools\VC\Tools\MSVC\14.44.35207\atlmfc\include\atlcoll.h(530,7):
      see declaration of 'ATL::CAtlArray<StoryboardManager::MovieProject::UndoEntry *,ATL::CElementTraits<E>>'
          with
          [
              E=StoryboardManager::MovieProject::UndoEntry *
          ]
  
C:\Users\mcmco\Desktop\WMMR\src\MovieMakerCore\StoryboardManager\Extents.h(158,27): warning C4251: 'StoryboardManager::ExtentIdSet::m_arrIds': 'ATL::CAtlArray<DWORD,ATL::CElementTraits<unsigned long>>' needs to have dll-interface to be used by clients of 'StoryboardManager::ExtentIdSet' [C:\Users\mcmco\Desktop\WMMR\build\src\MovieMakerCore\MovieMakerCore.vcxproj]
  (compiling source file '../../../src/MovieMakerCore/StoryboardManager/Serialization/ModElements.cpp')
      C:\Program Files (x86)\Microsoft Visual Studio\2022\BuildTools\VC\Tools\MSVC\14.44.35207\atlmfc\include\atlcoll.h(530,7):
      see declaration of 'ATL::CAtlArray<DWORD,ATL::CElementTraits<unsigned long>>'
  
C:\Users\mcmco\Desktop\WMMR\src\MovieMakerCore\StoryboardManager\Serialization\SerializationContext.h(117,26): warning C4251: 'StoryboardManager::SerializationContext::m_version': 'StoryboardManager::SerializationVersion' needs to have dll-interface to be used by clients of 'StoryboardManager::SerializationContext' [C:\Users\mcmco\Desktop\WMMR\build\src\MovieMakerCore\MovieMakerCore.vcxproj]
  (compiling source file '../../../src/MovieMakerCore/StoryboardManager/Serialization/SerializationMemoryReaderWriter.cpp')
      C:\Users\mcmco\Desktop\WMMR\src\MovieMakerCore\StoryboardManager\Serialization\SerializationContext.h(42,8):
      see declaration of 'StoryboardManager::SerializationVersion'
  
C:\Users\mcmco\Desktop\WMMR\src\MovieMakerCore\StoryboardManager\Templates.h(127,25): warning C4251: 'StoryboardManager::ThemeEffect::m_strX3dClipName': 'ATL::CStringT<wchar_t,ATL::StrTraitATL<wchar_t,ATL::ChTraitsCRT<wchar_t>>>' needs to have dll-interface to be used by clients of 'StoryboardManager::ThemeEffect' [C:\Users\mcmco\Desktop\WMMR\build\src\MovieMakerCore\MovieMakerCore.vcxproj]
  (compiling source file '../../../src/MovieMakerCore/StoryboardManager/Serialization/ModElements.cpp')
      C:\Program Files (x86)\Microsoft Visual Studio\2022\BuildTools\VC\Tools\MSVC\14.44.35207\atlmfc\include\cstringt.h(999,7):
      see declaration of 'ATL::CStringT<wchar_t,ATL::StrTraitATL<wchar_t,ATL::ChTraitsCRT<wchar_t>>>'
  
C:\Users\mcmco\Desktop\WMMR\src\MovieMakerCore\StoryboardManager\Serialization\SerializationReader.h(51,18): warning C4251: 'StoryboardManager::SerializationElementHandler::m_strElementName': 'ATL::CStringT<wchar_t,ATL::StrTraitATL<wchar_t,ATL::ChTraitsCRT<wchar_t>>>' needs to have dll-interface to be used by clients of 'StoryboardManager::SerializationElementHandler' [C:\Users\mcmco\Desktop\WMMR\build\src\MovieMakerCore\MovieMakerCore.vcxproj]
  (compiling source file '../../../src/MovieMakerCore/StoryboardManager/Serialization/SerializationMemoryReaderWriter.cpp')
      C:\Program Files (x86)\Microsoft Visual Studio\2022\BuildTools\VC\Tools\MSVC\14.44.35207\atlmfc\include\cstringt.h(999,7):
      see declaration of 'ATL::CStringT<wchar_t,ATL::StrTraitATL<wchar_t,ATL::ChTraitsCRT<wchar_t>>>'
  
C:\Users\mcmco\Desktop\WMMR\src\MovieMakerCore\StoryboardManager\StoryboardManagerExceptions.h(119,18): warning C4251: 'StoryboardManager::ScriptInitializationException::m_strScriptPath': 'ATL::CStringT<wchar_t,ATL::StrTraitATL<wchar_t,ATL::ChTraitsCRT<wchar_t>>>' needs to have dll-interface to be used by clients of 'StoryboardManager::ScriptInitializationException' [C:\Users\mcmco\Desktop\WMMR\build\src\MovieMakerCore\MovieMakerCore.vcxproj]
  (compiling source file '../../../src/MovieMakerCore/StoryboardManager/Serialization/DatabasePropertyManager.cpp')
      C:\Program Files (x86)\Microsoft Visual Studio\2022\BuildTools\VC\Tools\MSVC\14.44.35207\atlmfc\include\cstringt.h(999,7):
      see declaration of 'ATL::CStringT<wchar_t,ATL::StrTraitATL<wchar_t,ATL::ChTraitsCRT<wchar_t>>>'
  
C:\Users\mcmco\Desktop\WMMR\src\MovieMakerCore\StoryboardManager\Templates.h(135,31): warning C4251: 'StoryboardManager::ThemeEffect::m_arrParameters': 'ATL::CAtlArray<StoryboardManager::ThemeEffect::Parameter,ATL::CElementTraits<E>>' needs to have dll-interface to be used by clients of 'StoryboardManager::ThemeEffect' [C:\Users\mcmco\Desktop\WMMR\build\src\MovieMakerCore\MovieMakerCore.vcxproj]
C:\Users\mcmco\Desktop\WMMR\src\MovieMakerCore\StoryboardManager\Templates.h(135,31): warning C4251:         with [C:\Users\mcmco\Desktop\WMMR\build\src\MovieMakerCore\MovieMakerCore.vcxproj]
C:\Users\mcmco\Desktop\WMMR\src\MovieMakerCore\StoryboardManager\Templates.h(135,31): warning C4251:         [ [C:\Users\mcmco\Desktop\WMMR\build\src\MovieMakerCore\MovieMakerCore.vcxproj]
C:\Users\mcmco\Desktop\WMMR\src\MovieMakerCore\StoryboardManager\Templates.h(135,31): warning C4251:             E=StoryboardManager::ThemeEffect::Parameter [C:\Users\mcmco\Desktop\WMMR\build\src\MovieMakerCore\MovieMakerCore.vcxproj]
C:\Users\mcmco\Desktop\WMMR\src\MovieMakerCore\StoryboardManager\Templates.h(135,31): warning C4251:         ] [C:\Users\mcmco\Desktop\WMMR\build\src\MovieMakerCore\MovieMakerCore.vcxproj]
  (compiling source file '../../../src/MovieMakerCore/StoryboardManager/Serialization/ModElements.cpp')
      C:\Program Files (x86)\Microsoft Visual Studio\2022\BuildTools\VC\Tools\MSVC\14.44.35207\atlmfc\include\atlcoll.h(530,7):
      see declaration of 'ATL::CAtlArray<StoryboardManager::ThemeEffect::Parameter,ATL::CElementTraits<E>>'
          with
          [
              E=StoryboardManager::ThemeEffect::Parameter
          ]
  
C:\Users\mcmco\Desktop\WMMR\src\MovieMakerCore\StoryboardManager\Serialization\SerializationReader.h(116,50): warning C4251: 'StoryboardManager::SerializationReader::m_arrHandlers': 'ATL::CAtlArray<StoryboardManager::SerializationElementHandler *,ATL::CElementTraits<E>>' needs to have dll-interface to be used by clients of 'StoryboardManager::SerializationReader' [C:\Users\mcmco\Desktop\WMMR\build\src\MovieMakerCore\MovieMakerCore.vcxproj]
C:\Users\mcmco\Desktop\WMMR\src\MovieMakerCore\StoryboardManager\Serialization\SerializationReader.h(116,50): warning C4251:         with [C:\Users\mcmco\Desktop\WMMR\build\src\MovieMakerCore\MovieMakerCore.vcxproj]
C:\Users\mcmco\Desktop\WMMR\src\MovieMakerCore\StoryboardManager\Serialization\SerializationReader.h(116,50): warning C4251:         [ [C:\Users\mcmco\Desktop\WMMR\build\src\MovieMakerCore\MovieMakerCore.vcxproj]
C:\Users\mcmco\Desktop\WMMR\src\MovieMakerCore\StoryboardManager\Serialization\SerializationReader.h(116,50): warning C4251:             E=StoryboardManager::SerializationElementHandler * [C:\Users\mcmco\Desktop\WMMR\build\src\MovieMakerCore\MovieMakerCore.vcxproj]
C:\Users\mcmco\Desktop\WMMR\src\MovieMakerCore\StoryboardManager\Serialization\SerializationReader.h(116,50): warning C4251:         ] [C:\Users\mcmco\Desktop\WMMR\build\src\MovieMakerCore\MovieMakerCore.vcxproj]
  (compiling source file '../../../src/MovieMakerCore/StoryboardManager/Serialization/SerializationMemoryReaderWriter.cpp')
      C:\Program Files (x86)\Microsoft Visual Studio\2022\BuildTools\VC\Tools\MSVC\14.44.35207\atlmfc\include\atlcoll.h(530,7):
      see declaration of 'ATL::CAtlArray<StoryboardManager::SerializationElementHandler *,ATL::CElementTraits<E>>'
          with
          [
              E=StoryboardManager::SerializationElementHandler *
          ]
  
C:\Users\mcmco\Desktop\WMMR\src\MovieMakerCore\StoryboardManager\Templates.h(206,21): warning C4251: 'StoryboardManager::AutoMovieTheme::m_strName': 'ATL::CStringT<wchar_t,ATL::StrTraitATL<wchar_t,ATL::ChTraitsCRT<wchar_t>>>' needs to have dll-interface to be used by clients of 'StoryboardManager::AutoMovieTheme' [C:\Users\mcmco\Desktop\WMMR\build\src\MovieMakerCore\MovieMakerCore.vcxproj]
  (compiling source file '../../../src/MovieMakerCore/StoryboardManager/Serialization/ModElements.cpp')
      C:\Program Files (x86)\Microsoft Visual Studio\2022\BuildTools\VC\Tools\MSVC\14.44.35207\atlmfc\include\cstringt.h(999,7):
      see declaration of 'ATL::CStringT<wchar_t,ATL::StrTraitATL<wchar_t,ATL::ChTraitsCRT<wchar_t>>>'
  
C:\Users\mcmco\Desktop\WMMR\src\MovieMakerCore\StoryboardManager\Templates.h(207,21): warning C4251: 'StoryboardManager::AutoMovieTheme::m_strDisplayName': 'ATL::CStringT<wchar_t,ATL::StrTraitATL<wchar_t,ATL::ChTraitsCRT<wchar_t>>>' needs to have dll-interface to be used by clients of 'StoryboardManager::AutoMovieTheme' [C:\Users\mcmco\Desktop\WMMR\build\src\MovieMakerCore\MovieMakerCore.vcxproj]
  (compiling source file '../../../src/MovieMakerCore/StoryboardManager/Serialization/ModElements.cpp')
      C:\Program Files (x86)\Microsoft Visual Studio\2022\BuildTools\VC\Tools\MSVC\14.44.35207\atlmfc\include\cstringt.h(999,7):
      see declaration of 'ATL::CStringT<wchar_t,ATL::StrTraitATL<wchar_t,ATL::ChTraitsCRT<wchar_t>>>'
  
C:\Users\mcmco\Desktop\WMMR\src\MovieMakerCore\StoryboardManager\Serialization\SerializationReader.h(117,37): warning C4251: 'StoryboardManager::SerializationReader::m_strLastError': 'ATL::CStringT<wchar_t,ATL::StrTraitATL<wchar_t,ATL::ChTraitsCRT<wchar_t>>>' needs to have dll-interface to be used by clients of 'StoryboardManager::SerializationReader' [C:\Users\mcmco\Desktop\WMMR\build\src\MovieMakerCore\MovieMakerCore.vcxproj]
  (compiling source file '../../../src/MovieMakerCore/StoryboardManager/Serialization/SerializationMemoryReaderWriter.cpp')
      C:\Program Files (x86)\Microsoft Visual Studio\2022\BuildTools\VC\Tools\MSVC\14.44.35207\atlmfc\include\cstringt.h(999,7):
      see declaration of 'ATL::CStringT<wchar_t,ATL::StrTraitATL<wchar_t,ATL::ChTraitsCRT<wchar_t>>>'
  
C:\Users\mcmco\Desktop\WMMR\src\MovieMakerCore\StoryboardManager\Templates.h(208,21): warning C4251: 'StoryboardManager::AutoMovieTheme::m_strDescription': 'ATL::CStringT<wchar_t,ATL::StrTraitATL<wchar_t,ATL::ChTraitsCRT<wchar_t>>>' needs to have dll-interface to be used by clients of 'StoryboardManager::AutoMovieTheme' [C:\Users\mcmco\Desktop\WMMR\build\src\MovieMakerCore\MovieMakerCore.vcxproj]
  (compiling source file '../../../src/MovieMakerCore/StoryboardManager/Serialization/ModElements.cpp')
      C:\Program Files (x86)\Microsoft Visual Studio\2022\BuildTools\VC\Tools\MSVC\14.44.35207\atlmfc\include\cstringt.h(999,7):
      see declaration of 'ATL::CStringT<wchar_t,ATL::StrTraitATL<wchar_t,ATL::ChTraitsCRT<wchar_t>>>'
  
C:\Users\mcmco\Desktop\WMMR\src\MovieMakerCore\StoryboardManager\Templates.h(209,21): warning C4251: 'StoryboardManager::AutoMovieTheme::m_strThumbnailPath': 'ATL::CStringT<wchar_t,ATL::StrTraitATL<wchar_t,ATL::ChTraitsCRT<wchar_t>>>' needs to have dll-interface to be used by clients of 'StoryboardManager::AutoMovieTheme' [C:\Users\mcmco\Desktop\WMMR\build\src\MovieMakerCore\MovieMakerCore.vcxproj]
  (compiling source file '../../../src/MovieMakerCore/StoryboardManager/Serialization/ModElements.cpp')
      C:\Program Files (x86)\Microsoft Visual Studio\2022\BuildTools\VC\Tools\MSVC\14.44.35207\atlmfc\include\cstringt.h(999,7):
      see declaration of 'ATL::CStringT<wchar_t,ATL::StrTraitATL<wchar_t,ATL::ChTraitsCRT<wchar_t>>>'
  
C:\Users\mcmco\Desktop\WMMR\src\MovieMakerCore\StoryboardManager\Templates.h(210,21): warning C4251: 'StoryboardManager::AutoMovieTheme::m_strCategory': 'ATL::CStringT<wchar_t,ATL::StrTraitATL<wchar_t,ATL::ChTraitsCRT<wchar_t>>>' needs to have dll-interface to be used by clients of 'StoryboardManager::AutoMovieTheme' [C:\Users\mcmco\Desktop\WMMR\build\src\MovieMakerCore\MovieMakerCore.vcxproj]
  (compiling source file '../../../src/MovieMakerCore/StoryboardManager/Serialization/ModElements.cpp')
      C:\Program Files (x86)\Microsoft Visual Studio\2022\BuildTools\VC\Tools\MSVC\14.44.35207\atlmfc\include\cstringt.h(999,7):
      see declaration of 'ATL::CStringT<wchar_t,ATL::StrTraitATL<wchar_t,ATL::ChTraitsCRT<wchar_t>>>'
  
C:\Users\mcmco\Desktop\WMMR\src\MovieMakerCore\StoryboardManager\Templates.h(211,21): warning C4251: 'StoryboardManager::AutoMovieTheme::m_strTitleFontFamily': 'ATL::CStringT<wchar_t,ATL::StrTraitATL<wchar_t,ATL::ChTraitsCRT<wchar_t>>>' needs to have dll-interface to be used by clients of 'StoryboardManager::AutoMovieTheme' [C:\Users\mcmco\Desktop\WMMR\build\src\MovieMakerCore\MovieMakerCore.vcxproj]
  (compiling source file '../../../src/MovieMakerCore/StoryboardManager/Serialization/ModElements.cpp')
      C:\Program Files (x86)\Microsoft Visual Studio\2022\BuildTools\VC\Tools\MSVC\14.44.35207\atlmfc\include\cstringt.h(999,7):
      see declaration of 'ATL::CStringT<wchar_t,ATL::StrTraitATL<wchar_t,ATL::ChTraitsCRT<wchar_t>>>'
  
C:\Users\mcmco\Desktop\WMMR\src\MovieMakerCore\StoryboardManager\StoryboardManagerExceptions.h(120,18): warning C4251: 'StoryboardManager::ScriptInitializationException::m_strScriptEngineId': 'ATL::CStringT<wchar_t,ATL::StrTraitATL<wchar_t,ATL::ChTraitsCRT<wchar_t>>>' needs to have dll-interface to be used by clients of 'StoryboardManager::ScriptInitializationException' [C:\Users\mcmco\Desktop\WMMR\build\src\MovieMakerCore\MovieMakerCore.vcxproj]
  (compiling source file '../../../src/MovieMakerCore/StoryboardManager/Serialization/DatabasePropertyManager.cpp')
      C:\Program Files (x86)\Microsoft Visual Studio\2022\BuildTools\VC\Tools\MSVC\14.44.35207\atlmfc\include\cstringt.h(999,7):
      see declaration of 'ATL::CStringT<wchar_t,ATL::StrTraitATL<wchar_t,ATL::ChTraitsCRT<wchar_t>>>'
  
C:\Users\mcmco\Desktop\WMMR\src\MovieMakerCore\StoryboardManager\Templates.h(213,33): warning C4251: 'StoryboardManager::AutoMovieTheme::m_arrEffects': 'ATL::CAtlArray<StoryboardManager::ThemeEffect,ATL::CElementTraits<E>>' needs to have dll-interface to be used by clients of 'StoryboardManager::AutoMovieTheme' [C:\Users\mcmco\Desktop\WMMR\build\src\MovieMakerCore\MovieMakerCore.vcxproj]
C:\Users\mcmco\Desktop\WMMR\src\MovieMakerCore\StoryboardManager\Templates.h(213,33): warning C4251:         with [C:\Users\mcmco\Desktop\WMMR\build\src\MovieMakerCore\MovieMakerCore.vcxproj]
C:\Users\mcmco\Desktop\WMMR\src\MovieMakerCore\StoryboardManager\Templates.h(213,33): warning C4251:         [ [C:\Users\mcmco\Desktop\WMMR\build\src\MovieMakerCore\MovieMakerCore.vcxproj]
C:\Users\mcmco\Desktop\WMMR\src\MovieMakerCore\StoryboardManager\Templates.h(213,33): warning C4251:             E=StoryboardManager::ThemeEffect [C:\Users\mcmco\Desktop\WMMR\build\src\MovieMakerCore\MovieMakerCore.vcxproj]
C:\Users\mcmco\Desktop\WMMR\src\MovieMakerCore\StoryboardManager\Templates.h(213,33): warning C4251:         ] [C:\Users\mcmco\Desktop\WMMR\build\src\MovieMakerCore\MovieMakerCore.vcxproj]
  (compiling source file '../../../src/MovieMakerCore/StoryboardManager/Serialization/ModElements.cpp')
      C:\Program Files (x86)\Microsoft Visual Studio\2022\BuildTools\VC\Tools\MSVC\14.44.35207\atlmfc\include\atlcoll.h(530,7):
      see declaration of 'ATL::CAtlArray<StoryboardManager::ThemeEffect,ATL::CElementTraits<E>>'
          with
          [
              E=StoryboardManager::ThemeEffect
          ]
  
C:\Users\mcmco\Desktop\WMMR\src\MovieMakerCore\StoryboardManager\Templates.h(273,25): warning C4251: 'StoryboardManager::TemplateEntry::m_strName': 'ATL::CStringT<wchar_t,ATL::StrTraitATL<wchar_t,ATL::ChTraitsCRT<wchar_t>>>' needs to have dll-interface to be used by clients of 'StoryboardManager::TemplateEntry' [C:\Users\mcmco\Desktop\WMMR\build\src\MovieMakerCore\MovieMakerCore.vcxproj]
  (compiling source file '../../../src/MovieMakerCore/StoryboardManager/Serialization/ModElements.cpp')
      C:\Program Files (x86)\Microsoft Visual Studio\2022\BuildTools\VC\Tools\MSVC\14.44.35207\atlmfc\include\cstringt.h(999,7):
      see declaration of 'ATL::CStringT<wchar_t,ATL::StrTraitATL<wchar_t,ATL::ChTraitsCRT<wchar_t>>>'
  
C:\Users\mcmco\Desktop\WMMR\src\MovieMakerCore\StoryboardManager\Templates.h(274,25): warning C4251: 'StoryboardManager::TemplateEntry::m_strDisplayName': 'ATL::CStringT<wchar_t,ATL::StrTraitATL<wchar_t,ATL::ChTraitsCRT<wchar_t>>>' needs to have dll-interface to be used by clients of 'StoryboardManager::TemplateEntry' [C:\Users\mcmco\Desktop\WMMR\build\src\MovieMakerCore\MovieMakerCore.vcxproj]
  (compiling source file '../../../src/MovieMakerCore/StoryboardManager/Serialization/ModElements.cpp')
      C:\Program Files (x86)\Microsoft Visual Studio\2022\BuildTools\VC\Tools\MSVC\14.44.35207\atlmfc\include\cstringt.h(999,7):
      see declaration of 'ATL::CStringT<wchar_t,ATL::StrTraitATL<wchar_t,ATL::ChTraitsCRT<wchar_t>>>'
  
C:\Users\mcmco\Desktop\WMMR\src\MovieMakerCore\StoryboardManager\StoryboardManagerExceptions.h(156,18): warning C4251: 'StoryboardManager::EncodeInitializationException::m_strOutputFormat': 'ATL::CStringT<wchar_t,ATL::StrTraitATL<wchar_t,ATL::ChTraitsCRT<wchar_t>>>' needs to have dll-interface to be used by clients of 'StoryboardManager::EncodeInitializationException' [C:\Users\mcmco\Desktop\WMMR\build\src\MovieMakerCore\MovieMakerCore.vcxproj]
  (compiling source file '../../../src/MovieMakerCore/StoryboardManager/Serialization/DatabasePropertyManager.cpp')
      C:\Program Files (x86)\Microsoft Visual Studio\2022\BuildTools\VC\Tools\MSVC\14.44.35207\atlmfc\include\cstringt.h(999,7):
      see declaration of 'ATL::CStringT<wchar_t,ATL::StrTraitATL<wchar_t,ATL::ChTraitsCRT<wchar_t>>>'
  
C:\Users\mcmco\Desktop\WMMR\src\MovieMakerCore\StoryboardManager\Templates.h(275,25): warning C4251: 'StoryboardManager::TemplateEntry::m_strDescription': 'ATL::CStringT<wchar_t,ATL::StrTraitATL<wchar_t,ATL::ChTraitsCRT<wchar_t>>>' needs to have dll-interface to be used by clients of 'StoryboardManager::TemplateEntry' [C:\Users\mcmco\Desktop\WMMR\build\src\MovieMakerCore\MovieMakerCore.vcxproj]
  (compiling source file '../../../src/MovieMakerCore/StoryboardManager/Serialization/ModElements.cpp')
      C:\Program Files (x86)\Microsoft Visual Studio\2022\BuildTools\VC\Tools\MSVC\14.44.35207\atlmfc\include\cstringt.h(999,7):
      see declaration of 'ATL::CStringT<wchar_t,ATL::StrTraitATL<wchar_t,ATL::ChTraitsCRT<wchar_t>>>'
  
C:\Users\mcmco\Desktop\WMMR\src\MovieMakerCore\StoryboardManager\Templates.h(276,25): warning C4251: 'StoryboardManager::TemplateEntry::m_strThumbnailPath': 'ATL::CStringT<wchar_t,ATL::StrTraitATL<wchar_t,ATL::ChTraitsCRT<wchar_t>>>' needs to have dll-interface to be used by clients of 'StoryboardManager::TemplateEntry' [C:\Users\mcmco\Desktop\WMMR\build\src\MovieMakerCore\MovieMakerCore.vcxproj]
  (compiling source file '../../../src/MovieMakerCore/StoryboardManager/Serialization/ModElements.cpp')
      C:\Program Files (x86)\Microsoft Visual Studio\2022\BuildTools\VC\Tools\MSVC\14.44.35207\atlmfc\include\cstringt.h(999,7):
      see declaration of 'ATL::CStringT<wchar_t,ATL::StrTraitATL<wchar_t,ATL::ChTraitsCRT<wchar_t>>>'
  
C:\Users\mcmco\Desktop\WMMR\src\MovieMakerCore\StoryboardManager\StoryboardManagerExceptions.h(157,18): warning C4251: 'StoryboardManager::EncodeInitializationException::m_strCodecName': 'ATL::CStringT<wchar_t,ATL::StrTraitATL<wchar_t,ATL::ChTraitsCRT<wchar_t>>>' needs to have dll-interface to be used by clients of 'StoryboardManager::EncodeInitializationException' [C:\Users\mcmco\Desktop\WMMR\build\src\MovieMakerCore\MovieMakerCore.vcxproj]
  (compiling source file '../../../src/MovieMakerCore/StoryboardManager/Serialization/DatabasePropertyManager.cpp')
      C:\Program Files (x86)\Microsoft Visual Studio\2022\BuildTools\VC\Tools\MSVC\14.44.35207\atlmfc\include\cstringt.h(999,7):
      see declaration of 'ATL::CStringT<wchar_t,ATL::StrTraitATL<wchar_t,ATL::ChTraitsCRT<wchar_t>>>'
  
C:\Users\mcmco\Desktop\WMMR\src\MovieMakerCore\StoryboardManager\Templates.h(343,37): warning C4251: 'StoryboardManager::TemplateTable::m_arrTemplates': 'ATL::CAtlArray<StoryboardManager::TemplateEntry *,ATL::CElementTraits<E>>' needs to have dll-interface to be used by clients of 'StoryboardManager::TemplateTable' [C:\Users\mcmco\Desktop\WMMR\build\src\MovieMakerCore\MovieMakerCore.vcxproj]
C:\Users\mcmco\Desktop\WMMR\src\MovieMakerCore\StoryboardManager\Templates.h(343,37): warning C4251:         with [C:\Users\mcmco\Desktop\WMMR\build\src\MovieMakerCore\MovieMakerCore.vcxproj]
C:\Users\mcmco\Desktop\WMMR\src\MovieMakerCore\StoryboardManager\Templates.h(343,37): warning C4251:         [ [C:\Users\mcmco\Desktop\WMMR\build\src\MovieMakerCore\MovieMakerCore.vcxproj]
C:\Users\mcmco\Desktop\WMMR\src\MovieMakerCore\StoryboardManager\Templates.h(343,37): warning C4251:             E=StoryboardManager::TemplateEntry * [C:\Users\mcmco\Desktop\WMMR\build\src\MovieMakerCore\MovieMakerCore.vcxproj]
C:\Users\mcmco\Desktop\WMMR\src\MovieMakerCore\StoryboardManager\Templates.h(343,37): warning C4251:         ] [C:\Users\mcmco\Desktop\WMMR\build\src\MovieMakerCore\MovieMakerCore.vcxproj]
  (compiling source file '../../../src/MovieMakerCore/StoryboardManager/Serialization/ModElements.cpp')
      C:\Program Files (x86)\Microsoft Visual Studio\2022\BuildTools\VC\Tools\MSVC\14.44.35207\atlmfc\include\atlcoll.h(530,7):
      see declaration of 'ATL::CAtlArray<StoryboardManager::TemplateEntry *,ATL::CElementTraits<E>>'
          with
          [
              E=StoryboardManager::TemplateEntry *
          ]
  
C:\Users\mcmco\Desktop\WMMR\src\MovieMakerCore\StoryboardManager\Templates.h(344,37): warning C4251: 'StoryboardManager::TemplateTable::m_arrThemes': 'ATL::CAtlArray<StoryboardManager::AutoMovieTheme *,ATL::CElementTraits<E>>' needs to have dll-interface to be used by clients of 'StoryboardManager::TemplateTable' [C:\Users\mcmco\Desktop\WMMR\build\src\MovieMakerCore\MovieMakerCore.vcxproj]
C:\Users\mcmco\Desktop\WMMR\src\MovieMakerCore\StoryboardManager\Templates.h(344,37): warning C4251:         with [C:\Users\mcmco\Desktop\WMMR\build\src\MovieMakerCore\MovieMakerCore.vcxproj]
C:\Users\mcmco\Desktop\WMMR\src\MovieMakerCore\StoryboardManager\Templates.h(344,37): warning C4251:         [ [C:\Users\mcmco\Desktop\WMMR\build\src\MovieMakerCore\MovieMakerCore.vcxproj]
C:\Users\mcmco\Desktop\WMMR\src\MovieMakerCore\StoryboardManager\Templates.h(344,37): warning C4251:             E=StoryboardManager::AutoMovieTheme * [C:\Users\mcmco\Desktop\WMMR\build\src\MovieMakerCore\MovieMakerCore.vcxproj]
C:\Users\mcmco\Desktop\WMMR\src\MovieMakerCore\StoryboardManager\Templates.h(344,37): warning C4251:         ] [C:\Users\mcmco\Desktop\WMMR\build\src\MovieMakerCore\MovieMakerCore.vcxproj]
  (compiling source file '../../../src/MovieMakerCore/StoryboardManager/Serialization/ModElements.cpp')
      C:\Program Files (x86)\Microsoft Visual Studio\2022\BuildTools\VC\Tools\MSVC\14.44.35207\atlmfc\include\atlcoll.h(530,7):
      see declaration of 'ATL::CAtlArray<StoryboardManager::AutoMovieTheme *,ATL::CElementTraits<E>>'
          with
          [
              E=StoryboardManager::AutoMovieTheme *
          ]
  
C:\Users\mcmco\Desktop\WMMR\src\MovieMakerCore\StoryboardManager\TimelineTrack.h(99,25): warning C4251: 'StoryboardManager::TimelineTrack::m_strDisplayName': 'ATL::CStringT<wchar_t,ATL::StrTraitATL<wchar_t,ATL::ChTraitsCRT<wchar_t>>>' needs to have dll-interface to be used by clients of 'StoryboardManager::TimelineTrack' [C:\Users\mcmco\Desktop\WMMR\build\src\MovieMakerCore\MovieMakerCore.vcxproj]
  (compiling source file '../../../src/MovieMakerCore/StoryboardManager/Serialization/DatabasePropertyManager.cpp')
      C:\Program Files (x86)\Microsoft Visual Studio\2022\BuildTools\VC\Tools\MSVC\14.44.35207\atlmfc\include\cstringt.h(999,7):
      see declaration of 'ATL::CStringT<wchar_t,ATL::StrTraitATL<wchar_t,ATL::ChTraitsCRT<wchar_t>>>'
  
C:\Users\mcmco\Desktop\WMMR\src\MovieMakerCore\StoryboardManager\TimelineTrack.h(106,25): error C2079: 'StoryboardManager::TimelineTrack::m_timeline' uses undefined class 'StoryboardManager::ProjectTimeline' [C:\Users\mcmco\Desktop\WMMR\build\src\MovieMakerCore\MovieMakerCore.vcxproj]
  (compiling source file '../../../src/MovieMakerCore/StoryboardManager/Serialization/DatabasePropertyManager.cpp')
  
C:\Users\mcmco\Desktop\WMMR\src\MovieMakerCore\StoryboardManager\MovieProject.h(119,18): warning C4251: 'StoryboardManager::ProjectMediaItem::m_strSourcePath': 'ATL::CStringT<wchar_t,ATL::StrTraitATL<wchar_t,ATL::ChTraitsCRT<wchar_t>>>' needs to have dll-interface to be used by clients of 'StoryboardManager::ProjectMediaItem' [C:\Users\mcmco\Desktop\WMMR\build\src\MovieMakerCore\MovieMakerCore.vcxproj]
  (compiling source file '../../../src/MovieMakerCore/StoryboardManager/Serialization/ModElements.cpp')
      C:\Program Files (x86)\Microsoft Visual Studio\2022\BuildTools\VC\Tools\MSVC\14.44.35207\atlmfc\include\cstringt.h(999,7):
      see declaration of 'ATL::CStringT<wchar_t,ATL::StrTraitATL<wchar_t,ATL::ChTraitsCRT<wchar_t>>>'
  
C:\Users\mcmco\Desktop\WMMR\src\MovieMakerCore\StoryboardManager\MovieProject.h(120,18): warning C4251: 'StoryboardManager::ProjectMediaItem::m_strThumbnailPath': 'ATL::CStringT<wchar_t,ATL::StrTraitATL<wchar_t,ATL::ChTraitsCRT<wchar_t>>>' needs to have dll-interface to be used by clients of 'StoryboardManager::ProjectMediaItem' [C:\Users\mcmco\Desktop\WMMR\build\src\MovieMakerCore\MovieMakerCore.vcxproj]
  (compiling source file '../../../src/MovieMakerCore/StoryboardManager/Serialization/ModElements.cpp')
      C:\Program Files (x86)\Microsoft Visual Studio\2022\BuildTools\VC\Tools\MSVC\14.44.35207\atlmfc\include\cstringt.h(999,7):
      see declaration of 'ATL::CStringT<wchar_t,ATL::StrTraitATL<wchar_t,ATL::ChTraitsCRT<wchar_t>>>'
  
C:\Users\mcmco\Desktop\WMMR\src\MovieMakerCore\pch.h(21,9): warning C4005: 'WINVER': macro redefinition [C:\Users\mcmco\Desktop\WMMR\build\src\MovieMakerCore\MovieMakerCore.vcxproj]
  (compiling source file '../../../src/MovieMakerCore/StoryboardManager/MediaItems/MediaItem.cpp')
      C:\Users\mcmco\Desktop\WMMR\src\MovieMakerCore\pch.h(21,9):
      'WINVER' previously declared on the command line
  
C:\Users\mcmco\Desktop\WMMR\src\MovieMakerCore\StoryboardManager\MovieProject.h(127,18): warning C4251: 'StoryboardManager::ProjectMediaItem::m_strTags': 'ATL::CStringT<wchar_t,ATL::StrTraitATL<wchar_t,ATL::ChTraitsCRT<wchar_t>>>' needs to have dll-interface to be used by clients of 'StoryboardManager::ProjectMediaItem' [C:\Users\mcmco\Desktop\WMMR\build\src\MovieMakerCore\MovieMakerCore.vcxproj]
  (compiling source file '../../../src/MovieMakerCore/StoryboardManager/Serialization/ModElements.cpp')
      C:\Program Files (x86)\Microsoft Visual Studio\2022\BuildTools\VC\Tools\MSVC\14.44.35207\atlmfc\include\cstringt.h(999,7):
      see declaration of 'ATL::CStringT<wchar_t,ATL::StrTraitATL<wchar_t,ATL::ChTraitsCRT<wchar_t>>>'
  
C:\Users\mcmco\Desktop\WMMR\src\MovieMakerCore\pch.h(22,9): warning C4005: '_WIN32_WINNT': macro redefinition [C:\Users\mcmco\Desktop\WMMR\build\src\MovieMakerCore\MovieMakerCore.vcxproj]
  (compiling source file '../../../src/MovieMakerCore/StoryboardManager/MediaItems/MediaItem.cpp')
      C:\Users\mcmco\Desktop\WMMR\src\MovieMakerCore\pch.h(22,9):
      '_WIN32_WINNT' previously declared on the command line
  
C:\Users\mcmco\Desktop\WMMR\src\MovieMakerCore\pch.h(30,9): warning C4005: 'WIN32_LEAN_AND_MEAN': macro redefinition [C:\Users\mcmco\Desktop\WMMR\build\src\MovieMakerCore\MovieMakerCore.vcxproj]
  (compiling source file '../../../src/MovieMakerCore/StoryboardManager/MediaItems/MediaItem.cpp')
      C:\Users\mcmco\Desktop\WMMR\src\MovieMakerCore\pch.h(30,9):
      'WIN32_LEAN_AND_MEAN' previously declared on the command line
  
C:\Users\mcmco\Desktop\WMMR\src\MovieMakerCore\StoryboardManager\MovieProject.h(130,18): warning C4251: 'StoryboardManager::ProjectMediaItem::m_strVideoCodec': 'ATL::CStringT<wchar_t,ATL::StrTraitATL<wchar_t,ATL::ChTraitsCRT<wchar_t>>>' needs to have dll-interface to be used by clients of 'StoryboardManager::ProjectMediaItem' [C:\Users\mcmco\Desktop\WMMR\build\src\MovieMakerCore\MovieMakerCore.vcxproj]
  (compiling source file '../../../src/MovieMakerCore/StoryboardManager/Serialization/ModElements.cpp')
      C:\Program Files (x86)\Microsoft Visual Studio\2022\BuildTools\VC\Tools\MSVC\14.44.35207\atlmfc\include\cstringt.h(999,7):
      see declaration of 'ATL::CStringT<wchar_t,ATL::StrTraitATL<wchar_t,ATL::ChTraitsCRT<wchar_t>>>'
  
C:\Users\mcmco\Desktop\WMMR\src\MovieMakerCore\StoryboardManager\MovieProject.h(131,18): warning C4251: 'StoryboardManager::ProjectMediaItem::m_strAudioCodec': 'ATL::CStringT<wchar_t,ATL::StrTraitATL<wchar_t,ATL::ChTraitsCRT<wchar_t>>>' needs to have dll-interface to be used by clients of 'StoryboardManager::ProjectMediaItem' [C:\Users\mcmco\Desktop\WMMR\build\src\MovieMakerCore\MovieMakerCore.vcxproj]
  (compiling source file '../../../src/MovieMakerCore/StoryboardManager/Serialization/ModElements.cpp')
      C:\Program Files (x86)\Microsoft Visual Studio\2022\BuildTools\VC\Tools\MSVC\14.44.35207\atlmfc\include\cstringt.h(999,7):
      see declaration of 'ATL::CStringT<wchar_t,ATL::StrTraitATL<wchar_t,ATL::ChTraitsCRT<wchar_t>>>'
  
C:\Users\mcmco\Desktop\WMMR\src\MovieMakerCore\pch.h(31,9): warning C4005: 'NOMINMAX': macro redefinition [C:\Users\mcmco\Desktop\WMMR\build\src\MovieMakerCore\MovieMakerCore.vcxproj]
  (compiling source file '../../../src/MovieMakerCore/StoryboardManager/MediaItems/MediaItem.cpp')
      C:\Users\mcmco\Desktop\WMMR\src\MovieMakerCore\pch.h(31,9):
      'NOMINMAX' previously declared on the command line
  
C:\Users\mcmco\Desktop\WMMR\src\MovieMakerCore\StoryboardManager\TimelineTrack.h(151,36): warning C4251: 'StoryboardManager::TimelineTrackManager::m_arrTracks': 'ATL::CAtlArray<StoryboardManager::TimelineTrack *,ATL::CElementTraits<E>>' needs to have dll-interface to be used by clients of 'StoryboardManager::TimelineTrackManager' [C:\Users\mcmco\Desktop\WMMR\build\src\MovieMakerCore\MovieMakerCore.vcxproj]
C:\Users\mcmco\Desktop\WMMR\src\MovieMakerCore\StoryboardManager\TimelineTrack.h(151,36): warning C4251:         with [C:\Users\mcmco\Desktop\WMMR\build\src\MovieMakerCore\MovieMakerCore.vcxproj]
C:\Users\mcmco\Desktop\WMMR\src\MovieMakerCore\StoryboardManager\TimelineTrack.h(151,36): warning C4251:         [ [C:\Users\mcmco\Desktop\WMMR\build\src\MovieMakerCore\MovieMakerCore.vcxproj]
C:\Users\mcmco\Desktop\WMMR\src\MovieMakerCore\StoryboardManager\TimelineTrack.h(151,36): warning C4251:             E=StoryboardManager::TimelineTrack * [C:\Users\mcmco\Desktop\WMMR\build\src\MovieMakerCore\MovieMakerCore.vcxproj]
C:\Users\mcmco\Desktop\WMMR\src\MovieMakerCore\StoryboardManager\TimelineTrack.h(151,36): warning C4251:         ] [C:\Users\mcmco\Desktop\WMMR\build\src\MovieMakerCore\MovieMakerCore.vcxproj]
  (compiling source file '../../../src/MovieMakerCore/StoryboardManager/Serialization/DatabasePropertyManager.cpp')
      C:\Program Files (x86)\Microsoft Visual Studio\2022\BuildTools\VC\Tools\MSVC\14.44.35207\atlmfc\include\atlcoll.h(530,7):
      see declaration of 'ATL::CAtlArray<StoryboardManager::TimelineTrack *,ATL::CElementTraits<E>>'
          with
          [
              E=StoryboardManager::TimelineTrack *
          ]
  
C:\Users\mcmco\Desktop\WMMR\src\MovieMakerCore\pch.h(32,9): warning C4005: '_CRT_SECURE_NO_WARNINGS': macro redefinition [C:\Users\mcmco\Desktop\WMMR\build\src\MovieMakerCore\MovieMakerCore.vcxproj]
  (compiling source file '../../../src/MovieMakerCore/StoryboardManager/MediaItems/MediaItem.cpp')
      C:\Users\mcmco\Desktop\WMMR\src\MovieMakerCore\pch.h(32,9):
      '_CRT_SECURE_NO_WARNINGS' previously declared on the command line
  
C:\Users\mcmco\Desktop\WMMR\src\MovieMakerCore\pch.h(33,9): warning C4005: '_WINDLL': macro redefinition [C:\Users\mcmco\Desktop\WMMR\build\src\MovieMakerCore\MovieMakerCore.vcxproj]
  (compiling source file '../../../src/MovieMakerCore/StoryboardManager/MediaItems/MediaItem.cpp')
      C:\Users\mcmco\Desktop\WMMR\src\MovieMakerCore\pch.h(33,9):
      '_WINDLL' previously declared on the command line
  
C:\Users\mcmco\Desktop\WMMR\src\MovieMakerCore\StoryboardManager\MovieProject.h(176,29): warning C4251: 'StoryboardManager::ProjectTimeline::m_arrExtentIds': 'ATL::CAtlArray<DWORD,ATL::CElementTraits<unsigned long>>' needs to have dll-interface to be used by clients of 'StoryboardManager::ProjectTimeline' [C:\Users\mcmco\Desktop\WMMR\build\src\MovieMakerCore\MovieMakerCore.vcxproj]
  (compiling source file '../../../src/MovieMakerCore/StoryboardManager/Serialization/ModElements.cpp')
      C:\Program Files (x86)\Microsoft Visual Studio\2022\BuildTools\VC\Tools\MSVC\14.44.35207\atlmfc\include\atlcoll.h(530,7):
      see declaration of 'ATL::CAtlArray<DWORD,ATL::CElementTraits<unsigned long>>'
  
C:\Users\mcmco\Desktop\WMMR\src\MovieMakerCore\pch.h(34,9): warning C4005: '_AFXDLL': macro redefinition [C:\Users\mcmco\Desktop\WMMR\build\src\MovieMakerCore\MovieMakerCore.vcxproj]
  (compiling source file '../../../src/MovieMakerCore/StoryboardManager/MediaItems/MediaItem.cpp')
      C:\Users\mcmco\Desktop\WMMR\src\MovieMakerCore\pch.h(34,9):
      '_AFXDLL' previously declared on the command line
  
C:\Users\mcmco\Desktop\WMMR\src\MovieMakerCore\pch.h(35,9): warning C4005: '_ATL_CSTRING_EXPLICIT_CONSTRUCTORS': macro redefinition [C:\Users\mcmco\Desktop\WMMR\build\src\MovieMakerCore\MovieMakerCore.vcxproj]
  (compiling source file '../../../src/MovieMakerCore/StoryboardManager/MediaItems/MediaItem.cpp')
      C:\Users\mcmco\Desktop\WMMR\src\MovieMakerCore\pch.h(35,9):
      '_ATL_CSTRING_EXPLICIT_CONSTRUCTORS' previously declared on the command line
  
C:\Users\mcmco\Desktop\WMMR\src\MovieMakerCore\pch.h(36,9): warning C4005: '_ATL_ALL_WARNINGS': macro redefinition [C:\Users\mcmco\Desktop\WMMR\build\src\MovieMakerCore\MovieMakerCore.vcxproj]
  (compiling source file '../../../src/MovieMakerCore/StoryboardManager/MediaItems/MediaItem.cpp')
      C:\Users\mcmco\Desktop\WMMR\src\MovieMakerCore\pch.h(36,9):
      '_ATL_ALL_WARNINGS' previously declared on the command line
  
C:\Users\mcmco\Desktop\WMMR\src\MovieMakerCore\StoryboardManager\MovieProject.h(248,18): warning C4251: 'StoryboardManager::MovieProjectSettings::m_strProjectName': 'ATL::CStringT<wchar_t,ATL::StrTraitATL<wchar_t,ATL::ChTraitsCRT<wchar_t>>>' needs to have dll-interface to be used by clients of 'StoryboardManager::MovieProjectSettings' [C:\Users\mcmco\Desktop\WMMR\build\src\MovieMakerCore\MovieMakerCore.vcxproj]
  (compiling source file '../../../src/MovieMakerCore/StoryboardManager/Serialization/ModElements.cpp')
      C:\Program Files (x86)\Microsoft Visual Studio\2022\BuildTools\VC\Tools\MSVC\14.44.35207\atlmfc\include\cstringt.h(999,7):
      see declaration of 'ATL::CStringT<wchar_t,ATL::StrTraitATL<wchar_t,ATL::ChTraitsCRT<wchar_t>>>'
  
C:\Users\mcmco\Desktop\WMMR\src\MovieMakerCore\StoryboardManager\MovieProject.h(249,18): warning C4251: 'StoryboardManager::MovieProjectSettings::m_strAuthor': 'ATL::CStringT<wchar_t,ATL::StrTraitATL<wchar_t,ATL::ChTraitsCRT<wchar_t>>>' needs to have dll-interface to be used by clients of 'StoryboardManager::MovieProjectSettings' [C:\Users\mcmco\Desktop\WMMR\build\src\MovieMakerCore\MovieMakerCore.vcxproj]
  (compiling source file '../../../src/MovieMakerCore/StoryboardManager/Serialization/ModElements.cpp')
      C:\Program Files (x86)\Microsoft Visual Studio\2022\BuildTools\VC\Tools\MSVC\14.44.35207\atlmfc\include\cstringt.h(999,7):
      see declaration of 'ATL::CStringT<wchar_t,ATL::StrTraitATL<wchar_t,ATL::ChTraitsCRT<wchar_t>>>'
  
C:\Users\mcmco\Desktop\WMMR\src\MovieMakerCore\StoryboardManager\MovieExtent.h(151,25): warning C4251: 'StoryboardManager::MovieExtent::m_strTitleText': 'ATL::CStringT<wchar_t,ATL::StrTraitATL<wchar_t,ATL::ChTraitsCRT<wchar_t>>>' needs to have dll-interface to be used by clients of 'StoryboardManager::MovieExtent' [C:\Users\mcmco\Desktop\WMMR\build\src\MovieMakerCore\MovieMakerCore.vcxproj]
  (compiling source file '../../../src/MovieMakerCore/StoryboardManager/Serialization/DatabasePropertyManager.cpp')
      C:\Program Files (x86)\Microsoft Visual Studio\2022\BuildTools\VC\Tools\MSVC\14.44.35207\atlmfc\include\cstringt.h(999,7):
      see declaration of 'ATL::CStringT<wchar_t,ATL::StrTraitATL<wchar_t,ATL::ChTraitsCRT<wchar_t>>>'
  
C:\Users\mcmco\Desktop\WMMR\src\MovieMakerCore\StoryboardManager\MovieExtent.h(152,25): warning C4251: 'StoryboardManager::MovieExtent::m_strTitleFontFamily': 'ATL::CStringT<wchar_t,ATL::StrTraitATL<wchar_t,ATL::ChTraitsCRT<wchar_t>>>' needs to have dll-interface to be used by clients of 'StoryboardManager::MovieExtent' [C:\Users\mcmco\Desktop\WMMR\build\src\MovieMakerCore\MovieMakerCore.vcxproj]
  (compiling source file '../../../src/MovieMakerCore/StoryboardManager/Serialization/DatabasePropertyManager.cpp')
      C:\Program Files (x86)\Microsoft Visual Studio\2022\BuildTools\VC\Tools\MSVC\14.44.35207\atlmfc\include\cstringt.h(999,7):
      see declaration of 'ATL::CStringT<wchar_t,ATL::StrTraitATL<wchar_t,ATL::ChTraitsCRT<wchar_t>>>'
  
C:\Users\mcmco\Desktop\WMMR\src\MovieMakerCore\StoryboardManager\MovieProject.h(390,25): warning C4251: 'StoryboardManager::MovieProject::m_strProjectPath': 'ATL::CStringT<wchar_t,ATL::StrTraitATL<wchar_t,ATL::ChTraitsCRT<wchar_t>>>' needs to have dll-interface to be used by clients of 'StoryboardManager::MovieProject' [C:\Users\mcmco\Desktop\WMMR\build\src\MovieMakerCore\MovieMakerCore.vcxproj]
  (compiling source file '../../../src/MovieMakerCore/StoryboardManager/Serialization/ModElements.cpp')
      C:\Program Files (x86)\Microsoft Visual Studio\2022\BuildTools\VC\Tools\MSVC\14.44.35207\atlmfc\include\cstringt.h(999,7):
      see declaration of 'ATL::CStringT<wchar_t,ATL::StrTraitATL<wchar_t,ATL::ChTraitsCRT<wchar_t>>>'
  
C:\Users\mcmco\Desktop\WMMR\src\MovieMakerCore\StoryboardManager\MovieProject.h(394,40): warning C4251: 'StoryboardManager::MovieProject::m_arrMediaItems': 'ATL::CAtlArray<StoryboardManager::ProjectMediaItem,ATL::CElementTraits<E>>' needs to have dll-interface to be used by clients of 'StoryboardManager::MovieProject' [C:\Users\mcmco\Desktop\WMMR\build\src\MovieMakerCore\MovieMakerCore.vcxproj]
C:\Users\mcmco\Desktop\WMMR\src\MovieMakerCore\StoryboardManager\MovieProject.h(394,40): warning C4251:         with [C:\Users\mcmco\Desktop\WMMR\build\src\MovieMakerCore\MovieMakerCore.vcxproj]
C:\Users\mcmco\Desktop\WMMR\src\MovieMakerCore\StoryboardManager\MovieProject.h(394,40): warning C4251:         [ [C:\Users\mcmco\Desktop\WMMR\build\src\MovieMakerCore\MovieMakerCore.vcxproj]
C:\Users\mcmco\Desktop\WMMR\src\MovieMakerCore\StoryboardManager\MovieProject.h(394,40): warning C4251:             E=StoryboardManager::ProjectMediaItem [C:\Users\mcmco\Desktop\WMMR\build\src\MovieMakerCore\MovieMakerCore.vcxproj]
C:\Users\mcmco\Desktop\WMMR\src\MovieMakerCore\StoryboardManager\MovieProject.h(394,40): warning C4251:         ] [C:\Users\mcmco\Desktop\WMMR\build\src\MovieMakerCore\MovieMakerCore.vcxproj]
  (compiling source file '../../../src/MovieMakerCore/StoryboardManager/Serialization/ModElements.cpp')
      C:\Program Files (x86)\Microsoft Visual Studio\2022\BuildTools\VC\Tools\MSVC\14.44.35207\atlmfc\include\atlcoll.h(530,7):
      see declaration of 'ATL::CAtlArray<StoryboardManager::ProjectMediaItem,ATL::CElementTraits<E>>'
          with
          [
              E=StoryboardManager::ProjectMediaItem
          ]
  
C:\Users\mcmco\Desktop\WMMR\src\MovieMakerCore\StoryboardManager\Extents.h(104,37): warning C4251: 'StoryboardManager::ExtentCollection::m_arrExtents': 'ATL::CAtlArray<StoryboardManager::MovieExtent *,ATL::CElementTraits<E>>' needs to have dll-interface to be used by clients of 'StoryboardManager::ExtentCollection' [C:\Users\mcmco\Desktop\WMMR\build\src\MovieMakerCore\MovieMakerCore.vcxproj]
C:\Users\mcmco\Desktop\WMMR\src\MovieMakerCore\StoryboardManager\Extents.h(104,37): warning C4251:         with [C:\Users\mcmco\Desktop\WMMR\build\src\MovieMakerCore\MovieMakerCore.vcxproj]
C:\Users\mcmco\Desktop\WMMR\src\MovieMakerCore\StoryboardManager\Extents.h(104,37): warning C4251:         [ [C:\Users\mcmco\Desktop\WMMR\build\src\MovieMakerCore\MovieMakerCore.vcxproj]
C:\Users\mcmco\Desktop\WMMR\src\MovieMakerCore\StoryboardManager\Extents.h(104,37): warning C4251:             E=StoryboardManager::MovieExtent * [C:\Users\mcmco\Desktop\WMMR\build\src\MovieMakerCore\MovieMakerCore.vcxproj]
C:\Users\mcmco\Desktop\WMMR\src\MovieMakerCore\StoryboardManager\Extents.h(104,37): warning C4251:         ] [C:\Users\mcmco\Desktop\WMMR\build\src\MovieMakerCore\MovieMakerCore.vcxproj]
  (compiling source file '../../../src/MovieMakerCore/StoryboardManager/Serialization/DatabasePropertyManager.cpp')
      C:\Program Files (x86)\Microsoft Visual Studio\2022\BuildTools\VC\Tools\MSVC\14.44.35207\atlmfc\include\atlcoll.h(530,7):
      see declaration of 'ATL::CAtlArray<StoryboardManager::MovieExtent *,ATL::CElementTraits<E>>'
          with
          [
              E=StoryboardManager::MovieExtent *
          ]
  
C:\Users\mcmco\Desktop\WMMR\src\MovieMakerCore\StoryboardManager\Extents.h(158,27): warning C4251: 'StoryboardManager::ExtentIdSet::m_arrIds': 'ATL::CAtlArray<DWORD,ATL::CElementTraits<unsigned long>>' needs to have dll-interface to be used by clients of 'StoryboardManager::ExtentIdSet' [C:\Users\mcmco\Desktop\WMMR\build\src\MovieMakerCore\MovieMakerCore.vcxproj]
  (compiling source file '../../../src/MovieMakerCore/StoryboardManager/Serialization/DatabasePropertyManager.cpp')
      C:\Program Files (x86)\Microsoft Visual Studio\2022\BuildTools\VC\Tools\MSVC\14.44.35207\atlmfc\include\atlcoll.h(530,7):
      see declaration of 'ATL::CAtlArray<DWORD,ATL::CElementTraits<unsigned long>>'
  
C:\Users\mcmco\Desktop\WMMR\src\MovieMakerCore\StoryboardManager\MovieProject.h(404,32): warning C4251: 'StoryboardManager::MovieProject::m_arrUndoStack': 'ATL::CAtlArray<StoryboardManager::MovieProject::UndoEntry *,ATL::CElementTraits<E>>' needs to have dll-interface to be used by clients of 'StoryboardManager::MovieProject' [C:\Users\mcmco\Desktop\WMMR\build\src\MovieMakerCore\MovieMakerCore.vcxproj]
C:\Users\mcmco\Desktop\WMMR\src\MovieMakerCore\StoryboardManager\MovieProject.h(404,32): warning C4251:         with [C:\Users\mcmco\Desktop\WMMR\build\src\MovieMakerCore\MovieMakerCore.vcxproj]
C:\Users\mcmco\Desktop\WMMR\src\MovieMakerCore\StoryboardManager\MovieProject.h(404,32): warning C4251:         [ [C:\Users\mcmco\Desktop\WMMR\build\src\MovieMakerCore\MovieMakerCore.vcxproj]
C:\Users\mcmco\Desktop\WMMR\src\MovieMakerCore\StoryboardManager\MovieProject.h(404,32): warning C4251:             E=StoryboardManager::MovieProject::UndoEntry * [C:\Users\mcmco\Desktop\WMMR\build\src\MovieMakerCore\MovieMakerCore.vcxproj]
C:\Users\mcmco\Desktop\WMMR\src\MovieMakerCore\StoryboardManager\MovieProject.h(404,32): warning C4251:         ] [C:\Users\mcmco\Desktop\WMMR\build\src\MovieMakerCore\MovieMakerCore.vcxproj]
  (compiling source file '../../../src/MovieMakerCore/StoryboardManager/Serialization/ModElements.cpp')
      C:\Program Files (x86)\Microsoft Visual Studio\2022\BuildTools\VC\Tools\MSVC\14.44.35207\atlmfc\include\atlcoll.h(530,7):
      see declaration of 'ATL::CAtlArray<StoryboardManager::MovieProject::UndoEntry *,ATL::CElementTraits<E>>'
          with
          [
              E=StoryboardManager::MovieProject::UndoEntry *
          ]
  
C:\Users\mcmco\Desktop\WMMR\src\MovieMakerCore\StoryboardManager\Templates.h(127,25): warning C4251: 'StoryboardManager::ThemeEffect::m_strX3dClipName': 'ATL::CStringT<wchar_t,ATL::StrTraitATL<wchar_t,ATL::ChTraitsCRT<wchar_t>>>' needs to have dll-interface to be used by clients of 'StoryboardManager::ThemeEffect' [C:\Users\mcmco\Desktop\WMMR\build\src\MovieMakerCore\MovieMakerCore.vcxproj]
  (compiling source file '../../../src/MovieMakerCore/StoryboardManager/Serialization/DatabasePropertyManager.cpp')
      C:\Program Files (x86)\Microsoft Visual Studio\2022\BuildTools\VC\Tools\MSVC\14.44.35207\atlmfc\include\cstringt.h(999,7):
      see declaration of 'ATL::CStringT<wchar_t,ATL::StrTraitATL<wchar_t,ATL::ChTraitsCRT<wchar_t>>>'
  
C:\Users\mcmco\Desktop\WMMR\src\MovieMakerCore\StoryboardManager\Serialization\ModElements.h(69,31): warning C4251: 'StoryboardManager::ModElementBase::m_arrAttributes': 'ATL::CAtlArray<StoryboardManager::ModElementBase::Attribute,ATL::CElementTraits<E>>' needs to have dll-interface to be used by clients of 'StoryboardManager::ModElementBase' [C:\Users\mcmco\Desktop\WMMR\build\src\MovieMakerCore\MovieMakerCore.vcxproj]
C:\Users\mcmco\Desktop\WMMR\src\MovieMakerCore\StoryboardManager\Serialization\ModElements.h(69,31): warning C4251:         with [C:\Users\mcmco\Desktop\WMMR\build\src\MovieMakerCore\MovieMakerCore.vcxproj]
C:\Users\mcmco\Desktop\WMMR\src\MovieMakerCore\StoryboardManager\Serialization\ModElements.h(69,31): warning C4251:         [ [C:\Users\mcmco\Desktop\WMMR\build\src\MovieMakerCore\MovieMakerCore.vcxproj]
C:\Users\mcmco\Desktop\WMMR\src\MovieMakerCore\StoryboardManager\Serialization\ModElements.h(69,31): warning C4251:             E=StoryboardManager::ModElementBase::Attribute [C:\Users\mcmco\Desktop\WMMR\build\src\MovieMakerCore\MovieMakerCore.vcxproj]
C:\Users\mcmco\Desktop\WMMR\src\MovieMakerCore\StoryboardManager\Serialization\ModElements.h(69,31): warning C4251:         ] [C:\Users\mcmco\Desktop\WMMR\build\src\MovieMakerCore\MovieMakerCore.vcxproj]
  (compiling source file '../../../src/MovieMakerCore/StoryboardManager/Serialization/ModElements.cpp')
      C:\Program Files (x86)\Microsoft Visual Studio\2022\BuildTools\VC\Tools\MSVC\14.44.35207\atlmfc\include\atlcoll.h(530,7):
      see declaration of 'ATL::CAtlArray<StoryboardManager::ModElementBase::Attribute,ATL::CElementTraits<E>>'
          with
          [
              E=StoryboardManager::ModElementBase::Attribute
          ]
  
C:\Users\mcmco\Desktop\WMMR\src\MovieMakerCore\StoryboardManager\Serialization\ModElements.h(70,18): warning C4251: 'StoryboardManager::ModElementBase::m_strElementName': 'ATL::CStringT<wchar_t,ATL::StrTraitATL<wchar_t,ATL::ChTraitsCRT<wchar_t>>>' needs to have dll-interface to be used by clients of 'StoryboardManager::ModElementBase' [C:\Users\mcmco\Desktop\WMMR\build\src\MovieMakerCore\MovieMakerCore.vcxproj]
  (compiling source file '../../../src/MovieMakerCore/StoryboardManager/Serialization/ModElements.cpp')
      C:\Program Files (x86)\Microsoft Visual Studio\2022\BuildTools\VC\Tools\MSVC\14.44.35207\atlmfc\include\cstringt.h(999,7):
      see declaration of 'ATL::CStringT<wchar_t,ATL::StrTraitATL<wchar_t,ATL::ChTraitsCRT<wchar_t>>>'
  
C:\Users\mcmco\Desktop\WMMR\src\MovieMakerCore\StoryboardManager\Templates.h(135,31): warning C4251: 'StoryboardManager::ThemeEffect::m_arrParameters': 'ATL::CAtlArray<StoryboardManager::ThemeEffect::Parameter,ATL::CElementTraits<E>>' needs to have dll-interface to be used by clients of 'StoryboardManager::ThemeEffect' [C:\Users\mcmco\Desktop\WMMR\build\src\MovieMakerCore\MovieMakerCore.vcxproj]
C:\Users\mcmco\Desktop\WMMR\src\MovieMakerCore\StoryboardManager\Templates.h(135,31): warning C4251:         with [C:\Users\mcmco\Desktop\WMMR\build\src\MovieMakerCore\MovieMakerCore.vcxproj]
C:\Users\mcmco\Desktop\WMMR\src\MovieMakerCore\StoryboardManager\Templates.h(135,31): warning C4251:         [ [C:\Users\mcmco\Desktop\WMMR\build\src\MovieMakerCore\MovieMakerCore.vcxproj]
C:\Users\mcmco\Desktop\WMMR\src\MovieMakerCore\StoryboardManager\Templates.h(135,31): warning C4251:             E=StoryboardManager::ThemeEffect::Parameter [C:\Users\mcmco\Desktop\WMMR\build\src\MovieMakerCore\MovieMakerCore.vcxproj]
C:\Users\mcmco\Desktop\WMMR\src\MovieMakerCore\StoryboardManager\Templates.h(135,31): warning C4251:         ] [C:\Users\mcmco\Desktop\WMMR\build\src\MovieMakerCore\MovieMakerCore.vcxproj]
  (compiling source file '../../../src/MovieMakerCore/StoryboardManager/Serialization/DatabasePropertyManager.cpp')
      C:\Program Files (x86)\Microsoft Visual Studio\2022\BuildTools\VC\Tools\MSVC\14.44.35207\atlmfc\include\atlcoll.h(530,7):
      see declaration of 'ATL::CAtlArray<StoryboardManager::ThemeEffect::Parameter,ATL::CElementTraits<E>>'
          with
          [
              E=StoryboardManager::ThemeEffect::Parameter
          ]
  
C:\Users\mcmco\Desktop\WMMR\src\MovieMakerCore\StoryboardManager\Templates.h(206,21): warning C4251: 'StoryboardManager::AutoMovieTheme::m_strName': 'ATL::CStringT<wchar_t,ATL::StrTraitATL<wchar_t,ATL::ChTraitsCRT<wchar_t>>>' needs to have dll-interface to be used by clients of 'StoryboardManager::AutoMovieTheme' [C:\Users\mcmco\Desktop\WMMR\build\src\MovieMakerCore\MovieMakerCore.vcxproj]
  (compiling source file '../../../src/MovieMakerCore/StoryboardManager/Serialization/DatabasePropertyManager.cpp')
      C:\Program Files (x86)\Microsoft Visual Studio\2022\BuildTools\VC\Tools\MSVC\14.44.35207\atlmfc\include\cstringt.h(999,7):
      see declaration of 'ATL::CStringT<wchar_t,ATL::StrTraitATL<wchar_t,ATL::ChTraitsCRT<wchar_t>>>'
  
C:\Users\mcmco\Desktop\WMMR\src\MovieMakerCore\StoryboardManager\Templates.h(207,21): warning C4251: 'StoryboardManager::AutoMovieTheme::m_strDisplayName': 'ATL::CStringT<wchar_t,ATL::StrTraitATL<wchar_t,ATL::ChTraitsCRT<wchar_t>>>' needs to have dll-interface to be used by clients of 'StoryboardManager::AutoMovieTheme' [C:\Users\mcmco\Desktop\WMMR\build\src\MovieMakerCore\MovieMakerCore.vcxproj]
  (compiling source file '../../../src/MovieMakerCore/StoryboardManager/Serialization/DatabasePropertyManager.cpp')
      C:\Program Files (x86)\Microsoft Visual Studio\2022\BuildTools\VC\Tools\MSVC\14.44.35207\atlmfc\include\cstringt.h(999,7):
      see declaration of 'ATL::CStringT<wchar_t,ATL::StrTraitATL<wchar_t,ATL::ChTraitsCRT<wchar_t>>>'
  
C:\Users\mcmco\Desktop\WMMR\src\MovieMakerCore\StoryboardManager\Templates.h(208,21): warning C4251: 'StoryboardManager::AutoMovieTheme::m_strDescription': 'ATL::CStringT<wchar_t,ATL::StrTraitATL<wchar_t,ATL::ChTraitsCRT<wchar_t>>>' needs to have dll-interface to be used by clients of 'StoryboardManager::AutoMovieTheme' [C:\Users\mcmco\Desktop\WMMR\build\src\MovieMakerCore\MovieMakerCore.vcxproj]
  (compiling source file '../../../src/MovieMakerCore/StoryboardManager/Serialization/DatabasePropertyManager.cpp')
      C:\Program Files (x86)\Microsoft Visual Studio\2022\BuildTools\VC\Tools\MSVC\14.44.35207\atlmfc\include\cstringt.h(999,7):
      see declaration of 'ATL::CStringT<wchar_t,ATL::StrTraitATL<wchar_t,ATL::ChTraitsCRT<wchar_t>>>'
  
C:\Users\mcmco\Desktop\WMMR\src\MovieMakerCore\StoryboardManager\Templates.h(209,21): warning C4251: 'StoryboardManager::AutoMovieTheme::m_strThumbnailPath': 'ATL::CStringT<wchar_t,ATL::StrTraitATL<wchar_t,ATL::ChTraitsCRT<wchar_t>>>' needs to have dll-interface to be used by clients of 'StoryboardManager::AutoMovieTheme' [C:\Users\mcmco\Desktop\WMMR\build\src\MovieMakerCore\MovieMakerCore.vcxproj]
  (compiling source file '../../../src/MovieMakerCore/StoryboardManager/Serialization/DatabasePropertyManager.cpp')
      C:\Program Files (x86)\Microsoft Visual Studio\2022\BuildTools\VC\Tools\MSVC\14.44.35207\atlmfc\include\cstringt.h(999,7):
      see declaration of 'ATL::CStringT<wchar_t,ATL::StrTraitATL<wchar_t,ATL::ChTraitsCRT<wchar_t>>>'
  
C:\Users\mcmco\Desktop\WMMR\src\MovieMakerCore\StoryboardManager\Serialization\ModElements.h(158,37): warning C4251: 'StoryboardManager::ModContainerWithIDLookAhead::m_arrChildren': 'ATL::CAtlArray<StoryboardManager::ModElementBase *,ATL::CElementTraits<E>>' needs to have dll-interface to be used by clients of 'StoryboardManager::ModContainerWithIDLookAhead' [C:\Users\mcmco\Desktop\WMMR\build\src\MovieMakerCore\MovieMakerCore.vcxproj]
C:\Users\mcmco\Desktop\WMMR\src\MovieMakerCore\StoryboardManager\Serialization\ModElements.h(158,37): warning C4251:         with [C:\Users\mcmco\Desktop\WMMR\build\src\MovieMakerCore\MovieMakerCore.vcxproj]
C:\Users\mcmco\Desktop\WMMR\src\MovieMakerCore\StoryboardManager\Serialization\ModElements.h(158,37): warning C4251:         [ [C:\Users\mcmco\Desktop\WMMR\build\src\MovieMakerCore\MovieMakerCore.vcxproj]
C:\Users\mcmco\Desktop\WMMR\src\MovieMakerCore\StoryboardManager\Serialization\ModElements.h(158,37): warning C4251:             E=StoryboardManager::ModElementBase * [C:\Users\mcmco\Desktop\WMMR\build\src\MovieMakerCore\MovieMakerCore.vcxproj]
C:\Users\mcmco\Desktop\WMMR\src\MovieMakerCore\StoryboardManager\Serialization\ModElements.h(158,37): warning C4251:         ] [C:\Users\mcmco\Desktop\WMMR\build\src\MovieMakerCore\MovieMakerCore.vcxproj]
  (compiling source file '../../../src/MovieMakerCore/StoryboardManager/Serialization/ModElements.cpp')
      C:\Program Files (x86)\Microsoft Visual Studio\2022\BuildTools\VC\Tools\MSVC\14.44.35207\atlmfc\include\atlcoll.h(530,7):
      see declaration of 'ATL::CAtlArray<StoryboardManager::ModElementBase *,ATL::CElementTraits<E>>'
          with
          [
              E=StoryboardManager::ModElementBase *
          ]
  
C:\Users\mcmco\Desktop\WMMR\src\MovieMakerCore\StoryboardManager\Templates.h(210,21): warning C4251: 'StoryboardManager::AutoMovieTheme::m_strCategory': 'ATL::CStringT<wchar_t,ATL::StrTraitATL<wchar_t,ATL::ChTraitsCRT<wchar_t>>>' needs to have dll-interface to be used by clients of 'StoryboardManager::AutoMovieTheme' [C:\Users\mcmco\Desktop\WMMR\build\src\MovieMakerCore\MovieMakerCore.vcxproj]
  (compiling source file '../../../src/MovieMakerCore/StoryboardManager/Serialization/DatabasePropertyManager.cpp')
      C:\Program Files (x86)\Microsoft Visual Studio\2022\BuildTools\VC\Tools\MSVC\14.44.35207\atlmfc\include\cstringt.h(999,7):
      see declaration of 'ATL::CStringT<wchar_t,ATL::StrTraitATL<wchar_t,ATL::ChTraitsCRT<wchar_t>>>'
  
C:\Users\mcmco\Desktop\WMMR\src\MovieMakerCore\StoryboardManager\Templates.h(211,21): warning C4251: 'StoryboardManager::AutoMovieTheme::m_strTitleFontFamily': 'ATL::CStringT<wchar_t,ATL::StrTraitATL<wchar_t,ATL::ChTraitsCRT<wchar_t>>>' needs to have dll-interface to be used by clients of 'StoryboardManager::AutoMovieTheme' [C:\Users\mcmco\Desktop\WMMR\build\src\MovieMakerCore\MovieMakerCore.vcxproj]
  (compiling source file '../../../src/MovieMakerCore/StoryboardManager/Serialization/DatabasePropertyManager.cpp')
      C:\Program Files (x86)\Microsoft Visual Studio\2022\BuildTools\VC\Tools\MSVC\14.44.35207\atlmfc\include\cstringt.h(999,7):
      see declaration of 'ATL::CStringT<wchar_t,ATL::StrTraitATL<wchar_t,ATL::ChTraitsCRT<wchar_t>>>'
  
C:\Users\mcmco\Desktop\WMMR\src\MovieMakerCore\StoryboardManager\Templates.h(213,33): warning C4251: 'StoryboardManager::AutoMovieTheme::m_arrEffects': 'ATL::CAtlArray<StoryboardManager::ThemeEffect,ATL::CElementTraits<E>>' needs to have dll-interface to be used by clients of 'StoryboardManager::AutoMovieTheme' [C:\Users\mcmco\Desktop\WMMR\build\src\MovieMakerCore\MovieMakerCore.vcxproj]
C:\Users\mcmco\Desktop\WMMR\src\MovieMakerCore\StoryboardManager\Templates.h(213,33): warning C4251:         with [C:\Users\mcmco\Desktop\WMMR\build\src\MovieMakerCore\MovieMakerCore.vcxproj]
C:\Users\mcmco\Desktop\WMMR\src\MovieMakerCore\StoryboardManager\Templates.h(213,33): warning C4251:         [ [C:\Users\mcmco\Desktop\WMMR\build\src\MovieMakerCore\MovieMakerCore.vcxproj]
C:\Users\mcmco\Desktop\WMMR\src\MovieMakerCore\StoryboardManager\Templates.h(213,33): warning C4251:             E=StoryboardManager::ThemeEffect [C:\Users\mcmco\Desktop\WMMR\build\src\MovieMakerCore\MovieMakerCore.vcxproj]
C:\Users\mcmco\Desktop\WMMR\src\MovieMakerCore\StoryboardManager\Templates.h(213,33): warning C4251:         ] [C:\Users\mcmco\Desktop\WMMR\build\src\MovieMakerCore\MovieMakerCore.vcxproj]
  (compiling source file '../../../src/MovieMakerCore/StoryboardManager/Serialization/DatabasePropertyManager.cpp')
      C:\Program Files (x86)\Microsoft Visual Studio\2022\BuildTools\VC\Tools\MSVC\14.44.35207\atlmfc\include\atlcoll.h(530,7):
      see declaration of 'ATL::CAtlArray<StoryboardManager::ThemeEffect,ATL::CElementTraits<E>>'
          with
          [
              E=StoryboardManager::ThemeEffect
          ]
  
C:\Users\mcmco\Desktop\WMMR\src\MovieMakerCore\StoryboardManager\Templates.h(273,25): warning C4251: 'StoryboardManager::TemplateEntry::m_strName': 'ATL::CStringT<wchar_t,ATL::StrTraitATL<wchar_t,ATL::ChTraitsCRT<wchar_t>>>' needs to have dll-interface to be used by clients of 'StoryboardManager::TemplateEntry' [C:\Users\mcmco\Desktop\WMMR\build\src\MovieMakerCore\MovieMakerCore.vcxproj]
  (compiling source file '../../../src/MovieMakerCore/StoryboardManager/Serialization/DatabasePropertyManager.cpp')
      C:\Program Files (x86)\Microsoft Visual Studio\2022\BuildTools\VC\Tools\MSVC\14.44.35207\atlmfc\include\cstringt.h(999,7):
      see declaration of 'ATL::CStringT<wchar_t,ATL::StrTraitATL<wchar_t,ATL::ChTraitsCRT<wchar_t>>>'
  
C:\Users\mcmco\Desktop\WMMR\src\MovieMakerCore\StoryboardManager\Templates.h(274,25): warning C4251: 'StoryboardManager::TemplateEntry::m_strDisplayName': 'ATL::CStringT<wchar_t,ATL::StrTraitATL<wchar_t,ATL::ChTraitsCRT<wchar_t>>>' needs to have dll-interface to be used by clients of 'StoryboardManager::TemplateEntry' [C:\Users\mcmco\Desktop\WMMR\build\src\MovieMakerCore\MovieMakerCore.vcxproj]
  (compiling source file '../../../src/MovieMakerCore/StoryboardManager/Serialization/DatabasePropertyManager.cpp')
      C:\Program Files (x86)\Microsoft Visual Studio\2022\BuildTools\VC\Tools\MSVC\14.44.35207\atlmfc\include\cstringt.h(999,7):
      see declaration of 'ATL::CStringT<wchar_t,ATL::StrTraitATL<wchar_t,ATL::ChTraitsCRT<wchar_t>>>'
  
C:\Users\mcmco\Desktop\WMMR\src\MovieMakerCore\StoryboardManager\Templates.h(275,25): warning C4251: 'StoryboardManager::TemplateEntry::m_strDescription': 'ATL::CStringT<wchar_t,ATL::StrTraitATL<wchar_t,ATL::ChTraitsCRT<wchar_t>>>' needs to have dll-interface to be used by clients of 'StoryboardManager::TemplateEntry' [C:\Users\mcmco\Desktop\WMMR\build\src\MovieMakerCore\MovieMakerCore.vcxproj]
  (compiling source file '../../../src/MovieMakerCore/StoryboardManager/Serialization/DatabasePropertyManager.cpp')
      C:\Program Files (x86)\Microsoft Visual Studio\2022\BuildTools\VC\Tools\MSVC\14.44.35207\atlmfc\include\cstringt.h(999,7):
      see declaration of 'ATL::CStringT<wchar_t,ATL::StrTraitATL<wchar_t,ATL::ChTraitsCRT<wchar_t>>>'
  
C:\Users\mcmco\Desktop\WMMR\src\MovieMakerCore\StoryboardManager\Templates.h(276,25): warning C4251: 'StoryboardManager::TemplateEntry::m_strThumbnailPath': 'ATL::CStringT<wchar_t,ATL::StrTraitATL<wchar_t,ATL::ChTraitsCRT<wchar_t>>>' needs to have dll-interface to be used by clients of 'StoryboardManager::TemplateEntry' [C:\Users\mcmco\Desktop\WMMR\build\src\MovieMakerCore\MovieMakerCore.vcxproj]
  (compiling source file '../../../src/MovieMakerCore/StoryboardManager/Serialization/DatabasePropertyManager.cpp')
      C:\Program Files (x86)\Microsoft Visual Studio\2022\BuildTools\VC\Tools\MSVC\14.44.35207\atlmfc\include\cstringt.h(999,7):
      see declaration of 'ATL::CStringT<wchar_t,ATL::StrTraitATL<wchar_t,ATL::ChTraitsCRT<wchar_t>>>'
  
C:\Users\mcmco\Desktop\WMMR\src\MovieMakerCore\StoryboardManager\Templates.h(343,37): warning C4251: 'StoryboardManager::TemplateTable::m_arrTemplates': 'ATL::CAtlArray<StoryboardManager::TemplateEntry *,ATL::CElementTraits<E>>' needs to have dll-interface to be used by clients of 'StoryboardManager::TemplateTable' [C:\Users\mcmco\Desktop\WMMR\build\src\MovieMakerCore\MovieMakerCore.vcxproj]
C:\Users\mcmco\Desktop\WMMR\src\MovieMakerCore\StoryboardManager\Templates.h(343,37): warning C4251:         with [C:\Users\mcmco\Desktop\WMMR\build\src\MovieMakerCore\MovieMakerCore.vcxproj]
C:\Users\mcmco\Desktop\WMMR\src\MovieMakerCore\StoryboardManager\Templates.h(343,37): warning C4251:         [ [C:\Users\mcmco\Desktop\WMMR\build\src\MovieMakerCore\MovieMakerCore.vcxproj]
C:\Users\mcmco\Desktop\WMMR\src\MovieMakerCore\StoryboardManager\Templates.h(343,37): warning C4251:             E=StoryboardManager::TemplateEntry * [C:\Users\mcmco\Desktop\WMMR\build\src\MovieMakerCore\MovieMakerCore.vcxproj]
C:\Users\mcmco\Desktop\WMMR\src\MovieMakerCore\StoryboardManager\Templates.h(343,37): warning C4251:         ] [C:\Users\mcmco\Desktop\WMMR\build\src\MovieMakerCore\MovieMakerCore.vcxproj]
  (compiling source file '../../../src/MovieMakerCore/StoryboardManager/Serialization/DatabasePropertyManager.cpp')
      C:\Program Files (x86)\Microsoft Visual Studio\2022\BuildTools\VC\Tools\MSVC\14.44.35207\atlmfc\include\atlcoll.h(530,7):
      see declaration of 'ATL::CAtlArray<StoryboardManager::TemplateEntry *,ATL::CElementTraits<E>>'
          with
          [
              E=StoryboardManager::TemplateEntry *
          ]
  
C:\Users\mcmco\Desktop\WMMR\src\MovieMakerCore\StoryboardManager\Templates.h(344,37): warning C4251: 'StoryboardManager::TemplateTable::m_arrThemes': 'ATL::CAtlArray<StoryboardManager::AutoMovieTheme *,ATL::CElementTraits<E>>' needs to have dll-interface to be used by clients of 'StoryboardManager::TemplateTable' [C:\Users\mcmco\Desktop\WMMR\build\src\MovieMakerCore\MovieMakerCore.vcxproj]
C:\Users\mcmco\Desktop\WMMR\src\MovieMakerCore\StoryboardManager\Templates.h(344,37): warning C4251:         with [C:\Users\mcmco\Desktop\WMMR\build\src\MovieMakerCore\MovieMakerCore.vcxproj]
C:\Users\mcmco\Desktop\WMMR\src\MovieMakerCore\StoryboardManager\Templates.h(344,37): warning C4251:         [ [C:\Users\mcmco\Desktop\WMMR\build\src\MovieMakerCore\MovieMakerCore.vcxproj]
C:\Users\mcmco\Desktop\WMMR\src\MovieMakerCore\StoryboardManager\Templates.h(344,37): warning C4251:             E=StoryboardManager::AutoMovieTheme * [C:\Users\mcmco\Desktop\WMMR\build\src\MovieMakerCore\MovieMakerCore.vcxproj]
C:\Users\mcmco\Desktop\WMMR\src\MovieMakerCore\StoryboardManager\Templates.h(344,37): warning C4251:         ] [C:\Users\mcmco\Desktop\WMMR\build\src\MovieMakerCore\MovieMakerCore.vcxproj]
  (compiling source file '../../../src/MovieMakerCore/StoryboardManager/Serialization/DatabasePropertyManager.cpp')
      C:\Program Files (x86)\Microsoft Visual Studio\2022\BuildTools\VC\Tools\MSVC\14.44.35207\atlmfc\include\atlcoll.h(530,7):
      see declaration of 'ATL::CAtlArray<StoryboardManager::AutoMovieTheme *,ATL::CElementTraits<E>>'
          with
          [
              E=StoryboardManager::AutoMovieTheme *
          ]
  
C:\Users\mcmco\Desktop\WMMR\src\MovieMakerCore\StoryboardManager\MovieProject.h(119,18): warning C4251: 'StoryboardManager::ProjectMediaItem::m_strSourcePath': 'ATL::CStringT<wchar_t,ATL::StrTraitATL<wchar_t,ATL::ChTraitsCRT<wchar_t>>>' needs to have dll-interface to be used by clients of 'StoryboardManager::ProjectMediaItem' [C:\Users\mcmco\Desktop\WMMR\build\src\MovieMakerCore\MovieMakerCore.vcxproj]
  (compiling source file '../../../src/MovieMakerCore/StoryboardManager/Serialization/DatabasePropertyManager.cpp')
      C:\Program Files (x86)\Microsoft Visual Studio\2022\BuildTools\VC\Tools\MSVC\14.44.35207\atlmfc\include\cstringt.h(999,7):
      see declaration of 'ATL::CStringT<wchar_t,ATL::StrTraitATL<wchar_t,ATL::ChTraitsCRT<wchar_t>>>'
  
C:\Users\mcmco\Desktop\WMMR\src\MovieMakerCore\StoryboardManager\MovieProject.h(120,18): warning C4251: 'StoryboardManager::ProjectMediaItem::m_strThumbnailPath': 'ATL::CStringT<wchar_t,ATL::StrTraitATL<wchar_t,ATL::ChTraitsCRT<wchar_t>>>' needs to have dll-interface to be used by clients of 'StoryboardManager::ProjectMediaItem' [C:\Users\mcmco\Desktop\WMMR\build\src\MovieMakerCore\MovieMakerCore.vcxproj]
  (compiling source file '../../../src/MovieMakerCore/StoryboardManager/Serialization/DatabasePropertyManager.cpp')
      C:\Program Files (x86)\Microsoft Visual Studio\2022\BuildTools\VC\Tools\MSVC\14.44.35207\atlmfc\include\cstringt.h(999,7):
      see declaration of 'ATL::CStringT<wchar_t,ATL::StrTraitATL<wchar_t,ATL::ChTraitsCRT<wchar_t>>>'
  
C:\Users\mcmco\Desktop\WMMR\src\MovieMakerCore\StoryboardManager\MovieProject.h(127,18): warning C4251: 'StoryboardManager::ProjectMediaItem::m_strTags': 'ATL::CStringT<wchar_t,ATL::StrTraitATL<wchar_t,ATL::ChTraitsCRT<wchar_t>>>' needs to have dll-interface to be used by clients of 'StoryboardManager::ProjectMediaItem' [C:\Users\mcmco\Desktop\WMMR\build\src\MovieMakerCore\MovieMakerCore.vcxproj]
  (compiling source file '../../../src/MovieMakerCore/StoryboardManager/Serialization/DatabasePropertyManager.cpp')
      C:\Program Files (x86)\Microsoft Visual Studio\2022\BuildTools\VC\Tools\MSVC\14.44.35207\atlmfc\include\cstringt.h(999,7):
      see declaration of 'ATL::CStringT<wchar_t,ATL::StrTraitATL<wchar_t,ATL::ChTraitsCRT<wchar_t>>>'
  
C:\Users\mcmco\Desktop\WMMR\src\MovieMakerCore\StoryboardManager\MovieProject.h(130,18): warning C4251: 'StoryboardManager::ProjectMediaItem::m_strVideoCodec': 'ATL::CStringT<wchar_t,ATL::StrTraitATL<wchar_t,ATL::ChTraitsCRT<wchar_t>>>' needs to have dll-interface to be used by clients of 'StoryboardManager::ProjectMediaItem' [C:\Users\mcmco\Desktop\WMMR\build\src\MovieMakerCore\MovieMakerCore.vcxproj]
  (compiling source file '../../../src/MovieMakerCore/StoryboardManager/Serialization/DatabasePropertyManager.cpp')
      C:\Program Files (x86)\Microsoft Visual Studio\2022\BuildTools\VC\Tools\MSVC\14.44.35207\atlmfc\include\cstringt.h(999,7):
      see declaration of 'ATL::CStringT<wchar_t,ATL::StrTraitATL<wchar_t,ATL::ChTraitsCRT<wchar_t>>>'
  
C:\Users\mcmco\Desktop\WMMR\src\MovieMakerCore\StoryboardManager\MovieProject.h(131,18): warning C4251: 'StoryboardManager::ProjectMediaItem::m_strAudioCodec': 'ATL::CStringT<wchar_t,ATL::StrTraitATL<wchar_t,ATL::ChTraitsCRT<wchar_t>>>' needs to have dll-interface to be used by clients of 'StoryboardManager::ProjectMediaItem' [C:\Users\mcmco\Desktop\WMMR\build\src\MovieMakerCore\MovieMakerCore.vcxproj]
  (compiling source file '../../../src/MovieMakerCore/StoryboardManager/Serialization/DatabasePropertyManager.cpp')
      C:\Program Files (x86)\Microsoft Visual Studio\2022\BuildTools\VC\Tools\MSVC\14.44.35207\atlmfc\include\cstringt.h(999,7):
      see declaration of 'ATL::CStringT<wchar_t,ATL::StrTraitATL<wchar_t,ATL::ChTraitsCRT<wchar_t>>>'
  
  BackgroundOrchestrator.cpp
C:\Users\mcmco\Desktop\WMMR\src\MovieMakerCore\StoryboardManager\MovieProject.h(176,29): warning C4251: 'StoryboardManager::ProjectTimeline::m_arrExtentIds': 'ATL::CAtlArray<DWORD,ATL::CElementTraits<unsigned long>>' needs to have dll-interface to be used by clients of 'StoryboardManager::ProjectTimeline' [C:\Users\mcmco\Desktop\WMMR\build\src\MovieMakerCore\MovieMakerCore.vcxproj]
  (compiling source file '../../../src/MovieMakerCore/StoryboardManager/Serialization/DatabasePropertyManager.cpp')
      C:\Program Files (x86)\Microsoft Visual Studio\2022\BuildTools\VC\Tools\MSVC\14.44.35207\atlmfc\include\atlcoll.h(530,7):
      see declaration of 'ATL::CAtlArray<DWORD,ATL::CElementTraits<unsigned long>>'
  
C:\Users\mcmco\Desktop\WMMR\src\MovieMakerCore\StoryboardManager\MovieProject.h(248,18): warning C4251: 'StoryboardManager::MovieProjectSettings::m_strProjectName': 'ATL::CStringT<wchar_t,ATL::StrTraitATL<wchar_t,ATL::ChTraitsCRT<wchar_t>>>' needs to have dll-interface to be used by clients of 'StoryboardManager::MovieProjectSettings' [C:\Users\mcmco\Desktop\WMMR\build\src\MovieMakerCore\MovieMakerCore.vcxproj]
  (compiling source file '../../../src/MovieMakerCore/StoryboardManager/Serialization/DatabasePropertyManager.cpp')
      C:\Program Files (x86)\Microsoft Visual Studio\2022\BuildTools\VC\Tools\MSVC\14.44.35207\atlmfc\include\cstringt.h(999,7):
      see declaration of 'ATL::CStringT<wchar_t,ATL::StrTraitATL<wchar_t,ATL::ChTraitsCRT<wchar_t>>>'
  
C:\Users\mcmco\Desktop\WMMR\src\MovieMakerCore\StoryboardManager\MovieProject.h(249,18): warning C4251: 'StoryboardManager::MovieProjectSettings::m_strAuthor': 'ATL::CStringT<wchar_t,ATL::StrTraitATL<wchar_t,ATL::ChTraitsCRT<wchar_t>>>' needs to have dll-interface to be used by clients of 'StoryboardManager::MovieProjectSettings' [C:\Users\mcmco\Desktop\WMMR\build\src\MovieMakerCore\MovieMakerCore.vcxproj]
  (compiling source file '../../../src/MovieMakerCore/StoryboardManager/Serialization/DatabasePropertyManager.cpp')
      C:\Program Files (x86)\Microsoft Visual Studio\2022\BuildTools\VC\Tools\MSVC\14.44.35207\atlmfc\include\cstringt.h(999,7):
      see declaration of 'ATL::CStringT<wchar_t,ATL::StrTraitATL<wchar_t,ATL::ChTraitsCRT<wchar_t>>>'
  
C:\Users\mcmco\Desktop\WMMR\src\MovieMakerCore\StoryboardManager\MovieProject.h(390,25): warning C4251: 'StoryboardManager::MovieProject::m_strProjectPath': 'ATL::CStringT<wchar_t,ATL::StrTraitATL<wchar_t,ATL::ChTraitsCRT<wchar_t>>>' needs to have dll-interface to be used by clients of 'StoryboardManager::MovieProject' [C:\Users\mcmco\Desktop\WMMR\build\src\MovieMakerCore\MovieMakerCore.vcxproj]
  (compiling source file '../../../src/MovieMakerCore/StoryboardManager/Serialization/DatabasePropertyManager.cpp')
      C:\Program Files (x86)\Microsoft Visual Studio\2022\BuildTools\VC\Tools\MSVC\14.44.35207\atlmfc\include\cstringt.h(999,7):
      see declaration of 'ATL::CStringT<wchar_t,ATL::StrTraitATL<wchar_t,ATL::ChTraitsCRT<wchar_t>>>'
  
C:\Users\mcmco\Desktop\WMMR\src\MovieMakerCore\StoryboardManager\MovieProject.h(394,40): warning C4251: 'StoryboardManager::MovieProject::m_arrMediaItems': 'ATL::CAtlArray<StoryboardManager::ProjectMediaItem,ATL::CElementTraits<E>>' needs to have dll-interface to be used by clients of 'StoryboardManager::MovieProject' [C:\Users\mcmco\Desktop\WMMR\build\src\MovieMakerCore\MovieMakerCore.vcxproj]
C:\Users\mcmco\Desktop\WMMR\src\MovieMakerCore\StoryboardManager\MovieProject.h(394,40): warning C4251:         with [C:\Users\mcmco\Desktop\WMMR\build\src\MovieMakerCore\MovieMakerCore.vcxproj]
C:\Users\mcmco\Desktop\WMMR\src\MovieMakerCore\StoryboardManager\MovieProject.h(394,40): warning C4251:         [ [C:\Users\mcmco\Desktop\WMMR\build\src\MovieMakerCore\MovieMakerCore.vcxproj]
C:\Users\mcmco\Desktop\WMMR\src\MovieMakerCore\StoryboardManager\MovieProject.h(394,40): warning C4251:             E=StoryboardManager::ProjectMediaItem [C:\Users\mcmco\Desktop\WMMR\build\src\MovieMakerCore\MovieMakerCore.vcxproj]
C:\Users\mcmco\Desktop\WMMR\src\MovieMakerCore\StoryboardManager\MovieProject.h(394,40): warning C4251:         ] [C:\Users\mcmco\Desktop\WMMR\build\src\MovieMakerCore\MovieMakerCore.vcxproj]
  (compiling source file '../../../src/MovieMakerCore/StoryboardManager/Serialization/DatabasePropertyManager.cpp')
      C:\Program Files (x86)\Microsoft Visual Studio\2022\BuildTools\VC\Tools\MSVC\14.44.35207\atlmfc\include\atlcoll.h(530,7):
      see declaration of 'ATL::CAtlArray<StoryboardManager::ProjectMediaItem,ATL::CElementTraits<E>>'
          with
          [
              E=StoryboardManager::ProjectMediaItem
          ]
  
C:\Users\mcmco\Desktop\WMMR\src\MovieMakerCore\StoryboardManager\MovieProject.h(404,32): warning C4251: 'StoryboardManager::MovieProject::m_arrUndoStack': 'ATL::CAtlArray<StoryboardManager::MovieProject::UndoEntry *,ATL::CElementTraits<E>>' needs to have dll-interface to be used by clients of 'StoryboardManager::MovieProject' [C:\Users\mcmco\Desktop\WMMR\build\src\MovieMakerCore\MovieMakerCore.vcxproj]
C:\Users\mcmco\Desktop\WMMR\src\MovieMakerCore\StoryboardManager\MovieProject.h(404,32): warning C4251:         with [C:\Users\mcmco\Desktop\WMMR\build\src\MovieMakerCore\MovieMakerCore.vcxproj]
C:\Users\mcmco\Desktop\WMMR\src\MovieMakerCore\StoryboardManager\MovieProject.h(404,32): warning C4251:         [ [C:\Users\mcmco\Desktop\WMMR\build\src\MovieMakerCore\MovieMakerCore.vcxproj]
C:\Users\mcmco\Desktop\WMMR\src\MovieMakerCore\StoryboardManager\MovieProject.h(404,32): warning C4251:             E=StoryboardManager::MovieProject::UndoEntry * [C:\Users\mcmco\Desktop\WMMR\build\src\MovieMakerCore\MovieMakerCore.vcxproj]
C:\Users\mcmco\Desktop\WMMR\src\MovieMakerCore\StoryboardManager\MovieProject.h(404,32): warning C4251:         ] [C:\Users\mcmco\Desktop\WMMR\build\src\MovieMakerCore\MovieMakerCore.vcxproj]
  (compiling source file '../../../src/MovieMakerCore/StoryboardManager/Serialization/DatabasePropertyManager.cpp')
      C:\Program Files (x86)\Microsoft Visual Studio\2022\BuildTools\VC\Tools\MSVC\14.44.35207\atlmfc\include\atlcoll.h(530,7):
      see declaration of 'ATL::CAtlArray<StoryboardManager::MovieProject::UndoEntry *,ATL::CElementTraits<E>>'
          with
          [
              E=StoryboardManager::MovieProject::UndoEntry *
          ]
  
C:\Users\mcmco\Desktop\WMMR\src\MovieMakerCore\StoryboardManager\Serialization\DatabasePropertyManager.h(169,35): warning C4251: 'StoryboardManager::DatabasePropertyManager::m_arrProperties': 'ATL::CAtlArray<StoryboardManager::DatabasePropertyManager::PropertyEntry,ATL::CElementTraits<E>>' needs to have dll-interface to be used by clients of 'StoryboardManager::DatabasePropertyManager' [C:\Users\mcmco\Desktop\WMMR\build\src\MovieMakerCore\MovieMakerCore.vcxproj]
C:\Users\mcmco\Desktop\WMMR\src\MovieMakerCore\StoryboardManager\Serialization\DatabasePropertyManager.h(169,35): warning C4251:         with [C:\Users\mcmco\Desktop\WMMR\build\src\MovieMakerCore\MovieMakerCore.vcxproj]
C:\Users\mcmco\Desktop\WMMR\src\MovieMakerCore\StoryboardManager\Serialization\DatabasePropertyManager.h(169,35): warning C4251:         [ [C:\Users\mcmco\Desktop\WMMR\build\src\MovieMakerCore\MovieMakerCore.vcxproj]
C:\Users\mcmco\Desktop\WMMR\src\MovieMakerCore\StoryboardManager\Serialization\DatabasePropertyManager.h(169,35): warning C4251:             E=StoryboardManager::DatabasePropertyManager::PropertyEntry [C:\Users\mcmco\Desktop\WMMR\build\src\MovieMakerCore\MovieMakerCore.vcxproj]
C:\Users\mcmco\Desktop\WMMR\src\MovieMakerCore\StoryboardManager\Serialization\DatabasePropertyManager.h(169,35): warning C4251:         ] [C:\Users\mcmco\Desktop\WMMR\build\src\MovieMakerCore\MovieMakerCore.vcxproj]
  (compiling source file '../../../src/MovieMakerCore/StoryboardManager/Serialization/DatabasePropertyManager.cpp')
      C:\Program Files (x86)\Microsoft Visual Studio\2022\BuildTools\VC\Tools\MSVC\14.44.35207\atlmfc\include\atlcoll.h(530,7):
      see declaration of 'ATL::CAtlArray<StoryboardManager::DatabasePropertyManager::PropertyEntry,ATL::CElementTraits<E>>'
          with
          [
              E=StoryboardManager::DatabasePropertyManager::PropertyEntry
          ]
  
C:\Users\mcmco\Desktop\WMMR\src\MovieMakerCore\StoryboardManager\Serialization\DatabasePropertyManager.h(173,18): warning C4251: 'StoryboardManager::DatabasePropertyManager::m_strDatabasePath': 'ATL::CStringT<wchar_t,ATL::StrTraitATL<wchar_t,ATL::ChTraitsCRT<wchar_t>>>' needs to have dll-interface to be used by clients of 'StoryboardManager::DatabasePropertyManager' [C:\Users\mcmco\Desktop\WMMR\build\src\MovieMakerCore\MovieMakerCore.vcxproj]
  (compiling source file '../../../src/MovieMakerCore/StoryboardManager/Serialization/DatabasePropertyManager.cpp')
      C:\Program Files (x86)\Microsoft Visual Studio\2022\BuildTools\VC\Tools\MSVC\14.44.35207\atlmfc\include\cstringt.h(999,7):
      see declaration of 'ATL::CStringT<wchar_t,ATL::StrTraitATL<wchar_t,ATL::ChTraitsCRT<wchar_t>>>'
  
  Conductor.cpp
C:\Users\mcmco\Desktop\WMMR\src\MovieMakerCore\StoryboardManager\Serialization\DatabasePropertyManager.cpp(111,11): error C2280: 'StoryboardManager::PropertyValue &StoryboardManager::PropertyValue::operator =(const StoryboardManager::PropertyValue &)': attempting to reference a deleted function [C:\Users\mcmco\Desktop\WMMR\build\src\MovieMakerCore\MovieMakerCore.vcxproj]
      C:\Users\mcmco\Desktop\WMMR\src\MovieMakerCore\StoryboardManager\Serialization\DatabasePropertyManager.h(65,1):
      compiler has generated 'StoryboardManager::PropertyValue::operator =' here
      C:\Users\mcmco\Desktop\WMMR\src\MovieMakerCore\StoryboardManager\Serialization\DatabasePropertyManager.h(65,1):
      'StoryboardManager::PropertyValue &StoryboardManager::PropertyValue::operator =(const StoryboardManager::PropertyValue &)': function was implicitly deleted because a base class invokes a deleted or inaccessible function 'ATL::CAtlArray<BYTE,ATL::CElementTraits<unsigned char>> &ATL::CAtlArray<BYTE,ATL::CElementTraits<unsigned char>>::operator =(const ATL::CAtlArray<BYTE,ATL::CElementTraits<unsigned char>> &) throw()'
  
C:\Users\mcmco\Desktop\WMMR\src\MovieMakerCore\StoryboardManager\Serialization\DatabasePropertyManager.cpp(122,17): error C2280: 'StoryboardManager::PropertyValue &StoryboardManager::PropertyValue::operator =(const StoryboardManager::PropertyValue &)': attempting to reference a deleted function [C:\Users\mcmco\Desktop\WMMR\build\src\MovieMakerCore\MovieMakerCore.vcxproj]
      C:\Users\mcmco\Desktop\WMMR\src\MovieMakerCore\StoryboardManager\Serialization\DatabasePropertyManager.h(65,1):
      compiler has generated 'StoryboardManager::PropertyValue::operator =' here
      C:\Users\mcmco\Desktop\WMMR\src\MovieMakerCore\StoryboardManager\Serialization\DatabasePropertyManager.h(65,1):
      'StoryboardManager::PropertyValue &StoryboardManager::PropertyValue::operator =(const StoryboardManager::PropertyValue &)': function was implicitly deleted because a base class invokes a deleted or inaccessible function 'ATL::CAtlArray<BYTE,ATL::CElementTraits<unsigned char>> &ATL::CAtlArray<BYTE,ATL::CElementTraits<unsigned char>>::operator =(const ATL::CAtlArray<BYTE,ATL::CElementTraits<unsigned char>> &) throw()'
  
C:\Users\mcmco\Desktop\WMMR\src\MovieMakerCore\StoryboardManager\Serialization\DatabasePropertyManager.cpp(480,21): error C2280: 'StoryboardManager::PropertyValue &StoryboardManager::PropertyValue::operator =(const StoryboardManager::PropertyValue &)': attempting to reference a deleted function [C:\Users\mcmco\Desktop\WMMR\build\src\MovieMakerCore\MovieMakerCore.vcxproj]
      C:\Users\mcmco\Desktop\WMMR\src\MovieMakerCore\StoryboardManager\Serialization\DatabasePropertyManager.h(65,1):
      compiler has generated 'StoryboardManager::PropertyValue::operator =' here
      C:\Users\mcmco\Desktop\WMMR\src\MovieMakerCore\StoryboardManager\Serialization\DatabasePropertyManager.h(65,1):
      'StoryboardManager::PropertyValue &StoryboardManager::PropertyValue::operator =(const StoryboardManager::PropertyValue &)': function was implicitly deleted because a base class invokes a deleted or inaccessible function 'ATL::CAtlArray<BYTE,ATL::CElementTraits<unsigned char>> &ATL::CAtlArray<BYTE,ATL::CElementTraits<unsigned char>>::operator =(const ATL::CAtlArray<BYTE,ATL::CElementTraits<unsigned char>> &) throw()'
  
C:\Users\mcmco\Desktop\WMMR\src\MovieMakerCore\pch.h(21,9): warning C4005: 'WINVER': macro redefinition [C:\Users\mcmco\Desktop\WMMR\build\src\MovieMakerCore\MovieMakerCore.vcxproj]
  (compiling source file '../../../src/MovieMakerCore/StoryboardManager/Background/BackgroundOrchestrator.cpp')
      C:\Users\mcmco\Desktop\WMMR\src\MovieMakerCore\pch.h(21,9):
      'WINVER' previously declared on the command line
  
C:\Users\mcmco\Desktop\WMMR\src\MovieMakerCore\pch.h(22,9): warning C4005: '_WIN32_WINNT': macro redefinition [C:\Users\mcmco\Desktop\WMMR\build\src\MovieMakerCore\MovieMakerCore.vcxproj]
  (compiling source file '../../../src/MovieMakerCore/StoryboardManager/Background/BackgroundOrchestrator.cpp')
      C:\Users\mcmco\Desktop\WMMR\src\MovieMakerCore\pch.h(22,9):
      '_WIN32_WINNT' previously declared on the command line
  
C:\Users\mcmco\Desktop\WMMR\src\MovieMakerCore\pch.h(30,9): warning C4005: 'WIN32_LEAN_AND_MEAN': macro redefinition [C:\Users\mcmco\Desktop\WMMR\build\src\MovieMakerCore\MovieMakerCore.vcxproj]
  (compiling source file '../../../src/MovieMakerCore/StoryboardManager/Background/BackgroundOrchestrator.cpp')
      C:\Users\mcmco\Desktop\WMMR\src\MovieMakerCore\pch.h(30,9):
      'WIN32_LEAN_AND_MEAN' previously declared on the command line
  
C:\Users\mcmco\Desktop\WMMR\src\MovieMakerCore\pch.h(31,9): warning C4005: 'NOMINMAX': macro redefinition [C:\Users\mcmco\Desktop\WMMR\build\src\MovieMakerCore\MovieMakerCore.vcxproj]
  (compiling source file '../../../src/MovieMakerCore/StoryboardManager/Background/BackgroundOrchestrator.cpp')
      C:\Users\mcmco\Desktop\WMMR\src\MovieMakerCore\pch.h(31,9):
      'NOMINMAX' previously declared on the command line
  
C:\Users\mcmco\Desktop\WMMR\src\MovieMakerCore\pch.h(32,9): warning C4005: '_CRT_SECURE_NO_WARNINGS': macro redefinition [C:\Users\mcmco\Desktop\WMMR\build\src\MovieMakerCore\MovieMakerCore.vcxproj]
  (compiling source file '../../../src/MovieMakerCore/StoryboardManager/Background/BackgroundOrchestrator.cpp')
      C:\Users\mcmco\Desktop\WMMR\src\MovieMakerCore\pch.h(32,9):
      '_CRT_SECURE_NO_WARNINGS' previously declared on the command line
  
C:\Users\mcmco\Desktop\WMMR\src\MovieMakerCore\pch.h(33,9): warning C4005: '_WINDLL': macro redefinition [C:\Users\mcmco\Desktop\WMMR\build\src\MovieMakerCore\MovieMakerCore.vcxproj]
  (compiling source file '../../../src/MovieMakerCore/StoryboardManager/Background/BackgroundOrchestrator.cpp')
      C:\Users\mcmco\Desktop\WMMR\src\MovieMakerCore\pch.h(33,9):
      '_WINDLL' previously declared on the command line
  
C:\Users\mcmco\Desktop\WMMR\src\MovieMakerCore\pch.h(34,9): warning C4005: '_AFXDLL': macro redefinition [C:\Users\mcmco\Desktop\WMMR\build\src\MovieMakerCore\MovieMakerCore.vcxproj]
  (compiling source file '../../../src/MovieMakerCore/StoryboardManager/Background/BackgroundOrchestrator.cpp')
      C:\Users\mcmco\Desktop\WMMR\src\MovieMakerCore\pch.h(34,9):
      '_AFXDLL' previously declared on the command line
  
C:\Users\mcmco\Desktop\WMMR\src\MovieMakerCore\pch.h(35,9): warning C4005: '_ATL_CSTRING_EXPLICIT_CONSTRUCTORS': macro redefinition [C:\Users\mcmco\Desktop\WMMR\build\src\MovieMakerCore\MovieMakerCore.vcxproj]
  (compiling source file '../../../src/MovieMakerCore/StoryboardManager/Background/BackgroundOrchestrator.cpp')
      C:\Users\mcmco\Desktop\WMMR\src\MovieMakerCore\pch.h(35,9):
      '_ATL_CSTRING_EXPLICIT_CONSTRUCTORS' previously declared on the command line
  
C:\Users\mcmco\Desktop\WMMR\src\MovieMakerCore\pch.h(36,9): warning C4005: '_ATL_ALL_WARNINGS': macro redefinition [C:\Users\mcmco\Desktop\WMMR\build\src\MovieMakerCore\MovieMakerCore.vcxproj]
  (compiling source file '../../../src/MovieMakerCore/StoryboardManager/Background/BackgroundOrchestrator.cpp')
      C:\Users\mcmco\Desktop\WMMR\src\MovieMakerCore\pch.h(36,9):
      '_ATL_ALL_WARNINGS' previously declared on the command line
  
  TransportBase.cpp
C:\Users\mcmco\Desktop\WMMR\src\MovieMakerCore\pch.h(21,9): warning C4005: 'WINVER': macro redefinition [C:\Users\mcmco\Desktop\WMMR\build\src\MovieMakerCore\MovieMakerCore.vcxproj]
  (compiling source file '../../../src/MovieMakerCore/StoryboardManager/Background/Conductor.cpp')
      C:\Users\mcmco\Desktop\WMMR\src\MovieMakerCore\pch.h(21,9):
      'WINVER' previously declared on the command line
  
C:\Users\mcmco\Desktop\WMMR\src\MovieMakerCore\pch.h(22,9): warning C4005: '_WIN32_WINNT': macro redefinition [C:\Users\mcmco\Desktop\WMMR\build\src\MovieMakerCore\MovieMakerCore.vcxproj]
  (compiling source file '../../../src/MovieMakerCore/StoryboardManager/Background/Conductor.cpp')
      C:\Users\mcmco\Desktop\WMMR\src\MovieMakerCore\pch.h(22,9):
      '_WIN32_WINNT' previously declared on the command line
  
C:\Users\mcmco\Desktop\WMMR\src\MovieMakerCore\pch.h(30,9): warning C4005: 'WIN32_LEAN_AND_MEAN': macro redefinition [C:\Users\mcmco\Desktop\WMMR\build\src\MovieMakerCore\MovieMakerCore.vcxproj]
  (compiling source file '../../../src/MovieMakerCore/StoryboardManager/Background/Conductor.cpp')
      C:\Users\mcmco\Desktop\WMMR\src\MovieMakerCore\pch.h(30,9):
      'WIN32_LEAN_AND_MEAN' previously declared on the command line
  
C:\Users\mcmco\Desktop\WMMR\src\MovieMakerCore\pch.h(31,9): warning C4005: 'NOMINMAX': macro redefinition [C:\Users\mcmco\Desktop\WMMR\build\src\MovieMakerCore\MovieMakerCore.vcxproj]
  (compiling source file '../../../src/MovieMakerCore/StoryboardManager/Background/Conductor.cpp')
      C:\Users\mcmco\Desktop\WMMR\src\MovieMakerCore\pch.h(31,9):
      'NOMINMAX' previously declared on the command line
  
C:\Users\mcmco\Desktop\WMMR\src\MovieMakerCore\pch.h(32,9): warning C4005: '_CRT_SECURE_NO_WARNINGS': macro redefinition [C:\Users\mcmco\Desktop\WMMR\build\src\MovieMakerCore\MovieMakerCore.vcxproj]
  (compiling source file '../../../src/MovieMakerCore/StoryboardManager/Background/Conductor.cpp')
      C:\Users\mcmco\Desktop\WMMR\src\MovieMakerCore\pch.h(32,9):
      '_CRT_SECURE_NO_WARNINGS' previously declared on the command line
  
C:\Users\mcmco\Desktop\WMMR\src\MovieMakerCore\pch.h(33,9): warning C4005: '_WINDLL': macro redefinition [C:\Users\mcmco\Desktop\WMMR\build\src\MovieMakerCore\MovieMakerCore.vcxproj]
  (compiling source file '../../../src/MovieMakerCore/StoryboardManager/Background/Conductor.cpp')
      C:\Users\mcmco\Desktop\WMMR\src\MovieMakerCore\pch.h(33,9):
      '_WINDLL' previously declared on the command line
  
C:\Users\mcmco\Desktop\WMMR\src\MovieMakerCore\pch.h(34,9): warning C4005: '_AFXDLL': macro redefinition [C:\Users\mcmco\Desktop\WMMR\build\src\MovieMakerCore\MovieMakerCore.vcxproj]
  (compiling source file '../../../src/MovieMakerCore/StoryboardManager/Background/Conductor.cpp')
      C:\Users\mcmco\Desktop\WMMR\src\MovieMakerCore\pch.h(34,9):
      '_AFXDLL' previously declared on the command line
  
C:\Users\mcmco\Desktop\WMMR\src\MovieMakerCore\pch.h(35,9): warning C4005: '_ATL_CSTRING_EXPLICIT_CONSTRUCTORS': macro redefinition [C:\Users\mcmco\Desktop\WMMR\build\src\MovieMakerCore\MovieMakerCore.vcxproj]
  (compiling source file '../../../src/MovieMakerCore/StoryboardManager/Background/Conductor.cpp')
      C:\Users\mcmco\Desktop\WMMR\src\MovieMakerCore\pch.h(35,9):
      '_ATL_CSTRING_EXPLICIT_CONSTRUCTORS' previously declared on the command line
  
C:\Users\mcmco\Desktop\WMMR\src\MovieMakerCore\pch.h(36,9): warning C4005: '_ATL_ALL_WARNINGS': macro redefinition [C:\Users\mcmco\Desktop\WMMR\build\src\MovieMakerCore\MovieMakerCore.vcxproj]
  (compiling source file '../../../src/MovieMakerCore/StoryboardManager/Background/Conductor.cpp')
      C:\Users\mcmco\Desktop\WMMR\src\MovieMakerCore\pch.h(36,9):
      '_ATL_ALL_WARNINGS' previously declared on the command line
  
C:\Users\mcmco\Desktop\WMMR\src\MovieMakerCore\pch.h(21,9): warning C4005: 'WINVER': macro redefinition [C:\Users\mcmco\Desktop\WMMR\build\src\MovieMakerCore\MovieMakerCore.vcxproj]
  (compiling source file '../../../src/MovieMakerCore/StoryboardManager/Transport/TransportBase.cpp')
      C:\Users\mcmco\Desktop\WMMR\src\MovieMakerCore\pch.h(21,9):
      'WINVER' previously declared on the command line
  
C:\Users\mcmco\Desktop\WMMR\src\MovieMakerCore\pch.h(22,9): warning C4005: '_WIN32_WINNT': macro redefinition [C:\Users\mcmco\Desktop\WMMR\build\src\MovieMakerCore\MovieMakerCore.vcxproj]
  (compiling source file '../../../src/MovieMakerCore/StoryboardManager/Transport/TransportBase.cpp')
      C:\Users\mcmco\Desktop\WMMR\src\MovieMakerCore\pch.h(22,9):
      '_WIN32_WINNT' previously declared on the command line
  
C:\Users\mcmco\Desktop\WMMR\src\MovieMakerCore\pch.h(30,9): warning C4005: 'WIN32_LEAN_AND_MEAN': macro redefinition [C:\Users\mcmco\Desktop\WMMR\build\src\MovieMakerCore\MovieMakerCore.vcxproj]
  (compiling source file '../../../src/MovieMakerCore/StoryboardManager/Transport/TransportBase.cpp')
      C:\Users\mcmco\Desktop\WMMR\src\MovieMakerCore\pch.h(30,9):
      'WIN32_LEAN_AND_MEAN' previously declared on the command line
  
C:\Users\mcmco\Desktop\WMMR\src\MovieMakerCore\pch.h(31,9): warning C4005: 'NOMINMAX': macro redefinition [C:\Users\mcmco\Desktop\WMMR\build\src\MovieMakerCore\MovieMakerCore.vcxproj]
  (compiling source file '../../../src/MovieMakerCore/StoryboardManager/Transport/TransportBase.cpp')
      C:\Users\mcmco\Desktop\WMMR\src\MovieMakerCore\pch.h(31,9):
      'NOMINMAX' previously declared on the command line
  
C:\Users\mcmco\Desktop\WMMR\src\MovieMakerCore\pch.h(32,9): warning C4005: '_CRT_SECURE_NO_WARNINGS': macro redefinition [C:\Users\mcmco\Desktop\WMMR\build\src\MovieMakerCore\MovieMakerCore.vcxproj]
  (compiling source file '../../../src/MovieMakerCore/StoryboardManager/Transport/TransportBase.cpp')
      C:\Users\mcmco\Desktop\WMMR\src\MovieMakerCore\pch.h(32,9):
      '_CRT_SECURE_NO_WARNINGS' previously declared on the command line
  
C:\Users\mcmco\Desktop\WMMR\src\MovieMakerCore\pch.h(33,9): warning C4005: '_WINDLL': macro redefinition [C:\Users\mcmco\Desktop\WMMR\build\src\MovieMakerCore\MovieMakerCore.vcxproj]
  (compiling source file '../../../src/MovieMakerCore/StoryboardManager/Transport/TransportBase.cpp')
      C:\Users\mcmco\Desktop\WMMR\src\MovieMakerCore\pch.h(33,9):
      '_WINDLL' previously declared on the command line
  
C:\Users\mcmco\Desktop\WMMR\src\MovieMakerCore\pch.h(34,9): warning C4005: '_AFXDLL': macro redefinition [C:\Users\mcmco\Desktop\WMMR\build\src\MovieMakerCore\MovieMakerCore.vcxproj]
  (compiling source file '../../../src/MovieMakerCore/StoryboardManager/Transport/TransportBase.cpp')
      C:\Users\mcmco\Desktop\WMMR\src\MovieMakerCore\pch.h(34,9):
      '_AFXDLL' previously declared on the command line
  
C:\Users\mcmco\Desktop\WMMR\src\MovieMakerCore\pch.h(35,9): warning C4005: '_ATL_CSTRING_EXPLICIT_CONSTRUCTORS': macro redefinition [C:\Users\mcmco\Desktop\WMMR\build\src\MovieMakerCore\MovieMakerCore.vcxproj]
  (compiling source file '../../../src/MovieMakerCore/StoryboardManager/Transport/TransportBase.cpp')
      C:\Users\mcmco\Desktop\WMMR\src\MovieMakerCore\pch.h(35,9):
      '_ATL_CSTRING_EXPLICIT_CONSTRUCTORS' previously declared on the command line
  
C:\Users\mcmco\Desktop\WMMR\src\MovieMakerCore\pch.h(36,9): warning C4005: '_ATL_ALL_WARNINGS': macro redefinition [C:\Users\mcmco\Desktop\WMMR\build\src\MovieMakerCore\MovieMakerCore.vcxproj]
  (compiling source file '../../../src/MovieMakerCore/StoryboardManager/Transport/TransportBase.cpp')
      C:\Users\mcmco\Desktop\WMMR\src\MovieMakerCore\pch.h(36,9):
      '_ATL_ALL_WARNINGS' previously declared on the command line
  
C:\Users\mcmco\Desktop\WMMR\src\WLXPhotoBase\BaseTypes.h(536,18): warning C4251: 'Base::File::m_strPath': 'ATL::CStringT<wchar_t,ATL::StrTraitATL<wchar_t,ATL::ChTraitsCRT<wchar_t>>>' needs to have dll-interface to be used by clients of 'Base::File' [C:\Users\mcmco\Desktop\WMMR\build\src\MovieMakerCore\MovieMakerCore.vcxproj]
  (compiling source file '../../../src/MovieMakerCore/StoryboardManager/Serialization/BoundPropertyDictionary.cpp')
      C:\Program Files (x86)\Microsoft Visual Studio\2022\BuildTools\VC\Tools\MSVC\14.44.35207\atlmfc\include\cstringt.h(999,7):
      see declaration of 'ATL::CStringT<wchar_t,ATL::StrTraitATL<wchar_t,ATL::ChTraitsCRT<wchar_t>>>'
  
C:\Users\mcmco\Desktop\WMMR\src\WLXPhotoBase\BaseTypes.h(568,18): warning C4251: 'Base::TempFile::m_strPath': 'ATL::CStringT<wchar_t,ATL::StrTraitATL<wchar_t,ATL::ChTraitsCRT<wchar_t>>>' needs to have dll-interface to be used by clients of 'Base::TempFile' [C:\Users\mcmco\Desktop\WMMR\build\src\MovieMakerCore\MovieMakerCore.vcxproj]
  (compiling source file '../../../src/MovieMakerCore/StoryboardManager/Serialization/BoundPropertyDictionary.cpp')
      C:\Program Files (x86)\Microsoft Visual Studio\2022\BuildTools\VC\Tools\MSVC\14.44.35207\atlmfc\include\cstringt.h(999,7):
      see declaration of 'ATL::CStringT<wchar_t,ATL::StrTraitATL<wchar_t,ATL::ChTraitsCRT<wchar_t>>>'
  
C:\Users\mcmco\Desktop\WMMR\src\WLXPhotoBase\BaseTypes.h(661,21): warning C4251: 'Base::FindFile::m_strDirectory': 'ATL::CStringT<wchar_t,ATL::StrTraitATL<wchar_t,ATL::ChTraitsCRT<wchar_t>>>' needs to have dll-interface to be used by clients of 'Base::FindFile' [C:\Users\mcmco\Desktop\WMMR\build\src\MovieMakerCore\MovieMakerCore.vcxproj]
  (compiling source file '../../../src/MovieMakerCore/StoryboardManager/Serialization/BoundPropertyDictionary.cpp')
      C:\Program Files (x86)\Microsoft Visual Studio\2022\BuildTools\VC\Tools\MSVC\14.44.35207\atlmfc\include\cstringt.h(999,7):
      see declaration of 'ATL::CStringT<wchar_t,ATL::StrTraitATL<wchar_t,ATL::ChTraitsCRT<wchar_t>>>'
  
C:\Users\mcmco\Desktop\WMMR\src\WLXPhotoBase\BaseTypes.h(724,25): warning C4251: 'Base::IntSet::m_values': 'ATL::CAtlArray<int,ATL::CElementTraits<int>>' needs to have dll-interface to be used by clients of 'Base::IntSet' [C:\Users\mcmco\Desktop\WMMR\build\src\MovieMakerCore\MovieMakerCore.vcxproj]
  (compiling source file '../../../src/MovieMakerCore/StoryboardManager/Serialization/BoundPropertyDictionary.cpp')
      C:\Program Files (x86)\Microsoft Visual Studio\2022\BuildTools\VC\Tools\MSVC\14.44.35207\atlmfc\include\atlcoll.h(530,7):
      see declaration of 'ATL::CAtlArray<int,ATL::CElementTraits<int>>'
  
C:\Users\mcmco\Desktop\WMMR\src\MovieMakerCore\StoryboardManager\StoryboardManagerExceptions.h(56,18): warning C4251: 'StoryboardManager::StoryboardManagerException::m_strMessage': 'ATL::CStringT<wchar_t,ATL::StrTraitATL<wchar_t,ATL::ChTraitsCRT<wchar_t>>>' needs to have dll-interface to be used by clients of 'StoryboardManager::StoryboardManagerException' [C:\Users\mcmco\Desktop\WMMR\build\src\MovieMakerCore\MovieMakerCore.vcxproj]
  (compiling source file '../../../src/MovieMakerCore/StoryboardManager/Serialization/BoundPropertyDictionary.cpp')
      C:\Program Files (x86)\Microsoft Visual Studio\2022\BuildTools\VC\Tools\MSVC\14.44.35207\atlmfc\include\cstringt.h(999,7):
      see declaration of 'ATL::CStringT<wchar_t,ATL::StrTraitATL<wchar_t,ATL::ChTraitsCRT<wchar_t>>>'
  
C:\Users\mcmco\Desktop\WMMR\src\MovieMakerCore\StoryboardManager\StoryboardManagerExceptions.h(86,18): warning C4251: 'StoryboardManager::TemplateInitializationException::m_strTemplateName': 'ATL::CStringT<wchar_t,ATL::StrTraitATL<wchar_t,ATL::ChTraitsCRT<wchar_t>>>' needs to have dll-interface to be used by clients of 'StoryboardManager::TemplateInitializationException' [C:\Users\mcmco\Desktop\WMMR\build\src\MovieMakerCore\MovieMakerCore.vcxproj]
  (compiling source file '../../../src/MovieMakerCore/StoryboardManager/Serialization/BoundPropertyDictionary.cpp')
      C:\Program Files (x86)\Microsoft Visual Studio\2022\BuildTools\VC\Tools\MSVC\14.44.35207\atlmfc\include\cstringt.h(999,7):
      see declaration of 'ATL::CStringT<wchar_t,ATL::StrTraitATL<wchar_t,ATL::ChTraitsCRT<wchar_t>>>'
  
C:\Users\mcmco\Desktop\WMMR\src\MovieMakerCore\StoryboardManager\StoryboardManagerExceptions.h(119,18): warning C4251: 'StoryboardManager::ScriptInitializationException::m_strScriptPath': 'ATL::CStringT<wchar_t,ATL::StrTraitATL<wchar_t,ATL::ChTraitsCRT<wchar_t>>>' needs to have dll-interface to be used by clients of 'StoryboardManager::ScriptInitializationException' [C:\Users\mcmco\Desktop\WMMR\build\src\MovieMakerCore\MovieMakerCore.vcxproj]
  (compiling source file '../../../src/MovieMakerCore/StoryboardManager/Serialization/BoundPropertyDictionary.cpp')
      C:\Program Files (x86)\Microsoft Visual Studio\2022\BuildTools\VC\Tools\MSVC\14.44.35207\atlmfc\include\cstringt.h(999,7):
      see declaration of 'ATL::CStringT<wchar_t,ATL::StrTraitATL<wchar_t,ATL::ChTraitsCRT<wchar_t>>>'
  
C:\Users\mcmco\Desktop\WMMR\src\MovieMakerCore\StoryboardManager\StoryboardManagerExceptions.h(120,18): warning C4251: 'StoryboardManager::ScriptInitializationException::m_strScriptEngineId': 'ATL::CStringT<wchar_t,ATL::StrTraitATL<wchar_t,ATL::ChTraitsCRT<wchar_t>>>' needs to have dll-interface to be used by clients of 'StoryboardManager::ScriptInitializationException' [C:\Users\mcmco\Desktop\WMMR\build\src\MovieMakerCore\MovieMakerCore.vcxproj]
  (compiling source file '../../../src/MovieMakerCore/StoryboardManager/Serialization/BoundPropertyDictionary.cpp')
      C:\Program Files (x86)\Microsoft Visual Studio\2022\BuildTools\VC\Tools\MSVC\14.44.35207\atlmfc\include\cstringt.h(999,7):
      see declaration of 'ATL::CStringT<wchar_t,ATL::StrTraitATL<wchar_t,ATL::ChTraitsCRT<wchar_t>>>'
  
C:\Users\mcmco\Desktop\WMMR\src\MovieMakerCore\StoryboardManager\StoryboardManagerExceptions.h(156,18): warning C4251: 'StoryboardManager::EncodeInitializationException::m_strOutputFormat': 'ATL::CStringT<wchar_t,ATL::StrTraitATL<wchar_t,ATL::ChTraitsCRT<wchar_t>>>' needs to have dll-interface to be used by clients of 'StoryboardManager::EncodeInitializationException' [C:\Users\mcmco\Desktop\WMMR\build\src\MovieMakerCore\MovieMakerCore.vcxproj]
  (compiling source file '../../../src/MovieMakerCore/StoryboardManager/Serialization/BoundPropertyDictionary.cpp')
      C:\Program Files (x86)\Microsoft Visual Studio\2022\BuildTools\VC\Tools\MSVC\14.44.35207\atlmfc\include\cstringt.h(999,7):
      see declaration of 'ATL::CStringT<wchar_t,ATL::StrTraitATL<wchar_t,ATL::ChTraitsCRT<wchar_t>>>'
  
C:\Users\mcmco\Desktop\WMMR\src\MovieMakerCore\StoryboardManager\StoryboardManagerExceptions.h(157,18): warning C4251: 'StoryboardManager::EncodeInitializationException::m_strCodecName': 'ATL::CStringT<wchar_t,ATL::StrTraitATL<wchar_t,ATL::ChTraitsCRT<wchar_t>>>' needs to have dll-interface to be used by clients of 'StoryboardManager::EncodeInitializationException' [C:\Users\mcmco\Desktop\WMMR\build\src\MovieMakerCore\MovieMakerCore.vcxproj]
  (compiling source file '../../../src/MovieMakerCore/StoryboardManager/Serialization/BoundPropertyDictionary.cpp')
      C:\Program Files (x86)\Microsoft Visual Studio\2022\BuildTools\VC\Tools\MSVC\14.44.35207\atlmfc\include\cstringt.h(999,7):
      see declaration of 'ATL::CStringT<wchar_t,ATL::StrTraitATL<wchar_t,ATL::ChTraitsCRT<wchar_t>>>'
  
C:\Users\mcmco\Desktop\WMMR\src\MovieMakerCore\StoryboardManager\TimelineTrack.h(99,25): warning C4251: 'StoryboardManager::TimelineTrack::m_strDisplayName': 'ATL::CStringT<wchar_t,ATL::StrTraitATL<wchar_t,ATL::ChTraitsCRT<wchar_t>>>' needs to have dll-interface to be used by clients of 'StoryboardManager::TimelineTrack' [C:\Users\mcmco\Desktop\WMMR\build\src\MovieMakerCore\MovieMakerCore.vcxproj]
  (compiling source file '../../../src/MovieMakerCore/StoryboardManager/Serialization/BoundPropertyDictionary.cpp')
      C:\Program Files (x86)\Microsoft Visual Studio\2022\BuildTools\VC\Tools\MSVC\14.44.35207\atlmfc\include\cstringt.h(999,7):
      see declaration of 'ATL::CStringT<wchar_t,ATL::StrTraitATL<wchar_t,ATL::ChTraitsCRT<wchar_t>>>'
  
C:\Users\mcmco\Desktop\WMMR\src\MovieMakerCore\StoryboardManager\TimelineTrack.h(106,25): error C2079: 'StoryboardManager::TimelineTrack::m_timeline' uses undefined class 'StoryboardManager::ProjectTimeline' [C:\Users\mcmco\Desktop\WMMR\build\src\MovieMakerCore\MovieMakerCore.vcxproj]
  (compiling source file '../../../src/MovieMakerCore/StoryboardManager/Serialization/BoundPropertyDictionary.cpp')
  
C:\Users\mcmco\Desktop\WMMR\src\MovieMakerCore\StoryboardManager\TimelineTrack.h(151,36): warning C4251: 'StoryboardManager::TimelineTrackManager::m_arrTracks': 'ATL::CAtlArray<StoryboardManager::TimelineTrack *,ATL::CElementTraits<E>>' needs to have dll-interface to be used by clients of 'StoryboardManager::TimelineTrackManager' [C:\Users\mcmco\Desktop\WMMR\build\src\MovieMakerCore\MovieMakerCore.vcxproj]
C:\Users\mcmco\Desktop\WMMR\src\MovieMakerCore\StoryboardManager\TimelineTrack.h(151,36): warning C4251:         with [C:\Users\mcmco\Desktop\WMMR\build\src\MovieMakerCore\MovieMakerCore.vcxproj]
C:\Users\mcmco\Desktop\WMMR\src\MovieMakerCore\StoryboardManager\TimelineTrack.h(151,36): warning C4251:         [ [C:\Users\mcmco\Desktop\WMMR\build\src\MovieMakerCore\MovieMakerCore.vcxproj]
C:\Users\mcmco\Desktop\WMMR\src\MovieMakerCore\StoryboardManager\TimelineTrack.h(151,36): warning C4251:             E=StoryboardManager::TimelineTrack * [C:\Users\mcmco\Desktop\WMMR\build\src\MovieMakerCore\MovieMakerCore.vcxproj]
C:\Users\mcmco\Desktop\WMMR\src\MovieMakerCore\StoryboardManager\TimelineTrack.h(151,36): warning C4251:         ] [C:\Users\mcmco\Desktop\WMMR\build\src\MovieMakerCore\MovieMakerCore.vcxproj]
  (compiling source file '../../../src/MovieMakerCore/StoryboardManager/Serialization/BoundPropertyDictionary.cpp')
      C:\Program Files (x86)\Microsoft Visual Studio\2022\BuildTools\VC\Tools\MSVC\14.44.35207\atlmfc\include\atlcoll.h(530,7):
      see declaration of 'ATL::CAtlArray<StoryboardManager::TimelineTrack *,ATL::CElementTraits<E>>'
          with
          [
              E=StoryboardManager::TimelineTrack *
          ]
  
C:\Users\mcmco\Desktop\WMMR\src\MovieMakerCore\StoryboardManager\MovieExtent.h(151,25): warning C4251: 'StoryboardManager::MovieExtent::m_strTitleText': 'ATL::CStringT<wchar_t,ATL::StrTraitATL<wchar_t,ATL::ChTraitsCRT<wchar_t>>>' needs to have dll-interface to be used by clients of 'StoryboardManager::MovieExtent' [C:\Users\mcmco\Desktop\WMMR\build\src\MovieMakerCore\MovieMakerCore.vcxproj]
  (compiling source file '../../../src/MovieMakerCore/StoryboardManager/Serialization/BoundPropertyDictionary.cpp')
      C:\Program Files (x86)\Microsoft Visual Studio\2022\BuildTools\VC\Tools\MSVC\14.44.35207\atlmfc\include\cstringt.h(999,7):
      see declaration of 'ATL::CStringT<wchar_t,ATL::StrTraitATL<wchar_t,ATL::ChTraitsCRT<wchar_t>>>'
  
C:\Users\mcmco\Desktop\WMMR\src\MovieMakerCore\StoryboardManager\MovieExtent.h(152,25): warning C4251: 'StoryboardManager::MovieExtent::m_strTitleFontFamily': 'ATL::CStringT<wchar_t,ATL::StrTraitATL<wchar_t,ATL::ChTraitsCRT<wchar_t>>>' needs to have dll-interface to be used by clients of 'StoryboardManager::MovieExtent' [C:\Users\mcmco\Desktop\WMMR\build\src\MovieMakerCore\MovieMakerCore.vcxproj]
  (compiling source file '../../../src/MovieMakerCore/StoryboardManager/Serialization/BoundPropertyDictionary.cpp')
      C:\Program Files (x86)\Microsoft Visual Studio\2022\BuildTools\VC\Tools\MSVC\14.44.35207\atlmfc\include\cstringt.h(999,7):
      see declaration of 'ATL::CStringT<wchar_t,ATL::StrTraitATL<wchar_t,ATL::ChTraitsCRT<wchar_t>>>'
  
C:\Users\mcmco\Desktop\WMMR\src\MovieMakerCore\StoryboardManager\Extents.h(104,37): warning C4251: 'StoryboardManager::ExtentCollection::m_arrExtents': 'ATL::CAtlArray<StoryboardManager::MovieExtent *,ATL::CElementTraits<E>>' needs to have dll-interface to be used by clients of 'StoryboardManager::ExtentCollection' [C:\Users\mcmco\Desktop\WMMR\build\src\MovieMakerCore\MovieMakerCore.vcxproj]
C:\Users\mcmco\Desktop\WMMR\src\MovieMakerCore\StoryboardManager\Extents.h(104,37): warning C4251:         with [C:\Users\mcmco\Desktop\WMMR\build\src\MovieMakerCore\MovieMakerCore.vcxproj]
C:\Users\mcmco\Desktop\WMMR\src\MovieMakerCore\StoryboardManager\Extents.h(104,37): warning C4251:         [ [C:\Users\mcmco\Desktop\WMMR\build\src\MovieMakerCore\MovieMakerCore.vcxproj]
C:\Users\mcmco\Desktop\WMMR\src\MovieMakerCore\StoryboardManager\Extents.h(104,37): warning C4251:             E=StoryboardManager::MovieExtent * [C:\Users\mcmco\Desktop\WMMR\build\src\MovieMakerCore\MovieMakerCore.vcxproj]
C:\Users\mcmco\Desktop\WMMR\src\MovieMakerCore\StoryboardManager\Extents.h(104,37): warning C4251:         ] [C:\Users\mcmco\Desktop\WMMR\build\src\MovieMakerCore\MovieMakerCore.vcxproj]
  (compiling source file '../../../src/MovieMakerCore/StoryboardManager/Serialization/BoundPropertyDictionary.cpp')
      C:\Program Files (x86)\Microsoft Visual Studio\2022\BuildTools\VC\Tools\MSVC\14.44.35207\atlmfc\include\atlcoll.h(530,7):
      see declaration of 'ATL::CAtlArray<StoryboardManager::MovieExtent *,ATL::CElementTraits<E>>'
          with
          [
              E=StoryboardManager::MovieExtent *
          ]
  
C:\Users\mcmco\Desktop\WMMR\src\MovieMakerCore\StoryboardManager\Extents.h(158,27): warning C4251: 'StoryboardManager::ExtentIdSet::m_arrIds': 'ATL::CAtlArray<DWORD,ATL::CElementTraits<unsigned long>>' needs to have dll-interface to be used by clients of 'StoryboardManager::ExtentIdSet' [C:\Users\mcmco\Desktop\WMMR\build\src\MovieMakerCore\MovieMakerCore.vcxproj]
  (compiling source file '../../../src/MovieMakerCore/StoryboardManager/Serialization/BoundPropertyDictionary.cpp')
      C:\Program Files (x86)\Microsoft Visual Studio\2022\BuildTools\VC\Tools\MSVC\14.44.35207\atlmfc\include\atlcoll.h(530,7):
      see declaration of 'ATL::CAtlArray<DWORD,ATL::CElementTraits<unsigned long>>'
  
C:\Users\mcmco\Desktop\WMMR\src\MovieMakerCore\StoryboardManager\Templates.h(127,25): warning C4251: 'StoryboardManager::ThemeEffect::m_strX3dClipName': 'ATL::CStringT<wchar_t,ATL::StrTraitATL<wchar_t,ATL::ChTraitsCRT<wchar_t>>>' needs to have dll-interface to be used by clients of 'StoryboardManager::ThemeEffect' [C:\Users\mcmco\Desktop\WMMR\build\src\MovieMakerCore\MovieMakerCore.vcxproj]
  (compiling source file '../../../src/MovieMakerCore/StoryboardManager/Serialization/BoundPropertyDictionary.cpp')
      C:\Program Files (x86)\Microsoft Visual Studio\2022\BuildTools\VC\Tools\MSVC\14.44.35207\atlmfc\include\cstringt.h(999,7):
      see declaration of 'ATL::CStringT<wchar_t,ATL::StrTraitATL<wchar_t,ATL::ChTraitsCRT<wchar_t>>>'
  
C:\Users\mcmco\Desktop\WMMR\src\MovieMakerCore\StoryboardManager\Templates.h(135,31): warning C4251: 'StoryboardManager::ThemeEffect::m_arrParameters': 'ATL::CAtlArray<StoryboardManager::ThemeEffect::Parameter,ATL::CElementTraits<E>>' needs to have dll-interface to be used by clients of 'StoryboardManager::ThemeEffect' [C:\Users\mcmco\Desktop\WMMR\build\src\MovieMakerCore\MovieMakerCore.vcxproj]
C:\Users\mcmco\Desktop\WMMR\src\MovieMakerCore\StoryboardManager\Templates.h(135,31): warning C4251:         with [C:\Users\mcmco\Desktop\WMMR\build\src\MovieMakerCore\MovieMakerCore.vcxproj]
C:\Users\mcmco\Desktop\WMMR\src\MovieMakerCore\StoryboardManager\Templates.h(135,31): warning C4251:         [ [C:\Users\mcmco\Desktop\WMMR\build\src\MovieMakerCore\MovieMakerCore.vcxproj]
C:\Users\mcmco\Desktop\WMMR\src\MovieMakerCore\StoryboardManager\Templates.h(135,31): warning C4251:             E=StoryboardManager::ThemeEffect::Parameter [C:\Users\mcmco\Desktop\WMMR\build\src\MovieMakerCore\MovieMakerCore.vcxproj]
C:\Users\mcmco\Desktop\WMMR\src\MovieMakerCore\StoryboardManager\Templates.h(135,31): warning C4251:         ] [C:\Users\mcmco\Desktop\WMMR\build\src\MovieMakerCore\MovieMakerCore.vcxproj]
  (compiling source file '../../../src/MovieMakerCore/StoryboardManager/Serialization/BoundPropertyDictionary.cpp')
      C:\Program Files (x86)\Microsoft Visual Studio\2022\BuildTools\VC\Tools\MSVC\14.44.35207\atlmfc\include\atlcoll.h(530,7):
      see declaration of 'ATL::CAtlArray<StoryboardManager::ThemeEffect::Parameter,ATL::CElementTraits<E>>'
          with
          [
              E=StoryboardManager::ThemeEffect::Parameter
          ]
  
C:\Users\mcmco\Desktop\WMMR\src\MovieMakerCore\StoryboardManager\Templates.h(206,21): warning C4251: 'StoryboardManager::AutoMovieTheme::m_strName': 'ATL::CStringT<wchar_t,ATL::StrTraitATL<wchar_t,ATL::ChTraitsCRT<wchar_t>>>' needs to have dll-interface to be used by clients of 'StoryboardManager::AutoMovieTheme' [C:\Users\mcmco\Desktop\WMMR\build\src\MovieMakerCore\MovieMakerCore.vcxproj]
  (compiling source file '../../../src/MovieMakerCore/StoryboardManager/Serialization/BoundPropertyDictionary.cpp')
      C:\Program Files (x86)\Microsoft Visual Studio\2022\BuildTools\VC\Tools\MSVC\14.44.35207\atlmfc\include\cstringt.h(999,7):
      see declaration of 'ATL::CStringT<wchar_t,ATL::StrTraitATL<wchar_t,ATL::ChTraitsCRT<wchar_t>>>'
  
C:\Users\mcmco\Desktop\WMMR\src\MovieMakerCore\StoryboardManager\Templates.h(207,21): warning C4251: 'StoryboardManager::AutoMovieTheme::m_strDisplayName': 'ATL::CStringT<wchar_t,ATL::StrTraitATL<wchar_t,ATL::ChTraitsCRT<wchar_t>>>' needs to have dll-interface to be used by clients of 'StoryboardManager::AutoMovieTheme' [C:\Users\mcmco\Desktop\WMMR\build\src\MovieMakerCore\MovieMakerCore.vcxproj]
  (compiling source file '../../../src/MovieMakerCore/StoryboardManager/Serialization/BoundPropertyDictionary.cpp')
      C:\Program Files (x86)\Microsoft Visual Studio\2022\BuildTools\VC\Tools\MSVC\14.44.35207\atlmfc\include\cstringt.h(999,7):
      see declaration of 'ATL::CStringT<wchar_t,ATL::StrTraitATL<wchar_t,ATL::ChTraitsCRT<wchar_t>>>'
  
C:\Users\mcmco\Desktop\WMMR\src\MovieMakerCore\StoryboardManager\Templates.h(208,21): warning C4251: 'StoryboardManager::AutoMovieTheme::m_strDescription': 'ATL::CStringT<wchar_t,ATL::StrTraitATL<wchar_t,ATL::ChTraitsCRT<wchar_t>>>' needs to have dll-interface to be used by clients of 'StoryboardManager::AutoMovieTheme' [C:\Users\mcmco\Desktop\WMMR\build\src\MovieMakerCore\MovieMakerCore.vcxproj]
  (compiling source file '../../../src/MovieMakerCore/StoryboardManager/Serialization/BoundPropertyDictionary.cpp')
      C:\Program Files (x86)\Microsoft Visual Studio\2022\BuildTools\VC\Tools\MSVC\14.44.35207\atlmfc\include\cstringt.h(999,7):
      see declaration of 'ATL::CStringT<wchar_t,ATL::StrTraitATL<wchar_t,ATL::ChTraitsCRT<wchar_t>>>'
  
C:\Users\mcmco\Desktop\WMMR\src\MovieMakerCore\StoryboardManager\Templates.h(209,21): warning C4251: 'StoryboardManager::AutoMovieTheme::m_strThumbnailPath': 'ATL::CStringT<wchar_t,ATL::StrTraitATL<wchar_t,ATL::ChTraitsCRT<wchar_t>>>' needs to have dll-interface to be used by clients of 'StoryboardManager::AutoMovieTheme' [C:\Users\mcmco\Desktop\WMMR\build\src\MovieMakerCore\MovieMakerCore.vcxproj]
  (compiling source file '../../../src/MovieMakerCore/StoryboardManager/Serialization/BoundPropertyDictionary.cpp')
      C:\Program Files (x86)\Microsoft Visual Studio\2022\BuildTools\VC\Tools\MSVC\14.44.35207\atlmfc\include\cstringt.h(999,7):
      see declaration of 'ATL::CStringT<wchar_t,ATL::StrTraitATL<wchar_t,ATL::ChTraitsCRT<wchar_t>>>'
  
C:\Users\mcmco\Desktop\WMMR\src\MovieMakerCore\StoryboardManager\Templates.h(210,21): warning C4251: 'StoryboardManager::AutoMovieTheme::m_strCategory': 'ATL::CStringT<wchar_t,ATL::StrTraitATL<wchar_t,ATL::ChTraitsCRT<wchar_t>>>' needs to have dll-interface to be used by clients of 'StoryboardManager::AutoMovieTheme' [C:\Users\mcmco\Desktop\WMMR\build\src\MovieMakerCore\MovieMakerCore.vcxproj]
  (compiling source file '../../../src/MovieMakerCore/StoryboardManager/Serialization/BoundPropertyDictionary.cpp')
      C:\Program Files (x86)\Microsoft Visual Studio\2022\BuildTools\VC\Tools\MSVC\14.44.35207\atlmfc\include\cstringt.h(999,7):
      see declaration of 'ATL::CStringT<wchar_t,ATL::StrTraitATL<wchar_t,ATL::ChTraitsCRT<wchar_t>>>'
  
C:\Users\mcmco\Desktop\WMMR\src\MovieMakerCore\StoryboardManager\Templates.h(211,21): warning C4251: 'StoryboardManager::AutoMovieTheme::m_strTitleFontFamily': 'ATL::CStringT<wchar_t,ATL::StrTraitATL<wchar_t,ATL::ChTraitsCRT<wchar_t>>>' needs to have dll-interface to be used by clients of 'StoryboardManager::AutoMovieTheme' [C:\Users\mcmco\Desktop\WMMR\build\src\MovieMakerCore\MovieMakerCore.vcxproj]
  (compiling source file '../../../src/MovieMakerCore/StoryboardManager/Serialization/BoundPropertyDictionary.cpp')
      C:\Program Files (x86)\Microsoft Visual Studio\2022\BuildTools\VC\Tools\MSVC\14.44.35207\atlmfc\include\cstringt.h(999,7):
      see declaration of 'ATL::CStringT<wchar_t,ATL::StrTraitATL<wchar_t,ATL::ChTraitsCRT<wchar_t>>>'
  
C:\Users\mcmco\Desktop\WMMR\src\MovieMakerCore\StoryboardManager\Templates.h(213,33): warning C4251: 'StoryboardManager::AutoMovieTheme::m_arrEffects': 'ATL::CAtlArray<StoryboardManager::ThemeEffect,ATL::CElementTraits<E>>' needs to have dll-interface to be used by clients of 'StoryboardManager::AutoMovieTheme' [C:\Users\mcmco\Desktop\WMMR\build\src\MovieMakerCore\MovieMakerCore.vcxproj]
C:\Users\mcmco\Desktop\WMMR\src\MovieMakerCore\StoryboardManager\Templates.h(213,33): warning C4251:         with [C:\Users\mcmco\Desktop\WMMR\build\src\MovieMakerCore\MovieMakerCore.vcxproj]
C:\Users\mcmco\Desktop\WMMR\src\MovieMakerCore\StoryboardManager\Templates.h(213,33): warning C4251:         [ [C:\Users\mcmco\Desktop\WMMR\build\src\MovieMakerCore\MovieMakerCore.vcxproj]
C:\Users\mcmco\Desktop\WMMR\src\MovieMakerCore\StoryboardManager\Templates.h(213,33): warning C4251:             E=StoryboardManager::ThemeEffect [C:\Users\mcmco\Desktop\WMMR\build\src\MovieMakerCore\MovieMakerCore.vcxproj]
C:\Users\mcmco\Desktop\WMMR\src\MovieMakerCore\StoryboardManager\Templates.h(213,33): warning C4251:         ] [C:\Users\mcmco\Desktop\WMMR\build\src\MovieMakerCore\MovieMakerCore.vcxproj]
  (compiling source file '../../../src/MovieMakerCore/StoryboardManager/Serialization/BoundPropertyDictionary.cpp')
      C:\Program Files (x86)\Microsoft Visual Studio\2022\BuildTools\VC\Tools\MSVC\14.44.35207\atlmfc\include\atlcoll.h(530,7):
      see declaration of 'ATL::CAtlArray<StoryboardManager::ThemeEffect,ATL::CElementTraits<E>>'
          with
          [
              E=StoryboardManager::ThemeEffect
          ]
  
C:\Users\mcmco\Desktop\WMMR\src\MovieMakerCore\StoryboardManager\Templates.h(273,25): warning C4251: 'StoryboardManager::TemplateEntry::m_strName': 'ATL::CStringT<wchar_t,ATL::StrTraitATL<wchar_t,ATL::ChTraitsCRT<wchar_t>>>' needs to have dll-interface to be used by clients of 'StoryboardManager::TemplateEntry' [C:\Users\mcmco\Desktop\WMMR\build\src\MovieMakerCore\MovieMakerCore.vcxproj]
  (compiling source file '../../../src/MovieMakerCore/StoryboardManager/Serialization/BoundPropertyDictionary.cpp')
      C:\Program Files (x86)\Microsoft Visual Studio\2022\BuildTools\VC\Tools\MSVC\14.44.35207\atlmfc\include\cstringt.h(999,7):
      see declaration of 'ATL::CStringT<wchar_t,ATL::StrTraitATL<wchar_t,ATL::ChTraitsCRT<wchar_t>>>'
  
C:\Users\mcmco\Desktop\WMMR\src\MovieMakerCore\StoryboardManager\Templates.h(274,25): warning C4251: 'StoryboardManager::TemplateEntry::m_strDisplayName': 'ATL::CStringT<wchar_t,ATL::StrTraitATL<wchar_t,ATL::ChTraitsCRT<wchar_t>>>' needs to have dll-interface to be used by clients of 'StoryboardManager::TemplateEntry' [C:\Users\mcmco\Desktop\WMMR\build\src\MovieMakerCore\MovieMakerCore.vcxproj]
  (compiling source file '../../../src/MovieMakerCore/StoryboardManager/Serialization/BoundPropertyDictionary.cpp')
      C:\Program Files (x86)\Microsoft Visual Studio\2022\BuildTools\VC\Tools\MSVC\14.44.35207\atlmfc\include\cstringt.h(999,7):
      see declaration of 'ATL::CStringT<wchar_t,ATL::StrTraitATL<wchar_t,ATL::ChTraitsCRT<wchar_t>>>'
  
C:\Users\mcmco\Desktop\WMMR\src\MovieMakerCore\StoryboardManager\Templates.h(275,25): warning C4251: 'StoryboardManager::TemplateEntry::m_strDescription': 'ATL::CStringT<wchar_t,ATL::StrTraitATL<wchar_t,ATL::ChTraitsCRT<wchar_t>>>' needs to have dll-interface to be used by clients of 'StoryboardManager::TemplateEntry' [C:\Users\mcmco\Desktop\WMMR\build\src\MovieMakerCore\MovieMakerCore.vcxproj]
  (compiling source file '../../../src/MovieMakerCore/StoryboardManager/Serialization/BoundPropertyDictionary.cpp')
      C:\Program Files (x86)\Microsoft Visual Studio\2022\BuildTools\VC\Tools\MSVC\14.44.35207\atlmfc\include\cstringt.h(999,7):
      see declaration of 'ATL::CStringT<wchar_t,ATL::StrTraitATL<wchar_t,ATL::ChTraitsCRT<wchar_t>>>'
  
C:\Users\mcmco\Desktop\WMMR\src\MovieMakerCore\StoryboardManager\Templates.h(276,25): warning C4251: 'StoryboardManager::TemplateEntry::m_strThumbnailPath': 'ATL::CStringT<wchar_t,ATL::StrTraitATL<wchar_t,ATL::ChTraitsCRT<wchar_t>>>' needs to have dll-interface to be used by clients of 'StoryboardManager::TemplateEntry' [C:\Users\mcmco\Desktop\WMMR\build\src\MovieMakerCore\MovieMakerCore.vcxproj]
  (compiling source file '../../../src/MovieMakerCore/StoryboardManager/Serialization/BoundPropertyDictionary.cpp')
      C:\Program Files (x86)\Microsoft Visual Studio\2022\BuildTools\VC\Tools\MSVC\14.44.35207\atlmfc\include\cstringt.h(999,7):
      see declaration of 'ATL::CStringT<wchar_t,ATL::StrTraitATL<wchar_t,ATL::ChTraitsCRT<wchar_t>>>'
  
C:\Users\mcmco\Desktop\WMMR\src\MovieMakerCore\StoryboardManager\Templates.h(343,37): warning C4251: 'StoryboardManager::TemplateTable::m_arrTemplates': 'ATL::CAtlArray<StoryboardManager::TemplateEntry *,ATL::CElementTraits<E>>' needs to have dll-interface to be used by clients of 'StoryboardManager::TemplateTable' [C:\Users\mcmco\Desktop\WMMR\build\src\MovieMakerCore\MovieMakerCore.vcxproj]
C:\Users\mcmco\Desktop\WMMR\src\MovieMakerCore\StoryboardManager\Templates.h(343,37): warning C4251:         with [C:\Users\mcmco\Desktop\WMMR\build\src\MovieMakerCore\MovieMakerCore.vcxproj]
C:\Users\mcmco\Desktop\WMMR\src\MovieMakerCore\StoryboardManager\Templates.h(343,37): warning C4251:         [ [C:\Users\mcmco\Desktop\WMMR\build\src\MovieMakerCore\MovieMakerCore.vcxproj]
C:\Users\mcmco\Desktop\WMMR\src\MovieMakerCore\StoryboardManager\Templates.h(343,37): warning C4251:             E=StoryboardManager::TemplateEntry * [C:\Users\mcmco\Desktop\WMMR\build\src\MovieMakerCore\MovieMakerCore.vcxproj]
C:\Users\mcmco\Desktop\WMMR\src\MovieMakerCore\StoryboardManager\Templates.h(343,37): warning C4251:         ] [C:\Users\mcmco\Desktop\WMMR\build\src\MovieMakerCore\MovieMakerCore.vcxproj]
  (compiling source file '../../../src/MovieMakerCore/StoryboardManager/Serialization/BoundPropertyDictionary.cpp')
      C:\Program Files (x86)\Microsoft Visual Studio\2022\BuildTools\VC\Tools\MSVC\14.44.35207\atlmfc\include\atlcoll.h(530,7):
      see declaration of 'ATL::CAtlArray<StoryboardManager::TemplateEntry *,ATL::CElementTraits<E>>'
          with
          [
              E=StoryboardManager::TemplateEntry *
          ]
  
C:\Users\mcmco\Desktop\WMMR\src\MovieMakerCore\StoryboardManager\Templates.h(344,37): warning C4251: 'StoryboardManager::TemplateTable::m_arrThemes': 'ATL::CAtlArray<StoryboardManager::AutoMovieTheme *,ATL::CElementTraits<E>>' needs to have dll-interface to be used by clients of 'StoryboardManager::TemplateTable' [C:\Users\mcmco\Desktop\WMMR\build\src\MovieMakerCore\MovieMakerCore.vcxproj]
C:\Users\mcmco\Desktop\WMMR\src\MovieMakerCore\StoryboardManager\Templates.h(344,37): warning C4251:         with [C:\Users\mcmco\Desktop\WMMR\build\src\MovieMakerCore\MovieMakerCore.vcxproj]
C:\Users\mcmco\Desktop\WMMR\src\MovieMakerCore\StoryboardManager\Templates.h(344,37): warning C4251:         [ [C:\Users\mcmco\Desktop\WMMR\build\src\MovieMakerCore\MovieMakerCore.vcxproj]
C:\Users\mcmco\Desktop\WMMR\src\MovieMakerCore\StoryboardManager\Templates.h(344,37): warning C4251:             E=StoryboardManager::AutoMovieTheme * [C:\Users\mcmco\Desktop\WMMR\build\src\MovieMakerCore\MovieMakerCore.vcxproj]
C:\Users\mcmco\Desktop\WMMR\src\MovieMakerCore\StoryboardManager\Templates.h(344,37): warning C4251:         ] [C:\Users\mcmco\Desktop\WMMR\build\src\MovieMakerCore\MovieMakerCore.vcxproj]
  (compiling source file '../../../src/MovieMakerCore/StoryboardManager/Serialization/BoundPropertyDictionary.cpp')
      C:\Program Files (x86)\Microsoft Visual Studio\2022\BuildTools\VC\Tools\MSVC\14.44.35207\atlmfc\include\atlcoll.h(530,7):
      see declaration of 'ATL::CAtlArray<StoryboardManager::AutoMovieTheme *,ATL::CElementTraits<E>>'
          with
          [
              E=StoryboardManager::AutoMovieTheme *
          ]
  
C:\Users\mcmco\Desktop\WMMR\src\MovieMakerCore\StoryboardManager\MovieProject.h(119,18): warning C4251: 'StoryboardManager::ProjectMediaItem::m_strSourcePath': 'ATL::CStringT<wchar_t,ATL::StrTraitATL<wchar_t,ATL::ChTraitsCRT<wchar_t>>>' needs to have dll-interface to be used by clients of 'StoryboardManager::ProjectMediaItem' [C:\Users\mcmco\Desktop\WMMR\build\src\MovieMakerCore\MovieMakerCore.vcxproj]
  (compiling source file '../../../src/MovieMakerCore/StoryboardManager/Serialization/BoundPropertyDictionary.cpp')
      C:\Program Files (x86)\Microsoft Visual Studio\2022\BuildTools\VC\Tools\MSVC\14.44.35207\atlmfc\include\cstringt.h(999,7):
      see declaration of 'ATL::CStringT<wchar_t,ATL::StrTraitATL<wchar_t,ATL::ChTraitsCRT<wchar_t>>>'
  
C:\Users\mcmco\Desktop\WMMR\src\MovieMakerCore\StoryboardManager\MovieProject.h(120,18): warning C4251: 'StoryboardManager::ProjectMediaItem::m_strThumbnailPath': 'ATL::CStringT<wchar_t,ATL::StrTraitATL<wchar_t,ATL::ChTraitsCRT<wchar_t>>>' needs to have dll-interface to be used by clients of 'StoryboardManager::ProjectMediaItem' [C:\Users\mcmco\Desktop\WMMR\build\src\MovieMakerCore\MovieMakerCore.vcxproj]
  (compiling source file '../../../src/MovieMakerCore/StoryboardManager/Serialization/BoundPropertyDictionary.cpp')
      C:\Program Files (x86)\Microsoft Visual Studio\2022\BuildTools\VC\Tools\MSVC\14.44.35207\atlmfc\include\cstringt.h(999,7):
      see declaration of 'ATL::CStringT<wchar_t,ATL::StrTraitATL<wchar_t,ATL::ChTraitsCRT<wchar_t>>>'
  
C:\Users\mcmco\Desktop\WMMR\src\MovieMakerCore\StoryboardManager\MovieProject.h(127,18): warning C4251: 'StoryboardManager::ProjectMediaItem::m_strTags': 'ATL::CStringT<wchar_t,ATL::StrTraitATL<wchar_t,ATL::ChTraitsCRT<wchar_t>>>' needs to have dll-interface to be used by clients of 'StoryboardManager::ProjectMediaItem' [C:\Users\mcmco\Desktop\WMMR\build\src\MovieMakerCore\MovieMakerCore.vcxproj]
  (compiling source file '../../../src/MovieMakerCore/StoryboardManager/Serialization/BoundPropertyDictionary.cpp')
      C:\Program Files (x86)\Microsoft Visual Studio\2022\BuildTools\VC\Tools\MSVC\14.44.35207\atlmfc\include\cstringt.h(999,7):
      see declaration of 'ATL::CStringT<wchar_t,ATL::StrTraitATL<wchar_t,ATL::ChTraitsCRT<wchar_t>>>'
  
C:\Users\mcmco\Desktop\WMMR\src\MovieMakerCore\StoryboardManager\MovieProject.h(130,18): warning C4251: 'StoryboardManager::ProjectMediaItem::m_strVideoCodec': 'ATL::CStringT<wchar_t,ATL::StrTraitATL<wchar_t,ATL::ChTraitsCRT<wchar_t>>>' needs to have dll-interface to be used by clients of 'StoryboardManager::ProjectMediaItem' [C:\Users\mcmco\Desktop\WMMR\build\src\MovieMakerCore\MovieMakerCore.vcxproj]
  (compiling source file '../../../src/MovieMakerCore/StoryboardManager/Serialization/BoundPropertyDictionary.cpp')
      C:\Program Files (x86)\Microsoft Visual Studio\2022\BuildTools\VC\Tools\MSVC\14.44.35207\atlmfc\include\cstringt.h(999,7):
      see declaration of 'ATL::CStringT<wchar_t,ATL::StrTraitATL<wchar_t,ATL::ChTraitsCRT<wchar_t>>>'
  
C:\Users\mcmco\Desktop\WMMR\src\MovieMakerCore\StoryboardManager\MovieProject.h(131,18): warning C4251: 'StoryboardManager::ProjectMediaItem::m_strAudioCodec': 'ATL::CStringT<wchar_t,ATL::StrTraitATL<wchar_t,ATL::ChTraitsCRT<wchar_t>>>' needs to have dll-interface to be used by clients of 'StoryboardManager::ProjectMediaItem' [C:\Users\mcmco\Desktop\WMMR\build\src\MovieMakerCore\MovieMakerCore.vcxproj]
  (compiling source file '../../../src/MovieMakerCore/StoryboardManager/Serialization/BoundPropertyDictionary.cpp')
      C:\Program Files (x86)\Microsoft Visual Studio\2022\BuildTools\VC\Tools\MSVC\14.44.35207\atlmfc\include\cstringt.h(999,7):
      see declaration of 'ATL::CStringT<wchar_t,ATL::StrTraitATL<wchar_t,ATL::ChTraitsCRT<wchar_t>>>'
  
C:\Users\mcmco\Desktop\WMMR\src\MovieMakerCore\StoryboardManager\MovieProject.h(176,29): warning C4251: 'StoryboardManager::ProjectTimeline::m_arrExtentIds': 'ATL::CAtlArray<DWORD,ATL::CElementTraits<unsigned long>>' needs to have dll-interface to be used by clients of 'StoryboardManager::ProjectTimeline' [C:\Users\mcmco\Desktop\WMMR\build\src\MovieMakerCore\MovieMakerCore.vcxproj]
  (compiling source file '../../../src/MovieMakerCore/StoryboardManager/Serialization/BoundPropertyDictionary.cpp')
      C:\Program Files (x86)\Microsoft Visual Studio\2022\BuildTools\VC\Tools\MSVC\14.44.35207\atlmfc\include\atlcoll.h(530,7):
      see declaration of 'ATL::CAtlArray<DWORD,ATL::CElementTraits<unsigned long>>'
  
C:\Users\mcmco\Desktop\WMMR\src\MovieMakerCore\StoryboardManager\MovieProject.h(248,18): warning C4251: 'StoryboardManager::MovieProjectSettings::m_strProjectName': 'ATL::CStringT<wchar_t,ATL::StrTraitATL<wchar_t,ATL::ChTraitsCRT<wchar_t>>>' needs to have dll-interface to be used by clients of 'StoryboardManager::MovieProjectSettings' [C:\Users\mcmco\Desktop\WMMR\build\src\MovieMakerCore\MovieMakerCore.vcxproj]
  (compiling source file '../../../src/MovieMakerCore/StoryboardManager/Serialization/BoundPropertyDictionary.cpp')
      C:\Program Files (x86)\Microsoft Visual Studio\2022\BuildTools\VC\Tools\MSVC\14.44.35207\atlmfc\include\cstringt.h(999,7):
      see declaration of 'ATL::CStringT<wchar_t,ATL::StrTraitATL<wchar_t,ATL::ChTraitsCRT<wchar_t>>>'
  
C:\Users\mcmco\Desktop\WMMR\src\MovieMakerCore\StoryboardManager\MovieProject.h(249,18): warning C4251: 'StoryboardManager::MovieProjectSettings::m_strAuthor': 'ATL::CStringT<wchar_t,ATL::StrTraitATL<wchar_t,ATL::ChTraitsCRT<wchar_t>>>' needs to have dll-interface to be used by clients of 'StoryboardManager::MovieProjectSettings' [C:\Users\mcmco\Desktop\WMMR\build\src\MovieMakerCore\MovieMakerCore.vcxproj]
  (compiling source file '../../../src/MovieMakerCore/StoryboardManager/Serialization/BoundPropertyDictionary.cpp')
      C:\Program Files (x86)\Microsoft Visual Studio\2022\BuildTools\VC\Tools\MSVC\14.44.35207\atlmfc\include\cstringt.h(999,7):
      see declaration of 'ATL::CStringT<wchar_t,ATL::StrTraitATL<wchar_t,ATL::ChTraitsCRT<wchar_t>>>'
  
C:\Users\mcmco\Desktop\WMMR\src\MovieMakerCore\StoryboardManager\MovieProject.h(390,25): warning C4251: 'StoryboardManager::MovieProject::m_strProjectPath': 'ATL::CStringT<wchar_t,ATL::StrTraitATL<wchar_t,ATL::ChTraitsCRT<wchar_t>>>' needs to have dll-interface to be used by clients of 'StoryboardManager::MovieProject' [C:\Users\mcmco\Desktop\WMMR\build\src\MovieMakerCore\MovieMakerCore.vcxproj]
  (compiling source file '../../../src/MovieMakerCore/StoryboardManager/Serialization/BoundPropertyDictionary.cpp')
      C:\Program Files (x86)\Microsoft Visual Studio\2022\BuildTools\VC\Tools\MSVC\14.44.35207\atlmfc\include\cstringt.h(999,7):
      see declaration of 'ATL::CStringT<wchar_t,ATL::StrTraitATL<wchar_t,ATL::ChTraitsCRT<wchar_t>>>'
  
C:\Users\mcmco\Desktop\WMMR\src\MovieMakerCore\StoryboardManager\MovieProject.h(394,40): warning C4251: 'StoryboardManager::MovieProject::m_arrMediaItems': 'ATL::CAtlArray<StoryboardManager::ProjectMediaItem,ATL::CElementTraits<E>>' needs to have dll-interface to be used by clients of 'StoryboardManager::MovieProject' [C:\Users\mcmco\Desktop\WMMR\build\src\MovieMakerCore\MovieMakerCore.vcxproj]
C:\Users\mcmco\Desktop\WMMR\src\MovieMakerCore\StoryboardManager\MovieProject.h(394,40): warning C4251:         with [C:\Users\mcmco\Desktop\WMMR\build\src\MovieMakerCore\MovieMakerCore.vcxproj]
C:\Users\mcmco\Desktop\WMMR\src\MovieMakerCore\StoryboardManager\MovieProject.h(394,40): warning C4251:         [ [C:\Users\mcmco\Desktop\WMMR\build\src\MovieMakerCore\MovieMakerCore.vcxproj]
C:\Users\mcmco\Desktop\WMMR\src\MovieMakerCore\StoryboardManager\MovieProject.h(394,40): warning C4251:             E=StoryboardManager::ProjectMediaItem [C:\Users\mcmco\Desktop\WMMR\build\src\MovieMakerCore\MovieMakerCore.vcxproj]
C:\Users\mcmco\Desktop\WMMR\src\MovieMakerCore\StoryboardManager\MovieProject.h(394,40): warning C4251:         ] [C:\Users\mcmco\Desktop\WMMR\build\src\MovieMakerCore\MovieMakerCore.vcxproj]
  (compiling source file '../../../src/MovieMakerCore/StoryboardManager/Serialization/BoundPropertyDictionary.cpp')
      C:\Program Files (x86)\Microsoft Visual Studio\2022\BuildTools\VC\Tools\MSVC\14.44.35207\atlmfc\include\atlcoll.h(530,7):
      see declaration of 'ATL::CAtlArray<StoryboardManager::ProjectMediaItem,ATL::CElementTraits<E>>'
          with
          [
              E=StoryboardManager::ProjectMediaItem
          ]
  
C:\Users\mcmco\Desktop\WMMR\src\MovieMakerCore\StoryboardManager\MovieProject.h(404,32): warning C4251: 'StoryboardManager::MovieProject::m_arrUndoStack': 'ATL::CAtlArray<StoryboardManager::MovieProject::UndoEntry *,ATL::CElementTraits<E>>' needs to have dll-interface to be used by clients of 'StoryboardManager::MovieProject' [C:\Users\mcmco\Desktop\WMMR\build\src\MovieMakerCore\MovieMakerCore.vcxproj]
C:\Users\mcmco\Desktop\WMMR\src\MovieMakerCore\StoryboardManager\MovieProject.h(404,32): warning C4251:         with [C:\Users\mcmco\Desktop\WMMR\build\src\MovieMakerCore\MovieMakerCore.vcxproj]
C:\Users\mcmco\Desktop\WMMR\src\MovieMakerCore\StoryboardManager\MovieProject.h(404,32): warning C4251:         [ [C:\Users\mcmco\Desktop\WMMR\build\src\MovieMakerCore\MovieMakerCore.vcxproj]
C:\Users\mcmco\Desktop\WMMR\src\MovieMakerCore\StoryboardManager\MovieProject.h(404,32): warning C4251:             E=StoryboardManager::MovieProject::UndoEntry * [C:\Users\mcmco\Desktop\WMMR\build\src\MovieMakerCore\MovieMakerCore.vcxproj]
C:\Users\mcmco\Desktop\WMMR\src\MovieMakerCore\StoryboardManager\MovieProject.h(404,32): warning C4251:         ] [C:\Users\mcmco\Desktop\WMMR\build\src\MovieMakerCore\MovieMakerCore.vcxproj]
  (compiling source file '../../../src/MovieMakerCore/StoryboardManager/Serialization/BoundPropertyDictionary.cpp')
      C:\Program Files (x86)\Microsoft Visual Studio\2022\BuildTools\VC\Tools\MSVC\14.44.35207\atlmfc\include\atlcoll.h(530,7):
      see declaration of 'ATL::CAtlArray<StoryboardManager::MovieProject::UndoEntry *,ATL::CElementTraits<E>>'
          with
          [
              E=StoryboardManager::MovieProject::UndoEntry *
          ]
  
C:\Users\mcmco\Desktop\WMMR\src\MovieMakerCore\StoryboardManager\Serialization\ValueVariantRef.h(91,18): warning C4251: 'StoryboardManager::ValueVariantRef::m_strValue': 'ATL::CStringT<wchar_t,ATL::StrTraitATL<wchar_t,ATL::ChTraitsCRT<wchar_t>>>' needs to have dll-interface to be used by clients of 'StoryboardManager::ValueVariantRef' [C:\Users\mcmco\Desktop\WMMR\build\src\MovieMakerCore\MovieMakerCore.vcxproj]
  (compiling source file '../../../src/MovieMakerCore/StoryboardManager/Serialization/BoundPropertyDictionary.cpp')
      C:\Program Files (x86)\Microsoft Visual Studio\2022\BuildTools\VC\Tools\MSVC\14.44.35207\atlmfc\include\cstringt.h(999,7):
      see declaration of 'ATL::CStringT<wchar_t,ATL::StrTraitATL<wchar_t,ATL::ChTraitsCRT<wchar_t>>>'
  
C:\Users\mcmco\Desktop\WMMR\src\MovieMakerCore\StoryboardManager\Serialization\ValueVariantRef.h(92,18): warning C4251: 'StoryboardManager::ValueVariantRef::m_strOwnerElement': 'ATL::CStringT<wchar_t,ATL::StrTraitATL<wchar_t,ATL::ChTraitsCRT<wchar_t>>>' needs to have dll-interface to be used by clients of 'StoryboardManager::ValueVariantRef' [C:\Users\mcmco\Desktop\WMMR\build\src\MovieMakerCore\MovieMakerCore.vcxproj]
  (compiling source file '../../../src/MovieMakerCore/StoryboardManager/Serialization/BoundPropertyDictionary.cpp')
      C:\Program Files (x86)\Microsoft Visual Studio\2022\BuildTools\VC\Tools\MSVC\14.44.35207\atlmfc\include\cstringt.h(999,7):
      see declaration of 'ATL::CStringT<wchar_t,ATL::StrTraitATL<wchar_t,ATL::ChTraitsCRT<wchar_t>>>'
  
C:\Users\mcmco\Desktop\WMMR\src\MovieMakerCore\StoryboardManager\Serialization\ValueVariantRef.h(127,37): warning C4251: 'StoryboardManager::ValueVariantRefArray::m_arrVariants': 'ATL::CAtlArray<StoryboardManager::ValueVariantRef,ATL::CElementTraits<E>>' needs to have dll-interface to be used by clients of 'StoryboardManager::ValueVariantRefArray' [C:\Users\mcmco\Desktop\WMMR\build\src\MovieMakerCore\MovieMakerCore.vcxproj]
C:\Users\mcmco\Desktop\WMMR\src\MovieMakerCore\StoryboardManager\Serialization\ValueVariantRef.h(127,37): warning C4251:         with [C:\Users\mcmco\Desktop\WMMR\build\src\MovieMakerCore\MovieMakerCore.vcxproj]
C:\Users\mcmco\Desktop\WMMR\src\MovieMakerCore\StoryboardManager\Serialization\ValueVariantRef.h(127,37): warning C4251:         [ [C:\Users\mcmco\Desktop\WMMR\build\src\MovieMakerCore\MovieMakerCore.vcxproj]
C:\Users\mcmco\Desktop\WMMR\src\MovieMakerCore\StoryboardManager\Serialization\ValueVariantRef.h(127,37): warning C4251:             E=StoryboardManager::ValueVariantRef [C:\Users\mcmco\Desktop\WMMR\build\src\MovieMakerCore\MovieMakerCore.vcxproj]
C:\Users\mcmco\Desktop\WMMR\src\MovieMakerCore\StoryboardManager\Serialization\ValueVariantRef.h(127,37): warning C4251:         ] [C:\Users\mcmco\Desktop\WMMR\build\src\MovieMakerCore\MovieMakerCore.vcxproj]
  (compiling source file '../../../src/MovieMakerCore/StoryboardManager/Serialization/BoundPropertyDictionary.cpp')
      C:\Program Files (x86)\Microsoft Visual Studio\2022\BuildTools\VC\Tools\MSVC\14.44.35207\atlmfc\include\atlcoll.h(530,7):
      see declaration of 'ATL::CAtlArray<StoryboardManager::ValueVariantRef,ATL::CElementTraits<E>>'
          with
          [
              E=StoryboardManager::ValueVariantRef
          ]
  
C:\Users\mcmco\Desktop\WMMR\src\MovieMakerCore\StoryboardManager\Serialization\BoundPropertyDictionary.h(89,35): warning C4251: 'StoryboardManager::BoundPropertyDictionary::m_arrProperties': 'ATL::CAtlArray<StoryboardManager::BoundPropertyDictionary::PropertyEntry,ATL::CElementTraits<E>>' needs to have dll-interface to be used by clients of 'StoryboardManager::BoundPropertyDictionary' [C:\Users\mcmco\Desktop\WMMR\build\src\MovieMakerCore\MovieMakerCore.vcxproj]
C:\Users\mcmco\Desktop\WMMR\src\MovieMakerCore\StoryboardManager\Serialization\BoundPropertyDictionary.h(89,35): warning C4251:         with [C:\Users\mcmco\Desktop\WMMR\build\src\MovieMakerCore\MovieMakerCore.vcxproj]
C:\Users\mcmco\Desktop\WMMR\src\MovieMakerCore\StoryboardManager\Serialization\BoundPropertyDictionary.h(89,35): warning C4251:         [ [C:\Users\mcmco\Desktop\WMMR\build\src\MovieMakerCore\MovieMakerCore.vcxproj]
C:\Users\mcmco\Desktop\WMMR\src\MovieMakerCore\StoryboardManager\Serialization\BoundPropertyDictionary.h(89,35): warning C4251:             E=StoryboardManager::BoundPropertyDictionary::PropertyEntry [C:\Users\mcmco\Desktop\WMMR\build\src\MovieMakerCore\MovieMakerCore.vcxproj]
C:\Users\mcmco\Desktop\WMMR\src\MovieMakerCore\StoryboardManager\Serialization\BoundPropertyDictionary.h(89,35): warning C4251:         ] [C:\Users\mcmco\Desktop\WMMR\build\src\MovieMakerCore\MovieMakerCore.vcxproj]
  (compiling source file '../../../src/MovieMakerCore/StoryboardManager/Serialization/BoundPropertyDictionary.cpp')
      C:\Program Files (x86)\Microsoft Visual Studio\2022\BuildTools\VC\Tools\MSVC\14.44.35207\atlmfc\include\atlcoll.h(530,7):
      see declaration of 'ATL::CAtlArray<StoryboardManager::BoundPropertyDictionary::PropertyEntry,ATL::CElementTraits<E>>'
          with
          [
              E=StoryboardManager::BoundPropertyDictionary::PropertyEntry
          ]
  
C:\Users\mcmco\Desktop\WMMR\src\MovieMakerCore\StoryboardManager\Serialization\BoundPropertyDictionary.cpp(32,22): error C2248: 'ATL::CAtlArray<StoryboardManager::BoundPropertyDictionary::PropertyEntry,ATL::CElementTraits<E>>::CAtlArray': cannot access private member declared in class 'ATL::CAtlArray<StoryboardManager::BoundPropertyDictionary::PropertyEntry,ATL::CElementTraits<E>>' [C:\Users\mcmco\Desktop\WMMR\build\src\MovieMakerCore\MovieMakerCore.vcxproj]
C:\Users\mcmco\Desktop\WMMR\src\MovieMakerCore\StoryboardManager\Serialization\BoundPropertyDictionary.cpp(32,22): error C2248:         with [C:\Users\mcmco\Desktop\WMMR\build\src\MovieMakerCore\MovieMakerCore.vcxproj]
C:\Users\mcmco\Desktop\WMMR\src\MovieMakerCore\StoryboardManager\Serialization\BoundPropertyDictionary.cpp(32,22): error C2248:         [ [C:\Users\mcmco\Desktop\WMMR\build\src\MovieMakerCore\MovieMakerCore.vcxproj]
C:\Users\mcmco\Desktop\WMMR\src\MovieMakerCore\StoryboardManager\Serialization\BoundPropertyDictionary.cpp(32,22): error C2248:             E=StoryboardManager::BoundPropertyDictionary::PropertyEntry [C:\Users\mcmco\Desktop\WMMR\build\src\MovieMakerCore\MovieMakerCore.vcxproj]
C:\Users\mcmco\Desktop\WMMR\src\MovieMakerCore\StoryboardManager\Serialization\BoundPropertyDictionary.cpp(32,22): error C2248:         ] [C:\Users\mcmco\Desktop\WMMR\build\src\MovieMakerCore\MovieMakerCore.vcxproj]
      C:\Program Files (x86)\Microsoft Visual Studio\2022\BuildTools\VC\Tools\MSVC\14.44.35207\atlmfc\include\atlcoll.h(606,2):
      see declaration of 'ATL::CAtlArray<StoryboardManager::BoundPropertyDictionary::PropertyEntry,ATL::CElementTraits<E>>::CAtlArray'
          with
          [
              E=StoryboardManager::BoundPropertyDictionary::PropertyEntry
          ]
      C:\Program Files (x86)\Microsoft Visual Studio\2022\BuildTools\VC\Tools\MSVC\14.44.35207\atlmfc\include\atlcoll.h(530,7):
      see declaration of 'ATL::CAtlArray<StoryboardManager::BoundPropertyDictionary::PropertyEntry,ATL::CElementTraits<E>>'
          with
          [
              E=StoryboardManager::BoundPropertyDictionary::PropertyEntry
          ]
  
C:\Users\mcmco\Desktop\WMMR\src\MovieMakerCore\StoryboardManager\Serialization\BoundPropertyDictionary.cpp(247,23): error C2660: 'IXmlWriter::WriteEndElement': function does not take 1 arguments [C:\Users\mcmco\Desktop\WMMR\build\src\MovieMakerCore\MovieMakerCore.vcxproj]
      C:\Program Files (x86)\Windows Kits\10\Include\10.0.26100.0\um\xmllite.h(900,43):
      see declaration of 'IXmlWriter::WriteEndElement'
      C:\Users\mcmco\Desktop\WMMR\src\MovieMakerCore\StoryboardManager\Serialization\BoundPropertyDictionary.cpp(247,23):
      while trying to match the argument list '(nullptr)'
  
C:\Users\mcmco\Desktop\WMMR\src\WLXPhotoBase\BaseTypes.h(536,18): warning C4251: 'Base::File::m_strPath': 'ATL::CStringT<wchar_t,ATL::StrTraitATL<wchar_t,ATL::ChTraitsCRT<wchar_t>>>' needs to have dll-interface to be used by clients of 'Base::File' [C:\Users\mcmco\Desktop\WMMR\build\src\MovieMakerCore\MovieMakerCore.vcxproj]
  (compiling source file '../../../src/MovieMakerCore/StoryboardManager/Serialization/TextProperty.cpp')
      C:\Program Files (x86)\Microsoft Visual Studio\2022\BuildTools\VC\Tools\MSVC\14.44.35207\atlmfc\include\cstringt.h(999,7):
      see declaration of 'ATL::CStringT<wchar_t,ATL::StrTraitATL<wchar_t,ATL::ChTraitsCRT<wchar_t>>>'
  
C:\Users\mcmco\Desktop\WMMR\src\WLXPhotoBase\BaseTypes.h(568,18): warning C4251: 'Base::TempFile::m_strPath': 'ATL::CStringT<wchar_t,ATL::StrTraitATL<wchar_t,ATL::ChTraitsCRT<wchar_t>>>' needs to have dll-interface to be used by clients of 'Base::TempFile' [C:\Users\mcmco\Desktop\WMMR\build\src\MovieMakerCore\MovieMakerCore.vcxproj]
  (compiling source file '../../../src/MovieMakerCore/StoryboardManager/Serialization/TextProperty.cpp')
      C:\Program Files (x86)\Microsoft Visual Studio\2022\BuildTools\VC\Tools\MSVC\14.44.35207\atlmfc\include\cstringt.h(999,7):
      see declaration of 'ATL::CStringT<wchar_t,ATL::StrTraitATL<wchar_t,ATL::ChTraitsCRT<wchar_t>>>'
  
C:\Users\mcmco\Desktop\WMMR\src\WLXPhotoBase\BaseTypes.h(661,21): warning C4251: 'Base::FindFile::m_strDirectory': 'ATL::CStringT<wchar_t,ATL::StrTraitATL<wchar_t,ATL::ChTraitsCRT<wchar_t>>>' needs to have dll-interface to be used by clients of 'Base::FindFile' [C:\Users\mcmco\Desktop\WMMR\build\src\MovieMakerCore\MovieMakerCore.vcxproj]
  (compiling source file '../../../src/MovieMakerCore/StoryboardManager/Serialization/TextProperty.cpp')
      C:\Program Files (x86)\Microsoft Visual Studio\2022\BuildTools\VC\Tools\MSVC\14.44.35207\atlmfc\include\cstringt.h(999,7):
      see declaration of 'ATL::CStringT<wchar_t,ATL::StrTraitATL<wchar_t,ATL::ChTraitsCRT<wchar_t>>>'
  
C:\Users\mcmco\Desktop\WMMR\src\WLXPhotoBase\BaseTypes.h(724,25): warning C4251: 'Base::IntSet::m_values': 'ATL::CAtlArray<int,ATL::CElementTraits<int>>' needs to have dll-interface to be used by clients of 'Base::IntSet' [C:\Users\mcmco\Desktop\WMMR\build\src\MovieMakerCore\MovieMakerCore.vcxproj]
  (compiling source file '../../../src/MovieMakerCore/StoryboardManager/Serialization/TextProperty.cpp')
      C:\Program Files (x86)\Microsoft Visual Studio\2022\BuildTools\VC\Tools\MSVC\14.44.35207\atlmfc\include\atlcoll.h(530,7):
      see declaration of 'ATL::CAtlArray<int,ATL::CElementTraits<int>>'
  
C:\Users\mcmco\Desktop\WMMR\src\MovieMakerCore\StoryboardManager\StoryboardManagerExceptions.h(56,18): warning C4251: 'StoryboardManager::StoryboardManagerException::m_strMessage': 'ATL::CStringT<wchar_t,ATL::StrTraitATL<wchar_t,ATL::ChTraitsCRT<wchar_t>>>' needs to have dll-interface to be used by clients of 'StoryboardManager::StoryboardManagerException' [C:\Users\mcmco\Desktop\WMMR\build\src\MovieMakerCore\MovieMakerCore.vcxproj]
  (compiling source file '../../../src/MovieMakerCore/StoryboardManager/Serialization/TextProperty.cpp')
      C:\Program Files (x86)\Microsoft Visual Studio\2022\BuildTools\VC\Tools\MSVC\14.44.35207\atlmfc\include\cstringt.h(999,7):
      see declaration of 'ATL::CStringT<wchar_t,ATL::StrTraitATL<wchar_t,ATL::ChTraitsCRT<wchar_t>>>'
  
C:\Users\mcmco\Desktop\WMMR\src\MovieMakerCore\StoryboardManager\StoryboardManagerExceptions.h(86,18): warning C4251: 'StoryboardManager::TemplateInitializationException::m_strTemplateName': 'ATL::CStringT<wchar_t,ATL::StrTraitATL<wchar_t,ATL::ChTraitsCRT<wchar_t>>>' needs to have dll-interface to be used by clients of 'StoryboardManager::TemplateInitializationException' [C:\Users\mcmco\Desktop\WMMR\build\src\MovieMakerCore\MovieMakerCore.vcxproj]
  (compiling source file '../../../src/MovieMakerCore/StoryboardManager/Serialization/TextProperty.cpp')
      C:\Program Files (x86)\Microsoft Visual Studio\2022\BuildTools\VC\Tools\MSVC\14.44.35207\atlmfc\include\cstringt.h(999,7):
      see declaration of 'ATL::CStringT<wchar_t,ATL::StrTraitATL<wchar_t,ATL::ChTraitsCRT<wchar_t>>>'
  
C:\Users\mcmco\Desktop\WMMR\src\MovieMakerCore\StoryboardManager\StoryboardManagerExceptions.h(119,18): warning C4251: 'StoryboardManager::ScriptInitializationException::m_strScriptPath': 'ATL::CStringT<wchar_t,ATL::StrTraitATL<wchar_t,ATL::ChTraitsCRT<wchar_t>>>' needs to have dll-interface to be used by clients of 'StoryboardManager::ScriptInitializationException' [C:\Users\mcmco\Desktop\WMMR\build\src\MovieMakerCore\MovieMakerCore.vcxproj]
  (compiling source file '../../../src/MovieMakerCore/StoryboardManager/Serialization/TextProperty.cpp')
      C:\Program Files (x86)\Microsoft Visual Studio\2022\BuildTools\VC\Tools\MSVC\14.44.35207\atlmfc\include\cstringt.h(999,7):
      see declaration of 'ATL::CStringT<wchar_t,ATL::StrTraitATL<wchar_t,ATL::ChTraitsCRT<wchar_t>>>'
  
C:\Users\mcmco\Desktop\WMMR\src\MovieMakerCore\StoryboardManager\StoryboardManagerExceptions.h(120,18): warning C4251: 'StoryboardManager::ScriptInitializationException::m_strScriptEngineId': 'ATL::CStringT<wchar_t,ATL::StrTraitATL<wchar_t,ATL::ChTraitsCRT<wchar_t>>>' needs to have dll-interface to be used by clients of 'StoryboardManager::ScriptInitializationException' [C:\Users\mcmco\Desktop\WMMR\build\src\MovieMakerCore\MovieMakerCore.vcxproj]
  (compiling source file '../../../src/MovieMakerCore/StoryboardManager/Serialization/TextProperty.cpp')
      C:\Program Files (x86)\Microsoft Visual Studio\2022\BuildTools\VC\Tools\MSVC\14.44.35207\atlmfc\include\cstringt.h(999,7):
      see declaration of 'ATL::CStringT<wchar_t,ATL::StrTraitATL<wchar_t,ATL::ChTraitsCRT<wchar_t>>>'
  
C:\Users\mcmco\Desktop\WMMR\src\MovieMakerCore\StoryboardManager\StoryboardManagerExceptions.h(156,18): warning C4251: 'StoryboardManager::EncodeInitializationException::m_strOutputFormat': 'ATL::CStringT<wchar_t,ATL::StrTraitATL<wchar_t,ATL::ChTraitsCRT<wchar_t>>>' needs to have dll-interface to be used by clients of 'StoryboardManager::EncodeInitializationException' [C:\Users\mcmco\Desktop\WMMR\build\src\MovieMakerCore\MovieMakerCore.vcxproj]
  (compiling source file '../../../src/MovieMakerCore/StoryboardManager/Serialization/TextProperty.cpp')
      C:\Program Files (x86)\Microsoft Visual Studio\2022\BuildTools\VC\Tools\MSVC\14.44.35207\atlmfc\include\cstringt.h(999,7):
      see declaration of 'ATL::CStringT<wchar_t,ATL::StrTraitATL<wchar_t,ATL::ChTraitsCRT<wchar_t>>>'
  
C:\Users\mcmco\Desktop\WMMR\src\MovieMakerCore\StoryboardManager\StoryboardManagerExceptions.h(157,18): warning C4251: 'StoryboardManager::EncodeInitializationException::m_strCodecName': 'ATL::CStringT<wchar_t,ATL::StrTraitATL<wchar_t,ATL::ChTraitsCRT<wchar_t>>>' needs to have dll-interface to be used by clients of 'StoryboardManager::EncodeInitializationException' [C:\Users\mcmco\Desktop\WMMR\build\src\MovieMakerCore\MovieMakerCore.vcxproj]
  (compiling source file '../../../src/MovieMakerCore/StoryboardManager/Serialization/TextProperty.cpp')
      C:\Program Files (x86)\Microsoft Visual Studio\2022\BuildTools\VC\Tools\MSVC\14.44.35207\atlmfc\include\cstringt.h(999,7):
      see declaration of 'ATL::CStringT<wchar_t,ATL::StrTraitATL<wchar_t,ATL::ChTraitsCRT<wchar_t>>>'
  
C:\Users\mcmco\Desktop\WMMR\src\MovieMakerCore\StoryboardManager\TimelineTrack.h(99,25): warning C4251: 'StoryboardManager::TimelineTrack::m_strDisplayName': 'ATL::CStringT<wchar_t,ATL::StrTraitATL<wchar_t,ATL::ChTraitsCRT<wchar_t>>>' needs to have dll-interface to be used by clients of 'StoryboardManager::TimelineTrack' [C:\Users\mcmco\Desktop\WMMR\build\src\MovieMakerCore\MovieMakerCore.vcxproj]
  (compiling source file '../../../src/MovieMakerCore/StoryboardManager/Serialization/TextProperty.cpp')
      C:\Program Files (x86)\Microsoft Visual Studio\2022\BuildTools\VC\Tools\MSVC\14.44.35207\atlmfc\include\cstringt.h(999,7):
      see declaration of 'ATL::CStringT<wchar_t,ATL::StrTraitATL<wchar_t,ATL::ChTraitsCRT<wchar_t>>>'
  
C:\Users\mcmco\Desktop\WMMR\src\MovieMakerCore\StoryboardManager\TimelineTrack.h(106,25): error C2079: 'StoryboardManager::TimelineTrack::m_timeline' uses undefined class 'StoryboardManager::ProjectTimeline' [C:\Users\mcmco\Desktop\WMMR\build\src\MovieMakerCore\MovieMakerCore.vcxproj]
  (compiling source file '../../../src/MovieMakerCore/StoryboardManager/Serialization/TextProperty.cpp')
  
  CommandBin.cpp
C:\Users\mcmco\Desktop\WMMR\src\MovieMakerCore\StoryboardManager\TimelineTrack.h(151,36): warning C4251: 'StoryboardManager::TimelineTrackManager::m_arrTracks': 'ATL::CAtlArray<StoryboardManager::TimelineTrack *,ATL::CElementTraits<E>>' needs to have dll-interface to be used by clients of 'StoryboardManager::TimelineTrackManager' [C:\Users\mcmco\Desktop\WMMR\build\src\MovieMakerCore\MovieMakerCore.vcxproj]
C:\Users\mcmco\Desktop\WMMR\src\MovieMakerCore\StoryboardManager\TimelineTrack.h(151,36): warning C4251:         with [C:\Users\mcmco\Desktop\WMMR\build\src\MovieMakerCore\MovieMakerCore.vcxproj]
C:\Users\mcmco\Desktop\WMMR\src\MovieMakerCore\StoryboardManager\TimelineTrack.h(151,36): warning C4251:         [ [C:\Users\mcmco\Desktop\WMMR\build\src\MovieMakerCore\MovieMakerCore.vcxproj]
C:\Users\mcmco\Desktop\WMMR\src\MovieMakerCore\StoryboardManager\TimelineTrack.h(151,36): warning C4251:             E=StoryboardManager::TimelineTrack * [C:\Users\mcmco\Desktop\WMMR\build\src\MovieMakerCore\MovieMakerCore.vcxproj]
C:\Users\mcmco\Desktop\WMMR\src\MovieMakerCore\StoryboardManager\TimelineTrack.h(151,36): warning C4251:         ] [C:\Users\mcmco\Desktop\WMMR\build\src\MovieMakerCore\MovieMakerCore.vcxproj]
  (compiling source file '../../../src/MovieMakerCore/StoryboardManager/Serialization/TextProperty.cpp')
      C:\Program Files (x86)\Microsoft Visual Studio\2022\BuildTools\VC\Tools\MSVC\14.44.35207\atlmfc\include\atlcoll.h(530,7):
      see declaration of 'ATL::CAtlArray<StoryboardManager::TimelineTrack *,ATL::CElementTraits<E>>'
          with
          [
              E=StoryboardManager::TimelineTrack *
          ]
  
C:\Users\mcmco\Desktop\WMMR\src\MovieMakerCore\StoryboardManager\MovieExtent.h(151,25): warning C4251: 'StoryboardManager::MovieExtent::m_strTitleText': 'ATL::CStringT<wchar_t,ATL::StrTraitATL<wchar_t,ATL::ChTraitsCRT<wchar_t>>>' needs to have dll-interface to be used by clients of 'StoryboardManager::MovieExtent' [C:\Users\mcmco\Desktop\WMMR\build\src\MovieMakerCore\MovieMakerCore.vcxproj]
  (compiling source file '../../../src/MovieMakerCore/StoryboardManager/Serialization/TextProperty.cpp')
      C:\Program Files (x86)\Microsoft Visual Studio\2022\BuildTools\VC\Tools\MSVC\14.44.35207\atlmfc\include\cstringt.h(999,7):
      see declaration of 'ATL::CStringT<wchar_t,ATL::StrTraitATL<wchar_t,ATL::ChTraitsCRT<wchar_t>>>'
  
C:\Users\mcmco\Desktop\WMMR\src\MovieMakerCore\StoryboardManager\MovieExtent.h(152,25): warning C4251: 'StoryboardManager::MovieExtent::m_strTitleFontFamily': 'ATL::CStringT<wchar_t,ATL::StrTraitATL<wchar_t,ATL::ChTraitsCRT<wchar_t>>>' needs to have dll-interface to be used by clients of 'StoryboardManager::MovieExtent' [C:\Users\mcmco\Desktop\WMMR\build\src\MovieMakerCore\MovieMakerCore.vcxproj]
  (compiling source file '../../../src/MovieMakerCore/StoryboardManager/Serialization/TextProperty.cpp')
      C:\Program Files (x86)\Microsoft Visual Studio\2022\BuildTools\VC\Tools\MSVC\14.44.35207\atlmfc\include\cstringt.h(999,7):
      see declaration of 'ATL::CStringT<wchar_t,ATL::StrTraitATL<wchar_t,ATL::ChTraitsCRT<wchar_t>>>'
  
C:\Users\mcmco\Desktop\WMMR\src\MovieMakerCore\StoryboardManager\Extents.h(104,37): warning C4251: 'StoryboardManager::ExtentCollection::m_arrExtents': 'ATL::CAtlArray<StoryboardManager::MovieExtent *,ATL::CElementTraits<E>>' needs to have dll-interface to be used by clients of 'StoryboardManager::ExtentCollection' [C:\Users\mcmco\Desktop\WMMR\build\src\MovieMakerCore\MovieMakerCore.vcxproj]
C:\Users\mcmco\Desktop\WMMR\src\MovieMakerCore\StoryboardManager\Extents.h(104,37): warning C4251:         with [C:\Users\mcmco\Desktop\WMMR\build\src\MovieMakerCore\MovieMakerCore.vcxproj]
C:\Users\mcmco\Desktop\WMMR\src\MovieMakerCore\StoryboardManager\Extents.h(104,37): warning C4251:         [ [C:\Users\mcmco\Desktop\WMMR\build\src\MovieMakerCore\MovieMakerCore.vcxproj]
C:\Users\mcmco\Desktop\WMMR\src\MovieMakerCore\StoryboardManager\Extents.h(104,37): warning C4251:             E=StoryboardManager::MovieExtent * [C:\Users\mcmco\Desktop\WMMR\build\src\MovieMakerCore\MovieMakerCore.vcxproj]
C:\Users\mcmco\Desktop\WMMR\src\MovieMakerCore\StoryboardManager\Extents.h(104,37): warning C4251:         ] [C:\Users\mcmco\Desktop\WMMR\build\src\MovieMakerCore\MovieMakerCore.vcxproj]
  (compiling source file '../../../src/MovieMakerCore/StoryboardManager/Serialization/TextProperty.cpp')
      C:\Program Files (x86)\Microsoft Visual Studio\2022\BuildTools\VC\Tools\MSVC\14.44.35207\atlmfc\include\atlcoll.h(530,7):
      see declaration of 'ATL::CAtlArray<StoryboardManager::MovieExtent *,ATL::CElementTraits<E>>'
          with
          [
              E=StoryboardManager::MovieExtent *
          ]
  
C:\Users\mcmco\Desktop\WMMR\src\MovieMakerCore\StoryboardManager\Extents.h(158,27): warning C4251: 'StoryboardManager::ExtentIdSet::m_arrIds': 'ATL::CAtlArray<DWORD,ATL::CElementTraits<unsigned long>>' needs to have dll-interface to be used by clients of 'StoryboardManager::ExtentIdSet' [C:\Users\mcmco\Desktop\WMMR\build\src\MovieMakerCore\MovieMakerCore.vcxproj]
  (compiling source file '../../../src/MovieMakerCore/StoryboardManager/Serialization/TextProperty.cpp')
      C:\Program Files (x86)\Microsoft Visual Studio\2022\BuildTools\VC\Tools\MSVC\14.44.35207\atlmfc\include\atlcoll.h(530,7):
      see declaration of 'ATL::CAtlArray<DWORD,ATL::CElementTraits<unsigned long>>'
  
C:\Users\mcmco\Desktop\WMMR\src\MovieMakerCore\StoryboardManager\Templates.h(127,25): warning C4251: 'StoryboardManager::ThemeEffect::m_strX3dClipName': 'ATL::CStringT<wchar_t,ATL::StrTraitATL<wchar_t,ATL::ChTraitsCRT<wchar_t>>>' needs to have dll-interface to be used by clients of 'StoryboardManager::ThemeEffect' [C:\Users\mcmco\Desktop\WMMR\build\src\MovieMakerCore\MovieMakerCore.vcxproj]
  (compiling source file '../../../src/MovieMakerCore/StoryboardManager/Serialization/TextProperty.cpp')
      C:\Program Files (x86)\Microsoft Visual Studio\2022\BuildTools\VC\Tools\MSVC\14.44.35207\atlmfc\include\cstringt.h(999,7):
      see declaration of 'ATL::CStringT<wchar_t,ATL::StrTraitATL<wchar_t,ATL::ChTraitsCRT<wchar_t>>>'
  
C:\Users\mcmco\Desktop\WMMR\src\MovieMakerCore\StoryboardManager\Templates.h(135,31): warning C4251: 'StoryboardManager::ThemeEffect::m_arrParameters': 'ATL::CAtlArray<StoryboardManager::ThemeEffect::Parameter,ATL::CElementTraits<E>>' needs to have dll-interface to be used by clients of 'StoryboardManager::ThemeEffect' [C:\Users\mcmco\Desktop\WMMR\build\src\MovieMakerCore\MovieMakerCore.vcxproj]
C:\Users\mcmco\Desktop\WMMR\src\MovieMakerCore\StoryboardManager\Templates.h(135,31): warning C4251:         with [C:\Users\mcmco\Desktop\WMMR\build\src\MovieMakerCore\MovieMakerCore.vcxproj]
C:\Users\mcmco\Desktop\WMMR\src\MovieMakerCore\StoryboardManager\Templates.h(135,31): warning C4251:         [ [C:\Users\mcmco\Desktop\WMMR\build\src\MovieMakerCore\MovieMakerCore.vcxproj]
C:\Users\mcmco\Desktop\WMMR\src\MovieMakerCore\StoryboardManager\Templates.h(135,31): warning C4251:             E=StoryboardManager::ThemeEffect::Parameter [C:\Users\mcmco\Desktop\WMMR\build\src\MovieMakerCore\MovieMakerCore.vcxproj]
C:\Users\mcmco\Desktop\WMMR\src\MovieMakerCore\StoryboardManager\Templates.h(135,31): warning C4251:         ] [C:\Users\mcmco\Desktop\WMMR\build\src\MovieMakerCore\MovieMakerCore.vcxproj]
  (compiling source file '../../../src/MovieMakerCore/StoryboardManager/Serialization/TextProperty.cpp')
      C:\Program Files (x86)\Microsoft Visual Studio\2022\BuildTools\VC\Tools\MSVC\14.44.35207\atlmfc\include\atlcoll.h(530,7):
      see declaration of 'ATL::CAtlArray<StoryboardManager::ThemeEffect::Parameter,ATL::CElementTraits<E>>'
          with
          [
              E=StoryboardManager::ThemeEffect::Parameter
          ]
  
C:\Users\mcmco\Desktop\WMMR\src\MovieMakerCore\StoryboardManager\Templates.h(206,21): warning C4251: 'StoryboardManager::AutoMovieTheme::m_strName': 'ATL::CStringT<wchar_t,ATL::StrTraitATL<wchar_t,ATL::ChTraitsCRT<wchar_t>>>' needs to have dll-interface to be used by clients of 'StoryboardManager::AutoMovieTheme' [C:\Users\mcmco\Desktop\WMMR\build\src\MovieMakerCore\MovieMakerCore.vcxproj]
  (compiling source file '../../../src/MovieMakerCore/StoryboardManager/Serialization/TextProperty.cpp')
      C:\Program Files (x86)\Microsoft Visual Studio\2022\BuildTools\VC\Tools\MSVC\14.44.35207\atlmfc\include\cstringt.h(999,7):
      see declaration of 'ATL::CStringT<wchar_t,ATL::StrTraitATL<wchar_t,ATL::ChTraitsCRT<wchar_t>>>'
  
C:\Users\mcmco\Desktop\WMMR\src\MovieMakerCore\StoryboardManager\Templates.h(207,21): warning C4251: 'StoryboardManager::AutoMovieTheme::m_strDisplayName': 'ATL::CStringT<wchar_t,ATL::StrTraitATL<wchar_t,ATL::ChTraitsCRT<wchar_t>>>' needs to have dll-interface to be used by clients of 'StoryboardManager::AutoMovieTheme' [C:\Users\mcmco\Desktop\WMMR\build\src\MovieMakerCore\MovieMakerCore.vcxproj]
  (compiling source file '../../../src/MovieMakerCore/StoryboardManager/Serialization/TextProperty.cpp')
      C:\Program Files (x86)\Microsoft Visual Studio\2022\BuildTools\VC\Tools\MSVC\14.44.35207\atlmfc\include\cstringt.h(999,7):
      see declaration of 'ATL::CStringT<wchar_t,ATL::StrTraitATL<wchar_t,ATL::ChTraitsCRT<wchar_t>>>'
  
C:\Users\mcmco\Desktop\WMMR\src\MovieMakerCore\StoryboardManager\Templates.h(208,21): warning C4251: 'StoryboardManager::AutoMovieTheme::m_strDescription': 'ATL::CStringT<wchar_t,ATL::StrTraitATL<wchar_t,ATL::ChTraitsCRT<wchar_t>>>' needs to have dll-interface to be used by clients of 'StoryboardManager::AutoMovieTheme' [C:\Users\mcmco\Desktop\WMMR\build\src\MovieMakerCore\MovieMakerCore.vcxproj]
  (compiling source file '../../../src/MovieMakerCore/StoryboardManager/Serialization/TextProperty.cpp')
      C:\Program Files (x86)\Microsoft Visual Studio\2022\BuildTools\VC\Tools\MSVC\14.44.35207\atlmfc\include\cstringt.h(999,7):
      see declaration of 'ATL::CStringT<wchar_t,ATL::StrTraitATL<wchar_t,ATL::ChTraitsCRT<wchar_t>>>'
  
C:\Users\mcmco\Desktop\WMMR\src\MovieMakerCore\StoryboardManager\Templates.h(209,21): warning C4251: 'StoryboardManager::AutoMovieTheme::m_strThumbnailPath': 'ATL::CStringT<wchar_t,ATL::StrTraitATL<wchar_t,ATL::ChTraitsCRT<wchar_t>>>' needs to have dll-interface to be used by clients of 'StoryboardManager::AutoMovieTheme' [C:\Users\mcmco\Desktop\WMMR\build\src\MovieMakerCore\MovieMakerCore.vcxproj]
  (compiling source file '../../../src/MovieMakerCore/StoryboardManager/Serialization/TextProperty.cpp')
      C:\Program Files (x86)\Microsoft Visual Studio\2022\BuildTools\VC\Tools\MSVC\14.44.35207\atlmfc\include\cstringt.h(999,7):
      see declaration of 'ATL::CStringT<wchar_t,ATL::StrTraitATL<wchar_t,ATL::ChTraitsCRT<wchar_t>>>'
  
C:\Users\mcmco\Desktop\WMMR\src\MovieMakerCore\StoryboardManager\Templates.h(210,21): warning C4251: 'StoryboardManager::AutoMovieTheme::m_strCategory': 'ATL::CStringT<wchar_t,ATL::StrTraitATL<wchar_t,ATL::ChTraitsCRT<wchar_t>>>' needs to have dll-interface to be used by clients of 'StoryboardManager::AutoMovieTheme' [C:\Users\mcmco\Desktop\WMMR\build\src\MovieMakerCore\MovieMakerCore.vcxproj]
  (compiling source file '../../../src/MovieMakerCore/StoryboardManager/Serialization/TextProperty.cpp')
      C:\Program Files (x86)\Microsoft Visual Studio\2022\BuildTools\VC\Tools\MSVC\14.44.35207\atlmfc\include\cstringt.h(999,7):
      see declaration of 'ATL::CStringT<wchar_t,ATL::StrTraitATL<wchar_t,ATL::ChTraitsCRT<wchar_t>>>'
  
C:\Users\mcmco\Desktop\WMMR\src\MovieMakerCore\StoryboardManager\Templates.h(211,21): warning C4251: 'StoryboardManager::AutoMovieTheme::m_strTitleFontFamily': 'ATL::CStringT<wchar_t,ATL::StrTraitATL<wchar_t,ATL::ChTraitsCRT<wchar_t>>>' needs to have dll-interface to be used by clients of 'StoryboardManager::AutoMovieTheme' [C:\Users\mcmco\Desktop\WMMR\build\src\MovieMakerCore\MovieMakerCore.vcxproj]
  (compiling source file '../../../src/MovieMakerCore/StoryboardManager/Serialization/TextProperty.cpp')
      C:\Program Files (x86)\Microsoft Visual Studio\2022\BuildTools\VC\Tools\MSVC\14.44.35207\atlmfc\include\cstringt.h(999,7):
      see declaration of 'ATL::CStringT<wchar_t,ATL::StrTraitATL<wchar_t,ATL::ChTraitsCRT<wchar_t>>>'
  
C:\Users\mcmco\Desktop\WMMR\src\MovieMakerCore\StoryboardManager\Templates.h(213,33): warning C4251: 'StoryboardManager::AutoMovieTheme::m_arrEffects': 'ATL::CAtlArray<StoryboardManager::ThemeEffect,ATL::CElementTraits<E>>' needs to have dll-interface to be used by clients of 'StoryboardManager::AutoMovieTheme' [C:\Users\mcmco\Desktop\WMMR\build\src\MovieMakerCore\MovieMakerCore.vcxproj]
C:\Users\mcmco\Desktop\WMMR\src\MovieMakerCore\StoryboardManager\Templates.h(213,33): warning C4251:         with [C:\Users\mcmco\Desktop\WMMR\build\src\MovieMakerCore\MovieMakerCore.vcxproj]
C:\Users\mcmco\Desktop\WMMR\src\MovieMakerCore\StoryboardManager\Templates.h(213,33): warning C4251:         [ [C:\Users\mcmco\Desktop\WMMR\build\src\MovieMakerCore\MovieMakerCore.vcxproj]
C:\Users\mcmco\Desktop\WMMR\src\MovieMakerCore\StoryboardManager\Templates.h(213,33): warning C4251:             E=StoryboardManager::ThemeEffect [C:\Users\mcmco\Desktop\WMMR\build\src\MovieMakerCore\MovieMakerCore.vcxproj]
C:\Users\mcmco\Desktop\WMMR\src\MovieMakerCore\StoryboardManager\Templates.h(213,33): warning C4251:         ] [C:\Users\mcmco\Desktop\WMMR\build\src\MovieMakerCore\MovieMakerCore.vcxproj]
  (compiling source file '../../../src/MovieMakerCore/StoryboardManager/Serialization/TextProperty.cpp')
      C:\Program Files (x86)\Microsoft Visual Studio\2022\BuildTools\VC\Tools\MSVC\14.44.35207\atlmfc\include\atlcoll.h(530,7):
      see declaration of 'ATL::CAtlArray<StoryboardManager::ThemeEffect,ATL::CElementTraits<E>>'
          with
          [
              E=StoryboardManager::ThemeEffect
          ]
  
C:\Users\mcmco\Desktop\WMMR\src\MovieMakerCore\StoryboardManager\Templates.h(273,25): warning C4251: 'StoryboardManager::TemplateEntry::m_strName': 'ATL::CStringT<wchar_t,ATL::StrTraitATL<wchar_t,ATL::ChTraitsCRT<wchar_t>>>' needs to have dll-interface to be used by clients of 'StoryboardManager::TemplateEntry' [C:\Users\mcmco\Desktop\WMMR\build\src\MovieMakerCore\MovieMakerCore.vcxproj]
  (compiling source file '../../../src/MovieMakerCore/StoryboardManager/Serialization/TextProperty.cpp')
      C:\Program Files (x86)\Microsoft Visual Studio\2022\BuildTools\VC\Tools\MSVC\14.44.35207\atlmfc\include\cstringt.h(999,7):
      see declaration of 'ATL::CStringT<wchar_t,ATL::StrTraitATL<wchar_t,ATL::ChTraitsCRT<wchar_t>>>'
  
C:\Users\mcmco\Desktop\WMMR\src\MovieMakerCore\StoryboardManager\Templates.h(274,25): warning C4251: 'StoryboardManager::TemplateEntry::m_strDisplayName': 'ATL::CStringT<wchar_t,ATL::StrTraitATL<wchar_t,ATL::ChTraitsCRT<wchar_t>>>' needs to have dll-interface to be used by clients of 'StoryboardManager::TemplateEntry' [C:\Users\mcmco\Desktop\WMMR\build\src\MovieMakerCore\MovieMakerCore.vcxproj]
  (compiling source file '../../../src/MovieMakerCore/StoryboardManager/Serialization/TextProperty.cpp')
      C:\Program Files (x86)\Microsoft Visual Studio\2022\BuildTools\VC\Tools\MSVC\14.44.35207\atlmfc\include\cstringt.h(999,7):
      see declaration of 'ATL::CStringT<wchar_t,ATL::StrTraitATL<wchar_t,ATL::ChTraitsCRT<wchar_t>>>'
  
C:\Users\mcmco\Desktop\WMMR\src\MovieMakerCore\StoryboardManager\Templates.h(275,25): warning C4251: 'StoryboardManager::TemplateEntry::m_strDescription': 'ATL::CStringT<wchar_t,ATL::StrTraitATL<wchar_t,ATL::ChTraitsCRT<wchar_t>>>' needs to have dll-interface to be used by clients of 'StoryboardManager::TemplateEntry' [C:\Users\mcmco\Desktop\WMMR\build\src\MovieMakerCore\MovieMakerCore.vcxproj]
  (compiling source file '../../../src/MovieMakerCore/StoryboardManager/Serialization/TextProperty.cpp')
      C:\Program Files (x86)\Microsoft Visual Studio\2022\BuildTools\VC\Tools\MSVC\14.44.35207\atlmfc\include\cstringt.h(999,7):
      see declaration of 'ATL::CStringT<wchar_t,ATL::StrTraitATL<wchar_t,ATL::ChTraitsCRT<wchar_t>>>'
  
C:\Users\mcmco\Desktop\WMMR\src\MovieMakerCore\StoryboardManager\Templates.h(276,25): warning C4251: 'StoryboardManager::TemplateEntry::m_strThumbnailPath': 'ATL::CStringT<wchar_t,ATL::StrTraitATL<wchar_t,ATL::ChTraitsCRT<wchar_t>>>' needs to have dll-interface to be used by clients of 'StoryboardManager::TemplateEntry' [C:\Users\mcmco\Desktop\WMMR\build\src\MovieMakerCore\MovieMakerCore.vcxproj]
  (compiling source file '../../../src/MovieMakerCore/StoryboardManager/Serialization/TextProperty.cpp')
      C:\Program Files (x86)\Microsoft Visual Studio\2022\BuildTools\VC\Tools\MSVC\14.44.35207\atlmfc\include\cstringt.h(999,7):
      see declaration of 'ATL::CStringT<wchar_t,ATL::StrTraitATL<wchar_t,ATL::ChTraitsCRT<wchar_t>>>'
  
C:\Users\mcmco\Desktop\WMMR\src\MovieMakerCore\StoryboardManager\Templates.h(343,37): warning C4251: 'StoryboardManager::TemplateTable::m_arrTemplates': 'ATL::CAtlArray<StoryboardManager::TemplateEntry *,ATL::CElementTraits<E>>' needs to have dll-interface to be used by clients of 'StoryboardManager::TemplateTable' [C:\Users\mcmco\Desktop\WMMR\build\src\MovieMakerCore\MovieMakerCore.vcxproj]
C:\Users\mcmco\Desktop\WMMR\src\MovieMakerCore\StoryboardManager\Templates.h(343,37): warning C4251:         with [C:\Users\mcmco\Desktop\WMMR\build\src\MovieMakerCore\MovieMakerCore.vcxproj]
C:\Users\mcmco\Desktop\WMMR\src\MovieMakerCore\StoryboardManager\Templates.h(343,37): warning C4251:         [ [C:\Users\mcmco\Desktop\WMMR\build\src\MovieMakerCore\MovieMakerCore.vcxproj]
C:\Users\mcmco\Desktop\WMMR\src\MovieMakerCore\StoryboardManager\Templates.h(343,37): warning C4251:             E=StoryboardManager::TemplateEntry * [C:\Users\mcmco\Desktop\WMMR\build\src\MovieMakerCore\MovieMakerCore.vcxproj]
C:\Users\mcmco\Desktop\WMMR\src\MovieMakerCore\StoryboardManager\Templates.h(343,37): warning C4251:         ] [C:\Users\mcmco\Desktop\WMMR\build\src\MovieMakerCore\MovieMakerCore.vcxproj]
  (compiling source file '../../../src/MovieMakerCore/StoryboardManager/Serialization/TextProperty.cpp')
      C:\Program Files (x86)\Microsoft Visual Studio\2022\BuildTools\VC\Tools\MSVC\14.44.35207\atlmfc\include\atlcoll.h(530,7):
      see declaration of 'ATL::CAtlArray<StoryboardManager::TemplateEntry *,ATL::CElementTraits<E>>'
          with
          [
              E=StoryboardManager::TemplateEntry *
          ]
  
C:\Users\mcmco\Desktop\WMMR\src\MovieMakerCore\StoryboardManager\Templates.h(344,37): warning C4251: 'StoryboardManager::TemplateTable::m_arrThemes': 'ATL::CAtlArray<StoryboardManager::AutoMovieTheme *,ATL::CElementTraits<E>>' needs to have dll-interface to be used by clients of 'StoryboardManager::TemplateTable' [C:\Users\mcmco\Desktop\WMMR\build\src\MovieMakerCore\MovieMakerCore.vcxproj]
C:\Users\mcmco\Desktop\WMMR\src\MovieMakerCore\StoryboardManager\Templates.h(344,37): warning C4251:         with [C:\Users\mcmco\Desktop\WMMR\build\src\MovieMakerCore\MovieMakerCore.vcxproj]
C:\Users\mcmco\Desktop\WMMR\src\MovieMakerCore\StoryboardManager\Templates.h(344,37): warning C4251:         [ [C:\Users\mcmco\Desktop\WMMR\build\src\MovieMakerCore\MovieMakerCore.vcxproj]
C:\Users\mcmco\Desktop\WMMR\src\MovieMakerCore\StoryboardManager\Templates.h(344,37): warning C4251:             E=StoryboardManager::AutoMovieTheme * [C:\Users\mcmco\Desktop\WMMR\build\src\MovieMakerCore\MovieMakerCore.vcxproj]
C:\Users\mcmco\Desktop\WMMR\src\MovieMakerCore\StoryboardManager\Templates.h(344,37): warning C4251:         ] [C:\Users\mcmco\Desktop\WMMR\build\src\MovieMakerCore\MovieMakerCore.vcxproj]
  (compiling source file '../../../src/MovieMakerCore/StoryboardManager/Serialization/TextProperty.cpp')
      C:\Program Files (x86)\Microsoft Visual Studio\2022\BuildTools\VC\Tools\MSVC\14.44.35207\atlmfc\include\atlcoll.h(530,7):
      see declaration of 'ATL::CAtlArray<StoryboardManager::AutoMovieTheme *,ATL::CElementTraits<E>>'
          with
          [
              E=StoryboardManager::AutoMovieTheme *
          ]
  
C:\Users\mcmco\Desktop\WMMR\src\MovieMakerCore\StoryboardManager\MovieProject.h(119,18): warning C4251: 'StoryboardManager::ProjectMediaItem::m_strSourcePath': 'ATL::CStringT<wchar_t,ATL::StrTraitATL<wchar_t,ATL::ChTraitsCRT<wchar_t>>>' needs to have dll-interface to be used by clients of 'StoryboardManager::ProjectMediaItem' [C:\Users\mcmco\Desktop\WMMR\build\src\MovieMakerCore\MovieMakerCore.vcxproj]
  (compiling source file '../../../src/MovieMakerCore/StoryboardManager/Serialization/TextProperty.cpp')
      C:\Program Files (x86)\Microsoft Visual Studio\2022\BuildTools\VC\Tools\MSVC\14.44.35207\atlmfc\include\cstringt.h(999,7):
      see declaration of 'ATL::CStringT<wchar_t,ATL::StrTraitATL<wchar_t,ATL::ChTraitsCRT<wchar_t>>>'
  
C:\Users\mcmco\Desktop\WMMR\src\MovieMakerCore\StoryboardManager\MovieProject.h(120,18): warning C4251: 'StoryboardManager::ProjectMediaItem::m_strThumbnailPath': 'ATL::CStringT<wchar_t,ATL::StrTraitATL<wchar_t,ATL::ChTraitsCRT<wchar_t>>>' needs to have dll-interface to be used by clients of 'StoryboardManager::ProjectMediaItem' [C:\Users\mcmco\Desktop\WMMR\build\src\MovieMakerCore\MovieMakerCore.vcxproj]
  (compiling source file '../../../src/MovieMakerCore/StoryboardManager/Serialization/TextProperty.cpp')
      C:\Program Files (x86)\Microsoft Visual Studio\2022\BuildTools\VC\Tools\MSVC\14.44.35207\atlmfc\include\cstringt.h(999,7):
      see declaration of 'ATL::CStringT<wchar_t,ATL::StrTraitATL<wchar_t,ATL::ChTraitsCRT<wchar_t>>>'
  
C:\Users\mcmco\Desktop\WMMR\src\MovieMakerCore\StoryboardManager\MovieProject.h(127,18): warning C4251: 'StoryboardManager::ProjectMediaItem::m_strTags': 'ATL::CStringT<wchar_t,ATL::StrTraitATL<wchar_t,ATL::ChTraitsCRT<wchar_t>>>' needs to have dll-interface to be used by clients of 'StoryboardManager::ProjectMediaItem' [C:\Users\mcmco\Desktop\WMMR\build\src\MovieMakerCore\MovieMakerCore.vcxproj]
  (compiling source file '../../../src/MovieMakerCore/StoryboardManager/Serialization/TextProperty.cpp')
      C:\Program Files (x86)\Microsoft Visual Studio\2022\BuildTools\VC\Tools\MSVC\14.44.35207\atlmfc\include\cstringt.h(999,7):
      see declaration of 'ATL::CStringT<wchar_t,ATL::StrTraitATL<wchar_t,ATL::ChTraitsCRT<wchar_t>>>'
  
C:\Users\mcmco\Desktop\WMMR\src\MovieMakerCore\StoryboardManager\MovieProject.h(130,18): warning C4251: 'StoryboardManager::ProjectMediaItem::m_strVideoCodec': 'ATL::CStringT<wchar_t,ATL::StrTraitATL<wchar_t,ATL::ChTraitsCRT<wchar_t>>>' needs to have dll-interface to be used by clients of 'StoryboardManager::ProjectMediaItem' [C:\Users\mcmco\Desktop\WMMR\build\src\MovieMakerCore\MovieMakerCore.vcxproj]
  (compiling source file '../../../src/MovieMakerCore/StoryboardManager/Serialization/TextProperty.cpp')
      C:\Program Files (x86)\Microsoft Visual Studio\2022\BuildTools\VC\Tools\MSVC\14.44.35207\atlmfc\include\cstringt.h(999,7):
      see declaration of 'ATL::CStringT<wchar_t,ATL::StrTraitATL<wchar_t,ATL::ChTraitsCRT<wchar_t>>>'
  
C:\Users\mcmco\Desktop\WMMR\src\MovieMakerCore\StoryboardManager\MovieProject.h(131,18): warning C4251: 'StoryboardManager::ProjectMediaItem::m_strAudioCodec': 'ATL::CStringT<wchar_t,ATL::StrTraitATL<wchar_t,ATL::ChTraitsCRT<wchar_t>>>' needs to have dll-interface to be used by clients of 'StoryboardManager::ProjectMediaItem' [C:\Users\mcmco\Desktop\WMMR\build\src\MovieMakerCore\MovieMakerCore.vcxproj]
  (compiling source file '../../../src/MovieMakerCore/StoryboardManager/Serialization/TextProperty.cpp')
      C:\Program Files (x86)\Microsoft Visual Studio\2022\BuildTools\VC\Tools\MSVC\14.44.35207\atlmfc\include\cstringt.h(999,7):
      see declaration of 'ATL::CStringT<wchar_t,ATL::StrTraitATL<wchar_t,ATL::ChTraitsCRT<wchar_t>>>'
  
C:\Users\mcmco\Desktop\WMMR\src\MovieMakerCore\StoryboardManager\MovieProject.h(176,29): warning C4251: 'StoryboardManager::ProjectTimeline::m_arrExtentIds': 'ATL::CAtlArray<DWORD,ATL::CElementTraits<unsigned long>>' needs to have dll-interface to be used by clients of 'StoryboardManager::ProjectTimeline' [C:\Users\mcmco\Desktop\WMMR\build\src\MovieMakerCore\MovieMakerCore.vcxproj]
  (compiling source file '../../../src/MovieMakerCore/StoryboardManager/Serialization/TextProperty.cpp')
      C:\Program Files (x86)\Microsoft Visual Studio\2022\BuildTools\VC\Tools\MSVC\14.44.35207\atlmfc\include\atlcoll.h(530,7):
      see declaration of 'ATL::CAtlArray<DWORD,ATL::CElementTraits<unsigned long>>'
  
C:\Users\mcmco\Desktop\WMMR\src\MovieMakerCore\StoryboardManager\MovieProject.h(248,18): warning C4251: 'StoryboardManager::MovieProjectSettings::m_strProjectName': 'ATL::CStringT<wchar_t,ATL::StrTraitATL<wchar_t,ATL::ChTraitsCRT<wchar_t>>>' needs to have dll-interface to be used by clients of 'StoryboardManager::MovieProjectSettings' [C:\Users\mcmco\Desktop\WMMR\build\src\MovieMakerCore\MovieMakerCore.vcxproj]
  (compiling source file '../../../src/MovieMakerCore/StoryboardManager/Serialization/TextProperty.cpp')
      C:\Program Files (x86)\Microsoft Visual Studio\2022\BuildTools\VC\Tools\MSVC\14.44.35207\atlmfc\include\cstringt.h(999,7):
      see declaration of 'ATL::CStringT<wchar_t,ATL::StrTraitATL<wchar_t,ATL::ChTraitsCRT<wchar_t>>>'
  
C:\Users\mcmco\Desktop\WMMR\src\MovieMakerCore\StoryboardManager\MovieProject.h(249,18): warning C4251: 'StoryboardManager::MovieProjectSettings::m_strAuthor': 'ATL::CStringT<wchar_t,ATL::StrTraitATL<wchar_t,ATL::ChTraitsCRT<wchar_t>>>' needs to have dll-interface to be used by clients of 'StoryboardManager::MovieProjectSettings' [C:\Users\mcmco\Desktop\WMMR\build\src\MovieMakerCore\MovieMakerCore.vcxproj]
  (compiling source file '../../../src/MovieMakerCore/StoryboardManager/Serialization/TextProperty.cpp')
      C:\Program Files (x86)\Microsoft Visual Studio\2022\BuildTools\VC\Tools\MSVC\14.44.35207\atlmfc\include\cstringt.h(999,7):
      see declaration of 'ATL::CStringT<wchar_t,ATL::StrTraitATL<wchar_t,ATL::ChTraitsCRT<wchar_t>>>'
  
C:\Users\mcmco\Desktop\WMMR\src\MovieMakerCore\StoryboardManager\MovieProject.h(390,25): warning C4251: 'StoryboardManager::MovieProject::m_strProjectPath': 'ATL::CStringT<wchar_t,ATL::StrTraitATL<wchar_t,ATL::ChTraitsCRT<wchar_t>>>' needs to have dll-interface to be used by clients of 'StoryboardManager::MovieProject' [C:\Users\mcmco\Desktop\WMMR\build\src\MovieMakerCore\MovieMakerCore.vcxproj]
  (compiling source file '../../../src/MovieMakerCore/StoryboardManager/Serialization/TextProperty.cpp')
      C:\Program Files (x86)\Microsoft Visual Studio\2022\BuildTools\VC\Tools\MSVC\14.44.35207\atlmfc\include\cstringt.h(999,7):
      see declaration of 'ATL::CStringT<wchar_t,ATL::StrTraitATL<wchar_t,ATL::ChTraitsCRT<wchar_t>>>'
  
C:\Users\mcmco\Desktop\WMMR\src\MovieMakerCore\StoryboardManager\MovieProject.h(394,40): warning C4251: 'StoryboardManager::MovieProject::m_arrMediaItems': 'ATL::CAtlArray<StoryboardManager::ProjectMediaItem,ATL::CElementTraits<E>>' needs to have dll-interface to be used by clients of 'StoryboardManager::MovieProject' [C:\Users\mcmco\Desktop\WMMR\build\src\MovieMakerCore\MovieMakerCore.vcxproj]
C:\Users\mcmco\Desktop\WMMR\src\MovieMakerCore\StoryboardManager\MovieProject.h(394,40): warning C4251:         with [C:\Users\mcmco\Desktop\WMMR\build\src\MovieMakerCore\MovieMakerCore.vcxproj]
C:\Users\mcmco\Desktop\WMMR\src\MovieMakerCore\StoryboardManager\MovieProject.h(394,40): warning C4251:         [ [C:\Users\mcmco\Desktop\WMMR\build\src\MovieMakerCore\MovieMakerCore.vcxproj]
C:\Users\mcmco\Desktop\WMMR\src\MovieMakerCore\StoryboardManager\MovieProject.h(394,40): warning C4251:             E=StoryboardManager::ProjectMediaItem [C:\Users\mcmco\Desktop\WMMR\build\src\MovieMakerCore\MovieMakerCore.vcxproj]
C:\Users\mcmco\Desktop\WMMR\src\MovieMakerCore\StoryboardManager\MovieProject.h(394,40): warning C4251:         ] [C:\Users\mcmco\Desktop\WMMR\build\src\MovieMakerCore\MovieMakerCore.vcxproj]
  (compiling source file '../../../src/MovieMakerCore/StoryboardManager/Serialization/TextProperty.cpp')
      C:\Program Files (x86)\Microsoft Visual Studio\2022\BuildTools\VC\Tools\MSVC\14.44.35207\atlmfc\include\atlcoll.h(530,7):
      see declaration of 'ATL::CAtlArray<StoryboardManager::ProjectMediaItem,ATL::CElementTraits<E>>'
          with
          [
              E=StoryboardManager::ProjectMediaItem
          ]
  
C:\Users\mcmco\Desktop\WMMR\src\MovieMakerCore\StoryboardManager\MovieProject.h(404,32): warning C4251: 'StoryboardManager::MovieProject::m_arrUndoStack': 'ATL::CAtlArray<StoryboardManager::MovieProject::UndoEntry *,ATL::CElementTraits<E>>' needs to have dll-interface to be used by clients of 'StoryboardManager::MovieProject' [C:\Users\mcmco\Desktop\WMMR\build\src\MovieMakerCore\MovieMakerCore.vcxproj]
C:\Users\mcmco\Desktop\WMMR\src\MovieMakerCore\StoryboardManager\MovieProject.h(404,32): warning C4251:         with [C:\Users\mcmco\Desktop\WMMR\build\src\MovieMakerCore\MovieMakerCore.vcxproj]
C:\Users\mcmco\Desktop\WMMR\src\MovieMakerCore\StoryboardManager\MovieProject.h(404,32): warning C4251:         [ [C:\Users\mcmco\Desktop\WMMR\build\src\MovieMakerCore\MovieMakerCore.vcxproj]
C:\Users\mcmco\Desktop\WMMR\src\MovieMakerCore\StoryboardManager\MovieProject.h(404,32): warning C4251:             E=StoryboardManager::MovieProject::UndoEntry * [C:\Users\mcmco\Desktop\WMMR\build\src\MovieMakerCore\MovieMakerCore.vcxproj]
C:\Users\mcmco\Desktop\WMMR\src\MovieMakerCore\StoryboardManager\MovieProject.h(404,32): warning C4251:         ] [C:\Users\mcmco\Desktop\WMMR\build\src\MovieMakerCore\MovieMakerCore.vcxproj]
  (compiling source file '../../../src/MovieMakerCore/StoryboardManager/Serialization/TextProperty.cpp')
      C:\Program Files (x86)\Microsoft Visual Studio\2022\BuildTools\VC\Tools\MSVC\14.44.35207\atlmfc\include\atlcoll.h(530,7):
      see declaration of 'ATL::CAtlArray<StoryboardManager::MovieProject::UndoEntry *,ATL::CElementTraits<E>>'
          with
          [
              E=StoryboardManager::MovieProject::UndoEntry *
          ]
  
C:\Users\mcmco\Desktop\WMMR\src\MovieMakerCore\StoryboardManager\Serialization\TextProperty.h(141,18): warning C4251: 'StoryboardManager::TextProperty::m_strFontFamily': 'ATL::CStringT<wchar_t,ATL::StrTraitATL<wchar_t,ATL::ChTraitsCRT<wchar_t>>>' needs to have dll-interface to be used by clients of 'StoryboardManager::TextProperty' [C:\Users\mcmco\Desktop\WMMR\build\src\MovieMakerCore\MovieMakerCore.vcxproj]
  (compiling source file '../../../src/MovieMakerCore/StoryboardManager/Serialization/TextProperty.cpp')
      C:\Program Files (x86)\Microsoft Visual Studio\2022\BuildTools\VC\Tools\MSVC\14.44.35207\atlmfc\include\cstringt.h(999,7):
      see declaration of 'ATL::CStringT<wchar_t,ATL::StrTraitATL<wchar_t,ATL::ChTraitsCRT<wchar_t>>>'
  
C:\Users\mcmco\Desktop\WMMR\src\MovieMakerCore\StoryboardManager\Serialization\TextProperty.h(192,34): warning C4251: 'StoryboardManager::TextPropertySet::m_arrProperties': 'ATL::CAtlArray<StoryboardManager::TextProperty,ATL::CElementTraits<E>>' needs to have dll-interface to be used by clients of 'StoryboardManager::TextPropertySet' [C:\Users\mcmco\Desktop\WMMR\build\src\MovieMakerCore\MovieMakerCore.vcxproj]
C:\Users\mcmco\Desktop\WMMR\src\MovieMakerCore\StoryboardManager\Serialization\TextProperty.h(192,34): warning C4251:         with [C:\Users\mcmco\Desktop\WMMR\build\src\MovieMakerCore\MovieMakerCore.vcxproj]
C:\Users\mcmco\Desktop\WMMR\src\MovieMakerCore\StoryboardManager\Serialization\TextProperty.h(192,34): warning C4251:         [ [C:\Users\mcmco\Desktop\WMMR\build\src\MovieMakerCore\MovieMakerCore.vcxproj]
C:\Users\mcmco\Desktop\WMMR\src\MovieMakerCore\StoryboardManager\Serialization\TextProperty.h(192,34): warning C4251:             E=StoryboardManager::TextProperty [C:\Users\mcmco\Desktop\WMMR\build\src\MovieMakerCore\MovieMakerCore.vcxproj]
C:\Users\mcmco\Desktop\WMMR\src\MovieMakerCore\StoryboardManager\Serialization\TextProperty.h(192,34): warning C4251:         ] [C:\Users\mcmco\Desktop\WMMR\build\src\MovieMakerCore\MovieMakerCore.vcxproj]
  (compiling source file '../../../src/MovieMakerCore/StoryboardManager/Serialization/TextProperty.cpp')
      C:\Program Files (x86)\Microsoft Visual Studio\2022\BuildTools\VC\Tools\MSVC\14.44.35207\atlmfc\include\atlcoll.h(530,7):
      see declaration of 'ATL::CAtlArray<StoryboardManager::TextProperty,ATL::CElementTraits<E>>'
          with
          [
              E=StoryboardManager::TextProperty
          ]
  
C:\Users\mcmco\Desktop\WMMR\src\MovieMakerCore\pch.h(21,9): warning C4005: 'WINVER': macro redefinition [C:\Users\mcmco\Desktop\WMMR\build\src\MovieMakerCore\MovieMakerCore.vcxproj]
  (compiling source file '../../../src/MovieMakerCore/StoryboardManager/Transport/CommandBin.cpp')
      C:\Users\mcmco\Desktop\WMMR\src\MovieMakerCore\pch.h(21,9):
      'WINVER' previously declared on the command line
  
C:\Users\mcmco\Desktop\WMMR\src\MovieMakerCore\pch.h(22,9): warning C4005: '_WIN32_WINNT': macro redefinition [C:\Users\mcmco\Desktop\WMMR\build\src\MovieMakerCore\MovieMakerCore.vcxproj]
  (compiling source file '../../../src/MovieMakerCore/StoryboardManager/Transport/CommandBin.cpp')
      C:\Users\mcmco\Desktop\WMMR\src\MovieMakerCore\pch.h(22,9):
      '_WIN32_WINNT' previously declared on the command line
  
C:\Users\mcmco\Desktop\WMMR\src\MovieMakerCore\pch.h(30,9): warning C4005: 'WIN32_LEAN_AND_MEAN': macro redefinition [C:\Users\mcmco\Desktop\WMMR\build\src\MovieMakerCore\MovieMakerCore.vcxproj]
  (compiling source file '../../../src/MovieMakerCore/StoryboardManager/Transport/CommandBin.cpp')
      C:\Users\mcmco\Desktop\WMMR\src\MovieMakerCore\pch.h(30,9):
      'WIN32_LEAN_AND_MEAN' previously declared on the command line
  
C:\Users\mcmco\Desktop\WMMR\src\MovieMakerCore\pch.h(31,9): warning C4005: 'NOMINMAX': macro redefinition [C:\Users\mcmco\Desktop\WMMR\build\src\MovieMakerCore\MovieMakerCore.vcxproj]
  (compiling source file '../../../src/MovieMakerCore/StoryboardManager/Transport/CommandBin.cpp')
      C:\Users\mcmco\Desktop\WMMR\src\MovieMakerCore\pch.h(31,9):
      'NOMINMAX' previously declared on the command line
  
C:\Users\mcmco\Desktop\WMMR\src\MovieMakerCore\pch.h(32,9): warning C4005: '_CRT_SECURE_NO_WARNINGS': macro redefinition [C:\Users\mcmco\Desktop\WMMR\build\src\MovieMakerCore\MovieMakerCore.vcxproj]
  (compiling source file '../../../src/MovieMakerCore/StoryboardManager/Transport/CommandBin.cpp')
      C:\Users\mcmco\Desktop\WMMR\src\MovieMakerCore\pch.h(32,9):
      '_CRT_SECURE_NO_WARNINGS' previously declared on the command line
  
C:\Users\mcmco\Desktop\WMMR\src\MovieMakerCore\pch.h(33,9): warning C4005: '_WINDLL': macro redefinition [C:\Users\mcmco\Desktop\WMMR\build\src\MovieMakerCore\MovieMakerCore.vcxproj]
  (compiling source file '../../../src/MovieMakerCore/StoryboardManager/Transport/CommandBin.cpp')
      C:\Users\mcmco\Desktop\WMMR\src\MovieMakerCore\pch.h(33,9):
      '_WINDLL' previously declared on the command line
  
C:\Users\mcmco\Desktop\WMMR\src\MovieMakerCore\pch.h(34,9): warning C4005: '_AFXDLL': macro redefinition [C:\Users\mcmco\Desktop\WMMR\build\src\MovieMakerCore\MovieMakerCore.vcxproj]
  (compiling source file '../../../src/MovieMakerCore/StoryboardManager/Transport/CommandBin.cpp')
      C:\Users\mcmco\Desktop\WMMR\src\MovieMakerCore\pch.h(34,9):
      '_AFXDLL' previously declared on the command line
  
C:\Users\mcmco\Desktop\WMMR\src\MovieMakerCore\pch.h(35,9): warning C4005: '_ATL_CSTRING_EXPLICIT_CONSTRUCTORS': macro redefinition [C:\Users\mcmco\Desktop\WMMR\build\src\MovieMakerCore\MovieMakerCore.vcxproj]
  (compiling source file '../../../src/MovieMakerCore/StoryboardManager/Transport/CommandBin.cpp')
      C:\Users\mcmco\Desktop\WMMR\src\MovieMakerCore\pch.h(35,9):
      '_ATL_CSTRING_EXPLICIT_CONSTRUCTORS' previously declared on the command line
  
C:\Users\mcmco\Desktop\WMMR\src\MovieMakerCore\pch.h(36,9): warning C4005: '_ATL_ALL_WARNINGS': macro redefinition [C:\Users\mcmco\Desktop\WMMR\build\src\MovieMakerCore\MovieMakerCore.vcxproj]
  (compiling source file '../../../src/MovieMakerCore/StoryboardManager/Transport/CommandBin.cpp')
      C:\Users\mcmco\Desktop\WMMR\src\MovieMakerCore\pch.h(36,9):
      '_ATL_ALL_WARNINGS' previously declared on the command line
  
  AsyncWorker.cpp
C:\Users\mcmco\Desktop\WMMR\src\MovieMakerCore\pch.h(21,9): warning C4005: 'WINVER': macro redefinition [C:\Users\mcmco\Desktop\WMMR\build\src\MovieMakerCore\MovieMakerCore.vcxproj]
  (compiling source file '../../../src/MovieMakerCore/HMREngine/AsyncWorker.cpp')
      C:\Users\mcmco\Desktop\WMMR\src\MovieMakerCore\pch.h(21,9):
      'WINVER' previously declared on the command line
  
C:\Users\mcmco\Desktop\WMMR\src\MovieMakerCore\pch.h(22,9): warning C4005: '_WIN32_WINNT': macro redefinition [C:\Users\mcmco\Desktop\WMMR\build\src\MovieMakerCore\MovieMakerCore.vcxproj]
  (compiling source file '../../../src/MovieMakerCore/HMREngine/AsyncWorker.cpp')
      C:\Users\mcmco\Desktop\WMMR\src\MovieMakerCore\pch.h(22,9):
      '_WIN32_WINNT' previously declared on the command line
  
C:\Users\mcmco\Desktop\WMMR\src\MovieMakerCore\pch.h(30,9): warning C4005: 'WIN32_LEAN_AND_MEAN': macro redefinition [C:\Users\mcmco\Desktop\WMMR\build\src\MovieMakerCore\MovieMakerCore.vcxproj]
  (compiling source file '../../../src/MovieMakerCore/HMREngine/AsyncWorker.cpp')
      C:\Users\mcmco\Desktop\WMMR\src\MovieMakerCore\pch.h(30,9):
      'WIN32_LEAN_AND_MEAN' previously declared on the command line
  
C:\Users\mcmco\Desktop\WMMR\src\MovieMakerCore\pch.h(31,9): warning C4005: 'NOMINMAX': macro redefinition [C:\Users\mcmco\Desktop\WMMR\build\src\MovieMakerCore\MovieMakerCore.vcxproj]
  (compiling source file '../../../src/MovieMakerCore/HMREngine/AsyncWorker.cpp')
      C:\Users\mcmco\Desktop\WMMR\src\MovieMakerCore\pch.h(31,9):
      'NOMINMAX' previously declared on the command line
  
C:\Users\mcmco\Desktop\WMMR\src\MovieMakerCore\pch.h(32,9): warning C4005: '_CRT_SECURE_NO_WARNINGS': macro redefinition [C:\Users\mcmco\Desktop\WMMR\build\src\MovieMakerCore\MovieMakerCore.vcxproj]
  (compiling source file '../../../src/MovieMakerCore/HMREngine/AsyncWorker.cpp')
      C:\Users\mcmco\Desktop\WMMR\src\MovieMakerCore\pch.h(32,9):
      '_CRT_SECURE_NO_WARNINGS' previously declared on the command line
  
C:\Users\mcmco\Desktop\WMMR\src\MovieMakerCore\pch.h(33,9): warning C4005: '_WINDLL': macro redefinition [C:\Users\mcmco\Desktop\WMMR\build\src\MovieMakerCore\MovieMakerCore.vcxproj]
  (compiling source file '../../../src/MovieMakerCore/HMREngine/AsyncWorker.cpp')
      C:\Users\mcmco\Desktop\WMMR\src\MovieMakerCore\pch.h(33,9):
      '_WINDLL' previously declared on the command line
  
C:\Users\mcmco\Desktop\WMMR\src\MovieMakerCore\pch.h(34,9): warning C4005: '_AFXDLL': macro redefinition [C:\Users\mcmco\Desktop\WMMR\build\src\MovieMakerCore\MovieMakerCore.vcxproj]
  (compiling source file '../../../src/MovieMakerCore/HMREngine/AsyncWorker.cpp')
      C:\Users\mcmco\Desktop\WMMR\src\MovieMakerCore\pch.h(34,9):
      '_AFXDLL' previously declared on the command line
  
C:\Users\mcmco\Desktop\WMMR\src\MovieMakerCore\pch.h(35,9): warning C4005: '_ATL_CSTRING_EXPLICIT_CONSTRUCTORS': macro redefinition [C:\Users\mcmco\Desktop\WMMR\build\src\MovieMakerCore\MovieMakerCore.vcxproj]
  (compiling source file '../../../src/MovieMakerCore/HMREngine/AsyncWorker.cpp')
      C:\Users\mcmco\Desktop\WMMR\src\MovieMakerCore\pch.h(35,9):
      '_ATL_CSTRING_EXPLICIT_CONSTRUCTORS' previously declared on the command line
  
C:\Users\mcmco\Desktop\WMMR\src\MovieMakerCore\pch.h(36,9): warning C4005: '_ATL_ALL_WARNINGS': macro redefinition [C:\Users\mcmco\Desktop\WMMR\build\src\MovieMakerCore\MovieMakerCore.vcxproj]
  (compiling source file '../../../src/MovieMakerCore/HMREngine/AsyncWorker.cpp')
      C:\Users\mcmco\Desktop\WMMR\src\MovieMakerCore\pch.h(36,9):
      '_ATL_ALL_WARNINGS' previously declared on the command line
  
C:\Users\mcmco\Desktop\WMMR\src\WLXPhotoBase\BaseTypes.h(536,18): warning C4251: 'Base::File::m_strPath': 'ATL::CStringT<wchar_t,ATL::StrTraitATL<wchar_t,ATL::ChTraitsCRT<wchar_t>>>' needs to have dll-interface to be used by clients of 'Base::File' [C:\Users\mcmco\Desktop\WMMR\build\src\MovieMakerCore\MovieMakerCore.vcxproj]
  (compiling source file '../../../src/MovieMakerCore/StoryboardManager/Serialization/BoundPlaceholder.cpp')
      C:\Program Files (x86)\Microsoft Visual Studio\2022\BuildTools\VC\Tools\MSVC\14.44.35207\atlmfc\include\cstringt.h(999,7):
      see declaration of 'ATL::CStringT<wchar_t,ATL::StrTraitATL<wchar_t,ATL::ChTraitsCRT<wchar_t>>>'
  
C:\Users\mcmco\Desktop\WMMR\src\WLXPhotoBase\BaseTypes.h(568,18): warning C4251: 'Base::TempFile::m_strPath': 'ATL::CStringT<wchar_t,ATL::StrTraitATL<wchar_t,ATL::ChTraitsCRT<wchar_t>>>' needs to have dll-interface to be used by clients of 'Base::TempFile' [C:\Users\mcmco\Desktop\WMMR\build\src\MovieMakerCore\MovieMakerCore.vcxproj]
  (compiling source file '../../../src/MovieMakerCore/StoryboardManager/Serialization/BoundPlaceholder.cpp')
      C:\Program Files (x86)\Microsoft Visual Studio\2022\BuildTools\VC\Tools\MSVC\14.44.35207\atlmfc\include\cstringt.h(999,7):
      see declaration of 'ATL::CStringT<wchar_t,ATL::StrTraitATL<wchar_t,ATL::ChTraitsCRT<wchar_t>>>'
  
C:\Users\mcmco\Desktop\WMMR\src\WLXPhotoBase\BaseTypes.h(661,21): warning C4251: 'Base::FindFile::m_strDirectory': 'ATL::CStringT<wchar_t,ATL::StrTraitATL<wchar_t,ATL::ChTraitsCRT<wchar_t>>>' needs to have dll-interface to be used by clients of 'Base::FindFile' [C:\Users\mcmco\Desktop\WMMR\build\src\MovieMakerCore\MovieMakerCore.vcxproj]
  (compiling source file '../../../src/MovieMakerCore/StoryboardManager/Serialization/BoundPlaceholder.cpp')
      C:\Program Files (x86)\Microsoft Visual Studio\2022\BuildTools\VC\Tools\MSVC\14.44.35207\atlmfc\include\cstringt.h(999,7):
      see declaration of 'ATL::CStringT<wchar_t,ATL::StrTraitATL<wchar_t,ATL::ChTraitsCRT<wchar_t>>>'
  
C:\Users\mcmco\Desktop\WMMR\src\WLXPhotoBase\BaseTypes.h(724,25): warning C4251: 'Base::IntSet::m_values': 'ATL::CAtlArray<int,ATL::CElementTraits<int>>' needs to have dll-interface to be used by clients of 'Base::IntSet' [C:\Users\mcmco\Desktop\WMMR\build\src\MovieMakerCore\MovieMakerCore.vcxproj]
  (compiling source file '../../../src/MovieMakerCore/StoryboardManager/Serialization/BoundPlaceholder.cpp')
      C:\Program Files (x86)\Microsoft Visual Studio\2022\BuildTools\VC\Tools\MSVC\14.44.35207\atlmfc\include\atlcoll.h(530,7):
      see declaration of 'ATL::CAtlArray<int,ATL::CElementTraits<int>>'
  
C:\Users\mcmco\Desktop\WMMR\src\MovieMakerCore\StoryboardManager\StoryboardManagerExceptions.h(56,18): warning C4251: 'StoryboardManager::StoryboardManagerException::m_strMessage': 'ATL::CStringT<wchar_t,ATL::StrTraitATL<wchar_t,ATL::ChTraitsCRT<wchar_t>>>' needs to have dll-interface to be used by clients of 'StoryboardManager::StoryboardManagerException' [C:\Users\mcmco\Desktop\WMMR\build\src\MovieMakerCore\MovieMakerCore.vcxproj]
  (compiling source file '../../../src/MovieMakerCore/StoryboardManager/Serialization/BoundPlaceholder.cpp')
      C:\Program Files (x86)\Microsoft Visual Studio\2022\BuildTools\VC\Tools\MSVC\14.44.35207\atlmfc\include\cstringt.h(999,7):
      see declaration of 'ATL::CStringT<wchar_t,ATL::StrTraitATL<wchar_t,ATL::ChTraitsCRT<wchar_t>>>'
  
C:\Users\mcmco\Desktop\WMMR\src\MovieMakerCore\StoryboardManager\StoryboardManagerExceptions.h(86,18): warning C4251: 'StoryboardManager::TemplateInitializationException::m_strTemplateName': 'ATL::CStringT<wchar_t,ATL::StrTraitATL<wchar_t,ATL::ChTraitsCRT<wchar_t>>>' needs to have dll-interface to be used by clients of 'StoryboardManager::TemplateInitializationException' [C:\Users\mcmco\Desktop\WMMR\build\src\MovieMakerCore\MovieMakerCore.vcxproj]
  (compiling source file '../../../src/MovieMakerCore/StoryboardManager/Serialization/BoundPlaceholder.cpp')
      C:\Program Files (x86)\Microsoft Visual Studio\2022\BuildTools\VC\Tools\MSVC\14.44.35207\atlmfc\include\cstringt.h(999,7):
      see declaration of 'ATL::CStringT<wchar_t,ATL::StrTraitATL<wchar_t,ATL::ChTraitsCRT<wchar_t>>>'
  
C:\Users\mcmco\Desktop\WMMR\src\MovieMakerCore\StoryboardManager\StoryboardManagerExceptions.h(119,18): warning C4251: 'StoryboardManager::ScriptInitializationException::m_strScriptPath': 'ATL::CStringT<wchar_t,ATL::StrTraitATL<wchar_t,ATL::ChTraitsCRT<wchar_t>>>' needs to have dll-interface to be used by clients of 'StoryboardManager::ScriptInitializationException' [C:\Users\mcmco\Desktop\WMMR\build\src\MovieMakerCore\MovieMakerCore.vcxproj]
  (compiling source file '../../../src/MovieMakerCore/StoryboardManager/Serialization/BoundPlaceholder.cpp')
      C:\Program Files (x86)\Microsoft Visual Studio\2022\BuildTools\VC\Tools\MSVC\14.44.35207\atlmfc\include\cstringt.h(999,7):
      see declaration of 'ATL::CStringT<wchar_t,ATL::StrTraitATL<wchar_t,ATL::ChTraitsCRT<wchar_t>>>'
  
C:\Users\mcmco\Desktop\WMMR\src\MovieMakerCore\StoryboardManager\StoryboardManagerExceptions.h(120,18): warning C4251: 'StoryboardManager::ScriptInitializationException::m_strScriptEngineId': 'ATL::CStringT<wchar_t,ATL::StrTraitATL<wchar_t,ATL::ChTraitsCRT<wchar_t>>>' needs to have dll-interface to be used by clients of 'StoryboardManager::ScriptInitializationException' [C:\Users\mcmco\Desktop\WMMR\build\src\MovieMakerCore\MovieMakerCore.vcxproj]
  (compiling source file '../../../src/MovieMakerCore/StoryboardManager/Serialization/BoundPlaceholder.cpp')
      C:\Program Files (x86)\Microsoft Visual Studio\2022\BuildTools\VC\Tools\MSVC\14.44.35207\atlmfc\include\cstringt.h(999,7):
      see declaration of 'ATL::CStringT<wchar_t,ATL::StrTraitATL<wchar_t,ATL::ChTraitsCRT<wchar_t>>>'
  
C:\Users\mcmco\Desktop\WMMR\src\MovieMakerCore\StoryboardManager\StoryboardManagerExceptions.h(156,18): warning C4251: 'StoryboardManager::EncodeInitializationException::m_strOutputFormat': 'ATL::CStringT<wchar_t,ATL::StrTraitATL<wchar_t,ATL::ChTraitsCRT<wchar_t>>>' needs to have dll-interface to be used by clients of 'StoryboardManager::EncodeInitializationException' [C:\Users\mcmco\Desktop\WMMR\build\src\MovieMakerCore\MovieMakerCore.vcxproj]
  (compiling source file '../../../src/MovieMakerCore/StoryboardManager/Serialization/BoundPlaceholder.cpp')
      C:\Program Files (x86)\Microsoft Visual Studio\2022\BuildTools\VC\Tools\MSVC\14.44.35207\atlmfc\include\cstringt.h(999,7):
      see declaration of 'ATL::CStringT<wchar_t,ATL::StrTraitATL<wchar_t,ATL::ChTraitsCRT<wchar_t>>>'
  
C:\Users\mcmco\Desktop\WMMR\src\MovieMakerCore\StoryboardManager\StoryboardManagerExceptions.h(157,18): warning C4251: 'StoryboardManager::EncodeInitializationException::m_strCodecName': 'ATL::CStringT<wchar_t,ATL::StrTraitATL<wchar_t,ATL::ChTraitsCRT<wchar_t>>>' needs to have dll-interface to be used by clients of 'StoryboardManager::EncodeInitializationException' [C:\Users\mcmco\Desktop\WMMR\build\src\MovieMakerCore\MovieMakerCore.vcxproj]
  (compiling source file '../../../src/MovieMakerCore/StoryboardManager/Serialization/BoundPlaceholder.cpp')
      C:\Program Files (x86)\Microsoft Visual Studio\2022\BuildTools\VC\Tools\MSVC\14.44.35207\atlmfc\include\cstringt.h(999,7):
      see declaration of 'ATL::CStringT<wchar_t,ATL::StrTraitATL<wchar_t,ATL::ChTraitsCRT<wchar_t>>>'
  
C:\Users\mcmco\Desktop\WMMR\src\MovieMakerCore\StoryboardManager\TimelineTrack.h(99,25): warning C4251: 'StoryboardManager::TimelineTrack::m_strDisplayName': 'ATL::CStringT<wchar_t,ATL::StrTraitATL<wchar_t,ATL::ChTraitsCRT<wchar_t>>>' needs to have dll-interface to be used by clients of 'StoryboardManager::TimelineTrack' [C:\Users\mcmco\Desktop\WMMR\build\src\MovieMakerCore\MovieMakerCore.vcxproj]
  (compiling source file '../../../src/MovieMakerCore/StoryboardManager/Serialization/BoundPlaceholder.cpp')
      C:\Program Files (x86)\Microsoft Visual Studio\2022\BuildTools\VC\Tools\MSVC\14.44.35207\atlmfc\include\cstringt.h(999,7):
      see declaration of 'ATL::CStringT<wchar_t,ATL::StrTraitATL<wchar_t,ATL::ChTraitsCRT<wchar_t>>>'
  
C:\Users\mcmco\Desktop\WMMR\src\MovieMakerCore\StoryboardManager\TimelineTrack.h(106,25): error C2079: 'StoryboardManager::TimelineTrack::m_timeline' uses undefined class 'StoryboardManager::ProjectTimeline' [C:\Users\mcmco\Desktop\WMMR\build\src\MovieMakerCore\MovieMakerCore.vcxproj]
  (compiling source file '../../../src/MovieMakerCore/StoryboardManager/Serialization/BoundPlaceholder.cpp')
  
C:\Users\mcmco\Desktop\WMMR\src\MovieMakerCore\StoryboardManager\TimelineTrack.h(151,36): warning C4251: 'StoryboardManager::TimelineTrackManager::m_arrTracks': 'ATL::CAtlArray<StoryboardManager::TimelineTrack *,ATL::CElementTraits<E>>' needs to have dll-interface to be used by clients of 'StoryboardManager::TimelineTrackManager' [C:\Users\mcmco\Desktop\WMMR\build\src\MovieMakerCore\MovieMakerCore.vcxproj]
C:\Users\mcmco\Desktop\WMMR\src\MovieMakerCore\StoryboardManager\TimelineTrack.h(151,36): warning C4251:         with [C:\Users\mcmco\Desktop\WMMR\build\src\MovieMakerCore\MovieMakerCore.vcxproj]
C:\Users\mcmco\Desktop\WMMR\src\MovieMakerCore\StoryboardManager\TimelineTrack.h(151,36): warning C4251:         [ [C:\Users\mcmco\Desktop\WMMR\build\src\MovieMakerCore\MovieMakerCore.vcxproj]
C:\Users\mcmco\Desktop\WMMR\src\MovieMakerCore\StoryboardManager\TimelineTrack.h(151,36): warning C4251:             E=StoryboardManager::TimelineTrack * [C:\Users\mcmco\Desktop\WMMR\build\src\MovieMakerCore\MovieMakerCore.vcxproj]
C:\Users\mcmco\Desktop\WMMR\src\MovieMakerCore\StoryboardManager\TimelineTrack.h(151,36): warning C4251:         ] [C:\Users\mcmco\Desktop\WMMR\build\src\MovieMakerCore\MovieMakerCore.vcxproj]
  (compiling source file '../../../src/MovieMakerCore/StoryboardManager/Serialization/BoundPlaceholder.cpp')
      C:\Program Files (x86)\Microsoft Visual Studio\2022\BuildTools\VC\Tools\MSVC\14.44.35207\atlmfc\include\atlcoll.h(530,7):
      see declaration of 'ATL::CAtlArray<StoryboardManager::TimelineTrack *,ATL::CElementTraits<E>>'
          with
          [
              E=StoryboardManager::TimelineTrack *
          ]
  
C:\Users\mcmco\Desktop\WMMR\src\MovieMakerCore\StoryboardManager\MovieExtent.h(151,25): warning C4251: 'StoryboardManager::MovieExtent::m_strTitleText': 'ATL::CStringT<wchar_t,ATL::StrTraitATL<wchar_t,ATL::ChTraitsCRT<wchar_t>>>' needs to have dll-interface to be used by clients of 'StoryboardManager::MovieExtent' [C:\Users\mcmco\Desktop\WMMR\build\src\MovieMakerCore\MovieMakerCore.vcxproj]
  (compiling source file '../../../src/MovieMakerCore/StoryboardManager/Serialization/BoundPlaceholder.cpp')
      C:\Program Files (x86)\Microsoft Visual Studio\2022\BuildTools\VC\Tools\MSVC\14.44.35207\atlmfc\include\cstringt.h(999,7):
      see declaration of 'ATL::CStringT<wchar_t,ATL::StrTraitATL<wchar_t,ATL::ChTraitsCRT<wchar_t>>>'
  
C:\Users\mcmco\Desktop\WMMR\src\MovieMakerCore\StoryboardManager\MovieExtent.h(152,25): warning C4251: 'StoryboardManager::MovieExtent::m_strTitleFontFamily': 'ATL::CStringT<wchar_t,ATL::StrTraitATL<wchar_t,ATL::ChTraitsCRT<wchar_t>>>' needs to have dll-interface to be used by clients of 'StoryboardManager::MovieExtent' [C:\Users\mcmco\Desktop\WMMR\build\src\MovieMakerCore\MovieMakerCore.vcxproj]
  (compiling source file '../../../src/MovieMakerCore/StoryboardManager/Serialization/BoundPlaceholder.cpp')
      C:\Program Files (x86)\Microsoft Visual Studio\2022\BuildTools\VC\Tools\MSVC\14.44.35207\atlmfc\include\cstringt.h(999,7):
      see declaration of 'ATL::CStringT<wchar_t,ATL::StrTraitATL<wchar_t,ATL::ChTraitsCRT<wchar_t>>>'
  
C:\Users\mcmco\Desktop\WMMR\src\MovieMakerCore\StoryboardManager\Extents.h(104,37): warning C4251: 'StoryboardManager::ExtentCollection::m_arrExtents': 'ATL::CAtlArray<StoryboardManager::MovieExtent *,ATL::CElementTraits<E>>' needs to have dll-interface to be used by clients of 'StoryboardManager::ExtentCollection' [C:\Users\mcmco\Desktop\WMMR\build\src\MovieMakerCore\MovieMakerCore.vcxproj]
C:\Users\mcmco\Desktop\WMMR\src\MovieMakerCore\StoryboardManager\Extents.h(104,37): warning C4251:         with [C:\Users\mcmco\Desktop\WMMR\build\src\MovieMakerCore\MovieMakerCore.vcxproj]
C:\Users\mcmco\Desktop\WMMR\src\MovieMakerCore\StoryboardManager\Extents.h(104,37): warning C4251:         [ [C:\Users\mcmco\Desktop\WMMR\build\src\MovieMakerCore\MovieMakerCore.vcxproj]
C:\Users\mcmco\Desktop\WMMR\src\MovieMakerCore\StoryboardManager\Extents.h(104,37): warning C4251:             E=StoryboardManager::MovieExtent * [C:\Users\mcmco\Desktop\WMMR\build\src\MovieMakerCore\MovieMakerCore.vcxproj]
C:\Users\mcmco\Desktop\WMMR\src\MovieMakerCore\StoryboardManager\Extents.h(104,37): warning C4251:         ] [C:\Users\mcmco\Desktop\WMMR\build\src\MovieMakerCore\MovieMakerCore.vcxproj]
  (compiling source file '../../../src/MovieMakerCore/StoryboardManager/Serialization/BoundPlaceholder.cpp')
      C:\Program Files (x86)\Microsoft Visual Studio\2022\BuildTools\VC\Tools\MSVC\14.44.35207\atlmfc\include\atlcoll.h(530,7):
      see declaration of 'ATL::CAtlArray<StoryboardManager::MovieExtent *,ATL::CElementTraits<E>>'
          with
          [
              E=StoryboardManager::MovieExtent *
          ]
  
C:\Users\mcmco\Desktop\WMMR\src\MovieMakerCore\StoryboardManager\Extents.h(158,27): warning C4251: 'StoryboardManager::ExtentIdSet::m_arrIds': 'ATL::CAtlArray<DWORD,ATL::CElementTraits<unsigned long>>' needs to have dll-interface to be used by clients of 'StoryboardManager::ExtentIdSet' [C:\Users\mcmco\Desktop\WMMR\build\src\MovieMakerCore\MovieMakerCore.vcxproj]
  (compiling source file '../../../src/MovieMakerCore/StoryboardManager/Serialization/BoundPlaceholder.cpp')
      C:\Program Files (x86)\Microsoft Visual Studio\2022\BuildTools\VC\Tools\MSVC\14.44.35207\atlmfc\include\atlcoll.h(530,7):
      see declaration of 'ATL::CAtlArray<DWORD,ATL::CElementTraits<unsigned long>>'
  
C:\Users\mcmco\Desktop\WMMR\src\MovieMakerCore\StoryboardManager\Templates.h(127,25): warning C4251: 'StoryboardManager::ThemeEffect::m_strX3dClipName': 'ATL::CStringT<wchar_t,ATL::StrTraitATL<wchar_t,ATL::ChTraitsCRT<wchar_t>>>' needs to have dll-interface to be used by clients of 'StoryboardManager::ThemeEffect' [C:\Users\mcmco\Desktop\WMMR\build\src\MovieMakerCore\MovieMakerCore.vcxproj]
  (compiling source file '../../../src/MovieMakerCore/StoryboardManager/Serialization/BoundPlaceholder.cpp')
      C:\Program Files (x86)\Microsoft Visual Studio\2022\BuildTools\VC\Tools\MSVC\14.44.35207\atlmfc\include\cstringt.h(999,7):
      see declaration of 'ATL::CStringT<wchar_t,ATL::StrTraitATL<wchar_t,ATL::ChTraitsCRT<wchar_t>>>'
  
C:\Users\mcmco\Desktop\WMMR\src\MovieMakerCore\StoryboardManager\Templates.h(135,31): warning C4251: 'StoryboardManager::ThemeEffect::m_arrParameters': 'ATL::CAtlArray<StoryboardManager::ThemeEffect::Parameter,ATL::CElementTraits<E>>' needs to have dll-interface to be used by clients of 'StoryboardManager::ThemeEffect' [C:\Users\mcmco\Desktop\WMMR\build\src\MovieMakerCore\MovieMakerCore.vcxproj]
C:\Users\mcmco\Desktop\WMMR\src\MovieMakerCore\StoryboardManager\Templates.h(135,31): warning C4251:         with [C:\Users\mcmco\Desktop\WMMR\build\src\MovieMakerCore\MovieMakerCore.vcxproj]
C:\Users\mcmco\Desktop\WMMR\src\MovieMakerCore\StoryboardManager\Templates.h(135,31): warning C4251:         [ [C:\Users\mcmco\Desktop\WMMR\build\src\MovieMakerCore\MovieMakerCore.vcxproj]
C:\Users\mcmco\Desktop\WMMR\src\MovieMakerCore\StoryboardManager\Templates.h(135,31): warning C4251:             E=StoryboardManager::ThemeEffect::Parameter [C:\Users\mcmco\Desktop\WMMR\build\src\MovieMakerCore\MovieMakerCore.vcxproj]
C:\Users\mcmco\Desktop\WMMR\src\MovieMakerCore\StoryboardManager\Templates.h(135,31): warning C4251:         ] [C:\Users\mcmco\Desktop\WMMR\build\src\MovieMakerCore\MovieMakerCore.vcxproj]
  (compiling source file '../../../src/MovieMakerCore/StoryboardManager/Serialization/BoundPlaceholder.cpp')
      C:\Program Files (x86)\Microsoft Visual Studio\2022\BuildTools\VC\Tools\MSVC\14.44.35207\atlmfc\include\atlcoll.h(530,7):
      see declaration of 'ATL::CAtlArray<StoryboardManager::ThemeEffect::Parameter,ATL::CElementTraits<E>>'
          with
          [
              E=StoryboardManager::ThemeEffect::Parameter
          ]
  
C:\Users\mcmco\Desktop\WMMR\src\MovieMakerCore\StoryboardManager\Templates.h(206,21): warning C4251: 'StoryboardManager::AutoMovieTheme::m_strName': 'ATL::CStringT<wchar_t,ATL::StrTraitATL<wchar_t,ATL::ChTraitsCRT<wchar_t>>>' needs to have dll-interface to be used by clients of 'StoryboardManager::AutoMovieTheme' [C:\Users\mcmco\Desktop\WMMR\build\src\MovieMakerCore\MovieMakerCore.vcxproj]
  (compiling source file '../../../src/MovieMakerCore/StoryboardManager/Serialization/BoundPlaceholder.cpp')
      C:\Program Files (x86)\Microsoft Visual Studio\2022\BuildTools\VC\Tools\MSVC\14.44.35207\atlmfc\include\cstringt.h(999,7):
      see declaration of 'ATL::CStringT<wchar_t,ATL::StrTraitATL<wchar_t,ATL::ChTraitsCRT<wchar_t>>>'
  
C:\Users\mcmco\Desktop\WMMR\src\MovieMakerCore\StoryboardManager\Templates.h(207,21): warning C4251: 'StoryboardManager::AutoMovieTheme::m_strDisplayName': 'ATL::CStringT<wchar_t,ATL::StrTraitATL<wchar_t,ATL::ChTraitsCRT<wchar_t>>>' needs to have dll-interface to be used by clients of 'StoryboardManager::AutoMovieTheme' [C:\Users\mcmco\Desktop\WMMR\build\src\MovieMakerCore\MovieMakerCore.vcxproj]
  (compiling source file '../../../src/MovieMakerCore/StoryboardManager/Serialization/BoundPlaceholder.cpp')
      C:\Program Files (x86)\Microsoft Visual Studio\2022\BuildTools\VC\Tools\MSVC\14.44.35207\atlmfc\include\cstringt.h(999,7):
      see declaration of 'ATL::CStringT<wchar_t,ATL::StrTraitATL<wchar_t,ATL::ChTraitsCRT<wchar_t>>>'
  
C:\Users\mcmco\Desktop\WMMR\src\MovieMakerCore\StoryboardManager\Templates.h(208,21): warning C4251: 'StoryboardManager::AutoMovieTheme::m_strDescription': 'ATL::CStringT<wchar_t,ATL::StrTraitATL<wchar_t,ATL::ChTraitsCRT<wchar_t>>>' needs to have dll-interface to be used by clients of 'StoryboardManager::AutoMovieTheme' [C:\Users\mcmco\Desktop\WMMR\build\src\MovieMakerCore\MovieMakerCore.vcxproj]
  (compiling source file '../../../src/MovieMakerCore/StoryboardManager/Serialization/BoundPlaceholder.cpp')
      C:\Program Files (x86)\Microsoft Visual Studio\2022\BuildTools\VC\Tools\MSVC\14.44.35207\atlmfc\include\cstringt.h(999,7):
      see declaration of 'ATL::CStringT<wchar_t,ATL::StrTraitATL<wchar_t,ATL::ChTraitsCRT<wchar_t>>>'
  
C:\Users\mcmco\Desktop\WMMR\src\MovieMakerCore\StoryboardManager\Templates.h(209,21): warning C4251: 'StoryboardManager::AutoMovieTheme::m_strThumbnailPath': 'ATL::CStringT<wchar_t,ATL::StrTraitATL<wchar_t,ATL::ChTraitsCRT<wchar_t>>>' needs to have dll-interface to be used by clients of 'StoryboardManager::AutoMovieTheme' [C:\Users\mcmco\Desktop\WMMR\build\src\MovieMakerCore\MovieMakerCore.vcxproj]
  (compiling source file '../../../src/MovieMakerCore/StoryboardManager/Serialization/BoundPlaceholder.cpp')
      C:\Program Files (x86)\Microsoft Visual Studio\2022\BuildTools\VC\Tools\MSVC\14.44.35207\atlmfc\include\cstringt.h(999,7):
      see declaration of 'ATL::CStringT<wchar_t,ATL::StrTraitATL<wchar_t,ATL::ChTraitsCRT<wchar_t>>>'
  
C:\Users\mcmco\Desktop\WMMR\src\MovieMakerCore\StoryboardManager\Templates.h(210,21): warning C4251: 'StoryboardManager::AutoMovieTheme::m_strCategory': 'ATL::CStringT<wchar_t,ATL::StrTraitATL<wchar_t,ATL::ChTraitsCRT<wchar_t>>>' needs to have dll-interface to be used by clients of 'StoryboardManager::AutoMovieTheme' [C:\Users\mcmco\Desktop\WMMR\build\src\MovieMakerCore\MovieMakerCore.vcxproj]
  (compiling source file '../../../src/MovieMakerCore/StoryboardManager/Serialization/BoundPlaceholder.cpp')
      C:\Program Files (x86)\Microsoft Visual Studio\2022\BuildTools\VC\Tools\MSVC\14.44.35207\atlmfc\include\cstringt.h(999,7):
      see declaration of 'ATL::CStringT<wchar_t,ATL::StrTraitATL<wchar_t,ATL::ChTraitsCRT<wchar_t>>>'
  
C:\Users\mcmco\Desktop\WMMR\src\MovieMakerCore\StoryboardManager\Templates.h(211,21): warning C4251: 'StoryboardManager::AutoMovieTheme::m_strTitleFontFamily': 'ATL::CStringT<wchar_t,ATL::StrTraitATL<wchar_t,ATL::ChTraitsCRT<wchar_t>>>' needs to have dll-interface to be used by clients of 'StoryboardManager::AutoMovieTheme' [C:\Users\mcmco\Desktop\WMMR\build\src\MovieMakerCore\MovieMakerCore.vcxproj]
  (compiling source file '../../../src/MovieMakerCore/StoryboardManager/Serialization/BoundPlaceholder.cpp')
      C:\Program Files (x86)\Microsoft Visual Studio\2022\BuildTools\VC\Tools\MSVC\14.44.35207\atlmfc\include\cstringt.h(999,7):
      see declaration of 'ATL::CStringT<wchar_t,ATL::StrTraitATL<wchar_t,ATL::ChTraitsCRT<wchar_t>>>'
  
C:\Users\mcmco\Desktop\WMMR\src\MovieMakerCore\StoryboardManager\Templates.h(213,33): warning C4251: 'StoryboardManager::AutoMovieTheme::m_arrEffects': 'ATL::CAtlArray<StoryboardManager::ThemeEffect,ATL::CElementTraits<E>>' needs to have dll-interface to be used by clients of 'StoryboardManager::AutoMovieTheme' [C:\Users\mcmco\Desktop\WMMR\build\src\MovieMakerCore\MovieMakerCore.vcxproj]
C:\Users\mcmco\Desktop\WMMR\src\MovieMakerCore\StoryboardManager\Templates.h(213,33): warning C4251:         with [C:\Users\mcmco\Desktop\WMMR\build\src\MovieMakerCore\MovieMakerCore.vcxproj]
C:\Users\mcmco\Desktop\WMMR\src\MovieMakerCore\StoryboardManager\Templates.h(213,33): warning C4251:         [ [C:\Users\mcmco\Desktop\WMMR\build\src\MovieMakerCore\MovieMakerCore.vcxproj]
C:\Users\mcmco\Desktop\WMMR\src\MovieMakerCore\StoryboardManager\Templates.h(213,33): warning C4251:             E=StoryboardManager::ThemeEffect [C:\Users\mcmco\Desktop\WMMR\build\src\MovieMakerCore\MovieMakerCore.vcxproj]
C:\Users\mcmco\Desktop\WMMR\src\MovieMakerCore\StoryboardManager\Templates.h(213,33): warning C4251:         ] [C:\Users\mcmco\Desktop\WMMR\build\src\MovieMakerCore\MovieMakerCore.vcxproj]
  (compiling source file '../../../src/MovieMakerCore/StoryboardManager/Serialization/BoundPlaceholder.cpp')
      C:\Program Files (x86)\Microsoft Visual Studio\2022\BuildTools\VC\Tools\MSVC\14.44.35207\atlmfc\include\atlcoll.h(530,7):
      see declaration of 'ATL::CAtlArray<StoryboardManager::ThemeEffect,ATL::CElementTraits<E>>'
          with
          [
              E=StoryboardManager::ThemeEffect
          ]
  
C:\Users\mcmco\Desktop\WMMR\src\MovieMakerCore\StoryboardManager\Templates.h(273,25): warning C4251: 'StoryboardManager::TemplateEntry::m_strName': 'ATL::CStringT<wchar_t,ATL::StrTraitATL<wchar_t,ATL::ChTraitsCRT<wchar_t>>>' needs to have dll-interface to be used by clients of 'StoryboardManager::TemplateEntry' [C:\Users\mcmco\Desktop\WMMR\build\src\MovieMakerCore\MovieMakerCore.vcxproj]
  (compiling source file '../../../src/MovieMakerCore/StoryboardManager/Serialization/BoundPlaceholder.cpp')
      C:\Program Files (x86)\Microsoft Visual Studio\2022\BuildTools\VC\Tools\MSVC\14.44.35207\atlmfc\include\cstringt.h(999,7):
      see declaration of 'ATL::CStringT<wchar_t,ATL::StrTraitATL<wchar_t,ATL::ChTraitsCRT<wchar_t>>>'
  
C:\Users\mcmco\Desktop\WMMR\src\MovieMakerCore\StoryboardManager\Templates.h(274,25): warning C4251: 'StoryboardManager::TemplateEntry::m_strDisplayName': 'ATL::CStringT<wchar_t,ATL::StrTraitATL<wchar_t,ATL::ChTraitsCRT<wchar_t>>>' needs to have dll-interface to be used by clients of 'StoryboardManager::TemplateEntry' [C:\Users\mcmco\Desktop\WMMR\build\src\MovieMakerCore\MovieMakerCore.vcxproj]
  (compiling source file '../../../src/MovieMakerCore/StoryboardManager/Serialization/BoundPlaceholder.cpp')
      C:\Program Files (x86)\Microsoft Visual Studio\2022\BuildTools\VC\Tools\MSVC\14.44.35207\atlmfc\include\cstringt.h(999,7):
      see declaration of 'ATL::CStringT<wchar_t,ATL::StrTraitATL<wchar_t,ATL::ChTraitsCRT<wchar_t>>>'
  
C:\Users\mcmco\Desktop\WMMR\src\MovieMakerCore\StoryboardManager\Templates.h(275,25): warning C4251: 'StoryboardManager::TemplateEntry::m_strDescription': 'ATL::CStringT<wchar_t,ATL::StrTraitATL<wchar_t,ATL::ChTraitsCRT<wchar_t>>>' needs to have dll-interface to be used by clients of 'StoryboardManager::TemplateEntry' [C:\Users\mcmco\Desktop\WMMR\build\src\MovieMakerCore\MovieMakerCore.vcxproj]
  (compiling source file '../../../src/MovieMakerCore/StoryboardManager/Serialization/BoundPlaceholder.cpp')
      C:\Program Files (x86)\Microsoft Visual Studio\2022\BuildTools\VC\Tools\MSVC\14.44.35207\atlmfc\include\cstringt.h(999,7):
      see declaration of 'ATL::CStringT<wchar_t,ATL::StrTraitATL<wchar_t,ATL::ChTraitsCRT<wchar_t>>>'
  
C:\Users\mcmco\Desktop\WMMR\src\MovieMakerCore\StoryboardManager\Templates.h(276,25): warning C4251: 'StoryboardManager::TemplateEntry::m_strThumbnailPath': 'ATL::CStringT<wchar_t,ATL::StrTraitATL<wchar_t,ATL::ChTraitsCRT<wchar_t>>>' needs to have dll-interface to be used by clients of 'StoryboardManager::TemplateEntry' [C:\Users\mcmco\Desktop\WMMR\build\src\MovieMakerCore\MovieMakerCore.vcxproj]
  (compiling source file '../../../src/MovieMakerCore/StoryboardManager/Serialization/BoundPlaceholder.cpp')
      C:\Program Files (x86)\Microsoft Visual Studio\2022\BuildTools\VC\Tools\MSVC\14.44.35207\atlmfc\include\cstringt.h(999,7):
      see declaration of 'ATL::CStringT<wchar_t,ATL::StrTraitATL<wchar_t,ATL::ChTraitsCRT<wchar_t>>>'
  
C:\Users\mcmco\Desktop\WMMR\src\MovieMakerCore\StoryboardManager\Templates.h(343,37): warning C4251: 'StoryboardManager::TemplateTable::m_arrTemplates': 'ATL::CAtlArray<StoryboardManager::TemplateEntry *,ATL::CElementTraits<E>>' needs to have dll-interface to be used by clients of 'StoryboardManager::TemplateTable' [C:\Users\mcmco\Desktop\WMMR\build\src\MovieMakerCore\MovieMakerCore.vcxproj]
C:\Users\mcmco\Desktop\WMMR\src\MovieMakerCore\StoryboardManager\Templates.h(343,37): warning C4251:         with [C:\Users\mcmco\Desktop\WMMR\build\src\MovieMakerCore\MovieMakerCore.vcxproj]
C:\Users\mcmco\Desktop\WMMR\src\MovieMakerCore\StoryboardManager\Templates.h(343,37): warning C4251:         [ [C:\Users\mcmco\Desktop\WMMR\build\src\MovieMakerCore\MovieMakerCore.vcxproj]
C:\Users\mcmco\Desktop\WMMR\src\MovieMakerCore\StoryboardManager\Templates.h(343,37): warning C4251:             E=StoryboardManager::TemplateEntry * [C:\Users\mcmco\Desktop\WMMR\build\src\MovieMakerCore\MovieMakerCore.vcxproj]
C:\Users\mcmco\Desktop\WMMR\src\MovieMakerCore\StoryboardManager\Templates.h(343,37): warning C4251:         ] [C:\Users\mcmco\Desktop\WMMR\build\src\MovieMakerCore\MovieMakerCore.vcxproj]
  (compiling source file '../../../src/MovieMakerCore/StoryboardManager/Serialization/BoundPlaceholder.cpp')
      C:\Program Files (x86)\Microsoft Visual Studio\2022\BuildTools\VC\Tools\MSVC\14.44.35207\atlmfc\include\atlcoll.h(530,7):
      see declaration of 'ATL::CAtlArray<StoryboardManager::TemplateEntry *,ATL::CElementTraits<E>>'
          with
          [
              E=StoryboardManager::TemplateEntry *
          ]
  
C:\Users\mcmco\Desktop\WMMR\src\MovieMakerCore\StoryboardManager\Templates.h(344,37): warning C4251: 'StoryboardManager::TemplateTable::m_arrThemes': 'ATL::CAtlArray<StoryboardManager::AutoMovieTheme *,ATL::CElementTraits<E>>' needs to have dll-interface to be used by clients of 'StoryboardManager::TemplateTable' [C:\Users\mcmco\Desktop\WMMR\build\src\MovieMakerCore\MovieMakerCore.vcxproj]
C:\Users\mcmco\Desktop\WMMR\src\MovieMakerCore\StoryboardManager\Templates.h(344,37): warning C4251:         with [C:\Users\mcmco\Desktop\WMMR\build\src\MovieMakerCore\MovieMakerCore.vcxproj]
C:\Users\mcmco\Desktop\WMMR\src\MovieMakerCore\StoryboardManager\Templates.h(344,37): warning C4251:         [ [C:\Users\mcmco\Desktop\WMMR\build\src\MovieMakerCore\MovieMakerCore.vcxproj]
C:\Users\mcmco\Desktop\WMMR\src\MovieMakerCore\StoryboardManager\Templates.h(344,37): warning C4251:             E=StoryboardManager::AutoMovieTheme * [C:\Users\mcmco\Desktop\WMMR\build\src\MovieMakerCore\MovieMakerCore.vcxproj]
C:\Users\mcmco\Desktop\WMMR\src\MovieMakerCore\StoryboardManager\Templates.h(344,37): warning C4251:         ] [C:\Users\mcmco\Desktop\WMMR\build\src\MovieMakerCore\MovieMakerCore.vcxproj]
  (compiling source file '../../../src/MovieMakerCore/StoryboardManager/Serialization/BoundPlaceholder.cpp')
      C:\Program Files (x86)\Microsoft Visual Studio\2022\BuildTools\VC\Tools\MSVC\14.44.35207\atlmfc\include\atlcoll.h(530,7):
      see declaration of 'ATL::CAtlArray<StoryboardManager::AutoMovieTheme *,ATL::CElementTraits<E>>'
          with
          [
              E=StoryboardManager::AutoMovieTheme *
          ]
  
C:\Users\mcmco\Desktop\WMMR\src\MovieMakerCore\StoryboardManager\MovieProject.h(119,18): warning C4251: 'StoryboardManager::ProjectMediaItem::m_strSourcePath': 'ATL::CStringT<wchar_t,ATL::StrTraitATL<wchar_t,ATL::ChTraitsCRT<wchar_t>>>' needs to have dll-interface to be used by clients of 'StoryboardManager::ProjectMediaItem' [C:\Users\mcmco\Desktop\WMMR\build\src\MovieMakerCore\MovieMakerCore.vcxproj]
  (compiling source file '../../../src/MovieMakerCore/StoryboardManager/Serialization/BoundPlaceholder.cpp')
      C:\Program Files (x86)\Microsoft Visual Studio\2022\BuildTools\VC\Tools\MSVC\14.44.35207\atlmfc\include\cstringt.h(999,7):
      see declaration of 'ATL::CStringT<wchar_t,ATL::StrTraitATL<wchar_t,ATL::ChTraitsCRT<wchar_t>>>'
  
C:\Users\mcmco\Desktop\WMMR\src\MovieMakerCore\StoryboardManager\MovieProject.h(120,18): warning C4251: 'StoryboardManager::ProjectMediaItem::m_strThumbnailPath': 'ATL::CStringT<wchar_t,ATL::StrTraitATL<wchar_t,ATL::ChTraitsCRT<wchar_t>>>' needs to have dll-interface to be used by clients of 'StoryboardManager::ProjectMediaItem' [C:\Users\mcmco\Desktop\WMMR\build\src\MovieMakerCore\MovieMakerCore.vcxproj]
  (compiling source file '../../../src/MovieMakerCore/StoryboardManager/Serialization/BoundPlaceholder.cpp')
      C:\Program Files (x86)\Microsoft Visual Studio\2022\BuildTools\VC\Tools\MSVC\14.44.35207\atlmfc\include\cstringt.h(999,7):
      see declaration of 'ATL::CStringT<wchar_t,ATL::StrTraitATL<wchar_t,ATL::ChTraitsCRT<wchar_t>>>'
  
C:\Users\mcmco\Desktop\WMMR\src\MovieMakerCore\StoryboardManager\MovieProject.h(127,18): warning C4251: 'StoryboardManager::ProjectMediaItem::m_strTags': 'ATL::CStringT<wchar_t,ATL::StrTraitATL<wchar_t,ATL::ChTraitsCRT<wchar_t>>>' needs to have dll-interface to be used by clients of 'StoryboardManager::ProjectMediaItem' [C:\Users\mcmco\Desktop\WMMR\build\src\MovieMakerCore\MovieMakerCore.vcxproj]
  (compiling source file '../../../src/MovieMakerCore/StoryboardManager/Serialization/BoundPlaceholder.cpp')
      C:\Program Files (x86)\Microsoft Visual Studio\2022\BuildTools\VC\Tools\MSVC\14.44.35207\atlmfc\include\cstringt.h(999,7):
      see declaration of 'ATL::CStringT<wchar_t,ATL::StrTraitATL<wchar_t,ATL::ChTraitsCRT<wchar_t>>>'
  
C:\Users\mcmco\Desktop\WMMR\src\MovieMakerCore\StoryboardManager\MovieProject.h(130,18): warning C4251: 'StoryboardManager::ProjectMediaItem::m_strVideoCodec': 'ATL::CStringT<wchar_t,ATL::StrTraitATL<wchar_t,ATL::ChTraitsCRT<wchar_t>>>' needs to have dll-interface to be used by clients of 'StoryboardManager::ProjectMediaItem' [C:\Users\mcmco\Desktop\WMMR\build\src\MovieMakerCore\MovieMakerCore.vcxproj]
  (compiling source file '../../../src/MovieMakerCore/StoryboardManager/Serialization/BoundPlaceholder.cpp')
      C:\Program Files (x86)\Microsoft Visual Studio\2022\BuildTools\VC\Tools\MSVC\14.44.35207\atlmfc\include\cstringt.h(999,7):
      see declaration of 'ATL::CStringT<wchar_t,ATL::StrTraitATL<wchar_t,ATL::ChTraitsCRT<wchar_t>>>'
  
C:\Users\mcmco\Desktop\WMMR\src\MovieMakerCore\StoryboardManager\MovieProject.h(131,18): warning C4251: 'StoryboardManager::ProjectMediaItem::m_strAudioCodec': 'ATL::CStringT<wchar_t,ATL::StrTraitATL<wchar_t,ATL::ChTraitsCRT<wchar_t>>>' needs to have dll-interface to be used by clients of 'StoryboardManager::ProjectMediaItem' [C:\Users\mcmco\Desktop\WMMR\build\src\MovieMakerCore\MovieMakerCore.vcxproj]
  (compiling source file '../../../src/MovieMakerCore/StoryboardManager/Serialization/BoundPlaceholder.cpp')
      C:\Program Files (x86)\Microsoft Visual Studio\2022\BuildTools\VC\Tools\MSVC\14.44.35207\atlmfc\include\cstringt.h(999,7):
      see declaration of 'ATL::CStringT<wchar_t,ATL::StrTraitATL<wchar_t,ATL::ChTraitsCRT<wchar_t>>>'
  
C:\Users\mcmco\Desktop\WMMR\src\MovieMakerCore\StoryboardManager\MovieProject.h(176,29): warning C4251: 'StoryboardManager::ProjectTimeline::m_arrExtentIds': 'ATL::CAtlArray<DWORD,ATL::CElementTraits<unsigned long>>' needs to have dll-interface to be used by clients of 'StoryboardManager::ProjectTimeline' [C:\Users\mcmco\Desktop\WMMR\build\src\MovieMakerCore\MovieMakerCore.vcxproj]
  (compiling source file '../../../src/MovieMakerCore/StoryboardManager/Serialization/BoundPlaceholder.cpp')
      C:\Program Files (x86)\Microsoft Visual Studio\2022\BuildTools\VC\Tools\MSVC\14.44.35207\atlmfc\include\atlcoll.h(530,7):
      see declaration of 'ATL::CAtlArray<DWORD,ATL::CElementTraits<unsigned long>>'
  
C:\Users\mcmco\Desktop\WMMR\src\MovieMakerCore\StoryboardManager\MovieProject.h(248,18): warning C4251: 'StoryboardManager::MovieProjectSettings::m_strProjectName': 'ATL::CStringT<wchar_t,ATL::StrTraitATL<wchar_t,ATL::ChTraitsCRT<wchar_t>>>' needs to have dll-interface to be used by clients of 'StoryboardManager::MovieProjectSettings' [C:\Users\mcmco\Desktop\WMMR\build\src\MovieMakerCore\MovieMakerCore.vcxproj]
  (compiling source file '../../../src/MovieMakerCore/StoryboardManager/Serialization/BoundPlaceholder.cpp')
      C:\Program Files (x86)\Microsoft Visual Studio\2022\BuildTools\VC\Tools\MSVC\14.44.35207\atlmfc\include\cstringt.h(999,7):
      see declaration of 'ATL::CStringT<wchar_t,ATL::StrTraitATL<wchar_t,ATL::ChTraitsCRT<wchar_t>>>'
  
C:\Users\mcmco\Desktop\WMMR\src\MovieMakerCore\StoryboardManager\MovieProject.h(249,18): warning C4251: 'StoryboardManager::MovieProjectSettings::m_strAuthor': 'ATL::CStringT<wchar_t,ATL::StrTraitATL<wchar_t,ATL::ChTraitsCRT<wchar_t>>>' needs to have dll-interface to be used by clients of 'StoryboardManager::MovieProjectSettings' [C:\Users\mcmco\Desktop\WMMR\build\src\MovieMakerCore\MovieMakerCore.vcxproj]
  (compiling source file '../../../src/MovieMakerCore/StoryboardManager/Serialization/BoundPlaceholder.cpp')
      C:\Program Files (x86)\Microsoft Visual Studio\2022\BuildTools\VC\Tools\MSVC\14.44.35207\atlmfc\include\cstringt.h(999,7):
      see declaration of 'ATL::CStringT<wchar_t,ATL::StrTraitATL<wchar_t,ATL::ChTraitsCRT<wchar_t>>>'
  
C:\Users\mcmco\Desktop\WMMR\src\MovieMakerCore\StoryboardManager\MovieProject.h(390,25): warning C4251: 'StoryboardManager::MovieProject::m_strProjectPath': 'ATL::CStringT<wchar_t,ATL::StrTraitATL<wchar_t,ATL::ChTraitsCRT<wchar_t>>>' needs to have dll-interface to be used by clients of 'StoryboardManager::MovieProject' [C:\Users\mcmco\Desktop\WMMR\build\src\MovieMakerCore\MovieMakerCore.vcxproj]
  (compiling source file '../../../src/MovieMakerCore/StoryboardManager/Serialization/BoundPlaceholder.cpp')
      C:\Program Files (x86)\Microsoft Visual Studio\2022\BuildTools\VC\Tools\MSVC\14.44.35207\atlmfc\include\cstringt.h(999,7):
      see declaration of 'ATL::CStringT<wchar_t,ATL::StrTraitATL<wchar_t,ATL::ChTraitsCRT<wchar_t>>>'
  
C:\Users\mcmco\Desktop\WMMR\src\MovieMakerCore\StoryboardManager\MovieProject.h(394,40): warning C4251: 'StoryboardManager::MovieProject::m_arrMediaItems': 'ATL::CAtlArray<StoryboardManager::ProjectMediaItem,ATL::CElementTraits<E>>' needs to have dll-interface to be used by clients of 'StoryboardManager::MovieProject' [C:\Users\mcmco\Desktop\WMMR\build\src\MovieMakerCore\MovieMakerCore.vcxproj]
C:\Users\mcmco\Desktop\WMMR\src\MovieMakerCore\StoryboardManager\MovieProject.h(394,40): warning C4251:         with [C:\Users\mcmco\Desktop\WMMR\build\src\MovieMakerCore\MovieMakerCore.vcxproj]
C:\Users\mcmco\Desktop\WMMR\src\MovieMakerCore\StoryboardManager\MovieProject.h(394,40): warning C4251:         [ [C:\Users\mcmco\Desktop\WMMR\build\src\MovieMakerCore\MovieMakerCore.vcxproj]
C:\Users\mcmco\Desktop\WMMR\src\MovieMakerCore\StoryboardManager\MovieProject.h(394,40): warning C4251:             E=StoryboardManager::ProjectMediaItem [C:\Users\mcmco\Desktop\WMMR\build\src\MovieMakerCore\MovieMakerCore.vcxproj]
C:\Users\mcmco\Desktop\WMMR\src\MovieMakerCore\StoryboardManager\MovieProject.h(394,40): warning C4251:         ] [C:\Users\mcmco\Desktop\WMMR\build\src\MovieMakerCore\MovieMakerCore.vcxproj]
  (compiling source file '../../../src/MovieMakerCore/StoryboardManager/Serialization/BoundPlaceholder.cpp')
      C:\Program Files (x86)\Microsoft Visual Studio\2022\BuildTools\VC\Tools\MSVC\14.44.35207\atlmfc\include\atlcoll.h(530,7):
      see declaration of 'ATL::CAtlArray<StoryboardManager::ProjectMediaItem,ATL::CElementTraits<E>>'
          with
          [
              E=StoryboardManager::ProjectMediaItem
          ]
  
C:\Users\mcmco\Desktop\WMMR\src\MovieMakerCore\StoryboardManager\MovieProject.h(404,32): warning C4251: 'StoryboardManager::MovieProject::m_arrUndoStack': 'ATL::CAtlArray<StoryboardManager::MovieProject::UndoEntry *,ATL::CElementTraits<E>>' needs to have dll-interface to be used by clients of 'StoryboardManager::MovieProject' [C:\Users\mcmco\Desktop\WMMR\build\src\MovieMakerCore\MovieMakerCore.vcxproj]
C:\Users\mcmco\Desktop\WMMR\src\MovieMakerCore\StoryboardManager\MovieProject.h(404,32): warning C4251:         with [C:\Users\mcmco\Desktop\WMMR\build\src\MovieMakerCore\MovieMakerCore.vcxproj]
C:\Users\mcmco\Desktop\WMMR\src\MovieMakerCore\StoryboardManager\MovieProject.h(404,32): warning C4251:         [ [C:\Users\mcmco\Desktop\WMMR\build\src\MovieMakerCore\MovieMakerCore.vcxproj]
C:\Users\mcmco\Desktop\WMMR\src\MovieMakerCore\StoryboardManager\MovieProject.h(404,32): warning C4251:             E=StoryboardManager::MovieProject::UndoEntry * [C:\Users\mcmco\Desktop\WMMR\build\src\MovieMakerCore\MovieMakerCore.vcxproj]
C:\Users\mcmco\Desktop\WMMR\src\MovieMakerCore\StoryboardManager\MovieProject.h(404,32): warning C4251:         ] [C:\Users\mcmco\Desktop\WMMR\build\src\MovieMakerCore\MovieMakerCore.vcxproj]
  (compiling source file '../../../src/MovieMakerCore/StoryboardManager/Serialization/BoundPlaceholder.cpp')
      C:\Program Files (x86)\Microsoft Visual Studio\2022\BuildTools\VC\Tools\MSVC\14.44.35207\atlmfc\include\atlcoll.h(530,7):
      see declaration of 'ATL::CAtlArray<StoryboardManager::MovieProject::UndoEntry *,ATL::CElementTraits<E>>'
          with
          [
              E=StoryboardManager::MovieProject::UndoEntry *
          ]
  
C:\Users\mcmco\Desktop\WMMR\src\MovieMakerCore\StoryboardManager\Serialization\ModElements.h(69,31): warning C4251: 'StoryboardManager::ModElementBase::m_arrAttributes': 'ATL::CAtlArray<StoryboardManager::ModElementBase::Attribute,ATL::CElementTraits<E>>' needs to have dll-interface to be used by clients of 'StoryboardManager::ModElementBase' [C:\Users\mcmco\Desktop\WMMR\build\src\MovieMakerCore\MovieMakerCore.vcxproj]
C:\Users\mcmco\Desktop\WMMR\src\MovieMakerCore\StoryboardManager\Serialization\ModElements.h(69,31): warning C4251:         with [C:\Users\mcmco\Desktop\WMMR\build\src\MovieMakerCore\MovieMakerCore.vcxproj]
C:\Users\mcmco\Desktop\WMMR\src\MovieMakerCore\StoryboardManager\Serialization\ModElements.h(69,31): warning C4251:         [ [C:\Users\mcmco\Desktop\WMMR\build\src\MovieMakerCore\MovieMakerCore.vcxproj]
C:\Users\mcmco\Desktop\WMMR\src\MovieMakerCore\StoryboardManager\Serialization\ModElements.h(69,31): warning C4251:             E=StoryboardManager::ModElementBase::Attribute [C:\Users\mcmco\Desktop\WMMR\build\src\MovieMakerCore\MovieMakerCore.vcxproj]
C:\Users\mcmco\Desktop\WMMR\src\MovieMakerCore\StoryboardManager\Serialization\ModElements.h(69,31): warning C4251:         ] [C:\Users\mcmco\Desktop\WMMR\build\src\MovieMakerCore\MovieMakerCore.vcxproj]
  (compiling source file '../../../src/MovieMakerCore/StoryboardManager/Serialization/BoundPlaceholder.cpp')
      C:\Program Files (x86)\Microsoft Visual Studio\2022\BuildTools\VC\Tools\MSVC\14.44.35207\atlmfc\include\atlcoll.h(530,7):
      see declaration of 'ATL::CAtlArray<StoryboardManager::ModElementBase::Attribute,ATL::CElementTraits<E>>'
          with
          [
              E=StoryboardManager::ModElementBase::Attribute
          ]
  
C:\Users\mcmco\Desktop\WMMR\src\MovieMakerCore\StoryboardManager\Serialization\ModElements.h(70,18): warning C4251: 'StoryboardManager::ModElementBase::m_strElementName': 'ATL::CStringT<wchar_t,ATL::StrTraitATL<wchar_t,ATL::ChTraitsCRT<wchar_t>>>' needs to have dll-interface to be used by clients of 'StoryboardManager::ModElementBase' [C:\Users\mcmco\Desktop\WMMR\build\src\MovieMakerCore\MovieMakerCore.vcxproj]
  (compiling source file '../../../src/MovieMakerCore/StoryboardManager/Serialization/BoundPlaceholder.cpp')
      C:\Program Files (x86)\Microsoft Visual Studio\2022\BuildTools\VC\Tools\MSVC\14.44.35207\atlmfc\include\cstringt.h(999,7):
      see declaration of 'ATL::CStringT<wchar_t,ATL::StrTraitATL<wchar_t,ATL::ChTraitsCRT<wchar_t>>>'
  
C:\Users\mcmco\Desktop\WMMR\src\MovieMakerCore\StoryboardManager\Serialization\ModElements.h(158,37): warning C4251: 'StoryboardManager::ModContainerWithIDLookAhead::m_arrChildren': 'ATL::CAtlArray<StoryboardManager::ModElementBase *,ATL::CElementTraits<E>>' needs to have dll-interface to be used by clients of 'StoryboardManager::ModContainerWithIDLookAhead' [C:\Users\mcmco\Desktop\WMMR\build\src\MovieMakerCore\MovieMakerCore.vcxproj]
C:\Users\mcmco\Desktop\WMMR\src\MovieMakerCore\StoryboardManager\Serialization\ModElements.h(158,37): warning C4251:         with [C:\Users\mcmco\Desktop\WMMR\build\src\MovieMakerCore\MovieMakerCore.vcxproj]
C:\Users\mcmco\Desktop\WMMR\src\MovieMakerCore\StoryboardManager\Serialization\ModElements.h(158,37): warning C4251:         [ [C:\Users\mcmco\Desktop\WMMR\build\src\MovieMakerCore\MovieMakerCore.vcxproj]
C:\Users\mcmco\Desktop\WMMR\src\MovieMakerCore\StoryboardManager\Serialization\ModElements.h(158,37): warning C4251:             E=StoryboardManager::ModElementBase * [C:\Users\mcmco\Desktop\WMMR\build\src\MovieMakerCore\MovieMakerCore.vcxproj]
C:\Users\mcmco\Desktop\WMMR\src\MovieMakerCore\StoryboardManager\Serialization\ModElements.h(158,37): warning C4251:         ] [C:\Users\mcmco\Desktop\WMMR\build\src\MovieMakerCore\MovieMakerCore.vcxproj]
  (compiling source file '../../../src/MovieMakerCore/StoryboardManager/Serialization/BoundPlaceholder.cpp')
      C:\Program Files (x86)\Microsoft Visual Studio\2022\BuildTools\VC\Tools\MSVC\14.44.35207\atlmfc\include\atlcoll.h(530,7):
      see declaration of 'ATL::CAtlArray<StoryboardManager::ModElementBase *,ATL::CElementTraits<E>>'
          with
          [
              E=StoryboardManager::ModElementBase *
          ]
  
C:\Users\mcmco\Desktop\WMMR\src\MovieMakerCore\StoryboardManager\Serialization\ValueVariantRef.h(91,18): warning C4251: 'StoryboardManager::ValueVariantRef::m_strValue': 'ATL::CStringT<wchar_t,ATL::StrTraitATL<wchar_t,ATL::ChTraitsCRT<wchar_t>>>' needs to have dll-interface to be used by clients of 'StoryboardManager::ValueVariantRef' [C:\Users\mcmco\Desktop\WMMR\build\src\MovieMakerCore\MovieMakerCore.vcxproj]
  (compiling source file '../../../src/MovieMakerCore/StoryboardManager/Serialization/BoundPlaceholder.cpp')
      C:\Program Files (x86)\Microsoft Visual Studio\2022\BuildTools\VC\Tools\MSVC\14.44.35207\atlmfc\include\cstringt.h(999,7):
      see declaration of 'ATL::CStringT<wchar_t,ATL::StrTraitATL<wchar_t,ATL::ChTraitsCRT<wchar_t>>>'
  
C:\Users\mcmco\Desktop\WMMR\src\MovieMakerCore\StoryboardManager\Serialization\ValueVariantRef.h(92,18): warning C4251: 'StoryboardManager::ValueVariantRef::m_strOwnerElement': 'ATL::CStringT<wchar_t,ATL::StrTraitATL<wchar_t,ATL::ChTraitsCRT<wchar_t>>>' needs to have dll-interface to be used by clients of 'StoryboardManager::ValueVariantRef' [C:\Users\mcmco\Desktop\WMMR\build\src\MovieMakerCore\MovieMakerCore.vcxproj]
  (compiling source file '../../../src/MovieMakerCore/StoryboardManager/Serialization/BoundPlaceholder.cpp')
      C:\Program Files (x86)\Microsoft Visual Studio\2022\BuildTools\VC\Tools\MSVC\14.44.35207\atlmfc\include\cstringt.h(999,7):
      see declaration of 'ATL::CStringT<wchar_t,ATL::StrTraitATL<wchar_t,ATL::ChTraitsCRT<wchar_t>>>'
  
C:\Users\mcmco\Desktop\WMMR\src\MovieMakerCore\StoryboardManager\Serialization\ValueVariantRef.h(127,37): warning C4251: 'StoryboardManager::ValueVariantRefArray::m_arrVariants': 'ATL::CAtlArray<StoryboardManager::ValueVariantRef,ATL::CElementTraits<E>>' needs to have dll-interface to be used by clients of 'StoryboardManager::ValueVariantRefArray' [C:\Users\mcmco\Desktop\WMMR\build\src\MovieMakerCore\MovieMakerCore.vcxproj]
C:\Users\mcmco\Desktop\WMMR\src\MovieMakerCore\StoryboardManager\Serialization\ValueVariantRef.h(127,37): warning C4251:         with [C:\Users\mcmco\Desktop\WMMR\build\src\MovieMakerCore\MovieMakerCore.vcxproj]
C:\Users\mcmco\Desktop\WMMR\src\MovieMakerCore\StoryboardManager\Serialization\ValueVariantRef.h(127,37): warning C4251:         [ [C:\Users\mcmco\Desktop\WMMR\build\src\MovieMakerCore\MovieMakerCore.vcxproj]
C:\Users\mcmco\Desktop\WMMR\src\MovieMakerCore\StoryboardManager\Serialization\ValueVariantRef.h(127,37): warning C4251:             E=StoryboardManager::ValueVariantRef [C:\Users\mcmco\Desktop\WMMR\build\src\MovieMakerCore\MovieMakerCore.vcxproj]
C:\Users\mcmco\Desktop\WMMR\src\MovieMakerCore\StoryboardManager\Serialization\ValueVariantRef.h(127,37): warning C4251:         ] [C:\Users\mcmco\Desktop\WMMR\build\src\MovieMakerCore\MovieMakerCore.vcxproj]
  (compiling source file '../../../src/MovieMakerCore/StoryboardManager/Serialization/BoundPlaceholder.cpp')
      C:\Program Files (x86)\Microsoft Visual Studio\2022\BuildTools\VC\Tools\MSVC\14.44.35207\atlmfc\include\atlcoll.h(530,7):
      see declaration of 'ATL::CAtlArray<StoryboardManager::ValueVariantRef,ATL::CElementTraits<E>>'
          with
          [
              E=StoryboardManager::ValueVariantRef
          ]
  
C:\Users\mcmco\Desktop\WMMR\src\MovieMakerCore\StoryboardManager\Serialization\BoundPropertyDictionary.h(89,35): warning C4251: 'StoryboardManager::BoundPropertyDictionary::m_arrProperties': 'ATL::CAtlArray<StoryboardManager::BoundPropertyDictionary::PropertyEntry,ATL::CElementTraits<E>>' needs to have dll-interface to be used by clients of 'StoryboardManager::BoundPropertyDictionary' [C:\Users\mcmco\Desktop\WMMR\build\src\MovieMakerCore\MovieMakerCore.vcxproj]
C:\Users\mcmco\Desktop\WMMR\src\MovieMakerCore\StoryboardManager\Serialization\BoundPropertyDictionary.h(89,35): warning C4251:         with [C:\Users\mcmco\Desktop\WMMR\build\src\MovieMakerCore\MovieMakerCore.vcxproj]
C:\Users\mcmco\Desktop\WMMR\src\MovieMakerCore\StoryboardManager\Serialization\BoundPropertyDictionary.h(89,35): warning C4251:         [ [C:\Users\mcmco\Desktop\WMMR\build\src\MovieMakerCore\MovieMakerCore.vcxproj]
C:\Users\mcmco\Desktop\WMMR\src\MovieMakerCore\StoryboardManager\Serialization\BoundPropertyDictionary.h(89,35): warning C4251:             E=StoryboardManager::BoundPropertyDictionary::PropertyEntry [C:\Users\mcmco\Desktop\WMMR\build\src\MovieMakerCore\MovieMakerCore.vcxproj]
C:\Users\mcmco\Desktop\WMMR\src\MovieMakerCore\StoryboardManager\Serialization\BoundPropertyDictionary.h(89,35): warning C4251:         ] [C:\Users\mcmco\Desktop\WMMR\build\src\MovieMakerCore\MovieMakerCore.vcxproj]
  (compiling source file '../../../src/MovieMakerCore/StoryboardManager/Serialization/BoundPlaceholder.cpp')
      C:\Program Files (x86)\Microsoft Visual Studio\2022\BuildTools\VC\Tools\MSVC\14.44.35207\atlmfc\include\atlcoll.h(530,7):
      see declaration of 'ATL::CAtlArray<StoryboardManager::BoundPropertyDictionary::PropertyEntry,ATL::CElementTraits<E>>'
          with
          [
              E=StoryboardManager::BoundPropertyDictionary::PropertyEntry
          ]
  
C:\Users\mcmco\Desktop\WMMR\src\MovieMakerCore\StoryboardManager\Serialization\BoundPlaceholder.h(135,30): warning C4251: 'StoryboardManager::BoundPlaceholder::m_strElementName': 'ATL::CStringT<wchar_t,ATL::StrTraitATL<wchar_t,ATL::ChTraitsCRT<wchar_t>>>' needs to have dll-interface to be used by clients of 'StoryboardManager::BoundPlaceholder' [C:\Users\mcmco\Desktop\WMMR\build\src\MovieMakerCore\MovieMakerCore.vcxproj]
  (compiling source file '../../../src/MovieMakerCore/StoryboardManager/Serialization/BoundPlaceholder.cpp')
      C:\Program Files (x86)\Microsoft Visual Studio\2022\BuildTools\VC\Tools\MSVC\14.44.35207\atlmfc\include\cstringt.h(999,7):
      see declaration of 'ATL::CStringT<wchar_t,ATL::StrTraitATL<wchar_t,ATL::ChTraitsCRT<wchar_t>>>'
  
C:\Users\mcmco\Desktop\WMMR\src\MovieMakerCore\StoryboardManager\Serialization\BoundPlaceholder.h(137,30): warning C4251: 'StoryboardManager::BoundPlaceholder::m_strBoundTemplateName': 'ATL::CStringT<wchar_t,ATL::StrTraitATL<wchar_t,ATL::ChTraitsCRT<wchar_t>>>' needs to have dll-interface to be used by clients of 'StoryboardManager::BoundPlaceholder' [C:\Users\mcmco\Desktop\WMMR\build\src\MovieMakerCore\MovieMakerCore.vcxproj]
  (compiling source file '../../../src/MovieMakerCore/StoryboardManager/Serialization/BoundPlaceholder.cpp')
      C:\Program Files (x86)\Microsoft Visual Studio\2022\BuildTools\VC\Tools\MSVC\14.44.35207\atlmfc\include\cstringt.h(999,7):
      see declaration of 'ATL::CStringT<wchar_t,ATL::StrTraitATL<wchar_t,ATL::ChTraitsCRT<wchar_t>>>'
  
C:\Users\mcmco\Desktop\WMMR\src\MovieMakerCore\StoryboardManager\Serialization\BoundPlaceholder.h(138,30): warning C4251: 'StoryboardManager::BoundPlaceholder::m_strTemplateSelector': 'ATL::CStringT<wchar_t,ATL::StrTraitATL<wchar_t,ATL::ChTraitsCRT<wchar_t>>>' needs to have dll-interface to be used by clients of 'StoryboardManager::BoundPlaceholder' [C:\Users\mcmco\Desktop\WMMR\build\src\MovieMakerCore\MovieMakerCore.vcxproj]
  (compiling source file '../../../src/MovieMakerCore/StoryboardManager/Serialization/BoundPlaceholder.cpp')
      C:\Program Files (x86)\Microsoft Visual Studio\2022\BuildTools\VC\Tools\MSVC\14.44.35207\atlmfc\include\cstringt.h(999,7):
      see declaration of 'ATL::CStringT<wchar_t,ATL::StrTraitATL<wchar_t,ATL::ChTraitsCRT<wchar_t>>>'
  
C:\Users\mcmco\Desktop\WMMR\src\MovieMakerCore\StoryboardManager\Serialization\BoundPlaceholder.h(142,31): warning C4251: 'StoryboardManager::BoundPlaceholder::m_arrAttributes': 'ATL::CAtlArray<StoryboardManager::BoundPlaceholder::Attribute,ATL::CElementTraits<E>>' needs to have dll-interface to be used by clients of 'StoryboardManager::BoundPlaceholder' [C:\Users\mcmco\Desktop\WMMR\build\src\MovieMakerCore\MovieMakerCore.vcxproj]
C:\Users\mcmco\Desktop\WMMR\src\MovieMakerCore\StoryboardManager\Serialization\BoundPlaceholder.h(142,31): warning C4251:         with [C:\Users\mcmco\Desktop\WMMR\build\src\MovieMakerCore\MovieMakerCore.vcxproj]
C:\Users\mcmco\Desktop\WMMR\src\MovieMakerCore\StoryboardManager\Serialization\BoundPlaceholder.h(142,31): warning C4251:         [ [C:\Users\mcmco\Desktop\WMMR\build\src\MovieMakerCore\MovieMakerCore.vcxproj]
C:\Users\mcmco\Desktop\WMMR\src\MovieMakerCore\StoryboardManager\Serialization\BoundPlaceholder.h(142,31): warning C4251:             E=StoryboardManager::BoundPlaceholder::Attribute [C:\Users\mcmco\Desktop\WMMR\build\src\MovieMakerCore\MovieMakerCore.vcxproj]
C:\Users\mcmco\Desktop\WMMR\src\MovieMakerCore\StoryboardManager\Serialization\BoundPlaceholder.h(142,31): warning C4251:         ] [C:\Users\mcmco\Desktop\WMMR\build\src\MovieMakerCore\MovieMakerCore.vcxproj]
  (compiling source file '../../../src/MovieMakerCore/StoryboardManager/Serialization/BoundPlaceholder.cpp')
      C:\Program Files (x86)\Microsoft Visual Studio\2022\BuildTools\VC\Tools\MSVC\14.44.35207\atlmfc\include\atlcoll.h(530,7):
      see declaration of 'ATL::CAtlArray<StoryboardManager::BoundPlaceholder::Attribute,ATL::CElementTraits<E>>'
          with
          [
              E=StoryboardManager::BoundPlaceholder::Attribute
          ]
  
C:\Users\mcmco\Desktop\WMMR\src\MovieMakerCore\StoryboardManager\Serialization\BoundPlaceholder.h(194,39): warning C4251: 'StoryboardManager::BoundPlaceholderContainer::m_arrPlaceholders': 'ATL::CAtlArray<StoryboardManager::BoundPlaceholder *,ATL::CElementTraits<E>>' needs to have dll-interface to be used by clients of 'StoryboardManager::BoundPlaceholderContainer' [C:\Users\mcmco\Desktop\WMMR\build\src\MovieMakerCore\MovieMakerCore.vcxproj]
C:\Users\mcmco\Desktop\WMMR\src\MovieMakerCore\StoryboardManager\Serialization\BoundPlaceholder.h(194,39): warning C4251:         with [C:\Users\mcmco\Desktop\WMMR\build\src\MovieMakerCore\MovieMakerCore.vcxproj]
C:\Users\mcmco\Desktop\WMMR\src\MovieMakerCore\StoryboardManager\Serialization\BoundPlaceholder.h(194,39): warning C4251:         [ [C:\Users\mcmco\Desktop\WMMR\build\src\MovieMakerCore\MovieMakerCore.vcxproj]
C:\Users\mcmco\Desktop\WMMR\src\MovieMakerCore\StoryboardManager\Serialization\BoundPlaceholder.h(194,39): warning C4251:             E=StoryboardManager::BoundPlaceholder * [C:\Users\mcmco\Desktop\WMMR\build\src\MovieMakerCore\MovieMakerCore.vcxproj]
C:\Users\mcmco\Desktop\WMMR\src\MovieMakerCore\StoryboardManager\Serialization\BoundPlaceholder.h(194,39): warning C4251:         ] [C:\Users\mcmco\Desktop\WMMR\build\src\MovieMakerCore\MovieMakerCore.vcxproj]
  (compiling source file '../../../src/MovieMakerCore/StoryboardManager/Serialization/BoundPlaceholder.cpp')
      C:\Program Files (x86)\Microsoft Visual Studio\2022\BuildTools\VC\Tools\MSVC\14.44.35207\atlmfc\include\atlcoll.h(530,7):
      see declaration of 'ATL::CAtlArray<StoryboardManager::BoundPlaceholder *,ATL::CElementTraits<E>>'
          with
          [
              E=StoryboardManager::BoundPlaceholder *
          ]
  
C:\Users\mcmco\Desktop\WMMR\src\MovieMakerCore\StoryboardManager\Serialization\BoundPlaceholder.cpp(54,22): error C2248: 'ATL::CAtlArray<StoryboardManager::BoundPlaceholder::Attribute,ATL::CElementTraits<E>>::CAtlArray': cannot access private member declared in class 'ATL::CAtlArray<StoryboardManager::BoundPlaceholder::Attribute,ATL::CElementTraits<E>>' [C:\Users\mcmco\Desktop\WMMR\build\src\MovieMakerCore\MovieMakerCore.vcxproj]
C:\Users\mcmco\Desktop\WMMR\src\MovieMakerCore\StoryboardManager\Serialization\BoundPlaceholder.cpp(54,22): error C2248:         with [C:\Users\mcmco\Desktop\WMMR\build\src\MovieMakerCore\MovieMakerCore.vcxproj]
C:\Users\mcmco\Desktop\WMMR\src\MovieMakerCore\StoryboardManager\Serialization\BoundPlaceholder.cpp(54,22): error C2248:         [ [C:\Users\mcmco\Desktop\WMMR\build\src\MovieMakerCore\MovieMakerCore.vcxproj]
C:\Users\mcmco\Desktop\WMMR\src\MovieMakerCore\StoryboardManager\Serialization\BoundPlaceholder.cpp(54,22): error C2248:             E=StoryboardManager::BoundPlaceholder::Attribute [C:\Users\mcmco\Desktop\WMMR\build\src\MovieMakerCore\MovieMakerCore.vcxproj]
C:\Users\mcmco\Desktop\WMMR\src\MovieMakerCore\StoryboardManager\Serialization\BoundPlaceholder.cpp(54,22): error C2248:         ] [C:\Users\mcmco\Desktop\WMMR\build\src\MovieMakerCore\MovieMakerCore.vcxproj]
      C:\Program Files (x86)\Microsoft Visual Studio\2022\BuildTools\VC\Tools\MSVC\14.44.35207\atlmfc\include\atlcoll.h(606,2):
      see declaration of 'ATL::CAtlArray<StoryboardManager::BoundPlaceholder::Attribute,ATL::CElementTraits<E>>::CAtlArray'
          with
          [
              E=StoryboardManager::BoundPlaceholder::Attribute
          ]
      C:\Program Files (x86)\Microsoft Visual Studio\2022\BuildTools\VC\Tools\MSVC\14.44.35207\atlmfc\include\atlcoll.h(530,7):
      see declaration of 'ATL::CAtlArray<StoryboardManager::BoundPlaceholder::Attribute,ATL::CElementTraits<E>>'
          with
          [
              E=StoryboardManager::BoundPlaceholder::Attribute
          ]
  
C:\Users\mcmco\Desktop\WMMR\src\MovieMakerCore\StoryboardManager\Serialization\BoundPlaceholder.cpp(71,32): error C2248: 'ATL::CAtlArray<StoryboardManager::BoundPlaceholder::Attribute,ATL::CElementTraits<E>>::operator =': cannot access private member declared in class 'ATL::CAtlArray<StoryboardManager::BoundPlaceholder::Attribute,ATL::CElementTraits<E>>' [C:\Users\mcmco\Desktop\WMMR\build\src\MovieMakerCore\MovieMakerCore.vcxproj]
C:\Users\mcmco\Desktop\WMMR\src\MovieMakerCore\StoryboardManager\Serialization\BoundPlaceholder.cpp(71,32): error C2248:         with [C:\Users\mcmco\Desktop\WMMR\build\src\MovieMakerCore\MovieMakerCore.vcxproj]
C:\Users\mcmco\Desktop\WMMR\src\MovieMakerCore\StoryboardManager\Serialization\BoundPlaceholder.cpp(71,32): error C2248:         [ [C:\Users\mcmco\Desktop\WMMR\build\src\MovieMakerCore\MovieMakerCore.vcxproj]
C:\Users\mcmco\Desktop\WMMR\src\MovieMakerCore\StoryboardManager\Serialization\BoundPlaceholder.cpp(71,32): error C2248:             E=StoryboardManager::BoundPlaceholder::Attribute [C:\Users\mcmco\Desktop\WMMR\build\src\MovieMakerCore\MovieMakerCore.vcxproj]
C:\Users\mcmco\Desktop\WMMR\src\MovieMakerCore\StoryboardManager\Serialization\BoundPlaceholder.cpp(71,32): error C2248:         ] [C:\Users\mcmco\Desktop\WMMR\build\src\MovieMakerCore\MovieMakerCore.vcxproj]
      C:\Program Files (x86)\Microsoft Visual Studio\2022\BuildTools\VC\Tools\MSVC\14.44.35207\atlmfc\include\atlcoll.h(607,13):
      see declaration of 'ATL::CAtlArray<StoryboardManager::BoundPlaceholder::Attribute,ATL::CElementTraits<E>>::operator ='
          with
          [
              E=StoryboardManager::BoundPlaceholder::Attribute
          ]
      C:\Program Files (x86)\Microsoft Visual Studio\2022\BuildTools\VC\Tools\MSVC\14.44.35207\atlmfc\include\atlcoll.h(530,7):
      see declaration of 'ATL::CAtlArray<StoryboardManager::BoundPlaceholder::Attribute,ATL::CElementTraits<E>>'
          with
          [
              E=StoryboardManager::BoundPlaceholder::Attribute
          ]
  
  EngineDX.cpp
C:\Users\mcmco\Desktop\WMMR\src\MovieMakerCore\pch.h(21,9): warning C4005: 'WINVER': macro redefinition [C:\Users\mcmco\Desktop\WMMR\build\src\MovieMakerCore\MovieMakerCore.vcxproj]
  (compiling source file '../../../src/MovieMakerCore/HMREngine/DXResources/EngineDX.cpp')
      C:\Users\mcmco\Desktop\WMMR\src\MovieMakerCore\pch.h(21,9):
      'WINVER' previously declared on the command line
  
C:\Users\mcmco\Desktop\WMMR\src\MovieMakerCore\pch.h(22,9): warning C4005: '_WIN32_WINNT': macro redefinition [C:\Users\mcmco\Desktop\WMMR\build\src\MovieMakerCore\MovieMakerCore.vcxproj]
  (compiling source file '../../../src/MovieMakerCore/HMREngine/DXResources/EngineDX.cpp')
      C:\Users\mcmco\Desktop\WMMR\src\MovieMakerCore\pch.h(22,9):
      '_WIN32_WINNT' previously declared on the command line
  
C:\Users\mcmco\Desktop\WMMR\src\MovieMakerCore\pch.h(30,9): warning C4005: 'WIN32_LEAN_AND_MEAN': macro redefinition [C:\Users\mcmco\Desktop\WMMR\build\src\MovieMakerCore\MovieMakerCore.vcxproj]
  (compiling source file '../../../src/MovieMakerCore/HMREngine/DXResources/EngineDX.cpp')
      C:\Users\mcmco\Desktop\WMMR\src\MovieMakerCore\pch.h(30,9):
      'WIN32_LEAN_AND_MEAN' previously declared on the command line
  
C:\Users\mcmco\Desktop\WMMR\src\MovieMakerCore\pch.h(31,9): warning C4005: 'NOMINMAX': macro redefinition [C:\Users\mcmco\Desktop\WMMR\build\src\MovieMakerCore\MovieMakerCore.vcxproj]
  (compiling source file '../../../src/MovieMakerCore/HMREngine/DXResources/EngineDX.cpp')
      C:\Users\mcmco\Desktop\WMMR\src\MovieMakerCore\pch.h(31,9):
      'NOMINMAX' previously declared on the command line
  
C:\Users\mcmco\Desktop\WMMR\src\MovieMakerCore\pch.h(32,9): warning C4005: '_CRT_SECURE_NO_WARNINGS': macro redefinition [C:\Users\mcmco\Desktop\WMMR\build\src\MovieMakerCore\MovieMakerCore.vcxproj]
  (compiling source file '../../../src/MovieMakerCore/HMREngine/DXResources/EngineDX.cpp')
      C:\Users\mcmco\Desktop\WMMR\src\MovieMakerCore\pch.h(32,9):
      '_CRT_SECURE_NO_WARNINGS' previously declared on the command line
  
C:\Users\mcmco\Desktop\WMMR\src\MovieMakerCore\pch.h(33,9): warning C4005: '_WINDLL': macro redefinition [C:\Users\mcmco\Desktop\WMMR\build\src\MovieMakerCore\MovieMakerCore.vcxproj]
  (compiling source file '../../../src/MovieMakerCore/HMREngine/DXResources/EngineDX.cpp')
      C:\Users\mcmco\Desktop\WMMR\src\MovieMakerCore\pch.h(33,9):
      '_WINDLL' previously declared on the command line
  
C:\Users\mcmco\Desktop\WMMR\src\MovieMakerCore\pch.h(34,9): warning C4005: '_AFXDLL': macro redefinition [C:\Users\mcmco\Desktop\WMMR\build\src\MovieMakerCore\MovieMakerCore.vcxproj]
  (compiling source file '../../../src/MovieMakerCore/HMREngine/DXResources/EngineDX.cpp')
      C:\Users\mcmco\Desktop\WMMR\src\MovieMakerCore\pch.h(34,9):
      '_AFXDLL' previously declared on the command line
  
C:\Users\mcmco\Desktop\WMMR\src\MovieMakerCore\pch.h(35,9): warning C4005: '_ATL_CSTRING_EXPLICIT_CONSTRUCTORS': macro redefinition [C:\Users\mcmco\Desktop\WMMR\build\src\MovieMakerCore\MovieMakerCore.vcxproj]
  (compiling source file '../../../src/MovieMakerCore/HMREngine/DXResources/EngineDX.cpp')
      C:\Users\mcmco\Desktop\WMMR\src\MovieMakerCore\pch.h(35,9):
      '_ATL_CSTRING_EXPLICIT_CONSTRUCTORS' previously declared on the command line
  
C:\Users\mcmco\Desktop\WMMR\src\MovieMakerCore\pch.h(36,9): warning C4005: '_ATL_ALL_WARNINGS': macro redefinition [C:\Users\mcmco\Desktop\WMMR\build\src\MovieMakerCore\MovieMakerCore.vcxproj]
  (compiling source file '../../../src/MovieMakerCore/HMREngine/DXResources/EngineDX.cpp')
      C:\Users\mcmco\Desktop\WMMR\src\MovieMakerCore\pch.h(36,9):
      '_ATL_ALL_WARNINGS' previously declared on the command line
  
C:\Users\mcmco\Desktop\WMMR\src\WLXPhotoBase\BaseTypes.h(536,18): warning C4251: 'Base::File::m_strPath': 'ATL::CStringT<wchar_t,ATL::StrTraitATL<wchar_t,ATL::ChTraitsCRT<wchar_t>>>' needs to have dll-interface to be used by clients of 'Base::File' [C:\Users\mcmco\Desktop\WMMR\build\src\MovieMakerCore\MovieMakerCore.vcxproj]
  (compiling source file '../../../src/MovieMakerCore/StoryboardManager/Serialization/SnapShot.cpp')
      C:\Program Files (x86)\Microsoft Visual Studio\2022\BuildTools\VC\Tools\MSVC\14.44.35207\atlmfc\include\cstringt.h(999,7):
      see declaration of 'ATL::CStringT<wchar_t,ATL::StrTraitATL<wchar_t,ATL::ChTraitsCRT<wchar_t>>>'
  
C:\Users\mcmco\Desktop\WMMR\src\WLXPhotoBase\BaseTypes.h(568,18): warning C4251: 'Base::TempFile::m_strPath': 'ATL::CStringT<wchar_t,ATL::StrTraitATL<wchar_t,ATL::ChTraitsCRT<wchar_t>>>' needs to have dll-interface to be used by clients of 'Base::TempFile' [C:\Users\mcmco\Desktop\WMMR\build\src\MovieMakerCore\MovieMakerCore.vcxproj]
  (compiling source file '../../../src/MovieMakerCore/StoryboardManager/Serialization/SnapShot.cpp')
      C:\Program Files (x86)\Microsoft Visual Studio\2022\BuildTools\VC\Tools\MSVC\14.44.35207\atlmfc\include\cstringt.h(999,7):
      see declaration of 'ATL::CStringT<wchar_t,ATL::StrTraitATL<wchar_t,ATL::ChTraitsCRT<wchar_t>>>'
  
C:\Users\mcmco\Desktop\WMMR\src\WLXPhotoBase\BaseTypes.h(661,21): warning C4251: 'Base::FindFile::m_strDirectory': 'ATL::CStringT<wchar_t,ATL::StrTraitATL<wchar_t,ATL::ChTraitsCRT<wchar_t>>>' needs to have dll-interface to be used by clients of 'Base::FindFile' [C:\Users\mcmco\Desktop\WMMR\build\src\MovieMakerCore\MovieMakerCore.vcxproj]
  (compiling source file '../../../src/MovieMakerCore/StoryboardManager/Serialization/SnapShot.cpp')
      C:\Program Files (x86)\Microsoft Visual Studio\2022\BuildTools\VC\Tools\MSVC\14.44.35207\atlmfc\include\cstringt.h(999,7):
      see declaration of 'ATL::CStringT<wchar_t,ATL::StrTraitATL<wchar_t,ATL::ChTraitsCRT<wchar_t>>>'
  
C:\Users\mcmco\Desktop\WMMR\src\WLXPhotoBase\BaseTypes.h(724,25): warning C4251: 'Base::IntSet::m_values': 'ATL::CAtlArray<int,ATL::CElementTraits<int>>' needs to have dll-interface to be used by clients of 'Base::IntSet' [C:\Users\mcmco\Desktop\WMMR\build\src\MovieMakerCore\MovieMakerCore.vcxproj]
  (compiling source file '../../../src/MovieMakerCore/StoryboardManager/Serialization/SnapShot.cpp')
      C:\Program Files (x86)\Microsoft Visual Studio\2022\BuildTools\VC\Tools\MSVC\14.44.35207\atlmfc\include\atlcoll.h(530,7):
      see declaration of 'ATL::CAtlArray<int,ATL::CElementTraits<int>>'
  
C:\Users\mcmco\Desktop\WMMR\src\MovieMakerCore\StoryboardManager\StoryboardManagerExceptions.h(56,18): warning C4251: 'StoryboardManager::StoryboardManagerException::m_strMessage': 'ATL::CStringT<wchar_t,ATL::StrTraitATL<wchar_t,ATL::ChTraitsCRT<wchar_t>>>' needs to have dll-interface to be used by clients of 'StoryboardManager::StoryboardManagerException' [C:\Users\mcmco\Desktop\WMMR\build\src\MovieMakerCore\MovieMakerCore.vcxproj]
  (compiling source file '../../../src/MovieMakerCore/StoryboardManager/Serialization/SnapShot.cpp')
      C:\Program Files (x86)\Microsoft Visual Studio\2022\BuildTools\VC\Tools\MSVC\14.44.35207\atlmfc\include\cstringt.h(999,7):
      see declaration of 'ATL::CStringT<wchar_t,ATL::StrTraitATL<wchar_t,ATL::ChTraitsCRT<wchar_t>>>'
  
C:\Users\mcmco\Desktop\WMMR\src\MovieMakerCore\StoryboardManager\StoryboardManagerExceptions.h(86,18): warning C4251: 'StoryboardManager::TemplateInitializationException::m_strTemplateName': 'ATL::CStringT<wchar_t,ATL::StrTraitATL<wchar_t,ATL::ChTraitsCRT<wchar_t>>>' needs to have dll-interface to be used by clients of 'StoryboardManager::TemplateInitializationException' [C:\Users\mcmco\Desktop\WMMR\build\src\MovieMakerCore\MovieMakerCore.vcxproj]
  (compiling source file '../../../src/MovieMakerCore/StoryboardManager/Serialization/SnapShot.cpp')
      C:\Program Files (x86)\Microsoft Visual Studio\2022\BuildTools\VC\Tools\MSVC\14.44.35207\atlmfc\include\cstringt.h(999,7):
      see declaration of 'ATL::CStringT<wchar_t,ATL::StrTraitATL<wchar_t,ATL::ChTraitsCRT<wchar_t>>>'
  
C:\Users\mcmco\Desktop\WMMR\src\MovieMakerCore\StoryboardManager\StoryboardManagerExceptions.h(119,18): warning C4251: 'StoryboardManager::ScriptInitializationException::m_strScriptPath': 'ATL::CStringT<wchar_t,ATL::StrTraitATL<wchar_t,ATL::ChTraitsCRT<wchar_t>>>' needs to have dll-interface to be used by clients of 'StoryboardManager::ScriptInitializationException' [C:\Users\mcmco\Desktop\WMMR\build\src\MovieMakerCore\MovieMakerCore.vcxproj]
  (compiling source file '../../../src/MovieMakerCore/StoryboardManager/Serialization/SnapShot.cpp')
      C:\Program Files (x86)\Microsoft Visual Studio\2022\BuildTools\VC\Tools\MSVC\14.44.35207\atlmfc\include\cstringt.h(999,7):
      see declaration of 'ATL::CStringT<wchar_t,ATL::StrTraitATL<wchar_t,ATL::ChTraitsCRT<wchar_t>>>'
  
C:\Users\mcmco\Desktop\WMMR\src\MovieMakerCore\StoryboardManager\StoryboardManagerExceptions.h(120,18): warning C4251: 'StoryboardManager::ScriptInitializationException::m_strScriptEngineId': 'ATL::CStringT<wchar_t,ATL::StrTraitATL<wchar_t,ATL::ChTraitsCRT<wchar_t>>>' needs to have dll-interface to be used by clients of 'StoryboardManager::ScriptInitializationException' [C:\Users\mcmco\Desktop\WMMR\build\src\MovieMakerCore\MovieMakerCore.vcxproj]
  (compiling source file '../../../src/MovieMakerCore/StoryboardManager/Serialization/SnapShot.cpp')
      C:\Program Files (x86)\Microsoft Visual Studio\2022\BuildTools\VC\Tools\MSVC\14.44.35207\atlmfc\include\cstringt.h(999,7):
      see declaration of 'ATL::CStringT<wchar_t,ATL::StrTraitATL<wchar_t,ATL::ChTraitsCRT<wchar_t>>>'
  
C:\Users\mcmco\Desktop\WMMR\src\MovieMakerCore\StoryboardManager\StoryboardManagerExceptions.h(156,18): warning C4251: 'StoryboardManager::EncodeInitializationException::m_strOutputFormat': 'ATL::CStringT<wchar_t,ATL::StrTraitATL<wchar_t,ATL::ChTraitsCRT<wchar_t>>>' needs to have dll-interface to be used by clients of 'StoryboardManager::EncodeInitializationException' [C:\Users\mcmco\Desktop\WMMR\build\src\MovieMakerCore\MovieMakerCore.vcxproj]
  (compiling source file '../../../src/MovieMakerCore/StoryboardManager/Serialization/SnapShot.cpp')
      C:\Program Files (x86)\Microsoft Visual Studio\2022\BuildTools\VC\Tools\MSVC\14.44.35207\atlmfc\include\cstringt.h(999,7):
      see declaration of 'ATL::CStringT<wchar_t,ATL::StrTraitATL<wchar_t,ATL::ChTraitsCRT<wchar_t>>>'
  
C:\Users\mcmco\Desktop\WMMR\src\MovieMakerCore\StoryboardManager\StoryboardManagerExceptions.h(157,18): warning C4251: 'StoryboardManager::EncodeInitializationException::m_strCodecName': 'ATL::CStringT<wchar_t,ATL::StrTraitATL<wchar_t,ATL::ChTraitsCRT<wchar_t>>>' needs to have dll-interface to be used by clients of 'StoryboardManager::EncodeInitializationException' [C:\Users\mcmco\Desktop\WMMR\build\src\MovieMakerCore\MovieMakerCore.vcxproj]
  (compiling source file '../../../src/MovieMakerCore/StoryboardManager/Serialization/SnapShot.cpp')
      C:\Program Files (x86)\Microsoft Visual Studio\2022\BuildTools\VC\Tools\MSVC\14.44.35207\atlmfc\include\cstringt.h(999,7):
      see declaration of 'ATL::CStringT<wchar_t,ATL::StrTraitATL<wchar_t,ATL::ChTraitsCRT<wchar_t>>>'
  
C:\Users\mcmco\Desktop\WMMR\src\MovieMakerCore\StoryboardManager\TimelineTrack.h(99,25): warning C4251: 'StoryboardManager::TimelineTrack::m_strDisplayName': 'ATL::CStringT<wchar_t,ATL::StrTraitATL<wchar_t,ATL::ChTraitsCRT<wchar_t>>>' needs to have dll-interface to be used by clients of 'StoryboardManager::TimelineTrack' [C:\Users\mcmco\Desktop\WMMR\build\src\MovieMakerCore\MovieMakerCore.vcxproj]
  (compiling source file '../../../src/MovieMakerCore/StoryboardManager/Serialization/SnapShot.cpp')
      C:\Program Files (x86)\Microsoft Visual Studio\2022\BuildTools\VC\Tools\MSVC\14.44.35207\atlmfc\include\cstringt.h(999,7):
      see declaration of 'ATL::CStringT<wchar_t,ATL::StrTraitATL<wchar_t,ATL::ChTraitsCRT<wchar_t>>>'
  
C:\Users\mcmco\Desktop\WMMR\src\MovieMakerCore\StoryboardManager\TimelineTrack.h(106,25): error C2079: 'StoryboardManager::TimelineTrack::m_timeline' uses undefined class 'StoryboardManager::ProjectTimeline' [C:\Users\mcmco\Desktop\WMMR\build\src\MovieMakerCore\MovieMakerCore.vcxproj]
  (compiling source file '../../../src/MovieMakerCore/StoryboardManager/Serialization/SnapShot.cpp')
  
C:\Users\mcmco\Desktop\WMMR\src\MovieMakerCore\StoryboardManager\TimelineTrack.h(151,36): warning C4251: 'StoryboardManager::TimelineTrackManager::m_arrTracks': 'ATL::CAtlArray<StoryboardManager::TimelineTrack *,ATL::CElementTraits<E>>' needs to have dll-interface to be used by clients of 'StoryboardManager::TimelineTrackManager' [C:\Users\mcmco\Desktop\WMMR\build\src\MovieMakerCore\MovieMakerCore.vcxproj]
C:\Users\mcmco\Desktop\WMMR\src\MovieMakerCore\StoryboardManager\TimelineTrack.h(151,36): warning C4251:         with [C:\Users\mcmco\Desktop\WMMR\build\src\MovieMakerCore\MovieMakerCore.vcxproj]
C:\Users\mcmco\Desktop\WMMR\src\MovieMakerCore\StoryboardManager\TimelineTrack.h(151,36): warning C4251:         [ [C:\Users\mcmco\Desktop\WMMR\build\src\MovieMakerCore\MovieMakerCore.vcxproj]
C:\Users\mcmco\Desktop\WMMR\src\MovieMakerCore\StoryboardManager\TimelineTrack.h(151,36): warning C4251:             E=StoryboardManager::TimelineTrack * [C:\Users\mcmco\Desktop\WMMR\build\src\MovieMakerCore\MovieMakerCore.vcxproj]
C:\Users\mcmco\Desktop\WMMR\src\MovieMakerCore\StoryboardManager\TimelineTrack.h(151,36): warning C4251:         ] [C:\Users\mcmco\Desktop\WMMR\build\src\MovieMakerCore\MovieMakerCore.vcxproj]
  (compiling source file '../../../src/MovieMakerCore/StoryboardManager/Serialization/SnapShot.cpp')
      C:\Program Files (x86)\Microsoft Visual Studio\2022\BuildTools\VC\Tools\MSVC\14.44.35207\atlmfc\include\atlcoll.h(530,7):
      see declaration of 'ATL::CAtlArray<StoryboardManager::TimelineTrack *,ATL::CElementTraits<E>>'
          with
          [
              E=StoryboardManager::TimelineTrack *
          ]
  
C:\Users\mcmco\Desktop\WMMR\src\MovieMakerCore\StoryboardManager\MovieExtent.h(151,25): warning C4251: 'StoryboardManager::MovieExtent::m_strTitleText': 'ATL::CStringT<wchar_t,ATL::StrTraitATL<wchar_t,ATL::ChTraitsCRT<wchar_t>>>' needs to have dll-interface to be used by clients of 'StoryboardManager::MovieExtent' [C:\Users\mcmco\Desktop\WMMR\build\src\MovieMakerCore\MovieMakerCore.vcxproj]
  (compiling source file '../../../src/MovieMakerCore/StoryboardManager/Serialization/SnapShot.cpp')
      C:\Program Files (x86)\Microsoft Visual Studio\2022\BuildTools\VC\Tools\MSVC\14.44.35207\atlmfc\include\cstringt.h(999,7):
      see declaration of 'ATL::CStringT<wchar_t,ATL::StrTraitATL<wchar_t,ATL::ChTraitsCRT<wchar_t>>>'
  
C:\Users\mcmco\Desktop\WMMR\src\MovieMakerCore\StoryboardManager\MovieExtent.h(152,25): warning C4251: 'StoryboardManager::MovieExtent::m_strTitleFontFamily': 'ATL::CStringT<wchar_t,ATL::StrTraitATL<wchar_t,ATL::ChTraitsCRT<wchar_t>>>' needs to have dll-interface to be used by clients of 'StoryboardManager::MovieExtent' [C:\Users\mcmco\Desktop\WMMR\build\src\MovieMakerCore\MovieMakerCore.vcxproj]
  (compiling source file '../../../src/MovieMakerCore/StoryboardManager/Serialization/SnapShot.cpp')
      C:\Program Files (x86)\Microsoft Visual Studio\2022\BuildTools\VC\Tools\MSVC\14.44.35207\atlmfc\include\cstringt.h(999,7):
      see declaration of 'ATL::CStringT<wchar_t,ATL::StrTraitATL<wchar_t,ATL::ChTraitsCRT<wchar_t>>>'
  
C:\Users\mcmco\Desktop\WMMR\src\MovieMakerCore\StoryboardManager\Extents.h(104,37): warning C4251: 'StoryboardManager::ExtentCollection::m_arrExtents': 'ATL::CAtlArray<StoryboardManager::MovieExtent *,ATL::CElementTraits<E>>' needs to have dll-interface to be used by clients of 'StoryboardManager::ExtentCollection' [C:\Users\mcmco\Desktop\WMMR\build\src\MovieMakerCore\MovieMakerCore.vcxproj]
C:\Users\mcmco\Desktop\WMMR\src\MovieMakerCore\StoryboardManager\Extents.h(104,37): warning C4251:         with [C:\Users\mcmco\Desktop\WMMR\build\src\MovieMakerCore\MovieMakerCore.vcxproj]
C:\Users\mcmco\Desktop\WMMR\src\MovieMakerCore\StoryboardManager\Extents.h(104,37): warning C4251:         [ [C:\Users\mcmco\Desktop\WMMR\build\src\MovieMakerCore\MovieMakerCore.vcxproj]
C:\Users\mcmco\Desktop\WMMR\src\MovieMakerCore\StoryboardManager\Extents.h(104,37): warning C4251:             E=StoryboardManager::MovieExtent * [C:\Users\mcmco\Desktop\WMMR\build\src\MovieMakerCore\MovieMakerCore.vcxproj]
C:\Users\mcmco\Desktop\WMMR\src\MovieMakerCore\StoryboardManager\Extents.h(104,37): warning C4251:         ] [C:\Users\mcmco\Desktop\WMMR\build\src\MovieMakerCore\MovieMakerCore.vcxproj]
  (compiling source file '../../../src/MovieMakerCore/StoryboardManager/Serialization/SnapShot.cpp')
      C:\Program Files (x86)\Microsoft Visual Studio\2022\BuildTools\VC\Tools\MSVC\14.44.35207\atlmfc\include\atlcoll.h(530,7):
      see declaration of 'ATL::CAtlArray<StoryboardManager::MovieExtent *,ATL::CElementTraits<E>>'
          with
          [
              E=StoryboardManager::MovieExtent *
          ]
  
C:\Users\mcmco\Desktop\WMMR\src\MovieMakerCore\StoryboardManager\Extents.h(158,27): warning C4251: 'StoryboardManager::ExtentIdSet::m_arrIds': 'ATL::CAtlArray<DWORD,ATL::CElementTraits<unsigned long>>' needs to have dll-interface to be used by clients of 'StoryboardManager::ExtentIdSet' [C:\Users\mcmco\Desktop\WMMR\build\src\MovieMakerCore\MovieMakerCore.vcxproj]
  (compiling source file '../../../src/MovieMakerCore/StoryboardManager/Serialization/SnapShot.cpp')
      C:\Program Files (x86)\Microsoft Visual Studio\2022\BuildTools\VC\Tools\MSVC\14.44.35207\atlmfc\include\atlcoll.h(530,7):
      see declaration of 'ATL::CAtlArray<DWORD,ATL::CElementTraits<unsigned long>>'
  
C:\Users\mcmco\Desktop\WMMR\src\MovieMakerCore\StoryboardManager\Templates.h(127,25): warning C4251: 'StoryboardManager::ThemeEffect::m_strX3dClipName': 'ATL::CStringT<wchar_t,ATL::StrTraitATL<wchar_t,ATL::ChTraitsCRT<wchar_t>>>' needs to have dll-interface to be used by clients of 'StoryboardManager::ThemeEffect' [C:\Users\mcmco\Desktop\WMMR\build\src\MovieMakerCore\MovieMakerCore.vcxproj]
  (compiling source file '../../../src/MovieMakerCore/StoryboardManager/Serialization/SnapShot.cpp')
      C:\Program Files (x86)\Microsoft Visual Studio\2022\BuildTools\VC\Tools\MSVC\14.44.35207\atlmfc\include\cstringt.h(999,7):
      see declaration of 'ATL::CStringT<wchar_t,ATL::StrTraitATL<wchar_t,ATL::ChTraitsCRT<wchar_t>>>'
  
C:\Users\mcmco\Desktop\WMMR\src\MovieMakerCore\StoryboardManager\Templates.h(135,31): warning C4251: 'StoryboardManager::ThemeEffect::m_arrParameters': 'ATL::CAtlArray<StoryboardManager::ThemeEffect::Parameter,ATL::CElementTraits<E>>' needs to have dll-interface to be used by clients of 'StoryboardManager::ThemeEffect' [C:\Users\mcmco\Desktop\WMMR\build\src\MovieMakerCore\MovieMakerCore.vcxproj]
C:\Users\mcmco\Desktop\WMMR\src\MovieMakerCore\StoryboardManager\Templates.h(135,31): warning C4251:         with [C:\Users\mcmco\Desktop\WMMR\build\src\MovieMakerCore\MovieMakerCore.vcxproj]
C:\Users\mcmco\Desktop\WMMR\src\MovieMakerCore\StoryboardManager\Templates.h(135,31): warning C4251:         [ [C:\Users\mcmco\Desktop\WMMR\build\src\MovieMakerCore\MovieMakerCore.vcxproj]
C:\Users\mcmco\Desktop\WMMR\src\MovieMakerCore\StoryboardManager\Templates.h(135,31): warning C4251:             E=StoryboardManager::ThemeEffect::Parameter [C:\Users\mcmco\Desktop\WMMR\build\src\MovieMakerCore\MovieMakerCore.vcxproj]
C:\Users\mcmco\Desktop\WMMR\src\MovieMakerCore\StoryboardManager\Templates.h(135,31): warning C4251:         ] [C:\Users\mcmco\Desktop\WMMR\build\src\MovieMakerCore\MovieMakerCore.vcxproj]
  (compiling source file '../../../src/MovieMakerCore/StoryboardManager/Serialization/SnapShot.cpp')
      C:\Program Files (x86)\Microsoft Visual Studio\2022\BuildTools\VC\Tools\MSVC\14.44.35207\atlmfc\include\atlcoll.h(530,7):
      see declaration of 'ATL::CAtlArray<StoryboardManager::ThemeEffect::Parameter,ATL::CElementTraits<E>>'
          with
          [
              E=StoryboardManager::ThemeEffect::Parameter
          ]
  
C:\Users\mcmco\Desktop\WMMR\src\MovieMakerCore\StoryboardManager\Templates.h(206,21): warning C4251: 'StoryboardManager::AutoMovieTheme::m_strName': 'ATL::CStringT<wchar_t,ATL::StrTraitATL<wchar_t,ATL::ChTraitsCRT<wchar_t>>>' needs to have dll-interface to be used by clients of 'StoryboardManager::AutoMovieTheme' [C:\Users\mcmco\Desktop\WMMR\build\src\MovieMakerCore\MovieMakerCore.vcxproj]
  (compiling source file '../../../src/MovieMakerCore/StoryboardManager/Serialization/SnapShot.cpp')
      C:\Program Files (x86)\Microsoft Visual Studio\2022\BuildTools\VC\Tools\MSVC\14.44.35207\atlmfc\include\cstringt.h(999,7):
      see declaration of 'ATL::CStringT<wchar_t,ATL::StrTraitATL<wchar_t,ATL::ChTraitsCRT<wchar_t>>>'
  
C:\Users\mcmco\Desktop\WMMR\src\MovieMakerCore\StoryboardManager\Templates.h(207,21): warning C4251: 'StoryboardManager::AutoMovieTheme::m_strDisplayName': 'ATL::CStringT<wchar_t,ATL::StrTraitATL<wchar_t,ATL::ChTraitsCRT<wchar_t>>>' needs to have dll-interface to be used by clients of 'StoryboardManager::AutoMovieTheme' [C:\Users\mcmco\Desktop\WMMR\build\src\MovieMakerCore\MovieMakerCore.vcxproj]
  (compiling source file '../../../src/MovieMakerCore/StoryboardManager/Serialization/SnapShot.cpp')
      C:\Program Files (x86)\Microsoft Visual Studio\2022\BuildTools\VC\Tools\MSVC\14.44.35207\atlmfc\include\cstringt.h(999,7):
      see declaration of 'ATL::CStringT<wchar_t,ATL::StrTraitATL<wchar_t,ATL::ChTraitsCRT<wchar_t>>>'
  
C:\Users\mcmco\Desktop\WMMR\src\MovieMakerCore\StoryboardManager\Templates.h(208,21): warning C4251: 'StoryboardManager::AutoMovieTheme::m_strDescription': 'ATL::CStringT<wchar_t,ATL::StrTraitATL<wchar_t,ATL::ChTraitsCRT<wchar_t>>>' needs to have dll-interface to be used by clients of 'StoryboardManager::AutoMovieTheme' [C:\Users\mcmco\Desktop\WMMR\build\src\MovieMakerCore\MovieMakerCore.vcxproj]
  (compiling source file '../../../src/MovieMakerCore/StoryboardManager/Serialization/SnapShot.cpp')
      C:\Program Files (x86)\Microsoft Visual Studio\2022\BuildTools\VC\Tools\MSVC\14.44.35207\atlmfc\include\cstringt.h(999,7):
      see declaration of 'ATL::CStringT<wchar_t,ATL::StrTraitATL<wchar_t,ATL::ChTraitsCRT<wchar_t>>>'
  
C:\Users\mcmco\Desktop\WMMR\src\MovieMakerCore\StoryboardManager\Templates.h(209,21): warning C4251: 'StoryboardManager::AutoMovieTheme::m_strThumbnailPath': 'ATL::CStringT<wchar_t,ATL::StrTraitATL<wchar_t,ATL::ChTraitsCRT<wchar_t>>>' needs to have dll-interface to be used by clients of 'StoryboardManager::AutoMovieTheme' [C:\Users\mcmco\Desktop\WMMR\build\src\MovieMakerCore\MovieMakerCore.vcxproj]
  (compiling source file '../../../src/MovieMakerCore/StoryboardManager/Serialization/SnapShot.cpp')
      C:\Program Files (x86)\Microsoft Visual Studio\2022\BuildTools\VC\Tools\MSVC\14.44.35207\atlmfc\include\cstringt.h(999,7):
      see declaration of 'ATL::CStringT<wchar_t,ATL::StrTraitATL<wchar_t,ATL::ChTraitsCRT<wchar_t>>>'
  
C:\Users\mcmco\Desktop\WMMR\src\MovieMakerCore\StoryboardManager\Templates.h(210,21): warning C4251: 'StoryboardManager::AutoMovieTheme::m_strCategory': 'ATL::CStringT<wchar_t,ATL::StrTraitATL<wchar_t,ATL::ChTraitsCRT<wchar_t>>>' needs to have dll-interface to be used by clients of 'StoryboardManager::AutoMovieTheme' [C:\Users\mcmco\Desktop\WMMR\build\src\MovieMakerCore\MovieMakerCore.vcxproj]
  (compiling source file '../../../src/MovieMakerCore/StoryboardManager/Serialization/SnapShot.cpp')
      C:\Program Files (x86)\Microsoft Visual Studio\2022\BuildTools\VC\Tools\MSVC\14.44.35207\atlmfc\include\cstringt.h(999,7):
      see declaration of 'ATL::CStringT<wchar_t,ATL::StrTraitATL<wchar_t,ATL::ChTraitsCRT<wchar_t>>>'
  
C:\Users\mcmco\Desktop\WMMR\src\MovieMakerCore\StoryboardManager\Templates.h(211,21): warning C4251: 'StoryboardManager::AutoMovieTheme::m_strTitleFontFamily': 'ATL::CStringT<wchar_t,ATL::StrTraitATL<wchar_t,ATL::ChTraitsCRT<wchar_t>>>' needs to have dll-interface to be used by clients of 'StoryboardManager::AutoMovieTheme' [C:\Users\mcmco\Desktop\WMMR\build\src\MovieMakerCore\MovieMakerCore.vcxproj]
  (compiling source file '../../../src/MovieMakerCore/StoryboardManager/Serialization/SnapShot.cpp')
      C:\Program Files (x86)\Microsoft Visual Studio\2022\BuildTools\VC\Tools\MSVC\14.44.35207\atlmfc\include\cstringt.h(999,7):
      see declaration of 'ATL::CStringT<wchar_t,ATL::StrTraitATL<wchar_t,ATL::ChTraitsCRT<wchar_t>>>'
  
C:\Users\mcmco\Desktop\WMMR\src\MovieMakerCore\StoryboardManager\Templates.h(213,33): warning C4251: 'StoryboardManager::AutoMovieTheme::m_arrEffects': 'ATL::CAtlArray<StoryboardManager::ThemeEffect,ATL::CElementTraits<E>>' needs to have dll-interface to be used by clients of 'StoryboardManager::AutoMovieTheme' [C:\Users\mcmco\Desktop\WMMR\build\src\MovieMakerCore\MovieMakerCore.vcxproj]
C:\Users\mcmco\Desktop\WMMR\src\MovieMakerCore\StoryboardManager\Templates.h(213,33): warning C4251:         with [C:\Users\mcmco\Desktop\WMMR\build\src\MovieMakerCore\MovieMakerCore.vcxproj]
C:\Users\mcmco\Desktop\WMMR\src\MovieMakerCore\StoryboardManager\Templates.h(213,33): warning C4251:         [ [C:\Users\mcmco\Desktop\WMMR\build\src\MovieMakerCore\MovieMakerCore.vcxproj]
C:\Users\mcmco\Desktop\WMMR\src\MovieMakerCore\StoryboardManager\Templates.h(213,33): warning C4251:             E=StoryboardManager::ThemeEffect [C:\Users\mcmco\Desktop\WMMR\build\src\MovieMakerCore\MovieMakerCore.vcxproj]
C:\Users\mcmco\Desktop\WMMR\src\MovieMakerCore\StoryboardManager\Templates.h(213,33): warning C4251:         ] [C:\Users\mcmco\Desktop\WMMR\build\src\MovieMakerCore\MovieMakerCore.vcxproj]
  (compiling source file '../../../src/MovieMakerCore/StoryboardManager/Serialization/SnapShot.cpp')
      C:\Program Files (x86)\Microsoft Visual Studio\2022\BuildTools\VC\Tools\MSVC\14.44.35207\atlmfc\include\atlcoll.h(530,7):
      see declaration of 'ATL::CAtlArray<StoryboardManager::ThemeEffect,ATL::CElementTraits<E>>'
          with
          [
              E=StoryboardManager::ThemeEffect
          ]
  
C:\Users\mcmco\Desktop\WMMR\src\MovieMakerCore\StoryboardManager\Templates.h(273,25): warning C4251: 'StoryboardManager::TemplateEntry::m_strName': 'ATL::CStringT<wchar_t,ATL::StrTraitATL<wchar_t,ATL::ChTraitsCRT<wchar_t>>>' needs to have dll-interface to be used by clients of 'StoryboardManager::TemplateEntry' [C:\Users\mcmco\Desktop\WMMR\build\src\MovieMakerCore\MovieMakerCore.vcxproj]
  (compiling source file '../../../src/MovieMakerCore/StoryboardManager/Serialization/SnapShot.cpp')
      C:\Program Files (x86)\Microsoft Visual Studio\2022\BuildTools\VC\Tools\MSVC\14.44.35207\atlmfc\include\cstringt.h(999,7):
      see declaration of 'ATL::CStringT<wchar_t,ATL::StrTraitATL<wchar_t,ATL::ChTraitsCRT<wchar_t>>>'
  
C:\Users\mcmco\Desktop\WMMR\src\MovieMakerCore\StoryboardManager\Templates.h(274,25): warning C4251: 'StoryboardManager::TemplateEntry::m_strDisplayName': 'ATL::CStringT<wchar_t,ATL::StrTraitATL<wchar_t,ATL::ChTraitsCRT<wchar_t>>>' needs to have dll-interface to be used by clients of 'StoryboardManager::TemplateEntry' [C:\Users\mcmco\Desktop\WMMR\build\src\MovieMakerCore\MovieMakerCore.vcxproj]
  (compiling source file '../../../src/MovieMakerCore/StoryboardManager/Serialization/SnapShot.cpp')
      C:\Program Files (x86)\Microsoft Visual Studio\2022\BuildTools\VC\Tools\MSVC\14.44.35207\atlmfc\include\cstringt.h(999,7):
      see declaration of 'ATL::CStringT<wchar_t,ATL::StrTraitATL<wchar_t,ATL::ChTraitsCRT<wchar_t>>>'
  
C:\Users\mcmco\Desktop\WMMR\src\MovieMakerCore\StoryboardManager\Templates.h(275,25): warning C4251: 'StoryboardManager::TemplateEntry::m_strDescription': 'ATL::CStringT<wchar_t,ATL::StrTraitATL<wchar_t,ATL::ChTraitsCRT<wchar_t>>>' needs to have dll-interface to be used by clients of 'StoryboardManager::TemplateEntry' [C:\Users\mcmco\Desktop\WMMR\build\src\MovieMakerCore\MovieMakerCore.vcxproj]
  (compiling source file '../../../src/MovieMakerCore/StoryboardManager/Serialization/SnapShot.cpp')
      C:\Program Files (x86)\Microsoft Visual Studio\2022\BuildTools\VC\Tools\MSVC\14.44.35207\atlmfc\include\cstringt.h(999,7):
      see declaration of 'ATL::CStringT<wchar_t,ATL::StrTraitATL<wchar_t,ATL::ChTraitsCRT<wchar_t>>>'
  
C:\Users\mcmco\Desktop\WMMR\src\MovieMakerCore\StoryboardManager\Templates.h(276,25): warning C4251: 'StoryboardManager::TemplateEntry::m_strThumbnailPath': 'ATL::CStringT<wchar_t,ATL::StrTraitATL<wchar_t,ATL::ChTraitsCRT<wchar_t>>>' needs to have dll-interface to be used by clients of 'StoryboardManager::TemplateEntry' [C:\Users\mcmco\Desktop\WMMR\build\src\MovieMakerCore\MovieMakerCore.vcxproj]
  (compiling source file '../../../src/MovieMakerCore/StoryboardManager/Serialization/SnapShot.cpp')
      C:\Program Files (x86)\Microsoft Visual Studio\2022\BuildTools\VC\Tools\MSVC\14.44.35207\atlmfc\include\cstringt.h(999,7):
      see declaration of 'ATL::CStringT<wchar_t,ATL::StrTraitATL<wchar_t,ATL::ChTraitsCRT<wchar_t>>>'
  
C:\Users\mcmco\Desktop\WMMR\src\MovieMakerCore\StoryboardManager\Templates.h(343,37): warning C4251: 'StoryboardManager::TemplateTable::m_arrTemplates': 'ATL::CAtlArray<StoryboardManager::TemplateEntry *,ATL::CElementTraits<E>>' needs to have dll-interface to be used by clients of 'StoryboardManager::TemplateTable' [C:\Users\mcmco\Desktop\WMMR\build\src\MovieMakerCore\MovieMakerCore.vcxproj]
C:\Users\mcmco\Desktop\WMMR\src\MovieMakerCore\StoryboardManager\Templates.h(343,37): warning C4251:         with [C:\Users\mcmco\Desktop\WMMR\build\src\MovieMakerCore\MovieMakerCore.vcxproj]
C:\Users\mcmco\Desktop\WMMR\src\MovieMakerCore\StoryboardManager\Templates.h(343,37): warning C4251:         [ [C:\Users\mcmco\Desktop\WMMR\build\src\MovieMakerCore\MovieMakerCore.vcxproj]
C:\Users\mcmco\Desktop\WMMR\src\MovieMakerCore\StoryboardManager\Templates.h(343,37): warning C4251:             E=StoryboardManager::TemplateEntry * [C:\Users\mcmco\Desktop\WMMR\build\src\MovieMakerCore\MovieMakerCore.vcxproj]
C:\Users\mcmco\Desktop\WMMR\src\MovieMakerCore\StoryboardManager\Templates.h(343,37): warning C4251:         ] [C:\Users\mcmco\Desktop\WMMR\build\src\MovieMakerCore\MovieMakerCore.vcxproj]
  (compiling source file '../../../src/MovieMakerCore/StoryboardManager/Serialization/SnapShot.cpp')
      C:\Program Files (x86)\Microsoft Visual Studio\2022\BuildTools\VC\Tools\MSVC\14.44.35207\atlmfc\include\atlcoll.h(530,7):
      see declaration of 'ATL::CAtlArray<StoryboardManager::TemplateEntry *,ATL::CElementTraits<E>>'
          with
          [
              E=StoryboardManager::TemplateEntry *
          ]
  
C:\Users\mcmco\Desktop\WMMR\src\MovieMakerCore\StoryboardManager\Templates.h(344,37): warning C4251: 'StoryboardManager::TemplateTable::m_arrThemes': 'ATL::CAtlArray<StoryboardManager::AutoMovieTheme *,ATL::CElementTraits<E>>' needs to have dll-interface to be used by clients of 'StoryboardManager::TemplateTable' [C:\Users\mcmco\Desktop\WMMR\build\src\MovieMakerCore\MovieMakerCore.vcxproj]
C:\Users\mcmco\Desktop\WMMR\src\MovieMakerCore\StoryboardManager\Templates.h(344,37): warning C4251:         with [C:\Users\mcmco\Desktop\WMMR\build\src\MovieMakerCore\MovieMakerCore.vcxproj]
C:\Users\mcmco\Desktop\WMMR\src\MovieMakerCore\StoryboardManager\Templates.h(344,37): warning C4251:         [ [C:\Users\mcmco\Desktop\WMMR\build\src\MovieMakerCore\MovieMakerCore.vcxproj]
C:\Users\mcmco\Desktop\WMMR\src\MovieMakerCore\StoryboardManager\Templates.h(344,37): warning C4251:             E=StoryboardManager::AutoMovieTheme * [C:\Users\mcmco\Desktop\WMMR\build\src\MovieMakerCore\MovieMakerCore.vcxproj]
C:\Users\mcmco\Desktop\WMMR\src\MovieMakerCore\StoryboardManager\Templates.h(344,37): warning C4251:         ] [C:\Users\mcmco\Desktop\WMMR\build\src\MovieMakerCore\MovieMakerCore.vcxproj]
  (compiling source file '../../../src/MovieMakerCore/StoryboardManager/Serialization/SnapShot.cpp')
      C:\Program Files (x86)\Microsoft Visual Studio\2022\BuildTools\VC\Tools\MSVC\14.44.35207\atlmfc\include\atlcoll.h(530,7):
      see declaration of 'ATL::CAtlArray<StoryboardManager::AutoMovieTheme *,ATL::CElementTraits<E>>'
          with
          [
              E=StoryboardManager::AutoMovieTheme *
          ]
  
C:\Users\mcmco\Desktop\WMMR\src\MovieMakerCore\StoryboardManager\MovieProject.h(119,18): warning C4251: 'StoryboardManager::ProjectMediaItem::m_strSourcePath': 'ATL::CStringT<wchar_t,ATL::StrTraitATL<wchar_t,ATL::ChTraitsCRT<wchar_t>>>' needs to have dll-interface to be used by clients of 'StoryboardManager::ProjectMediaItem' [C:\Users\mcmco\Desktop\WMMR\build\src\MovieMakerCore\MovieMakerCore.vcxproj]
  (compiling source file '../../../src/MovieMakerCore/StoryboardManager/Serialization/SnapShot.cpp')
      C:\Program Files (x86)\Microsoft Visual Studio\2022\BuildTools\VC\Tools\MSVC\14.44.35207\atlmfc\include\cstringt.h(999,7):
      see declaration of 'ATL::CStringT<wchar_t,ATL::StrTraitATL<wchar_t,ATL::ChTraitsCRT<wchar_t>>>'
  
C:\Users\mcmco\Desktop\WMMR\src\MovieMakerCore\StoryboardManager\MovieProject.h(120,18): warning C4251: 'StoryboardManager::ProjectMediaItem::m_strThumbnailPath': 'ATL::CStringT<wchar_t,ATL::StrTraitATL<wchar_t,ATL::ChTraitsCRT<wchar_t>>>' needs to have dll-interface to be used by clients of 'StoryboardManager::ProjectMediaItem' [C:\Users\mcmco\Desktop\WMMR\build\src\MovieMakerCore\MovieMakerCore.vcxproj]
  (compiling source file '../../../src/MovieMakerCore/StoryboardManager/Serialization/SnapShot.cpp')
      C:\Program Files (x86)\Microsoft Visual Studio\2022\BuildTools\VC\Tools\MSVC\14.44.35207\atlmfc\include\cstringt.h(999,7):
      see declaration of 'ATL::CStringT<wchar_t,ATL::StrTraitATL<wchar_t,ATL::ChTraitsCRT<wchar_t>>>'
  
C:\Users\mcmco\Desktop\WMMR\src\MovieMakerCore\StoryboardManager\MovieProject.h(127,18): warning C4251: 'StoryboardManager::ProjectMediaItem::m_strTags': 'ATL::CStringT<wchar_t,ATL::StrTraitATL<wchar_t,ATL::ChTraitsCRT<wchar_t>>>' needs to have dll-interface to be used by clients of 'StoryboardManager::ProjectMediaItem' [C:\Users\mcmco\Desktop\WMMR\build\src\MovieMakerCore\MovieMakerCore.vcxproj]
  (compiling source file '../../../src/MovieMakerCore/StoryboardManager/Serialization/SnapShot.cpp')
      C:\Program Files (x86)\Microsoft Visual Studio\2022\BuildTools\VC\Tools\MSVC\14.44.35207\atlmfc\include\cstringt.h(999,7):
      see declaration of 'ATL::CStringT<wchar_t,ATL::StrTraitATL<wchar_t,ATL::ChTraitsCRT<wchar_t>>>'
  
C:\Users\mcmco\Desktop\WMMR\src\MovieMakerCore\StoryboardManager\MovieProject.h(130,18): warning C4251: 'StoryboardManager::ProjectMediaItem::m_strVideoCodec': 'ATL::CStringT<wchar_t,ATL::StrTraitATL<wchar_t,ATL::ChTraitsCRT<wchar_t>>>' needs to have dll-interface to be used by clients of 'StoryboardManager::ProjectMediaItem' [C:\Users\mcmco\Desktop\WMMR\build\src\MovieMakerCore\MovieMakerCore.vcxproj]
  (compiling source file '../../../src/MovieMakerCore/StoryboardManager/Serialization/SnapShot.cpp')
      C:\Program Files (x86)\Microsoft Visual Studio\2022\BuildTools\VC\Tools\MSVC\14.44.35207\atlmfc\include\cstringt.h(999,7):
      see declaration of 'ATL::CStringT<wchar_t,ATL::StrTraitATL<wchar_t,ATL::ChTraitsCRT<wchar_t>>>'
  
C:\Users\mcmco\Desktop\WMMR\src\MovieMakerCore\StoryboardManager\MovieProject.h(131,18): warning C4251: 'StoryboardManager::ProjectMediaItem::m_strAudioCodec': 'ATL::CStringT<wchar_t,ATL::StrTraitATL<wchar_t,ATL::ChTraitsCRT<wchar_t>>>' needs to have dll-interface to be used by clients of 'StoryboardManager::ProjectMediaItem' [C:\Users\mcmco\Desktop\WMMR\build\src\MovieMakerCore\MovieMakerCore.vcxproj]
  (compiling source file '../../../src/MovieMakerCore/StoryboardManager/Serialization/SnapShot.cpp')
      C:\Program Files (x86)\Microsoft Visual Studio\2022\BuildTools\VC\Tools\MSVC\14.44.35207\atlmfc\include\cstringt.h(999,7):
      see declaration of 'ATL::CStringT<wchar_t,ATL::StrTraitATL<wchar_t,ATL::ChTraitsCRT<wchar_t>>>'
  
C:\Users\mcmco\Desktop\WMMR\src\MovieMakerCore\StoryboardManager\MovieProject.h(176,29): warning C4251: 'StoryboardManager::ProjectTimeline::m_arrExtentIds': 'ATL::CAtlArray<DWORD,ATL::CElementTraits<unsigned long>>' needs to have dll-interface to be used by clients of 'StoryboardManager::ProjectTimeline' [C:\Users\mcmco\Desktop\WMMR\build\src\MovieMakerCore\MovieMakerCore.vcxproj]
  (compiling source file '../../../src/MovieMakerCore/StoryboardManager/Serialization/SnapShot.cpp')
      C:\Program Files (x86)\Microsoft Visual Studio\2022\BuildTools\VC\Tools\MSVC\14.44.35207\atlmfc\include\atlcoll.h(530,7):
      see declaration of 'ATL::CAtlArray<DWORD,ATL::CElementTraits<unsigned long>>'
  
C:\Users\mcmco\Desktop\WMMR\src\MovieMakerCore\StoryboardManager\MovieProject.h(248,18): warning C4251: 'StoryboardManager::MovieProjectSettings::m_strProjectName': 'ATL::CStringT<wchar_t,ATL::StrTraitATL<wchar_t,ATL::ChTraitsCRT<wchar_t>>>' needs to have dll-interface to be used by clients of 'StoryboardManager::MovieProjectSettings' [C:\Users\mcmco\Desktop\WMMR\build\src\MovieMakerCore\MovieMakerCore.vcxproj]
  (compiling source file '../../../src/MovieMakerCore/StoryboardManager/Serialization/SnapShot.cpp')
      C:\Program Files (x86)\Microsoft Visual Studio\2022\BuildTools\VC\Tools\MSVC\14.44.35207\atlmfc\include\cstringt.h(999,7):
      see declaration of 'ATL::CStringT<wchar_t,ATL::StrTraitATL<wchar_t,ATL::ChTraitsCRT<wchar_t>>>'
  
C:\Users\mcmco\Desktop\WMMR\src\MovieMakerCore\StoryboardManager\MovieProject.h(249,18): warning C4251: 'StoryboardManager::MovieProjectSettings::m_strAuthor': 'ATL::CStringT<wchar_t,ATL::StrTraitATL<wchar_t,ATL::ChTraitsCRT<wchar_t>>>' needs to have dll-interface to be used by clients of 'StoryboardManager::MovieProjectSettings' [C:\Users\mcmco\Desktop\WMMR\build\src\MovieMakerCore\MovieMakerCore.vcxproj]
  (compiling source file '../../../src/MovieMakerCore/StoryboardManager/Serialization/SnapShot.cpp')
      C:\Program Files (x86)\Microsoft Visual Studio\2022\BuildTools\VC\Tools\MSVC\14.44.35207\atlmfc\include\cstringt.h(999,7):
      see declaration of 'ATL::CStringT<wchar_t,ATL::StrTraitATL<wchar_t,ATL::ChTraitsCRT<wchar_t>>>'
  
C:\Users\mcmco\Desktop\WMMR\src\MovieMakerCore\StoryboardManager\MovieProject.h(390,25): warning C4251: 'StoryboardManager::MovieProject::m_strProjectPath': 'ATL::CStringT<wchar_t,ATL::StrTraitATL<wchar_t,ATL::ChTraitsCRT<wchar_t>>>' needs to have dll-interface to be used by clients of 'StoryboardManager::MovieProject' [C:\Users\mcmco\Desktop\WMMR\build\src\MovieMakerCore\MovieMakerCore.vcxproj]
  (compiling source file '../../../src/MovieMakerCore/StoryboardManager/Serialization/SnapShot.cpp')
      C:\Program Files (x86)\Microsoft Visual Studio\2022\BuildTools\VC\Tools\MSVC\14.44.35207\atlmfc\include\cstringt.h(999,7):
      see declaration of 'ATL::CStringT<wchar_t,ATL::StrTraitATL<wchar_t,ATL::ChTraitsCRT<wchar_t>>>'
  
C:\Users\mcmco\Desktop\WMMR\src\MovieMakerCore\StoryboardManager\MovieProject.h(394,40): warning C4251: 'StoryboardManager::MovieProject::m_arrMediaItems': 'ATL::CAtlArray<StoryboardManager::ProjectMediaItem,ATL::CElementTraits<E>>' needs to have dll-interface to be used by clients of 'StoryboardManager::MovieProject' [C:\Users\mcmco\Desktop\WMMR\build\src\MovieMakerCore\MovieMakerCore.vcxproj]
C:\Users\mcmco\Desktop\WMMR\src\MovieMakerCore\StoryboardManager\MovieProject.h(394,40): warning C4251:         with [C:\Users\mcmco\Desktop\WMMR\build\src\MovieMakerCore\MovieMakerCore.vcxproj]
C:\Users\mcmco\Desktop\WMMR\src\MovieMakerCore\StoryboardManager\MovieProject.h(394,40): warning C4251:         [ [C:\Users\mcmco\Desktop\WMMR\build\src\MovieMakerCore\MovieMakerCore.vcxproj]
C:\Users\mcmco\Desktop\WMMR\src\MovieMakerCore\StoryboardManager\MovieProject.h(394,40): warning C4251:             E=StoryboardManager::ProjectMediaItem [C:\Users\mcmco\Desktop\WMMR\build\src\MovieMakerCore\MovieMakerCore.vcxproj]
C:\Users\mcmco\Desktop\WMMR\src\MovieMakerCore\StoryboardManager\MovieProject.h(394,40): warning C4251:         ] [C:\Users\mcmco\Desktop\WMMR\build\src\MovieMakerCore\MovieMakerCore.vcxproj]
  (compiling source file '../../../src/MovieMakerCore/StoryboardManager/Serialization/SnapShot.cpp')
      C:\Program Files (x86)\Microsoft Visual Studio\2022\BuildTools\VC\Tools\MSVC\14.44.35207\atlmfc\include\atlcoll.h(530,7):
      see declaration of 'ATL::CAtlArray<StoryboardManager::ProjectMediaItem,ATL::CElementTraits<E>>'
          with
          [
              E=StoryboardManager::ProjectMediaItem
          ]
  
C:\Users\mcmco\Desktop\WMMR\src\MovieMakerCore\StoryboardManager\MovieProject.h(404,32): warning C4251: 'StoryboardManager::MovieProject::m_arrUndoStack': 'ATL::CAtlArray<StoryboardManager::MovieProject::UndoEntry *,ATL::CElementTraits<E>>' needs to have dll-interface to be used by clients of 'StoryboardManager::MovieProject' [C:\Users\mcmco\Desktop\WMMR\build\src\MovieMakerCore\MovieMakerCore.vcxproj]
C:\Users\mcmco\Desktop\WMMR\src\MovieMakerCore\StoryboardManager\MovieProject.h(404,32): warning C4251:         with [C:\Users\mcmco\Desktop\WMMR\build\src\MovieMakerCore\MovieMakerCore.vcxproj]
C:\Users\mcmco\Desktop\WMMR\src\MovieMakerCore\StoryboardManager\MovieProject.h(404,32): warning C4251:         [ [C:\Users\mcmco\Desktop\WMMR\build\src\MovieMakerCore\MovieMakerCore.vcxproj]
C:\Users\mcmco\Desktop\WMMR\src\MovieMakerCore\StoryboardManager\MovieProject.h(404,32): warning C4251:             E=StoryboardManager::MovieProject::UndoEntry * [C:\Users\mcmco\Desktop\WMMR\build\src\MovieMakerCore\MovieMakerCore.vcxproj]
C:\Users\mcmco\Desktop\WMMR\src\MovieMakerCore\StoryboardManager\MovieProject.h(404,32): warning C4251:         ] [C:\Users\mcmco\Desktop\WMMR\build\src\MovieMakerCore\MovieMakerCore.vcxproj]
  (compiling source file '../../../src/MovieMakerCore/StoryboardManager/Serialization/SnapShot.cpp')
      C:\Program Files (x86)\Microsoft Visual Studio\2022\BuildTools\VC\Tools\MSVC\14.44.35207\atlmfc\include\atlcoll.h(530,7):
      see declaration of 'ATL::CAtlArray<StoryboardManager::MovieProject::UndoEntry *,ATL::CElementTraits<E>>'
          with
          [
              E=StoryboardManager::MovieProject::UndoEntry *
          ]
  
C:\Users\mcmco\Desktop\WMMR\src\MovieMakerCore\StoryboardManager\MediaItems\MediaItem.h(134,18): warning C4251: 'StoryboardManager::Metadata::m_strVideoCodec': 'ATL::CStringT<wchar_t,ATL::StrTraitATL<wchar_t,ATL::ChTraitsCRT<wchar_t>>>' needs to have dll-interface to be used by clients of 'StoryboardManager::Metadata' [C:\Users\mcmco\Desktop\WMMR\build\src\MovieMakerCore\MovieMakerCore.vcxproj]
  (compiling source file '../../../src/MovieMakerCore/StoryboardManager/Serialization/SnapShot.cpp')
      C:\Program Files (x86)\Microsoft Visual Studio\2022\BuildTools\VC\Tools\MSVC\14.44.35207\atlmfc\include\cstringt.h(999,7):
      see declaration of 'ATL::CStringT<wchar_t,ATL::StrTraitATL<wchar_t,ATL::ChTraitsCRT<wchar_t>>>'
  
C:\Users\mcmco\Desktop\WMMR\src\MovieMakerCore\StoryboardManager\MediaItems\MediaItem.h(136,18): warning C4251: 'StoryboardManager::Metadata::m_strAudioCodec': 'ATL::CStringT<wchar_t,ATL::StrTraitATL<wchar_t,ATL::ChTraitsCRT<wchar_t>>>' needs to have dll-interface to be used by clients of 'StoryboardManager::Metadata' [C:\Users\mcmco\Desktop\WMMR\build\src\MovieMakerCore\MovieMakerCore.vcxproj]
  (compiling source file '../../../src/MovieMakerCore/StoryboardManager/Serialization/SnapShot.cpp')
      C:\Program Files (x86)\Microsoft Visual Studio\2022\BuildTools\VC\Tools\MSVC\14.44.35207\atlmfc\include\cstringt.h(999,7):
      see declaration of 'ATL::CStringT<wchar_t,ATL::StrTraitATL<wchar_t,ATL::ChTraitsCRT<wchar_t>>>'
  
C:\Users\mcmco\Desktop\WMMR\src\MovieMakerCore\StoryboardManager\MediaItems\MediaItem.h(142,18): warning C4251: 'StoryboardManager::Metadata::m_strTags': 'ATL::CStringT<wchar_t,ATL::StrTraitATL<wchar_t,ATL::ChTraitsCRT<wchar_t>>>' needs to have dll-interface to be used by clients of 'StoryboardManager::Metadata' [C:\Users\mcmco\Desktop\WMMR\build\src\MovieMakerCore\MovieMakerCore.vcxproj]
  (compiling source file '../../../src/MovieMakerCore/StoryboardManager/Serialization/SnapShot.cpp')
      C:\Program Files (x86)\Microsoft Visual Studio\2022\BuildTools\VC\Tools\MSVC\14.44.35207\atlmfc\include\cstringt.h(999,7):
      see declaration of 'ATL::CStringT<wchar_t,ATL::StrTraitATL<wchar_t,ATL::ChTraitsCRT<wchar_t>>>'
  
C:\Users\mcmco\Desktop\WMMR\src\MovieMakerCore\StoryboardManager\MediaItems\MediaItem.h(143,18): warning C4251: 'StoryboardManager::Metadata::m_strTitle': 'ATL::CStringT<wchar_t,ATL::StrTraitATL<wchar_t,ATL::ChTraitsCRT<wchar_t>>>' needs to have dll-interface to be used by clients of 'StoryboardManager::Metadata' [C:\Users\mcmco\Desktop\WMMR\build\src\MovieMakerCore\MovieMakerCore.vcxproj]
  (compiling source file '../../../src/MovieMakerCore/StoryboardManager/Serialization/SnapShot.cpp')
      C:\Program Files (x86)\Microsoft Visual Studio\2022\BuildTools\VC\Tools\MSVC\14.44.35207\atlmfc\include\cstringt.h(999,7):
      see declaration of 'ATL::CStringT<wchar_t,ATL::StrTraitATL<wchar_t,ATL::ChTraitsCRT<wchar_t>>>'
  
C:\Users\mcmco\Desktop\WMMR\src\MovieMakerCore\StoryboardManager\MediaItems\MediaItem.h(144,18): warning C4251: 'StoryboardManager::Metadata::m_strSubtitle': 'ATL::CStringT<wchar_t,ATL::StrTraitATL<wchar_t,ATL::ChTraitsCRT<wchar_t>>>' needs to have dll-interface to be used by clients of 'StoryboardManager::Metadata' [C:\Users\mcmco\Desktop\WMMR\build\src\MovieMakerCore\MovieMakerCore.vcxproj]
  (compiling source file '../../../src/MovieMakerCore/StoryboardManager/Serialization/SnapShot.cpp')
      C:\Program Files (x86)\Microsoft Visual Studio\2022\BuildTools\VC\Tools\MSVC\14.44.35207\atlmfc\include\cstringt.h(999,7):
      see declaration of 'ATL::CStringT<wchar_t,ATL::StrTraitATL<wchar_t,ATL::ChTraitsCRT<wchar_t>>>'
  
C:\Users\mcmco\Desktop\WMMR\src\MovieMakerCore\StoryboardManager\MediaItems\MediaItem.h(145,18): warning C4251: 'StoryboardManager::Metadata::m_strArtist': 'ATL::CStringT<wchar_t,ATL::StrTraitATL<wchar_t,ATL::ChTraitsCRT<wchar_t>>>' needs to have dll-interface to be used by clients of 'StoryboardManager::Metadata' [C:\Users\mcmco\Desktop\WMMR\build\src\MovieMakerCore\MovieMakerCore.vcxproj]
  (compiling source file '../../../src/MovieMakerCore/StoryboardManager/Serialization/SnapShot.cpp')
      C:\Program Files (x86)\Microsoft Visual Studio\2022\BuildTools\VC\Tools\MSVC\14.44.35207\atlmfc\include\cstringt.h(999,7):
      see declaration of 'ATL::CStringT<wchar_t,ATL::StrTraitATL<wchar_t,ATL::ChTraitsCRT<wchar_t>>>'
  
C:\Users\mcmco\Desktop\WMMR\src\MovieMakerCore\StoryboardManager\MediaItems\MediaItem.h(146,18): warning C4251: 'StoryboardManager::Metadata::m_strAlbum': 'ATL::CStringT<wchar_t,ATL::StrTraitATL<wchar_t,ATL::ChTraitsCRT<wchar_t>>>' needs to have dll-interface to be used by clients of 'StoryboardManager::Metadata' [C:\Users\mcmco\Desktop\WMMR\build\src\MovieMakerCore\MovieMakerCore.vcxproj]
  (compiling source file '../../../src/MovieMakerCore/StoryboardManager/Serialization/SnapShot.cpp')
      C:\Program Files (x86)\Microsoft Visual Studio\2022\BuildTools\VC\Tools\MSVC\14.44.35207\atlmfc\include\cstringt.h(999,7):
      see declaration of 'ATL::CStringT<wchar_t,ATL::StrTraitATL<wchar_t,ATL::ChTraitsCRT<wchar_t>>>'
  
C:\Users\mcmco\Desktop\WMMR\src\MovieMakerCore\StoryboardManager\MediaItems\MediaItem.h(147,18): warning C4251: 'StoryboardManager::Metadata::m_strGenre': 'ATL::CStringT<wchar_t,ATL::StrTraitATL<wchar_t,ATL::ChTraitsCRT<wchar_t>>>' needs to have dll-interface to be used by clients of 'StoryboardManager::Metadata' [C:\Users\mcmco\Desktop\WMMR\build\src\MovieMakerCore\MovieMakerCore.vcxproj]
  (compiling source file '../../../src/MovieMakerCore/StoryboardManager/Serialization/SnapShot.cpp')
      C:\Program Files (x86)\Microsoft Visual Studio\2022\BuildTools\VC\Tools\MSVC\14.44.35207\atlmfc\include\cstringt.h(999,7):
      see declaration of 'ATL::CStringT<wchar_t,ATL::StrTraitATL<wchar_t,ATL::ChTraitsCRT<wchar_t>>>'
  
C:\Users\mcmco\Desktop\WMMR\src\MovieMakerCore\StoryboardManager\MediaItems\MediaItem.h(184,18): warning C4251: 'StoryboardManager::ProxyInfo::m_strProxyPath': 'ATL::CStringT<wchar_t,ATL::StrTraitATL<wchar_t,ATL::ChTraitsCRT<wchar_t>>>' needs to have dll-interface to be used by clients of 'StoryboardManager::ProxyInfo' [C:\Users\mcmco\Desktop\WMMR\build\src\MovieMakerCore\MovieMakerCore.vcxproj]
  (compiling source file '../../../src/MovieMakerCore/StoryboardManager/Serialization/SnapShot.cpp')
      C:\Program Files (x86)\Microsoft Visual Studio\2022\BuildTools\VC\Tools\MSVC\14.44.35207\atlmfc\include\cstringt.h(999,7):
      see declaration of 'ATL::CStringT<wchar_t,ATL::StrTraitATL<wchar_t,ATL::ChTraitsCRT<wchar_t>>>'
  
C:\Users\mcmco\Desktop\WMMR\src\MovieMakerCore\StoryboardManager\MediaItems\MediaItem.h(188,18): warning C4251: 'StoryboardManager::ProxyInfo::m_strSourceHash': 'ATL::CStringT<wchar_t,ATL::StrTraitATL<wchar_t,ATL::ChTraitsCRT<wchar_t>>>' needs to have dll-interface to be used by clients of 'StoryboardManager::ProxyInfo' [C:\Users\mcmco\Desktop\WMMR\build\src\MovieMakerCore\MovieMakerCore.vcxproj]
  (compiling source file '../../../src/MovieMakerCore/StoryboardManager/Serialization/SnapShot.cpp')
      C:\Program Files (x86)\Microsoft Visual Studio\2022\BuildTools\VC\Tools\MSVC\14.44.35207\atlmfc\include\cstringt.h(999,7):
      see declaration of 'ATL::CStringT<wchar_t,ATL::StrTraitATL<wchar_t,ATL::ChTraitsCRT<wchar_t>>>'
  
C:\Users\mcmco\Desktop\WMMR\src\MovieMakerCore\StoryboardManager\MediaItems\MediaItem.h(241,18): warning C4251: 'StoryboardManager::MediaItemBase::m_strSourcePath': 'ATL::CStringT<wchar_t,ATL::StrTraitATL<wchar_t,ATL::ChTraitsCRT<wchar_t>>>' needs to have dll-interface to be used by clients of 'StoryboardManager::MediaItemBase' [C:\Users\mcmco\Desktop\WMMR\build\src\MovieMakerCore\MovieMakerCore.vcxproj]
  (compiling source file '../../../src/MovieMakerCore/StoryboardManager/Serialization/SnapShot.cpp')
      C:\Program Files (x86)\Microsoft Visual Studio\2022\BuildTools\VC\Tools\MSVC\14.44.35207\atlmfc\include\cstringt.h(999,7):
      see declaration of 'ATL::CStringT<wchar_t,ATL::StrTraitATL<wchar_t,ATL::ChTraitsCRT<wchar_t>>>'
  
C:\Users\mcmco\Desktop\WMMR\src\MovieMakerCore\StoryboardManager\MediaItems\MediaItem.h(242,18): warning C4251: 'StoryboardManager::MediaItemBase::m_strDisplayName': 'ATL::CStringT<wchar_t,ATL::StrTraitATL<wchar_t,ATL::ChTraitsCRT<wchar_t>>>' needs to have dll-interface to be used by clients of 'StoryboardManager::MediaItemBase' [C:\Users\mcmco\Desktop\WMMR\build\src\MovieMakerCore\MovieMakerCore.vcxproj]
  (compiling source file '../../../src/MovieMakerCore/StoryboardManager/Serialization/SnapShot.cpp')
      C:\Program Files (x86)\Microsoft Visual Studio\2022\BuildTools\VC\Tools\MSVC\14.44.35207\atlmfc\include\cstringt.h(999,7):
      see declaration of 'ATL::CStringT<wchar_t,ATL::StrTraitATL<wchar_t,ATL::ChTraitsCRT<wchar_t>>>'
  
C:\Users\mcmco\Desktop\WMMR\src\MovieMakerCore\StoryboardManager\MediaItems\MediaItem.h(276,19): warning C4251: 'StoryboardManager::MediaItem::m_strThumbnailPath': 'ATL::CStringT<wchar_t,ATL::StrTraitATL<wchar_t,ATL::ChTraitsCRT<wchar_t>>>' needs to have dll-interface to be used by clients of 'StoryboardManager::MediaItem' [C:\Users\mcmco\Desktop\WMMR\build\src\MovieMakerCore\MovieMakerCore.vcxproj]
  (compiling source file '../../../src/MovieMakerCore/StoryboardManager/Serialization/SnapShot.cpp')
      C:\Program Files (x86)\Microsoft Visual Studio\2022\BuildTools\VC\Tools\MSVC\14.44.35207\atlmfc\include\cstringt.h(999,7):
      see declaration of 'ATL::CStringT<wchar_t,ATL::StrTraitATL<wchar_t,ATL::ChTraitsCRT<wchar_t>>>'
  
C:\Users\mcmco\Desktop\WMMR\src\MovieMakerCore\StoryboardManager\MediaItems\MediaItem.h(399,27): warning C4251: 'StoryboardManager::VideoClip::m_arrEffectIds': 'ATL::CAtlArray<DWORD,ATL::CElementTraits<unsigned long>>' needs to have dll-interface to be used by clients of 'StoryboardManager::VideoClip' [C:\Users\mcmco\Desktop\WMMR\build\src\MovieMakerCore\MovieMakerCore.vcxproj]
  (compiling source file '../../../src/MovieMakerCore/StoryboardManager/Serialization/SnapShot.cpp')
      C:\Program Files (x86)\Microsoft Visual Studio\2022\BuildTools\VC\Tools\MSVC\14.44.35207\atlmfc\include\atlcoll.h(530,7):
      see declaration of 'ATL::CAtlArray<DWORD,ATL::CElementTraits<unsigned long>>'
  
C:\Users\mcmco\Desktop\WMMR\src\MovieMakerCore\StoryboardManager\MediaItems\MediaItem.h(536,18): warning C4251: 'StoryboardManager::TitleClip::m_strTitleText': 'ATL::CStringT<wchar_t,ATL::StrTraitATL<wchar_t,ATL::ChTraitsCRT<wchar_t>>>' needs to have dll-interface to be used by clients of 'StoryboardManager::TitleClip' [C:\Users\mcmco\Desktop\WMMR\build\src\MovieMakerCore\MovieMakerCore.vcxproj]
  (compiling source file '../../../src/MovieMakerCore/StoryboardManager/Serialization/SnapShot.cpp')
      C:\Program Files (x86)\Microsoft Visual Studio\2022\BuildTools\VC\Tools\MSVC\14.44.35207\atlmfc\include\cstringt.h(999,7):
      see declaration of 'ATL::CStringT<wchar_t,ATL::StrTraitATL<wchar_t,ATL::ChTraitsCRT<wchar_t>>>'
  
C:\Users\mcmco\Desktop\WMMR\src\MovieMakerCore\StoryboardManager\MediaItems\MediaItem.h(537,18): warning C4251: 'StoryboardManager::TitleClip::m_strFontFamily': 'ATL::CStringT<wchar_t,ATL::StrTraitATL<wchar_t,ATL::ChTraitsCRT<wchar_t>>>' needs to have dll-interface to be used by clients of 'StoryboardManager::TitleClip' [C:\Users\mcmco\Desktop\WMMR\build\src\MovieMakerCore\MovieMakerCore.vcxproj]
  (compiling source file '../../../src/MovieMakerCore/StoryboardManager/Serialization/SnapShot.cpp')
      C:\Program Files (x86)\Microsoft Visual Studio\2022\BuildTools\VC\Tools\MSVC\14.44.35207\atlmfc\include\cstringt.h(999,7):
      see declaration of 'ATL::CStringT<wchar_t,ATL::StrTraitATL<wchar_t,ATL::ChTraitsCRT<wchar_t>>>'
  
C:\Users\mcmco\Desktop\WMMR\src\MovieMakerCore\StoryboardManager\Serialization\SnapShot.h(100,44): warning C4251: 'StoryboardManager::SnapShotExtentMapContainer::m_arrEntries': 'ATL::CAtlArray<StoryboardManager::SnapShotExtentMapEntry,ATL::CElementTraits<E>>' needs to have dll-interface to be used by clients of 'StoryboardManager::SnapShotExtentMapContainer' [C:\Users\mcmco\Desktop\WMMR\build\src\MovieMakerCore\MovieMakerCore.vcxproj]
C:\Users\mcmco\Desktop\WMMR\src\MovieMakerCore\StoryboardManager\Serialization\SnapShot.h(100,44): warning C4251:         with [C:\Users\mcmco\Desktop\WMMR\build\src\MovieMakerCore\MovieMakerCore.vcxproj]
C:\Users\mcmco\Desktop\WMMR\src\MovieMakerCore\StoryboardManager\Serialization\SnapShot.h(100,44): warning C4251:         [ [C:\Users\mcmco\Desktop\WMMR\build\src\MovieMakerCore\MovieMakerCore.vcxproj]
C:\Users\mcmco\Desktop\WMMR\src\MovieMakerCore\StoryboardManager\Serialization\SnapShot.h(100,44): warning C4251:             E=StoryboardManager::SnapShotExtentMapEntry [C:\Users\mcmco\Desktop\WMMR\build\src\MovieMakerCore\MovieMakerCore.vcxproj]
C:\Users\mcmco\Desktop\WMMR\src\MovieMakerCore\StoryboardManager\Serialization\SnapShot.h(100,44): warning C4251:         ] [C:\Users\mcmco\Desktop\WMMR\build\src\MovieMakerCore\MovieMakerCore.vcxproj]
  (compiling source file '../../../src/MovieMakerCore/StoryboardManager/Serialization/SnapShot.cpp')
      C:\Program Files (x86)\Microsoft Visual Studio\2022\BuildTools\VC\Tools\MSVC\14.44.35207\atlmfc\include\atlcoll.h(530,7):
      see declaration of 'ATL::CAtlArray<StoryboardManager::SnapShotExtentMapEntry,ATL::CElementTraits<E>>'
          with
          [
              E=StoryboardManager::SnapShotExtentMapEntry
          ]
  
C:\Users\mcmco\Desktop\WMMR\src\MovieMakerCore\StoryboardManager\Serialization\SnapShot.h(190,36): warning C4251: 'StoryboardManager::SnapShot::m_arrMediaItems': 'ATL::CAtlArray<StoryboardManager::MediaItemBase *,ATL::CElementTraits<E>>' needs to have dll-interface to be used by clients of 'StoryboardManager::SnapShot' [C:\Users\mcmco\Desktop\WMMR\build\src\MovieMakerCore\MovieMakerCore.vcxproj]
C:\Users\mcmco\Desktop\WMMR\src\MovieMakerCore\StoryboardManager\Serialization\SnapShot.h(190,36): warning C4251:         with [C:\Users\mcmco\Desktop\WMMR\build\src\MovieMakerCore\MovieMakerCore.vcxproj]
C:\Users\mcmco\Desktop\WMMR\src\MovieMakerCore\StoryboardManager\Serialization\SnapShot.h(190,36): warning C4251:         [ [C:\Users\mcmco\Desktop\WMMR\build\src\MovieMakerCore\MovieMakerCore.vcxproj]
C:\Users\mcmco\Desktop\WMMR\src\MovieMakerCore\StoryboardManager\Serialization\SnapShot.h(190,36): warning C4251:             E=StoryboardManager::MediaItemBase * [C:\Users\mcmco\Desktop\WMMR\build\src\MovieMakerCore\MovieMakerCore.vcxproj]
C:\Users\mcmco\Desktop\WMMR\src\MovieMakerCore\StoryboardManager\Serialization\SnapShot.h(190,36): warning C4251:         ] [C:\Users\mcmco\Desktop\WMMR\build\src\MovieMakerCore\MovieMakerCore.vcxproj]
  (compiling source file '../../../src/MovieMakerCore/StoryboardManager/Serialization/SnapShot.cpp')
      C:\Program Files (x86)\Microsoft Visual Studio\2022\BuildTools\VC\Tools\MSVC\14.44.35207\atlmfc\include\atlcoll.h(530,7):
      see declaration of 'ATL::CAtlArray<StoryboardManager::MediaItemBase *,ATL::CElementTraits<E>>'
          with
          [
              E=StoryboardManager::MediaItemBase *
          ]
  
C:\Users\mcmco\Desktop\WMMR\src\MovieMakerCore\StoryboardManager\Serialization\SnapShot.h(191,26): warning C4251: 'StoryboardManager::SnapShot::m_strProjectPath': 'ATL::CStringT<wchar_t,ATL::StrTraitATL<wchar_t,ATL::ChTraitsCRT<wchar_t>>>' needs to have dll-interface to be used by clients of 'StoryboardManager::SnapShot' [C:\Users\mcmco\Desktop\WMMR\build\src\MovieMakerCore\MovieMakerCore.vcxproj]
  (compiling source file '../../../src/MovieMakerCore/StoryboardManager/Serialization/SnapShot.cpp')
      C:\Program Files (x86)\Microsoft Visual Studio\2022\BuildTools\VC\Tools\MSVC\14.44.35207\atlmfc\include\cstringt.h(999,7):
      see declaration of 'ATL::CStringT<wchar_t,ATL::StrTraitATL<wchar_t,ATL::ChTraitsCRT<wchar_t>>>'
  
C:\Users\mcmco\Desktop\WMMR\src\MovieMakerCore\StoryboardManager\Serialization\SnapShot.h(192,26): warning C4251: 'StoryboardManager::SnapShot::m_strProjectTitle': 'ATL::CStringT<wchar_t,ATL::StrTraitATL<wchar_t,ATL::ChTraitsCRT<wchar_t>>>' needs to have dll-interface to be used by clients of 'StoryboardManager::SnapShot' [C:\Users\mcmco\Desktop\WMMR\build\src\MovieMakerCore\MovieMakerCore.vcxproj]
  (compiling source file '../../../src/MovieMakerCore/StoryboardManager/Serialization/SnapShot.cpp')
      C:\Program Files (x86)\Microsoft Visual Studio\2022\BuildTools\VC\Tools\MSVC\14.44.35207\atlmfc\include\cstringt.h(999,7):
      see declaration of 'ATL::CStringT<wchar_t,ATL::StrTraitATL<wchar_t,ATL::ChTraitsCRT<wchar_t>>>'
  
C:\Users\mcmco\Desktop\WMMR\src\MovieMakerCore\StoryboardManager\Serialization\SnapShot.h(194,26): warning C4251: 'StoryboardManager::SnapShot::m_strThumbnailPath': 'ATL::CStringT<wchar_t,ATL::StrTraitATL<wchar_t,ATL::ChTraitsCRT<wchar_t>>>' needs to have dll-interface to be used by clients of 'StoryboardManager::SnapShot' [C:\Users\mcmco\Desktop\WMMR\build\src\MovieMakerCore\MovieMakerCore.vcxproj]
  (compiling source file '../../../src/MovieMakerCore/StoryboardManager/Serialization/SnapShot.cpp')
      C:\Program Files (x86)\Microsoft Visual Studio\2022\BuildTools\VC\Tools\MSVC\14.44.35207\atlmfc\include\cstringt.h(999,7):
      see declaration of 'ATL::CStringT<wchar_t,ATL::StrTraitATL<wchar_t,ATL::ChTraitsCRT<wchar_t>>>'
  
C:\Users\mcmco\Desktop\WMMR\src\MovieMakerCore\StoryboardManager\Serialization\SnapShot.h(242,31): warning C4251: 'StoryboardManager::SnapShotCollection::m_arrSnapshots': 'ATL::CAtlArray<StoryboardManager::SnapShot *,ATL::CElementTraits<E>>' needs to have dll-interface to be used by clients of 'StoryboardManager::SnapShotCollection' [C:\Users\mcmco\Desktop\WMMR\build\src\MovieMakerCore\MovieMakerCore.vcxproj]
C:\Users\mcmco\Desktop\WMMR\src\MovieMakerCore\StoryboardManager\Serialization\SnapShot.h(242,31): warning C4251:         with [C:\Users\mcmco\Desktop\WMMR\build\src\MovieMakerCore\MovieMakerCore.vcxproj]
C:\Users\mcmco\Desktop\WMMR\src\MovieMakerCore\StoryboardManager\Serialization\SnapShot.h(242,31): warning C4251:         [ [C:\Users\mcmco\Desktop\WMMR\build\src\MovieMakerCore\MovieMakerCore.vcxproj]
C:\Users\mcmco\Desktop\WMMR\src\MovieMakerCore\StoryboardManager\Serialization\SnapShot.h(242,31): warning C4251:             E=StoryboardManager::SnapShot * [C:\Users\mcmco\Desktop\WMMR\build\src\MovieMakerCore\MovieMakerCore.vcxproj]
C:\Users\mcmco\Desktop\WMMR\src\MovieMakerCore\StoryboardManager\Serialization\SnapShot.h(242,31): warning C4251:         ] [C:\Users\mcmco\Desktop\WMMR\build\src\MovieMakerCore\MovieMakerCore.vcxproj]
  (compiling source file '../../../src/MovieMakerCore/StoryboardManager/Serialization/SnapShot.cpp')
      C:\Program Files (x86)\Microsoft Visual Studio\2022\BuildTools\VC\Tools\MSVC\14.44.35207\atlmfc\include\atlcoll.h(530,7):
      see declaration of 'ATL::CAtlArray<StoryboardManager::SnapShot *,ATL::CElementTraits<E>>'
          with
          [
              E=StoryboardManager::SnapShot *
          ]
  
C:\Users\mcmco\Desktop\WMMR\src\MovieMakerCore\StoryboardManager\Serialization\SnapShot.cpp(32,19): error C2248: 'ATL::CAtlArray<StoryboardManager::SnapShotExtentMapEntry,ATL::CElementTraits<E>>::CAtlArray': cannot access private member declared in class 'ATL::CAtlArray<StoryboardManager::SnapShotExtentMapEntry,ATL::CElementTraits<E>>' [C:\Users\mcmco\Desktop\WMMR\build\src\MovieMakerCore\MovieMakerCore.vcxproj]
C:\Users\mcmco\Desktop\WMMR\src\MovieMakerCore\StoryboardManager\Serialization\SnapShot.cpp(32,19): error C2248:         with [C:\Users\mcmco\Desktop\WMMR\build\src\MovieMakerCore\MovieMakerCore.vcxproj]
C:\Users\mcmco\Desktop\WMMR\src\MovieMakerCore\StoryboardManager\Serialization\SnapShot.cpp(32,19): error C2248:         [ [C:\Users\mcmco\Desktop\WMMR\build\src\MovieMakerCore\MovieMakerCore.vcxproj]
C:\Users\mcmco\Desktop\WMMR\src\MovieMakerCore\StoryboardManager\Serialization\SnapShot.cpp(32,19): error C2248:             E=StoryboardManager::SnapShotExtentMapEntry [C:\Users\mcmco\Desktop\WMMR\build\src\MovieMakerCore\MovieMakerCore.vcxproj]
C:\Users\mcmco\Desktop\WMMR\src\MovieMakerCore\StoryboardManager\Serialization\SnapShot.cpp(32,19): error C2248:         ] [C:\Users\mcmco\Desktop\WMMR\build\src\MovieMakerCore\MovieMakerCore.vcxproj]
      C:\Program Files (x86)\Microsoft Visual Studio\2022\BuildTools\VC\Tools\MSVC\14.44.35207\atlmfc\include\atlcoll.h(606,2):
      see declaration of 'ATL::CAtlArray<StoryboardManager::SnapShotExtentMapEntry,ATL::CElementTraits<E>>::CAtlArray'
          with
          [
              E=StoryboardManager::SnapShotExtentMapEntry
          ]
      C:\Program Files (x86)\Microsoft Visual Studio\2022\BuildTools\VC\Tools\MSVC\14.44.35207\atlmfc\include\atlcoll.h(530,7):
      see declaration of 'ATL::CAtlArray<StoryboardManager::SnapShotExtentMapEntry,ATL::CElementTraits<E>>'
          with
          [
              E=StoryboardManager::SnapShotExtentMapEntry
          ]
  
C:\Users\mcmco\Desktop\WMMR\src\MovieMakerCore\StoryboardManager\Serialization\SnapShot.cpp(40,22): error C2248: 'ATL::CAtlArray<StoryboardManager::SnapShotExtentMapEntry,ATL::CElementTraits<E>>::operator =': cannot access private member declared in class 'ATL::CAtlArray<StoryboardManager::SnapShotExtentMapEntry,ATL::CElementTraits<E>>' [C:\Users\mcmco\Desktop\WMMR\build\src\MovieMakerCore\MovieMakerCore.vcxproj]
C:\Users\mcmco\Desktop\WMMR\src\MovieMakerCore\StoryboardManager\Serialization\SnapShot.cpp(40,22): error C2248:         with [C:\Users\mcmco\Desktop\WMMR\build\src\MovieMakerCore\MovieMakerCore.vcxproj]
C:\Users\mcmco\Desktop\WMMR\src\MovieMakerCore\StoryboardManager\Serialization\SnapShot.cpp(40,22): error C2248:         [ [C:\Users\mcmco\Desktop\WMMR\build\src\MovieMakerCore\MovieMakerCore.vcxproj]
C:\Users\mcmco\Desktop\WMMR\src\MovieMakerCore\StoryboardManager\Serialization\SnapShot.cpp(40,22): error C2248:             E=StoryboardManager::SnapShotExtentMapEntry [C:\Users\mcmco\Desktop\WMMR\build\src\MovieMakerCore\MovieMakerCore.vcxproj]
C:\Users\mcmco\Desktop\WMMR\src\MovieMakerCore\StoryboardManager\Serialization\SnapShot.cpp(40,22): error C2248:         ] [C:\Users\mcmco\Desktop\WMMR\build\src\MovieMakerCore\MovieMakerCore.vcxproj]
      C:\Program Files (x86)\Microsoft Visual Studio\2022\BuildTools\VC\Tools\MSVC\14.44.35207\atlmfc\include\atlcoll.h(607,13):
      see declaration of 'ATL::CAtlArray<StoryboardManager::SnapShotExtentMapEntry,ATL::CElementTraits<E>>::operator ='
          with
          [
              E=StoryboardManager::SnapShotExtentMapEntry
          ]
      C:\Program Files (x86)\Microsoft Visual Studio\2022\BuildTools\VC\Tools\MSVC\14.44.35207\atlmfc\include\atlcoll.h(530,7):
      see declaration of 'ATL::CAtlArray<StoryboardManager::SnapShotExtentMapEntry,ATL::CElementTraits<E>>'
          with
          [
              E=StoryboardManager::SnapShotExtentMapEntry
          ]
  
  TextureResourceDX.cpp
C:\Users\mcmco\Desktop\WMMR\src\MovieMakerCore\pch.h(21,9): warning C4005: 'WINVER': macro redefinition [C:\Users\mcmco\Desktop\WMMR\build\src\MovieMakerCore\MovieMakerCore.vcxproj]
  (compiling source file '../../../src/MovieMakerCore/HMREngine/DXResources/TextureResourceDX.cpp')
      C:\Users\mcmco\Desktop\WMMR\src\MovieMakerCore\pch.h(21,9):
      'WINVER' previously declared on the command line
  
C:\Users\mcmco\Desktop\WMMR\src\MovieMakerCore\pch.h(22,9): warning C4005: '_WIN32_WINNT': macro redefinition [C:\Users\mcmco\Desktop\WMMR\build\src\MovieMakerCore\MovieMakerCore.vcxproj]
  (compiling source file '../../../src/MovieMakerCore/HMREngine/DXResources/TextureResourceDX.cpp')
      C:\Users\mcmco\Desktop\WMMR\src\MovieMakerCore\pch.h(22,9):
      '_WIN32_WINNT' previously declared on the command line
  
C:\Users\mcmco\Desktop\WMMR\src\MovieMakerCore\pch.h(30,9): warning C4005: 'WIN32_LEAN_AND_MEAN': macro redefinition [C:\Users\mcmco\Desktop\WMMR\build\src\MovieMakerCore\MovieMakerCore.vcxproj]
  (compiling source file '../../../src/MovieMakerCore/HMREngine/DXResources/TextureResourceDX.cpp')
      C:\Users\mcmco\Desktop\WMMR\src\MovieMakerCore\pch.h(30,9):
      'WIN32_LEAN_AND_MEAN' previously declared on the command line
  
C:\Users\mcmco\Desktop\WMMR\src\MovieMakerCore\pch.h(31,9): warning C4005: 'NOMINMAX': macro redefinition [C:\Users\mcmco\Desktop\WMMR\build\src\MovieMakerCore\MovieMakerCore.vcxproj]
  (compiling source file '../../../src/MovieMakerCore/HMREngine/DXResources/TextureResourceDX.cpp')
      C:\Users\mcmco\Desktop\WMMR\src\MovieMakerCore\pch.h(31,9):
      'NOMINMAX' previously declared on the command line
  
C:\Users\mcmco\Desktop\WMMR\src\MovieMakerCore\pch.h(32,9): warning C4005: '_CRT_SECURE_NO_WARNINGS': macro redefinition [C:\Users\mcmco\Desktop\WMMR\build\src\MovieMakerCore\MovieMakerCore.vcxproj]
  (compiling source file '../../../src/MovieMakerCore/HMREngine/DXResources/TextureResourceDX.cpp')
      C:\Users\mcmco\Desktop\WMMR\src\MovieMakerCore\pch.h(32,9):
      '_CRT_SECURE_NO_WARNINGS' previously declared on the command line
  
C:\Users\mcmco\Desktop\WMMR\src\MovieMakerCore\pch.h(33,9): warning C4005: '_WINDLL': macro redefinition [C:\Users\mcmco\Desktop\WMMR\build\src\MovieMakerCore\MovieMakerCore.vcxproj]
  (compiling source file '../../../src/MovieMakerCore/HMREngine/DXResources/TextureResourceDX.cpp')
      C:\Users\mcmco\Desktop\WMMR\src\MovieMakerCore\pch.h(33,9):
      '_WINDLL' previously declared on the command line
  
C:\Users\mcmco\Desktop\WMMR\src\MovieMakerCore\pch.h(34,9): warning C4005: '_AFXDLL': macro redefinition [C:\Users\mcmco\Desktop\WMMR\build\src\MovieMakerCore\MovieMakerCore.vcxproj]
  (compiling source file '../../../src/MovieMakerCore/HMREngine/DXResources/TextureResourceDX.cpp')
      C:\Users\mcmco\Desktop\WMMR\src\MovieMakerCore\pch.h(34,9):
      '_AFXDLL' previously declared on the command line
  
C:\Users\mcmco\Desktop\WMMR\src\MovieMakerCore\pch.h(35,9): warning C4005: '_ATL_CSTRING_EXPLICIT_CONSTRUCTORS': macro redefinition [C:\Users\mcmco\Desktop\WMMR\build\src\MovieMakerCore\MovieMakerCore.vcxproj]
  (compiling source file '../../../src/MovieMakerCore/HMREngine/DXResources/TextureResourceDX.cpp')
      C:\Users\mcmco\Desktop\WMMR\src\MovieMakerCore\pch.h(35,9):
      '_ATL_CSTRING_EXPLICIT_CONSTRUCTORS' previously declared on the command line
  
C:\Users\mcmco\Desktop\WMMR\src\MovieMakerCore\pch.h(36,9): warning C4005: '_ATL_ALL_WARNINGS': macro redefinition [C:\Users\mcmco\Desktop\WMMR\build\src\MovieMakerCore\MovieMakerCore.vcxproj]
  (compiling source file '../../../src/MovieMakerCore/HMREngine/DXResources/TextureResourceDX.cpp')
      C:\Users\mcmco\Desktop\WMMR\src\MovieMakerCore\pch.h(36,9):
      '_ATL_ALL_WARNINGS' previously declared on the command line
  
C:\Users\mcmco\Desktop\WMMR\src\WTL\atlprint.h(809,25): warning C4100: 'dc': unreferenced parameter [C:\Users\mcmco\Desktop\WMMR\build\src\MovieMakerCore\MovieMakerCore.vcxproj]
  (compiling source file '../../../src/MovieMakerCore/StoryboardManager/Background/Conductor.cpp')
  
C:\Users\mcmco\Desktop\WMMR\src\WTL\atlprint.h(809,25): warning C4100: 'dc': unreferenced parameter [C:\Users\mcmco\Desktop\WMMR\build\src\MovieMakerCore\MovieMakerCore.vcxproj]
  (compiling source file '../../../src/MovieMakerCore/StoryboardManager/MediaItems/MediaItem.cpp')
  
C:\Users\mcmco\Desktop\WMMR\src\WTL\atlprint.h(809,25): warning C4100: 'dc': unreferenced parameter [C:\Users\mcmco\Desktop\WMMR\build\src\MovieMakerCore\MovieMakerCore.vcxproj]
  (compiling source file '../../../src/MovieMakerCore/StoryboardManager/Background/BackgroundOrchestrator.cpp')
  
C:\Users\mcmco\Desktop\WMMR\src\WTL\atlprint.h(809,25): warning C4100: 'dc': unreferenced parameter [C:\Users\mcmco\Desktop\WMMR\build\src\MovieMakerCore\MovieMakerCore.vcxproj]
  (compiling source file '../../../src/MovieMakerCore/StoryboardManager/Transport/TransportBase.cpp')
  
C:\Users\mcmco\Desktop\WMMR\src\WTL\atlprint.h(809,25): warning C4100: 'dc': unreferenced parameter [C:\Users\mcmco\Desktop\WMMR\build\src\MovieMakerCore\MovieMakerCore.vcxproj]
  (compiling source file '../../../src/MovieMakerCore/StoryboardManager/Transport/CommandBin.cpp')
  
C:\Users\mcmco\Desktop\WMMR\src\WTL\atlprint.h(809,25): warning C4100: 'dc': unreferenced parameter [C:\Users\mcmco\Desktop\WMMR\build\src\MovieMakerCore\MovieMakerCore.vcxproj]
  (compiling source file '../../../src/MovieMakerCore/HMREngine/DXResources/EngineDX.cpp')
  
C:\Users\mcmco\Desktop\WMMR\src\WTL\atlprint.h(809,25): warning C4100: 'dc': unreferenced parameter [C:\Users\mcmco\Desktop\WMMR\build\src\MovieMakerCore\MovieMakerCore.vcxproj]
  (compiling source file '../../../src/MovieMakerCore/HMREngine/AsyncWorker.cpp')
  
C:\Users\mcmco\Desktop\WMMR\src\WTL\atlprint.h(809,25): warning C4100: 'dc': unreferenced parameter [C:\Users\mcmco\Desktop\WMMR\build\src\MovieMakerCore\MovieMakerCore.vcxproj]
  (compiling source file '../../../src/MovieMakerCore/HMREngine/DXResources/TextureResourceDX.cpp')
  
C:\Users\mcmco\Desktop\WMMR\src\WLXPhotoBase\BaseTypes.h(536,18): warning C4251: 'Base::File::m_strPath': 'ATL::CStringT<wchar_t,ATL::StrTraitATL<wchar_t,ATL::ChTraitsCRT<wchar_t>>>' needs to have dll-interface to be used by clients of 'Base::File' [C:\Users\mcmco\Desktop\WMMR\build\src\MovieMakerCore\MovieMakerCore.vcxproj]
  (compiling source file '../../../src/MovieMakerCore/StoryboardManager/Background/Conductor.cpp')
      C:\Program Files (x86)\Microsoft Visual Studio\2022\BuildTools\VC\Tools\MSVC\14.44.35207\atlmfc\include\cstringt.h(999,7):
      see declaration of 'ATL::CStringT<wchar_t,ATL::StrTraitATL<wchar_t,ATL::ChTraitsCRT<wchar_t>>>'
  
C:\Users\mcmco\Desktop\WMMR\src\WLXPhotoBase\BaseTypes.h(568,18): warning C4251: 'Base::TempFile::m_strPath': 'ATL::CStringT<wchar_t,ATL::StrTraitATL<wchar_t,ATL::ChTraitsCRT<wchar_t>>>' needs to have dll-interface to be used by clients of 'Base::TempFile' [C:\Users\mcmco\Desktop\WMMR\build\src\MovieMakerCore\MovieMakerCore.vcxproj]
  (compiling source file '../../../src/MovieMakerCore/StoryboardManager/Background/Conductor.cpp')
      C:\Program Files (x86)\Microsoft Visual Studio\2022\BuildTools\VC\Tools\MSVC\14.44.35207\atlmfc\include\cstringt.h(999,7):
      see declaration of 'ATL::CStringT<wchar_t,ATL::StrTraitATL<wchar_t,ATL::ChTraitsCRT<wchar_t>>>'
  
C:\Users\mcmco\Desktop\WMMR\src\WLXPhotoBase\BaseTypes.h(661,21): warning C4251: 'Base::FindFile::m_strDirectory': 'ATL::CStringT<wchar_t,ATL::StrTraitATL<wchar_t,ATL::ChTraitsCRT<wchar_t>>>' needs to have dll-interface to be used by clients of 'Base::FindFile' [C:\Users\mcmco\Desktop\WMMR\build\src\MovieMakerCore\MovieMakerCore.vcxproj]
  (compiling source file '../../../src/MovieMakerCore/StoryboardManager/Background/Conductor.cpp')
      C:\Program Files (x86)\Microsoft Visual Studio\2022\BuildTools\VC\Tools\MSVC\14.44.35207\atlmfc\include\cstringt.h(999,7):
      see declaration of 'ATL::CStringT<wchar_t,ATL::StrTraitATL<wchar_t,ATL::ChTraitsCRT<wchar_t>>>'
  
C:\Users\mcmco\Desktop\WMMR\src\WLXPhotoBase\BaseTypes.h(724,25): warning C4251: 'Base::IntSet::m_values': 'ATL::CAtlArray<int,ATL::CElementTraits<int>>' needs to have dll-interface to be used by clients of 'Base::IntSet' [C:\Users\mcmco\Desktop\WMMR\build\src\MovieMakerCore\MovieMakerCore.vcxproj]
  (compiling source file '../../../src/MovieMakerCore/StoryboardManager/Background/Conductor.cpp')
      C:\Program Files (x86)\Microsoft Visual Studio\2022\BuildTools\VC\Tools\MSVC\14.44.35207\atlmfc\include\atlcoll.h(530,7):
      see declaration of 'ATL::CAtlArray<int,ATL::CElementTraits<int>>'
  
C:\Users\mcmco\Desktop\WMMR\src\WLXPhotoBase\BaseTypes.h(536,18): warning C4251: 'Base::File::m_strPath': 'ATL::CStringT<wchar_t,ATL::StrTraitATL<wchar_t,ATL::ChTraitsCRT<wchar_t>>>' needs to have dll-interface to be used by clients of 'Base::File' [C:\Users\mcmco\Desktop\WMMR\build\src\MovieMakerCore\MovieMakerCore.vcxproj]
  (compiling source file '../../../src/MovieMakerCore/StoryboardManager/MediaItems/MediaItem.cpp')
      C:\Program Files (x86)\Microsoft Visual Studio\2022\BuildTools\VC\Tools\MSVC\14.44.35207\atlmfc\include\cstringt.h(999,7):
      see declaration of 'ATL::CStringT<wchar_t,ATL::StrTraitATL<wchar_t,ATL::ChTraitsCRT<wchar_t>>>'
  
C:\Users\mcmco\Desktop\WMMR\src\WLXPhotoBase\BaseTypes.h(568,18): warning C4251: 'Base::TempFile::m_strPath': 'ATL::CStringT<wchar_t,ATL::StrTraitATL<wchar_t,ATL::ChTraitsCRT<wchar_t>>>' needs to have dll-interface to be used by clients of 'Base::TempFile' [C:\Users\mcmco\Desktop\WMMR\build\src\MovieMakerCore\MovieMakerCore.vcxproj]
  (compiling source file '../../../src/MovieMakerCore/StoryboardManager/MediaItems/MediaItem.cpp')
      C:\Program Files (x86)\Microsoft Visual Studio\2022\BuildTools\VC\Tools\MSVC\14.44.35207\atlmfc\include\cstringt.h(999,7):
      see declaration of 'ATL::CStringT<wchar_t,ATL::StrTraitATL<wchar_t,ATL::ChTraitsCRT<wchar_t>>>'
  
C:\Users\mcmco\Desktop\WMMR\src\WLXPhotoBase\BaseTypes.h(661,21): warning C4251: 'Base::FindFile::m_strDirectory': 'ATL::CStringT<wchar_t,ATL::StrTraitATL<wchar_t,ATL::ChTraitsCRT<wchar_t>>>' needs to have dll-interface to be used by clients of 'Base::FindFile' [C:\Users\mcmco\Desktop\WMMR\build\src\MovieMakerCore\MovieMakerCore.vcxproj]
  (compiling source file '../../../src/MovieMakerCore/StoryboardManager/MediaItems/MediaItem.cpp')
      C:\Program Files (x86)\Microsoft Visual Studio\2022\BuildTools\VC\Tools\MSVC\14.44.35207\atlmfc\include\cstringt.h(999,7):
      see declaration of 'ATL::CStringT<wchar_t,ATL::StrTraitATL<wchar_t,ATL::ChTraitsCRT<wchar_t>>>'
  
C:\Users\mcmco\Desktop\WMMR\src\WLXPhotoBase\BaseTypes.h(724,25): warning C4251: 'Base::IntSet::m_values': 'ATL::CAtlArray<int,ATL::CElementTraits<int>>' needs to have dll-interface to be used by clients of 'Base::IntSet' [C:\Users\mcmco\Desktop\WMMR\build\src\MovieMakerCore\MovieMakerCore.vcxproj]
  (compiling source file '../../../src/MovieMakerCore/StoryboardManager/MediaItems/MediaItem.cpp')
      C:\Program Files (x86)\Microsoft Visual Studio\2022\BuildTools\VC\Tools\MSVC\14.44.35207\atlmfc\include\atlcoll.h(530,7):
      see declaration of 'ATL::CAtlArray<int,ATL::CElementTraits<int>>'
  
C:\Users\mcmco\Desktop\WMMR\src\MovieMakerCore\StoryboardManager\StoryboardManagerExceptions.h(56,18): warning C4251: 'StoryboardManager::StoryboardManagerException::m_strMessage': 'ATL::CStringT<wchar_t,ATL::StrTraitATL<wchar_t,ATL::ChTraitsCRT<wchar_t>>>' needs to have dll-interface to be used by clients of 'StoryboardManager::StoryboardManagerException' [C:\Users\mcmco\Desktop\WMMR\build\src\MovieMakerCore\MovieMakerCore.vcxproj]
  (compiling source file '../../../src/MovieMakerCore/StoryboardManager/MediaItems/MediaItem.cpp')
      C:\Program Files (x86)\Microsoft Visual Studio\2022\BuildTools\VC\Tools\MSVC\14.44.35207\atlmfc\include\cstringt.h(999,7):
      see declaration of 'ATL::CStringT<wchar_t,ATL::StrTraitATL<wchar_t,ATL::ChTraitsCRT<wchar_t>>>'
  
C:\Users\mcmco\Desktop\WMMR\src\MovieMakerCore\StoryboardManager\StoryboardManagerExceptions.h(86,18): warning C4251: 'StoryboardManager::TemplateInitializationException::m_strTemplateName': 'ATL::CStringT<wchar_t,ATL::StrTraitATL<wchar_t,ATL::ChTraitsCRT<wchar_t>>>' needs to have dll-interface to be used by clients of 'StoryboardManager::TemplateInitializationException' [C:\Users\mcmco\Desktop\WMMR\build\src\MovieMakerCore\MovieMakerCore.vcxproj]
  (compiling source file '../../../src/MovieMakerCore/StoryboardManager/MediaItems/MediaItem.cpp')
      C:\Program Files (x86)\Microsoft Visual Studio\2022\BuildTools\VC\Tools\MSVC\14.44.35207\atlmfc\include\cstringt.h(999,7):
      see declaration of 'ATL::CStringT<wchar_t,ATL::StrTraitATL<wchar_t,ATL::ChTraitsCRT<wchar_t>>>'
  
C:\Users\mcmco\Desktop\WMMR\src\MovieMakerCore\StoryboardManager\StoryboardManagerExceptions.h(119,18): warning C4251: 'StoryboardManager::ScriptInitializationException::m_strScriptPath': 'ATL::CStringT<wchar_t,ATL::StrTraitATL<wchar_t,ATL::ChTraitsCRT<wchar_t>>>' needs to have dll-interface to be used by clients of 'StoryboardManager::ScriptInitializationException' [C:\Users\mcmco\Desktop\WMMR\build\src\MovieMakerCore\MovieMakerCore.vcxproj]
  (compiling source file '../../../src/MovieMakerCore/StoryboardManager/MediaItems/MediaItem.cpp')
      C:\Program Files (x86)\Microsoft Visual Studio\2022\BuildTools\VC\Tools\MSVC\14.44.35207\atlmfc\include\cstringt.h(999,7):
      see declaration of 'ATL::CStringT<wchar_t,ATL::StrTraitATL<wchar_t,ATL::ChTraitsCRT<wchar_t>>>'
  
C:\Users\mcmco\Desktop\WMMR\src\MovieMakerCore\StoryboardManager\StoryboardManagerExceptions.h(120,18): warning C4251: 'StoryboardManager::ScriptInitializationException::m_strScriptEngineId': 'ATL::CStringT<wchar_t,ATL::StrTraitATL<wchar_t,ATL::ChTraitsCRT<wchar_t>>>' needs to have dll-interface to be used by clients of 'StoryboardManager::ScriptInitializationException' [C:\Users\mcmco\Desktop\WMMR\build\src\MovieMakerCore\MovieMakerCore.vcxproj]
  (compiling source file '../../../src/MovieMakerCore/StoryboardManager/MediaItems/MediaItem.cpp')
      C:\Program Files (x86)\Microsoft Visual Studio\2022\BuildTools\VC\Tools\MSVC\14.44.35207\atlmfc\include\cstringt.h(999,7):
      see declaration of 'ATL::CStringT<wchar_t,ATL::StrTraitATL<wchar_t,ATL::ChTraitsCRT<wchar_t>>>'
  
C:\Users\mcmco\Desktop\WMMR\src\MovieMakerCore\StoryboardManager\StoryboardManagerExceptions.h(156,18): warning C4251: 'StoryboardManager::EncodeInitializationException::m_strOutputFormat': 'ATL::CStringT<wchar_t,ATL::StrTraitATL<wchar_t,ATL::ChTraitsCRT<wchar_t>>>' needs to have dll-interface to be used by clients of 'StoryboardManager::EncodeInitializationException' [C:\Users\mcmco\Desktop\WMMR\build\src\MovieMakerCore\MovieMakerCore.vcxproj]
  (compiling source file '../../../src/MovieMakerCore/StoryboardManager/MediaItems/MediaItem.cpp')
      C:\Program Files (x86)\Microsoft Visual Studio\2022\BuildTools\VC\Tools\MSVC\14.44.35207\atlmfc\include\cstringt.h(999,7):
      see declaration of 'ATL::CStringT<wchar_t,ATL::StrTraitATL<wchar_t,ATL::ChTraitsCRT<wchar_t>>>'
  
C:\Users\mcmco\Desktop\WMMR\src\MovieMakerCore\StoryboardManager\StoryboardManagerExceptions.h(157,18): warning C4251: 'StoryboardManager::EncodeInitializationException::m_strCodecName': 'ATL::CStringT<wchar_t,ATL::StrTraitATL<wchar_t,ATL::ChTraitsCRT<wchar_t>>>' needs to have dll-interface to be used by clients of 'StoryboardManager::EncodeInitializationException' [C:\Users\mcmco\Desktop\WMMR\build\src\MovieMakerCore\MovieMakerCore.vcxproj]
  (compiling source file '../../../src/MovieMakerCore/StoryboardManager/MediaItems/MediaItem.cpp')
      C:\Program Files (x86)\Microsoft Visual Studio\2022\BuildTools\VC\Tools\MSVC\14.44.35207\atlmfc\include\cstringt.h(999,7):
      see declaration of 'ATL::CStringT<wchar_t,ATL::StrTraitATL<wchar_t,ATL::ChTraitsCRT<wchar_t>>>'
  
C:\Users\mcmco\Desktop\WMMR\src\MovieMakerCore\StoryboardManager\TimelineTrack.h(99,25): warning C4251: 'StoryboardManager::TimelineTrack::m_strDisplayName': 'ATL::CStringT<wchar_t,ATL::StrTraitATL<wchar_t,ATL::ChTraitsCRT<wchar_t>>>' needs to have dll-interface to be used by clients of 'StoryboardManager::TimelineTrack' [C:\Users\mcmco\Desktop\WMMR\build\src\MovieMakerCore\MovieMakerCore.vcxproj]
  (compiling source file '../../../src/MovieMakerCore/StoryboardManager/MediaItems/MediaItem.cpp')
      C:\Program Files (x86)\Microsoft Visual Studio\2022\BuildTools\VC\Tools\MSVC\14.44.35207\atlmfc\include\cstringt.h(999,7):
      see declaration of 'ATL::CStringT<wchar_t,ATL::StrTraitATL<wchar_t,ATL::ChTraitsCRT<wchar_t>>>'
  
C:\Users\mcmco\Desktop\WMMR\src\MovieMakerCore\StoryboardManager\TimelineTrack.h(106,25): error C2079: 'StoryboardManager::TimelineTrack::m_timeline' uses undefined class 'StoryboardManager::ProjectTimeline' [C:\Users\mcmco\Desktop\WMMR\build\src\MovieMakerCore\MovieMakerCore.vcxproj]
  (compiling source file '../../../src/MovieMakerCore/StoryboardManager/MediaItems/MediaItem.cpp')
  
C:\Users\mcmco\Desktop\WMMR\src\MovieMakerCore\StoryboardManager\TimelineTrack.h(151,36): warning C4251: 'StoryboardManager::TimelineTrackManager::m_arrTracks': 'ATL::CAtlArray<StoryboardManager::TimelineTrack *,ATL::CElementTraits<E>>' needs to have dll-interface to be used by clients of 'StoryboardManager::TimelineTrackManager' [C:\Users\mcmco\Desktop\WMMR\build\src\MovieMakerCore\MovieMakerCore.vcxproj]
C:\Users\mcmco\Desktop\WMMR\src\MovieMakerCore\StoryboardManager\TimelineTrack.h(151,36): warning C4251:         with [C:\Users\mcmco\Desktop\WMMR\build\src\MovieMakerCore\MovieMakerCore.vcxproj]
C:\Users\mcmco\Desktop\WMMR\src\MovieMakerCore\StoryboardManager\TimelineTrack.h(151,36): warning C4251:         [ [C:\Users\mcmco\Desktop\WMMR\build\src\MovieMakerCore\MovieMakerCore.vcxproj]
C:\Users\mcmco\Desktop\WMMR\src\MovieMakerCore\StoryboardManager\TimelineTrack.h(151,36): warning C4251:             E=StoryboardManager::TimelineTrack * [C:\Users\mcmco\Desktop\WMMR\build\src\MovieMakerCore\MovieMakerCore.vcxproj]
C:\Users\mcmco\Desktop\WMMR\src\MovieMakerCore\StoryboardManager\TimelineTrack.h(151,36): warning C4251:         ] [C:\Users\mcmco\Desktop\WMMR\build\src\MovieMakerCore\MovieMakerCore.vcxproj]
  (compiling source file '../../../src/MovieMakerCore/StoryboardManager/MediaItems/MediaItem.cpp')
      C:\Program Files (x86)\Microsoft Visual Studio\2022\BuildTools\VC\Tools\MSVC\14.44.35207\atlmfc\include\atlcoll.h(530,7):
      see declaration of 'ATL::CAtlArray<StoryboardManager::TimelineTrack *,ATL::CElementTraits<E>>'
          with
          [
              E=StoryboardManager::TimelineTrack *
          ]
  
C:\Users\mcmco\Desktop\WMMR\src\MovieMakerCore\StoryboardManager\MovieExtent.h(151,25): warning C4251: 'StoryboardManager::MovieExtent::m_strTitleText': 'ATL::CStringT<wchar_t,ATL::StrTraitATL<wchar_t,ATL::ChTraitsCRT<wchar_t>>>' needs to have dll-interface to be used by clients of 'StoryboardManager::MovieExtent' [C:\Users\mcmco\Desktop\WMMR\build\src\MovieMakerCore\MovieMakerCore.vcxproj]
  (compiling source file '../../../src/MovieMakerCore/StoryboardManager/MediaItems/MediaItem.cpp')
      C:\Program Files (x86)\Microsoft Visual Studio\2022\BuildTools\VC\Tools\MSVC\14.44.35207\atlmfc\include\cstringt.h(999,7):
      see declaration of 'ATL::CStringT<wchar_t,ATL::StrTraitATL<wchar_t,ATL::ChTraitsCRT<wchar_t>>>'
  
C:\Users\mcmco\Desktop\WMMR\src\MovieMakerCore\StoryboardManager\MovieExtent.h(152,25): warning C4251: 'StoryboardManager::MovieExtent::m_strTitleFontFamily': 'ATL::CStringT<wchar_t,ATL::StrTraitATL<wchar_t,ATL::ChTraitsCRT<wchar_t>>>' needs to have dll-interface to be used by clients of 'StoryboardManager::MovieExtent' [C:\Users\mcmco\Desktop\WMMR\build\src\MovieMakerCore\MovieMakerCore.vcxproj]
  (compiling source file '../../../src/MovieMakerCore/StoryboardManager/MediaItems/MediaItem.cpp')
      C:\Program Files (x86)\Microsoft Visual Studio\2022\BuildTools\VC\Tools\MSVC\14.44.35207\atlmfc\include\cstringt.h(999,7):
      see declaration of 'ATL::CStringT<wchar_t,ATL::StrTraitATL<wchar_t,ATL::ChTraitsCRT<wchar_t>>>'
  
C:\Users\mcmco\Desktop\WMMR\src\MovieMakerCore\StoryboardManager\Extents.h(104,37): warning C4251: 'StoryboardManager::ExtentCollection::m_arrExtents': 'ATL::CAtlArray<StoryboardManager::MovieExtent *,ATL::CElementTraits<E>>' needs to have dll-interface to be used by clients of 'StoryboardManager::ExtentCollection' [C:\Users\mcmco\Desktop\WMMR\build\src\MovieMakerCore\MovieMakerCore.vcxproj]
C:\Users\mcmco\Desktop\WMMR\src\MovieMakerCore\StoryboardManager\Extents.h(104,37): warning C4251:         with [C:\Users\mcmco\Desktop\WMMR\build\src\MovieMakerCore\MovieMakerCore.vcxproj]
C:\Users\mcmco\Desktop\WMMR\src\MovieMakerCore\StoryboardManager\Extents.h(104,37): warning C4251:         [ [C:\Users\mcmco\Desktop\WMMR\build\src\MovieMakerCore\MovieMakerCore.vcxproj]
C:\Users\mcmco\Desktop\WMMR\src\MovieMakerCore\StoryboardManager\Extents.h(104,37): warning C4251:             E=StoryboardManager::MovieExtent * [C:\Users\mcmco\Desktop\WMMR\build\src\MovieMakerCore\MovieMakerCore.vcxproj]
C:\Users\mcmco\Desktop\WMMR\src\MovieMakerCore\StoryboardManager\Extents.h(104,37): warning C4251:         ] [C:\Users\mcmco\Desktop\WMMR\build\src\MovieMakerCore\MovieMakerCore.vcxproj]
  (compiling source file '../../../src/MovieMakerCore/StoryboardManager/MediaItems/MediaItem.cpp')
      C:\Program Files (x86)\Microsoft Visual Studio\2022\BuildTools\VC\Tools\MSVC\14.44.35207\atlmfc\include\atlcoll.h(530,7):
      see declaration of 'ATL::CAtlArray<StoryboardManager::MovieExtent *,ATL::CElementTraits<E>>'
          with
          [
              E=StoryboardManager::MovieExtent *
          ]
  
C:\Users\mcmco\Desktop\WMMR\src\MovieMakerCore\StoryboardManager\Extents.h(158,27): warning C4251: 'StoryboardManager::ExtentIdSet::m_arrIds': 'ATL::CAtlArray<DWORD,ATL::CElementTraits<unsigned long>>' needs to have dll-interface to be used by clients of 'StoryboardManager::ExtentIdSet' [C:\Users\mcmco\Desktop\WMMR\build\src\MovieMakerCore\MovieMakerCore.vcxproj]
  (compiling source file '../../../src/MovieMakerCore/StoryboardManager/MediaItems/MediaItem.cpp')
      C:\Program Files (x86)\Microsoft Visual Studio\2022\BuildTools\VC\Tools\MSVC\14.44.35207\atlmfc\include\atlcoll.h(530,7):
      see declaration of 'ATL::CAtlArray<DWORD,ATL::CElementTraits<unsigned long>>'
  
C:\Users\mcmco\Desktop\WMMR\src\MovieMakerCore\StoryboardManager\Templates.h(127,25): warning C4251: 'StoryboardManager::ThemeEffect::m_strX3dClipName': 'ATL::CStringT<wchar_t,ATL::StrTraitATL<wchar_t,ATL::ChTraitsCRT<wchar_t>>>' needs to have dll-interface to be used by clients of 'StoryboardManager::ThemeEffect' [C:\Users\mcmco\Desktop\WMMR\build\src\MovieMakerCore\MovieMakerCore.vcxproj]
  (compiling source file '../../../src/MovieMakerCore/StoryboardManager/MediaItems/MediaItem.cpp')
      C:\Program Files (x86)\Microsoft Visual Studio\2022\BuildTools\VC\Tools\MSVC\14.44.35207\atlmfc\include\cstringt.h(999,7):
      see declaration of 'ATL::CStringT<wchar_t,ATL::StrTraitATL<wchar_t,ATL::ChTraitsCRT<wchar_t>>>'
  
C:\Users\mcmco\Desktop\WMMR\src\MovieMakerCore\StoryboardManager\Templates.h(135,31): warning C4251: 'StoryboardManager::ThemeEffect::m_arrParameters': 'ATL::CAtlArray<StoryboardManager::ThemeEffect::Parameter,ATL::CElementTraits<E>>' needs to have dll-interface to be used by clients of 'StoryboardManager::ThemeEffect' [C:\Users\mcmco\Desktop\WMMR\build\src\MovieMakerCore\MovieMakerCore.vcxproj]
C:\Users\mcmco\Desktop\WMMR\src\MovieMakerCore\StoryboardManager\Templates.h(135,31): warning C4251:         with [C:\Users\mcmco\Desktop\WMMR\build\src\MovieMakerCore\MovieMakerCore.vcxproj]
C:\Users\mcmco\Desktop\WMMR\src\MovieMakerCore\StoryboardManager\Templates.h(135,31): warning C4251:         [ [C:\Users\mcmco\Desktop\WMMR\build\src\MovieMakerCore\MovieMakerCore.vcxproj]
C:\Users\mcmco\Desktop\WMMR\src\MovieMakerCore\StoryboardManager\Templates.h(135,31): warning C4251:             E=StoryboardManager::ThemeEffect::Parameter [C:\Users\mcmco\Desktop\WMMR\build\src\MovieMakerCore\MovieMakerCore.vcxproj]
C:\Users\mcmco\Desktop\WMMR\src\MovieMakerCore\StoryboardManager\Templates.h(135,31): warning C4251:         ] [C:\Users\mcmco\Desktop\WMMR\build\src\MovieMakerCore\MovieMakerCore.vcxproj]
  (compiling source file '../../../src/MovieMakerCore/StoryboardManager/MediaItems/MediaItem.cpp')
      C:\Program Files (x86)\Microsoft Visual Studio\2022\BuildTools\VC\Tools\MSVC\14.44.35207\atlmfc\include\atlcoll.h(530,7):
      see declaration of 'ATL::CAtlArray<StoryboardManager::ThemeEffect::Parameter,ATL::CElementTraits<E>>'
          with
          [
              E=StoryboardManager::ThemeEffect::Parameter
          ]
  
C:\Users\mcmco\Desktop\WMMR\src\MovieMakerCore\StoryboardManager\Templates.h(206,21): warning C4251: 'StoryboardManager::AutoMovieTheme::m_strName': 'ATL::CStringT<wchar_t,ATL::StrTraitATL<wchar_t,ATL::ChTraitsCRT<wchar_t>>>' needs to have dll-interface to be used by clients of 'StoryboardManager::AutoMovieTheme' [C:\Users\mcmco\Desktop\WMMR\build\src\MovieMakerCore\MovieMakerCore.vcxproj]
  (compiling source file '../../../src/MovieMakerCore/StoryboardManager/MediaItems/MediaItem.cpp')
      C:\Program Files (x86)\Microsoft Visual Studio\2022\BuildTools\VC\Tools\MSVC\14.44.35207\atlmfc\include\cstringt.h(999,7):
      see declaration of 'ATL::CStringT<wchar_t,ATL::StrTraitATL<wchar_t,ATL::ChTraitsCRT<wchar_t>>>'
  
C:\Users\mcmco\Desktop\WMMR\src\MovieMakerCore\StoryboardManager\Templates.h(207,21): warning C4251: 'StoryboardManager::AutoMovieTheme::m_strDisplayName': 'ATL::CStringT<wchar_t,ATL::StrTraitATL<wchar_t,ATL::ChTraitsCRT<wchar_t>>>' needs to have dll-interface to be used by clients of 'StoryboardManager::AutoMovieTheme' [C:\Users\mcmco\Desktop\WMMR\build\src\MovieMakerCore\MovieMakerCore.vcxproj]
  (compiling source file '../../../src/MovieMakerCore/StoryboardManager/MediaItems/MediaItem.cpp')
      C:\Program Files (x86)\Microsoft Visual Studio\2022\BuildTools\VC\Tools\MSVC\14.44.35207\atlmfc\include\cstringt.h(999,7):
      see declaration of 'ATL::CStringT<wchar_t,ATL::StrTraitATL<wchar_t,ATL::ChTraitsCRT<wchar_t>>>'
  
C:\Users\mcmco\Desktop\WMMR\src\MovieMakerCore\StoryboardManager\Templates.h(208,21): warning C4251: 'StoryboardManager::AutoMovieTheme::m_strDescription': 'ATL::CStringT<wchar_t,ATL::StrTraitATL<wchar_t,ATL::ChTraitsCRT<wchar_t>>>' needs to have dll-interface to be used by clients of 'StoryboardManager::AutoMovieTheme' [C:\Users\mcmco\Desktop\WMMR\build\src\MovieMakerCore\MovieMakerCore.vcxproj]
  (compiling source file '../../../src/MovieMakerCore/StoryboardManager/MediaItems/MediaItem.cpp')
      C:\Program Files (x86)\Microsoft Visual Studio\2022\BuildTools\VC\Tools\MSVC\14.44.35207\atlmfc\include\cstringt.h(999,7):
      see declaration of 'ATL::CStringT<wchar_t,ATL::StrTraitATL<wchar_t,ATL::ChTraitsCRT<wchar_t>>>'
  
C:\Users\mcmco\Desktop\WMMR\src\MovieMakerCore\StoryboardManager\Templates.h(209,21): warning C4251: 'StoryboardManager::AutoMovieTheme::m_strThumbnailPath': 'ATL::CStringT<wchar_t,ATL::StrTraitATL<wchar_t,ATL::ChTraitsCRT<wchar_t>>>' needs to have dll-interface to be used by clients of 'StoryboardManager::AutoMovieTheme' [C:\Users\mcmco\Desktop\WMMR\build\src\MovieMakerCore\MovieMakerCore.vcxproj]
  (compiling source file '../../../src/MovieMakerCore/StoryboardManager/MediaItems/MediaItem.cpp')
      C:\Program Files (x86)\Microsoft Visual Studio\2022\BuildTools\VC\Tools\MSVC\14.44.35207\atlmfc\include\cstringt.h(999,7):
      see declaration of 'ATL::CStringT<wchar_t,ATL::StrTraitATL<wchar_t,ATL::ChTraitsCRT<wchar_t>>>'
  
C:\Users\mcmco\Desktop\WMMR\src\MovieMakerCore\StoryboardManager\Templates.h(210,21): warning C4251: 'StoryboardManager::AutoMovieTheme::m_strCategory': 'ATL::CStringT<wchar_t,ATL::StrTraitATL<wchar_t,ATL::ChTraitsCRT<wchar_t>>>' needs to have dll-interface to be used by clients of 'StoryboardManager::AutoMovieTheme' [C:\Users\mcmco\Desktop\WMMR\build\src\MovieMakerCore\MovieMakerCore.vcxproj]
  (compiling source file '../../../src/MovieMakerCore/StoryboardManager/MediaItems/MediaItem.cpp')
      C:\Program Files (x86)\Microsoft Visual Studio\2022\BuildTools\VC\Tools\MSVC\14.44.35207\atlmfc\include\cstringt.h(999,7):
      see declaration of 'ATL::CStringT<wchar_t,ATL::StrTraitATL<wchar_t,ATL::ChTraitsCRT<wchar_t>>>'
  
C:\Users\mcmco\Desktop\WMMR\src\MovieMakerCore\StoryboardManager\Templates.h(211,21): warning C4251: 'StoryboardManager::AutoMovieTheme::m_strTitleFontFamily': 'ATL::CStringT<wchar_t,ATL::StrTraitATL<wchar_t,ATL::ChTraitsCRT<wchar_t>>>' needs to have dll-interface to be used by clients of 'StoryboardManager::AutoMovieTheme' [C:\Users\mcmco\Desktop\WMMR\build\src\MovieMakerCore\MovieMakerCore.vcxproj]
  (compiling source file '../../../src/MovieMakerCore/StoryboardManager/MediaItems/MediaItem.cpp')
      C:\Program Files (x86)\Microsoft Visual Studio\2022\BuildTools\VC\Tools\MSVC\14.44.35207\atlmfc\include\cstringt.h(999,7):
      see declaration of 'ATL::CStringT<wchar_t,ATL::StrTraitATL<wchar_t,ATL::ChTraitsCRT<wchar_t>>>'
  
C:\Users\mcmco\Desktop\WMMR\src\MovieMakerCore\StoryboardManager\Templates.h(213,33): warning C4251: 'StoryboardManager::AutoMovieTheme::m_arrEffects': 'ATL::CAtlArray<StoryboardManager::ThemeEffect,ATL::CElementTraits<E>>' needs to have dll-interface to be used by clients of 'StoryboardManager::AutoMovieTheme' [C:\Users\mcmco\Desktop\WMMR\build\src\MovieMakerCore\MovieMakerCore.vcxproj]
C:\Users\mcmco\Desktop\WMMR\src\MovieMakerCore\StoryboardManager\Templates.h(213,33): warning C4251:         with [C:\Users\mcmco\Desktop\WMMR\build\src\MovieMakerCore\MovieMakerCore.vcxproj]
C:\Users\mcmco\Desktop\WMMR\src\MovieMakerCore\StoryboardManager\Templates.h(213,33): warning C4251:         [ [C:\Users\mcmco\Desktop\WMMR\build\src\MovieMakerCore\MovieMakerCore.vcxproj]
C:\Users\mcmco\Desktop\WMMR\src\MovieMakerCore\StoryboardManager\Templates.h(213,33): warning C4251:             E=StoryboardManager::ThemeEffect [C:\Users\mcmco\Desktop\WMMR\build\src\MovieMakerCore\MovieMakerCore.vcxproj]
C:\Users\mcmco\Desktop\WMMR\src\MovieMakerCore\StoryboardManager\Templates.h(213,33): warning C4251:         ] [C:\Users\mcmco\Desktop\WMMR\build\src\MovieMakerCore\MovieMakerCore.vcxproj]
  (compiling source file '../../../src/MovieMakerCore/StoryboardManager/MediaItems/MediaItem.cpp')
      C:\Program Files (x86)\Microsoft Visual Studio\2022\BuildTools\VC\Tools\MSVC\14.44.35207\atlmfc\include\atlcoll.h(530,7):
      see declaration of 'ATL::CAtlArray<StoryboardManager::ThemeEffect,ATL::CElementTraits<E>>'
          with
          [
              E=StoryboardManager::ThemeEffect
          ]
  
C:\Users\mcmco\Desktop\WMMR\src\MovieMakerCore\StoryboardManager\Templates.h(273,25): warning C4251: 'StoryboardManager::TemplateEntry::m_strName': 'ATL::CStringT<wchar_t,ATL::StrTraitATL<wchar_t,ATL::ChTraitsCRT<wchar_t>>>' needs to have dll-interface to be used by clients of 'StoryboardManager::TemplateEntry' [C:\Users\mcmco\Desktop\WMMR\build\src\MovieMakerCore\MovieMakerCore.vcxproj]
  (compiling source file '../../../src/MovieMakerCore/StoryboardManager/MediaItems/MediaItem.cpp')
      C:\Program Files (x86)\Microsoft Visual Studio\2022\BuildTools\VC\Tools\MSVC\14.44.35207\atlmfc\include\cstringt.h(999,7):
      see declaration of 'ATL::CStringT<wchar_t,ATL::StrTraitATL<wchar_t,ATL::ChTraitsCRT<wchar_t>>>'
  
C:\Users\mcmco\Desktop\WMMR\src\MovieMakerCore\StoryboardManager\Templates.h(274,25): warning C4251: 'StoryboardManager::TemplateEntry::m_strDisplayName': 'ATL::CStringT<wchar_t,ATL::StrTraitATL<wchar_t,ATL::ChTraitsCRT<wchar_t>>>' needs to have dll-interface to be used by clients of 'StoryboardManager::TemplateEntry' [C:\Users\mcmco\Desktop\WMMR\build\src\MovieMakerCore\MovieMakerCore.vcxproj]
  (compiling source file '../../../src/MovieMakerCore/StoryboardManager/MediaItems/MediaItem.cpp')
      C:\Program Files (x86)\Microsoft Visual Studio\2022\BuildTools\VC\Tools\MSVC\14.44.35207\atlmfc\include\cstringt.h(999,7):
      see declaration of 'ATL::CStringT<wchar_t,ATL::StrTraitATL<wchar_t,ATL::ChTraitsCRT<wchar_t>>>'
  
C:\Users\mcmco\Desktop\WMMR\src\MovieMakerCore\StoryboardManager\Templates.h(275,25): warning C4251: 'StoryboardManager::TemplateEntry::m_strDescription': 'ATL::CStringT<wchar_t,ATL::StrTraitATL<wchar_t,ATL::ChTraitsCRT<wchar_t>>>' needs to have dll-interface to be used by clients of 'StoryboardManager::TemplateEntry' [C:\Users\mcmco\Desktop\WMMR\build\src\MovieMakerCore\MovieMakerCore.vcxproj]
  (compiling source file '../../../src/MovieMakerCore/StoryboardManager/MediaItems/MediaItem.cpp')
      C:\Program Files (x86)\Microsoft Visual Studio\2022\BuildTools\VC\Tools\MSVC\14.44.35207\atlmfc\include\cstringt.h(999,7):
      see declaration of 'ATL::CStringT<wchar_t,ATL::StrTraitATL<wchar_t,ATL::ChTraitsCRT<wchar_t>>>'
  
C:\Users\mcmco\Desktop\WMMR\src\MovieMakerCore\StoryboardManager\Templates.h(276,25): warning C4251: 'StoryboardManager::TemplateEntry::m_strThumbnailPath': 'ATL::CStringT<wchar_t,ATL::StrTraitATL<wchar_t,ATL::ChTraitsCRT<wchar_t>>>' needs to have dll-interface to be used by clients of 'StoryboardManager::TemplateEntry' [C:\Users\mcmco\Desktop\WMMR\build\src\MovieMakerCore\MovieMakerCore.vcxproj]
  (compiling source file '../../../src/MovieMakerCore/StoryboardManager/MediaItems/MediaItem.cpp')
      C:\Program Files (x86)\Microsoft Visual Studio\2022\BuildTools\VC\Tools\MSVC\14.44.35207\atlmfc\include\cstringt.h(999,7):
      see declaration of 'ATL::CStringT<wchar_t,ATL::StrTraitATL<wchar_t,ATL::ChTraitsCRT<wchar_t>>>'
  
C:\Users\mcmco\Desktop\WMMR\src\MovieMakerCore\StoryboardManager\Templates.h(343,37): warning C4251: 'StoryboardManager::TemplateTable::m_arrTemplates': 'ATL::CAtlArray<StoryboardManager::TemplateEntry *,ATL::CElementTraits<E>>' needs to have dll-interface to be used by clients of 'StoryboardManager::TemplateTable' [C:\Users\mcmco\Desktop\WMMR\build\src\MovieMakerCore\MovieMakerCore.vcxproj]
C:\Users\mcmco\Desktop\WMMR\src\MovieMakerCore\StoryboardManager\Templates.h(343,37): warning C4251:         with [C:\Users\mcmco\Desktop\WMMR\build\src\MovieMakerCore\MovieMakerCore.vcxproj]
C:\Users\mcmco\Desktop\WMMR\src\MovieMakerCore\StoryboardManager\Templates.h(343,37): warning C4251:         [ [C:\Users\mcmco\Desktop\WMMR\build\src\MovieMakerCore\MovieMakerCore.vcxproj]
C:\Users\mcmco\Desktop\WMMR\src\MovieMakerCore\StoryboardManager\Templates.h(343,37): warning C4251:             E=StoryboardManager::TemplateEntry * [C:\Users\mcmco\Desktop\WMMR\build\src\MovieMakerCore\MovieMakerCore.vcxproj]
C:\Users\mcmco\Desktop\WMMR\src\MovieMakerCore\StoryboardManager\Templates.h(343,37): warning C4251:         ] [C:\Users\mcmco\Desktop\WMMR\build\src\MovieMakerCore\MovieMakerCore.vcxproj]
  (compiling source file '../../../src/MovieMakerCore/StoryboardManager/MediaItems/MediaItem.cpp')
      C:\Program Files (x86)\Microsoft Visual Studio\2022\BuildTools\VC\Tools\MSVC\14.44.35207\atlmfc\include\atlcoll.h(530,7):
      see declaration of 'ATL::CAtlArray<StoryboardManager::TemplateEntry *,ATL::CElementTraits<E>>'
          with
          [
              E=StoryboardManager::TemplateEntry *
          ]
  
C:\Users\mcmco\Desktop\WMMR\src\MovieMakerCore\StoryboardManager\Templates.h(344,37): warning C4251: 'StoryboardManager::TemplateTable::m_arrThemes': 'ATL::CAtlArray<StoryboardManager::AutoMovieTheme *,ATL::CElementTraits<E>>' needs to have dll-interface to be used by clients of 'StoryboardManager::TemplateTable' [C:\Users\mcmco\Desktop\WMMR\build\src\MovieMakerCore\MovieMakerCore.vcxproj]
C:\Users\mcmco\Desktop\WMMR\src\MovieMakerCore\StoryboardManager\Templates.h(344,37): warning C4251:         with [C:\Users\mcmco\Desktop\WMMR\build\src\MovieMakerCore\MovieMakerCore.vcxproj]
C:\Users\mcmco\Desktop\WMMR\src\MovieMakerCore\StoryboardManager\Templates.h(344,37): warning C4251:         [ [C:\Users\mcmco\Desktop\WMMR\build\src\MovieMakerCore\MovieMakerCore.vcxproj]
C:\Users\mcmco\Desktop\WMMR\src\MovieMakerCore\StoryboardManager\Templates.h(344,37): warning C4251:             E=StoryboardManager::AutoMovieTheme * [C:\Users\mcmco\Desktop\WMMR\build\src\MovieMakerCore\MovieMakerCore.vcxproj]
C:\Users\mcmco\Desktop\WMMR\src\MovieMakerCore\StoryboardManager\Templates.h(344,37): warning C4251:         ] [C:\Users\mcmco\Desktop\WMMR\build\src\MovieMakerCore\MovieMakerCore.vcxproj]
  (compiling source file '../../../src/MovieMakerCore/StoryboardManager/MediaItems/MediaItem.cpp')
      C:\Program Files (x86)\Microsoft Visual Studio\2022\BuildTools\VC\Tools\MSVC\14.44.35207\atlmfc\include\atlcoll.h(530,7):
      see declaration of 'ATL::CAtlArray<StoryboardManager::AutoMovieTheme *,ATL::CElementTraits<E>>'
          with
          [
              E=StoryboardManager::AutoMovieTheme *
          ]
  
C:\Users\mcmco\Desktop\WMMR\src\MovieMakerCore\StoryboardManager\MovieProject.h(119,18): warning C4251: 'StoryboardManager::ProjectMediaItem::m_strSourcePath': 'ATL::CStringT<wchar_t,ATL::StrTraitATL<wchar_t,ATL::ChTraitsCRT<wchar_t>>>' needs to have dll-interface to be used by clients of 'StoryboardManager::ProjectMediaItem' [C:\Users\mcmco\Desktop\WMMR\build\src\MovieMakerCore\MovieMakerCore.vcxproj]
  (compiling source file '../../../src/MovieMakerCore/StoryboardManager/MediaItems/MediaItem.cpp')
      C:\Program Files (x86)\Microsoft Visual Studio\2022\BuildTools\VC\Tools\MSVC\14.44.35207\atlmfc\include\cstringt.h(999,7):
      see declaration of 'ATL::CStringT<wchar_t,ATL::StrTraitATL<wchar_t,ATL::ChTraitsCRT<wchar_t>>>'
  
C:\Users\mcmco\Desktop\WMMR\src\MovieMakerCore\StoryboardManager\MovieProject.h(120,18): warning C4251: 'StoryboardManager::ProjectMediaItem::m_strThumbnailPath': 'ATL::CStringT<wchar_t,ATL::StrTraitATL<wchar_t,ATL::ChTraitsCRT<wchar_t>>>' needs to have dll-interface to be used by clients of 'StoryboardManager::ProjectMediaItem' [C:\Users\mcmco\Desktop\WMMR\build\src\MovieMakerCore\MovieMakerCore.vcxproj]
  (compiling source file '../../../src/MovieMakerCore/StoryboardManager/MediaItems/MediaItem.cpp')
      C:\Program Files (x86)\Microsoft Visual Studio\2022\BuildTools\VC\Tools\MSVC\14.44.35207\atlmfc\include\cstringt.h(999,7):
      see declaration of 'ATL::CStringT<wchar_t,ATL::StrTraitATL<wchar_t,ATL::ChTraitsCRT<wchar_t>>>'
  
C:\Users\mcmco\Desktop\WMMR\src\MovieMakerCore\StoryboardManager\MovieProject.h(127,18): warning C4251: 'StoryboardManager::ProjectMediaItem::m_strTags': 'ATL::CStringT<wchar_t,ATL::StrTraitATL<wchar_t,ATL::ChTraitsCRT<wchar_t>>>' needs to have dll-interface to be used by clients of 'StoryboardManager::ProjectMediaItem' [C:\Users\mcmco\Desktop\WMMR\build\src\MovieMakerCore\MovieMakerCore.vcxproj]
  (compiling source file '../../../src/MovieMakerCore/StoryboardManager/MediaItems/MediaItem.cpp')
      C:\Program Files (x86)\Microsoft Visual Studio\2022\BuildTools\VC\Tools\MSVC\14.44.35207\atlmfc\include\cstringt.h(999,7):
      see declaration of 'ATL::CStringT<wchar_t,ATL::StrTraitATL<wchar_t,ATL::ChTraitsCRT<wchar_t>>>'
  
C:\Users\mcmco\Desktop\WMMR\src\MovieMakerCore\StoryboardManager\Background\Conductor.cpp(456,33): error C2248: 'MonolithicThemeOperation::m_ftStartTime': cannot access private member declared in class 'MonolithicThemeOperation' [C:\Users\mcmco\Desktop\WMMR\build\src\MovieMakerCore\MovieMakerCore.vcxproj]
      C:\Users\mcmco\Desktop\WMMR\src\MovieMakerCore\StoryboardManager\Background\Conductor.h(78,28):
      see declaration of 'MonolithicThemeOperation::m_ftStartTime'
      C:\Users\mcmco\Desktop\WMMR\src\MovieMakerCore\StoryboardManager\Background\Conductor.h(32,7):
      see declaration of 'MonolithicThemeOperation'
  
C:\Users\mcmco\Desktop\WMMR\src\MovieMakerCore\StoryboardManager\MovieProject.h(130,18): warning C4251: 'StoryboardManager::ProjectMediaItem::m_strVideoCodec': 'ATL::CStringT<wchar_t,ATL::StrTraitATL<wchar_t,ATL::ChTraitsCRT<wchar_t>>>' needs to have dll-interface to be used by clients of 'StoryboardManager::ProjectMediaItem' [C:\Users\mcmco\Desktop\WMMR\build\src\MovieMakerCore\MovieMakerCore.vcxproj]
  (compiling source file '../../../src/MovieMakerCore/StoryboardManager/MediaItems/MediaItem.cpp')
      C:\Program Files (x86)\Microsoft Visual Studio\2022\BuildTools\VC\Tools\MSVC\14.44.35207\atlmfc\include\cstringt.h(999,7):
      see declaration of 'ATL::CStringT<wchar_t,ATL::StrTraitATL<wchar_t,ATL::ChTraitsCRT<wchar_t>>>'
  
C:\Users\mcmco\Desktop\WMMR\src\MovieMakerCore\StoryboardManager\Background\Conductor.cpp(475,33): error C2248: 'MonolithicThemeOperation::m_ftEndTime': cannot access private member declared in class 'MonolithicThemeOperation' [C:\Users\mcmco\Desktop\WMMR\build\src\MovieMakerCore\MovieMakerCore.vcxproj]
      C:\Users\mcmco\Desktop\WMMR\src\MovieMakerCore\StoryboardManager\Background\Conductor.h(79,28):
      see declaration of 'MonolithicThemeOperation::m_ftEndTime'
      C:\Users\mcmco\Desktop\WMMR\src\MovieMakerCore\StoryboardManager\Background\Conductor.h(32,7):
      see declaration of 'MonolithicThemeOperation'
  
C:\Users\mcmco\Desktop\WMMR\src\MovieMakerCore\StoryboardManager\MovieProject.h(131,18): warning C4251: 'StoryboardManager::ProjectMediaItem::m_strAudioCodec': 'ATL::CStringT<wchar_t,ATL::StrTraitATL<wchar_t,ATL::ChTraitsCRT<wchar_t>>>' needs to have dll-interface to be used by clients of 'StoryboardManager::ProjectMediaItem' [C:\Users\mcmco\Desktop\WMMR\build\src\MovieMakerCore\MovieMakerCore.vcxproj]
  (compiling source file '../../../src/MovieMakerCore/StoryboardManager/MediaItems/MediaItem.cpp')
      C:\Program Files (x86)\Microsoft Visual Studio\2022\BuildTools\VC\Tools\MSVC\14.44.35207\atlmfc\include\cstringt.h(999,7):
      see declaration of 'ATL::CStringT<wchar_t,ATL::StrTraitATL<wchar_t,ATL::ChTraitsCRT<wchar_t>>>'
  
C:\Users\mcmco\Desktop\WMMR\src\MovieMakerCore\StoryboardManager\Background\Conductor.cpp(491,33): error C2248: 'MonolithicThemeOperation::m_ftEndTime': cannot access private member declared in class 'MonolithicThemeOperation' [C:\Users\mcmco\Desktop\WMMR\build\src\MovieMakerCore\MovieMakerCore.vcxproj]
      C:\Users\mcmco\Desktop\WMMR\src\MovieMakerCore\StoryboardManager\Background\Conductor.h(79,28):
      see declaration of 'MonolithicThemeOperation::m_ftEndTime'
      C:\Users\mcmco\Desktop\WMMR\src\MovieMakerCore\StoryboardManager\Background\Conductor.h(32,7):
      see declaration of 'MonolithicThemeOperation'
  
C:\Users\mcmco\Desktop\WMMR\src\MovieMakerCore\StoryboardManager\MovieProject.h(176,29): warning C4251: 'StoryboardManager::ProjectTimeline::m_arrExtentIds': 'ATL::CAtlArray<DWORD,ATL::CElementTraits<unsigned long>>' needs to have dll-interface to be used by clients of 'StoryboardManager::ProjectTimeline' [C:\Users\mcmco\Desktop\WMMR\build\src\MovieMakerCore\MovieMakerCore.vcxproj]
  (compiling source file '../../../src/MovieMakerCore/StoryboardManager/MediaItems/MediaItem.cpp')
      C:\Program Files (x86)\Microsoft Visual Studio\2022\BuildTools\VC\Tools\MSVC\14.44.35207\atlmfc\include\atlcoll.h(530,7):
      see declaration of 'ATL::CAtlArray<DWORD,ATL::CElementTraits<unsigned long>>'
  
C:\Users\mcmco\Desktop\WMMR\src\MovieMakerCore\StoryboardManager\Background\Conductor.cpp(504,5): error C2065: 'AutofitProcess': undeclared identifier [C:\Users\mcmco\Desktop\WMMR\build\src\MovieMakerCore\MovieMakerCore.vcxproj]
C:\Users\mcmco\Desktop\WMMR\src\MovieMakerCore\StoryboardManager\Background\Conductor.cpp(504,20): error C2146: syntax error: missing ';' before identifier 'autofit' [C:\Users\mcmco\Desktop\WMMR\build\src\MovieMakerCore\MovieMakerCore.vcxproj]
C:\Users\mcmco\Desktop\WMMR\src\MovieMakerCore\StoryboardManager\Background\Conductor.cpp(504,20): error C2065: 'autofit': undeclared identifier [C:\Users\mcmco\Desktop\WMMR\build\src\MovieMakerCore\MovieMakerCore.vcxproj]
C:\Users\mcmco\Desktop\WMMR\src\MovieMakerCore\StoryboardManager\Background\Conductor.cpp(505,5): error C2065: 'autofit': undeclared identifier [C:\Users\mcmco\Desktop\WMMR\build\src\MovieMakerCore\MovieMakerCore.vcxproj]
C:\Users\mcmco\Desktop\WMMR\src\MovieMakerCore\StoryboardManager\Background\Conductor.cpp(506,5): error C2065: 'autofit': undeclared identifier [C:\Users\mcmco\Desktop\WMMR\build\src\MovieMakerCore\MovieMakerCore.vcxproj]
C:\Users\mcmco\Desktop\WMMR\src\MovieMakerCore\StoryboardManager\MovieProject.h(248,18): warning C4251: 'StoryboardManager::MovieProjectSettings::m_strProjectName': 'ATL::CStringT<wchar_t,ATL::StrTraitATL<wchar_t,ATL::ChTraitsCRT<wchar_t>>>' needs to have dll-interface to be used by clients of 'StoryboardManager::MovieProjectSettings' [C:\Users\mcmco\Desktop\WMMR\build\src\MovieMakerCore\MovieMakerCore.vcxproj]
  (compiling source file '../../../src/MovieMakerCore/StoryboardManager/MediaItems/MediaItem.cpp')
      C:\Program Files (x86)\Microsoft Visual Studio\2022\BuildTools\VC\Tools\MSVC\14.44.35207\atlmfc\include\cstringt.h(999,7):
      see declaration of 'ATL::CStringT<wchar_t,ATL::StrTraitATL<wchar_t,ATL::ChTraitsCRT<wchar_t>>>'
  
C:\Users\mcmco\Desktop\WMMR\src\MovieMakerCore\StoryboardManager\Background\Conductor.cpp(508,12): error C2065: 'autofit': undeclared identifier [C:\Users\mcmco\Desktop\WMMR\build\src\MovieMakerCore\MovieMakerCore.vcxproj]
C:\Users\mcmco\Desktop\WMMR\src\MovieMakerCore\StoryboardManager\MovieProject.h(249,18): warning C4251: 'StoryboardManager::MovieProjectSettings::m_strAuthor': 'ATL::CStringT<wchar_t,ATL::StrTraitATL<wchar_t,ATL::ChTraitsCRT<wchar_t>>>' needs to have dll-interface to be used by clients of 'StoryboardManager::MovieProjectSettings' [C:\Users\mcmco\Desktop\WMMR\build\src\MovieMakerCore\MovieMakerCore.vcxproj]
  (compiling source file '../../../src/MovieMakerCore/StoryboardManager/MediaItems/MediaItem.cpp')
      C:\Program Files (x86)\Microsoft Visual Studio\2022\BuildTools\VC\Tools\MSVC\14.44.35207\atlmfc\include\cstringt.h(999,7):
      see declaration of 'ATL::CStringT<wchar_t,ATL::StrTraitATL<wchar_t,ATL::ChTraitsCRT<wchar_t>>>'
  
C:\Users\mcmco\Desktop\WMMR\src\MovieMakerCore\StoryboardManager\MovieProject.h(390,25): warning C4251: 'StoryboardManager::MovieProject::m_strProjectPath': 'ATL::CStringT<wchar_t,ATL::StrTraitATL<wchar_t,ATL::ChTraitsCRT<wchar_t>>>' needs to have dll-interface to be used by clients of 'StoryboardManager::MovieProject' [C:\Users\mcmco\Desktop\WMMR\build\src\MovieMakerCore\MovieMakerCore.vcxproj]
  (compiling source file '../../../src/MovieMakerCore/StoryboardManager/MediaItems/MediaItem.cpp')
      C:\Program Files (x86)\Microsoft Visual Studio\2022\BuildTools\VC\Tools\MSVC\14.44.35207\atlmfc\include\cstringt.h(999,7):
      see declaration of 'ATL::CStringT<wchar_t,ATL::StrTraitATL<wchar_t,ATL::ChTraitsCRT<wchar_t>>>'
  
C:\Users\mcmco\Desktop\WMMR\src\MovieMakerCore\StoryboardManager\MovieProject.h(394,40): warning C4251: 'StoryboardManager::MovieProject::m_arrMediaItems': 'ATL::CAtlArray<StoryboardManager::ProjectMediaItem,ATL::CElementTraits<E>>' needs to have dll-interface to be used by clients of 'StoryboardManager::MovieProject' [C:\Users\mcmco\Desktop\WMMR\build\src\MovieMakerCore\MovieMakerCore.vcxproj]
C:\Users\mcmco\Desktop\WMMR\src\MovieMakerCore\StoryboardManager\MovieProject.h(394,40): warning C4251:         with [C:\Users\mcmco\Desktop\WMMR\build\src\MovieMakerCore\MovieMakerCore.vcxproj]
C:\Users\mcmco\Desktop\WMMR\src\MovieMakerCore\StoryboardManager\MovieProject.h(394,40): warning C4251:         [ [C:\Users\mcmco\Desktop\WMMR\build\src\MovieMakerCore\MovieMakerCore.vcxproj]
C:\Users\mcmco\Desktop\WMMR\src\MovieMakerCore\StoryboardManager\MovieProject.h(394,40): warning C4251:             E=StoryboardManager::ProjectMediaItem [C:\Users\mcmco\Desktop\WMMR\build\src\MovieMakerCore\MovieMakerCore.vcxproj]
C:\Users\mcmco\Desktop\WMMR\src\MovieMakerCore\StoryboardManager\MovieProject.h(394,40): warning C4251:         ] [C:\Users\mcmco\Desktop\WMMR\build\src\MovieMakerCore\MovieMakerCore.vcxproj]
  (compiling source file '../../../src/MovieMakerCore/StoryboardManager/MediaItems/MediaItem.cpp')
      C:\Program Files (x86)\Microsoft Visual Studio\2022\BuildTools\VC\Tools\MSVC\14.44.35207\atlmfc\include\atlcoll.h(530,7):
      see declaration of 'ATL::CAtlArray<StoryboardManager::ProjectMediaItem,ATL::CElementTraits<E>>'
          with
          [
              E=StoryboardManager::ProjectMediaItem
          ]
  
C:\Users\mcmco\Desktop\WMMR\src\MovieMakerCore\StoryboardManager\MovieProject.h(404,32): warning C4251: 'StoryboardManager::MovieProject::m_arrUndoStack': 'ATL::CAtlArray<StoryboardManager::MovieProject::UndoEntry *,ATL::CElementTraits<E>>' needs to have dll-interface to be used by clients of 'StoryboardManager::MovieProject' [C:\Users\mcmco\Desktop\WMMR\build\src\MovieMakerCore\MovieMakerCore.vcxproj]
C:\Users\mcmco\Desktop\WMMR\src\MovieMakerCore\StoryboardManager\MovieProject.h(404,32): warning C4251:         with [C:\Users\mcmco\Desktop\WMMR\build\src\MovieMakerCore\MovieMakerCore.vcxproj]
C:\Users\mcmco\Desktop\WMMR\src\MovieMakerCore\StoryboardManager\MovieProject.h(404,32): warning C4251:         [ [C:\Users\mcmco\Desktop\WMMR\build\src\MovieMakerCore\MovieMakerCore.vcxproj]
C:\Users\mcmco\Desktop\WMMR\src\MovieMakerCore\StoryboardManager\MovieProject.h(404,32): warning C4251:             E=StoryboardManager::MovieProject::UndoEntry * [C:\Users\mcmco\Desktop\WMMR\build\src\MovieMakerCore\MovieMakerCore.vcxproj]
C:\Users\mcmco\Desktop\WMMR\src\MovieMakerCore\StoryboardManager\MovieProject.h(404,32): warning C4251:         ] [C:\Users\mcmco\Desktop\WMMR\build\src\MovieMakerCore\MovieMakerCore.vcxproj]
  (compiling source file '../../../src/MovieMakerCore/StoryboardManager/MediaItems/MediaItem.cpp')
      C:\Program Files (x86)\Microsoft Visual Studio\2022\BuildTools\VC\Tools\MSVC\14.44.35207\atlmfc\include\atlcoll.h(530,7):
      see declaration of 'ATL::CAtlArray<StoryboardManager::MovieProject::UndoEntry *,ATL::CElementTraits<E>>'
          with
          [
              E=StoryboardManager::MovieProject::UndoEntry *
          ]
  
C:\Users\mcmco\Desktop\WMMR\src\MovieMakerCore\StoryboardManager\MediaItems\MediaItem.h(134,18): warning C4251: 'StoryboardManager::Metadata::m_strVideoCodec': 'ATL::CStringT<wchar_t,ATL::StrTraitATL<wchar_t,ATL::ChTraitsCRT<wchar_t>>>' needs to have dll-interface to be used by clients of 'StoryboardManager::Metadata' [C:\Users\mcmco\Desktop\WMMR\build\src\MovieMakerCore\MovieMakerCore.vcxproj]
  (compiling source file '../../../src/MovieMakerCore/StoryboardManager/MediaItems/MediaItem.cpp')
      C:\Program Files (x86)\Microsoft Visual Studio\2022\BuildTools\VC\Tools\MSVC\14.44.35207\atlmfc\include\cstringt.h(999,7):
      see declaration of 'ATL::CStringT<wchar_t,ATL::StrTraitATL<wchar_t,ATL::ChTraitsCRT<wchar_t>>>'
  
C:\Users\mcmco\Desktop\WMMR\src\MovieMakerCore\StoryboardManager\MediaItems\MediaItem.h(136,18): warning C4251: 'StoryboardManager::Metadata::m_strAudioCodec': 'ATL::CStringT<wchar_t,ATL::StrTraitATL<wchar_t,ATL::ChTraitsCRT<wchar_t>>>' needs to have dll-interface to be used by clients of 'StoryboardManager::Metadata' [C:\Users\mcmco\Desktop\WMMR\build\src\MovieMakerCore\MovieMakerCore.vcxproj]
  (compiling source file '../../../src/MovieMakerCore/StoryboardManager/MediaItems/MediaItem.cpp')
      C:\Program Files (x86)\Microsoft Visual Studio\2022\BuildTools\VC\Tools\MSVC\14.44.35207\atlmfc\include\cstringt.h(999,7):
      see declaration of 'ATL::CStringT<wchar_t,ATL::StrTraitATL<wchar_t,ATL::ChTraitsCRT<wchar_t>>>'
  
C:\Users\mcmco\Desktop\WMMR\src\MovieMakerCore\StoryboardManager\MediaItems\MediaItem.h(142,18): warning C4251: 'StoryboardManager::Metadata::m_strTags': 'ATL::CStringT<wchar_t,ATL::StrTraitATL<wchar_t,ATL::ChTraitsCRT<wchar_t>>>' needs to have dll-interface to be used by clients of 'StoryboardManager::Metadata' [C:\Users\mcmco\Desktop\WMMR\build\src\MovieMakerCore\MovieMakerCore.vcxproj]
  (compiling source file '../../../src/MovieMakerCore/StoryboardManager/MediaItems/MediaItem.cpp')
      C:\Program Files (x86)\Microsoft Visual Studio\2022\BuildTools\VC\Tools\MSVC\14.44.35207\atlmfc\include\cstringt.h(999,7):
      see declaration of 'ATL::CStringT<wchar_t,ATL::StrTraitATL<wchar_t,ATL::ChTraitsCRT<wchar_t>>>'
  
C:\Users\mcmco\Desktop\WMMR\src\MovieMakerCore\StoryboardManager\MediaItems\MediaItem.h(143,18): warning C4251: 'StoryboardManager::Metadata::m_strTitle': 'ATL::CStringT<wchar_t,ATL::StrTraitATL<wchar_t,ATL::ChTraitsCRT<wchar_t>>>' needs to have dll-interface to be used by clients of 'StoryboardManager::Metadata' [C:\Users\mcmco\Desktop\WMMR\build\src\MovieMakerCore\MovieMakerCore.vcxproj]
  (compiling source file '../../../src/MovieMakerCore/StoryboardManager/MediaItems/MediaItem.cpp')
      C:\Program Files (x86)\Microsoft Visual Studio\2022\BuildTools\VC\Tools\MSVC\14.44.35207\atlmfc\include\cstringt.h(999,7):
      see declaration of 'ATL::CStringT<wchar_t,ATL::StrTraitATL<wchar_t,ATL::ChTraitsCRT<wchar_t>>>'
  
C:\Users\mcmco\Desktop\WMMR\src\MovieMakerCore\StoryboardManager\MediaItems\MediaItem.h(144,18): warning C4251: 'StoryboardManager::Metadata::m_strSubtitle': 'ATL::CStringT<wchar_t,ATL::StrTraitATL<wchar_t,ATL::ChTraitsCRT<wchar_t>>>' needs to have dll-interface to be used by clients of 'StoryboardManager::Metadata' [C:\Users\mcmco\Desktop\WMMR\build\src\MovieMakerCore\MovieMakerCore.vcxproj]
  (compiling source file '../../../src/MovieMakerCore/StoryboardManager/MediaItems/MediaItem.cpp')
      C:\Program Files (x86)\Microsoft Visual Studio\2022\BuildTools\VC\Tools\MSVC\14.44.35207\atlmfc\include\cstringt.h(999,7):
      see declaration of 'ATL::CStringT<wchar_t,ATL::StrTraitATL<wchar_t,ATL::ChTraitsCRT<wchar_t>>>'
  
C:\Users\mcmco\Desktop\WMMR\src\MovieMakerCore\StoryboardManager\MediaItems\MediaItem.h(145,18): warning C4251: 'StoryboardManager::Metadata::m_strArtist': 'ATL::CStringT<wchar_t,ATL::StrTraitATL<wchar_t,ATL::ChTraitsCRT<wchar_t>>>' needs to have dll-interface to be used by clients of 'StoryboardManager::Metadata' [C:\Users\mcmco\Desktop\WMMR\build\src\MovieMakerCore\MovieMakerCore.vcxproj]
  (compiling source file '../../../src/MovieMakerCore/StoryboardManager/MediaItems/MediaItem.cpp')
      C:\Program Files (x86)\Microsoft Visual Studio\2022\BuildTools\VC\Tools\MSVC\14.44.35207\atlmfc\include\cstringt.h(999,7):
      see declaration of 'ATL::CStringT<wchar_t,ATL::StrTraitATL<wchar_t,ATL::ChTraitsCRT<wchar_t>>>'
  
C:\Users\mcmco\Desktop\WMMR\src\MovieMakerCore\StoryboardManager\MediaItems\MediaItem.h(146,18): warning C4251: 'StoryboardManager::Metadata::m_strAlbum': 'ATL::CStringT<wchar_t,ATL::StrTraitATL<wchar_t,ATL::ChTraitsCRT<wchar_t>>>' needs to have dll-interface to be used by clients of 'StoryboardManager::Metadata' [C:\Users\mcmco\Desktop\WMMR\build\src\MovieMakerCore\MovieMakerCore.vcxproj]
  (compiling source file '../../../src/MovieMakerCore/StoryboardManager/MediaItems/MediaItem.cpp')
      C:\Program Files (x86)\Microsoft Visual Studio\2022\BuildTools\VC\Tools\MSVC\14.44.35207\atlmfc\include\cstringt.h(999,7):
      see declaration of 'ATL::CStringT<wchar_t,ATL::StrTraitATL<wchar_t,ATL::ChTraitsCRT<wchar_t>>>'
  
C:\Users\mcmco\Desktop\WMMR\src\MovieMakerCore\StoryboardManager\MediaItems\MediaItem.h(147,18): warning C4251: 'StoryboardManager::Metadata::m_strGenre': 'ATL::CStringT<wchar_t,ATL::StrTraitATL<wchar_t,ATL::ChTraitsCRT<wchar_t>>>' needs to have dll-interface to be used by clients of 'StoryboardManager::Metadata' [C:\Users\mcmco\Desktop\WMMR\build\src\MovieMakerCore\MovieMakerCore.vcxproj]
  (compiling source file '../../../src/MovieMakerCore/StoryboardManager/MediaItems/MediaItem.cpp')
      C:\Program Files (x86)\Microsoft Visual Studio\2022\BuildTools\VC\Tools\MSVC\14.44.35207\atlmfc\include\cstringt.h(999,7):
      see declaration of 'ATL::CStringT<wchar_t,ATL::StrTraitATL<wchar_t,ATL::ChTraitsCRT<wchar_t>>>'
  
C:\Users\mcmco\Desktop\WMMR\src\MovieMakerCore\StoryboardManager\MediaItems\MediaItem.h(184,18): warning C4251: 'StoryboardManager::ProxyInfo::m_strProxyPath': 'ATL::CStringT<wchar_t,ATL::StrTraitATL<wchar_t,ATL::ChTraitsCRT<wchar_t>>>' needs to have dll-interface to be used by clients of 'StoryboardManager::ProxyInfo' [C:\Users\mcmco\Desktop\WMMR\build\src\MovieMakerCore\MovieMakerCore.vcxproj]
  (compiling source file '../../../src/MovieMakerCore/StoryboardManager/MediaItems/MediaItem.cpp')
      C:\Program Files (x86)\Microsoft Visual Studio\2022\BuildTools\VC\Tools\MSVC\14.44.35207\atlmfc\include\cstringt.h(999,7):
      see declaration of 'ATL::CStringT<wchar_t,ATL::StrTraitATL<wchar_t,ATL::ChTraitsCRT<wchar_t>>>'
  
C:\Users\mcmco\Desktop\WMMR\src\MovieMakerCore\StoryboardManager\MediaItems\MediaItem.h(188,18): warning C4251: 'StoryboardManager::ProxyInfo::m_strSourceHash': 'ATL::CStringT<wchar_t,ATL::StrTraitATL<wchar_t,ATL::ChTraitsCRT<wchar_t>>>' needs to have dll-interface to be used by clients of 'StoryboardManager::ProxyInfo' [C:\Users\mcmco\Desktop\WMMR\build\src\MovieMakerCore\MovieMakerCore.vcxproj]
  (compiling source file '../../../src/MovieMakerCore/StoryboardManager/MediaItems/MediaItem.cpp')
      C:\Program Files (x86)\Microsoft Visual Studio\2022\BuildTools\VC\Tools\MSVC\14.44.35207\atlmfc\include\cstringt.h(999,7):
      see declaration of 'ATL::CStringT<wchar_t,ATL::StrTraitATL<wchar_t,ATL::ChTraitsCRT<wchar_t>>>'
  
C:\Users\mcmco\Desktop\WMMR\src\MovieMakerCore\StoryboardManager\MediaItems\MediaItem.h(241,18): warning C4251: 'StoryboardManager::MediaItemBase::m_strSourcePath': 'ATL::CStringT<wchar_t,ATL::StrTraitATL<wchar_t,ATL::ChTraitsCRT<wchar_t>>>' needs to have dll-interface to be used by clients of 'StoryboardManager::MediaItemBase' [C:\Users\mcmco\Desktop\WMMR\build\src\MovieMakerCore\MovieMakerCore.vcxproj]
  (compiling source file '../../../src/MovieMakerCore/StoryboardManager/MediaItems/MediaItem.cpp')
      C:\Program Files (x86)\Microsoft Visual Studio\2022\BuildTools\VC\Tools\MSVC\14.44.35207\atlmfc\include\cstringt.h(999,7):
      see declaration of 'ATL::CStringT<wchar_t,ATL::StrTraitATL<wchar_t,ATL::ChTraitsCRT<wchar_t>>>'
  
C:\Users\mcmco\Desktop\WMMR\src\MovieMakerCore\StoryboardManager\MediaItems\MediaItem.h(242,18): warning C4251: 'StoryboardManager::MediaItemBase::m_strDisplayName': 'ATL::CStringT<wchar_t,ATL::StrTraitATL<wchar_t,ATL::ChTraitsCRT<wchar_t>>>' needs to have dll-interface to be used by clients of 'StoryboardManager::MediaItemBase' [C:\Users\mcmco\Desktop\WMMR\build\src\MovieMakerCore\MovieMakerCore.vcxproj]
  (compiling source file '../../../src/MovieMakerCore/StoryboardManager/MediaItems/MediaItem.cpp')
      C:\Program Files (x86)\Microsoft Visual Studio\2022\BuildTools\VC\Tools\MSVC\14.44.35207\atlmfc\include\cstringt.h(999,7):
      see declaration of 'ATL::CStringT<wchar_t,ATL::StrTraitATL<wchar_t,ATL::ChTraitsCRT<wchar_t>>>'
  
C:\Users\mcmco\Desktop\WMMR\src\MovieMakerCore\StoryboardManager\MediaItems\MediaItem.h(276,19): warning C4251: 'StoryboardManager::MediaItem::m_strThumbnailPath': 'ATL::CStringT<wchar_t,ATL::StrTraitATL<wchar_t,ATL::ChTraitsCRT<wchar_t>>>' needs to have dll-interface to be used by clients of 'StoryboardManager::MediaItem' [C:\Users\mcmco\Desktop\WMMR\build\src\MovieMakerCore\MovieMakerCore.vcxproj]
  (compiling source file '../../../src/MovieMakerCore/StoryboardManager/MediaItems/MediaItem.cpp')
      C:\Program Files (x86)\Microsoft Visual Studio\2022\BuildTools\VC\Tools\MSVC\14.44.35207\atlmfc\include\cstringt.h(999,7):
      see declaration of 'ATL::CStringT<wchar_t,ATL::StrTraitATL<wchar_t,ATL::ChTraitsCRT<wchar_t>>>'
  
C:\Users\mcmco\Desktop\WMMR\src\MovieMakerCore\StoryboardManager\MediaItems\MediaItem.h(399,27): warning C4251: 'StoryboardManager::VideoClip::m_arrEffectIds': 'ATL::CAtlArray<DWORD,ATL::CElementTraits<unsigned long>>' needs to have dll-interface to be used by clients of 'StoryboardManager::VideoClip' [C:\Users\mcmco\Desktop\WMMR\build\src\MovieMakerCore\MovieMakerCore.vcxproj]
  (compiling source file '../../../src/MovieMakerCore/StoryboardManager/MediaItems/MediaItem.cpp')
      C:\Program Files (x86)\Microsoft Visual Studio\2022\BuildTools\VC\Tools\MSVC\14.44.35207\atlmfc\include\atlcoll.h(530,7):
      see declaration of 'ATL::CAtlArray<DWORD,ATL::CElementTraits<unsigned long>>'
  
C:\Users\mcmco\Desktop\WMMR\src\MovieMakerCore\StoryboardManager\MediaItems\MediaItem.h(536,18): warning C4251: 'StoryboardManager::TitleClip::m_strTitleText': 'ATL::CStringT<wchar_t,ATL::StrTraitATL<wchar_t,ATL::ChTraitsCRT<wchar_t>>>' needs to have dll-interface to be used by clients of 'StoryboardManager::TitleClip' [C:\Users\mcmco\Desktop\WMMR\build\src\MovieMakerCore\MovieMakerCore.vcxproj]
  (compiling source file '../../../src/MovieMakerCore/StoryboardManager/MediaItems/MediaItem.cpp')
      C:\Program Files (x86)\Microsoft Visual Studio\2022\BuildTools\VC\Tools\MSVC\14.44.35207\atlmfc\include\cstringt.h(999,7):
      see declaration of 'ATL::CStringT<wchar_t,ATL::StrTraitATL<wchar_t,ATL::ChTraitsCRT<wchar_t>>>'
  
C:\Users\mcmco\Desktop\WMMR\src\MovieMakerCore\StoryboardManager\MediaItems\MediaItem.h(537,18): warning C4251: 'StoryboardManager::TitleClip::m_strFontFamily': 'ATL::CStringT<wchar_t,ATL::StrTraitATL<wchar_t,ATL::ChTraitsCRT<wchar_t>>>' needs to have dll-interface to be used by clients of 'StoryboardManager::TitleClip' [C:\Users\mcmco\Desktop\WMMR\build\src\MovieMakerCore\MovieMakerCore.vcxproj]
  (compiling source file '../../../src/MovieMakerCore/StoryboardManager/MediaItems/MediaItem.cpp')
      C:\Program Files (x86)\Microsoft Visual Studio\2022\BuildTools\VC\Tools\MSVC\14.44.35207\atlmfc\include\cstringt.h(999,7):
      see declaration of 'ATL::CStringT<wchar_t,ATL::StrTraitATL<wchar_t,ATL::ChTraitsCRT<wchar_t>>>'
  
C:\Users\mcmco\Desktop\WMMR\src\MovieMakerCore\StoryboardManager\MediaItems\MediaItem.cpp(672,13): error C2280: 'StoryboardManager::VideoClip &StoryboardManager::VideoClip::operator =(const StoryboardManager::VideoClip &)': attempting to reference a deleted function [C:\Users\mcmco\Desktop\WMMR\build\src\MovieMakerCore\MovieMakerCore.vcxproj]
      C:\Users\mcmco\Desktop\WMMR\src\MovieMakerCore\StoryboardManager\MediaItems\MediaItem.h(400,1):
      compiler has generated 'StoryboardManager::VideoClip::operator =' here
      C:\Users\mcmco\Desktop\WMMR\src\MovieMakerCore\StoryboardManager\MediaItems\MediaItem.h(400,1):
      'StoryboardManager::VideoClip &StoryboardManager::VideoClip::operator =(const StoryboardManager::VideoClip &)': function was implicitly deleted because a base class invokes a deleted or inaccessible function 'ATL::CAtlArray<DWORD,ATL::CElementTraits<unsigned long>> &ATL::CAtlArray<DWORD,ATL::CElementTraits<unsigned long>>::operator =(const ATL::CAtlArray<DWORD,ATL::CElementTraits<unsigned long>> &) throw()'
  
  MeshResourceDX.cpp
  EffectResourceDX.cpp
C:\Users\mcmco\Desktop\WMMR\src\MovieMakerCore\pch.h(21,9): warning C4005: 'WINVER': macro redefinition [C:\Users\mcmco\Desktop\WMMR\build\src\MovieMakerCore\MovieMakerCore.vcxproj]
  (compiling source file '../../../src/MovieMakerCore/HMREngine/DXResources/MeshResourceDX.cpp')
      C:\Users\mcmco\Desktop\WMMR\src\MovieMakerCore\pch.h(21,9):
      'WINVER' previously declared on the command line
  
C:\Users\mcmco\Desktop\WMMR\src\MovieMakerCore\pch.h(22,9): warning C4005: '_WIN32_WINNT': macro redefinition [C:\Users\mcmco\Desktop\WMMR\build\src\MovieMakerCore\MovieMakerCore.vcxproj]
  (compiling source file '../../../src/MovieMakerCore/HMREngine/DXResources/MeshResourceDX.cpp')
      C:\Users\mcmco\Desktop\WMMR\src\MovieMakerCore\pch.h(22,9):
      '_WIN32_WINNT' previously declared on the command line
  
C:\Users\mcmco\Desktop\WMMR\src\MovieMakerCore\pch.h(30,9): warning C4005: 'WIN32_LEAN_AND_MEAN': macro redefinition [C:\Users\mcmco\Desktop\WMMR\build\src\MovieMakerCore\MovieMakerCore.vcxproj]
  (compiling source file '../../../src/MovieMakerCore/HMREngine/DXResources/MeshResourceDX.cpp')
      C:\Users\mcmco\Desktop\WMMR\src\MovieMakerCore\pch.h(30,9):
      'WIN32_LEAN_AND_MEAN' previously declared on the command line
  
C:\Users\mcmco\Desktop\WMMR\src\MovieMakerCore\pch.h(31,9): warning C4005: 'NOMINMAX': macro redefinition [C:\Users\mcmco\Desktop\WMMR\build\src\MovieMakerCore\MovieMakerCore.vcxproj]
  (compiling source file '../../../src/MovieMakerCore/HMREngine/DXResources/MeshResourceDX.cpp')
      C:\Users\mcmco\Desktop\WMMR\src\MovieMakerCore\pch.h(31,9):
      'NOMINMAX' previously declared on the command line
  
C:\Users\mcmco\Desktop\WMMR\src\MovieMakerCore\pch.h(32,9): warning C4005: '_CRT_SECURE_NO_WARNINGS': macro redefinition [C:\Users\mcmco\Desktop\WMMR\build\src\MovieMakerCore\MovieMakerCore.vcxproj]
  (compiling source file '../../../src/MovieMakerCore/HMREngine/DXResources/MeshResourceDX.cpp')
      C:\Users\mcmco\Desktop\WMMR\src\MovieMakerCore\pch.h(32,9):
      '_CRT_SECURE_NO_WARNINGS' previously declared on the command line
  
C:\Users\mcmco\Desktop\WMMR\src\MovieMakerCore\pch.h(33,9): warning C4005: '_WINDLL': macro redefinition [C:\Users\mcmco\Desktop\WMMR\build\src\MovieMakerCore\MovieMakerCore.vcxproj]
  (compiling source file '../../../src/MovieMakerCore/HMREngine/DXResources/MeshResourceDX.cpp')
      C:\Users\mcmco\Desktop\WMMR\src\MovieMakerCore\pch.h(33,9):
      '_WINDLL' previously declared on the command line
  
C:\Users\mcmco\Desktop\WMMR\src\MovieMakerCore\pch.h(34,9): warning C4005: '_AFXDLL': macro redefinition [C:\Users\mcmco\Desktop\WMMR\build\src\MovieMakerCore\MovieMakerCore.vcxproj]
  (compiling source file '../../../src/MovieMakerCore/HMREngine/DXResources/MeshResourceDX.cpp')
      C:\Users\mcmco\Desktop\WMMR\src\MovieMakerCore\pch.h(34,9):
      '_AFXDLL' previously declared on the command line
  
C:\Users\mcmco\Desktop\WMMR\src\MovieMakerCore\pch.h(35,9): warning C4005: '_ATL_CSTRING_EXPLICIT_CONSTRUCTORS': macro redefinition [C:\Users\mcmco\Desktop\WMMR\build\src\MovieMakerCore\MovieMakerCore.vcxproj]
  (compiling source file '../../../src/MovieMakerCore/HMREngine/DXResources/MeshResourceDX.cpp')
      C:\Users\mcmco\Desktop\WMMR\src\MovieMakerCore\pch.h(35,9):
      '_ATL_CSTRING_EXPLICIT_CONSTRUCTORS' previously declared on the command line
  
C:\Users\mcmco\Desktop\WMMR\src\MovieMakerCore\pch.h(36,9): warning C4005: '_ATL_ALL_WARNINGS': macro redefinition [C:\Users\mcmco\Desktop\WMMR\build\src\MovieMakerCore\MovieMakerCore.vcxproj]
  (compiling source file '../../../src/MovieMakerCore/HMREngine/DXResources/MeshResourceDX.cpp')
      C:\Users\mcmco\Desktop\WMMR\src\MovieMakerCore\pch.h(36,9):
      '_ATL_ALL_WARNINGS' previously declared on the command line
  
C:\Users\mcmco\Desktop\WMMR\src\WLXPhotoBase\BaseTypes.h(536,18): warning C4251: 'Base::File::m_strPath': 'ATL::CStringT<wchar_t,ATL::StrTraitATL<wchar_t,ATL::ChTraitsCRT<wchar_t>>>' needs to have dll-interface to be used by clients of 'Base::File' [C:\Users\mcmco\Desktop\WMMR\build\src\MovieMakerCore\MovieMakerCore.vcxproj]
  (compiling source file '../../../src/MovieMakerCore/StoryboardManager/Background/BackgroundOrchestrator.cpp')
      C:\Program Files (x86)\Microsoft Visual Studio\2022\BuildTools\VC\Tools\MSVC\14.44.35207\atlmfc\include\cstringt.h(999,7):
      see declaration of 'ATL::CStringT<wchar_t,ATL::StrTraitATL<wchar_t,ATL::ChTraitsCRT<wchar_t>>>'
  
C:\Users\mcmco\Desktop\WMMR\src\WLXPhotoBase\BaseTypes.h(568,18): warning C4251: 'Base::TempFile::m_strPath': 'ATL::CStringT<wchar_t,ATL::StrTraitATL<wchar_t,ATL::ChTraitsCRT<wchar_t>>>' needs to have dll-interface to be used by clients of 'Base::TempFile' [C:\Users\mcmco\Desktop\WMMR\build\src\MovieMakerCore\MovieMakerCore.vcxproj]
  (compiling source file '../../../src/MovieMakerCore/StoryboardManager/Background/BackgroundOrchestrator.cpp')
      C:\Program Files (x86)\Microsoft Visual Studio\2022\BuildTools\VC\Tools\MSVC\14.44.35207\atlmfc\include\cstringt.h(999,7):
      see declaration of 'ATL::CStringT<wchar_t,ATL::StrTraitATL<wchar_t,ATL::ChTraitsCRT<wchar_t>>>'
  
C:\Users\mcmco\Desktop\WMMR\src\WLXPhotoBase\BaseTypes.h(661,21): warning C4251: 'Base::FindFile::m_strDirectory': 'ATL::CStringT<wchar_t,ATL::StrTraitATL<wchar_t,ATL::ChTraitsCRT<wchar_t>>>' needs to have dll-interface to be used by clients of 'Base::FindFile' [C:\Users\mcmco\Desktop\WMMR\build\src\MovieMakerCore\MovieMakerCore.vcxproj]
  (compiling source file '../../../src/MovieMakerCore/StoryboardManager/Background/BackgroundOrchestrator.cpp')
      C:\Program Files (x86)\Microsoft Visual Studio\2022\BuildTools\VC\Tools\MSVC\14.44.35207\atlmfc\include\cstringt.h(999,7):
      see declaration of 'ATL::CStringT<wchar_t,ATL::StrTraitATL<wchar_t,ATL::ChTraitsCRT<wchar_t>>>'
  
C:\Users\mcmco\Desktop\WMMR\src\WLXPhotoBase\BaseTypes.h(724,25): warning C4251: 'Base::IntSet::m_values': 'ATL::CAtlArray<int,ATL::CElementTraits<int>>' needs to have dll-interface to be used by clients of 'Base::IntSet' [C:\Users\mcmco\Desktop\WMMR\build\src\MovieMakerCore\MovieMakerCore.vcxproj]
  (compiling source file '../../../src/MovieMakerCore/StoryboardManager/Background/BackgroundOrchestrator.cpp')
      C:\Program Files (x86)\Microsoft Visual Studio\2022\BuildTools\VC\Tools\MSVC\14.44.35207\atlmfc\include\atlcoll.h(530,7):
      see declaration of 'ATL::CAtlArray<int,ATL::CElementTraits<int>>'
  
C:\Users\mcmco\Desktop\WMMR\src\MovieMakerCore\pch.h(21,9): warning C4005: 'WINVER': macro redefinition [C:\Users\mcmco\Desktop\WMMR\build\src\MovieMakerCore\MovieMakerCore.vcxproj]
  (compiling source file '../../../src/MovieMakerCore/HMREngine/DXResources/EffectResourceDX.cpp')
      C:\Users\mcmco\Desktop\WMMR\src\MovieMakerCore\pch.h(21,9):
      'WINVER' previously declared on the command line
  
C:\Users\mcmco\Desktop\WMMR\src\MovieMakerCore\pch.h(22,9): warning C4005: '_WIN32_WINNT': macro redefinition [C:\Users\mcmco\Desktop\WMMR\build\src\MovieMakerCore\MovieMakerCore.vcxproj]
  (compiling source file '../../../src/MovieMakerCore/HMREngine/DXResources/EffectResourceDX.cpp')
      C:\Users\mcmco\Desktop\WMMR\src\MovieMakerCore\pch.h(22,9):
      '_WIN32_WINNT' previously declared on the command line
  
C:\Users\mcmco\Desktop\WMMR\src\MovieMakerCore\pch.h(30,9): warning C4005: 'WIN32_LEAN_AND_MEAN': macro redefinition [C:\Users\mcmco\Desktop\WMMR\build\src\MovieMakerCore\MovieMakerCore.vcxproj]
  (compiling source file '../../../src/MovieMakerCore/HMREngine/DXResources/EffectResourceDX.cpp')
      C:\Users\mcmco\Desktop\WMMR\src\MovieMakerCore\pch.h(30,9):
      'WIN32_LEAN_AND_MEAN' previously declared on the command line
  
C:\Users\mcmco\Desktop\WMMR\src\MovieMakerCore\pch.h(31,9): warning C4005: 'NOMINMAX': macro redefinition [C:\Users\mcmco\Desktop\WMMR\build\src\MovieMakerCore\MovieMakerCore.vcxproj]
  (compiling source file '../../../src/MovieMakerCore/HMREngine/DXResources/EffectResourceDX.cpp')
      C:\Users\mcmco\Desktop\WMMR\src\MovieMakerCore\pch.h(31,9):
      'NOMINMAX' previously declared on the command line
  
C:\Users\mcmco\Desktop\WMMR\src\MovieMakerCore\pch.h(32,9): warning C4005: '_CRT_SECURE_NO_WARNINGS': macro redefinition [C:\Users\mcmco\Desktop\WMMR\build\src\MovieMakerCore\MovieMakerCore.vcxproj]
  (compiling source file '../../../src/MovieMakerCore/HMREngine/DXResources/EffectResourceDX.cpp')
      C:\Users\mcmco\Desktop\WMMR\src\MovieMakerCore\pch.h(32,9):
      '_CRT_SECURE_NO_WARNINGS' previously declared on the command line
  
C:\Users\mcmco\Desktop\WMMR\src\MovieMakerCore\pch.h(33,9): warning C4005: '_WINDLL': macro redefinition [C:\Users\mcmco\Desktop\WMMR\build\src\MovieMakerCore\MovieMakerCore.vcxproj]
  (compiling source file '../../../src/MovieMakerCore/HMREngine/DXResources/EffectResourceDX.cpp')
      C:\Users\mcmco\Desktop\WMMR\src\MovieMakerCore\pch.h(33,9):
      '_WINDLL' previously declared on the command line
  
C:\Users\mcmco\Desktop\WMMR\src\MovieMakerCore\pch.h(34,9): warning C4005: '_AFXDLL': macro redefinition [C:\Users\mcmco\Desktop\WMMR\build\src\MovieMakerCore\MovieMakerCore.vcxproj]
  (compiling source file '../../../src/MovieMakerCore/HMREngine/DXResources/EffectResourceDX.cpp')
      C:\Users\mcmco\Desktop\WMMR\src\MovieMakerCore\pch.h(34,9):
      '_AFXDLL' previously declared on the command line
  
C:\Users\mcmco\Desktop\WMMR\src\MovieMakerCore\pch.h(35,9): warning C4005: '_ATL_CSTRING_EXPLICIT_CONSTRUCTORS': macro redefinition [C:\Users\mcmco\Desktop\WMMR\build\src\MovieMakerCore\MovieMakerCore.vcxproj]
  (compiling source file '../../../src/MovieMakerCore/HMREngine/DXResources/EffectResourceDX.cpp')
      C:\Users\mcmco\Desktop\WMMR\src\MovieMakerCore\pch.h(35,9):
      '_ATL_CSTRING_EXPLICIT_CONSTRUCTORS' previously declared on the command line
  
C:\Users\mcmco\Desktop\WMMR\src\MovieMakerCore\pch.h(36,9): warning C4005: '_ATL_ALL_WARNINGS': macro redefinition [C:\Users\mcmco\Desktop\WMMR\build\src\MovieMakerCore\MovieMakerCore.vcxproj]
  (compiling source file '../../../src/MovieMakerCore/HMREngine/DXResources/EffectResourceDX.cpp')
      C:\Users\mcmco\Desktop\WMMR\src\MovieMakerCore\pch.h(36,9):
      '_ATL_ALL_WARNINGS' previously declared on the command line
  
C:\Users\mcmco\Desktop\WMMR\src\MovieMakerCore\StoryboardManager\Background\BackgroundOrchestrator.cpp(54,39): error C2672: 'std::min': no matching overloaded function found [C:\Users\mcmco\Desktop\WMMR\build\src\MovieMakerCore\MovieMakerCore.vcxproj]
      C:\Program Files (x86)\Microsoft Visual Studio\2022\BuildTools\VC\Tools\MSVC\14.44.35207\include\utility(109,26):
      could be '_Ty std::min(std::initializer_list<_Elem>)'
          C:\Users\mcmco\Desktop\WMMR\src\MovieMakerCore\StoryboardManager\Background\BackgroundOrchestrator.cpp(54,39):
          '_Ty std::min(std::initializer_list<_Elem>)': expects 1 arguments - 2 provided
      C:\Program Files (x86)\Microsoft Visual Studio\2022\BuildTools\VC\Tools\MSVC\14.44.35207\include\utility(106,26):
      or       '_Ty std::min(std::initializer_list<_Elem>,_Pr)'
          C:\Users\mcmco\Desktop\WMMR\src\MovieMakerCore\StoryboardManager\Background\BackgroundOrchestrator.cpp(54,39):
          '_Ty std::min(std::initializer_list<_Elem>,_Pr)': could not deduce template argument for 'std::initializer_list<_Elem>' from 'DWORD'
      C:\Program Files (x86)\Microsoft Visual Studio\2022\BuildTools\VC\Tools\MSVC\14.44.35207\include\utility(98,6):
      or       'const _Ty &std::min(const _Ty &,const _Ty &) noexcept(<expr>)'
          C:\Users\mcmco\Desktop\WMMR\src\MovieMakerCore\StoryboardManager\Background\BackgroundOrchestrator.cpp(54,39):
          'const _Ty &std::min(const _Ty &,const _Ty &) noexcept(<expr>)': template parameter '_Ty' is ambiguous
              C:\Users\mcmco\Desktop\WMMR\src\MovieMakerCore\StoryboardManager\Background\BackgroundOrchestrator.cpp(54,39):
              could be 'int'
              C:\Users\mcmco\Desktop\WMMR\src\MovieMakerCore\StoryboardManager\Background\BackgroundOrchestrator.cpp(54,39):
              or       'DWORD'
          C:\Users\mcmco\Desktop\WMMR\src\MovieMakerCore\StoryboardManager\Background\BackgroundOrchestrator.cpp(54,39):
          'const _Ty &std::min(const _Ty &,const _Ty &) noexcept(<expr>)': could not deduce template argument for 'const _Ty &' from 'int'
      C:\Program Files (x86)\Microsoft Visual Studio\2022\BuildTools\VC\Tools\MSVC\14.44.35207\include\utility(88,33):
      or       'const _Ty &std::min(const _Ty &,const _Ty &,_Pr) noexcept(<expr>)'
          C:\Users\mcmco\Desktop\WMMR\src\MovieMakerCore\StoryboardManager\Background\BackgroundOrchestrator.cpp(54,39):
          'const _Ty &std::min(const _Ty &,const _Ty &,_Pr) noexcept(<expr>)': expects 3 arguments - 2 provided
  
C:\Users\mcmco\Desktop\WMMR\src\MovieMakerCore\StoryboardManager\Background\BackgroundOrchestrator.cpp(54,27): error C2672: 'std::max': no matching overloaded function found [C:\Users\mcmco\Desktop\WMMR\build\src\MovieMakerCore\MovieMakerCore.vcxproj]
      C:\Program Files (x86)\Microsoft Visual Studio\2022\BuildTools\VC\Tools\MSVC\14.44.35207\include\utility(85,26):
      could be '_Ty std::max(std::initializer_list<_Elem>)'
          C:\Users\mcmco\Desktop\WMMR\src\MovieMakerCore\StoryboardManager\Background\BackgroundOrchestrator.cpp(54,27):
          '_Ty std::max(std::initializer_list<_Elem>)': could not deduce template argument for 'std::initializer_list<_Elem>' from 'int'
      C:\Program Files (x86)\Microsoft Visual Studio\2022\BuildTools\VC\Tools\MSVC\14.44.35207\include\utility(82,26):
      or       '_Ty std::max(std::initializer_list<_Elem>,_Pr)'
          C:\Users\mcmco\Desktop\WMMR\src\MovieMakerCore\StoryboardManager\Background\BackgroundOrchestrator.cpp(54,27):
          '_Ty std::max(std::initializer_list<_Elem>,_Pr)': expects 2 arguments - 1 provided
      C:\Program Files (x86)\Microsoft Visual Studio\2022\BuildTools\VC\Tools\MSVC\14.44.35207\include\utility(74,6):
      or       'const _Ty &std::max(const _Ty &,const _Ty &) noexcept(<expr>)'
          C:\Users\mcmco\Desktop\WMMR\src\MovieMakerCore\StoryboardManager\Background\BackgroundOrchestrator.cpp(54,27):
          'const _Ty &std::max(const _Ty &,const _Ty &) noexcept(<expr>)': expects 2 arguments - 1 provided
      C:\Program Files (x86)\Microsoft Visual Studio\2022\BuildTools\VC\Tools\MSVC\14.44.35207\include\utility(64,33):
      or       'const _Ty &std::max(const _Ty &,const _Ty &,_Pr) noexcept(<expr>)'
          C:\Users\mcmco\Desktop\WMMR\src\MovieMakerCore\StoryboardManager\Background\BackgroundOrchestrator.cpp(54,27):
          'const _Ty &std::max(const _Ty &,const _Ty &,_Pr) noexcept(<expr>)': expects 3 arguments - 1 provided
  
C:\Users\mcmco\Desktop\WMMR\src\WLXPhotoBase\BaseTypes.h(536,18): warning C4251: 'Base::File::m_strPath': 'ATL::CStringT<wchar_t,ATL::StrTraitATL<wchar_t,ATL::ChTraitsCRT<wchar_t>>>' needs to have dll-interface to be used by clients of 'Base::File' [C:\Users\mcmco\Desktop\WMMR\build\src\MovieMakerCore\MovieMakerCore.vcxproj]
  (compiling source file '../../../src/MovieMakerCore/StoryboardManager/Transport/TransportBase.cpp')
      C:\Program Files (x86)\Microsoft Visual Studio\2022\BuildTools\VC\Tools\MSVC\14.44.35207\atlmfc\include\cstringt.h(999,7):
      see declaration of 'ATL::CStringT<wchar_t,ATL::StrTraitATL<wchar_t,ATL::ChTraitsCRT<wchar_t>>>'
  
C:\Users\mcmco\Desktop\WMMR\src\WLXPhotoBase\BaseTypes.h(568,18): warning C4251: 'Base::TempFile::m_strPath': 'ATL::CStringT<wchar_t,ATL::StrTraitATL<wchar_t,ATL::ChTraitsCRT<wchar_t>>>' needs to have dll-interface to be used by clients of 'Base::TempFile' [C:\Users\mcmco\Desktop\WMMR\build\src\MovieMakerCore\MovieMakerCore.vcxproj]
  (compiling source file '../../../src/MovieMakerCore/StoryboardManager/Transport/TransportBase.cpp')
      C:\Program Files (x86)\Microsoft Visual Studio\2022\BuildTools\VC\Tools\MSVC\14.44.35207\atlmfc\include\cstringt.h(999,7):
      see declaration of 'ATL::CStringT<wchar_t,ATL::StrTraitATL<wchar_t,ATL::ChTraitsCRT<wchar_t>>>'
  
C:\Users\mcmco\Desktop\WMMR\src\WLXPhotoBase\BaseTypes.h(661,21): warning C4251: 'Base::FindFile::m_strDirectory': 'ATL::CStringT<wchar_t,ATL::StrTraitATL<wchar_t,ATL::ChTraitsCRT<wchar_t>>>' needs to have dll-interface to be used by clients of 'Base::FindFile' [C:\Users\mcmco\Desktop\WMMR\build\src\MovieMakerCore\MovieMakerCore.vcxproj]
  (compiling source file '../../../src/MovieMakerCore/StoryboardManager/Transport/TransportBase.cpp')
      C:\Program Files (x86)\Microsoft Visual Studio\2022\BuildTools\VC\Tools\MSVC\14.44.35207\atlmfc\include\cstringt.h(999,7):
      see declaration of 'ATL::CStringT<wchar_t,ATL::StrTraitATL<wchar_t,ATL::ChTraitsCRT<wchar_t>>>'
  
C:\Users\mcmco\Desktop\WMMR\src\WLXPhotoBase\BaseTypes.h(724,25): warning C4251: 'Base::IntSet::m_values': 'ATL::CAtlArray<int,ATL::CElementTraits<int>>' needs to have dll-interface to be used by clients of 'Base::IntSet' [C:\Users\mcmco\Desktop\WMMR\build\src\MovieMakerCore\MovieMakerCore.vcxproj]
  (compiling source file '../../../src/MovieMakerCore/StoryboardManager/Transport/TransportBase.cpp')
      C:\Program Files (x86)\Microsoft Visual Studio\2022\BuildTools\VC\Tools\MSVC\14.44.35207\atlmfc\include\atlcoll.h(530,7):
      see declaration of 'ATL::CAtlArray<int,ATL::CElementTraits<int>>'
  
C:\Users\mcmco\Desktop\WMMR\src\WLXPhotoBase\BaseTypes.h(536,18): warning C4251: 'Base::File::m_strPath': 'ATL::CStringT<wchar_t,ATL::StrTraitATL<wchar_t,ATL::ChTraitsCRT<wchar_t>>>' needs to have dll-interface to be used by clients of 'Base::File' [C:\Users\mcmco\Desktop\WMMR\build\src\MovieMakerCore\MovieMakerCore.vcxproj]
  (compiling source file '../../../src/MovieMakerCore/StoryboardManager/Transport/CommandBin.cpp')
      C:\Program Files (x86)\Microsoft Visual Studio\2022\BuildTools\VC\Tools\MSVC\14.44.35207\atlmfc\include\cstringt.h(999,7):
      see declaration of 'ATL::CStringT<wchar_t,ATL::StrTraitATL<wchar_t,ATL::ChTraitsCRT<wchar_t>>>'
  
C:\Users\mcmco\Desktop\WMMR\src\MovieMakerCore\StoryboardManager\Background\BackgroundOrchestrator.cpp(339,39): error C2672: 'std::min': no matching overloaded function found [C:\Users\mcmco\Desktop\WMMR\build\src\MovieMakerCore\MovieMakerCore.vcxproj]
      C:\Program Files (x86)\Microsoft Visual Studio\2022\BuildTools\VC\Tools\MSVC\14.44.35207\include\utility(109,26):
      could be '_Ty std::min(std::initializer_list<_Elem>)'
          C:\Users\mcmco\Desktop\WMMR\src\MovieMakerCore\StoryboardManager\Background\BackgroundOrchestrator.cpp(339,39):
          '_Ty std::min(std::initializer_list<_Elem>)': expects 1 arguments - 2 provided
      C:\Program Files (x86)\Microsoft Visual Studio\2022\BuildTools\VC\Tools\MSVC\14.44.35207\include\utility(106,26):
      or       '_Ty std::min(std::initializer_list<_Elem>,_Pr)'
          C:\Users\mcmco\Desktop\WMMR\src\MovieMakerCore\StoryboardManager\Background\BackgroundOrchestrator.cpp(339,39):
          '_Ty std::min(std::initializer_list<_Elem>,_Pr)': could not deduce template argument for 'std::initializer_list<_Elem>' from 'DWORD'
      C:\Program Files (x86)\Microsoft Visual Studio\2022\BuildTools\VC\Tools\MSVC\14.44.35207\include\utility(98,6):
      or       'const _Ty &std::min(const _Ty &,const _Ty &) noexcept(<expr>)'
          C:\Users\mcmco\Desktop\WMMR\src\MovieMakerCore\StoryboardManager\Background\BackgroundOrchestrator.cpp(339,39):
          'const _Ty &std::min(const _Ty &,const _Ty &) noexcept(<expr>)': template parameter '_Ty' is ambiguous
              C:\Users\mcmco\Desktop\WMMR\src\MovieMakerCore\StoryboardManager\Background\BackgroundOrchestrator.cpp(339,39):
              could be 'int'
              C:\Users\mcmco\Desktop\WMMR\src\MovieMakerCore\StoryboardManager\Background\BackgroundOrchestrator.cpp(339,39):
              or       'DWORD'
          C:\Users\mcmco\Desktop\WMMR\src\MovieMakerCore\StoryboardManager\Background\BackgroundOrchestrator.cpp(339,39):
          'const _Ty &std::min(const _Ty &,const _Ty &) noexcept(<expr>)': could not deduce template argument for 'const _Ty &' from 'int'
      C:\Program Files (x86)\Microsoft Visual Studio\2022\BuildTools\VC\Tools\MSVC\14.44.35207\include\utility(88,33):
      or       'const _Ty &std::min(const _Ty &,const _Ty &,_Pr) noexcept(<expr>)'
          C:\Users\mcmco\Desktop\WMMR\src\MovieMakerCore\StoryboardManager\Background\BackgroundOrchestrator.cpp(339,39):
          'const _Ty &std::min(const _Ty &,const _Ty &,_Pr) noexcept(<expr>)': expects 3 arguments - 2 provided
  
C:\Users\mcmco\Desktop\WMMR\src\WLXPhotoBase\BaseTypes.h(568,18): warning C4251: 'Base::TempFile::m_strPath': 'ATL::CStringT<wchar_t,ATL::StrTraitATL<wchar_t,ATL::ChTraitsCRT<wchar_t>>>' needs to have dll-interface to be used by clients of 'Base::TempFile' [C:\Users\mcmco\Desktop\WMMR\build\src\MovieMakerCore\MovieMakerCore.vcxproj]
  (compiling source file '../../../src/MovieMakerCore/StoryboardManager/Transport/CommandBin.cpp')
      C:\Program Files (x86)\Microsoft Visual Studio\2022\BuildTools\VC\Tools\MSVC\14.44.35207\atlmfc\include\cstringt.h(999,7):
      see declaration of 'ATL::CStringT<wchar_t,ATL::StrTraitATL<wchar_t,ATL::ChTraitsCRT<wchar_t>>>'
  
C:\Users\mcmco\Desktop\WMMR\src\MovieMakerCore\StoryboardManager\Background\BackgroundOrchestrator.cpp(339,27): error C2672: 'std::max': no matching overloaded function found [C:\Users\mcmco\Desktop\WMMR\build\src\MovieMakerCore\MovieMakerCore.vcxproj]
      C:\Program Files (x86)\Microsoft Visual Studio\2022\BuildTools\VC\Tools\MSVC\14.44.35207\include\utility(85,26):
      could be '_Ty std::max(std::initializer_list<_Elem>)'
          C:\Users\mcmco\Desktop\WMMR\src\MovieMakerCore\StoryboardManager\Background\BackgroundOrchestrator.cpp(339,27):
          '_Ty std::max(std::initializer_list<_Elem>)': could not deduce template argument for 'std::initializer_list<_Elem>' from 'int'
      C:\Program Files (x86)\Microsoft Visual Studio\2022\BuildTools\VC\Tools\MSVC\14.44.35207\include\utility(82,26):
      or       '_Ty std::max(std::initializer_list<_Elem>,_Pr)'
          C:\Users\mcmco\Desktop\WMMR\src\MovieMakerCore\StoryboardManager\Background\BackgroundOrchestrator.cpp(339,27):
          '_Ty std::max(std::initializer_list<_Elem>,_Pr)': expects 2 arguments - 1 provided
      C:\Program Files (x86)\Microsoft Visual Studio\2022\BuildTools\VC\Tools\MSVC\14.44.35207\include\utility(74,6):
      or       'const _Ty &std::max(const _Ty &,const _Ty &) noexcept(<expr>)'
          C:\Users\mcmco\Desktop\WMMR\src\MovieMakerCore\StoryboardManager\Background\BackgroundOrchestrator.cpp(339,27):
          'const _Ty &std::max(const _Ty &,const _Ty &) noexcept(<expr>)': expects 2 arguments - 1 provided
      C:\Program Files (x86)\Microsoft Visual Studio\2022\BuildTools\VC\Tools\MSVC\14.44.35207\include\utility(64,33):
      or       'const _Ty &std::max(const _Ty &,const _Ty &,_Pr) noexcept(<expr>)'
          C:\Users\mcmco\Desktop\WMMR\src\MovieMakerCore\StoryboardManager\Background\BackgroundOrchestrator.cpp(339,27):
          'const _Ty &std::max(const _Ty &,const _Ty &,_Pr) noexcept(<expr>)': expects 3 arguments - 1 provided
  
C:\Users\mcmco\Desktop\WMMR\src\WLXPhotoBase\BaseTypes.h(661,21): warning C4251: 'Base::FindFile::m_strDirectory': 'ATL::CStringT<wchar_t,ATL::StrTraitATL<wchar_t,ATL::ChTraitsCRT<wchar_t>>>' needs to have dll-interface to be used by clients of 'Base::FindFile' [C:\Users\mcmco\Desktop\WMMR\build\src\MovieMakerCore\MovieMakerCore.vcxproj]
  (compiling source file '../../../src/MovieMakerCore/StoryboardManager/Transport/CommandBin.cpp')
      C:\Program Files (x86)\Microsoft Visual Studio\2022\BuildTools\VC\Tools\MSVC\14.44.35207\atlmfc\include\cstringt.h(999,7):
      see declaration of 'ATL::CStringT<wchar_t,ATL::StrTraitATL<wchar_t,ATL::ChTraitsCRT<wchar_t>>>'
  
C:\Users\mcmco\Desktop\WMMR\src\WLXPhotoBase\BaseTypes.h(724,25): warning C4251: 'Base::IntSet::m_values': 'ATL::CAtlArray<int,ATL::CElementTraits<int>>' needs to have dll-interface to be used by clients of 'Base::IntSet' [C:\Users\mcmco\Desktop\WMMR\build\src\MovieMakerCore\MovieMakerCore.vcxproj]
  (compiling source file '../../../src/MovieMakerCore/StoryboardManager/Transport/CommandBin.cpp')
      C:\Program Files (x86)\Microsoft Visual Studio\2022\BuildTools\VC\Tools\MSVC\14.44.35207\atlmfc\include\atlcoll.h(530,7):
      see declaration of 'ATL::CAtlArray<int,ATL::CElementTraits<int>>'
  
C:\Users\mcmco\Desktop\WMMR\src\MovieMakerCore\StoryboardManager\Transport\CommandBin.h(132,13): error C3668: 'RenderCommandBin::Flush': method with override specifier 'override' did not override any base class methods [C:\Users\mcmco\Desktop\WMMR\build\src\MovieMakerCore\MovieMakerCore.vcxproj]
  (compiling source file '../../../src/MovieMakerCore/StoryboardManager/Transport/CommandBin.cpp')
  
C:\Users\mcmco\Desktop\WMMR\src\MovieMakerCore\StoryboardManager\Transport\TransportBase.cpp(183,35): error C2672: 'std::max': no matching overloaded function found [C:\Users\mcmco\Desktop\WMMR\build\src\MovieMakerCore\MovieMakerCore.vcxproj]
      C:\Program Files (x86)\Microsoft Visual Studio\2022\BuildTools\VC\Tools\MSVC\14.44.35207\include\utility(85,26):
      could be '_Ty std::max(std::initializer_list<_Elem>)'
          C:\Users\mcmco\Desktop\WMMR\src\MovieMakerCore\StoryboardManager\Transport\TransportBase.cpp(183,35):
          '_Ty std::max(std::initializer_list<_Elem>)': expects 1 arguments - 2 provided
      C:\Program Files (x86)\Microsoft Visual Studio\2022\BuildTools\VC\Tools\MSVC\14.44.35207\include\utility(82,26):
      or       '_Ty std::max(std::initializer_list<_Elem>,_Pr)'
          C:\Users\mcmco\Desktop\WMMR\src\MovieMakerCore\StoryboardManager\Transport\TransportBase.cpp(183,35):
          '_Ty std::max(std::initializer_list<_Elem>,_Pr)': could not deduce template argument for 'std::initializer_list<_Elem>' from 'int'
      C:\Program Files (x86)\Microsoft Visual Studio\2022\BuildTools\VC\Tools\MSVC\14.44.35207\include\utility(74,6):
      or       'const _Ty &std::max(const _Ty &,const _Ty &) noexcept(<expr>)'
          C:\Users\mcmco\Desktop\WMMR\src\MovieMakerCore\StoryboardManager\Transport\TransportBase.cpp(183,35):
          'const _Ty &std::max(const _Ty &,const _Ty &) noexcept(<expr>)': template parameter '_Ty' is ambiguous
              C:\Users\mcmco\Desktop\WMMR\src\MovieMakerCore\StoryboardManager\Transport\TransportBase.cpp(183,35):
              could be '_Ty'
          with
          [
              _Ty=LONGLONG
          ]
              C:\Users\mcmco\Desktop\WMMR\src\MovieMakerCore\StoryboardManager\Transport\TransportBase.cpp(183,35):
              or       'int'
          C:\Users\mcmco\Desktop\WMMR\src\MovieMakerCore\StoryboardManager\Transport\TransportBase.cpp(183,35):
          'const _Ty &std::max(const _Ty &,const _Ty &) noexcept(<expr>)': could not deduce template argument for 'const _Ty &' from 'const _Ty'
          with
          [
              _Ty=LONGLONG
          ]
      C:\Program Files (x86)\Microsoft Visual Studio\2022\BuildTools\VC\Tools\MSVC\14.44.35207\include\utility(64,33):
      or       'const _Ty &std::max(const _Ty &,const _Ty &,_Pr) noexcept(<expr>)'
          C:\Users\mcmco\Desktop\WMMR\src\MovieMakerCore\StoryboardManager\Transport\TransportBase.cpp(183,35):
          'const _Ty &std::max(const _Ty &,const _Ty &,_Pr) noexcept(<expr>)': expects 3 arguments - 2 provided
  
  TextResourceDX.cpp
  RenderLoopDX.cpp
  ResourceCacheDX.cpp
C:\Users\mcmco\Desktop\WMMR\src\MovieMakerCore\pch.h(21,9): warning C4005: 'WINVER': macro redefinition [C:\Users\mcmco\Desktop\WMMR\build\src\MovieMakerCore\MovieMakerCore.vcxproj]
  (compiling source file '../../../src/MovieMakerCore/HMREngine/DXResources/TextResourceDX.cpp')
      C:\Users\mcmco\Desktop\WMMR\src\MovieMakerCore\pch.h(21,9):
      'WINVER' previously declared on the command line
  
C:\Users\mcmco\Desktop\WMMR\src\MovieMakerCore\pch.h(22,9): warning C4005: '_WIN32_WINNT': macro redefinition [C:\Users\mcmco\Desktop\WMMR\build\src\MovieMakerCore\MovieMakerCore.vcxproj]
  (compiling source file '../../../src/MovieMakerCore/HMREngine/DXResources/TextResourceDX.cpp')
      C:\Users\mcmco\Desktop\WMMR\src\MovieMakerCore\pch.h(22,9):
      '_WIN32_WINNT' previously declared on the command line
  
C:\Users\mcmco\Desktop\WMMR\src\MovieMakerCore\pch.h(30,9): warning C4005: 'WIN32_LEAN_AND_MEAN': macro redefinition [C:\Users\mcmco\Desktop\WMMR\build\src\MovieMakerCore\MovieMakerCore.vcxproj]
  (compiling source file '../../../src/MovieMakerCore/HMREngine/DXResources/TextResourceDX.cpp')
      C:\Users\mcmco\Desktop\WMMR\src\MovieMakerCore\pch.h(30,9):
      'WIN32_LEAN_AND_MEAN' previously declared on the command line
  
C:\Users\mcmco\Desktop\WMMR\src\MovieMakerCore\pch.h(31,9): warning C4005: 'NOMINMAX': macro redefinition [C:\Users\mcmco\Desktop\WMMR\build\src\MovieMakerCore\MovieMakerCore.vcxproj]
  (compiling source file '../../../src/MovieMakerCore/HMREngine/DXResources/TextResourceDX.cpp')
      C:\Users\mcmco\Desktop\WMMR\src\MovieMakerCore\pch.h(31,9):
      'NOMINMAX' previously declared on the command line
  
C:\Users\mcmco\Desktop\WMMR\src\MovieMakerCore\pch.h(21,9): warning C4005: 'WINVER': macro redefinition [C:\Users\mcmco\Desktop\WMMR\build\src\MovieMakerCore\MovieMakerCore.vcxproj]
  (compiling source file '../../../src/MovieMakerCore/HMREngine/DXResources/RenderLoopDX.cpp')
      C:\Users\mcmco\Desktop\WMMR\src\MovieMakerCore\pch.h(21,9):
      'WINVER' previously declared on the command line
  
C:\Users\mcmco\Desktop\WMMR\src\MovieMakerCore\pch.h(22,9): warning C4005: '_WIN32_WINNT': macro redefinition [C:\Users\mcmco\Desktop\WMMR\build\src\MovieMakerCore\MovieMakerCore.vcxproj]
  (compiling source file '../../../src/MovieMakerCore/HMREngine/DXResources/RenderLoopDX.cpp')
      C:\Users\mcmco\Desktop\WMMR\src\MovieMakerCore\pch.h(22,9):
      '_WIN32_WINNT' previously declared on the command line
  
C:\Users\mcmco\Desktop\WMMR\src\MovieMakerCore\pch.h(30,9): warning C4005: 'WIN32_LEAN_AND_MEAN': macro redefinition [C:\Users\mcmco\Desktop\WMMR\build\src\MovieMakerCore\MovieMakerCore.vcxproj]
  (compiling source file '../../../src/MovieMakerCore/HMREngine/DXResources/RenderLoopDX.cpp')
      C:\Users\mcmco\Desktop\WMMR\src\MovieMakerCore\pch.h(30,9):
      'WIN32_LEAN_AND_MEAN' previously declared on the command line
  
C:\Users\mcmco\Desktop\WMMR\src\MovieMakerCore\pch.h(31,9): warning C4005: 'NOMINMAX': macro redefinition [C:\Users\mcmco\Desktop\WMMR\build\src\MovieMakerCore\MovieMakerCore.vcxproj]
  (compiling source file '../../../src/MovieMakerCore/HMREngine/DXResources/RenderLoopDX.cpp')
      C:\Users\mcmco\Desktop\WMMR\src\MovieMakerCore\pch.h(31,9):
      'NOMINMAX' previously declared on the command line
  
C:\Users\mcmco\Desktop\WMMR\src\MovieMakerCore\pch.h(32,9): warning C4005: '_CRT_SECURE_NO_WARNINGS': macro redefinition [C:\Users\mcmco\Desktop\WMMR\build\src\MovieMakerCore\MovieMakerCore.vcxproj]
  (compiling source file '../../../src/MovieMakerCore/HMREngine/DXResources/RenderLoopDX.cpp')
      C:\Users\mcmco\Desktop\WMMR\src\MovieMakerCore\pch.h(32,9):
      '_CRT_SECURE_NO_WARNINGS' previously declared on the command line
  
C:\Users\mcmco\Desktop\WMMR\src\MovieMakerCore\pch.h(33,9): warning C4005: '_WINDLL': macro redefinition [C:\Users\mcmco\Desktop\WMMR\build\src\MovieMakerCore\MovieMakerCore.vcxproj]
  (compiling source file '../../../src/MovieMakerCore/HMREngine/DXResources/RenderLoopDX.cpp')
      C:\Users\mcmco\Desktop\WMMR\src\MovieMakerCore\pch.h(33,9):
      '_WINDLL' previously declared on the command line
  
C:\Users\mcmco\Desktop\WMMR\src\MovieMakerCore\pch.h(34,9): warning C4005: '_AFXDLL': macro redefinition [C:\Users\mcmco\Desktop\WMMR\build\src\MovieMakerCore\MovieMakerCore.vcxproj]
  (compiling source file '../../../src/MovieMakerCore/HMREngine/DXResources/RenderLoopDX.cpp')
      C:\Users\mcmco\Desktop\WMMR\src\MovieMakerCore\pch.h(34,9):
      '_AFXDLL' previously declared on the command line
  
C:\Users\mcmco\Desktop\WMMR\src\MovieMakerCore\pch.h(32,9): warning C4005: '_CRT_SECURE_NO_WARNINGS': macro redefinition [C:\Users\mcmco\Desktop\WMMR\build\src\MovieMakerCore\MovieMakerCore.vcxproj]
  (compiling source file '../../../src/MovieMakerCore/HMREngine/DXResources/TextResourceDX.cpp')
      C:\Users\mcmco\Desktop\WMMR\src\MovieMakerCore\pch.h(32,9):
      '_CRT_SECURE_NO_WARNINGS' previously declared on the command line
  
C:\Users\mcmco\Desktop\WMMR\src\MovieMakerCore\pch.h(35,9): warning C4005: '_ATL_CSTRING_EXPLICIT_CONSTRUCTORS': macro redefinition [C:\Users\mcmco\Desktop\WMMR\build\src\MovieMakerCore\MovieMakerCore.vcxproj]
  (compiling source file '../../../src/MovieMakerCore/HMREngine/DXResources/RenderLoopDX.cpp')
      C:\Users\mcmco\Desktop\WMMR\src\MovieMakerCore\pch.h(35,9):
      '_ATL_CSTRING_EXPLICIT_CONSTRUCTORS' previously declared on the command line
  
C:\Users\mcmco\Desktop\WMMR\src\MovieMakerCore\pch.h(33,9): warning C4005: '_WINDLL': macro redefinition [C:\Users\mcmco\Desktop\WMMR\build\src\MovieMakerCore\MovieMakerCore.vcxproj]
  (compiling source file '../../../src/MovieMakerCore/HMREngine/DXResources/TextResourceDX.cpp')
      C:\Users\mcmco\Desktop\WMMR\src\MovieMakerCore\pch.h(33,9):
      '_WINDLL' previously declared on the command line
  
C:\Users\mcmco\Desktop\WMMR\src\MovieMakerCore\pch.h(36,9): warning C4005: '_ATL_ALL_WARNINGS': macro redefinition [C:\Users\mcmco\Desktop\WMMR\build\src\MovieMakerCore\MovieMakerCore.vcxproj]
  (compiling source file '../../../src/MovieMakerCore/HMREngine/DXResources/RenderLoopDX.cpp')
      C:\Users\mcmco\Desktop\WMMR\src\MovieMakerCore\pch.h(36,9):
      '_ATL_ALL_WARNINGS' previously declared on the command line
  
C:\Users\mcmco\Desktop\WMMR\src\MovieMakerCore\pch.h(34,9): warning C4005: '_AFXDLL': macro redefinition [C:\Users\mcmco\Desktop\WMMR\build\src\MovieMakerCore\MovieMakerCore.vcxproj]
  (compiling source file '../../../src/MovieMakerCore/HMREngine/DXResources/TextResourceDX.cpp')
      C:\Users\mcmco\Desktop\WMMR\src\MovieMakerCore\pch.h(34,9):
      '_AFXDLL' previously declared on the command line
  
C:\Users\mcmco\Desktop\WMMR\src\MovieMakerCore\pch.h(35,9): warning C4005: '_ATL_CSTRING_EXPLICIT_CONSTRUCTORS': macro redefinition [C:\Users\mcmco\Desktop\WMMR\build\src\MovieMakerCore\MovieMakerCore.vcxproj]
  (compiling source file '../../../src/MovieMakerCore/HMREngine/DXResources/TextResourceDX.cpp')
      C:\Users\mcmco\Desktop\WMMR\src\MovieMakerCore\pch.h(35,9):
      '_ATL_CSTRING_EXPLICIT_CONSTRUCTORS' previously declared on the command line
  
C:\Users\mcmco\Desktop\WMMR\src\MovieMakerCore\pch.h(36,9): warning C4005: '_ATL_ALL_WARNINGS': macro redefinition [C:\Users\mcmco\Desktop\WMMR\build\src\MovieMakerCore\MovieMakerCore.vcxproj]
  (compiling source file '../../../src/MovieMakerCore/HMREngine/DXResources/TextResourceDX.cpp')
      C:\Users\mcmco\Desktop\WMMR\src\MovieMakerCore\pch.h(36,9):
      '_ATL_ALL_WARNINGS' previously declared on the command line
  
C:\Users\mcmco\Desktop\WMMR\src\MovieMakerCore\pch.h(21,9): warning C4005: 'WINVER': macro redefinition [C:\Users\mcmco\Desktop\WMMR\build\src\MovieMakerCore\MovieMakerCore.vcxproj]
  (compiling source file '../../../src/MovieMakerCore/HMREngine/DXResources/ResourceCacheDX.cpp')
      C:\Users\mcmco\Desktop\WMMR\src\MovieMakerCore\pch.h(21,9):
      'WINVER' previously declared on the command line
  
C:\Users\mcmco\Desktop\WMMR\src\MovieMakerCore\pch.h(22,9): warning C4005: '_WIN32_WINNT': macro redefinition [C:\Users\mcmco\Desktop\WMMR\build\src\MovieMakerCore\MovieMakerCore.vcxproj]
  (compiling source file '../../../src/MovieMakerCore/HMREngine/DXResources/ResourceCacheDX.cpp')
      C:\Users\mcmco\Desktop\WMMR\src\MovieMakerCore\pch.h(22,9):
      '_WIN32_WINNT' previously declared on the command line
  
C:\Users\mcmco\Desktop\WMMR\src\MovieMakerCore\pch.h(30,9): warning C4005: 'WIN32_LEAN_AND_MEAN': macro redefinition [C:\Users\mcmco\Desktop\WMMR\build\src\MovieMakerCore\MovieMakerCore.vcxproj]
  (compiling source file '../../../src/MovieMakerCore/HMREngine/DXResources/ResourceCacheDX.cpp')
      C:\Users\mcmco\Desktop\WMMR\src\MovieMakerCore\pch.h(30,9):
      'WIN32_LEAN_AND_MEAN' previously declared on the command line
  
C:\Users\mcmco\Desktop\WMMR\src\MovieMakerCore\pch.h(31,9): warning C4005: 'NOMINMAX': macro redefinition [C:\Users\mcmco\Desktop\WMMR\build\src\MovieMakerCore\MovieMakerCore.vcxproj]
  (compiling source file '../../../src/MovieMakerCore/HMREngine/DXResources/ResourceCacheDX.cpp')
      C:\Users\mcmco\Desktop\WMMR\src\MovieMakerCore\pch.h(31,9):
      'NOMINMAX' previously declared on the command line
  
C:\Users\mcmco\Desktop\WMMR\src\MovieMakerCore\pch.h(32,9): warning C4005: '_CRT_SECURE_NO_WARNINGS': macro redefinition [C:\Users\mcmco\Desktop\WMMR\build\src\MovieMakerCore\MovieMakerCore.vcxproj]
  (compiling source file '../../../src/MovieMakerCore/HMREngine/DXResources/ResourceCacheDX.cpp')
      C:\Users\mcmco\Desktop\WMMR\src\MovieMakerCore\pch.h(32,9):
      '_CRT_SECURE_NO_WARNINGS' previously declared on the command line
  
C:\Users\mcmco\Desktop\WMMR\src\MovieMakerCore\pch.h(33,9): warning C4005: '_WINDLL': macro redefinition [C:\Users\mcmco\Desktop\WMMR\build\src\MovieMakerCore\MovieMakerCore.vcxproj]
  (compiling source file '../../../src/MovieMakerCore/HMREngine/DXResources/ResourceCacheDX.cpp')
      C:\Users\mcmco\Desktop\WMMR\src\MovieMakerCore\pch.h(33,9):
      '_WINDLL' previously declared on the command line
  
C:\Users\mcmco\Desktop\WMMR\src\MovieMakerCore\pch.h(34,9): warning C4005: '_AFXDLL': macro redefinition [C:\Users\mcmco\Desktop\WMMR\build\src\MovieMakerCore\MovieMakerCore.vcxproj]
  (compiling source file '../../../src/MovieMakerCore/HMREngine/DXResources/ResourceCacheDX.cpp')
      C:\Users\mcmco\Desktop\WMMR\src\MovieMakerCore\pch.h(34,9):
      '_AFXDLL' previously declared on the command line
  
C:\Users\mcmco\Desktop\WMMR\src\MovieMakerCore\pch.h(35,9): warning C4005: '_ATL_CSTRING_EXPLICIT_CONSTRUCTORS': macro redefinition [C:\Users\mcmco\Desktop\WMMR\build\src\MovieMakerCore\MovieMakerCore.vcxproj]
  (compiling source file '../../../src/MovieMakerCore/HMREngine/DXResources/ResourceCacheDX.cpp')
      C:\Users\mcmco\Desktop\WMMR\src\MovieMakerCore\pch.h(35,9):
      '_ATL_CSTRING_EXPLICIT_CONSTRUCTORS' previously declared on the command line
  
C:\Users\mcmco\Desktop\WMMR\src\MovieMakerCore\pch.h(36,9): warning C4005: '_ATL_ALL_WARNINGS': macro redefinition [C:\Users\mcmco\Desktop\WMMR\build\src\MovieMakerCore\MovieMakerCore.vcxproj]
  (compiling source file '../../../src/MovieMakerCore/HMREngine/DXResources/ResourceCacheDX.cpp')
      C:\Users\mcmco\Desktop\WMMR\src\MovieMakerCore\pch.h(36,9):
      '_ATL_ALL_WARNINGS' previously declared on the command line
  
C:\Users\mcmco\Desktop\WMMR\src\WLXPhotoBase\BaseTypes.h(536,18): warning C4251: 'Base::File::m_strPath': 'ATL::CStringT<wchar_t,ATL::StrTraitATL<wchar_t,ATL::ChTraitsCRT<wchar_t>>>' needs to have dll-interface to be used by clients of 'Base::File' [C:\Users\mcmco\Desktop\WMMR\build\src\MovieMakerCore\MovieMakerCore.vcxproj]
  (compiling source file '../../../src/MovieMakerCore/HMREngine/DXResources/EngineDX.cpp')
      C:\Program Files (x86)\Microsoft Visual Studio\2022\BuildTools\VC\Tools\MSVC\14.44.35207\atlmfc\include\cstringt.h(999,7):
      see declaration of 'ATL::CStringT<wchar_t,ATL::StrTraitATL<wchar_t,ATL::ChTraitsCRT<wchar_t>>>'
  
C:\Users\mcmco\Desktop\WMMR\src\WLXPhotoBase\BaseTypes.h(568,18): warning C4251: 'Base::TempFile::m_strPath': 'ATL::CStringT<wchar_t,ATL::StrTraitATL<wchar_t,ATL::ChTraitsCRT<wchar_t>>>' needs to have dll-interface to be used by clients of 'Base::TempFile' [C:\Users\mcmco\Desktop\WMMR\build\src\MovieMakerCore\MovieMakerCore.vcxproj]
  (compiling source file '../../../src/MovieMakerCore/HMREngine/DXResources/EngineDX.cpp')
      C:\Program Files (x86)\Microsoft Visual Studio\2022\BuildTools\VC\Tools\MSVC\14.44.35207\atlmfc\include\cstringt.h(999,7):
      see declaration of 'ATL::CStringT<wchar_t,ATL::StrTraitATL<wchar_t,ATL::ChTraitsCRT<wchar_t>>>'
  
C:\Users\mcmco\Desktop\WMMR\src\WLXPhotoBase\BaseTypes.h(661,21): warning C4251: 'Base::FindFile::m_strDirectory': 'ATL::CStringT<wchar_t,ATL::StrTraitATL<wchar_t,ATL::ChTraitsCRT<wchar_t>>>' needs to have dll-interface to be used by clients of 'Base::FindFile' [C:\Users\mcmco\Desktop\WMMR\build\src\MovieMakerCore\MovieMakerCore.vcxproj]
  (compiling source file '../../../src/MovieMakerCore/HMREngine/DXResources/EngineDX.cpp')
      C:\Program Files (x86)\Microsoft Visual Studio\2022\BuildTools\VC\Tools\MSVC\14.44.35207\atlmfc\include\cstringt.h(999,7):
      see declaration of 'ATL::CStringT<wchar_t,ATL::StrTraitATL<wchar_t,ATL::ChTraitsCRT<wchar_t>>>'
  
C:\Users\mcmco\Desktop\WMMR\src\WLXPhotoBase\BaseTypes.h(724,25): warning C4251: 'Base::IntSet::m_values': 'ATL::CAtlArray<int,ATL::CElementTraits<int>>' needs to have dll-interface to be used by clients of 'Base::IntSet' [C:\Users\mcmco\Desktop\WMMR\build\src\MovieMakerCore\MovieMakerCore.vcxproj]
  (compiling source file '../../../src/MovieMakerCore/HMREngine/DXResources/EngineDX.cpp')
      C:\Program Files (x86)\Microsoft Visual Studio\2022\BuildTools\VC\Tools\MSVC\14.44.35207\atlmfc\include\atlcoll.h(530,7):
      see declaration of 'ATL::CAtlArray<int,ATL::CElementTraits<int>>'
  
C:\Users\mcmco\Desktop\WMMR\src\WLXPhotoBase\BaseTypes.h(536,18): warning C4251: 'Base::File::m_strPath': 'ATL::CStringT<wchar_t,ATL::StrTraitATL<wchar_t,ATL::ChTraitsCRT<wchar_t>>>' needs to have dll-interface to be used by clients of 'Base::File' [C:\Users\mcmco\Desktop\WMMR\build\src\MovieMakerCore\MovieMakerCore.vcxproj]
  (compiling source file '../../../src/MovieMakerCore/HMREngine/AsyncWorker.cpp')
      C:\Program Files (x86)\Microsoft Visual Studio\2022\BuildTools\VC\Tools\MSVC\14.44.35207\atlmfc\include\cstringt.h(999,7):
      see declaration of 'ATL::CStringT<wchar_t,ATL::StrTraitATL<wchar_t,ATL::ChTraitsCRT<wchar_t>>>'
  
C:\Users\mcmco\Desktop\WMMR\src\WLXPhotoBase\BaseTypes.h(568,18): warning C4251: 'Base::TempFile::m_strPath': 'ATL::CStringT<wchar_t,ATL::StrTraitATL<wchar_t,ATL::ChTraitsCRT<wchar_t>>>' needs to have dll-interface to be used by clients of 'Base::TempFile' [C:\Users\mcmco\Desktop\WMMR\build\src\MovieMakerCore\MovieMakerCore.vcxproj]
  (compiling source file '../../../src/MovieMakerCore/HMREngine/AsyncWorker.cpp')
      C:\Program Files (x86)\Microsoft Visual Studio\2022\BuildTools\VC\Tools\MSVC\14.44.35207\atlmfc\include\cstringt.h(999,7):
      see declaration of 'ATL::CStringT<wchar_t,ATL::StrTraitATL<wchar_t,ATL::ChTraitsCRT<wchar_t>>>'
  
C:\Users\mcmco\Desktop\WMMR\src\WLXPhotoBase\BaseTypes.h(661,21): warning C4251: 'Base::FindFile::m_strDirectory': 'ATL::CStringT<wchar_t,ATL::StrTraitATL<wchar_t,ATL::ChTraitsCRT<wchar_t>>>' needs to have dll-interface to be used by clients of 'Base::FindFile' [C:\Users\mcmco\Desktop\WMMR\build\src\MovieMakerCore\MovieMakerCore.vcxproj]
  (compiling source file '../../../src/MovieMakerCore/HMREngine/AsyncWorker.cpp')
      C:\Program Files (x86)\Microsoft Visual Studio\2022\BuildTools\VC\Tools\MSVC\14.44.35207\atlmfc\include\cstringt.h(999,7):
      see declaration of 'ATL::CStringT<wchar_t,ATL::StrTraitATL<wchar_t,ATL::ChTraitsCRT<wchar_t>>>'
  
C:\Users\mcmco\Desktop\WMMR\src\WLXPhotoBase\BaseTypes.h(724,25): warning C4251: 'Base::IntSet::m_values': 'ATL::CAtlArray<int,ATL::CElementTraits<int>>' needs to have dll-interface to be used by clients of 'Base::IntSet' [C:\Users\mcmco\Desktop\WMMR\build\src\MovieMakerCore\MovieMakerCore.vcxproj]
  (compiling source file '../../../src/MovieMakerCore/HMREngine/AsyncWorker.cpp')
      C:\Program Files (x86)\Microsoft Visual Studio\2022\BuildTools\VC\Tools\MSVC\14.44.35207\atlmfc\include\atlcoll.h(530,7):
      see declaration of 'ATL::CAtlArray<int,ATL::CElementTraits<int>>'
  
C:\Users\mcmco\Desktop\WMMR\src\WLXPhotoBase\BaseTypes.h(536,18): warning C4251: 'Base::File::m_strPath': 'ATL::CStringT<wchar_t,ATL::StrTraitATL<wchar_t,ATL::ChTraitsCRT<wchar_t>>>' needs to have dll-interface to be used by clients of 'Base::File' [C:\Users\mcmco\Desktop\WMMR\build\src\MovieMakerCore\MovieMakerCore.vcxproj]
  (compiling source file '../../../src/MovieMakerCore/HMREngine/DXResources/TextureResourceDX.cpp')
      C:\Program Files (x86)\Microsoft Visual Studio\2022\BuildTools\VC\Tools\MSVC\14.44.35207\atlmfc\include\cstringt.h(999,7):
      see declaration of 'ATL::CStringT<wchar_t,ATL::StrTraitATL<wchar_t,ATL::ChTraitsCRT<wchar_t>>>'
  
C:\Users\mcmco\Desktop\WMMR\src\WLXPhotoBase\BaseTypes.h(568,18): warning C4251: 'Base::TempFile::m_strPath': 'ATL::CStringT<wchar_t,ATL::StrTraitATL<wchar_t,ATL::ChTraitsCRT<wchar_t>>>' needs to have dll-interface to be used by clients of 'Base::TempFile' [C:\Users\mcmco\Desktop\WMMR\build\src\MovieMakerCore\MovieMakerCore.vcxproj]
  (compiling source file '../../../src/MovieMakerCore/HMREngine/DXResources/TextureResourceDX.cpp')
      C:\Program Files (x86)\Microsoft Visual Studio\2022\BuildTools\VC\Tools\MSVC\14.44.35207\atlmfc\include\cstringt.h(999,7):
      see declaration of 'ATL::CStringT<wchar_t,ATL::StrTraitATL<wchar_t,ATL::ChTraitsCRT<wchar_t>>>'
  
C:\Users\mcmco\Desktop\WMMR\src\WLXPhotoBase\BaseTypes.h(661,21): warning C4251: 'Base::FindFile::m_strDirectory': 'ATL::CStringT<wchar_t,ATL::StrTraitATL<wchar_t,ATL::ChTraitsCRT<wchar_t>>>' needs to have dll-interface to be used by clients of 'Base::FindFile' [C:\Users\mcmco\Desktop\WMMR\build\src\MovieMakerCore\MovieMakerCore.vcxproj]
  (compiling source file '../../../src/MovieMakerCore/HMREngine/DXResources/TextureResourceDX.cpp')
      C:\Program Files (x86)\Microsoft Visual Studio\2022\BuildTools\VC\Tools\MSVC\14.44.35207\atlmfc\include\cstringt.h(999,7):
      see declaration of 'ATL::CStringT<wchar_t,ATL::StrTraitATL<wchar_t,ATL::ChTraitsCRT<wchar_t>>>'
  
C:\Users\mcmco\Desktop\WMMR\src\WLXPhotoBase\BaseTypes.h(724,25): warning C4251: 'Base::IntSet::m_values': 'ATL::CAtlArray<int,ATL::CElementTraits<int>>' needs to have dll-interface to be used by clients of 'Base::IntSet' [C:\Users\mcmco\Desktop\WMMR\build\src\MovieMakerCore\MovieMakerCore.vcxproj]
  (compiling source file '../../../src/MovieMakerCore/HMREngine/DXResources/TextureResourceDX.cpp')
      C:\Program Files (x86)\Microsoft Visual Studio\2022\BuildTools\VC\Tools\MSVC\14.44.35207\atlmfc\include\atlcoll.h(530,7):
      see declaration of 'ATL::CAtlArray<int,ATL::CElementTraits<int>>'
  
C:\Users\mcmco\Desktop\WMMR\src\MovieMakerCore\HMREngine\X3DMath.h(232,22): warning C4458: declaration of 'm' hides class member [C:\Users\mcmco\Desktop\WMMR\build\src\MovieMakerCore\MovieMakerCore.vcxproj]
  (compiling source file '../../../src/MovieMakerCore/HMREngine/DXResources/EngineDX.cpp')
      C:\Program Files (x86)\Windows Kits\10\Include\10.0.26100.0\um\DirectXMath.h(973,19):
      see declaration of 'DirectX::XMFLOAT4X4::m'
  
C:\Users\mcmco\Desktop\WMMR\src\MovieMakerCore\HMREngine\X3DMath.h(240,22): warning C4458: declaration of 'm' hides class member [C:\Users\mcmco\Desktop\WMMR\build\src\MovieMakerCore\MovieMakerCore.vcxproj]
  (compiling source file '../../../src/MovieMakerCore/HMREngine/DXResources/EngineDX.cpp')
      C:\Program Files (x86)\Windows Kits\10\Include\10.0.26100.0\um\DirectXMath.h(973,19):
      see declaration of 'DirectX::XMFLOAT4X4::m'
  
C:\Users\mcmco\Desktop\WMMR\src\MovieMakerCore\HMREngine\X3DMath.h(249,22): warning C4458: declaration of 'm' hides class member [C:\Users\mcmco\Desktop\WMMR\build\src\MovieMakerCore\MovieMakerCore.vcxproj]
  (compiling source file '../../../src/MovieMakerCore/HMREngine/DXResources/EngineDX.cpp')
      C:\Program Files (x86)\Windows Kits\10\Include\10.0.26100.0\um\DirectXMath.h(973,19):
      see declaration of 'DirectX::XMFLOAT4X4::m'
  
C:\Users\mcmco\Desktop\WMMR\src\MovieMakerCore\HMREngine\X3DMath.h(258,22): warning C4458: declaration of 'm' hides class member [C:\Users\mcmco\Desktop\WMMR\build\src\MovieMakerCore\MovieMakerCore.vcxproj]
  (compiling source file '../../../src/MovieMakerCore/HMREngine/DXResources/EngineDX.cpp')
      C:\Program Files (x86)\Windows Kits\10\Include\10.0.26100.0\um\DirectXMath.h(973,19):
      see declaration of 'DirectX::XMFLOAT4X4::m'
  
C:\Users\mcmco\Desktop\WMMR\src\MovieMakerCore\HMREngine\X3DMath.h(232,22): warning C4458: declaration of 'm' hides class member [C:\Users\mcmco\Desktop\WMMR\build\src\MovieMakerCore\MovieMakerCore.vcxproj]
  (compiling source file '../../../src/MovieMakerCore/HMREngine/AsyncWorker.cpp')
      C:\Program Files (x86)\Windows Kits\10\Include\10.0.26100.0\um\DirectXMath.h(973,19):
      see declaration of 'DirectX::XMFLOAT4X4::m'
  
C:\Users\mcmco\Desktop\WMMR\src\MovieMakerCore\HMREngine\X3DMath.h(240,22): warning C4458: declaration of 'm' hides class member [C:\Users\mcmco\Desktop\WMMR\build\src\MovieMakerCore\MovieMakerCore.vcxproj]
  (compiling source file '../../../src/MovieMakerCore/HMREngine/AsyncWorker.cpp')
      C:\Program Files (x86)\Windows Kits\10\Include\10.0.26100.0\um\DirectXMath.h(973,19):
      see declaration of 'DirectX::XMFLOAT4X4::m'
  
C:\Users\mcmco\Desktop\WMMR\src\MovieMakerCore\HMREngine\X3DMath.h(249,22): warning C4458: declaration of 'm' hides class member [C:\Users\mcmco\Desktop\WMMR\build\src\MovieMakerCore\MovieMakerCore.vcxproj]
  (compiling source file '../../../src/MovieMakerCore/HMREngine/AsyncWorker.cpp')
      C:\Program Files (x86)\Windows Kits\10\Include\10.0.26100.0\um\DirectXMath.h(973,19):
      see declaration of 'DirectX::XMFLOAT4X4::m'
  
C:\Users\mcmco\Desktop\WMMR\src\MovieMakerCore\HMREngine\X3DMath.h(258,22): warning C4458: declaration of 'm' hides class member [C:\Users\mcmco\Desktop\WMMR\build\src\MovieMakerCore\MovieMakerCore.vcxproj]
  (compiling source file '../../../src/MovieMakerCore/HMREngine/AsyncWorker.cpp')
      C:\Program Files (x86)\Windows Kits\10\Include\10.0.26100.0\um\DirectXMath.h(973,19):
      see declaration of 'DirectX::XMFLOAT4X4::m'
  
C:\Users\mcmco\Desktop\WMMR\src\MovieMakerCore\HMREngine\X3DFieldTypes.h(49,9): error C2535: 'ULONG HMREngine::X3DFieldNode::AddRef(void)': member function already defined or declared [C:\Users\mcmco\Desktop\WMMR\build\src\MovieMakerCore\MovieMakerCore.vcxproj]
  (compiling source file '../../../src/MovieMakerCore/HMREngine/AsyncWorker.cpp')
      C:\Users\mcmco\Desktop\WMMR\src\MovieMakerCore\HMREngine\X3DFieldTypes.h(33,9):
      see declaration of 'HMREngine::X3DFieldNode::AddRef'
  
C:\Users\mcmco\Desktop\WMMR\src\MovieMakerCore\HMREngine\X3DFieldTypes.h(49,9): error C2535: 'ULONG HMREngine::X3DFieldNode::Release(void)': member function already defined or declared [C:\Users\mcmco\Desktop\WMMR\build\src\MovieMakerCore\MovieMakerCore.vcxproj]
  (compiling source file '../../../src/MovieMakerCore/HMREngine/AsyncWorker.cpp')
      C:\Users\mcmco\Desktop\WMMR\src\MovieMakerCore\HMREngine\X3DFieldTypes.h(34,9):
      see declaration of 'HMREngine::X3DFieldNode::Release'
  
C:\Users\mcmco\Desktop\WMMR\src\MovieMakerCore\HMREngine\X3DFieldTypes.h(49,9): error C2535: 'HRESULT HMREngine::X3DFieldNode::QueryInterface(const IID &,void **)': member function already defined or declared [C:\Users\mcmco\Desktop\WMMR\build\src\MovieMakerCore\MovieMakerCore.vcxproj]
  (compiling source file '../../../src/MovieMakerCore/HMREngine/AsyncWorker.cpp')
      C:\Users\mcmco\Desktop\WMMR\src\MovieMakerCore\HMREngine\X3DFieldTypes.h(35,9):
      see declaration of 'HMREngine::X3DFieldNode::QueryInterface'
  
C:\Users\mcmco\Desktop\WMMR\src\MovieMakerCore\HMREngine\X3DFieldTypes.h(40,24): error C2440: 'static_cast': cannot convert from 'HMREngine::X3DFieldNode *' to 'IUnknown *' [C:\Users\mcmco\Desktop\WMMR\build\src\MovieMakerCore\MovieMakerCore.vcxproj]
  (compiling source file '../../../src/MovieMakerCore/HMREngine/AsyncWorker.cpp')
      C:\Users\mcmco\Desktop\WMMR\src\MovieMakerCore\HMREngine\X3DFieldTypes.h(40,24):
      Types pointed to are unrelated; conversion requires reinterpret_cast, C-style cast or parenthesized function-style cast
  
C:\Users\mcmco\Desktop\WMMR\src\MovieMakerCore\HMREngine\X3DFieldTypes.h(49,9): error C2535: 'ULONG HMREngine::X3DFieldNode::AddRef(void)': member function already defined or declared [C:\Users\mcmco\Desktop\WMMR\build\src\MovieMakerCore\MovieMakerCore.vcxproj]
  (compiling source file '../../../src/MovieMakerCore/HMREngine/DXResources/EngineDX.cpp')
      C:\Users\mcmco\Desktop\WMMR\src\MovieMakerCore\HMREngine\X3DFieldTypes.h(33,9):
      see declaration of 'HMREngine::X3DFieldNode::AddRef'
  
C:\Users\mcmco\Desktop\WMMR\src\MovieMakerCore\HMREngine\X3DFieldTypes.h(49,9): error C2535: 'ULONG HMREngine::X3DFieldNode::Release(void)': member function already defined or declared [C:\Users\mcmco\Desktop\WMMR\build\src\MovieMakerCore\MovieMakerCore.vcxproj]
  (compiling source file '../../../src/MovieMakerCore/HMREngine/DXResources/EngineDX.cpp')
      C:\Users\mcmco\Desktop\WMMR\src\MovieMakerCore\HMREngine\X3DFieldTypes.h(34,9):
      see declaration of 'HMREngine::X3DFieldNode::Release'
  
C:\Users\mcmco\Desktop\WMMR\src\MovieMakerCore\HMREngine\X3DFieldTypes.h(49,9): error C2535: 'HRESULT HMREngine::X3DFieldNode::QueryInterface(const IID &,void **)': member function already defined or declared [C:\Users\mcmco\Desktop\WMMR\build\src\MovieMakerCore\MovieMakerCore.vcxproj]
  (compiling source file '../../../src/MovieMakerCore/HMREngine/DXResources/EngineDX.cpp')
      C:\Users\mcmco\Desktop\WMMR\src\MovieMakerCore\HMREngine\X3DFieldTypes.h(35,9):
      see declaration of 'HMREngine::X3DFieldNode::QueryInterface'
  
C:\Users\mcmco\Desktop\WMMR\src\MovieMakerCore\HMREngine\X3DFieldTypes.h(40,24): error C2440: 'static_cast': cannot convert from 'HMREngine::X3DFieldNode *' to 'IUnknown *' [C:\Users\mcmco\Desktop\WMMR\build\src\MovieMakerCore\MovieMakerCore.vcxproj]
  (compiling source file '../../../src/MovieMakerCore/HMREngine/DXResources/EngineDX.cpp')
      C:\Users\mcmco\Desktop\WMMR\src\MovieMakerCore\HMREngine\X3DFieldTypes.h(40,24):
      Types pointed to are unrelated; conversion requires reinterpret_cast, C-style cast or parenthesized function-style cast
  
C:\Users\mcmco\Desktop\WMMR\src\MovieMakerCore\HMREngine\AsyncWorker.cpp(48,5): error C2065: 'm_workerThread': undeclared identifier [C:\Users\mcmco\Desktop\WMMR\build\src\MovieMakerCore\MovieMakerCore.vcxproj]
C:\Users\mcmco\Desktop\WMMR\src\MovieMakerCore\HMREngine\AsyncWorker.cpp(102,13): error C2665: 'std::vector<HMREngine::X3DNode *,std::allocator<HMREngine::X3DNode *>>::push_back': no overloaded function could convert all the argument types [C:\Users\mcmco\Desktop\WMMR\build\src\MovieMakerCore\MovieMakerCore.vcxproj]
      C:\Program Files (x86)\Microsoft Visual Studio\2022\BuildTools\VC\Tools\MSVC\14.44.35207\include\vector(936,23):
      could be 'void std::vector<HMREngine::X3DNode *,std::allocator<HMREngine::X3DNode *>>::push_back(_Ty &&)'
          with
          [
              _Ty=HMREngine::X3DNode *
          ]
          C:\Users\mcmco\Desktop\WMMR\src\MovieMakerCore\HMREngine\AsyncWorker.cpp(102,13):
          'void std::vector<HMREngine::X3DNode *,std::allocator<HMREngine::X3DNode *>>::push_back(_Ty &&)': cannot convert argument 1 from 'HMREngine::X3DChildNode *' to '_Ty &&'
          with
          [
              _Ty=HMREngine::X3DNode *
          ]
              C:\Users\mcmco\Desktop\WMMR\src\MovieMakerCore\HMREngine\AsyncWorker.cpp(102,23):
              Reason: cannot convert from 'HMREngine::X3DChildNode *' to '_Ty'
          with
          [
              _Ty=HMREngine::X3DNode *
          ]
              C:\Users\mcmco\Desktop\WMMR\src\MovieMakerCore\HMREngine\AsyncWorker.cpp(102,23):
              Types pointed to are unrelated; conversion requires reinterpret_cast, C-style cast or parenthesized function-style cast
      C:\Program Files (x86)\Microsoft Visual Studio\2022\BuildTools\VC\Tools\MSVC\14.44.35207\include\vector(932,23):
      or       'void std::vector<HMREngine::X3DNode *,std::allocator<HMREngine::X3DNode *>>::push_back(const _Ty &)'
          with
          [
              _Ty=HMREngine::X3DNode *
          ]
          C:\Users\mcmco\Desktop\WMMR\src\MovieMakerCore\HMREngine\AsyncWorker.cpp(102,13):
          'void std::vector<HMREngine::X3DNode *,std::allocator<HMREngine::X3DNode *>>::push_back(const _Ty &)': cannot convert argument 1 from 'HMREngine::X3DChildNode *' to 'const _Ty &'
          with
          [
              _Ty=HMREngine::X3DNode *
          ]
              C:\Users\mcmco\Desktop\WMMR\src\MovieMakerCore\HMREngine\AsyncWorker.cpp(102,23):
              Reason: cannot convert from 'HMREngine::X3DChildNode *' to 'const _Ty'
          with
          [
              _Ty=HMREngine::X3DNode *
          ]
              C:\Users\mcmco\Desktop\WMMR\src\MovieMakerCore\HMREngine\AsyncWorker.cpp(102,23):
              Types pointed to are unrelated; conversion requires reinterpret_cast, C-style cast or parenthesized function-style cast
      C:\Users\mcmco\Desktop\WMMR\src\MovieMakerCore\HMREngine\AsyncWorker.cpp(102,13):
      while trying to match the argument list '(HMREngine::X3DChildNode *)'
  
C:\Users\mcmco\Desktop\WMMR\src\MovieMakerCore\HMREngine\AsyncWorker.cpp(163,29): error C2039: 'Cancel': is not a member of 'HMREngine::ReloadImage' [C:\Users\mcmco\Desktop\WMMR\build\src\MovieMakerCore\MovieMakerCore.vcxproj]
      C:\Users\mcmco\Desktop\WMMR\src\MovieMakerCore\HMREngine\AsyncWorker.h(35,11):
      see declaration of 'HMREngine::ReloadImage'
  
  X3DNodeImplBase.cpp
C:\Users\mcmco\Desktop\WMMR\src\MovieMakerCore\HMREngine\X3DMath.h(232,22): warning C4458: declaration of 'm' hides class member [C:\Users\mcmco\Desktop\WMMR\build\src\MovieMakerCore\MovieMakerCore.vcxproj]
  (compiling source file '../../../src/MovieMakerCore/HMREngine/DXResources/TextureResourceDX.cpp')
      C:\Program Files (x86)\Windows Kits\10\Include\10.0.26100.0\um\DirectXMath.h(973,19):
      see declaration of 'DirectX::XMFLOAT4X4::m'
  
C:\Users\mcmco\Desktop\WMMR\src\MovieMakerCore\HMREngine\X3DMath.h(240,22): warning C4458: declaration of 'm' hides class member [C:\Users\mcmco\Desktop\WMMR\build\src\MovieMakerCore\MovieMakerCore.vcxproj]
  (compiling source file '../../../src/MovieMakerCore/HMREngine/DXResources/TextureResourceDX.cpp')
      C:\Program Files (x86)\Windows Kits\10\Include\10.0.26100.0\um\DirectXMath.h(973,19):
      see declaration of 'DirectX::XMFLOAT4X4::m'
  
C:\Users\mcmco\Desktop\WMMR\src\MovieMakerCore\HMREngine\X3DMath.h(249,22): warning C4458: declaration of 'm' hides class member [C:\Users\mcmco\Desktop\WMMR\build\src\MovieMakerCore\MovieMakerCore.vcxproj]
  (compiling source file '../../../src/MovieMakerCore/HMREngine/DXResources/TextureResourceDX.cpp')
      C:\Program Files (x86)\Windows Kits\10\Include\10.0.26100.0\um\DirectXMath.h(973,19):
      see declaration of 'DirectX::XMFLOAT4X4::m'
  
C:\Users\mcmco\Desktop\WMMR\src\MovieMakerCore\HMREngine\X3DMath.h(258,22): warning C4458: declaration of 'm' hides class member [C:\Users\mcmco\Desktop\WMMR\build\src\MovieMakerCore\MovieMakerCore.vcxproj]
  (compiling source file '../../../src/MovieMakerCore/HMREngine/DXResources/TextureResourceDX.cpp')
      C:\Program Files (x86)\Windows Kits\10\Include\10.0.26100.0\um\DirectXMath.h(973,19):
      see declaration of 'DirectX::XMFLOAT4X4::m'
  
C:\Users\mcmco\Desktop\WMMR\src\MovieMakerCore\pch.h(21,9): warning C4005: 'WINVER': macro redefinition [C:\Users\mcmco\Desktop\WMMR\build\src\MovieMakerCore\MovieMakerCore.vcxproj]
  (compiling source file '../../../src/MovieMakerCore/HMREngine/X3DNodeImpls/X3DNodeImplBase.cpp')
      C:\Users\mcmco\Desktop\WMMR\src\MovieMakerCore\pch.h(21,9):
      'WINVER' previously declared on the command line
  
C:\Users\mcmco\Desktop\WMMR\src\MovieMakerCore\pch.h(22,9): warning C4005: '_WIN32_WINNT': macro redefinition [C:\Users\mcmco\Desktop\WMMR\build\src\MovieMakerCore\MovieMakerCore.vcxproj]
  (compiling source file '../../../src/MovieMakerCore/HMREngine/X3DNodeImpls/X3DNodeImplBase.cpp')
      C:\Users\mcmco\Desktop\WMMR\src\MovieMakerCore\pch.h(22,9):
      '_WIN32_WINNT' previously declared on the command line
  
C:\Users\mcmco\Desktop\WMMR\src\MovieMakerCore\pch.h(30,9): warning C4005: 'WIN32_LEAN_AND_MEAN': macro redefinition [C:\Users\mcmco\Desktop\WMMR\build\src\MovieMakerCore\MovieMakerCore.vcxproj]
  (compiling source file '../../../src/MovieMakerCore/HMREngine/X3DNodeImpls/X3DNodeImplBase.cpp')
      C:\Users\mcmco\Desktop\WMMR\src\MovieMakerCore\pch.h(30,9):
      'WIN32_LEAN_AND_MEAN' previously declared on the command line
  
C:\Users\mcmco\Desktop\WMMR\src\MovieMakerCore\pch.h(31,9): warning C4005: 'NOMINMAX': macro redefinition [C:\Users\mcmco\Desktop\WMMR\build\src\MovieMakerCore\MovieMakerCore.vcxproj]
  (compiling source file '../../../src/MovieMakerCore/HMREngine/X3DNodeImpls/X3DNodeImplBase.cpp')
      C:\Users\mcmco\Desktop\WMMR\src\MovieMakerCore\pch.h(31,9):
      'NOMINMAX' previously declared on the command line
  
C:\Users\mcmco\Desktop\WMMR\src\MovieMakerCore\pch.h(32,9): warning C4005: '_CRT_SECURE_NO_WARNINGS': macro redefinition [C:\Users\mcmco\Desktop\WMMR\build\src\MovieMakerCore\MovieMakerCore.vcxproj]
  (compiling source file '../../../src/MovieMakerCore/HMREngine/X3DNodeImpls/X3DNodeImplBase.cpp')
      C:\Users\mcmco\Desktop\WMMR\src\MovieMakerCore\pch.h(32,9):
      '_CRT_SECURE_NO_WARNINGS' previously declared on the command line
  
C:\Users\mcmco\Desktop\WMMR\src\MovieMakerCore\pch.h(33,9): warning C4005: '_WINDLL': macro redefinition [C:\Users\mcmco\Desktop\WMMR\build\src\MovieMakerCore\MovieMakerCore.vcxproj]
  (compiling source file '../../../src/MovieMakerCore/HMREngine/X3DNodeImpls/X3DNodeImplBase.cpp')
      C:\Users\mcmco\Desktop\WMMR\src\MovieMakerCore\pch.h(33,9):
      '_WINDLL' previously declared on the command line
  
C:\Users\mcmco\Desktop\WMMR\src\MovieMakerCore\pch.h(34,9): warning C4005: '_AFXDLL': macro redefinition [C:\Users\mcmco\Desktop\WMMR\build\src\MovieMakerCore\MovieMakerCore.vcxproj]
  (compiling source file '../../../src/MovieMakerCore/HMREngine/X3DNodeImpls/X3DNodeImplBase.cpp')
      C:\Users\mcmco\Desktop\WMMR\src\MovieMakerCore\pch.h(34,9):
      '_AFXDLL' previously declared on the command line
  
C:\Users\mcmco\Desktop\WMMR\src\MovieMakerCore\pch.h(35,9): warning C4005: '_ATL_CSTRING_EXPLICIT_CONSTRUCTORS': macro redefinition [C:\Users\mcmco\Desktop\WMMR\build\src\MovieMakerCore\MovieMakerCore.vcxproj]
  (compiling source file '../../../src/MovieMakerCore/HMREngine/X3DNodeImpls/X3DNodeImplBase.cpp')
      C:\Users\mcmco\Desktop\WMMR\src\MovieMakerCore\pch.h(35,9):
      '_ATL_CSTRING_EXPLICIT_CONSTRUCTORS' previously declared on the command line
  
C:\Users\mcmco\Desktop\WMMR\src\MovieMakerCore\pch.h(36,9): warning C4005: '_ATL_ALL_WARNINGS': macro redefinition [C:\Users\mcmco\Desktop\WMMR\build\src\MovieMakerCore\MovieMakerCore.vcxproj]
  (compiling source file '../../../src/MovieMakerCore/HMREngine/X3DNodeImpls/X3DNodeImplBase.cpp')
      C:\Users\mcmco\Desktop\WMMR\src\MovieMakerCore\pch.h(36,9):
      '_ATL_ALL_WARNINGS' previously declared on the command line
  
C:\Users\mcmco\Desktop\WMMR\src\MovieMakerCore\HMREngine\DXResources\DXResources.h(98,27): error C3646: 'Formats': unknown override specifier [C:\Users\mcmco\Desktop\WMMR\build\src\MovieMakerCore\MovieMakerCore.vcxproj]
  (compiling source file '../../../src/MovieMakerCore/HMREngine/DXResources/EngineDX.cpp')
  
C:\Users\mcmco\Desktop\WMMR\src\MovieMakerCore\HMREngine\DXResources\EngineDX.h(17,32): error C4430: missing type specifier - int assumed. Note: C++ does not support default-int [C:\Users\mcmco\Desktop\WMMR\build\src\MovieMakerCore\MovieMakerCore.vcxproj]
  (compiling source file '../../../src/MovieMakerCore/HMREngine/DXResources/EngineDX.cpp')
  
C:\Users\mcmco\Desktop\WMMR\src\MovieMakerCore\HMREngine\DXResources\EngineDX.h(17,48): error C2143: syntax error: missing ',' before '&' [C:\Users\mcmco\Desktop\WMMR\build\src\MovieMakerCore\MovieMakerCore.vcxproj]
  (compiling source file '../../../src/MovieMakerCore/HMREngine/DXResources/EngineDX.cpp')
  
C:\Users\mcmco\Desktop\WMMR\src\MovieMakerCore\HMREngine\DXResources\EngineDX.h(18,38): error C4430: missing type specifier - int assumed. Note: C++ does not support default-int [C:\Users\mcmco\Desktop\WMMR\build\src\MovieMakerCore\MovieMakerCore.vcxproj]
  (compiling source file '../../../src/MovieMakerCore/HMREngine/DXResources/EngineDX.cpp')
  
C:\Users\mcmco\Desktop\WMMR\src\MovieMakerCore\HMREngine\DXResources\EngineDX.h(18,54): error C2143: syntax error: missing ',' before '&' [C:\Users\mcmco\Desktop\WMMR\build\src\MovieMakerCore\MovieMakerCore.vcxproj]
  (compiling source file '../../../src/MovieMakerCore/HMREngine/DXResources/EngineDX.cpp')
  
C:\Users\mcmco\Desktop\WMMR\src\MovieMakerCore\HMREngine\DXResources\EngineDX.h(19,41): error C4430: missing type specifier - int assumed. Note: C++ does not support default-int [C:\Users\mcmco\Desktop\WMMR\build\src\MovieMakerCore\MovieMakerCore.vcxproj]
  (compiling source file '../../../src/MovieMakerCore/HMREngine/DXResources/EngineDX.cpp')
  
C:\Users\mcmco\Desktop\WMMR\src\MovieMakerCore\HMREngine\DXResources\EngineDX.h(19,57): error C2143: syntax error: missing ',' before '&' [C:\Users\mcmco\Desktop\WMMR\build\src\MovieMakerCore\MovieMakerCore.vcxproj]
  (compiling source file '../../../src/MovieMakerCore/HMREngine/DXResources/EngineDX.cpp')
  
C:\Users\mcmco\Desktop\WMMR\src\MovieMakerCore\HMREngine\DXResources\EngineDX.h(114,32): error C4430: missing type specifier - int assumed. Note: C++ does not support default-int [C:\Users\mcmco\Desktop\WMMR\build\src\MovieMakerCore\MovieMakerCore.vcxproj]
  (compiling source file '../../../src/MovieMakerCore/HMREngine/DXResources/EngineDX.cpp')
  
C:\Users\mcmco\Desktop\WMMR\src\MovieMakerCore\HMREngine\DXResources\EngineDX.h(114,48): error C2143: syntax error: missing ',' before '&' [C:\Users\mcmco\Desktop\WMMR\build\src\MovieMakerCore\MovieMakerCore.vcxproj]
  (compiling source file '../../../src/MovieMakerCore/HMREngine/DXResources/EngineDX.cpp')
  
C:\Users\mcmco\Desktop\WMMR\src\MovieMakerCore\HMREngine\DXResources\EngineDX.h(141,32): error C4430: missing type specifier - int assumed. Note: C++ does not support default-int [C:\Users\mcmco\Desktop\WMMR\build\src\MovieMakerCore\MovieMakerCore.vcxproj]
  (compiling source file '../../../src/MovieMakerCore/HMREngine/DXResources/EngineDX.cpp')
  
C:\Users\mcmco\Desktop\WMMR\src\MovieMakerCore\HMREngine\DXResources\EngineDX.h(141,48): error C2143: syntax error: missing ',' before '&' [C:\Users\mcmco\Desktop\WMMR\build\src\MovieMakerCore\MovieMakerCore.vcxproj]
  (compiling source file '../../../src/MovieMakerCore/HMREngine/DXResources/EngineDX.cpp')
  
C:\Users\mcmco\Desktop\WMMR\src\MovieMakerCore\HMREngine\DXResources\EngineDX.h(160,32): error C4430: missing type specifier - int assumed. Note: C++ does not support default-int [C:\Users\mcmco\Desktop\WMMR\build\src\MovieMakerCore\MovieMakerCore.vcxproj]
  (compiling source file '../../../src/MovieMakerCore/HMREngine/DXResources/EngineDX.cpp')
  
C:\Users\mcmco\Desktop\WMMR\src\MovieMakerCore\HMREngine\DXResources\EngineDX.h(160,48): error C2143: syntax error: missing ',' before '&' [C:\Users\mcmco\Desktop\WMMR\build\src\MovieMakerCore\MovieMakerCore.vcxproj]
  (compiling source file '../../../src/MovieMakerCore/HMREngine/DXResources/EngineDX.cpp')
  
C:\Users\mcmco\Desktop\WMMR\src\MovieMakerCore\HMREngine\DXResources\EngineDX.cpp(65,5): error C2065: 'D3D11_FEATURE_DATA_D3D10_OPTIONS': undeclared identifier [C:\Users\mcmco\Desktop\WMMR\build\src\MovieMakerCore\MovieMakerCore.vcxproj]
C:\Users\mcmco\Desktop\WMMR\src\MovieMakerCore\HMREngine\DXResources\EngineDX.cpp(65,38): error C2146: syntax error: missing ';' before identifier 'opts' [C:\Users\mcmco\Desktop\WMMR\build\src\MovieMakerCore\MovieMakerCore.vcxproj]
C:\Users\mcmco\Desktop\WMMR\src\MovieMakerCore\HMREngine\DXResources\EngineDX.cpp(65,38): error C2065: 'opts': undeclared identifier [C:\Users\mcmco\Desktop\WMMR\build\src\MovieMakerCore\MovieMakerCore.vcxproj]
C:\Users\mcmco\Desktop\WMMR\src\MovieMakerCore\HMREngine\DXResources\EngineDX.cpp(65,43): error C3079: an initializer list cannot be used as the right operand of this assignment operator [C:\Users\mcmco\Desktop\WMMR\build\src\MovieMakerCore\MovieMakerCore.vcxproj]
C:\Users\mcmco\Desktop\WMMR\src\MovieMakerCore\HMREngine\DXResources\EngineDX.cpp(66,43): error C2065: 'D3D11_FEATURE_D3D10_OPTIONS': undeclared identifier [C:\Users\mcmco\Desktop\WMMR\build\src\MovieMakerCore\MovieMakerCore.vcxproj]
C:\Users\mcmco\Desktop\WMMR\src\MovieMakerCore\HMREngine\DXResources\EngineDX.cpp(66,73): error C2065: 'opts': undeclared identifier [C:\Users\mcmco\Desktop\WMMR\build\src\MovieMakerCore\MovieMakerCore.vcxproj]
C:\Users\mcmco\Desktop\WMMR\src\MovieMakerCore\HMREngine\DXResources\EngineDX.cpp(66,86): error C2065: 'opts': undeclared identifier [C:\Users\mcmco\Desktop\WMMR\build\src\MovieMakerCore\MovieMakerCore.vcxproj]
C:\Users\mcmco\Desktop\WMMR\src\MovieMakerCore\HMREngine\DXResources\EngineDX.cpp(69,31): error C2065: 'opts': undeclared identifier [C:\Users\mcmco\Desktop\WMMR\build\src\MovieMakerCore\MovieMakerCore.vcxproj]
C:\Users\mcmco\Desktop\WMMR\src\MovieMakerCore\HMREngine\DXResources\EngineDX.cpp(81,80): error C2065: 'D3D11_FORMAT_SUPPORT2_BUFFER': undeclared identifier [C:\Users\mcmco\Desktop\WMMR\build\src\MovieMakerCore\MovieMakerCore.vcxproj]
C:\Users\mcmco\Desktop\WMMR\src\MovieMakerCore\HMREngine\DXResources\EngineDX.cpp(85,80): error C2065: 'D3D11_FORMAT_SUPPORT2_BUFFER': undeclared identifier [C:\Users\mcmco\Desktop\WMMR\build\src\MovieMakerCore\MovieMakerCore.vcxproj]
C:\Users\mcmco\Desktop\WMMR\src\MovieMakerCore\HMREngine\DXResources\EngineDX.cpp(89,80): error C2065: 'D3D11_FORMAT_SUPPORT2_BUFFER': undeclared identifier [C:\Users\mcmco\Desktop\WMMR\build\src\MovieMakerCore\MovieMakerCore.vcxproj]
C:\Users\mcmco\Desktop\WMMR\src\MovieMakerCore\HMREngine\DXResources\EngineDX.cpp(122,30): error C4430: missing type specifier - int assumed. Note: C++ does not support default-int [C:\Users\mcmco\Desktop\WMMR\build\src\MovieMakerCore\MovieMakerCore.vcxproj]
C:\Users\mcmco\Desktop\WMMR\src\MovieMakerCore\HMREngine\DXResources\EngineDX.cpp(122,46): error C2143: syntax error: missing ',' before '&' [C:\Users\mcmco\Desktop\WMMR\build\src\MovieMakerCore\MovieMakerCore.vcxproj]
C:\Users\mcmco\Desktop\WMMR\src\MovieMakerCore\HMREngine\DXResources\EngineDX.cpp(124,35): error C2065: 'desc': undeclared identifier [C:\Users\mcmco\Desktop\WMMR\build\src\MovieMakerCore\MovieMakerCore.vcxproj]
C:\Users\mcmco\Desktop\WMMR\src\MovieMakerCore\HMREngine\DXResources\EngineDX.cpp(127,30): error C2065: 'desc': undeclared identifier [C:\Users\mcmco\Desktop\WMMR\build\src\MovieMakerCore\MovieMakerCore.vcxproj]
C:\Users\mcmco\Desktop\WMMR\src\MovieMakerCore\HMREngine\DXResources\EngineDX.cpp(151,36): error C4430: missing type specifier - int assumed. Note: C++ does not support default-int [C:\Users\mcmco\Desktop\WMMR\build\src\MovieMakerCore\MovieMakerCore.vcxproj]
C:\Users\mcmco\Desktop\WMMR\src\MovieMakerCore\HMREngine\DXResources\EngineDX.cpp(151,52): error C2143: syntax error: missing ',' before '&' [C:\Users\mcmco\Desktop\WMMR\build\src\MovieMakerCore\MovieMakerCore.vcxproj]
C:\Users\mcmco\Desktop\WMMR\src\MovieMakerCore\HMREngine\DXResources\EngineDX.cpp(153,14): error C2065: 'desc': undeclared identifier [C:\Users\mcmco\Desktop\WMMR\build\src\MovieMakerCore\MovieMakerCore.vcxproj]
C:\Users\mcmco\Desktop\WMMR\src\MovieMakerCore\HMREngine\DXResources\EngineDX.cpp(154,15): error C2065: 'desc': undeclared identifier [C:\Users\mcmco\Desktop\WMMR\build\src\MovieMakerCore\MovieMakerCore.vcxproj]
C:\Users\mcmco\Desktop\WMMR\src\MovieMakerCore\HMREngine\DXResources\EngineDX.cpp(155,16): error C2065: 'desc': undeclared identifier [C:\Users\mcmco\Desktop\WMMR\build\src\MovieMakerCore\MovieMakerCore.vcxproj]
C:\Users\mcmco\Desktop\WMMR\src\MovieMakerCore\HMREngine\DXResources\EngineDX.cpp(156,15): error C2065: 'desc': undeclared identifier [C:\Users\mcmco\Desktop\WMMR\build\src\MovieMakerCore\MovieMakerCore.vcxproj]
C:\Users\mcmco\Desktop\WMMR\src\MovieMakerCore\HMREngine\DXResources\EngineDX.cpp(164,22): error C2065: 'desc': undeclared identifier [C:\Users\mcmco\Desktop\WMMR\build\src\MovieMakerCore\MovieMakerCore.vcxproj]
C:\Users\mcmco\Desktop\WMMR\src\MovieMakerCore\HMREngine\DXResources\EngineDX.cpp(165,28): error C2065: 'desc': undeclared identifier [C:\Users\mcmco\Desktop\WMMR\build\src\MovieMakerCore\MovieMakerCore.vcxproj]
C:\Users\mcmco\Desktop\WMMR\src\MovieMakerCore\HMREngine\DXResources\EngineDX.cpp(172,33): error C2065: 'desc': undeclared identifier [C:\Users\mcmco\Desktop\WMMR\build\src\MovieMakerCore\MovieMakerCore.vcxproj]
C:\Users\mcmco\Desktop\WMMR\src\MovieMakerCore\HMREngine\DXResources\EngineDX.cpp(172,9): error C2660: 'memcpy': function does not take 2 arguments [C:\Users\mcmco\Desktop\WMMR\build\src\MovieMakerCore\MovieMakerCore.vcxproj]
      C:\Program Files (x86)\Microsoft Visual Studio\2022\BuildTools\VC\Tools\MSVC\14.44.35207\include\vcruntime_string.h(43,15):
      see declaration of 'memcpy'
      C:\Users\mcmco\Desktop\WMMR\src\MovieMakerCore\HMREngine\DXResources\EngineDX.cpp(172,9):
      while trying to match the argument list '(D3D_FEATURE_LEVEL [4], UINT)'
  
C:\Users\mcmco\Desktop\WMMR\src\MovieMakerCore\HMREngine\DXResources\EngineDX.cpp(176,9): error C2065: 'desc': undeclared identifier [C:\Users\mcmco\Desktop\WMMR\build\src\MovieMakerCore\MovieMakerCore.vcxproj]
C:\Users\mcmco\Desktop\WMMR\src\MovieMakerCore\HMREngine\DXResources\EngineDX.cpp(207,39): error C4430: missing type specifier - int assumed. Note: C++ does not support default-int [C:\Users\mcmco\Desktop\WMMR\build\src\MovieMakerCore\MovieMakerCore.vcxproj]
C:\Users\mcmco\Desktop\WMMR\src\MovieMakerCore\HMREngine\DXResources\EngineDX.cpp(207,55): error C2143: syntax error: missing ',' before '&' [C:\Users\mcmco\Desktop\WMMR\build\src\MovieMakerCore\MovieMakerCore.vcxproj]
C:\Users\mcmco\Desktop\WMMR\src\MovieMakerCore\HMREngine\DXResources\EngineDX.cpp(230,20): error C2065: 'desc': undeclared identifier [C:\Users\mcmco\Desktop\WMMR\build\src\MovieMakerCore\MovieMakerCore.vcxproj]
C:\Users\mcmco\Desktop\WMMR\src\MovieMakerCore\HMREngine\DXResources\EngineDX.cpp(270,16): error C2556: 'void HMREngine::DX::EngineDX::InitializeViewport(void)': overloaded function differs only by return type from 'HRESULT HMREngine::DX::EngineDX::InitializeViewport(void)' [C:\Users\mcmco\Desktop\WMMR\build\src\MovieMakerCore\MovieMakerCore.vcxproj]
      C:\Users\mcmco\Desktop\WMMR\src\MovieMakerCore\HMREngine\DXResources\EngineDX.h(22,21):
      see declaration of 'HMREngine::DX::EngineDX::InitializeViewport'
  
C:\Users\mcmco\Desktop\WMMR\src\MovieMakerCore\HMREngine\DXResources\EngineDX.cpp(270,16): error C2371: 'HMREngine::DX::EngineDX::InitializeViewport': redefinition; different basic types [C:\Users\mcmco\Desktop\WMMR\build\src\MovieMakerCore\MovieMakerCore.vcxproj]
      C:\Users\mcmco\Desktop\WMMR\src\MovieMakerCore\HMREngine\DXResources\EngineDX.h(22,21):
      see declaration of 'HMREngine::DX::EngineDX::InitializeViewport'
  
C:\Users\mcmco\Desktop\WMMR\src\MovieMakerCore\HMREngine\DXResources\EngineDX.cpp(413,5): error C2065: 'EngineDesc': undeclared identifier [C:\Users\mcmco\Desktop\WMMR\build\src\MovieMakerCore\MovieMakerCore.vcxproj]
C:\Users\mcmco\Desktop\WMMR\src\MovieMakerCore\HMREngine\DXResources\EngineDX.cpp(413,16): error C2146: syntax error: missing ';' before identifier 'desc' [C:\Users\mcmco\Desktop\WMMR\build\src\MovieMakerCore\MovieMakerCore.vcxproj]
C:\Users\mcmco\Desktop\WMMR\src\MovieMakerCore\HMREngine\DXResources\EngineDX.cpp(413,16): error C2065: 'desc': undeclared identifier [C:\Users\mcmco\Desktop\WMMR\build\src\MovieMakerCore\MovieMakerCore.vcxproj]
C:\Users\mcmco\Desktop\WMMR\src\MovieMakerCore\HMREngine\DXResources\EngineDX.cpp(414,5): error C2065: 'desc': undeclared identifier [C:\Users\mcmco\Desktop\WMMR\build\src\MovieMakerCore\MovieMakerCore.vcxproj]
C:\Users\mcmco\Desktop\WMMR\src\MovieMakerCore\HMREngine\DXResources\EngineDX.cpp(415,5): error C2065: 'desc': undeclared identifier [C:\Users\mcmco\Desktop\WMMR\build\src\MovieMakerCore\MovieMakerCore.vcxproj]
C:\Users\mcmco\Desktop\WMMR\src\MovieMakerCore\HMREngine\DXResources\EngineDX.cpp(416,5): error C2065: 'desc': undeclared identifier [C:\Users\mcmco\Desktop\WMMR\build\src\MovieMakerCore\MovieMakerCore.vcxproj]
C:\Users\mcmco\Desktop\WMMR\src\MovieMakerCore\HMREngine\DXResources\EngineDX.cpp(417,5): error C2065: 'desc': undeclared identifier [C:\Users\mcmco\Desktop\WMMR\build\src\MovieMakerCore\MovieMakerCore.vcxproj]
C:\Users\mcmco\Desktop\WMMR\src\MovieMakerCore\HMREngine\DXResources\EngineDX.cpp(418,5): error C2065: 'desc': undeclared identifier [C:\Users\mcmco\Desktop\WMMR\build\src\MovieMakerCore\MovieMakerCore.vcxproj]
C:\Users\mcmco\Desktop\WMMR\src\MovieMakerCore\HMREngine\DXResources\EngineDX.cpp(420,23): error C2065: 'desc': undeclared identifier [C:\Users\mcmco\Desktop\WMMR\build\src\MovieMakerCore\MovieMakerCore.vcxproj]
C:\Users\mcmco\Desktop\WMMR\src\MovieMakerCore\HMREngine\DXResources\EngineDX.cpp(535,31): error C4430: missing type specifier - int assumed. Note: C++ does not support default-int [C:\Users\mcmco\Desktop\WMMR\build\src\MovieMakerCore\MovieMakerCore.vcxproj]
C:\Users\mcmco\Desktop\WMMR\src\MovieMakerCore\HMREngine\DXResources\EngineDX.cpp(535,47): error C2143: syntax error: missing ',' before '&' [C:\Users\mcmco\Desktop\WMMR\build\src\MovieMakerCore\MovieMakerCore.vcxproj]
C:\Users\mcmco\Desktop\WMMR\src\MovieMakerCore\HMREngine\DXResources\EngineDX.cpp(537,39): error C2065: 'desc': undeclared identifier [C:\Users\mcmco\Desktop\WMMR\build\src\MovieMakerCore\MovieMakerCore.vcxproj]
C:\Users\mcmco\Desktop\WMMR\src\MovieMakerCore\HMREngine\DXResources\EngineDX.cpp(540,35): error C2065: 'desc': undeclared identifier [C:\Users\mcmco\Desktop\WMMR\build\src\MovieMakerCore\MovieMakerCore.vcxproj]
C:\Users\mcmco\Desktop\WMMR\src\MovieMakerCore\HMREngine\DXResources\EngineDX.cpp(540,47): error C2065: 'desc': undeclared identifier [C:\Users\mcmco\Desktop\WMMR\build\src\MovieMakerCore\MovieMakerCore.vcxproj]
C:\Users\mcmco\Desktop\WMMR\src\MovieMakerCore\HMREngine\DXResources\EngineDX.cpp(540,12): error C2660: 'HMREngine::DX::PreviewDX::CreatePreviewResources': function does not take 1 arguments [C:\Users\mcmco\Desktop\WMMR\build\src\MovieMakerCore\MovieMakerCore.vcxproj]
      C:\Users\mcmco\Desktop\WMMR\src\MovieMakerCore\HMREngine\DXResources\EngineDX.h(130,21):
      see declaration of 'HMREngine::DX::PreviewDX::CreatePreviewResources'
      C:\Users\mcmco\Desktop\WMMR\src\MovieMakerCore\HMREngine\DXResources\EngineDX.cpp(540,12):
      while trying to match the argument list '()'
  
C:\Users\mcmco\Desktop\WMMR\src\MovieMakerCore\HMREngine\DXResources\EngineDX.cpp(610,38): error C4430: missing type specifier - int assumed. Note: C++ does not support default-int [C:\Users\mcmco\Desktop\WMMR\build\src\MovieMakerCore\MovieMakerCore.vcxproj]
C:\Users\mcmco\Desktop\WMMR\src\MovieMakerCore\HMREngine\DXResources\EngineDX.cpp(610,54): error C2143: syntax error: missing ',' before '&' [C:\Users\mcmco\Desktop\WMMR\build\src\MovieMakerCore\MovieMakerCore.vcxproj]
C:\Users\mcmco\Desktop\WMMR\src\MovieMakerCore\HMREngine\DXResources\EngineDX.cpp(612,34): error C2065: 'desc': undeclared identifier [C:\Users\mcmco\Desktop\WMMR\build\src\MovieMakerCore\MovieMakerCore.vcxproj]
C:\Users\mcmco\Desktop\WMMR\src\MovieMakerCore\HMREngine\DXResources\EngineDX.cpp(633,30): error C4430: missing type specifier - int assumed. Note: C++ does not support default-int [C:\Users\mcmco\Desktop\WMMR\build\src\MovieMakerCore\MovieMakerCore.vcxproj]
C:\Users\mcmco\Desktop\WMMR\src\MovieMakerCore\HMREngine\DXResources\EngineDX.cpp(633,46): error C2143: syntax error: missing ',' before '&' [C:\Users\mcmco\Desktop\WMMR\build\src\MovieMakerCore\MovieMakerCore.vcxproj]
C:\Users\mcmco\Desktop\WMMR\src\MovieMakerCore\HMREngine\DXResources\EngineDX.cpp(635,21): error C2065: 'desc': undeclared identifier [C:\Users\mcmco\Desktop\WMMR\build\src\MovieMakerCore\MovieMakerCore.vcxproj]
C:\Users\mcmco\Desktop\WMMR\src\MovieMakerCore\HMREngine\DXResources\EngineDX.cpp(636,22): error C2065: 'desc': undeclared identifier [C:\Users\mcmco\Desktop\WMMR\build\src\MovieMakerCore\MovieMakerCore.vcxproj]
C:\Users\mcmco\Desktop\WMMR\src\MovieMakerCore\HMREngine\DXResources\EngineDX.cpp(637,33): error C2065: 'desc': undeclared identifier [C:\Users\mcmco\Desktop\WMMR\build\src\MovieMakerCore\MovieMakerCore.vcxproj]
C:\Users\mcmco\Desktop\WMMR\src\MovieMakerCore\HMREngine\X3DFieldTypes.h(49,9): error C2535: 'ULONG HMREngine::X3DFieldNode::AddRef(void)': member function already defined or declared [C:\Users\mcmco\Desktop\WMMR\build\src\MovieMakerCore\MovieMakerCore.vcxproj]
  (compiling source file '../../../src/MovieMakerCore/HMREngine/DXResources/TextureResourceDX.cpp')
      C:\Users\mcmco\Desktop\WMMR\src\MovieMakerCore\HMREngine\X3DFieldTypes.h(33,9):
      see declaration of 'HMREngine::X3DFieldNode::AddRef'
  
C:\Users\mcmco\Desktop\WMMR\src\MovieMakerCore\HMREngine\X3DFieldTypes.h(49,9): error C2535: 'ULONG HMREngine::X3DFieldNode::Release(void)': member function already defined or declared [C:\Users\mcmco\Desktop\WMMR\build\src\MovieMakerCore\MovieMakerCore.vcxproj]
  (compiling source file '../../../src/MovieMakerCore/HMREngine/DXResources/TextureResourceDX.cpp')
      C:\Users\mcmco\Desktop\WMMR\src\MovieMakerCore\HMREngine\X3DFieldTypes.h(34,9):
      see declaration of 'HMREngine::X3DFieldNode::Release'
  
C:\Users\mcmco\Desktop\WMMR\src\MovieMakerCore\HMREngine\X3DFieldTypes.h(49,9): error C2535: 'HRESULT HMREngine::X3DFieldNode::QueryInterface(const IID &,void **)': member function already defined or declared [C:\Users\mcmco\Desktop\WMMR\build\src\MovieMakerCore\MovieMakerCore.vcxproj]
  (compiling source file '../../../src/MovieMakerCore/HMREngine/DXResources/TextureResourceDX.cpp')
      C:\Users\mcmco\Desktop\WMMR\src\MovieMakerCore\HMREngine\X3DFieldTypes.h(35,9):
      see declaration of 'HMREngine::X3DFieldNode::QueryInterface'
  
C:\Users\mcmco\Desktop\WMMR\src\MovieMakerCore\HMREngine\X3DFieldTypes.h(40,24): error C2440: 'static_cast': cannot convert from 'HMREngine::X3DFieldNode *' to 'IUnknown *' [C:\Users\mcmco\Desktop\WMMR\build\src\MovieMakerCore\MovieMakerCore.vcxproj]
  (compiling source file '../../../src/MovieMakerCore/HMREngine/DXResources/TextureResourceDX.cpp')
      C:\Users\mcmco\Desktop\WMMR\src\MovieMakerCore\HMREngine\X3DFieldTypes.h(40,24):
      Types pointed to are unrelated; conversion requires reinterpret_cast, C-style cast or parenthesized function-style cast
  
C:\Users\mcmco\Desktop\WMMR\src\MovieMakerCore\HMREngine\DXResources\EngineDX.cpp(824,5): error C2065: 'm_immediateContext': undeclared identifier [C:\Users\mcmco\Desktop\WMMR\build\src\MovieMakerCore\MovieMakerCore.vcxproj]
C:\Users\mcmco\Desktop\WMMR\src\MovieMakerCore\HMREngine\DXResources\EngineDX.cpp(835,19): error C2664: 'HRESULT IWICBitmapEncoder::Initialize(IStream *,WICBitmapEncoderCacheOption)': cannot convert argument 1 from 'const _Elem *' to 'IStream *' [C:\Users\mcmco\Desktop\WMMR\build\src\MovieMakerCore\MovieMakerCore.vcxproj]
C:\Users\mcmco\Desktop\WMMR\src\MovieMakerCore\HMREngine\DXResources\EngineDX.cpp(835,19): error C2664:         with [C:\Users\mcmco\Desktop\WMMR\build\src\MovieMakerCore\MovieMakerCore.vcxproj]
C:\Users\mcmco\Desktop\WMMR\src\MovieMakerCore\HMREngine\DXResources\EngineDX.cpp(835,19): error C2664:         [ [C:\Users\mcmco\Desktop\WMMR\build\src\MovieMakerCore\MovieMakerCore.vcxproj]
C:\Users\mcmco\Desktop\WMMR\src\MovieMakerCore\HMREngine\DXResources\EngineDX.cpp(835,19): error C2664:             _Elem=wchar_t [C:\Users\mcmco\Desktop\WMMR\build\src\MovieMakerCore\MovieMakerCore.vcxproj]
C:\Users\mcmco\Desktop\WMMR\src\MovieMakerCore\HMREngine\DXResources\EngineDX.cpp(835,19): error C2664:         ] [C:\Users\mcmco\Desktop\WMMR\build\src\MovieMakerCore\MovieMakerCore.vcxproj]
      C:\Users\mcmco\Desktop\WMMR\src\MovieMakerCore\HMREngine\DXResources\EngineDX.cpp(835,44):
      Types pointed to are unrelated; conversion requires reinterpret_cast, C-style cast or parenthesized function-style cast
      C:\Program Files (x86)\Windows Kits\10\Include\10.0.26100.0\um\wincodec.h(3712,43):
      see declaration of 'IWICBitmapEncoder::Initialize'
      C:\Users\mcmco\Desktop\WMMR\src\MovieMakerCore\HMREngine\DXResources\EngineDX.cpp(835,19):
      while trying to match the argument list '(const _Elem *, WICBitmapEncoderCacheOption)'
          with
          [
              _Elem=wchar_t
          ]
  
C:\Users\mcmco\Desktop\WMMR\src\MovieMakerCore\HMREngine\DXResources\EngineDX.cpp(852,10): error C2065: 'm_immediateContext': undeclared identifier [C:\Users\mcmco\Desktop\WMMR\build\src\MovieMakerCore\MovieMakerCore.vcxproj]
C:\Users\mcmco\Desktop\WMMR\src\MovieMakerCore\HMREngine\DXResources\EngineDX.cpp(858,5): error C2065: 'm_immediateContext': undeclared identifier [C:\Users\mcmco\Desktop\WMMR\build\src\MovieMakerCore\MovieMakerCore.vcxproj]
C:\Users\mcmco\Desktop\WMMR\src\MovieMakerCore\HMREngine\DXResources\EngineDX.cpp(886,28): error C2039: 'GetBuffer': is not a member of 'ID3D11Device' [C:\Users\mcmco\Desktop\WMMR\build\src\MovieMakerCore\MovieMakerCore.vcxproj]
      C:\Program Files (x86)\Windows Kits\10\Include\10.0.26100.0\um\d3d11.h(14144,5):
      see declaration of 'ID3D11Device'
  
C:\Users\mcmco\Desktop\WMMR\src\MovieMakerCore\HMREngine\DXResources\EngineDX.cpp(899,5): error C2065: 'm_immediateContext': undeclared identifier [C:\Users\mcmco\Desktop\WMMR\build\src\MovieMakerCore\MovieMakerCore.vcxproj]
  X3DGroupingImpls.cpp
C:\Users\mcmco\Desktop\WMMR\src\MovieMakerCore\pch.h(21,9): warning C4005: 'WINVER': macro redefinition [C:\Users\mcmco\Desktop\WMMR\build\src\MovieMakerCore\MovieMakerCore.vcxproj]
  (compiling source file '../../../src/MovieMakerCore/HMREngine/X3DNodeImpls/X3DGroupingImpls.cpp')
      C:\Users\mcmco\Desktop\WMMR\src\MovieMakerCore\pch.h(21,9):
      'WINVER' previously declared on the command line
  
C:\Users\mcmco\Desktop\WMMR\src\MovieMakerCore\pch.h(22,9): warning C4005: '_WIN32_WINNT': macro redefinition [C:\Users\mcmco\Desktop\WMMR\build\src\MovieMakerCore\MovieMakerCore.vcxproj]
  (compiling source file '../../../src/MovieMakerCore/HMREngine/X3DNodeImpls/X3DGroupingImpls.cpp')
      C:\Users\mcmco\Desktop\WMMR\src\MovieMakerCore\pch.h(22,9):
      '_WIN32_WINNT' previously declared on the command line
  
C:\Users\mcmco\Desktop\WMMR\src\MovieMakerCore\pch.h(30,9): warning C4005: 'WIN32_LEAN_AND_MEAN': macro redefinition [C:\Users\mcmco\Desktop\WMMR\build\src\MovieMakerCore\MovieMakerCore.vcxproj]
  (compiling source file '../../../src/MovieMakerCore/HMREngine/X3DNodeImpls/X3DGroupingImpls.cpp')
      C:\Users\mcmco\Desktop\WMMR\src\MovieMakerCore\pch.h(30,9):
      'WIN32_LEAN_AND_MEAN' previously declared on the command line
  
C:\Users\mcmco\Desktop\WMMR\src\MovieMakerCore\pch.h(31,9): warning C4005: 'NOMINMAX': macro redefinition [C:\Users\mcmco\Desktop\WMMR\build\src\MovieMakerCore\MovieMakerCore.vcxproj]
  (compiling source file '../../../src/MovieMakerCore/HMREngine/X3DNodeImpls/X3DGroupingImpls.cpp')
      C:\Users\mcmco\Desktop\WMMR\src\MovieMakerCore\pch.h(31,9):
      'NOMINMAX' previously declared on the command line
  
C:\Users\mcmco\Desktop\WMMR\src\MovieMakerCore\pch.h(32,9): warning C4005: '_CRT_SECURE_NO_WARNINGS': macro redefinition [C:\Users\mcmco\Desktop\WMMR\build\src\MovieMakerCore\MovieMakerCore.vcxproj]
  (compiling source file '../../../src/MovieMakerCore/HMREngine/X3DNodeImpls/X3DGroupingImpls.cpp')
      C:\Users\mcmco\Desktop\WMMR\src\MovieMakerCore\pch.h(32,9):
      '_CRT_SECURE_NO_WARNINGS' previously declared on the command line
  
C:\Users\mcmco\Desktop\WMMR\src\MovieMakerCore\pch.h(33,9): warning C4005: '_WINDLL': macro redefinition [C:\Users\mcmco\Desktop\WMMR\build\src\MovieMakerCore\MovieMakerCore.vcxproj]
  (compiling source file '../../../src/MovieMakerCore/HMREngine/X3DNodeImpls/X3DGroupingImpls.cpp')
      C:\Users\mcmco\Desktop\WMMR\src\MovieMakerCore\pch.h(33,9):
      '_WINDLL' previously declared on the command line
  
C:\Users\mcmco\Desktop\WMMR\src\MovieMakerCore\pch.h(34,9): warning C4005: '_AFXDLL': macro redefinition [C:\Users\mcmco\Desktop\WMMR\build\src\MovieMakerCore\MovieMakerCore.vcxproj]
  (compiling source file '../../../src/MovieMakerCore/HMREngine/X3DNodeImpls/X3DGroupingImpls.cpp')
      C:\Users\mcmco\Desktop\WMMR\src\MovieMakerCore\pch.h(34,9):
      '_AFXDLL' previously declared on the command line
  
C:\Users\mcmco\Desktop\WMMR\src\MovieMakerCore\pch.h(35,9): warning C4005: '_ATL_CSTRING_EXPLICIT_CONSTRUCTORS': macro redefinition [C:\Users\mcmco\Desktop\WMMR\build\src\MovieMakerCore\MovieMakerCore.vcxproj]
  (compiling source file '../../../src/MovieMakerCore/HMREngine/X3DNodeImpls/X3DGroupingImpls.cpp')
      C:\Users\mcmco\Desktop\WMMR\src\MovieMakerCore\pch.h(35,9):
      '_ATL_CSTRING_EXPLICIT_CONSTRUCTORS' previously declared on the command line
  
C:\Users\mcmco\Desktop\WMMR\src\MovieMakerCore\pch.h(36,9): warning C4005: '_ATL_ALL_WARNINGS': macro redefinition [C:\Users\mcmco\Desktop\WMMR\build\src\MovieMakerCore\MovieMakerCore.vcxproj]
  (compiling source file '../../../src/MovieMakerCore/HMREngine/X3DNodeImpls/X3DGroupingImpls.cpp')
      C:\Users\mcmco\Desktop\WMMR\src\MovieMakerCore\pch.h(36,9):
      '_ATL_ALL_WARNINGS' previously declared on the command line
  
C:\Users\mcmco\Desktop\WMMR\src\MovieMakerCore\HMREngine\DXResources\DXResources.h(98,27): error C3646: 'Formats': unknown override specifier [C:\Users\mcmco\Desktop\WMMR\build\src\MovieMakerCore\MovieMakerCore.vcxproj]
  (compiling source file '../../../src/MovieMakerCore/HMREngine/DXResources/TextureResourceDX.cpp')
  
C:\Users\mcmco\Desktop\WMMR\src\MovieMakerCore\HMREngine\DXResources\TextureResourceDX.h(11,42): error C2504: 'HMREngine::DX::DeviceClientDXImpl': base class undefined [C:\Users\mcmco\Desktop\WMMR\build\src\MovieMakerCore\MovieMakerCore.vcxproj]
  (compiling source file '../../../src/MovieMakerCore/HMREngine/DXResources/TextureResourceDX.cpp')
  
C:\Users\mcmco\Desktop\WMMR\src\MovieMakerCore\HMREngine\DXResources\TextureResourceDX.h(66,48): error C2504: 'HMREngine::DX::DeviceClientDXImpl': base class undefined [C:\Users\mcmco\Desktop\WMMR\build\src\MovieMakerCore\MovieMakerCore.vcxproj]
  (compiling source file '../../../src/MovieMakerCore/HMREngine/DXResources/TextureResourceDX.cpp')
  
C:\Users\mcmco\Desktop\WMMR\src\MovieMakerCore\HMREngine\DXResources\TextureResourceDX.cpp(58,19): error C2065: 'm_device': undeclared identifier [C:\Users\mcmco\Desktop\WMMR\build\src\MovieMakerCore\MovieMakerCore.vcxproj]
C:\Users\mcmco\Desktop\WMMR\src\MovieMakerCore\HMREngine\DXResources\TextureResourceDX.cpp(82,18): error C2065: 'm_device': undeclared identifier [C:\Users\mcmco\Desktop\WMMR\build\src\MovieMakerCore\MovieMakerCore.vcxproj]
C:\Users\mcmco\Desktop\WMMR\src\MovieMakerCore\HMREngine\DXResources\TextureResourceDX.cpp(92,10): error C2065: 'm_device': undeclared identifier [C:\Users\mcmco\Desktop\WMMR\build\src\MovieMakerCore\MovieMakerCore.vcxproj]
C:\Users\mcmco\Desktop\WMMR\src\MovieMakerCore\HMREngine\DXResources\TextureResourceDX.cpp(110,18): error C2065: 'm_device': undeclared identifier [C:\Users\mcmco\Desktop\WMMR\build\src\MovieMakerCore\MovieMakerCore.vcxproj]
C:\Users\mcmco\Desktop\WMMR\src\MovieMakerCore\HMREngine\DXResources\TextureResourceDX.cpp(182,13): error C2664: 'HRESULT IStream::Seek(LARGE_INTEGER,DWORD,ULARGE_INTEGER *)': cannot convert argument 1 from 'ULARGE_INTEGER' to 'LARGE_INTEGER' [C:\Users\mcmco\Desktop\WMMR\build\src\MovieMakerCore\MovieMakerCore.vcxproj]
      C:\Users\mcmco\Desktop\WMMR\src\MovieMakerCore\HMREngine\DXResources\TextureResourceDX.cpp(182,18):
      No user-defined-conversion operator available that can perform this conversion, or the operator cannot be called
      C:\Program Files (x86)\Windows Kits\10\Include\10.0.26100.0\um\objidl.h(2731,57):
      see declaration of 'IStream::Seek'
      C:\Users\mcmco\Desktop\WMMR\src\MovieMakerCore\HMREngine\DXResources\TextureResourceDX.cpp(182,13):
      while trying to match the argument list '(ULARGE_INTEGER, tagSTREAM_SEEK, nullptr)'
  
C:\Users\mcmco\Desktop\WMMR\src\MovieMakerCore\HMREngine\DXResources\TextureResourceDX.cpp(231,12): error C2065: 'm_device': undeclared identifier [C:\Users\mcmco\Desktop\WMMR\build\src\MovieMakerCore\MovieMakerCore.vcxproj]
C:\Users\mcmco\Desktop\WMMR\src\MovieMakerCore\HMREngine\DXResources\TextureResourceDX.cpp(335,10): error C2065: 'm_device': undeclared identifier [C:\Users\mcmco\Desktop\WMMR\build\src\MovieMakerCore\MovieMakerCore.vcxproj]
C:\Users\mcmco\Desktop\WMMR\src\MovieMakerCore\HMREngine\DXResources\TextureResourceDX.cpp(347,13): error C2039: 'InitializeDevice': is not a member of 'HMREngine::DX::TextureResourceDX' [C:\Users\mcmco\Desktop\WMMR\build\src\MovieMakerCore\MovieMakerCore.vcxproj]
      C:\Users\mcmco\Desktop\WMMR\src\MovieMakerCore\HMREngine\DXResources\TextureResourceDX.h(11,15):
      see declaration of 'HMREngine::DX::TextureResourceDX'
  
C:\Users\mcmco\Desktop\WMMR\src\MovieMakerCore\HMREngine\DXResources\TextureResourceDX.cpp(347,30): error C2065: 'm_device': undeclared identifier [C:\Users\mcmco\Desktop\WMMR\build\src\MovieMakerCore\MovieMakerCore.vcxproj]
C:\Users\mcmco\Desktop\WMMR\src\MovieMakerCore\HMREngine\DXResources\TextureResourceDX.cpp(347,40): error C2065: 'm_context': undeclared identifier [C:\Users\mcmco\Desktop\WMMR\build\src\MovieMakerCore\MovieMakerCore.vcxproj]
C:\Users\mcmco\Desktop\WMMR\src\MovieMakerCore\HMREngine\DXResources\TextureResourceDX.cpp(367,10): error C2065: 'm_device': undeclared identifier [C:\Users\mcmco\Desktop\WMMR\build\src\MovieMakerCore\MovieMakerCore.vcxproj]
C:\Users\mcmco\Desktop\WMMR\src\MovieMakerCore\HMREngine\DXResources\TextureResourceDX.cpp(372,14): error C2039: 'InitializeDevice': is not a member of 'HMREngine::DX::TextureResourceDX' [C:\Users\mcmco\Desktop\WMMR\build\src\MovieMakerCore\MovieMakerCore.vcxproj]
      C:\Users\mcmco\Desktop\WMMR\src\MovieMakerCore\HMREngine\DXResources\TextureResourceDX.h(11,15):
      see declaration of 'HMREngine::DX::TextureResourceDX'
  
C:\Users\mcmco\Desktop\WMMR\src\MovieMakerCore\HMREngine\DXResources\TextureResourceDX.cpp(372,31): error C2065: 'm_device': undeclared identifier [C:\Users\mcmco\Desktop\WMMR\build\src\MovieMakerCore\MovieMakerCore.vcxproj]
C:\Users\mcmco\Desktop\WMMR\src\MovieMakerCore\HMREngine\DXResources\TextureResourceDX.cpp(372,41): error C2065: 'm_context': undeclared identifier [C:\Users\mcmco\Desktop\WMMR\build\src\MovieMakerCore\MovieMakerCore.vcxproj]
C:\Users\mcmco\Desktop\WMMR\src\MovieMakerCore\HMREngine\DXResources\TextureResourceDX.cpp(402,14): error C2065: 'm_device': undeclared identifier [C:\Users\mcmco\Desktop\WMMR\build\src\MovieMakerCore\MovieMakerCore.vcxproj]
C:\Users\mcmco\Desktop\WMMR\src\MovieMakerCore\HMREngine\DXResources\TextureResourceDX.cpp(405,14): error C2065: 'm_device': undeclared identifier [C:\Users\mcmco\Desktop\WMMR\build\src\MovieMakerCore\MovieMakerCore.vcxproj]
  X3DAppearanceImpls.cpp
C:\Users\mcmco\Desktop\WMMR\src\MovieMakerCore\pch.h(21,9): warning C4005: 'WINVER': macro redefinition [C:\Users\mcmco\Desktop\WMMR\build\src\MovieMakerCore\MovieMakerCore.vcxproj]
  (compiling source file '../../../src/MovieMakerCore/HMREngine/X3DNodeImpls/X3DAppearanceImpls.cpp')
      C:\Users\mcmco\Desktop\WMMR\src\MovieMakerCore\pch.h(21,9):
      'WINVER' previously declared on the command line
  
C:\Users\mcmco\Desktop\WMMR\src\MovieMakerCore\pch.h(22,9): warning C4005: '_WIN32_WINNT': macro redefinition [C:\Users\mcmco\Desktop\WMMR\build\src\MovieMakerCore\MovieMakerCore.vcxproj]
  (compiling source file '../../../src/MovieMakerCore/HMREngine/X3DNodeImpls/X3DAppearanceImpls.cpp')
      C:\Users\mcmco\Desktop\WMMR\src\MovieMakerCore\pch.h(22,9):
      '_WIN32_WINNT' previously declared on the command line
  
C:\Users\mcmco\Desktop\WMMR\src\MovieMakerCore\pch.h(30,9): warning C4005: 'WIN32_LEAN_AND_MEAN': macro redefinition [C:\Users\mcmco\Desktop\WMMR\build\src\MovieMakerCore\MovieMakerCore.vcxproj]
  (compiling source file '../../../src/MovieMakerCore/HMREngine/X3DNodeImpls/X3DAppearanceImpls.cpp')
      C:\Users\mcmco\Desktop\WMMR\src\MovieMakerCore\pch.h(30,9):
      'WIN32_LEAN_AND_MEAN' previously declared on the command line
  
C:\Users\mcmco\Desktop\WMMR\src\MovieMakerCore\pch.h(31,9): warning C4005: 'NOMINMAX': macro redefinition [C:\Users\mcmco\Desktop\WMMR\build\src\MovieMakerCore\MovieMakerCore.vcxproj]
  (compiling source file '../../../src/MovieMakerCore/HMREngine/X3DNodeImpls/X3DAppearanceImpls.cpp')
      C:\Users\mcmco\Desktop\WMMR\src\MovieMakerCore\pch.h(31,9):
      'NOMINMAX' previously declared on the command line
  
C:\Users\mcmco\Desktop\WMMR\src\MovieMakerCore\pch.h(32,9): warning C4005: '_CRT_SECURE_NO_WARNINGS': macro redefinition [C:\Users\mcmco\Desktop\WMMR\build\src\MovieMakerCore\MovieMakerCore.vcxproj]
  (compiling source file '../../../src/MovieMakerCore/HMREngine/X3DNodeImpls/X3DAppearanceImpls.cpp')
      C:\Users\mcmco\Desktop\WMMR\src\MovieMakerCore\pch.h(32,9):
      '_CRT_SECURE_NO_WARNINGS' previously declared on the command line
  
C:\Users\mcmco\Desktop\WMMR\src\MovieMakerCore\pch.h(33,9): warning C4005: '_WINDLL': macro redefinition [C:\Users\mcmco\Desktop\WMMR\build\src\MovieMakerCore\MovieMakerCore.vcxproj]
  (compiling source file '../../../src/MovieMakerCore/HMREngine/X3DNodeImpls/X3DAppearanceImpls.cpp')
      C:\Users\mcmco\Desktop\WMMR\src\MovieMakerCore\pch.h(33,9):
      '_WINDLL' previously declared on the command line
  
C:\Users\mcmco\Desktop\WMMR\src\MovieMakerCore\pch.h(34,9): warning C4005: '_AFXDLL': macro redefinition [C:\Users\mcmco\Desktop\WMMR\build\src\MovieMakerCore\MovieMakerCore.vcxproj]
  (compiling source file '../../../src/MovieMakerCore/HMREngine/X3DNodeImpls/X3DAppearanceImpls.cpp')
      C:\Users\mcmco\Desktop\WMMR\src\MovieMakerCore\pch.h(34,9):
      '_AFXDLL' previously declared on the command line
  
C:\Users\mcmco\Desktop\WMMR\src\MovieMakerCore\pch.h(35,9): warning C4005: '_ATL_CSTRING_EXPLICIT_CONSTRUCTORS': macro redefinition [C:\Users\mcmco\Desktop\WMMR\build\src\MovieMakerCore\MovieMakerCore.vcxproj]
  (compiling source file '../../../src/MovieMakerCore/HMREngine/X3DNodeImpls/X3DAppearanceImpls.cpp')
      C:\Users\mcmco\Desktop\WMMR\src\MovieMakerCore\pch.h(35,9):
      '_ATL_CSTRING_EXPLICIT_CONSTRUCTORS' previously declared on the command line
  
C:\Users\mcmco\Desktop\WMMR\src\MovieMakerCore\pch.h(36,9): warning C4005: '_ATL_ALL_WARNINGS': macro redefinition [C:\Users\mcmco\Desktop\WMMR\build\src\MovieMakerCore\MovieMakerCore.vcxproj]
  (compiling source file '../../../src/MovieMakerCore/HMREngine/X3DNodeImpls/X3DAppearanceImpls.cpp')
      C:\Users\mcmco\Desktop\WMMR\src\MovieMakerCore\pch.h(36,9):
      '_ATL_ALL_WARNINGS' previously declared on the command line
  
C:\Users\mcmco\Desktop\WMMR\src\WTL\atlprint.h(809,25): warning C4100: 'dc': unreferenced parameter [C:\Users\mcmco\Desktop\WMMR\build\src\MovieMakerCore\MovieMakerCore.vcxproj]
  (compiling source file '../../../src/MovieMakerCore/HMREngine/DXResources/MeshResourceDX.cpp')
  
C:\Users\mcmco\Desktop\WMMR\src\WTL\atlprint.h(809,25): warning C4100: 'dc': unreferenced parameter [C:\Users\mcmco\Desktop\WMMR\build\src\MovieMakerCore\MovieMakerCore.vcxproj]
  (compiling source file '../../../src/MovieMakerCore/HMREngine/DXResources/EffectResourceDX.cpp')
  
C:\Users\mcmco\Desktop\WMMR\src\WTL\atlprint.h(809,25): warning C4100: 'dc': unreferenced parameter [C:\Users\mcmco\Desktop\WMMR\build\src\MovieMakerCore\MovieMakerCore.vcxproj]
  (compiling source file '../../../src/MovieMakerCore/HMREngine/DXResources/ResourceCacheDX.cpp')
  
C:\Users\mcmco\Desktop\WMMR\src\WTL\atlprint.h(809,25): warning C4100: 'dc': unreferenced parameter [C:\Users\mcmco\Desktop\WMMR\build\src\MovieMakerCore\MovieMakerCore.vcxproj]
  (compiling source file '../../../src/MovieMakerCore/HMREngine/DXResources/TextResourceDX.cpp')
  
C:\Users\mcmco\Desktop\WMMR\src\WTL\atlprint.h(809,25): warning C4100: 'dc': unreferenced parameter [C:\Users\mcmco\Desktop\WMMR\build\src\MovieMakerCore\MovieMakerCore.vcxproj]
  (compiling source file '../../../src/MovieMakerCore/HMREngine/DXResources/RenderLoopDX.cpp')
  
C:\Users\mcmco\Desktop\WMMR\src\WTL\atlprint.h(809,25): warning C4100: 'dc': unreferenced parameter [C:\Users\mcmco\Desktop\WMMR\build\src\MovieMakerCore\MovieMakerCore.vcxproj]
  (compiling source file '../../../src/MovieMakerCore/HMREngine/X3DNodeImpls/X3DNodeImplBase.cpp')
  
C:\Users\mcmco\Desktop\WMMR\src\WTL\atlprint.h(809,25): warning C4100: 'dc': unreferenced parameter [C:\Users\mcmco\Desktop\WMMR\build\src\MovieMakerCore\MovieMakerCore.vcxproj]
  (compiling source file '../../../src/MovieMakerCore/HMREngine/X3DNodeImpls/X3DGroupingImpls.cpp')
  
C:\Users\mcmco\Desktop\WMMR\src\WLXPhotoBase\BaseTypes.h(536,18): warning C4251: 'Base::File::m_strPath': 'ATL::CStringT<wchar_t,ATL::StrTraitATL<wchar_t,ATL::ChTraitsCRT<wchar_t>>>' needs to have dll-interface to be used by clients of 'Base::File' [C:\Users\mcmco\Desktop\WMMR\build\src\MovieMakerCore\MovieMakerCore.vcxproj]
  (compiling source file '../../../src/MovieMakerCore/HMREngine/DXResources/MeshResourceDX.cpp')
      C:\Program Files (x86)\Microsoft Visual Studio\2022\BuildTools\VC\Tools\MSVC\14.44.35207\atlmfc\include\cstringt.h(999,7):
      see declaration of 'ATL::CStringT<wchar_t,ATL::StrTraitATL<wchar_t,ATL::ChTraitsCRT<wchar_t>>>'
  
C:\Users\mcmco\Desktop\WMMR\src\WLXPhotoBase\BaseTypes.h(568,18): warning C4251: 'Base::TempFile::m_strPath': 'ATL::CStringT<wchar_t,ATL::StrTraitATL<wchar_t,ATL::ChTraitsCRT<wchar_t>>>' needs to have dll-interface to be used by clients of 'Base::TempFile' [C:\Users\mcmco\Desktop\WMMR\build\src\MovieMakerCore\MovieMakerCore.vcxproj]
  (compiling source file '../../../src/MovieMakerCore/HMREngine/DXResources/MeshResourceDX.cpp')
      C:\Program Files (x86)\Microsoft Visual Studio\2022\BuildTools\VC\Tools\MSVC\14.44.35207\atlmfc\include\cstringt.h(999,7):
      see declaration of 'ATL::CStringT<wchar_t,ATL::StrTraitATL<wchar_t,ATL::ChTraitsCRT<wchar_t>>>'
  
C:\Users\mcmco\Desktop\WMMR\src\WLXPhotoBase\BaseTypes.h(661,21): warning C4251: 'Base::FindFile::m_strDirectory': 'ATL::CStringT<wchar_t,ATL::StrTraitATL<wchar_t,ATL::ChTraitsCRT<wchar_t>>>' needs to have dll-interface to be used by clients of 'Base::FindFile' [C:\Users\mcmco\Desktop\WMMR\build\src\MovieMakerCore\MovieMakerCore.vcxproj]
  (compiling source file '../../../src/MovieMakerCore/HMREngine/DXResources/MeshResourceDX.cpp')
      C:\Program Files (x86)\Microsoft Visual Studio\2022\BuildTools\VC\Tools\MSVC\14.44.35207\atlmfc\include\cstringt.h(999,7):
      see declaration of 'ATL::CStringT<wchar_t,ATL::StrTraitATL<wchar_t,ATL::ChTraitsCRT<wchar_t>>>'
  
C:\Users\mcmco\Desktop\WMMR\src\WLXPhotoBase\BaseTypes.h(724,25): warning C4251: 'Base::IntSet::m_values': 'ATL::CAtlArray<int,ATL::CElementTraits<int>>' needs to have dll-interface to be used by clients of 'Base::IntSet' [C:\Users\mcmco\Desktop\WMMR\build\src\MovieMakerCore\MovieMakerCore.vcxproj]
  (compiling source file '../../../src/MovieMakerCore/HMREngine/DXResources/MeshResourceDX.cpp')
      C:\Program Files (x86)\Microsoft Visual Studio\2022\BuildTools\VC\Tools\MSVC\14.44.35207\atlmfc\include\atlcoll.h(530,7):
      see declaration of 'ATL::CAtlArray<int,ATL::CElementTraits<int>>'
  
C:\Users\mcmco\Desktop\WMMR\src\WLXPhotoBase\BaseTypes.h(536,18): warning C4251: 'Base::File::m_strPath': 'ATL::CStringT<wchar_t,ATL::StrTraitATL<wchar_t,ATL::ChTraitsCRT<wchar_t>>>' needs to have dll-interface to be used by clients of 'Base::File' [C:\Users\mcmco\Desktop\WMMR\build\src\MovieMakerCore\MovieMakerCore.vcxproj]
  (compiling source file '../../../src/MovieMakerCore/HMREngine/DXResources/EffectResourceDX.cpp')
      C:\Program Files (x86)\Microsoft Visual Studio\2022\BuildTools\VC\Tools\MSVC\14.44.35207\atlmfc\include\cstringt.h(999,7):
      see declaration of 'ATL::CStringT<wchar_t,ATL::StrTraitATL<wchar_t,ATL::ChTraitsCRT<wchar_t>>>'
  
C:\Users\mcmco\Desktop\WMMR\src\WLXPhotoBase\BaseTypes.h(568,18): warning C4251: 'Base::TempFile::m_strPath': 'ATL::CStringT<wchar_t,ATL::StrTraitATL<wchar_t,ATL::ChTraitsCRT<wchar_t>>>' needs to have dll-interface to be used by clients of 'Base::TempFile' [C:\Users\mcmco\Desktop\WMMR\build\src\MovieMakerCore\MovieMakerCore.vcxproj]
  (compiling source file '../../../src/MovieMakerCore/HMREngine/DXResources/EffectResourceDX.cpp')
      C:\Program Files (x86)\Microsoft Visual Studio\2022\BuildTools\VC\Tools\MSVC\14.44.35207\atlmfc\include\cstringt.h(999,7):
      see declaration of 'ATL::CStringT<wchar_t,ATL::StrTraitATL<wchar_t,ATL::ChTraitsCRT<wchar_t>>>'
  
C:\Users\mcmco\Desktop\WMMR\src\WLXPhotoBase\BaseTypes.h(661,21): warning C4251: 'Base::FindFile::m_strDirectory': 'ATL::CStringT<wchar_t,ATL::StrTraitATL<wchar_t,ATL::ChTraitsCRT<wchar_t>>>' needs to have dll-interface to be used by clients of 'Base::FindFile' [C:\Users\mcmco\Desktop\WMMR\build\src\MovieMakerCore\MovieMakerCore.vcxproj]
  (compiling source file '../../../src/MovieMakerCore/HMREngine/DXResources/EffectResourceDX.cpp')
      C:\Program Files (x86)\Microsoft Visual Studio\2022\BuildTools\VC\Tools\MSVC\14.44.35207\atlmfc\include\cstringt.h(999,7):
      see declaration of 'ATL::CStringT<wchar_t,ATL::StrTraitATL<wchar_t,ATL::ChTraitsCRT<wchar_t>>>'
  
C:\Users\mcmco\Desktop\WMMR\src\WLXPhotoBase\BaseTypes.h(724,25): warning C4251: 'Base::IntSet::m_values': 'ATL::CAtlArray<int,ATL::CElementTraits<int>>' needs to have dll-interface to be used by clients of 'Base::IntSet' [C:\Users\mcmco\Desktop\WMMR\build\src\MovieMakerCore\MovieMakerCore.vcxproj]
  (compiling source file '../../../src/MovieMakerCore/HMREngine/DXResources/EffectResourceDX.cpp')
      C:\Program Files (x86)\Microsoft Visual Studio\2022\BuildTools\VC\Tools\MSVC\14.44.35207\atlmfc\include\atlcoll.h(530,7):
      see declaration of 'ATL::CAtlArray<int,ATL::CElementTraits<int>>'
  
C:\Users\mcmco\Desktop\WMMR\src\WTL\atlprint.h(809,25): warning C4100: 'dc': unreferenced parameter [C:\Users\mcmco\Desktop\WMMR\build\src\MovieMakerCore\MovieMakerCore.vcxproj]
  (compiling source file '../../../src/MovieMakerCore/HMREngine/X3DNodeImpls/X3DAppearanceImpls.cpp')
  
C:\Users\mcmco\Desktop\WMMR\src\WLXPhotoBase\BaseTypes.h(536,18): warning C4251: 'Base::File::m_strPath': 'ATL::CStringT<wchar_t,ATL::StrTraitATL<wchar_t,ATL::ChTraitsCRT<wchar_t>>>' needs to have dll-interface to be used by clients of 'Base::File' [C:\Users\mcmco\Desktop\WMMR\build\src\MovieMakerCore\MovieMakerCore.vcxproj]
  (compiling source file '../../../src/MovieMakerCore/HMREngine/DXResources/RenderLoopDX.cpp')
      C:\Program Files (x86)\Microsoft Visual Studio\2022\BuildTools\VC\Tools\MSVC\14.44.35207\atlmfc\include\cstringt.h(999,7):
      see declaration of 'ATL::CStringT<wchar_t,ATL::StrTraitATL<wchar_t,ATL::ChTraitsCRT<wchar_t>>>'
  
C:\Users\mcmco\Desktop\WMMR\src\WLXPhotoBase\BaseTypes.h(536,18): warning C4251: 'Base::File::m_strPath': 'ATL::CStringT<wchar_t,ATL::StrTraitATL<wchar_t,ATL::ChTraitsCRT<wchar_t>>>' needs to have dll-interface to be used by clients of 'Base::File' [C:\Users\mcmco\Desktop\WMMR\build\src\MovieMakerCore\MovieMakerCore.vcxproj]
  (compiling source file '../../../src/MovieMakerCore/HMREngine/DXResources/TextResourceDX.cpp')
      C:\Program Files (x86)\Microsoft Visual Studio\2022\BuildTools\VC\Tools\MSVC\14.44.35207\atlmfc\include\cstringt.h(999,7):
      see declaration of 'ATL::CStringT<wchar_t,ATL::StrTraitATL<wchar_t,ATL::ChTraitsCRT<wchar_t>>>'
  
C:\Users\mcmco\Desktop\WMMR\src\WLXPhotoBase\BaseTypes.h(568,18): warning C4251: 'Base::TempFile::m_strPath': 'ATL::CStringT<wchar_t,ATL::StrTraitATL<wchar_t,ATL::ChTraitsCRT<wchar_t>>>' needs to have dll-interface to be used by clients of 'Base::TempFile' [C:\Users\mcmco\Desktop\WMMR\build\src\MovieMakerCore\MovieMakerCore.vcxproj]
  (compiling source file '../../../src/MovieMakerCore/HMREngine/DXResources/RenderLoopDX.cpp')
      C:\Program Files (x86)\Microsoft Visual Studio\2022\BuildTools\VC\Tools\MSVC\14.44.35207\atlmfc\include\cstringt.h(999,7):
      see declaration of 'ATL::CStringT<wchar_t,ATL::StrTraitATL<wchar_t,ATL::ChTraitsCRT<wchar_t>>>'
  
C:\Users\mcmco\Desktop\WMMR\src\WLXPhotoBase\BaseTypes.h(568,18): warning C4251: 'Base::TempFile::m_strPath': 'ATL::CStringT<wchar_t,ATL::StrTraitATL<wchar_t,ATL::ChTraitsCRT<wchar_t>>>' needs to have dll-interface to be used by clients of 'Base::TempFile' [C:\Users\mcmco\Desktop\WMMR\build\src\MovieMakerCore\MovieMakerCore.vcxproj]
  (compiling source file '../../../src/MovieMakerCore/HMREngine/DXResources/TextResourceDX.cpp')
      C:\Program Files (x86)\Microsoft Visual Studio\2022\BuildTools\VC\Tools\MSVC\14.44.35207\atlmfc\include\cstringt.h(999,7):
      see declaration of 'ATL::CStringT<wchar_t,ATL::StrTraitATL<wchar_t,ATL::ChTraitsCRT<wchar_t>>>'
  
C:\Users\mcmco\Desktop\WMMR\src\WLXPhotoBase\BaseTypes.h(661,21): warning C4251: 'Base::FindFile::m_strDirectory': 'ATL::CStringT<wchar_t,ATL::StrTraitATL<wchar_t,ATL::ChTraitsCRT<wchar_t>>>' needs to have dll-interface to be used by clients of 'Base::FindFile' [C:\Users\mcmco\Desktop\WMMR\build\src\MovieMakerCore\MovieMakerCore.vcxproj]
  (compiling source file '../../../src/MovieMakerCore/HMREngine/DXResources/TextResourceDX.cpp')
      C:\Program Files (x86)\Microsoft Visual Studio\2022\BuildTools\VC\Tools\MSVC\14.44.35207\atlmfc\include\cstringt.h(999,7):
      see declaration of 'ATL::CStringT<wchar_t,ATL::StrTraitATL<wchar_t,ATL::ChTraitsCRT<wchar_t>>>'
  
C:\Users\mcmco\Desktop\WMMR\src\WLXPhotoBase\BaseTypes.h(661,21): warning C4251: 'Base::FindFile::m_strDirectory': 'ATL::CStringT<wchar_t,ATL::StrTraitATL<wchar_t,ATL::ChTraitsCRT<wchar_t>>>' needs to have dll-interface to be used by clients of 'Base::FindFile' [C:\Users\mcmco\Desktop\WMMR\build\src\MovieMakerCore\MovieMakerCore.vcxproj]
  (compiling source file '../../../src/MovieMakerCore/HMREngine/DXResources/RenderLoopDX.cpp')
      C:\Program Files (x86)\Microsoft Visual Studio\2022\BuildTools\VC\Tools\MSVC\14.44.35207\atlmfc\include\cstringt.h(999,7):
      see declaration of 'ATL::CStringT<wchar_t,ATL::StrTraitATL<wchar_t,ATL::ChTraitsCRT<wchar_t>>>'
  
C:\Users\mcmco\Desktop\WMMR\src\WLXPhotoBase\BaseTypes.h(724,25): warning C4251: 'Base::IntSet::m_values': 'ATL::CAtlArray<int,ATL::CElementTraits<int>>' needs to have dll-interface to be used by clients of 'Base::IntSet' [C:\Users\mcmco\Desktop\WMMR\build\src\MovieMakerCore\MovieMakerCore.vcxproj]
  (compiling source file '../../../src/MovieMakerCore/HMREngine/DXResources/TextResourceDX.cpp')
      C:\Program Files (x86)\Microsoft Visual Studio\2022\BuildTools\VC\Tools\MSVC\14.44.35207\atlmfc\include\atlcoll.h(530,7):
      see declaration of 'ATL::CAtlArray<int,ATL::CElementTraits<int>>'
  
C:\Users\mcmco\Desktop\WMMR\src\WLXPhotoBase\BaseTypes.h(724,25): warning C4251: 'Base::IntSet::m_values': 'ATL::CAtlArray<int,ATL::CElementTraits<int>>' needs to have dll-interface to be used by clients of 'Base::IntSet' [C:\Users\mcmco\Desktop\WMMR\build\src\MovieMakerCore\MovieMakerCore.vcxproj]
  (compiling source file '../../../src/MovieMakerCore/HMREngine/DXResources/RenderLoopDX.cpp')
      C:\Program Files (x86)\Microsoft Visual Studio\2022\BuildTools\VC\Tools\MSVC\14.44.35207\atlmfc\include\atlcoll.h(530,7):
      see declaration of 'ATL::CAtlArray<int,ATL::CElementTraits<int>>'
  
C:\Users\mcmco\Desktop\WMMR\src\WLXPhotoBase\BaseTypes.h(536,18): warning C4251: 'Base::File::m_strPath': 'ATL::CStringT<wchar_t,ATL::StrTraitATL<wchar_t,ATL::ChTraitsCRT<wchar_t>>>' needs to have dll-interface to be used by clients of 'Base::File' [C:\Users\mcmco\Desktop\WMMR\build\src\MovieMakerCore\MovieMakerCore.vcxproj]
  (compiling source file '../../../src/MovieMakerCore/HMREngine/DXResources/ResourceCacheDX.cpp')
      C:\Program Files (x86)\Microsoft Visual Studio\2022\BuildTools\VC\Tools\MSVC\14.44.35207\atlmfc\include\cstringt.h(999,7):
      see declaration of 'ATL::CStringT<wchar_t,ATL::StrTraitATL<wchar_t,ATL::ChTraitsCRT<wchar_t>>>'
  
C:\Users\mcmco\Desktop\WMMR\src\WLXPhotoBase\BaseTypes.h(568,18): warning C4251: 'Base::TempFile::m_strPath': 'ATL::CStringT<wchar_t,ATL::StrTraitATL<wchar_t,ATL::ChTraitsCRT<wchar_t>>>' needs to have dll-interface to be used by clients of 'Base::TempFile' [C:\Users\mcmco\Desktop\WMMR\build\src\MovieMakerCore\MovieMakerCore.vcxproj]
  (compiling source file '../../../src/MovieMakerCore/HMREngine/DXResources/ResourceCacheDX.cpp')
      C:\Program Files (x86)\Microsoft Visual Studio\2022\BuildTools\VC\Tools\MSVC\14.44.35207\atlmfc\include\cstringt.h(999,7):
      see declaration of 'ATL::CStringT<wchar_t,ATL::StrTraitATL<wchar_t,ATL::ChTraitsCRT<wchar_t>>>'
  
C:\Users\mcmco\Desktop\WMMR\src\WLXPhotoBase\BaseTypes.h(661,21): warning C4251: 'Base::FindFile::m_strDirectory': 'ATL::CStringT<wchar_t,ATL::StrTraitATL<wchar_t,ATL::ChTraitsCRT<wchar_t>>>' needs to have dll-interface to be used by clients of 'Base::FindFile' [C:\Users\mcmco\Desktop\WMMR\build\src\MovieMakerCore\MovieMakerCore.vcxproj]
  (compiling source file '../../../src/MovieMakerCore/HMREngine/DXResources/ResourceCacheDX.cpp')
      C:\Program Files (x86)\Microsoft Visual Studio\2022\BuildTools\VC\Tools\MSVC\14.44.35207\atlmfc\include\cstringt.h(999,7):
      see declaration of 'ATL::CStringT<wchar_t,ATL::StrTraitATL<wchar_t,ATL::ChTraitsCRT<wchar_t>>>'
  
C:\Users\mcmco\Desktop\WMMR\src\WLXPhotoBase\BaseTypes.h(724,25): warning C4251: 'Base::IntSet::m_values': 'ATL::CAtlArray<int,ATL::CElementTraits<int>>' needs to have dll-interface to be used by clients of 'Base::IntSet' [C:\Users\mcmco\Desktop\WMMR\build\src\MovieMakerCore\MovieMakerCore.vcxproj]
  (compiling source file '../../../src/MovieMakerCore/HMREngine/DXResources/ResourceCacheDX.cpp')
      C:\Program Files (x86)\Microsoft Visual Studio\2022\BuildTools\VC\Tools\MSVC\14.44.35207\atlmfc\include\atlcoll.h(530,7):
      see declaration of 'ATL::CAtlArray<int,ATL::CElementTraits<int>>'
  
C:\Users\mcmco\Desktop\WMMR\src\MovieMakerCore\HMREngine\X3DMath.h(232,22): warning C4458: declaration of 'm' hides class member [C:\Users\mcmco\Desktop\WMMR\build\src\MovieMakerCore\MovieMakerCore.vcxproj]
  (compiling source file '../../../src/MovieMakerCore/HMREngine/DXResources/MeshResourceDX.cpp')
      C:\Program Files (x86)\Windows Kits\10\Include\10.0.26100.0\um\DirectXMath.h(973,19):
      see declaration of 'DirectX::XMFLOAT4X4::m'
  
C:\Users\mcmco\Desktop\WMMR\src\MovieMakerCore\HMREngine\X3DMath.h(232,22): warning C4458: declaration of 'm' hides class member [C:\Users\mcmco\Desktop\WMMR\build\src\MovieMakerCore\MovieMakerCore.vcxproj]
  (compiling source file '../../../src/MovieMakerCore/HMREngine/DXResources/EffectResourceDX.cpp')
      C:\Program Files (x86)\Windows Kits\10\Include\10.0.26100.0\um\DirectXMath.h(973,19):
      see declaration of 'DirectX::XMFLOAT4X4::m'
  
C:\Users\mcmco\Desktop\WMMR\src\MovieMakerCore\HMREngine\X3DMath.h(240,22): warning C4458: declaration of 'm' hides class member [C:\Users\mcmco\Desktop\WMMR\build\src\MovieMakerCore\MovieMakerCore.vcxproj]
  (compiling source file '../../../src/MovieMakerCore/HMREngine/DXResources/MeshResourceDX.cpp')
      C:\Program Files (x86)\Windows Kits\10\Include\10.0.26100.0\um\DirectXMath.h(973,19):
      see declaration of 'DirectX::XMFLOAT4X4::m'
  
C:\Users\mcmco\Desktop\WMMR\src\MovieMakerCore\HMREngine\X3DMath.h(240,22): warning C4458: declaration of 'm' hides class member [C:\Users\mcmco\Desktop\WMMR\build\src\MovieMakerCore\MovieMakerCore.vcxproj]
  (compiling source file '../../../src/MovieMakerCore/HMREngine/DXResources/EffectResourceDX.cpp')
      C:\Program Files (x86)\Windows Kits\10\Include\10.0.26100.0\um\DirectXMath.h(973,19):
      see declaration of 'DirectX::XMFLOAT4X4::m'
  
C:\Users\mcmco\Desktop\WMMR\src\MovieMakerCore\HMREngine\X3DMath.h(249,22): warning C4458: declaration of 'm' hides class member [C:\Users\mcmco\Desktop\WMMR\build\src\MovieMakerCore\MovieMakerCore.vcxproj]
  (compiling source file '../../../src/MovieMakerCore/HMREngine/DXResources/MeshResourceDX.cpp')
      C:\Program Files (x86)\Windows Kits\10\Include\10.0.26100.0\um\DirectXMath.h(973,19):
      see declaration of 'DirectX::XMFLOAT4X4::m'
  
C:\Users\mcmco\Desktop\WMMR\src\MovieMakerCore\HMREngine\X3DMath.h(258,22): warning C4458: declaration of 'm' hides class member [C:\Users\mcmco\Desktop\WMMR\build\src\MovieMakerCore\MovieMakerCore.vcxproj]
  (compiling source file '../../../src/MovieMakerCore/HMREngine/DXResources/MeshResourceDX.cpp')
      C:\Program Files (x86)\Windows Kits\10\Include\10.0.26100.0\um\DirectXMath.h(973,19):
      see declaration of 'DirectX::XMFLOAT4X4::m'
  
C:\Users\mcmco\Desktop\WMMR\src\MovieMakerCore\HMREngine\X3DMath.h(249,22): warning C4458: declaration of 'm' hides class member [C:\Users\mcmco\Desktop\WMMR\build\src\MovieMakerCore\MovieMakerCore.vcxproj]
  (compiling source file '../../../src/MovieMakerCore/HMREngine/DXResources/EffectResourceDX.cpp')
      C:\Program Files (x86)\Windows Kits\10\Include\10.0.26100.0\um\DirectXMath.h(973,19):
      see declaration of 'DirectX::XMFLOAT4X4::m'
  
C:\Users\mcmco\Desktop\WMMR\src\MovieMakerCore\HMREngine\X3DMath.h(258,22): warning C4458: declaration of 'm' hides class member [C:\Users\mcmco\Desktop\WMMR\build\src\MovieMakerCore\MovieMakerCore.vcxproj]
  (compiling source file '../../../src/MovieMakerCore/HMREngine/DXResources/EffectResourceDX.cpp')
      C:\Program Files (x86)\Windows Kits\10\Include\10.0.26100.0\um\DirectXMath.h(973,19):
      see declaration of 'DirectX::XMFLOAT4X4::m'
  
C:\Users\mcmco\Desktop\WMMR\src\MovieMakerCore\HMREngine\X3DFieldTypes.h(49,9): error C2535: 'ULONG HMREngine::X3DFieldNode::AddRef(void)': member function already defined or declared [C:\Users\mcmco\Desktop\WMMR\build\src\MovieMakerCore\MovieMakerCore.vcxproj]
  (compiling source file '../../../src/MovieMakerCore/HMREngine/DXResources/MeshResourceDX.cpp')
      C:\Users\mcmco\Desktop\WMMR\src\MovieMakerCore\HMREngine\X3DFieldTypes.h(33,9):
      see declaration of 'HMREngine::X3DFieldNode::AddRef'
  
C:\Users\mcmco\Desktop\WMMR\src\MovieMakerCore\HMREngine\X3DFieldTypes.h(49,9): error C2535: 'ULONG HMREngine::X3DFieldNode::AddRef(void)': member function already defined or declared [C:\Users\mcmco\Desktop\WMMR\build\src\MovieMakerCore\MovieMakerCore.vcxproj]
  (compiling source file '../../../src/MovieMakerCore/HMREngine/DXResources/EffectResourceDX.cpp')
      C:\Users\mcmco\Desktop\WMMR\src\MovieMakerCore\HMREngine\X3DFieldTypes.h(33,9):
      see declaration of 'HMREngine::X3DFieldNode::AddRef'
  
C:\Users\mcmco\Desktop\WMMR\src\MovieMakerCore\HMREngine\X3DFieldTypes.h(49,9): error C2535: 'ULONG HMREngine::X3DFieldNode::Release(void)': member function already defined or declared [C:\Users\mcmco\Desktop\WMMR\build\src\MovieMakerCore\MovieMakerCore.vcxproj]
  (compiling source file '../../../src/MovieMakerCore/HMREngine/DXResources/EffectResourceDX.cpp')
      C:\Users\mcmco\Desktop\WMMR\src\MovieMakerCore\HMREngine\X3DFieldTypes.h(34,9):
      see declaration of 'HMREngine::X3DFieldNode::Release'
  
C:\Users\mcmco\Desktop\WMMR\src\MovieMakerCore\HMREngine\X3DFieldTypes.h(49,9): error C2535: 'HRESULT HMREngine::X3DFieldNode::QueryInterface(const IID &,void **)': member function already defined or declared [C:\Users\mcmco\Desktop\WMMR\build\src\MovieMakerCore\MovieMakerCore.vcxproj]
  (compiling source file '../../../src/MovieMakerCore/HMREngine/DXResources/EffectResourceDX.cpp')
      C:\Users\mcmco\Desktop\WMMR\src\MovieMakerCore\HMREngine\X3DFieldTypes.h(35,9):
      see declaration of 'HMREngine::X3DFieldNode::QueryInterface'
  
C:\Users\mcmco\Desktop\WMMR\src\MovieMakerCore\HMREngine\X3DFieldTypes.h(40,24): error C2440: 'static_cast': cannot convert from 'HMREngine::X3DFieldNode *' to 'IUnknown *' [C:\Users\mcmco\Desktop\WMMR\build\src\MovieMakerCore\MovieMakerCore.vcxproj]
  (compiling source file '../../../src/MovieMakerCore/HMREngine/DXResources/EffectResourceDX.cpp')
      C:\Users\mcmco\Desktop\WMMR\src\MovieMakerCore\HMREngine\X3DFieldTypes.h(40,24):
      Types pointed to are unrelated; conversion requires reinterpret_cast, C-style cast or parenthesized function-style cast
  
C:\Users\mcmco\Desktop\WMMR\src\MovieMakerCore\HMREngine\X3DFieldTypes.h(49,9): error C2535: 'ULONG HMREngine::X3DFieldNode::Release(void)': member function already defined or declared [C:\Users\mcmco\Desktop\WMMR\build\src\MovieMakerCore\MovieMakerCore.vcxproj]
  (compiling source file '../../../src/MovieMakerCore/HMREngine/DXResources/MeshResourceDX.cpp')
      C:\Users\mcmco\Desktop\WMMR\src\MovieMakerCore\HMREngine\X3DFieldTypes.h(34,9):
      see declaration of 'HMREngine::X3DFieldNode::Release'
  
C:\Users\mcmco\Desktop\WMMR\src\MovieMakerCore\HMREngine\X3DFieldTypes.h(49,9): error C2535: 'HRESULT HMREngine::X3DFieldNode::QueryInterface(const IID &,void **)': member function already defined or declared [C:\Users\mcmco\Desktop\WMMR\build\src\MovieMakerCore\MovieMakerCore.vcxproj]
  (compiling source file '../../../src/MovieMakerCore/HMREngine/DXResources/MeshResourceDX.cpp')
      C:\Users\mcmco\Desktop\WMMR\src\MovieMakerCore\HMREngine\X3DFieldTypes.h(35,9):
      see declaration of 'HMREngine::X3DFieldNode::QueryInterface'
  
C:\Users\mcmco\Desktop\WMMR\src\MovieMakerCore\HMREngine\X3DFieldTypes.h(40,24): error C2440: 'static_cast': cannot convert from 'HMREngine::X3DFieldNode *' to 'IUnknown *' [C:\Users\mcmco\Desktop\WMMR\build\src\MovieMakerCore\MovieMakerCore.vcxproj]
  (compiling source file '../../../src/MovieMakerCore/HMREngine/DXResources/MeshResourceDX.cpp')
      C:\Users\mcmco\Desktop\WMMR\src\MovieMakerCore\HMREngine\X3DFieldTypes.h(40,24):
      Types pointed to are unrelated; conversion requires reinterpret_cast, C-style cast or parenthesized function-style cast
  
C:\Users\mcmco\Desktop\WMMR\src\MovieMakerCore\HMREngine\X3DMath.h(232,22): warning C4458: declaration of 'm' hides class member [C:\Users\mcmco\Desktop\WMMR\build\src\MovieMakerCore\MovieMakerCore.vcxproj]
  (compiling source file '../../../src/MovieMakerCore/HMREngine/DXResources/RenderLoopDX.cpp')
      C:\Program Files (x86)\Windows Kits\10\Include\10.0.26100.0\um\DirectXMath.h(973,19):
      see declaration of 'DirectX::XMFLOAT4X4::m'
  
C:\Users\mcmco\Desktop\WMMR\src\MovieMakerCore\HMREngine\X3DMath.h(240,22): warning C4458: declaration of 'm' hides class member [C:\Users\mcmco\Desktop\WMMR\build\src\MovieMakerCore\MovieMakerCore.vcxproj]
  (compiling source file '../../../src/MovieMakerCore/HMREngine/DXResources/RenderLoopDX.cpp')
      C:\Program Files (x86)\Windows Kits\10\Include\10.0.26100.0\um\DirectXMath.h(973,19):
      see declaration of 'DirectX::XMFLOAT4X4::m'
  
C:\Users\mcmco\Desktop\WMMR\src\MovieMakerCore\HMREngine\X3DMath.h(249,22): warning C4458: declaration of 'm' hides class member [C:\Users\mcmco\Desktop\WMMR\build\src\MovieMakerCore\MovieMakerCore.vcxproj]
  (compiling source file '../../../src/MovieMakerCore/HMREngine/DXResources/RenderLoopDX.cpp')
      C:\Program Files (x86)\Windows Kits\10\Include\10.0.26100.0\um\DirectXMath.h(973,19):
      see declaration of 'DirectX::XMFLOAT4X4::m'
  
C:\Users\mcmco\Desktop\WMMR\src\MovieMakerCore\HMREngine\X3DMath.h(258,22): warning C4458: declaration of 'm' hides class member [C:\Users\mcmco\Desktop\WMMR\build\src\MovieMakerCore\MovieMakerCore.vcxproj]
  (compiling source file '../../../src/MovieMakerCore/HMREngine/DXResources/RenderLoopDX.cpp')
      C:\Program Files (x86)\Windows Kits\10\Include\10.0.26100.0\um\DirectXMath.h(973,19):
      see declaration of 'DirectX::XMFLOAT4X4::m'
  
C:\Users\mcmco\Desktop\WMMR\src\MovieMakerCore\HMREngine\X3DMath.h(232,22): warning C4458: declaration of 'm' hides class member [C:\Users\mcmco\Desktop\WMMR\build\src\MovieMakerCore\MovieMakerCore.vcxproj]
  (compiling source file '../../../src/MovieMakerCore/HMREngine/DXResources/TextResourceDX.cpp')
      C:\Program Files (x86)\Windows Kits\10\Include\10.0.26100.0\um\DirectXMath.h(973,19):
      see declaration of 'DirectX::XMFLOAT4X4::m'
  
C:\Users\mcmco\Desktop\WMMR\src\MovieMakerCore\HMREngine\X3DMath.h(240,22): warning C4458: declaration of 'm' hides class member [C:\Users\mcmco\Desktop\WMMR\build\src\MovieMakerCore\MovieMakerCore.vcxproj]
  (compiling source file '../../../src/MovieMakerCore/HMREngine/DXResources/TextResourceDX.cpp')
      C:\Program Files (x86)\Windows Kits\10\Include\10.0.26100.0\um\DirectXMath.h(973,19):
      see declaration of 'DirectX::XMFLOAT4X4::m'
  
C:\Users\mcmco\Desktop\WMMR\src\MovieMakerCore\HMREngine\X3DMath.h(249,22): warning C4458: declaration of 'm' hides class member [C:\Users\mcmco\Desktop\WMMR\build\src\MovieMakerCore\MovieMakerCore.vcxproj]
  (compiling source file '../../../src/MovieMakerCore/HMREngine/DXResources/TextResourceDX.cpp')
      C:\Program Files (x86)\Windows Kits\10\Include\10.0.26100.0\um\DirectXMath.h(973,19):
      see declaration of 'DirectX::XMFLOAT4X4::m'
  
C:\Users\mcmco\Desktop\WMMR\src\MovieMakerCore\HMREngine\X3DMath.h(258,22): warning C4458: declaration of 'm' hides class member [C:\Users\mcmco\Desktop\WMMR\build\src\MovieMakerCore\MovieMakerCore.vcxproj]
  (compiling source file '../../../src/MovieMakerCore/HMREngine/DXResources/TextResourceDX.cpp')
      C:\Program Files (x86)\Windows Kits\10\Include\10.0.26100.0\um\DirectXMath.h(973,19):
      see declaration of 'DirectX::XMFLOAT4X4::m'
  
C:\Users\mcmco\Desktop\WMMR\src\MovieMakerCore\HMREngine\X3DMath.h(232,22): warning C4458: declaration of 'm' hides class member [C:\Users\mcmco\Desktop\WMMR\build\src\MovieMakerCore\MovieMakerCore.vcxproj]
  (compiling source file '../../../src/MovieMakerCore/HMREngine/DXResources/ResourceCacheDX.cpp')
      C:\Program Files (x86)\Windows Kits\10\Include\10.0.26100.0\um\DirectXMath.h(973,19):
      see declaration of 'DirectX::XMFLOAT4X4::m'
  
C:\Users\mcmco\Desktop\WMMR\src\MovieMakerCore\HMREngine\X3DMath.h(240,22): warning C4458: declaration of 'm' hides class member [C:\Users\mcmco\Desktop\WMMR\build\src\MovieMakerCore\MovieMakerCore.vcxproj]
  (compiling source file '../../../src/MovieMakerCore/HMREngine/DXResources/ResourceCacheDX.cpp')
      C:\Program Files (x86)\Windows Kits\10\Include\10.0.26100.0\um\DirectXMath.h(973,19):
      see declaration of 'DirectX::XMFLOAT4X4::m'
  
C:\Users\mcmco\Desktop\WMMR\src\MovieMakerCore\HMREngine\X3DMath.h(249,22): warning C4458: declaration of 'm' hides class member [C:\Users\mcmco\Desktop\WMMR\build\src\MovieMakerCore\MovieMakerCore.vcxproj]
  (compiling source file '../../../src/MovieMakerCore/HMREngine/DXResources/ResourceCacheDX.cpp')
      C:\Program Files (x86)\Windows Kits\10\Include\10.0.26100.0\um\DirectXMath.h(973,19):
      see declaration of 'DirectX::XMFLOAT4X4::m'
  
C:\Users\mcmco\Desktop\WMMR\src\MovieMakerCore\HMREngine\X3DMath.h(258,22): warning C4458: declaration of 'm' hides class member [C:\Users\mcmco\Desktop\WMMR\build\src\MovieMakerCore\MovieMakerCore.vcxproj]
  (compiling source file '../../../src/MovieMakerCore/HMREngine/DXResources/ResourceCacheDX.cpp')
      C:\Program Files (x86)\Windows Kits\10\Include\10.0.26100.0\um\DirectXMath.h(973,19):
      see declaration of 'DirectX::XMFLOAT4X4::m'
  
C:\Users\mcmco\Desktop\WMMR\src\MovieMakerCore\HMREngine\X3DFieldTypes.h(49,9): error C2535: 'ULONG HMREngine::X3DFieldNode::AddRef(void)': member function already defined or declared [C:\Users\mcmco\Desktop\WMMR\build\src\MovieMakerCore\MovieMakerCore.vcxproj]
  (compiling source file '../../../src/MovieMakerCore/HMREngine/DXResources/TextResourceDX.cpp')
      C:\Users\mcmco\Desktop\WMMR\src\MovieMakerCore\HMREngine\X3DFieldTypes.h(33,9):
      see declaration of 'HMREngine::X3DFieldNode::AddRef'
  
C:\Users\mcmco\Desktop\WMMR\src\MovieMakerCore\HMREngine\X3DFieldTypes.h(49,9): error C2535: 'ULONG HMREngine::X3DFieldNode::AddRef(void)': member function already defined or declared [C:\Users\mcmco\Desktop\WMMR\build\src\MovieMakerCore\MovieMakerCore.vcxproj]
  (compiling source file '../../../src/MovieMakerCore/HMREngine/DXResources/RenderLoopDX.cpp')
      C:\Users\mcmco\Desktop\WMMR\src\MovieMakerCore\HMREngine\X3DFieldTypes.h(33,9):
      see declaration of 'HMREngine::X3DFieldNode::AddRef'
  
C:\Users\mcmco\Desktop\WMMR\src\MovieMakerCore\HMREngine\X3DFieldTypes.h(49,9): error C2535: 'ULONG HMREngine::X3DFieldNode::Release(void)': member function already defined or declared [C:\Users\mcmco\Desktop\WMMR\build\src\MovieMakerCore\MovieMakerCore.vcxproj]
  (compiling source file '../../../src/MovieMakerCore/HMREngine/DXResources/TextResourceDX.cpp')
      C:\Users\mcmco\Desktop\WMMR\src\MovieMakerCore\HMREngine\X3DFieldTypes.h(34,9):
      see declaration of 'HMREngine::X3DFieldNode::Release'
  
C:\Users\mcmco\Desktop\WMMR\src\MovieMakerCore\HMREngine\X3DFieldTypes.h(49,9): error C2535: 'ULONG HMREngine::X3DFieldNode::Release(void)': member function already defined or declared [C:\Users\mcmco\Desktop\WMMR\build\src\MovieMakerCore\MovieMakerCore.vcxproj]
  (compiling source file '../../../src/MovieMakerCore/HMREngine/DXResources/RenderLoopDX.cpp')
      C:\Users\mcmco\Desktop\WMMR\src\MovieMakerCore\HMREngine\X3DFieldTypes.h(34,9):
      see declaration of 'HMREngine::X3DFieldNode::Release'
  
C:\Users\mcmco\Desktop\WMMR\src\MovieMakerCore\HMREngine\X3DFieldTypes.h(49,9): error C2535: 'HRESULT HMREngine::X3DFieldNode::QueryInterface(const IID &,void **)': member function already defined or declared [C:\Users\mcmco\Desktop\WMMR\build\src\MovieMakerCore\MovieMakerCore.vcxproj]
  (compiling source file '../../../src/MovieMakerCore/HMREngine/DXResources/TextResourceDX.cpp')
      C:\Users\mcmco\Desktop\WMMR\src\MovieMakerCore\HMREngine\X3DFieldTypes.h(35,9):
      see declaration of 'HMREngine::X3DFieldNode::QueryInterface'
  
C:\Users\mcmco\Desktop\WMMR\src\MovieMakerCore\HMREngine\X3DFieldTypes.h(49,9): error C2535: 'HRESULT HMREngine::X3DFieldNode::QueryInterface(const IID &,void **)': member function already defined or declared [C:\Users\mcmco\Desktop\WMMR\build\src\MovieMakerCore\MovieMakerCore.vcxproj]
  (compiling source file '../../../src/MovieMakerCore/HMREngine/DXResources/RenderLoopDX.cpp')
      C:\Users\mcmco\Desktop\WMMR\src\MovieMakerCore\HMREngine\X3DFieldTypes.h(35,9):
      see declaration of 'HMREngine::X3DFieldNode::QueryInterface'
  
C:\Users\mcmco\Desktop\WMMR\src\MovieMakerCore\HMREngine\X3DFieldTypes.h(40,24): error C2440: 'static_cast': cannot convert from 'HMREngine::X3DFieldNode *' to 'IUnknown *' [C:\Users\mcmco\Desktop\WMMR\build\src\MovieMakerCore\MovieMakerCore.vcxproj]
  (compiling source file '../../../src/MovieMakerCore/HMREngine/DXResources/TextResourceDX.cpp')
      C:\Users\mcmco\Desktop\WMMR\src\MovieMakerCore\HMREngine\X3DFieldTypes.h(40,24):
      Types pointed to are unrelated; conversion requires reinterpret_cast, C-style cast or parenthesized function-style cast
  
C:\Users\mcmco\Desktop\WMMR\src\MovieMakerCore\HMREngine\X3DFieldTypes.h(40,24): error C2440: 'static_cast': cannot convert from 'HMREngine::X3DFieldNode *' to 'IUnknown *' [C:\Users\mcmco\Desktop\WMMR\build\src\MovieMakerCore\MovieMakerCore.vcxproj]
  (compiling source file '../../../src/MovieMakerCore/HMREngine/DXResources/RenderLoopDX.cpp')
      C:\Users\mcmco\Desktop\WMMR\src\MovieMakerCore\HMREngine\X3DFieldTypes.h(40,24):
      Types pointed to are unrelated; conversion requires reinterpret_cast, C-style cast or parenthesized function-style cast
  
C:\Users\mcmco\Desktop\WMMR\src\MovieMakerCore\HMREngine\X3DFieldTypes.h(49,9): error C2535: 'ULONG HMREngine::X3DFieldNode::AddRef(void)': member function already defined or declared [C:\Users\mcmco\Desktop\WMMR\build\src\MovieMakerCore\MovieMakerCore.vcxproj]
  (compiling source file '../../../src/MovieMakerCore/HMREngine/DXResources/ResourceCacheDX.cpp')
      C:\Users\mcmco\Desktop\WMMR\src\MovieMakerCore\HMREngine\X3DFieldTypes.h(33,9):
      see declaration of 'HMREngine::X3DFieldNode::AddRef'
  
C:\Users\mcmco\Desktop\WMMR\src\MovieMakerCore\HMREngine\X3DFieldTypes.h(49,9): error C2535: 'ULONG HMREngine::X3DFieldNode::Release(void)': member function already defined or declared [C:\Users\mcmco\Desktop\WMMR\build\src\MovieMakerCore\MovieMakerCore.vcxproj]
  (compiling source file '../../../src/MovieMakerCore/HMREngine/DXResources/ResourceCacheDX.cpp')
      C:\Users\mcmco\Desktop\WMMR\src\MovieMakerCore\HMREngine\X3DFieldTypes.h(34,9):
      see declaration of 'HMREngine::X3DFieldNode::Release'
  
C:\Users\mcmco\Desktop\WMMR\src\MovieMakerCore\HMREngine\X3DFieldTypes.h(49,9): error C2535: 'HRESULT HMREngine::X3DFieldNode::QueryInterface(const IID &,void **)': member function already defined or declared [C:\Users\mcmco\Desktop\WMMR\build\src\MovieMakerCore\MovieMakerCore.vcxproj]
  (compiling source file '../../../src/MovieMakerCore/HMREngine/DXResources/ResourceCacheDX.cpp')
      C:\Users\mcmco\Desktop\WMMR\src\MovieMakerCore\HMREngine\X3DFieldTypes.h(35,9):
      see declaration of 'HMREngine::X3DFieldNode::QueryInterface'
  
C:\Users\mcmco\Desktop\WMMR\src\MovieMakerCore\HMREngine\X3DFieldTypes.h(40,24): error C2440: 'static_cast': cannot convert from 'HMREngine::X3DFieldNode *' to 'IUnknown *' [C:\Users\mcmco\Desktop\WMMR\build\src\MovieMakerCore\MovieMakerCore.vcxproj]
  (compiling source file '../../../src/MovieMakerCore/HMREngine/DXResources/ResourceCacheDX.cpp')
      C:\Users\mcmco\Desktop\WMMR\src\MovieMakerCore\HMREngine\X3DFieldTypes.h(40,24):
      Types pointed to are unrelated; conversion requires reinterpret_cast, C-style cast or parenthesized function-style cast
  
C:\Users\mcmco\Desktop\WMMR\src\MovieMakerCore\HMREngine\DXResources\DXResources.h(98,27): error C3646: 'Formats': unknown override specifier [C:\Users\mcmco\Desktop\WMMR\build\src\MovieMakerCore\MovieMakerCore.vcxproj]
  (compiling source file '../../../src/MovieMakerCore/HMREngine/DXResources/EffectResourceDX.cpp')
  
C:\Users\mcmco\Desktop\WMMR\src\MovieMakerCore\HMREngine\DXResources\EffectResourceDX.h(11,41): error C2504: 'HMREngine::DX::DeviceClientDXImpl': base class undefined [C:\Users\mcmco\Desktop\WMMR\build\src\MovieMakerCore\MovieMakerCore.vcxproj]
  (compiling source file '../../../src/MovieMakerCore/HMREngine/DXResources/EffectResourceDX.cpp')
  
C:\Users\mcmco\Desktop\WMMR\src\MovieMakerCore\HMREngine\DXResources\DXResources.h(98,27): error C3646: 'Formats': unknown override specifier [C:\Users\mcmco\Desktop\WMMR\build\src\MovieMakerCore\MovieMakerCore.vcxproj]
  (compiling source file '../../../src/MovieMakerCore/HMREngine/DXResources/MeshResourceDX.cpp')
  
C:\Users\mcmco\Desktop\WMMR\src\MovieMakerCore\HMREngine\DXResources\MeshResourceDX.h(43,39): error C2504: 'HMREngine::DX::DeviceClientDXImpl': base class undefined [C:\Users\mcmco\Desktop\WMMR\build\src\MovieMakerCore\MovieMakerCore.vcxproj]
  (compiling source file '../../../src/MovieMakerCore/HMREngine/DXResources/MeshResourceDX.cpp')
  
C:\Users\mcmco\Desktop\WMMR\src\MovieMakerCore\HMREngine\DXResources\EffectResourceDX.h(93,21): error C3668: 'HMREngine::DX::BlurEffectResource::Initialize': method with override specifier 'override' did not override any base class methods [C:\Users\mcmco\Desktop\WMMR\build\src\MovieMakerCore\MovieMakerCore.vcxproj]
  (compiling source file '../../../src/MovieMakerCore/HMREngine/DXResources/EffectResourceDX.cpp')
  
C:\Users\mcmco\Desktop\WMMR\src\MovieMakerCore\HMREngine\DXResources\EffectResourceDX.h(113,21): error C3668: 'HMREngine::DX::BrightnessEffectResource::Initialize': method with override specifier 'override' did not override any base class methods [C:\Users\mcmco\Desktop\WMMR\build\src\MovieMakerCore\MovieMakerCore.vcxproj]
  (compiling source file '../../../src/MovieMakerCore/HMREngine/DXResources/EffectResourceDX.cpp')
  
C:\Users\mcmco\Desktop\WMMR\src\MovieMakerCore\HMREngine\DXResources\MeshResourceDX.h(82,51): error C2504: 'HMREngine::DX::DeviceClientDXImpl': base class undefined [C:\Users\mcmco\Desktop\WMMR\build\src\MovieMakerCore\MovieMakerCore.vcxproj]
  (compiling source file '../../../src/MovieMakerCore/HMREngine/DXResources/MeshResourceDX.cpp')
  
C:\Users\mcmco\Desktop\WMMR\src\MovieMakerCore\HMREngine\DXResources\EffectResourceDX.h(135,21): error C3668: 'HMREngine::DX::ChannelMixerEffectResource::Initialize': method with override specifier 'override' did not override any base class methods [C:\Users\mcmco\Desktop\WMMR\build\src\MovieMakerCore\MovieMakerCore.vcxproj]
  (compiling source file '../../../src/MovieMakerCore/HMREngine/DXResources/EffectResourceDX.cpp')
  
C:\Users\mcmco\Desktop\WMMR\src\MovieMakerCore\HMREngine\DXResources\EffectResourceDX.h(155,21): error C3668: 'HMREngine::DX::DissolveEffectResource::Initialize': method with override specifier 'override' did not override any base class methods [C:\Users\mcmco\Desktop\WMMR\build\src\MovieMakerCore\MovieMakerCore.vcxproj]
  (compiling source file '../../../src/MovieMakerCore/HMREngine/DXResources/EffectResourceDX.cpp')
  
C:\Users\mcmco\Desktop\WMMR\src\MovieMakerCore\HMREngine\DXResources\EffectResourceDX.h(192,21): error C3668: 'HMREngine::DX::EdgeDetectionEffectResource::Initialize': method with override specifier 'override' did not override any base class methods [C:\Users\mcmco\Desktop\WMMR\build\src\MovieMakerCore\MovieMakerCore.vcxproj]
  (compiling source file '../../../src/MovieMakerCore/HMREngine/DXResources/EffectResourceDX.cpp')
  
C:\Users\mcmco\Desktop\WMMR\src\MovieMakerCore\HMREngine\DXResources\EffectResourceDX.h(212,21): error C3668: 'HMREngine::DX::FadeEffectResource::Initialize': method with override specifier 'override' did not override any base class methods [C:\Users\mcmco\Desktop\WMMR\build\src\MovieMakerCore\MovieMakerCore.vcxproj]
  (compiling source file '../../../src/MovieMakerCore/HMREngine/DXResources/EffectResourceDX.cpp')
  
C:\Users\mcmco\Desktop\WMMR\src\MovieMakerCore\HMREngine\DXResources\EffectResourceDX.h(230,21): error C3668: 'HMREngine::DX::GridEffectResource::Initialize': method with override specifier 'override' did not override any base class methods [C:\Users\mcmco\Desktop\WMMR\build\src\MovieMakerCore\MovieMakerCore.vcxproj]
  (compiling source file '../../../src/MovieMakerCore/HMREngine/DXResources/EffectResourceDX.cpp')
  
C:\Users\mcmco\Desktop\WMMR\src\MovieMakerCore\HMREngine\DXResources\EffectResourceDX.h(256,21): error C3668: 'HMREngine::DX::HueEffectResource::Initialize': method with override specifier 'override' did not override any base class methods [C:\Users\mcmco\Desktop\WMMR\build\src\MovieMakerCore\MovieMakerCore.vcxproj]
  (compiling source file '../../../src/MovieMakerCore/HMREngine/DXResources/EffectResourceDX.cpp')
  
C:\Users\mcmco\Desktop\WMMR\src\MovieMakerCore\HMREngine\DXResources\EffectResourceDX.h(272,21): error C3668: 'HMREngine::DX::PosterizeEffectResource::Initialize': method with override specifier 'override' did not override any base class methods [C:\Users\mcmco\Desktop\WMMR\build\src\MovieMakerCore\MovieMakerCore.vcxproj]
  (compiling source file '../../../src/MovieMakerCore/HMREngine/DXResources/EffectResourceDX.cpp')
  
C:\Users\mcmco\Desktop\WMMR\src\MovieMakerCore\HMREngine\DXResources\EffectResourceDX.h(288,21): error C3668: 'HMREngine::DX::PixelateEffectResource::Initialize': method with override specifier 'override' did not override any base class methods [C:\Users\mcmco\Desktop\WMMR\build\src\MovieMakerCore\MovieMakerCore.vcxproj]
  (compiling source file '../../../src/MovieMakerCore/HMREngine/DXResources/EffectResourceDX.cpp')
  
C:\Users\mcmco\Desktop\WMMR\src\MovieMakerCore\HMREngine\DXResources\EffectResourceDX.h(304,21): error C3668: 'HMREngine::DX::RippleEffectResource::Initialize': method with override specifier 'override' did not override any base class methods [C:\Users\mcmco\Desktop\WMMR\build\src\MovieMakerCore\MovieMakerCore.vcxproj]
  (compiling source file '../../../src/MovieMakerCore/HMREngine/DXResources/EffectResourceDX.cpp')
  
C:\Users\mcmco\Desktop\WMMR\src\MovieMakerCore\HMREngine\DXResources\EffectResourceDX.h(324,21): error C3668: 'HMREngine::DX::ScrollingTextEffectResourceDX::Initialize': method with override specifier 'override' did not override any base class methods [C:\Users\mcmco\Desktop\WMMR\build\src\MovieMakerCore\MovieMakerCore.vcxproj]
  (compiling source file '../../../src/MovieMakerCore/HMREngine/DXResources/EffectResourceDX.cpp')
  
C:\Users\mcmco\Desktop\WMMR\src\MovieMakerCore\HMREngine\DXResources\EffectResourceDX.h(348,21): error C3668: 'HMREngine::DX::TextEffectResourceDX::Initialize': method with override specifier 'override' did not override any base class methods [C:\Users\mcmco\Desktop\WMMR\build\src\MovieMakerCore\MovieMakerCore.vcxproj]
  (compiling source file '../../../src/MovieMakerCore/HMREngine/DXResources/EffectResourceDX.cpp')
  
C:\Users\mcmco\Desktop\WMMR\src\MovieMakerCore\HMREngine\DXResources\EffectResourceDX.h(370,21): error C3668: 'HMREngine::DX::WipeEffectResource::Initialize': method with override specifier 'override' did not override any base class methods [C:\Users\mcmco\Desktop\WMMR\build\src\MovieMakerCore\MovieMakerCore.vcxproj]
  (compiling source file '../../../src/MovieMakerCore/HMREngine/DXResources/EffectResourceDX.cpp')
  
C:\Users\mcmco\Desktop\WMMR\src\MovieMakerCore\HMREngine\DXResources\EffectResourceDX.h(392,21): error C3668: 'HMREngine::DX::DefaultEffectResourceDX::Initialize': method with override specifier 'override' did not override any base class methods [C:\Users\mcmco\Desktop\WMMR\build\src\MovieMakerCore\MovieMakerCore.vcxproj]
  (compiling source file '../../../src/MovieMakerCore/HMREngine/DXResources/EffectResourceDX.cpp')
  
C:\Users\mcmco\Desktop\WMMR\src\MovieMakerCore\Resources\ResourceIds.h(161,9): warning C4005: 'IDI_WARNING': macro redefinition [C:\Users\mcmco\Desktop\WMMR\build\src\MovieMakerCore\MovieMakerCore.vcxproj]
  (compiling source file '../../../src/MovieMakerCore/HMREngine/DXResources/EffectResourceDX.cpp')
      C:\Program Files (x86)\Windows Kits\10\Include\10.0.26100.0\um\winuser.h(11165,9):
      see previous definition of 'IDI_WARNING'
  
C:\Users\mcmco\Desktop\WMMR\src\MovieMakerCore\Resources\ResourceIds.h(162,9): warning C4005: 'IDI_ERROR': macro redefinition [C:\Users\mcmco\Desktop\WMMR\build\src\MovieMakerCore\MovieMakerCore.vcxproj]
  (compiling source file '../../../src/MovieMakerCore/HMREngine/DXResources/EffectResourceDX.cpp')
      C:\Program Files (x86)\Windows Kits\10\Include\10.0.26100.0\um\winuser.h(11166,9):
      see previous definition of 'IDI_ERROR'
  
C:\Users\mcmco\Desktop\WMMR\src\MovieMakerCore\Resources\ResourceIds.h(164,9): warning C4005: 'IDI_QUESTION': macro redefinition [C:\Users\mcmco\Desktop\WMMR\build\src\MovieMakerCore\MovieMakerCore.vcxproj]
  (compiling source file '../../../src/MovieMakerCore/HMREngine/DXResources/EffectResourceDX.cpp')
      C:\Program Files (x86)\Windows Kits\10\Include\10.0.26100.0\um\winuser.h(11153,9):
      see previous definition of 'IDI_QUESTION'
  
C:\Users\mcmco\Desktop\WMMR\src\MovieMakerCore\HMREngine\DXResources\EffectResourceDX.cpp(46,19): error C2065: 'm_device': undeclared identifier [C:\Users\mcmco\Desktop\WMMR\build\src\MovieMakerCore\MovieMakerCore.vcxproj]
C:\Users\mcmco\Desktop\WMMR\src\MovieMakerCore\HMREngine\DXResources\EffectResourceDX.cpp(75,19): error C2065: 'm_device': undeclared identifier [C:\Users\mcmco\Desktop\WMMR\build\src\MovieMakerCore\MovieMakerCore.vcxproj]
C:\Users\mcmco\Desktop\WMMR\src\MovieMakerCore\HMREngine\DXResources\EffectResourceDX.cpp(131,36): error C2065: 'm_context': undeclared identifier [C:\Users\mcmco\Desktop\WMMR\build\src\MovieMakerCore\MovieMakerCore.vcxproj]
C:\Users\mcmco\Desktop\WMMR\src\MovieMakerCore\HMREngine\DXResources\EffectResourceDX.cpp(143,46): error C2440: 'initializing': cannot convert from 'ID3DX11EffectVariable *' to 'ATL::CComPtr<ID3DX11EffectScalarVariable>' [C:\Users\mcmco\Desktop\WMMR\build\src\MovieMakerCore\MovieMakerCore.vcxproj]
      C:\Users\mcmco\Desktop\WMMR\src\MovieMakerCore\HMREngine\DXResources\EffectResourceDX.cpp(143,46):
      'ATL::CComPtr<ID3DX11EffectScalarVariable>::CComPtr': no overloaded function could convert all the argument types
          C:\Program Files (x86)\Microsoft Visual Studio\2022\BuildTools\VC\Tools\MSVC\14.44.35207\atlmfc\include\atlcomcli.h(381,5):
          could be 'ATL::CComPtr<ID3DX11EffectScalarVariable>::CComPtr(ATL::CComPtr<ID3DX11EffectScalarVariable> &&) throw()'
              C:\Users\mcmco\Desktop\WMMR\src\MovieMakerCore\HMREngine\DXResources\EffectResourceDX.cpp(143,46):
              'ATL::CComPtr<ID3DX11EffectScalarVariable>::CComPtr(ATL::CComPtr<ID3DX11EffectScalarVariable> &&) throw()': cannot convert argument 1 from 'ID3DX11EffectVariable *' to 'ATL::CComPtr<ID3DX11EffectScalarVariable> &&'
                  C:\Users\mcmco\Desktop\WMMR\src\MovieMakerCore\HMREngine\DXResources\EffectResourceDX.cpp(143,75):
                  Reason: cannot convert from 'ID3DX11EffectVariable *' to 'ATL::CComPtr<ID3DX11EffectScalarVariable>'
          C:\Program Files (x86)\Microsoft Visual Studio\2022\BuildTools\VC\Tools\MSVC\14.44.35207\atlmfc\include\atlcomcli.h(352,5):
          or       'ATL::CComPtr<ID3DX11EffectScalarVariable>::CComPtr(const ATL::CComPtr<ID3DX11EffectScalarVariable> &) throw()'
              C:\Users\mcmco\Desktop\WMMR\src\MovieMakerCore\HMREngine\DXResources\EffectResourceDX.cpp(143,46):
              'ATL::CComPtr<ID3DX11EffectScalarVariable>::CComPtr(const ATL::CComPtr<ID3DX11EffectScalarVariable> &) throw()': cannot convert argument 1 from 'ID3DX11EffectVariable *' to 'const ATL::CComPtr<ID3DX11EffectScalarVariable> &'
                  C:\Users\mcmco\Desktop\WMMR\src\MovieMakerCore\HMREngine\DXResources\EffectResourceDX.cpp(143,75):
                  Reason: cannot convert from 'ID3DX11EffectVariable *' to 'const ATL::CComPtr<ID3DX11EffectScalarVariable>'
          C:\Program Files (x86)\Microsoft Visual Studio\2022\BuildTools\VC\Tools\MSVC\14.44.35207\atlmfc\include\atlcomcli.h(348,5):
          or       'ATL::CComPtr<ID3DX11EffectScalarVariable>::CComPtr(T *) throw()'
          with
          [
              T=ID3DX11EffectScalarVariable
          ]
              C:\Users\mcmco\Desktop\WMMR\src\MovieMakerCore\HMREngine\DXResources\EffectResourceDX.cpp(143,46):
              'ATL::CComPtr<ID3DX11EffectScalarVariable>::CComPtr(T *) throw()': cannot convert argument 1 from 'ID3DX11EffectVariable *' to 'T *'
          with
          [
              T=ID3DX11EffectScalarVariable
          ]
                  C:\Users\mcmco\Desktop\WMMR\src\MovieMakerCore\HMREngine\DXResources\EffectResourceDX.cpp(143,75):
                  Types pointed to are unrelated; conversion requires reinterpret_cast, C-style cast or parenthesized function-style cast
          C:\Users\mcmco\Desktop\WMMR\src\MovieMakerCore\HMREngine\DXResources\EffectResourceDX.cpp(143,46):
          while trying to match the argument list '(ID3DX11EffectVariable *)'
  
C:\Users\mcmco\Desktop\WMMR\src\MovieMakerCore\HMREngine\DXResources\MeshResourceDX.cpp(22,23): error C2065: 'm_device': undeclared identifier [C:\Users\mcmco\Desktop\WMMR\build\src\MovieMakerCore\MovieMakerCore.vcxproj]
C:\Users\mcmco\Desktop\WMMR\src\MovieMakerCore\HMREngine\DXResources\MeshResourceDX.cpp(35,18): error C2065: 'm_device': undeclared identifier [C:\Users\mcmco\Desktop\WMMR\build\src\MovieMakerCore\MovieMakerCore.vcxproj]
C:\Users\mcmco\Desktop\WMMR\src\MovieMakerCore\HMREngine\DXResources\MeshResourceDX.cpp(47,22): error C2065: 'm_device': undeclared identifier [C:\Users\mcmco\Desktop\WMMR\build\src\MovieMakerCore\MovieMakerCore.vcxproj]
C:\Users\mcmco\Desktop\WMMR\src\MovieMakerCore\HMREngine\DXResources\MeshResourceDX.cpp(61,18): error C2065: 'm_device': undeclared identifier [C:\Users\mcmco\Desktop\WMMR\build\src\MovieMakerCore\MovieMakerCore.vcxproj]
C:\Users\mcmco\Desktop\WMMR\src\MovieMakerCore\HMREngine\DXResources\EffectResourceDX.cpp(150,46): error C2440: 'initializing': cannot convert from 'ID3DX11EffectVariable *' to 'ATL::CComPtr<ID3DX11EffectVectorVariable>' [C:\Users\mcmco\Desktop\WMMR\build\src\MovieMakerCore\MovieMakerCore.vcxproj]
      C:\Users\mcmco\Desktop\WMMR\src\MovieMakerCore\HMREngine\DXResources\EffectResourceDX.cpp(150,46):
      'ATL::CComPtr<ID3DX11EffectVectorVariable>::CComPtr': no overloaded function could convert all the argument types
          C:\Program Files (x86)\Microsoft Visual Studio\2022\BuildTools\VC\Tools\MSVC\14.44.35207\atlmfc\include\atlcomcli.h(381,5):
          could be 'ATL::CComPtr<ID3DX11EffectVectorVariable>::CComPtr(ATL::CComPtr<ID3DX11EffectVectorVariable> &&) throw()'
              C:\Users\mcmco\Desktop\WMMR\src\MovieMakerCore\HMREngine\DXResources\EffectResourceDX.cpp(150,46):
              'ATL::CComPtr<ID3DX11EffectVectorVariable>::CComPtr(ATL::CComPtr<ID3DX11EffectVectorVariable> &&) throw()': cannot convert argument 1 from 'ID3DX11EffectVariable *' to 'ATL::CComPtr<ID3DX11EffectVectorVariable> &&'
                  C:\Users\mcmco\Desktop\WMMR\src\MovieMakerCore\HMREngine\DXResources\EffectResourceDX.cpp(150,75):
                  Reason: cannot convert from 'ID3DX11EffectVariable *' to 'ATL::CComPtr<ID3DX11EffectVectorVariable>'
          C:\Program Files (x86)\Microsoft Visual Studio\2022\BuildTools\VC\Tools\MSVC\14.44.35207\atlmfc\include\atlcomcli.h(352,5):
          or       'ATL::CComPtr<ID3DX11EffectVectorVariable>::CComPtr(const ATL::CComPtr<ID3DX11EffectVectorVariable> &) throw()'
              C:\Users\mcmco\Desktop\WMMR\src\MovieMakerCore\HMREngine\DXResources\EffectResourceDX.cpp(150,46):
              'ATL::CComPtr<ID3DX11EffectVectorVariable>::CComPtr(const ATL::CComPtr<ID3DX11EffectVectorVariable> &) throw()': cannot convert argument 1 from 'ID3DX11EffectVariable *' to 'const ATL::CComPtr<ID3DX11EffectVectorVariable> &'
                  C:\Users\mcmco\Desktop\WMMR\src\MovieMakerCore\HMREngine\DXResources\EffectResourceDX.cpp(150,75):
                  Reason: cannot convert from 'ID3DX11EffectVariable *' to 'const ATL::CComPtr<ID3DX11EffectVectorVariable>'
          C:\Program Files (x86)\Microsoft Visual Studio\2022\BuildTools\VC\Tools\MSVC\14.44.35207\atlmfc\include\atlcomcli.h(348,5):
          or       'ATL::CComPtr<ID3DX11EffectVectorVariable>::CComPtr(T *) throw()'
          with
          [
              T=ID3DX11EffectVectorVariable
          ]
              C:\Users\mcmco\Desktop\WMMR\src\MovieMakerCore\HMREngine\DXResources\EffectResourceDX.cpp(150,46):
              'ATL::CComPtr<ID3DX11EffectVectorVariable>::CComPtr(T *) throw()': cannot convert argument 1 from 'ID3DX11EffectVariable *' to 'T *'
          with
          [
              T=ID3DX11EffectVectorVariable
          ]
                  C:\Users\mcmco\Desktop\WMMR\src\MovieMakerCore\HMREngine\DXResources\EffectResourceDX.cpp(150,75):
                  Types pointed to are unrelated; conversion requires reinterpret_cast, C-style cast or parenthesized function-style cast
          C:\Users\mcmco\Desktop\WMMR\src\MovieMakerCore\HMREngine\DXResources\EffectResourceDX.cpp(150,46):
          while trying to match the argument list '(ID3DX11EffectVariable *)'
  
C:\Users\mcmco\Desktop\WMMR\src\MovieMakerCore\HMREngine\DXResources\EffectResourceDX.cpp(157,46): error C2440: 'initializing': cannot convert from 'ID3DX11EffectVariable *' to 'ATL::CComPtr<ID3DX11EffectVectorVariable>' [C:\Users\mcmco\Desktop\WMMR\build\src\MovieMakerCore\MovieMakerCore.vcxproj]
      C:\Users\mcmco\Desktop\WMMR\src\MovieMakerCore\HMREngine\DXResources\EffectResourceDX.cpp(157,46):
      'ATL::CComPtr<ID3DX11EffectVectorVariable>::CComPtr': no overloaded function could convert all the argument types
          C:\Program Files (x86)\Microsoft Visual Studio\2022\BuildTools\VC\Tools\MSVC\14.44.35207\atlmfc\include\atlcomcli.h(381,5):
          could be 'ATL::CComPtr<ID3DX11EffectVectorVariable>::CComPtr(ATL::CComPtr<ID3DX11EffectVectorVariable> &&) throw()'
              C:\Users\mcmco\Desktop\WMMR\src\MovieMakerCore\HMREngine\DXResources\EffectResourceDX.cpp(157,46):
              'ATL::CComPtr<ID3DX11EffectVectorVariable>::CComPtr(ATL::CComPtr<ID3DX11EffectVectorVariable> &&) throw()': cannot convert argument 1 from 'ID3DX11EffectVariable *' to 'ATL::CComPtr<ID3DX11EffectVectorVariable> &&'
                  C:\Users\mcmco\Desktop\WMMR\src\MovieMakerCore\HMREngine\DXResources\EffectResourceDX.cpp(157,75):
                  Reason: cannot convert from 'ID3DX11EffectVariable *' to 'ATL::CComPtr<ID3DX11EffectVectorVariable>'
          C:\Program Files (x86)\Microsoft Visual Studio\2022\BuildTools\VC\Tools\MSVC\14.44.35207\atlmfc\include\atlcomcli.h(352,5):
          or       'ATL::CComPtr<ID3DX11EffectVectorVariable>::CComPtr(const ATL::CComPtr<ID3DX11EffectVectorVariable> &) throw()'
              C:\Users\mcmco\Desktop\WMMR\src\MovieMakerCore\HMREngine\DXResources\EffectResourceDX.cpp(157,46):
              'ATL::CComPtr<ID3DX11EffectVectorVariable>::CComPtr(const ATL::CComPtr<ID3DX11EffectVectorVariable> &) throw()': cannot convert argument 1 from 'ID3DX11EffectVariable *' to 'const ATL::CComPtr<ID3DX11EffectVectorVariable> &'
                  C:\Users\mcmco\Desktop\WMMR\src\MovieMakerCore\HMREngine\DXResources\EffectResourceDX.cpp(157,75):
                  Reason: cannot convert from 'ID3DX11EffectVariable *' to 'const ATL::CComPtr<ID3DX11EffectVectorVariable>'
          C:\Program Files (x86)\Microsoft Visual Studio\2022\BuildTools\VC\Tools\MSVC\14.44.35207\atlmfc\include\atlcomcli.h(348,5):
          or       'ATL::CComPtr<ID3DX11EffectVectorVariable>::CComPtr(T *) throw()'
          with
          [
              T=ID3DX11EffectVectorVariable
          ]
              C:\Users\mcmco\Desktop\WMMR\src\MovieMakerCore\HMREngine\DXResources\EffectResourceDX.cpp(157,46):
              'ATL::CComPtr<ID3DX11EffectVectorVariable>::CComPtr(T *) throw()': cannot convert argument 1 from 'ID3DX11EffectVariable *' to 'T *'
          with
          [
              T=ID3DX11EffectVectorVariable
          ]
                  C:\Users\mcmco\Desktop\WMMR\src\MovieMakerCore\HMREngine\DXResources\EffectResourceDX.cpp(157,75):
                  Types pointed to are unrelated; conversion requires reinterpret_cast, C-style cast or parenthesized function-style cast
          C:\Users\mcmco\Desktop\WMMR\src\MovieMakerCore\HMREngine\DXResources\EffectResourceDX.cpp(157,46):
          while trying to match the argument list '(ID3DX11EffectVariable *)'
  
C:\Users\mcmco\Desktop\WMMR\src\MovieMakerCore\HMREngine\DXResources\MeshResourceDX.cpp(99,18): error C2065: 'm_context': undeclared identifier [C:\Users\mcmco\Desktop\WMMR\build\src\MovieMakerCore\MovieMakerCore.vcxproj]
C:\Users\mcmco\Desktop\WMMR\src\MovieMakerCore\HMREngine\DXResources\MeshResourceDX.cpp(110,27): error C2065: 'm_context': undeclared identifier [C:\Users\mcmco\Desktop\WMMR\build\src\MovieMakerCore\MovieMakerCore.vcxproj]
C:\Users\mcmco\Desktop\WMMR\src\MovieMakerCore\HMREngine\DXResources\MeshResourceDX.cpp(111,9): error C2065: 'm_context': undeclared identifier [C:\Users\mcmco\Desktop\WMMR\build\src\MovieMakerCore\MovieMakerCore.vcxproj]
C:\Users\mcmco\Desktop\WMMR\src\MovieMakerCore\HMREngine\DXResources\MeshResourceDX.cpp(119,18): error C2065: 'm_context': undeclared identifier [C:\Users\mcmco\Desktop\WMMR\build\src\MovieMakerCore\MovieMakerCore.vcxproj]
C:\Users\mcmco\Desktop\WMMR\src\MovieMakerCore\HMREngine\DXResources\EffectResourceDX.cpp(164,46): error C2440: 'initializing': cannot convert from 'ID3DX11EffectVariable *' to 'ATL::CComPtr<ID3DX11EffectVectorVariable>' [C:\Users\mcmco\Desktop\WMMR\build\src\MovieMakerCore\MovieMakerCore.vcxproj]
      C:\Users\mcmco\Desktop\WMMR\src\MovieMakerCore\HMREngine\DXResources\EffectResourceDX.cpp(164,46):
      'ATL::CComPtr<ID3DX11EffectVectorVariable>::CComPtr': no overloaded function could convert all the argument types
          C:\Program Files (x86)\Microsoft Visual Studio\2022\BuildTools\VC\Tools\MSVC\14.44.35207\atlmfc\include\atlcomcli.h(381,5):
          could be 'ATL::CComPtr<ID3DX11EffectVectorVariable>::CComPtr(ATL::CComPtr<ID3DX11EffectVectorVariable> &&) throw()'
              C:\Users\mcmco\Desktop\WMMR\src\MovieMakerCore\HMREngine\DXResources\EffectResourceDX.cpp(164,46):
              'ATL::CComPtr<ID3DX11EffectVectorVariable>::CComPtr(ATL::CComPtr<ID3DX11EffectVectorVariable> &&) throw()': cannot convert argument 1 from 'ID3DX11EffectVariable *' to 'ATL::CComPtr<ID3DX11EffectVectorVariable> &&'
                  C:\Users\mcmco\Desktop\WMMR\src\MovieMakerCore\HMREngine\DXResources\EffectResourceDX.cpp(164,75):
                  Reason: cannot convert from 'ID3DX11EffectVariable *' to 'ATL::CComPtr<ID3DX11EffectVectorVariable>'
          C:\Program Files (x86)\Microsoft Visual Studio\2022\BuildTools\VC\Tools\MSVC\14.44.35207\atlmfc\include\atlcomcli.h(352,5):
          or       'ATL::CComPtr<ID3DX11EffectVectorVariable>::CComPtr(const ATL::CComPtr<ID3DX11EffectVectorVariable> &) throw()'
              C:\Users\mcmco\Desktop\WMMR\src\MovieMakerCore\HMREngine\DXResources\EffectResourceDX.cpp(164,46):
              'ATL::CComPtr<ID3DX11EffectVectorVariable>::CComPtr(const ATL::CComPtr<ID3DX11EffectVectorVariable> &) throw()': cannot convert argument 1 from 'ID3DX11EffectVariable *' to 'const ATL::CComPtr<ID3DX11EffectVectorVariable> &'
                  C:\Users\mcmco\Desktop\WMMR\src\MovieMakerCore\HMREngine\DXResources\EffectResourceDX.cpp(164,75):
                  Reason: cannot convert from 'ID3DX11EffectVariable *' to 'const ATL::CComPtr<ID3DX11EffectVectorVariable>'
          C:\Program Files (x86)\Microsoft Visual Studio\2022\BuildTools\VC\Tools\MSVC\14.44.35207\atlmfc\include\atlcomcli.h(348,5):
          or       'ATL::CComPtr<ID3DX11EffectVectorVariable>::CComPtr(T *) throw()'
          with
          [
              T=ID3DX11EffectVectorVariable
          ]
              C:\Users\mcmco\Desktop\WMMR\src\MovieMakerCore\HMREngine\DXResources\EffectResourceDX.cpp(164,46):
              'ATL::CComPtr<ID3DX11EffectVectorVariable>::CComPtr(T *) throw()': cannot convert argument 1 from 'ID3DX11EffectVariable *' to 'T *'
          with
          [
              T=ID3DX11EffectVectorVariable
          ]
                  C:\Users\mcmco\Desktop\WMMR\src\MovieMakerCore\HMREngine\DXResources\EffectResourceDX.cpp(164,75):
                  Types pointed to are unrelated; conversion requires reinterpret_cast, C-style cast or parenthesized function-style cast
          C:\Users\mcmco\Desktop\WMMR\src\MovieMakerCore\HMREngine\DXResources\EffectResourceDX.cpp(164,46):
          while trying to match the argument list '(ID3DX11EffectVariable *)'
  
C:\Users\mcmco\Desktop\WMMR\src\MovieMakerCore\HMREngine\DXResources\MeshResourceDX.cpp(134,26): error C2065: 'm_context': undeclared identifier [C:\Users\mcmco\Desktop\WMMR\build\src\MovieMakerCore\MovieMakerCore.vcxproj]
C:\Users\mcmco\Desktop\WMMR\src\MovieMakerCore\HMREngine\DXResources\MeshResourceDX.cpp(135,9): error C2065: 'm_context': undeclared identifier [C:\Users\mcmco\Desktop\WMMR\build\src\MovieMakerCore\MovieMakerCore.vcxproj]
C:\Users\mcmco\Desktop\WMMR\src\MovieMakerCore\HMREngine\DXResources\MeshResourceDX.cpp(165,19): error C2065: 'm_device': undeclared identifier [C:\Users\mcmco\Desktop\WMMR\build\src\MovieMakerCore\MovieMakerCore.vcxproj]
C:\Users\mcmco\Desktop\WMMR\src\MovieMakerCore\HMREngine\DXResources\EffectResourceDX.cpp(171,46): error C2440: 'initializing': cannot convert from 'ID3DX11EffectVariable *' to 'ATL::CComPtr<ID3DX11EffectMatrixVariable>' [C:\Users\mcmco\Desktop\WMMR\build\src\MovieMakerCore\MovieMakerCore.vcxproj]
      C:\Users\mcmco\Desktop\WMMR\src\MovieMakerCore\HMREngine\DXResources\EffectResourceDX.cpp(171,46):
      'ATL::CComPtr<ID3DX11EffectMatrixVariable>::CComPtr': no overloaded function could convert all the argument types
          C:\Program Files (x86)\Microsoft Visual Studio\2022\BuildTools\VC\Tools\MSVC\14.44.35207\atlmfc\include\atlcomcli.h(381,5):
          could be 'ATL::CComPtr<ID3DX11EffectMatrixVariable>::CComPtr(ATL::CComPtr<ID3DX11EffectMatrixVariable> &&) throw()'
              C:\Users\mcmco\Desktop\WMMR\src\MovieMakerCore\HMREngine\DXResources\EffectResourceDX.cpp(171,46):
              'ATL::CComPtr<ID3DX11EffectMatrixVariable>::CComPtr(ATL::CComPtr<ID3DX11EffectMatrixVariable> &&) throw()': cannot convert argument 1 from 'ID3DX11EffectVariable *' to 'ATL::CComPtr<ID3DX11EffectMatrixVariable> &&'
                  C:\Users\mcmco\Desktop\WMMR\src\MovieMakerCore\HMREngine\DXResources\EffectResourceDX.cpp(171,75):
                  Reason: cannot convert from 'ID3DX11EffectVariable *' to 'ATL::CComPtr<ID3DX11EffectMatrixVariable>'
          C:\Program Files (x86)\Microsoft Visual Studio\2022\BuildTools\VC\Tools\MSVC\14.44.35207\atlmfc\include\atlcomcli.h(352,5):
          or       'ATL::CComPtr<ID3DX11EffectMatrixVariable>::CComPtr(const ATL::CComPtr<ID3DX11EffectMatrixVariable> &) throw()'
              C:\Users\mcmco\Desktop\WMMR\src\MovieMakerCore\HMREngine\DXResources\EffectResourceDX.cpp(171,46):
              'ATL::CComPtr<ID3DX11EffectMatrixVariable>::CComPtr(const ATL::CComPtr<ID3DX11EffectMatrixVariable> &) throw()': cannot convert argument 1 from 'ID3DX11EffectVariable *' to 'const ATL::CComPtr<ID3DX11EffectMatrixVariable> &'
                  C:\Users\mcmco\Desktop\WMMR\src\MovieMakerCore\HMREngine\DXResources\EffectResourceDX.cpp(171,75):
                  Reason: cannot convert from 'ID3DX11EffectVariable *' to 'const ATL::CComPtr<ID3DX11EffectMatrixVariable>'
          C:\Program Files (x86)\Microsoft Visual Studio\2022\BuildTools\VC\Tools\MSVC\14.44.35207\atlmfc\include\atlcomcli.h(348,5):
          or       'ATL::CComPtr<ID3DX11EffectMatrixVariable>::CComPtr(T *) throw()'
          with
          [
              T=ID3DX11EffectMatrixVariable
          ]
              C:\Users\mcmco\Desktop\WMMR\src\MovieMakerCore\HMREngine\DXResources\EffectResourceDX.cpp(171,46):
              'ATL::CComPtr<ID3DX11EffectMatrixVariable>::CComPtr(T *) throw()': cannot convert argument 1 from 'ID3DX11EffectVariable *' to 'T *'
          with
          [
              T=ID3DX11EffectMatrixVariable
          ]
                  C:\Users\mcmco\Desktop\WMMR\src\MovieMakerCore\HMREngine\DXResources\EffectResourceDX.cpp(171,75):
                  Types pointed to are unrelated; conversion requires reinterpret_cast, C-style cast or parenthesized function-style cast
          C:\Users\mcmco\Desktop\WMMR\src\MovieMakerCore\HMREngine\DXResources\EffectResourceDX.cpp(171,46):
          while trying to match the argument list '(ID3DX11EffectVariable *)'
  
C:\Users\mcmco\Desktop\WMMR\src\MovieMakerCore\HMREngine\DXResources\MeshResourceDX.cpp(188,10): error C2065: 'm_device': undeclared identifier [C:\Users\mcmco\Desktop\WMMR\build\src\MovieMakerCore\MovieMakerCore.vcxproj]
C:\Users\mcmco\Desktop\WMMR\src\MovieMakerCore\HMREngine\DXResources\MeshResourceDX.cpp(203,18): error C2065: 'm_device': undeclared identifier [C:\Users\mcmco\Desktop\WMMR\build\src\MovieMakerCore\MovieMakerCore.vcxproj]
C:\Users\mcmco\Desktop\WMMR\src\MovieMakerCore\HMREngine\DXResources\MeshResourceDX.cpp(213,14): error C2065: 'm_device': undeclared identifier [C:\Users\mcmco\Desktop\WMMR\build\src\MovieMakerCore\MovieMakerCore.vcxproj]
C:\Users\mcmco\Desktop\WMMR\src\MovieMakerCore\HMREngine\DXResources\EffectResourceDX.cpp(178,54): error C2440: 'initializing': cannot convert from 'ID3DX11EffectVariable *' to 'ATL::CComPtr<ID3DX11EffectShaderResourceVariable>' [C:\Users\mcmco\Desktop\WMMR\build\src\MovieMakerCore\MovieMakerCore.vcxproj]
      C:\Users\mcmco\Desktop\WMMR\src\MovieMakerCore\HMREngine\DXResources\EffectResourceDX.cpp(178,54):
      'ATL::CComPtr<ID3DX11EffectShaderResourceVariable>::CComPtr': no overloaded function could convert all the argument types
          C:\Program Files (x86)\Microsoft Visual Studio\2022\BuildTools\VC\Tools\MSVC\14.44.35207\atlmfc\include\atlcomcli.h(381,5):
          could be 'ATL::CComPtr<ID3DX11EffectShaderResourceVariable>::CComPtr(ATL::CComPtr<ID3DX11EffectShaderResourceVariable> &&) throw()'
              C:\Users\mcmco\Desktop\WMMR\src\MovieMakerCore\HMREngine\DXResources\EffectResourceDX.cpp(178,54):
              'ATL::CComPtr<ID3DX11EffectShaderResourceVariable>::CComPtr(ATL::CComPtr<ID3DX11EffectShaderResourceVariable> &&) throw()': cannot convert argument 1 from 'ID3DX11EffectVariable *' to 'ATL::CComPtr<ID3DX11EffectShaderResourceVariable> &&'
                  C:\Users\mcmco\Desktop\WMMR\src\MovieMakerCore\HMREngine\DXResources\EffectResourceDX.cpp(178,83):
                  Reason: cannot convert from 'ID3DX11EffectVariable *' to 'ATL::CComPtr<ID3DX11EffectShaderResourceVariable>'
          C:\Program Files (x86)\Microsoft Visual Studio\2022\BuildTools\VC\Tools\MSVC\14.44.35207\atlmfc\include\atlcomcli.h(352,5):
          or       'ATL::CComPtr<ID3DX11EffectShaderResourceVariable>::CComPtr(const ATL::CComPtr<ID3DX11EffectShaderResourceVariable> &) throw()'
              C:\Users\mcmco\Desktop\WMMR\src\MovieMakerCore\HMREngine\DXResources\EffectResourceDX.cpp(178,54):
              'ATL::CComPtr<ID3DX11EffectShaderResourceVariable>::CComPtr(const ATL::CComPtr<ID3DX11EffectShaderResourceVariable> &) throw()': cannot convert argument 1 from 'ID3DX11EffectVariable *' to 'const ATL::CComPtr<ID3DX11EffectShaderResourceVariable> &'
                  C:\Users\mcmco\Desktop\WMMR\src\MovieMakerCore\HMREngine\DXResources\EffectResourceDX.cpp(178,83):
                  Reason: cannot convert from 'ID3DX11EffectVariable *' to 'const ATL::CComPtr<ID3DX11EffectShaderResourceVariable>'
          C:\Program Files (x86)\Microsoft Visual Studio\2022\BuildTools\VC\Tools\MSVC\14.44.35207\atlmfc\include\atlcomcli.h(348,5):
          or       'ATL::CComPtr<ID3DX11EffectShaderResourceVariable>::CComPtr(T *) throw()'
          with
          [
              T=ID3DX11EffectShaderResourceVariable
          ]
              C:\Users\mcmco\Desktop\WMMR\src\MovieMakerCore\HMREngine\DXResources\EffectResourceDX.cpp(178,54):
              'ATL::CComPtr<ID3DX11EffectShaderResourceVariable>::CComPtr(T *) throw()': cannot convert argument 1 from 'ID3DX11EffectVariable *' to 'T *'
          with
          [
              T=ID3DX11EffectShaderResourceVariable
          ]
                  C:\Users\mcmco\Desktop\WMMR\src\MovieMakerCore\HMREngine\DXResources\EffectResourceDX.cpp(178,83):
                  Types pointed to are unrelated; conversion requires reinterpret_cast, C-style cast or parenthesized function-style cast
          C:\Users\mcmco\Desktop\WMMR\src\MovieMakerCore\HMREngine\DXResources\EffectResourceDX.cpp(178,54):
          while trying to match the argument list '(ID3DX11EffectVariable *)'
  
C:\Users\mcmco\Desktop\WMMR\src\MovieMakerCore\HMREngine\DXResources\EffectResourceDX.cpp(185,46): error C2440: 'initializing': cannot convert from 'ID3DX11EffectVariable *' to 'ATL::CComPtr<ID3DX11EffectScalarVariable>' [C:\Users\mcmco\Desktop\WMMR\build\src\MovieMakerCore\MovieMakerCore.vcxproj]
      C:\Users\mcmco\Desktop\WMMR\src\MovieMakerCore\HMREngine\DXResources\EffectResourceDX.cpp(185,46):
      'ATL::CComPtr<ID3DX11EffectScalarVariable>::CComPtr': no overloaded function could convert all the argument types
          C:\Program Files (x86)\Microsoft Visual Studio\2022\BuildTools\VC\Tools\MSVC\14.44.35207\atlmfc\include\atlcomcli.h(381,5):
          could be 'ATL::CComPtr<ID3DX11EffectScalarVariable>::CComPtr(ATL::CComPtr<ID3DX11EffectScalarVariable> &&) throw()'
              C:\Users\mcmco\Desktop\WMMR\src\MovieMakerCore\HMREngine\DXResources\EffectResourceDX.cpp(185,46):
              'ATL::CComPtr<ID3DX11EffectScalarVariable>::CComPtr(ATL::CComPtr<ID3DX11EffectScalarVariable> &&) throw()': cannot convert argument 1 from 'ID3DX11EffectVariable *' to 'ATL::CComPtr<ID3DX11EffectScalarVariable> &&'
                  C:\Users\mcmco\Desktop\WMMR\src\MovieMakerCore\HMREngine\DXResources\EffectResourceDX.cpp(185,75):
                  Reason: cannot convert from 'ID3DX11EffectVariable *' to 'ATL::CComPtr<ID3DX11EffectScalarVariable>'
          C:\Program Files (x86)\Microsoft Visual Studio\2022\BuildTools\VC\Tools\MSVC\14.44.35207\atlmfc\include\atlcomcli.h(352,5):
          or       'ATL::CComPtr<ID3DX11EffectScalarVariable>::CComPtr(const ATL::CComPtr<ID3DX11EffectScalarVariable> &) throw()'
              C:\Users\mcmco\Desktop\WMMR\src\MovieMakerCore\HMREngine\DXResources\EffectResourceDX.cpp(185,46):
              'ATL::CComPtr<ID3DX11EffectScalarVariable>::CComPtr(const ATL::CComPtr<ID3DX11EffectScalarVariable> &) throw()': cannot convert argument 1 from 'ID3DX11EffectVariable *' to 'const ATL::CComPtr<ID3DX11EffectScalarVariable> &'
                  C:\Users\mcmco\Desktop\WMMR\src\MovieMakerCore\HMREngine\DXResources\EffectResourceDX.cpp(185,75):
                  Reason: cannot convert from 'ID3DX11EffectVariable *' to 'const ATL::CComPtr<ID3DX11EffectScalarVariable>'
          C:\Program Files (x86)\Microsoft Visual Studio\2022\BuildTools\VC\Tools\MSVC\14.44.35207\atlmfc\include\atlcomcli.h(348,5):
          or       'ATL::CComPtr<ID3DX11EffectScalarVariable>::CComPtr(T *) throw()'
          with
          [
              T=ID3DX11EffectScalarVariable
          ]
              C:\Users\mcmco\Desktop\WMMR\src\MovieMakerCore\HMREngine\DXResources\EffectResourceDX.cpp(185,46):
              'ATL::CComPtr<ID3DX11EffectScalarVariable>::CComPtr(T *) throw()': cannot convert argument 1 from 'ID3DX11EffectVariable *' to 'T *'
          with
          [
              T=ID3DX11EffectScalarVariable
          ]
                  C:\Users\mcmco\Desktop\WMMR\src\MovieMakerCore\HMREngine\DXResources\EffectResourceDX.cpp(185,75):
                  Types pointed to are unrelated; conversion requires reinterpret_cast, C-style cast or parenthesized function-style cast
          C:\Users\mcmco\Desktop\WMMR\src\MovieMakerCore\HMREngine\DXResources\EffectResourceDX.cpp(185,46):
          while trying to match the argument list '(ID3DX11EffectVariable *)'
  
C:\Users\mcmco\Desktop\WMMR\src\MovieMakerCore\HMREngine\DXResources\EffectResourceDX.cpp(192,46): error C2440: 'initializing': cannot convert from 'ID3DX11EffectVariable *' to 'ATL::CComPtr<ID3DX11EffectScalarVariable>' [C:\Users\mcmco\Desktop\WMMR\build\src\MovieMakerCore\MovieMakerCore.vcxproj]
      C:\Users\mcmco\Desktop\WMMR\src\MovieMakerCore\HMREngine\DXResources\EffectResourceDX.cpp(192,46):
      'ATL::CComPtr<ID3DX11EffectScalarVariable>::CComPtr': no overloaded function could convert all the argument types
          C:\Program Files (x86)\Microsoft Visual Studio\2022\BuildTools\VC\Tools\MSVC\14.44.35207\atlmfc\include\atlcomcli.h(381,5):
          could be 'ATL::CComPtr<ID3DX11EffectScalarVariable>::CComPtr(ATL::CComPtr<ID3DX11EffectScalarVariable> &&) throw()'
              C:\Users\mcmco\Desktop\WMMR\src\MovieMakerCore\HMREngine\DXResources\EffectResourceDX.cpp(192,46):
              'ATL::CComPtr<ID3DX11EffectScalarVariable>::CComPtr(ATL::CComPtr<ID3DX11EffectScalarVariable> &&) throw()': cannot convert argument 1 from 'ID3DX11EffectVariable *' to 'ATL::CComPtr<ID3DX11EffectScalarVariable> &&'
                  C:\Users\mcmco\Desktop\WMMR\src\MovieMakerCore\HMREngine\DXResources\EffectResourceDX.cpp(192,75):
                  Reason: cannot convert from 'ID3DX11EffectVariable *' to 'ATL::CComPtr<ID3DX11EffectScalarVariable>'
          C:\Program Files (x86)\Microsoft Visual Studio\2022\BuildTools\VC\Tools\MSVC\14.44.35207\atlmfc\include\atlcomcli.h(352,5):
          or       'ATL::CComPtr<ID3DX11EffectScalarVariable>::CComPtr(const ATL::CComPtr<ID3DX11EffectScalarVariable> &) throw()'
              C:\Users\mcmco\Desktop\WMMR\src\MovieMakerCore\HMREngine\DXResources\EffectResourceDX.cpp(192,46):
              'ATL::CComPtr<ID3DX11EffectScalarVariable>::CComPtr(const ATL::CComPtr<ID3DX11EffectScalarVariable> &) throw()': cannot convert argument 1 from 'ID3DX11EffectVariable *' to 'const ATL::CComPtr<ID3DX11EffectScalarVariable> &'
                  C:\Users\mcmco\Desktop\WMMR\src\MovieMakerCore\HMREngine\DXResources\EffectResourceDX.cpp(192,75):
                  Reason: cannot convert from 'ID3DX11EffectVariable *' to 'const ATL::CComPtr<ID3DX11EffectScalarVariable>'
          C:\Program Files (x86)\Microsoft Visual Studio\2022\BuildTools\VC\Tools\MSVC\14.44.35207\atlmfc\include\atlcomcli.h(348,5):
          or       'ATL::CComPtr<ID3DX11EffectScalarVariable>::CComPtr(T *) throw()'
          with
          [
              T=ID3DX11EffectScalarVariable
          ]
              C:\Users\mcmco\Desktop\WMMR\src\MovieMakerCore\HMREngine\DXResources\EffectResourceDX.cpp(192,46):
              'ATL::CComPtr<ID3DX11EffectScalarVariable>::CComPtr(T *) throw()': cannot convert argument 1 from 'ID3DX11EffectVariable *' to 'T *'
          with
          [
              T=ID3DX11EffectScalarVariable
          ]
                  C:\Users\mcmco\Desktop\WMMR\src\MovieMakerCore\HMREngine\DXResources\EffectResourceDX.cpp(192,75):
                  Types pointed to are unrelated; conversion requires reinterpret_cast, C-style cast or parenthesized function-style cast
          C:\Users\mcmco\Desktop\WMMR\src\MovieMakerCore\HMREngine\DXResources\EffectResourceDX.cpp(192,46):
          while trying to match the argument list '(ID3DX11EffectVariable *)'
  
C:\Users\mcmco\Desktop\WMMR\src\MovieMakerCore\HMREngine\DXResources\EffectResourceDX.cpp(204,5): error C2065: 'm_device': undeclared identifier [C:\Users\mcmco\Desktop\WMMR\build\src\MovieMakerCore\MovieMakerCore.vcxproj]
C:\Users\mcmco\Desktop\WMMR\src\MovieMakerCore\HMREngine\DXResources\EffectResourceDX.cpp(250,5): error C2065: 'm_device': undeclared identifier [C:\Users\mcmco\Desktop\WMMR\build\src\MovieMakerCore\MovieMakerCore.vcxproj]
  X3DLayerImpls.cpp
  X3DSensorImpls.cpp
C:\Users\mcmco\Desktop\WMMR\src\MovieMakerCore\pch.h(21,9): warning C4005: 'WINVER': macro redefinition [C:\Users\mcmco\Desktop\WMMR\build\src\MovieMakerCore\MovieMakerCore.vcxproj]
  (compiling source file '../../../src/MovieMakerCore/HMREngine/X3DNodeImpls/X3DLayerImpls.cpp')
      C:\Users\mcmco\Desktop\WMMR\src\MovieMakerCore\pch.h(21,9):
      'WINVER' previously declared on the command line
  
C:\Users\mcmco\Desktop\WMMR\src\MovieMakerCore\pch.h(22,9): warning C4005: '_WIN32_WINNT': macro redefinition [C:\Users\mcmco\Desktop\WMMR\build\src\MovieMakerCore\MovieMakerCore.vcxproj]
  (compiling source file '../../../src/MovieMakerCore/HMREngine/X3DNodeImpls/X3DLayerImpls.cpp')
      C:\Users\mcmco\Desktop\WMMR\src\MovieMakerCore\pch.h(22,9):
      '_WIN32_WINNT' previously declared on the command line
  
C:\Users\mcmco\Desktop\WMMR\src\MovieMakerCore\pch.h(30,9): warning C4005: 'WIN32_LEAN_AND_MEAN': macro redefinition [C:\Users\mcmco\Desktop\WMMR\build\src\MovieMakerCore\MovieMakerCore.vcxproj]
  (compiling source file '../../../src/MovieMakerCore/HMREngine/X3DNodeImpls/X3DLayerImpls.cpp')
      C:\Users\mcmco\Desktop\WMMR\src\MovieMakerCore\pch.h(30,9):
      'WIN32_LEAN_AND_MEAN' previously declared on the command line
  
C:\Users\mcmco\Desktop\WMMR\src\MovieMakerCore\pch.h(31,9): warning C4005: 'NOMINMAX': macro redefinition [C:\Users\mcmco\Desktop\WMMR\build\src\MovieMakerCore\MovieMakerCore.vcxproj]
  (compiling source file '../../../src/MovieMakerCore/HMREngine/X3DNodeImpls/X3DLayerImpls.cpp')
      C:\Users\mcmco\Desktop\WMMR\src\MovieMakerCore\pch.h(31,9):
      'NOMINMAX' previously declared on the command line
  
C:\Users\mcmco\Desktop\WMMR\src\MovieMakerCore\pch.h(32,9): warning C4005: '_CRT_SECURE_NO_WARNINGS': macro redefinition [C:\Users\mcmco\Desktop\WMMR\build\src\MovieMakerCore\MovieMakerCore.vcxproj]
  (compiling source file '../../../src/MovieMakerCore/HMREngine/X3DNodeImpls/X3DLayerImpls.cpp')
      C:\Users\mcmco\Desktop\WMMR\src\MovieMakerCore\pch.h(32,9):
      '_CRT_SECURE_NO_WARNINGS' previously declared on the command line
  
C:\Users\mcmco\Desktop\WMMR\src\MovieMakerCore\pch.h(33,9): warning C4005: '_WINDLL': macro redefinition [C:\Users\mcmco\Desktop\WMMR\build\src\MovieMakerCore\MovieMakerCore.vcxproj]
  (compiling source file '../../../src/MovieMakerCore/HMREngine/X3DNodeImpls/X3DLayerImpls.cpp')
      C:\Users\mcmco\Desktop\WMMR\src\MovieMakerCore\pch.h(33,9):
      '_WINDLL' previously declared on the command line
  
C:\Users\mcmco\Desktop\WMMR\src\MovieMakerCore\pch.h(34,9): warning C4005: '_AFXDLL': macro redefinition [C:\Users\mcmco\Desktop\WMMR\build\src\MovieMakerCore\MovieMakerCore.vcxproj]
  (compiling source file '../../../src/MovieMakerCore/HMREngine/X3DNodeImpls/X3DLayerImpls.cpp')
      C:\Users\mcmco\Desktop\WMMR\src\MovieMakerCore\pch.h(34,9):
      '_AFXDLL' previously declared on the command line
  
C:\Users\mcmco\Desktop\WMMR\src\MovieMakerCore\pch.h(35,9): warning C4005: '_ATL_CSTRING_EXPLICIT_CONSTRUCTORS': macro redefinition [C:\Users\mcmco\Desktop\WMMR\build\src\MovieMakerCore\MovieMakerCore.vcxproj]
  (compiling source file '../../../src/MovieMakerCore/HMREngine/X3DNodeImpls/X3DLayerImpls.cpp')
      C:\Users\mcmco\Desktop\WMMR\src\MovieMakerCore\pch.h(35,9):
      '_ATL_CSTRING_EXPLICIT_CONSTRUCTORS' previously declared on the command line
  
C:\Users\mcmco\Desktop\WMMR\src\MovieMakerCore\pch.h(36,9): warning C4005: '_ATL_ALL_WARNINGS': macro redefinition [C:\Users\mcmco\Desktop\WMMR\build\src\MovieMakerCore\MovieMakerCore.vcxproj]
  (compiling source file '../../../src/MovieMakerCore/HMREngine/X3DNodeImpls/X3DLayerImpls.cpp')
      C:\Users\mcmco\Desktop\WMMR\src\MovieMakerCore\pch.h(36,9):
      '_ATL_ALL_WARNINGS' previously declared on the command line
  
C:\Users\mcmco\Desktop\WMMR\src\MovieMakerCore\HMREngine\DXResources\DXResources.h(98,27): error C3646: 'Formats': unknown override specifier [C:\Users\mcmco\Desktop\WMMR\build\src\MovieMakerCore\MovieMakerCore.vcxproj]
  (compiling source file '../../../src/MovieMakerCore/HMREngine/DXResources/RenderLoopDX.cpp')
  
C:\Users\mcmco\Desktop\WMMR\src\MovieMakerCore\pch.h(21,9): warning C4005: 'WINVER': macro redefinition [C:\Users\mcmco\Desktop\WMMR\build\src\MovieMakerCore\MovieMakerCore.vcxproj]
  (compiling source file '../../../src/MovieMakerCore/HMREngine/X3DNodeImpls/X3DSensorImpls.cpp')
      C:\Users\mcmco\Desktop\WMMR\src\MovieMakerCore\pch.h(21,9):
      'WINVER' previously declared on the command line
  
C:\Users\mcmco\Desktop\WMMR\src\MovieMakerCore\pch.h(22,9): warning C4005: '_WIN32_WINNT': macro redefinition [C:\Users\mcmco\Desktop\WMMR\build\src\MovieMakerCore\MovieMakerCore.vcxproj]
  (compiling source file '../../../src/MovieMakerCore/HMREngine/X3DNodeImpls/X3DSensorImpls.cpp')
      C:\Users\mcmco\Desktop\WMMR\src\MovieMakerCore\pch.h(22,9):
      '_WIN32_WINNT' previously declared on the command line
  
C:\Users\mcmco\Desktop\WMMR\src\MovieMakerCore\pch.h(30,9): warning C4005: 'WIN32_LEAN_AND_MEAN': macro redefinition [C:\Users\mcmco\Desktop\WMMR\build\src\MovieMakerCore\MovieMakerCore.vcxproj]
  (compiling source file '../../../src/MovieMakerCore/HMREngine/X3DNodeImpls/X3DSensorImpls.cpp')
      C:\Users\mcmco\Desktop\WMMR\src\MovieMakerCore\pch.h(30,9):
      'WIN32_LEAN_AND_MEAN' previously declared on the command line
  
C:\Users\mcmco\Desktop\WMMR\src\MovieMakerCore\pch.h(31,9): warning C4005: 'NOMINMAX': macro redefinition [C:\Users\mcmco\Desktop\WMMR\build\src\MovieMakerCore\MovieMakerCore.vcxproj]
  (compiling source file '../../../src/MovieMakerCore/HMREngine/X3DNodeImpls/X3DSensorImpls.cpp')
      C:\Users\mcmco\Desktop\WMMR\src\MovieMakerCore\pch.h(31,9):
      'NOMINMAX' previously declared on the command line
  
C:\Users\mcmco\Desktop\WMMR\src\MovieMakerCore\pch.h(32,9): warning C4005: '_CRT_SECURE_NO_WARNINGS': macro redefinition [C:\Users\mcmco\Desktop\WMMR\build\src\MovieMakerCore\MovieMakerCore.vcxproj]
  (compiling source file '../../../src/MovieMakerCore/HMREngine/X3DNodeImpls/X3DSensorImpls.cpp')
      C:\Users\mcmco\Desktop\WMMR\src\MovieMakerCore\pch.h(32,9):
      '_CRT_SECURE_NO_WARNINGS' previously declared on the command line
  
C:\Users\mcmco\Desktop\WMMR\src\MovieMakerCore\pch.h(33,9): warning C4005: '_WINDLL': macro redefinition [C:\Users\mcmco\Desktop\WMMR\build\src\MovieMakerCore\MovieMakerCore.vcxproj]
  (compiling source file '../../../src/MovieMakerCore/HMREngine/X3DNodeImpls/X3DSensorImpls.cpp')
      C:\Users\mcmco\Desktop\WMMR\src\MovieMakerCore\pch.h(33,9):
      '_WINDLL' previously declared on the command line
  
C:\Users\mcmco\Desktop\WMMR\src\MovieMakerCore\pch.h(34,9): warning C4005: '_AFXDLL': macro redefinition [C:\Users\mcmco\Desktop\WMMR\build\src\MovieMakerCore\MovieMakerCore.vcxproj]
  (compiling source file '../../../src/MovieMakerCore/HMREngine/X3DNodeImpls/X3DSensorImpls.cpp')
      C:\Users\mcmco\Desktop\WMMR\src\MovieMakerCore\pch.h(34,9):
      '_AFXDLL' previously declared on the command line
  
C:\Users\mcmco\Desktop\WMMR\src\MovieMakerCore\pch.h(35,9): warning C4005: '_ATL_CSTRING_EXPLICIT_CONSTRUCTORS': macro redefinition [C:\Users\mcmco\Desktop\WMMR\build\src\MovieMakerCore\MovieMakerCore.vcxproj]
  (compiling source file '../../../src/MovieMakerCore/HMREngine/X3DNodeImpls/X3DSensorImpls.cpp')
      C:\Users\mcmco\Desktop\WMMR\src\MovieMakerCore\pch.h(35,9):
      '_ATL_CSTRING_EXPLICIT_CONSTRUCTORS' previously declared on the command line
  
C:\Users\mcmco\Desktop\WMMR\src\MovieMakerCore\pch.h(36,9): warning C4005: '_ATL_ALL_WARNINGS': macro redefinition [C:\Users\mcmco\Desktop\WMMR\build\src\MovieMakerCore\MovieMakerCore.vcxproj]
  (compiling source file '../../../src/MovieMakerCore/HMREngine/X3DNodeImpls/X3DSensorImpls.cpp')
      C:\Users\mcmco\Desktop\WMMR\src\MovieMakerCore\pch.h(36,9):
      '_ATL_ALL_WARNINGS' previously declared on the command line
  
C:\Users\mcmco\Desktop\WMMR\src\MovieMakerCore\HMREngine\DXResources\RenderLoopDX.h(62,42): error C2504: 'HMREngine::DX::DeviceClientDXImpl': base class undefined [C:\Users\mcmco\Desktop\WMMR\build\src\MovieMakerCore\MovieMakerCore.vcxproj]
  (compiling source file '../../../src/MovieMakerCore/HMREngine/DXResources/RenderLoopDX.cpp')
  
C:\Users\mcmco\Desktop\WMMR\src\MovieMakerCore\HMREngine\DXResources\DXResources.h(98,27): error C3646: 'Formats': unknown override specifier [C:\Users\mcmco\Desktop\WMMR\build\src\MovieMakerCore\MovieMakerCore.vcxproj]
  (compiling source file '../../../src/MovieMakerCore/HMREngine/DXResources/TextResourceDX.cpp')
  
C:\Users\mcmco\Desktop\WMMR\src\MovieMakerCore\HMREngine\DXResources\TextResourceDX.h(11,43): error C2504: 'HMREngine::DX::DeviceClientDXImpl': base class undefined [C:\Users\mcmco\Desktop\WMMR\build\src\MovieMakerCore\MovieMakerCore.vcxproj]
  (compiling source file '../../../src/MovieMakerCore/HMREngine/DXResources/TextResourceDX.cpp')
  
C:\Users\mcmco\Desktop\WMMR\src\MovieMakerCore\HMREngine\DXResources\DXResources.h(98,27): error C3646: 'Formats': unknown override specifier [C:\Users\mcmco\Desktop\WMMR\build\src\MovieMakerCore\MovieMakerCore.vcxproj]
  (compiling source file '../../../src/MovieMakerCore/HMREngine/DXResources/ResourceCacheDX.cpp')
  
C:\Users\mcmco\Desktop\WMMR\src\MovieMakerCore\HMREngine\DXResources\TextResourceDX.cpp(26,5): error C2065: 'm_device': undeclared identifier [C:\Users\mcmco\Desktop\WMMR\build\src\MovieMakerCore\MovieMakerCore.vcxproj]
C:\Users\mcmco\Desktop\WMMR\src\MovieMakerCore\HMREngine\DXResources\TextResourceDX.cpp(27,5): error C2065: 'm_context': undeclared identifier [C:\Users\mcmco\Desktop\WMMR\build\src\MovieMakerCore\MovieMakerCore.vcxproj]
C:\Users\mcmco\Desktop\WMMR\src\MovieMakerCore\HMREngine\DXResources\TextureResourceDX.h(11,42): error C2504: 'HMREngine::DX::DeviceClientDXImpl': base class undefined [C:\Users\mcmco\Desktop\WMMR\build\src\MovieMakerCore\MovieMakerCore.vcxproj]
  (compiling source file '../../../src/MovieMakerCore/HMREngine/DXResources/ResourceCacheDX.cpp')
  
C:\Users\mcmco\Desktop\WMMR\src\MovieMakerCore\HMREngine\DXResources\TextResourceDX.cpp(55,12): error C2661: 'D2D1CreateFactory': no overloaded function takes 2 arguments [C:\Users\mcmco\Desktop\WMMR\build\src\MovieMakerCore\MovieMakerCore.vcxproj]
      C:\Program Files (x86)\Windows Kits\10\Include\10.0.26100.0\um\d2d1.h(3750,1):
      could be 'HRESULT D2D1CreateFactory(D2D1_FACTORY_TYPE,const D2D1_FACTORY_OPTIONS &,Factory **)'
          C:\Users\mcmco\Desktop\WMMR\src\MovieMakerCore\HMREngine\DXResources\TextResourceDX.cpp(55,12):
          'HRESULT D2D1CreateFactory(D2D1_FACTORY_TYPE,const D2D1_FACTORY_OPTIONS &,Factory **)': expects 3 arguments - 2 provided
      C:\Program Files (x86)\Windows Kits\10\Include\10.0.26100.0\um\d2d1.h(3735,1):
      or       'HRESULT D2D1CreateFactory(D2D1_FACTORY_TYPE,Factory **)'
          C:\Users\mcmco\Desktop\WMMR\src\MovieMakerCore\HMREngine\DXResources\TextResourceDX.cpp(55,30):
          'initializing': cannot convert from 'const _GUID' to 'D2D1_FACTORY_TYPE'
              C:\Users\mcmco\Desktop\WMMR\src\MovieMakerCore\HMREngine\DXResources\TextResourceDX.cpp(55,30):
              No user-defined-conversion operator available that can perform this conversion, or the operator cannot be called
      C:\Users\mcmco\Desktop\WMMR\src\MovieMakerCore\HMREngine\DXResources\TextResourceDX.cpp(55,12):
      while trying to match the argument list '(const _GUID, T **)'
          with
          [
              T=ID2D1Factory
          ]
  
C:\Users\mcmco\Desktop\WMMR\src\MovieMakerCore\HMREngine\DXResources\TextureResourceDX.h(66,48): error C2504: 'HMREngine::DX::DeviceClientDXImpl': base class undefined [C:\Users\mcmco\Desktop\WMMR\build\src\MovieMakerCore\MovieMakerCore.vcxproj]
  (compiling source file '../../../src/MovieMakerCore/HMREngine/DXResources/ResourceCacheDX.cpp')
  
C:\Users\mcmco\Desktop\WMMR\src\MovieMakerCore\HMREngine\DXResources\TextResourceDX.cpp(60,12): error C2660: 'DWriteCreateFactory': function does not take 2 arguments [C:\Users\mcmco\Desktop\WMMR\build\src\MovieMakerCore\MovieMakerCore.vcxproj]
      C:\Program Files (x86)\Windows Kits\10\Include\10.0.26100.0\um\dwrite.h(5123,32):
      see declaration of 'DWriteCreateFactory'
      C:\Users\mcmco\Desktop\WMMR\src\MovieMakerCore\HMREngine\DXResources\TextResourceDX.cpp(60,12):
      while trying to match the argument list '(const _GUID, IUnknown **)'
  
C:\Users\mcmco\Desktop\WMMR\src\MovieMakerCore\HMREngine\DXResources\TextResourceDX.cpp(77,5): error C2661: 'D2D1CreateFactory': no overloaded function takes 2 arguments [C:\Users\mcmco\Desktop\WMMR\build\src\MovieMakerCore\MovieMakerCore.vcxproj]
      C:\Program Files (x86)\Windows Kits\10\Include\10.0.26100.0\um\d2d1.h(3750,1):
      could be 'HRESULT D2D1CreateFactory(D2D1_FACTORY_TYPE,const D2D1_FACTORY_OPTIONS &,Factory **)'
          C:\Users\mcmco\Desktop\WMMR\src\MovieMakerCore\HMREngine\DXResources\TextResourceDX.cpp(77,5):
          'HRESULT D2D1CreateFactory(D2D1_FACTORY_TYPE,const D2D1_FACTORY_OPTIONS &,Factory **)': expects 3 arguments - 2 provided
      C:\Program Files (x86)\Windows Kits\10\Include\10.0.26100.0\um\d2d1.h(3735,1):
      or       'HRESULT D2D1CreateFactory(D2D1_FACTORY_TYPE,Factory **)'
          C:\Users\mcmco\Desktop\WMMR\src\MovieMakerCore\HMREngine\DXResources\TextResourceDX.cpp(77,23):
          'initializing': cannot convert from 'const _GUID' to 'D2D1_FACTORY_TYPE'
              C:\Users\mcmco\Desktop\WMMR\src\MovieMakerCore\HMREngine\DXResources\TextResourceDX.cpp(77,23):
              No user-defined-conversion operator available that can perform this conversion, or the operator cannot be called
      C:\Users\mcmco\Desktop\WMMR\src\MovieMakerCore\HMREngine\DXResources\TextResourceDX.cpp(77,5):
      while trying to match the argument list '(const _GUID, T **)'
          with
          [
              T=ID2D1Factory
          ]
  
C:\Users\mcmco\Desktop\WMMR\src\MovieMakerCore\HMREngine\DXResources\TextResourceDX.cpp(80,9): error C2065: 'D2D1_RENDER_TYPE_DEFAULT': undeclared identifier [C:\Users\mcmco\Desktop\WMMR\build\src\MovieMakerCore\MovieMakerCore.vcxproj]
C:\Users\mcmco\Desktop\WMMR\src\MovieMakerCore\HMREngine\DXResources\TextResourceDX.cpp(110,10): error C2065: 'm_device': undeclared identifier [C:\Users\mcmco\Desktop\WMMR\build\src\MovieMakerCore\MovieMakerCore.vcxproj]
C:\Users\mcmco\Desktop\WMMR\src\MovieMakerCore\HMREngine\DXResources\RenderLoopDX.cpp(49,18): error C2027: use of undefined type 'HMREngine::DX::EngineDX' [C:\Users\mcmco\Desktop\WMMR\build\src\MovieMakerCore\MovieMakerCore.vcxproj]
      C:\Users\mcmco\Desktop\WMMR\src\MovieMakerCore\HMREngine\DXResources\DXResources.h(30,15):
      see declaration of 'HMREngine::DX::EngineDX'
  
C:\Users\mcmco\Desktop\WMMR\src\MovieMakerCore\HMREngine\DXResources\RenderLoopDX.cpp(52,10): error C2027: use of undefined type 'HMREngine::DX::EngineDX' [C:\Users\mcmco\Desktop\WMMR\build\src\MovieMakerCore\MovieMakerCore.vcxproj]
      C:\Users\mcmco\Desktop\WMMR\src\MovieMakerCore\HMREngine\DXResources\DXResources.h(30,15):
      see declaration of 'HMREngine::DX::EngineDX'
  
C:\Users\mcmco\Desktop\WMMR\src\MovieMakerCore\HMREngine\DXResources\RenderLoopDX.cpp(55,10): error C2027: use of undefined type 'HMREngine::DX::EngineDX' [C:\Users\mcmco\Desktop\WMMR\build\src\MovieMakerCore\MovieMakerCore.vcxproj]
      C:\Users\mcmco\Desktop\WMMR\src\MovieMakerCore\HMREngine\DXResources\DXResources.h(30,15):
      see declaration of 'HMREngine::DX::EngineDX'
  
C:\Users\mcmco\Desktop\WMMR\src\MovieMakerCore\HMREngine\DXResources\RenderLoopDX.cpp(72,18): error C2027: use of undefined type 'HMREngine::DX::EngineDX' [C:\Users\mcmco\Desktop\WMMR\build\src\MovieMakerCore\MovieMakerCore.vcxproj]
      C:\Users\mcmco\Desktop\WMMR\src\MovieMakerCore\HMREngine\DXResources\DXResources.h(30,15):
      see declaration of 'HMREngine::DX::EngineDX'
  
C:\Users\mcmco\Desktop\WMMR\src\MovieMakerCore\HMREngine\DXResources\TextResourceDX.cpp(129,17): error C2039: 'SetRenderingParams': is not a member of 'ATL::_NoAddRefReleaseOnCComPtr<T>' [C:\Users\mcmco\Desktop\WMMR\build\src\MovieMakerCore\MovieMakerCore.vcxproj]
C:\Users\mcmco\Desktop\WMMR\src\MovieMakerCore\HMREngine\DXResources\TextResourceDX.cpp(129,17): error C2039:         with [C:\Users\mcmco\Desktop\WMMR\build\src\MovieMakerCore\MovieMakerCore.vcxproj]
C:\Users\mcmco\Desktop\WMMR\src\MovieMakerCore\HMREngine\DXResources\TextResourceDX.cpp(129,17): error C2039:         [ [C:\Users\mcmco\Desktop\WMMR\build\src\MovieMakerCore\MovieMakerCore.vcxproj]
C:\Users\mcmco\Desktop\WMMR\src\MovieMakerCore\HMREngine\DXResources\TextResourceDX.cpp(129,17): error C2039:             T=IDWriteTextFormat [C:\Users\mcmco\Desktop\WMMR\build\src\MovieMakerCore\MovieMakerCore.vcxproj]
C:\Users\mcmco\Desktop\WMMR\src\MovieMakerCore\HMREngine\DXResources\TextResourceDX.cpp(129,17): error C2039:         ] [C:\Users\mcmco\Desktop\WMMR\build\src\MovieMakerCore\MovieMakerCore.vcxproj]
      C:\Program Files (x86)\Microsoft Visual Studio\2022\BuildTools\VC\Tools\MSVC\14.44.35207\atlmfc\include\atlcomcli.h(134,29):
      see declaration of 'ATL::_NoAddRefReleaseOnCComPtr<T>'
          with
          [
              T=IDWriteTextFormat
          ]
  
C:\Users\mcmco\Desktop\WMMR\src\MovieMakerCore\HMREngine\DXResources\RenderLoopDX.cpp(75,10): error C2027: use of undefined type 'HMREngine::DX::EngineDX' [C:\Users\mcmco\Desktop\WMMR\build\src\MovieMakerCore\MovieMakerCore.vcxproj]
      C:\Users\mcmco\Desktop\WMMR\src\MovieMakerCore\HMREngine\DXResources\DXResources.h(30,15):
      see declaration of 'HMREngine::DX::EngineDX'
  
C:\Users\mcmco\Desktop\WMMR\src\MovieMakerCore\HMREngine\DXResources\RenderLoopDX.cpp(120,10): error C2065: 'm_device': undeclared identifier [C:\Users\mcmco\Desktop\WMMR\build\src\MovieMakerCore\MovieMakerCore.vcxproj]
C:\Users\mcmco\Desktop\WMMR\src\MovieMakerCore\HMREngine\DXResources\RenderLoopDX.cpp(139,18): error C2065: 'm_device': undeclared identifier [C:\Users\mcmco\Desktop\WMMR\build\src\MovieMakerCore\MovieMakerCore.vcxproj]
C:\Users\mcmco\Desktop\WMMR\src\MovieMakerCore\HMREngine\DXResources\RenderLoopDX.cpp(142,10): error C2065: 'm_device': undeclared identifier [C:\Users\mcmco\Desktop\WMMR\build\src\MovieMakerCore\MovieMakerCore.vcxproj]
C:\Users\mcmco\Desktop\WMMR\src\MovieMakerCore\HMREngine\DXResources\TextResourceDX.cpp(160,9): error C2664: 'void ID2D1RenderTarget::DrawTextLayout(D2D1_POINT_2F,IDWriteTextLayout *,ID2D1Brush *,D2D1_DRAW_TEXT_OPTIONS)': cannot convert argument 4 from 'D2D1_RECT_F' to 'D2D1_DRAW_TEXT_OPTIONS' [C:\Users\mcmco\Desktop\WMMR\build\src\MovieMakerCore\MovieMakerCore.vcxproj]
      C:\Users\mcmco\Desktop\WMMR\src\MovieMakerCore\HMREngine\DXResources\TextResourceDX.cpp(160,70):
      No user-defined-conversion operator available that can perform this conversion, or the operator cannot be called
      C:\Program Files (x86)\Windows Kits\10\Include\10.0.26100.0\um\d2d1.h(2636,5):
      see declaration of 'ID2D1RenderTarget::DrawTextLayout'
      C:\Users\mcmco\Desktop\WMMR\src\MovieMakerCore\HMREngine\DXResources\TextResourceDX.cpp(160,9):
      while trying to match the argument list '(D2D1_POINT_2F, ATL::CComPtr<IDWriteTextLayout>, ATL::CComPtr<ID2D1SolidColorBrush>, D2D1_RECT_F)'
  
C:\Users\mcmco\Desktop\WMMR\src\MovieMakerCore\HMREngine\DXResources\RenderLoopDX.cpp(145,10): error C2065: 'm_device': undeclared identifier [C:\Users\mcmco\Desktop\WMMR\build\src\MovieMakerCore\MovieMakerCore.vcxproj]
C:\Users\mcmco\Desktop\WMMR\src\MovieMakerCore\HMREngine\DXResources\RenderLoopDX.cpp(160,14): error C2065: 'm_device': undeclared identifier [C:\Users\mcmco\Desktop\WMMR\build\src\MovieMakerCore\MovieMakerCore.vcxproj]
C:\Users\mcmco\Desktop\WMMR\src\MovieMakerCore\HMREngine\DXResources\TextResourceDX.cpp(192,18): error C2065: 'm_device': undeclared identifier [C:\Users\mcmco\Desktop\WMMR\build\src\MovieMakerCore\MovieMakerCore.vcxproj]
C:\Users\mcmco\Desktop\WMMR\src\MovieMakerCore\HMREngine\DXResources\RenderLoopDX.cpp(163,14): error C2065: 'm_device': undeclared identifier [C:\Users\mcmco\Desktop\WMMR\build\src\MovieMakerCore\MovieMakerCore.vcxproj]
C:\Users\mcmco\Desktop\WMMR\src\MovieMakerCore\HMREngine\DXResources\TextResourceDX.cpp(195,10): error C2065: 'm_device': undeclared identifier [C:\Users\mcmco\Desktop\WMMR\build\src\MovieMakerCore\MovieMakerCore.vcxproj]
C:\Users\mcmco\Desktop\WMMR\src\MovieMakerCore\HMREngine\DXResources\RenderLoopDX.cpp(188,18): error C2065: 'm_context': undeclared identifier [C:\Users\mcmco\Desktop\WMMR\build\src\MovieMakerCore\MovieMakerCore.vcxproj]
C:\Users\mcmco\Desktop\WMMR\src\MovieMakerCore\HMREngine\DXResources\TextResourceDX.cpp(216,9): error C2065: 'm_context': undeclared identifier [C:\Users\mcmco\Desktop\WMMR\build\src\MovieMakerCore\MovieMakerCore.vcxproj]
C:\Users\mcmco\Desktop\WMMR\src\MovieMakerCore\HMREngine\DXResources\RenderLoopDX.cpp(191,9): error C2065: 'm_context': undeclared identifier [C:\Users\mcmco\Desktop\WMMR\build\src\MovieMakerCore\MovieMakerCore.vcxproj]
C:\Users\mcmco\Desktop\WMMR\src\MovieMakerCore\HMREngine\DXResources\RenderLoopDX.cpp(197,18): error C2065: 'm_context': undeclared identifier [C:\Users\mcmco\Desktop\WMMR\build\src\MovieMakerCore\MovieMakerCore.vcxproj]
C:\Users\mcmco\Desktop\WMMR\src\MovieMakerCore\HMREngine\DXResources\RenderLoopDX.cpp(199,9): error C2065: 'm_context': undeclared identifier [C:\Users\mcmco\Desktop\WMMR\build\src\MovieMakerCore\MovieMakerCore.vcxproj]
C:\Users\mcmco\Desktop\WMMR\src\MovieMakerCore\HMREngine\DXResources\TextResourceDX.cpp(281,18): error C2065: 'm_device': undeclared identifier [C:\Users\mcmco\Desktop\WMMR\build\src\MovieMakerCore\MovieMakerCore.vcxproj]
C:\Users\mcmco\Desktop\WMMR\src\MovieMakerCore\HMREngine\DXResources\TextResourceDX.cpp(284,10): error C2065: 'm_device': undeclared identifier [C:\Users\mcmco\Desktop\WMMR\build\src\MovieMakerCore\MovieMakerCore.vcxproj]
C:\Users\mcmco\Desktop\WMMR\src\MovieMakerCore\HMREngine\DXResources\TextResourceDX.cpp(292,10): error C2065: 'm_device': undeclared identifier [C:\Users\mcmco\Desktop\WMMR\build\src\MovieMakerCore\MovieMakerCore.vcxproj]
C:\Users\mcmco\Desktop\WMMR\src\MovieMakerCore\HMREngine\DXResources\MeshResourceDX.h(43,39): error C2504: 'HMREngine::DX::DeviceClientDXImpl': base class undefined [C:\Users\mcmco\Desktop\WMMR\build\src\MovieMakerCore\MovieMakerCore.vcxproj]
  (compiling source file '../../../src/MovieMakerCore/HMREngine/DXResources/ResourceCacheDX.cpp')
  
C:\Users\mcmco\Desktop\WMMR\src\MovieMakerCore\HMREngine\DXResources\MeshResourceDX.h(82,51): error C2504: 'HMREngine::DX::DeviceClientDXImpl': base class undefined [C:\Users\mcmco\Desktop\WMMR\build\src\MovieMakerCore\MovieMakerCore.vcxproj]
  (compiling source file '../../../src/MovieMakerCore/HMREngine/DXResources/ResourceCacheDX.cpp')
  
C:\Users\mcmco\Desktop\WMMR\src\MovieMakerCore\HMREngine\DXResources\TextResourceDX.cpp(353,17): error C2664: 'void ID2D1RenderTarget::DrawTextLayout(D2D1_POINT_2F,IDWriteTextLayout *,ID2D1Brush *,D2D1_DRAW_TEXT_OPTIONS)': cannot convert argument 4 from 'D2D1_RECT_F' to 'D2D1_DRAW_TEXT_OPTIONS' [C:\Users\mcmco\Desktop\WMMR\build\src\MovieMakerCore\MovieMakerCore.vcxproj]
      C:\Users\mcmco\Desktop\WMMR\src\MovieMakerCore\HMREngine\DXResources\TextResourceDX.cpp(353,75):
      No user-defined-conversion operator available that can perform this conversion, or the operator cannot be called
      C:\Program Files (x86)\Windows Kits\10\Include\10.0.26100.0\um\d2d1.h(2636,5):
      see declaration of 'ID2D1RenderTarget::DrawTextLayout'
      C:\Users\mcmco\Desktop\WMMR\src\MovieMakerCore\HMREngine\DXResources\TextResourceDX.cpp(353,17):
      while trying to match the argument list '(D2D1_POINT_2F, _Ty, ATL::CComPtr<ID2D1SolidColorBrush>, D2D1_RECT_F)'
          with
          [
              _Ty=ATL::CComPtr<IDWriteTextLayout>
          ]
  
C:\Users\mcmco\Desktop\WMMR\src\MovieMakerCore\HMREngine\DXResources\TextResourceDX.cpp(423,18): error C2065: 'm_device': undeclared identifier [C:\Users\mcmco\Desktop\WMMR\build\src\MovieMakerCore\MovieMakerCore.vcxproj]
C:\Users\mcmco\Desktop\WMMR\src\MovieMakerCore\HMREngine\DXResources\TextResourceDX.cpp(426,10): error C2065: 'm_device': undeclared identifier [C:\Users\mcmco\Desktop\WMMR\build\src\MovieMakerCore\MovieMakerCore.vcxproj]
C:\Users\mcmco\Desktop\WMMR\src\MovieMakerCore\HMREngine\DXResources\TextResourceDX.cpp(433,10): error C2065: 'm_device': undeclared identifier [C:\Users\mcmco\Desktop\WMMR\build\src\MovieMakerCore\MovieMakerCore.vcxproj]
C:\Users\mcmco\Desktop\WMMR\src\MovieMakerCore\HMREngine\DXResources\TextResourceDX.cpp(478,10): error C2065: 'm_context': undeclared identifier [C:\Users\mcmco\Desktop\WMMR\build\src\MovieMakerCore\MovieMakerCore.vcxproj]
C:\Users\mcmco\Desktop\WMMR\src\MovieMakerCore\HMREngine\DXResources\EffectResourceDX.h(11,41): error C2504: 'HMREngine::DX::DeviceClientDXImpl': base class undefined [C:\Users\mcmco\Desktop\WMMR\build\src\MovieMakerCore\MovieMakerCore.vcxproj]
  (compiling source file '../../../src/MovieMakerCore/HMREngine/DXResources/ResourceCacheDX.cpp')
  
C:\Users\mcmco\Desktop\WMMR\src\MovieMakerCore\HMREngine\DXResources\TextResourceDX.cpp(483,18): error C2065: 'm_device': undeclared identifier [C:\Users\mcmco\Desktop\WMMR\build\src\MovieMakerCore\MovieMakerCore.vcxproj]
C:\Users\mcmco\Desktop\WMMR\src\MovieMakerCore\HMREngine\DXResources\TextResourceDX.cpp(486,9): error C2065: 'm_context': undeclared identifier [C:\Users\mcmco\Desktop\WMMR\build\src\MovieMakerCore\MovieMakerCore.vcxproj]
C:\Users\mcmco\Desktop\WMMR\src\MovieMakerCore\HMREngine\DXResources\EffectResourceDX.h(93,21): error C3668: 'HMREngine::DX::BlurEffectResource::Initialize': method with override specifier 'override' did not override any base class methods [C:\Users\mcmco\Desktop\WMMR\build\src\MovieMakerCore\MovieMakerCore.vcxproj]
  (compiling source file '../../../src/MovieMakerCore/HMREngine/DXResources/ResourceCacheDX.cpp')
  
C:\Users\mcmco\Desktop\WMMR\src\MovieMakerCore\HMREngine\DXResources\EffectResourceDX.h(113,21): error C3668: 'HMREngine::DX::BrightnessEffectResource::Initialize': method with override specifier 'override' did not override any base class methods [C:\Users\mcmco\Desktop\WMMR\build\src\MovieMakerCore\MovieMakerCore.vcxproj]
  (compiling source file '../../../src/MovieMakerCore/HMREngine/DXResources/ResourceCacheDX.cpp')
  
C:\Users\mcmco\Desktop\WMMR\src\MovieMakerCore\HMREngine\DXResources\EffectResourceDX.h(135,21): error C3668: 'HMREngine::DX::ChannelMixerEffectResource::Initialize': method with override specifier 'override' did not override any base class methods [C:\Users\mcmco\Desktop\WMMR\build\src\MovieMakerCore\MovieMakerCore.vcxproj]
  (compiling source file '../../../src/MovieMakerCore/HMREngine/DXResources/ResourceCacheDX.cpp')
  
C:\Users\mcmco\Desktop\WMMR\src\MovieMakerCore\HMREngine\DXResources\EffectResourceDX.h(155,21): error C3668: 'HMREngine::DX::DissolveEffectResource::Initialize': method with override specifier 'override' did not override any base class methods [C:\Users\mcmco\Desktop\WMMR\build\src\MovieMakerCore\MovieMakerCore.vcxproj]
  (compiling source file '../../../src/MovieMakerCore/HMREngine/DXResources/ResourceCacheDX.cpp')
  
C:\Users\mcmco\Desktop\WMMR\src\MovieMakerCore\HMREngine\DXResources\EffectResourceDX.h(192,21): error C3668: 'HMREngine::DX::EdgeDetectionEffectResource::Initialize': method with override specifier 'override' did not override any base class methods [C:\Users\mcmco\Desktop\WMMR\build\src\MovieMakerCore\MovieMakerCore.vcxproj]
  (compiling source file '../../../src/MovieMakerCore/HMREngine/DXResources/ResourceCacheDX.cpp')
  
C:\Users\mcmco\Desktop\WMMR\src\MovieMakerCore\HMREngine\DXResources\EffectResourceDX.h(212,21): error C3668: 'HMREngine::DX::FadeEffectResource::Initialize': method with override specifier 'override' did not override any base class methods [C:\Users\mcmco\Desktop\WMMR\build\src\MovieMakerCore\MovieMakerCore.vcxproj]
  (compiling source file '../../../src/MovieMakerCore/HMREngine/DXResources/ResourceCacheDX.cpp')
  
C:\Users\mcmco\Desktop\WMMR\src\MovieMakerCore\HMREngine\DXResources\EffectResourceDX.h(230,21): error C3668: 'HMREngine::DX::GridEffectResource::Initialize': method with override specifier 'override' did not override any base class methods [C:\Users\mcmco\Desktop\WMMR\build\src\MovieMakerCore\MovieMakerCore.vcxproj]
  (compiling source file '../../../src/MovieMakerCore/HMREngine/DXResources/ResourceCacheDX.cpp')
  
C:\Users\mcmco\Desktop\WMMR\src\MovieMakerCore\HMREngine\DXResources\EffectResourceDX.h(256,21): error C3668: 'HMREngine::DX::HueEffectResource::Initialize': method with override specifier 'override' did not override any base class methods [C:\Users\mcmco\Desktop\WMMR\build\src\MovieMakerCore\MovieMakerCore.vcxproj]
  (compiling source file '../../../src/MovieMakerCore/HMREngine/DXResources/ResourceCacheDX.cpp')
  
C:\Users\mcmco\Desktop\WMMR\src\MovieMakerCore\HMREngine\DXResources\EffectResourceDX.h(272,21): error C3668: 'HMREngine::DX::PosterizeEffectResource::Initialize': method with override specifier 'override' did not override any base class methods [C:\Users\mcmco\Desktop\WMMR\build\src\MovieMakerCore\MovieMakerCore.vcxproj]
  (compiling source file '../../../src/MovieMakerCore/HMREngine/DXResources/ResourceCacheDX.cpp')
  
C:\Users\mcmco\Desktop\WMMR\src\MovieMakerCore\HMREngine\DXResources\EffectResourceDX.h(288,21): error C3668: 'HMREngine::DX::PixelateEffectResource::Initialize': method with override specifier 'override' did not override any base class methods [C:\Users\mcmco\Desktop\WMMR\build\src\MovieMakerCore\MovieMakerCore.vcxproj]
  (compiling source file '../../../src/MovieMakerCore/HMREngine/DXResources/ResourceCacheDX.cpp')
  
C:\Users\mcmco\Desktop\WMMR\src\MovieMakerCore\HMREngine\DXResources\EffectResourceDX.h(304,21): error C3668: 'HMREngine::DX::RippleEffectResource::Initialize': method with override specifier 'override' did not override any base class methods [C:\Users\mcmco\Desktop\WMMR\build\src\MovieMakerCore\MovieMakerCore.vcxproj]
  (compiling source file '../../../src/MovieMakerCore/HMREngine/DXResources/ResourceCacheDX.cpp')
  
C:\Users\mcmco\Desktop\WMMR\src\MovieMakerCore\HMREngine\DXResources\EffectResourceDX.h(324,21): error C3668: 'HMREngine::DX::ScrollingTextEffectResourceDX::Initialize': method with override specifier 'override' did not override any base class methods [C:\Users\mcmco\Desktop\WMMR\build\src\MovieMakerCore\MovieMakerCore.vcxproj]
  (compiling source file '../../../src/MovieMakerCore/HMREngine/DXResources/ResourceCacheDX.cpp')
  
C:\Users\mcmco\Desktop\WMMR\src\MovieMakerCore\HMREngine\DXResources\EffectResourceDX.h(348,21): error C3668: 'HMREngine::DX::TextEffectResourceDX::Initialize': method with override specifier 'override' did not override any base class methods [C:\Users\mcmco\Desktop\WMMR\build\src\MovieMakerCore\MovieMakerCore.vcxproj]
  (compiling source file '../../../src/MovieMakerCore/HMREngine/DXResources/ResourceCacheDX.cpp')
  
C:\Users\mcmco\Desktop\WMMR\src\MovieMakerCore\HMREngine\DXResources\EffectResourceDX.h(370,21): error C3668: 'HMREngine::DX::WipeEffectResource::Initialize': method with override specifier 'override' did not override any base class methods [C:\Users\mcmco\Desktop\WMMR\build\src\MovieMakerCore\MovieMakerCore.vcxproj]
  (compiling source file '../../../src/MovieMakerCore/HMREngine/DXResources/ResourceCacheDX.cpp')
  
C:\Users\mcmco\Desktop\WMMR\src\MovieMakerCore\HMREngine\DXResources\EffectResourceDX.h(392,21): error C3668: 'HMREngine::DX::DefaultEffectResourceDX::Initialize': method with override specifier 'override' did not override any base class methods [C:\Users\mcmco\Desktop\WMMR\build\src\MovieMakerCore\MovieMakerCore.vcxproj]
  (compiling source file '../../../src/MovieMakerCore/HMREngine/DXResources/ResourceCacheDX.cpp')
  
C:\Users\mcmco\Desktop\WMMR\src\MovieMakerCore\HMREngine\DXResources\ResourceCacheDX.h(14,16): warning C4099: 'HMREngine::DX::MovieThumbnail': type name first seen using 'class' now seen using 'struct' [C:\Users\mcmco\Desktop\WMMR\build\src\MovieMakerCore\MovieMakerCore.vcxproj]
  (compiling source file '../../../src/MovieMakerCore/HMREngine/DXResources/ResourceCacheDX.cpp')
      C:\Users\mcmco\Desktop\WMMR\src\MovieMakerCore\HMREngine\DXResources\ResourceCacheDX.h(14,16):
      see declaration of 'HMREngine::DX::MovieThumbnail'
  
C:\Users\mcmco\Desktop\WMMR\src\MovieMakerCore\HMREngine\DXResources\ResourceCacheDX.h(26,41): error C2504: 'HMREngine::DX::DeviceClientDXImpl': base class undefined [C:\Users\mcmco\Desktop\WMMR\build\src\MovieMakerCore\MovieMakerCore.vcxproj]
  (compiling source file '../../../src/MovieMakerCore/HMREngine/DXResources/ResourceCacheDX.cpp')
  
C:\Users\mcmco\Desktop\WMMR\src\MovieMakerCore\HMREngine\DXResources\ResourceCacheDX.h(78,37): error C2504: 'HMREngine::DX::DeviceClientDXImpl': base class undefined [C:\Users\mcmco\Desktop\WMMR\build\src\MovieMakerCore\MovieMakerCore.vcxproj]
  (compiling source file '../../../src/MovieMakerCore/HMREngine/DXResources/ResourceCacheDX.cpp')
  
  PatternMesh.cpp
C:\Users\mcmco\Desktop\WMMR\src\MovieMakerCore\HMREngine\DXResources\ResourceCacheDX.h(110,40): error C2504: 'HMREngine::DX::DeviceClientDXImpl': base class undefined [C:\Users\mcmco\Desktop\WMMR\build\src\MovieMakerCore\MovieMakerCore.vcxproj]
  (compiling source file '../../../src/MovieMakerCore/HMREngine/DXResources/ResourceCacheDX.cpp')
  
  PatternMeshFactory.cpp
C:\Users\mcmco\Desktop\WMMR\src\MovieMakerCore\pch.h(21,9): warning C4005: 'WINVER': macro redefinition [C:\Users\mcmco\Desktop\WMMR\build\src\MovieMakerCore\MovieMakerCore.vcxproj]
  (compiling source file '../../../src/MovieMakerCore/HMREngine/PatternMesh/PatternMesh.cpp')
      C:\Users\mcmco\Desktop\WMMR\src\MovieMakerCore\pch.h(21,9):
      'WINVER' previously declared on the command line
  
C:\Users\mcmco\Desktop\WMMR\src\MovieMakerCore\pch.h(22,9): warning C4005: '_WIN32_WINNT': macro redefinition [C:\Users\mcmco\Desktop\WMMR\build\src\MovieMakerCore\MovieMakerCore.vcxproj]
  (compiling source file '../../../src/MovieMakerCore/HMREngine/PatternMesh/PatternMesh.cpp')
      C:\Users\mcmco\Desktop\WMMR\src\MovieMakerCore\pch.h(22,9):
      '_WIN32_WINNT' previously declared on the command line
  
C:\Users\mcmco\Desktop\WMMR\src\MovieMakerCore\pch.h(30,9): warning C4005: 'WIN32_LEAN_AND_MEAN': macro redefinition [C:\Users\mcmco\Desktop\WMMR\build\src\MovieMakerCore\MovieMakerCore.vcxproj]
  (compiling source file '../../../src/MovieMakerCore/HMREngine/PatternMesh/PatternMesh.cpp')
      C:\Users\mcmco\Desktop\WMMR\src\MovieMakerCore\pch.h(30,9):
      'WIN32_LEAN_AND_MEAN' previously declared on the command line
  
C:\Users\mcmco\Desktop\WMMR\src\MovieMakerCore\pch.h(31,9): warning C4005: 'NOMINMAX': macro redefinition [C:\Users\mcmco\Desktop\WMMR\build\src\MovieMakerCore\MovieMakerCore.vcxproj]
  (compiling source file '../../../src/MovieMakerCore/HMREngine/PatternMesh/PatternMesh.cpp')
      C:\Users\mcmco\Desktop\WMMR\src\MovieMakerCore\pch.h(31,9):
      'NOMINMAX' previously declared on the command line
  
C:\Users\mcmco\Desktop\WMMR\src\MovieMakerCore\pch.h(32,9): warning C4005: '_CRT_SECURE_NO_WARNINGS': macro redefinition [C:\Users\mcmco\Desktop\WMMR\build\src\MovieMakerCore\MovieMakerCore.vcxproj]
  (compiling source file '../../../src/MovieMakerCore/HMREngine/PatternMesh/PatternMesh.cpp')
      C:\Users\mcmco\Desktop\WMMR\src\MovieMakerCore\pch.h(32,9):
      '_CRT_SECURE_NO_WARNINGS' previously declared on the command line
  
C:\Users\mcmco\Desktop\WMMR\src\MovieMakerCore\pch.h(33,9): warning C4005: '_WINDLL': macro redefinition [C:\Users\mcmco\Desktop\WMMR\build\src\MovieMakerCore\MovieMakerCore.vcxproj]
  (compiling source file '../../../src/MovieMakerCore/HMREngine/PatternMesh/PatternMesh.cpp')
      C:\Users\mcmco\Desktop\WMMR\src\MovieMakerCore\pch.h(33,9):
      '_WINDLL' previously declared on the command line
  
C:\Users\mcmco\Desktop\WMMR\src\MovieMakerCore\pch.h(34,9): warning C4005: '_AFXDLL': macro redefinition [C:\Users\mcmco\Desktop\WMMR\build\src\MovieMakerCore\MovieMakerCore.vcxproj]
  (compiling source file '../../../src/MovieMakerCore/HMREngine/PatternMesh/PatternMesh.cpp')
      C:\Users\mcmco\Desktop\WMMR\src\MovieMakerCore\pch.h(34,9):
      '_AFXDLL' previously declared on the command line
  
C:\Users\mcmco\Desktop\WMMR\src\MovieMakerCore\pch.h(35,9): warning C4005: '_ATL_CSTRING_EXPLICIT_CONSTRUCTORS': macro redefinition [C:\Users\mcmco\Desktop\WMMR\build\src\MovieMakerCore\MovieMakerCore.vcxproj]
  (compiling source file '../../../src/MovieMakerCore/HMREngine/PatternMesh/PatternMesh.cpp')
      C:\Users\mcmco\Desktop\WMMR\src\MovieMakerCore\pch.h(35,9):
      '_ATL_CSTRING_EXPLICIT_CONSTRUCTORS' previously declared on the command line
  
C:\Users\mcmco\Desktop\WMMR\src\MovieMakerCore\pch.h(36,9): warning C4005: '_ATL_ALL_WARNINGS': macro redefinition [C:\Users\mcmco\Desktop\WMMR\build\src\MovieMakerCore\MovieMakerCore.vcxproj]
  (compiling source file '../../../src/MovieMakerCore/HMREngine/PatternMesh/PatternMesh.cpp')
      C:\Users\mcmco\Desktop\WMMR\src\MovieMakerCore\pch.h(36,9):
      '_ATL_ALL_WARNINGS' previously declared on the command line
  
C:\Users\mcmco\Desktop\WMMR\src\MovieMakerCore\pch.h(21,9): warning C4005: 'WINVER': macro redefinition [C:\Users\mcmco\Desktop\WMMR\build\src\MovieMakerCore\MovieMakerCore.vcxproj]
  (compiling source file '../../../src/MovieMakerCore/HMREngine/PatternMesh/PatternMeshFactory.cpp')
      C:\Users\mcmco\Desktop\WMMR\src\MovieMakerCore\pch.h(21,9):
      'WINVER' previously declared on the command line
  
C:\Users\mcmco\Desktop\WMMR\src\MovieMakerCore\pch.h(22,9): warning C4005: '_WIN32_WINNT': macro redefinition [C:\Users\mcmco\Desktop\WMMR\build\src\MovieMakerCore\MovieMakerCore.vcxproj]
  (compiling source file '../../../src/MovieMakerCore/HMREngine/PatternMesh/PatternMeshFactory.cpp')
      C:\Users\mcmco\Desktop\WMMR\src\MovieMakerCore\pch.h(22,9):
      '_WIN32_WINNT' previously declared on the command line
  
C:\Users\mcmco\Desktop\WMMR\src\MovieMakerCore\pch.h(30,9): warning C4005: 'WIN32_LEAN_AND_MEAN': macro redefinition [C:\Users\mcmco\Desktop\WMMR\build\src\MovieMakerCore\MovieMakerCore.vcxproj]
  (compiling source file '../../../src/MovieMakerCore/HMREngine/PatternMesh/PatternMeshFactory.cpp')
      C:\Users\mcmco\Desktop\WMMR\src\MovieMakerCore\pch.h(30,9):
      'WIN32_LEAN_AND_MEAN' previously declared on the command line
  
C:\Users\mcmco\Desktop\WMMR\src\MovieMakerCore\pch.h(31,9): warning C4005: 'NOMINMAX': macro redefinition [C:\Users\mcmco\Desktop\WMMR\build\src\MovieMakerCore\MovieMakerCore.vcxproj]
  (compiling source file '../../../src/MovieMakerCore/HMREngine/PatternMesh/PatternMeshFactory.cpp')
      C:\Users\mcmco\Desktop\WMMR\src\MovieMakerCore\pch.h(31,9):
      'NOMINMAX' previously declared on the command line
  
C:\Users\mcmco\Desktop\WMMR\src\MovieMakerCore\pch.h(32,9): warning C4005: '_CRT_SECURE_NO_WARNINGS': macro redefinition [C:\Users\mcmco\Desktop\WMMR\build\src\MovieMakerCore\MovieMakerCore.vcxproj]
  (compiling source file '../../../src/MovieMakerCore/HMREngine/PatternMesh/PatternMeshFactory.cpp')
      C:\Users\mcmco\Desktop\WMMR\src\MovieMakerCore\pch.h(32,9):
      '_CRT_SECURE_NO_WARNINGS' previously declared on the command line
  
C:\Users\mcmco\Desktop\WMMR\src\MovieMakerCore\pch.h(33,9): warning C4005: '_WINDLL': macro redefinition [C:\Users\mcmco\Desktop\WMMR\build\src\MovieMakerCore\MovieMakerCore.vcxproj]
  (compiling source file '../../../src/MovieMakerCore/HMREngine/PatternMesh/PatternMeshFactory.cpp')
      C:\Users\mcmco\Desktop\WMMR\src\MovieMakerCore\pch.h(33,9):
      '_WINDLL' previously declared on the command line
  
C:\Users\mcmco\Desktop\WMMR\src\MovieMakerCore\pch.h(34,9): warning C4005: '_AFXDLL': macro redefinition [C:\Users\mcmco\Desktop\WMMR\build\src\MovieMakerCore\MovieMakerCore.vcxproj]
  (compiling source file '../../../src/MovieMakerCore/HMREngine/PatternMesh/PatternMeshFactory.cpp')
      C:\Users\mcmco\Desktop\WMMR\src\MovieMakerCore\pch.h(34,9):
      '_AFXDLL' previously declared on the command line
  
C:\Users\mcmco\Desktop\WMMR\src\MovieMakerCore\pch.h(35,9): warning C4005: '_ATL_CSTRING_EXPLICIT_CONSTRUCTORS': macro redefinition [C:\Users\mcmco\Desktop\WMMR\build\src\MovieMakerCore\MovieMakerCore.vcxproj]
  (compiling source file '../../../src/MovieMakerCore/HMREngine/PatternMesh/PatternMeshFactory.cpp')
      C:\Users\mcmco\Desktop\WMMR\src\MovieMakerCore\pch.h(35,9):
      '_ATL_CSTRING_EXPLICIT_CONSTRUCTORS' previously declared on the command line
  
C:\Users\mcmco\Desktop\WMMR\src\MovieMakerCore\pch.h(36,9): warning C4005: '_ATL_ALL_WARNINGS': macro redefinition [C:\Users\mcmco\Desktop\WMMR\build\src\MovieMakerCore\MovieMakerCore.vcxproj]
  (compiling source file '../../../src/MovieMakerCore/HMREngine/PatternMesh/PatternMeshFactory.cpp')
      C:\Users\mcmco\Desktop\WMMR\src\MovieMakerCore\pch.h(36,9):
      '_ATL_ALL_WARNINGS' previously declared on the command line
  
C:\Users\mcmco\Desktop\WMMR\src\MovieMakerCore\HMREngine\DXResources\ResourceCacheDX.cpp(20,23): error C2065: 'm_device': undeclared identifier [C:\Users\mcmco\Desktop\WMMR\build\src\MovieMakerCore\MovieMakerCore.vcxproj]
C:\Users\mcmco\Desktop\WMMR\src\MovieMakerCore\HMREngine\DXResources\ResourceCacheDX.cpp(37,18): error C2065: 'm_device': undeclared identifier [C:\Users\mcmco\Desktop\WMMR\build\src\MovieMakerCore\MovieMakerCore.vcxproj]
C:\Users\mcmco\Desktop\WMMR\src\MovieMakerCore\HMREngine\DXResources\ResourceCacheDX.cpp(40,10): error C2065: 'm_device': undeclared identifier [C:\Users\mcmco\Desktop\WMMR\build\src\MovieMakerCore\MovieMakerCore.vcxproj]
C:\Users\mcmco\Desktop\WMMR\src\MovieMakerCore\HMREngine\DXResources\ResourceCacheDX.cpp(47,34): error C2065: 'm_device': undeclared identifier [C:\Users\mcmco\Desktop\WMMR\build\src\MovieMakerCore\MovieMakerCore.vcxproj]
C:\Users\mcmco\Desktop\WMMR\src\MovieMakerCore\HMREngine\DXResources\ResourceCacheDX.cpp(65,18): error C2065: 'm_device': undeclared identifier [C:\Users\mcmco\Desktop\WMMR\build\src\MovieMakerCore\MovieMakerCore.vcxproj]
C:\Users\mcmco\Desktop\WMMR\src\MovieMakerCore\HMREngine\DXResources\ResourceCacheDX.cpp(68,5): error C2065: 'm_immediateContext': undeclared identifier [C:\Users\mcmco\Desktop\WMMR\build\src\MovieMakerCore\MovieMakerCore.vcxproj]
C:\Users\mcmco\Desktop\WMMR\src\MovieMakerCore\HMREngine\DXResources\ResourceCacheDX.cpp(71,10): error C2065: 'm_device': undeclared identifier [C:\Users\mcmco\Desktop\WMMR\build\src\MovieMakerCore\MovieMakerCore.vcxproj]
C:\Users\mcmco\Desktop\WMMR\src\MovieMakerCore\HMREngine\DXResources\ResourceCacheDX.cpp(164,38): error C2027: use of undefined type 'HMREngine::DX::DeviceClientDXImpl' [C:\Users\mcmco\Desktop\WMMR\build\src\MovieMakerCore\MovieMakerCore.vcxproj]
      C:\Users\mcmco\Desktop\WMMR\src\MovieMakerCore\HMREngine\DXResources\DXResources.h(34,15):
      see declaration of 'HMREngine::DX::DeviceClientDXImpl'
  
C:\Users\mcmco\Desktop\WMMR\src\MovieMakerCore\HMREngine\DXResources\ResourceCacheDX.cpp(164,38): error C3861: 'InitializeDevice': identifier not found [C:\Users\mcmco\Desktop\WMMR\build\src\MovieMakerCore\MovieMakerCore.vcxproj]
C:\Users\mcmco\Desktop\WMMR\src\MovieMakerCore\HMREngine\DXResources\ResourceCacheDX.cpp(201,38): error C2027: use of undefined type 'HMREngine::DX::DeviceClientDXImpl' [C:\Users\mcmco\Desktop\WMMR\build\src\MovieMakerCore\MovieMakerCore.vcxproj]
      C:\Users\mcmco\Desktop\WMMR\src\MovieMakerCore\HMREngine\DXResources\DXResources.h(34,15):
      see declaration of 'HMREngine::DX::DeviceClientDXImpl'
  
C:\Users\mcmco\Desktop\WMMR\src\MovieMakerCore\HMREngine\DXResources\ResourceCacheDX.cpp(201,38): error C3861: 'InitializeDevice': identifier not found [C:\Users\mcmco\Desktop\WMMR\build\src\MovieMakerCore\MovieMakerCore.vcxproj]
C:\Users\mcmco\Desktop\WMMR\src\MovieMakerCore\HMREngine\DXResources\ResourceCacheDX.cpp(205,32): error C2039: 'InitializeDevice': is not a member of 'HMREngine::DX::MovieThumbnailDX' [C:\Users\mcmco\Desktop\WMMR\build\src\MovieMakerCore\MovieMakerCore.vcxproj]
      C:\Users\mcmco\Desktop\WMMR\src\MovieMakerCore\HMREngine\DXResources\ResourceCacheDX.h(26,15):
      see declaration of 'HMREngine::DX::MovieThumbnailDX'
  
C:\Users\mcmco\Desktop\WMMR\src\MovieMakerCore\HMREngine\DXResources\ResourceCacheDX.cpp(212,25): error C2027: use of undefined type 'HMREngine::DX::DeviceClientDXImpl' [C:\Users\mcmco\Desktop\WMMR\build\src\MovieMakerCore\MovieMakerCore.vcxproj]
      C:\Users\mcmco\Desktop\WMMR\src\MovieMakerCore\HMREngine\DXResources\DXResources.h(34,15):
      see declaration of 'HMREngine::DX::DeviceClientDXImpl'
  
C:\Users\mcmco\Desktop\WMMR\src\MovieMakerCore\HMREngine\DXResources\ResourceCacheDX.cpp(212,25): error C3861: 'ReleaseDevice': identifier not found [C:\Users\mcmco\Desktop\WMMR\build\src\MovieMakerCore\MovieMakerCore.vcxproj]
C:\Users\mcmco\Desktop\WMMR\src\MovieMakerCore\HMREngine\DXResources\ResourceCacheDX.cpp(223,10): error C2039: 'InitializeDevice': is not a member of 'HMREngine::DX::TextureResourceDX' [C:\Users\mcmco\Desktop\WMMR\build\src\MovieMakerCore\MovieMakerCore.vcxproj]
      C:\Users\mcmco\Desktop\WMMR\src\MovieMakerCore\HMREngine\DXResources\TextureResourceDX.h(11,15):
      see declaration of 'HMREngine::DX::TextureResourceDX'
  
C:\Users\mcmco\Desktop\WMMR\src\MovieMakerCore\HMREngine\DXResources\ResourceCacheDX.cpp(223,27): error C2065: 'm_device': undeclared identifier [C:\Users\mcmco\Desktop\WMMR\build\src\MovieMakerCore\MovieMakerCore.vcxproj]
C:\Users\mcmco\Desktop\WMMR\src\MovieMakerCore\HMREngine\DXResources\ResourceCacheDX.cpp(223,37): error C2065: 'm_context': undeclared identifier [C:\Users\mcmco\Desktop\WMMR\build\src\MovieMakerCore\MovieMakerCore.vcxproj]
C:\Users\mcmco\Desktop\WMMR\src\MovieMakerCore\HMREngine\DXResources\ResourceCacheDX.cpp(238,10): error C2039: 'InitializeDevice': is not a member of 'HMREngine::DX::TextureResourceFromResourceDX' [C:\Users\mcmco\Desktop\WMMR\build\src\MovieMakerCore\MovieMakerCore.vcxproj]
      C:\Users\mcmco\Desktop\WMMR\src\MovieMakerCore\HMREngine\DXResources\TextureResourceDX.h(48,15):
      see declaration of 'HMREngine::DX::TextureResourceFromResourceDX'
  
C:\Users\mcmco\Desktop\WMMR\src\MovieMakerCore\HMREngine\DXResources\ResourceCacheDX.cpp(238,27): error C2065: 'm_device': undeclared identifier [C:\Users\mcmco\Desktop\WMMR\build\src\MovieMakerCore\MovieMakerCore.vcxproj]
C:\Users\mcmco\Desktop\WMMR\src\MovieMakerCore\HMREngine\DXResources\ResourceCacheDX.cpp(238,37): error C2065: 'm_context': undeclared identifier [C:\Users\mcmco\Desktop\WMMR\build\src\MovieMakerCore\MovieMakerCore.vcxproj]
C:\Users\mcmco\Desktop\WMMR\src\MovieMakerCore\HMREngine\DXResources\ResourceCacheDX.cpp(263,13): error C2039: 'InitializeDevice': is not a member of 'HMREngine::DX::EffectResourceDX' [C:\Users\mcmco\Desktop\WMMR\build\src\MovieMakerCore\MovieMakerCore.vcxproj]
      C:\Users\mcmco\Desktop\WMMR\src\MovieMakerCore\HMREngine\DXResources\EffectResourceDX.h(11,15):
      see declaration of 'HMREngine::DX::EffectResourceDX'
  
C:\Users\mcmco\Desktop\WMMR\src\MovieMakerCore\HMREngine\DXResources\ResourceCacheDX.cpp(263,30): error C2065: 'm_device': undeclared identifier [C:\Users\mcmco\Desktop\WMMR\build\src\MovieMakerCore\MovieMakerCore.vcxproj]
C:\Users\mcmco\Desktop\WMMR\src\MovieMakerCore\HMREngine\DXResources\ResourceCacheDX.cpp(263,40): error C2065: 'm_context': undeclared identifier [C:\Users\mcmco\Desktop\WMMR\build\src\MovieMakerCore\MovieMakerCore.vcxproj]
C:\Users\mcmco\Desktop\WMMR\src\MovieMakerCore\HMREngine\DXResources\ResourceCacheDX.cpp(324,9): error C2039: 'InitializeDevice': is not a member of 'HMREngine::DX::AVResourceDX' [C:\Users\mcmco\Desktop\WMMR\build\src\MovieMakerCore\MovieMakerCore.vcxproj]
      C:\Users\mcmco\Desktop\WMMR\src\MovieMakerCore\HMREngine\DXResources\ResourceCacheDX.h(78,15):
      see declaration of 'HMREngine::DX::AVResourceDX'
  
C:\Users\mcmco\Desktop\WMMR\src\MovieMakerCore\HMREngine\DXResources\ResourceCacheDX.cpp(324,26): error C2065: 'm_device': undeclared identifier [C:\Users\mcmco\Desktop\WMMR\build\src\MovieMakerCore\MovieMakerCore.vcxproj]
C:\Users\mcmco\Desktop\WMMR\src\MovieMakerCore\HMREngine\DXResources\ResourceCacheDX.cpp(324,36): error C2065: 'm_context': undeclared identifier [C:\Users\mcmco\Desktop\WMMR\build\src\MovieMakerCore\MovieMakerCore.vcxproj]
C:\Users\mcmco\Desktop\WMMR\src\WLXPhotoBase\BaseTypes.h(536,18): warning C4251: 'Base::File::m_strPath': 'ATL::CStringT<wchar_t,ATL::StrTraitATL<wchar_t,ATL::ChTraitsCRT<wchar_t>>>' needs to have dll-interface to be used by clients of 'Base::File' [C:\Users\mcmco\Desktop\WMMR\build\src\MovieMakerCore\MovieMakerCore.vcxproj]
  (compiling source file '../../../src/MovieMakerCore/HMREngine/X3DNodeImpls/X3DNodeImplBase.cpp')
      C:\Program Files (x86)\Microsoft Visual Studio\2022\BuildTools\VC\Tools\MSVC\14.44.35207\atlmfc\include\cstringt.h(999,7):
      see declaration of 'ATL::CStringT<wchar_t,ATL::StrTraitATL<wchar_t,ATL::ChTraitsCRT<wchar_t>>>'
  
C:\Users\mcmco\Desktop\WMMR\src\WLXPhotoBase\BaseTypes.h(568,18): warning C4251: 'Base::TempFile::m_strPath': 'ATL::CStringT<wchar_t,ATL::StrTraitATL<wchar_t,ATL::ChTraitsCRT<wchar_t>>>' needs to have dll-interface to be used by clients of 'Base::TempFile' [C:\Users\mcmco\Desktop\WMMR\build\src\MovieMakerCore\MovieMakerCore.vcxproj]
  (compiling source file '../../../src/MovieMakerCore/HMREngine/X3DNodeImpls/X3DNodeImplBase.cpp')
      C:\Program Files (x86)\Microsoft Visual Studio\2022\BuildTools\VC\Tools\MSVC\14.44.35207\atlmfc\include\cstringt.h(999,7):
      see declaration of 'ATL::CStringT<wchar_t,ATL::StrTraitATL<wchar_t,ATL::ChTraitsCRT<wchar_t>>>'
  
C:\Users\mcmco\Desktop\WMMR\src\WLXPhotoBase\BaseTypes.h(661,21): warning C4251: 'Base::FindFile::m_strDirectory': 'ATL::CStringT<wchar_t,ATL::StrTraitATL<wchar_t,ATL::ChTraitsCRT<wchar_t>>>' needs to have dll-interface to be used by clients of 'Base::FindFile' [C:\Users\mcmco\Desktop\WMMR\build\src\MovieMakerCore\MovieMakerCore.vcxproj]
  (compiling source file '../../../src/MovieMakerCore/HMREngine/X3DNodeImpls/X3DNodeImplBase.cpp')
      C:\Program Files (x86)\Microsoft Visual Studio\2022\BuildTools\VC\Tools\MSVC\14.44.35207\atlmfc\include\cstringt.h(999,7):
      see declaration of 'ATL::CStringT<wchar_t,ATL::StrTraitATL<wchar_t,ATL::ChTraitsCRT<wchar_t>>>'
  
C:\Users\mcmco\Desktop\WMMR\src\WLXPhotoBase\BaseTypes.h(724,25): warning C4251: 'Base::IntSet::m_values': 'ATL::CAtlArray<int,ATL::CElementTraits<int>>' needs to have dll-interface to be used by clients of 'Base::IntSet' [C:\Users\mcmco\Desktop\WMMR\build\src\MovieMakerCore\MovieMakerCore.vcxproj]
  (compiling source file '../../../src/MovieMakerCore/HMREngine/X3DNodeImpls/X3DNodeImplBase.cpp')
      C:\Program Files (x86)\Microsoft Visual Studio\2022\BuildTools\VC\Tools\MSVC\14.44.35207\atlmfc\include\atlcoll.h(530,7):
      see declaration of 'ATL::CAtlArray<int,ATL::CElementTraits<int>>'
  
  TextRenderPipeline.cpp
C:\Users\mcmco\Desktop\WMMR\src\MovieMakerCore\pch.h(21,9): warning C4005: 'WINVER': macro redefinition [C:\Users\mcmco\Desktop\WMMR\build\src\MovieMakerCore\MovieMakerCore.vcxproj]
  (compiling source file '../../../src/MovieMakerCore/HMREngine/TextRender/TextRenderPipeline.cpp')
      C:\Users\mcmco\Desktop\WMMR\src\MovieMakerCore\pch.h(21,9):
      'WINVER' previously declared on the command line
  
C:\Users\mcmco\Desktop\WMMR\src\MovieMakerCore\pch.h(22,9): warning C4005: '_WIN32_WINNT': macro redefinition [C:\Users\mcmco\Desktop\WMMR\build\src\MovieMakerCore\MovieMakerCore.vcxproj]
  (compiling source file '../../../src/MovieMakerCore/HMREngine/TextRender/TextRenderPipeline.cpp')
      C:\Users\mcmco\Desktop\WMMR\src\MovieMakerCore\pch.h(22,9):
      '_WIN32_WINNT' previously declared on the command line
  
C:\Users\mcmco\Desktop\WMMR\src\MovieMakerCore\pch.h(30,9): warning C4005: 'WIN32_LEAN_AND_MEAN': macro redefinition [C:\Users\mcmco\Desktop\WMMR\build\src\MovieMakerCore\MovieMakerCore.vcxproj]
  (compiling source file '../../../src/MovieMakerCore/HMREngine/TextRender/TextRenderPipeline.cpp')
      C:\Users\mcmco\Desktop\WMMR\src\MovieMakerCore\pch.h(30,9):
      'WIN32_LEAN_AND_MEAN' previously declared on the command line
  
C:\Users\mcmco\Desktop\WMMR\src\MovieMakerCore\pch.h(31,9): warning C4005: 'NOMINMAX': macro redefinition [C:\Users\mcmco\Desktop\WMMR\build\src\MovieMakerCore\MovieMakerCore.vcxproj]
  (compiling source file '../../../src/MovieMakerCore/HMREngine/TextRender/TextRenderPipeline.cpp')
      C:\Users\mcmco\Desktop\WMMR\src\MovieMakerCore\pch.h(31,9):
      'NOMINMAX' previously declared on the command line
  
C:\Users\mcmco\Desktop\WMMR\src\MovieMakerCore\pch.h(32,9): warning C4005: '_CRT_SECURE_NO_WARNINGS': macro redefinition [C:\Users\mcmco\Desktop\WMMR\build\src\MovieMakerCore\MovieMakerCore.vcxproj]
  (compiling source file '../../../src/MovieMakerCore/HMREngine/TextRender/TextRenderPipeline.cpp')
      C:\Users\mcmco\Desktop\WMMR\src\MovieMakerCore\pch.h(32,9):
      '_CRT_SECURE_NO_WARNINGS' previously declared on the command line
  
C:\Users\mcmco\Desktop\WMMR\src\MovieMakerCore\pch.h(33,9): warning C4005: '_WINDLL': macro redefinition [C:\Users\mcmco\Desktop\WMMR\build\src\MovieMakerCore\MovieMakerCore.vcxproj]
  (compiling source file '../../../src/MovieMakerCore/HMREngine/TextRender/TextRenderPipeline.cpp')
      C:\Users\mcmco\Desktop\WMMR\src\MovieMakerCore\pch.h(33,9):
      '_WINDLL' previously declared on the command line
  
C:\Users\mcmco\Desktop\WMMR\src\MovieMakerCore\pch.h(34,9): warning C4005: '_AFXDLL': macro redefinition [C:\Users\mcmco\Desktop\WMMR\build\src\MovieMakerCore\MovieMakerCore.vcxproj]
  (compiling source file '../../../src/MovieMakerCore/HMREngine/TextRender/TextRenderPipeline.cpp')
      C:\Users\mcmco\Desktop\WMMR\src\MovieMakerCore\pch.h(34,9):
      '_AFXDLL' previously declared on the command line
  
C:\Users\mcmco\Desktop\WMMR\src\MovieMakerCore\pch.h(35,9): warning C4005: '_ATL_CSTRING_EXPLICIT_CONSTRUCTORS': macro redefinition [C:\Users\mcmco\Desktop\WMMR\build\src\MovieMakerCore\MovieMakerCore.vcxproj]
  (compiling source file '../../../src/MovieMakerCore/HMREngine/TextRender/TextRenderPipeline.cpp')
      C:\Users\mcmco\Desktop\WMMR\src\MovieMakerCore\pch.h(35,9):
      '_ATL_CSTRING_EXPLICIT_CONSTRUCTORS' previously declared on the command line
  
C:\Users\mcmco\Desktop\WMMR\src\MovieMakerCore\pch.h(36,9): warning C4005: '_ATL_ALL_WARNINGS': macro redefinition [C:\Users\mcmco\Desktop\WMMR\build\src\MovieMakerCore\MovieMakerCore.vcxproj]
  (compiling source file '../../../src/MovieMakerCore/HMREngine/TextRender/TextRenderPipeline.cpp')
      C:\Users\mcmco\Desktop\WMMR\src\MovieMakerCore\pch.h(36,9):
      '_ATL_ALL_WARNINGS' previously declared on the command line
  
C:\Users\mcmco\Desktop\WMMR\src\WLXPhotoBase\BaseTypes.h(536,18): warning C4251: 'Base::File::m_strPath': 'ATL::CStringT<wchar_t,ATL::StrTraitATL<wchar_t,ATL::ChTraitsCRT<wchar_t>>>' needs to have dll-interface to be used by clients of 'Base::File' [C:\Users\mcmco\Desktop\WMMR\build\src\MovieMakerCore\MovieMakerCore.vcxproj]
  (compiling source file '../../../src/MovieMakerCore/HMREngine/X3DNodeImpls/X3DGroupingImpls.cpp')
      C:\Program Files (x86)\Microsoft Visual Studio\2022\BuildTools\VC\Tools\MSVC\14.44.35207\atlmfc\include\cstringt.h(999,7):
      see declaration of 'ATL::CStringT<wchar_t,ATL::StrTraitATL<wchar_t,ATL::ChTraitsCRT<wchar_t>>>'
  
C:\Users\mcmco\Desktop\WMMR\src\WLXPhotoBase\BaseTypes.h(568,18): warning C4251: 'Base::TempFile::m_strPath': 'ATL::CStringT<wchar_t,ATL::StrTraitATL<wchar_t,ATL::ChTraitsCRT<wchar_t>>>' needs to have dll-interface to be used by clients of 'Base::TempFile' [C:\Users\mcmco\Desktop\WMMR\build\src\MovieMakerCore\MovieMakerCore.vcxproj]
  (compiling source file '../../../src/MovieMakerCore/HMREngine/X3DNodeImpls/X3DGroupingImpls.cpp')
      C:\Program Files (x86)\Microsoft Visual Studio\2022\BuildTools\VC\Tools\MSVC\14.44.35207\atlmfc\include\cstringt.h(999,7):
      see declaration of 'ATL::CStringT<wchar_t,ATL::StrTraitATL<wchar_t,ATL::ChTraitsCRT<wchar_t>>>'
  
C:\Users\mcmco\Desktop\WMMR\src\WLXPhotoBase\BaseTypes.h(661,21): warning C4251: 'Base::FindFile::m_strDirectory': 'ATL::CStringT<wchar_t,ATL::StrTraitATL<wchar_t,ATL::ChTraitsCRT<wchar_t>>>' needs to have dll-interface to be used by clients of 'Base::FindFile' [C:\Users\mcmco\Desktop\WMMR\build\src\MovieMakerCore\MovieMakerCore.vcxproj]
  (compiling source file '../../../src/MovieMakerCore/HMREngine/X3DNodeImpls/X3DGroupingImpls.cpp')
      C:\Program Files (x86)\Microsoft Visual Studio\2022\BuildTools\VC\Tools\MSVC\14.44.35207\atlmfc\include\cstringt.h(999,7):
      see declaration of 'ATL::CStringT<wchar_t,ATL::StrTraitATL<wchar_t,ATL::ChTraitsCRT<wchar_t>>>'
  
C:\Users\mcmco\Desktop\WMMR\src\WLXPhotoBase\BaseTypes.h(724,25): warning C4251: 'Base::IntSet::m_values': 'ATL::CAtlArray<int,ATL::CElementTraits<int>>' needs to have dll-interface to be used by clients of 'Base::IntSet' [C:\Users\mcmco\Desktop\WMMR\build\src\MovieMakerCore\MovieMakerCore.vcxproj]
  (compiling source file '../../../src/MovieMakerCore/HMREngine/X3DNodeImpls/X3DGroupingImpls.cpp')
      C:\Program Files (x86)\Microsoft Visual Studio\2022\BuildTools\VC\Tools\MSVC\14.44.35207\atlmfc\include\atlcoll.h(530,7):
      see declaration of 'ATL::CAtlArray<int,ATL::CElementTraits<int>>'
  
C:\Users\mcmco\Desktop\WMMR\src\WLXPhotoBase\BaseTypes.h(536,18): warning C4251: 'Base::File::m_strPath': 'ATL::CStringT<wchar_t,ATL::StrTraitATL<wchar_t,ATL::ChTraitsCRT<wchar_t>>>' needs to have dll-interface to be used by clients of 'Base::File' [C:\Users\mcmco\Desktop\WMMR\build\src\MovieMakerCore\MovieMakerCore.vcxproj]
  (compiling source file '../../../src/MovieMakerCore/HMREngine/X3DNodeImpls/X3DAppearanceImpls.cpp')
      C:\Program Files (x86)\Microsoft Visual Studio\2022\BuildTools\VC\Tools\MSVC\14.44.35207\atlmfc\include\cstringt.h(999,7):
      see declaration of 'ATL::CStringT<wchar_t,ATL::StrTraitATL<wchar_t,ATL::ChTraitsCRT<wchar_t>>>'
  
C:\Users\mcmco\Desktop\WMMR\src\WLXPhotoBase\BaseTypes.h(568,18): warning C4251: 'Base::TempFile::m_strPath': 'ATL::CStringT<wchar_t,ATL::StrTraitATL<wchar_t,ATL::ChTraitsCRT<wchar_t>>>' needs to have dll-interface to be used by clients of 'Base::TempFile' [C:\Users\mcmco\Desktop\WMMR\build\src\MovieMakerCore\MovieMakerCore.vcxproj]
  (compiling source file '../../../src/MovieMakerCore/HMREngine/X3DNodeImpls/X3DAppearanceImpls.cpp')
      C:\Program Files (x86)\Microsoft Visual Studio\2022\BuildTools\VC\Tools\MSVC\14.44.35207\atlmfc\include\cstringt.h(999,7):
      see declaration of 'ATL::CStringT<wchar_t,ATL::StrTraitATL<wchar_t,ATL::ChTraitsCRT<wchar_t>>>'
  
C:\Users\mcmco\Desktop\WMMR\src\WLXPhotoBase\BaseTypes.h(661,21): warning C4251: 'Base::FindFile::m_strDirectory': 'ATL::CStringT<wchar_t,ATL::StrTraitATL<wchar_t,ATL::ChTraitsCRT<wchar_t>>>' needs to have dll-interface to be used by clients of 'Base::FindFile' [C:\Users\mcmco\Desktop\WMMR\build\src\MovieMakerCore\MovieMakerCore.vcxproj]
  (compiling source file '../../../src/MovieMakerCore/HMREngine/X3DNodeImpls/X3DAppearanceImpls.cpp')
      C:\Program Files (x86)\Microsoft Visual Studio\2022\BuildTools\VC\Tools\MSVC\14.44.35207\atlmfc\include\cstringt.h(999,7):
      see declaration of 'ATL::CStringT<wchar_t,ATL::StrTraitATL<wchar_t,ATL::ChTraitsCRT<wchar_t>>>'
  
C:\Users\mcmco\Desktop\WMMR\src\WLXPhotoBase\BaseTypes.h(724,25): warning C4251: 'Base::IntSet::m_values': 'ATL::CAtlArray<int,ATL::CElementTraits<int>>' needs to have dll-interface to be used by clients of 'Base::IntSet' [C:\Users\mcmco\Desktop\WMMR\build\src\MovieMakerCore\MovieMakerCore.vcxproj]
  (compiling source file '../../../src/MovieMakerCore/HMREngine/X3DNodeImpls/X3DAppearanceImpls.cpp')
      C:\Program Files (x86)\Microsoft Visual Studio\2022\BuildTools\VC\Tools\MSVC\14.44.35207\atlmfc\include\atlcoll.h(530,7):
      see declaration of 'ATL::CAtlArray<int,ATL::CElementTraits<int>>'
  
C:\Users\mcmco\Desktop\WMMR\src\MovieMakerCore\HMREngine\X3DMath.h(232,22): warning C4458: declaration of 'm' hides class member [C:\Users\mcmco\Desktop\WMMR\build\src\MovieMakerCore\MovieMakerCore.vcxproj]
  (compiling source file '../../../src/MovieMakerCore/HMREngine/X3DNodeImpls/X3DNodeImplBase.cpp')
      C:\Program Files (x86)\Windows Kits\10\Include\10.0.26100.0\um\DirectXMath.h(973,19):
      see declaration of 'DirectX::XMFLOAT4X4::m'
  
C:\Users\mcmco\Desktop\WMMR\src\MovieMakerCore\HMREngine\X3DMath.h(240,22): warning C4458: declaration of 'm' hides class member [C:\Users\mcmco\Desktop\WMMR\build\src\MovieMakerCore\MovieMakerCore.vcxproj]
  (compiling source file '../../../src/MovieMakerCore/HMREngine/X3DNodeImpls/X3DNodeImplBase.cpp')
      C:\Program Files (x86)\Windows Kits\10\Include\10.0.26100.0\um\DirectXMath.h(973,19):
      see declaration of 'DirectX::XMFLOAT4X4::m'
  
C:\Users\mcmco\Desktop\WMMR\src\MovieMakerCore\HMREngine\X3DMath.h(249,22): warning C4458: declaration of 'm' hides class member [C:\Users\mcmco\Desktop\WMMR\build\src\MovieMakerCore\MovieMakerCore.vcxproj]
  (compiling source file '../../../src/MovieMakerCore/HMREngine/X3DNodeImpls/X3DNodeImplBase.cpp')
      C:\Program Files (x86)\Windows Kits\10\Include\10.0.26100.0\um\DirectXMath.h(973,19):
      see declaration of 'DirectX::XMFLOAT4X4::m'
  
C:\Users\mcmco\Desktop\WMMR\src\MovieMakerCore\HMREngine\X3DMath.h(258,22): warning C4458: declaration of 'm' hides class member [C:\Users\mcmco\Desktop\WMMR\build\src\MovieMakerCore\MovieMakerCore.vcxproj]
  (compiling source file '../../../src/MovieMakerCore/HMREngine/X3DNodeImpls/X3DNodeImplBase.cpp')
      C:\Program Files (x86)\Windows Kits\10\Include\10.0.26100.0\um\DirectXMath.h(973,19):
      see declaration of 'DirectX::XMFLOAT4X4::m'
  
C:\Users\mcmco\Desktop\WMMR\src\MovieMakerCore\HMREngine\X3DFieldTypes.h(49,9): error C2535: 'ULONG HMREngine::X3DFieldNode::AddRef(void)': member function already defined or declared [C:\Users\mcmco\Desktop\WMMR\build\src\MovieMakerCore\MovieMakerCore.vcxproj]
  (compiling source file '../../../src/MovieMakerCore/HMREngine/X3DNodeImpls/X3DNodeImplBase.cpp')
      C:\Users\mcmco\Desktop\WMMR\src\MovieMakerCore\HMREngine\X3DFieldTypes.h(33,9):
      see declaration of 'HMREngine::X3DFieldNode::AddRef'
  
C:\Users\mcmco\Desktop\WMMR\src\MovieMakerCore\HMREngine\X3DFieldTypes.h(49,9): error C2535: 'ULONG HMREngine::X3DFieldNode::Release(void)': member function already defined or declared [C:\Users\mcmco\Desktop\WMMR\build\src\MovieMakerCore\MovieMakerCore.vcxproj]
  (compiling source file '../../../src/MovieMakerCore/HMREngine/X3DNodeImpls/X3DNodeImplBase.cpp')
      C:\Users\mcmco\Desktop\WMMR\src\MovieMakerCore\HMREngine\X3DFieldTypes.h(34,9):
      see declaration of 'HMREngine::X3DFieldNode::Release'
  
C:\Users\mcmco\Desktop\WMMR\src\MovieMakerCore\HMREngine\X3DFieldTypes.h(49,9): error C2535: 'HRESULT HMREngine::X3DFieldNode::QueryInterface(const IID &,void **)': member function already defined or declared [C:\Users\mcmco\Desktop\WMMR\build\src\MovieMakerCore\MovieMakerCore.vcxproj]
  (compiling source file '../../../src/MovieMakerCore/HMREngine/X3DNodeImpls/X3DNodeImplBase.cpp')
      C:\Users\mcmco\Desktop\WMMR\src\MovieMakerCore\HMREngine\X3DFieldTypes.h(35,9):
      see declaration of 'HMREngine::X3DFieldNode::QueryInterface'
  
C:\Users\mcmco\Desktop\WMMR\src\MovieMakerCore\HMREngine\X3DFieldTypes.h(40,24): error C2440: 'static_cast': cannot convert from 'HMREngine::X3DFieldNode *' to 'IUnknown *' [C:\Users\mcmco\Desktop\WMMR\build\src\MovieMakerCore\MovieMakerCore.vcxproj]
  (compiling source file '../../../src/MovieMakerCore/HMREngine/X3DNodeImpls/X3DNodeImplBase.cpp')
      C:\Users\mcmco\Desktop\WMMR\src\MovieMakerCore\HMREngine\X3DFieldTypes.h(40,24):
      Types pointed to are unrelated; conversion requires reinterpret_cast, C-style cast or parenthesized function-style cast
  
C:\Users\mcmco\Desktop\WMMR\src\MovieMakerCore\HMREngine\X3DMath.h(232,22): warning C4458: declaration of 'm' hides class member [C:\Users\mcmco\Desktop\WMMR\build\src\MovieMakerCore\MovieMakerCore.vcxproj]
  (compiling source file '../../../src/MovieMakerCore/HMREngine/X3DNodeImpls/X3DGroupingImpls.cpp')
      C:\Program Files (x86)\Windows Kits\10\Include\10.0.26100.0\um\DirectXMath.h(973,19):
      see declaration of 'DirectX::XMFLOAT4X4::m'
  
C:\Users\mcmco\Desktop\WMMR\src\MovieMakerCore\HMREngine\X3DMath.h(240,22): warning C4458: declaration of 'm' hides class member [C:\Users\mcmco\Desktop\WMMR\build\src\MovieMakerCore\MovieMakerCore.vcxproj]
  (compiling source file '../../../src/MovieMakerCore/HMREngine/X3DNodeImpls/X3DGroupingImpls.cpp')
      C:\Program Files (x86)\Windows Kits\10\Include\10.0.26100.0\um\DirectXMath.h(973,19):
      see declaration of 'DirectX::XMFLOAT4X4::m'
  
C:\Users\mcmco\Desktop\WMMR\src\MovieMakerCore\HMREngine\X3DMath.h(249,22): warning C4458: declaration of 'm' hides class member [C:\Users\mcmco\Desktop\WMMR\build\src\MovieMakerCore\MovieMakerCore.vcxproj]
  (compiling source file '../../../src/MovieMakerCore/HMREngine/X3DNodeImpls/X3DGroupingImpls.cpp')
      C:\Program Files (x86)\Windows Kits\10\Include\10.0.26100.0\um\DirectXMath.h(973,19):
      see declaration of 'DirectX::XMFLOAT4X4::m'
  
C:\Users\mcmco\Desktop\WMMR\src\MovieMakerCore\HMREngine\X3DMath.h(258,22): warning C4458: declaration of 'm' hides class member [C:\Users\mcmco\Desktop\WMMR\build\src\MovieMakerCore\MovieMakerCore.vcxproj]
  (compiling source file '../../../src/MovieMakerCore/HMREngine/X3DNodeImpls/X3DGroupingImpls.cpp')
      C:\Program Files (x86)\Windows Kits\10\Include\10.0.26100.0\um\DirectXMath.h(973,19):
      see declaration of 'DirectX::XMFLOAT4X4::m'
  
C:\Users\mcmco\Desktop\WMMR\src\MovieMakerCore\HMREngine\X3DFieldTypes.h(49,9): error C2535: 'ULONG HMREngine::X3DFieldNode::AddRef(void)': member function already defined or declared [C:\Users\mcmco\Desktop\WMMR\build\src\MovieMakerCore\MovieMakerCore.vcxproj]
  (compiling source file '../../../src/MovieMakerCore/HMREngine/X3DNodeImpls/X3DGroupingImpls.cpp')
      C:\Users\mcmco\Desktop\WMMR\src\MovieMakerCore\HMREngine\X3DFieldTypes.h(33,9):
      see declaration of 'HMREngine::X3DFieldNode::AddRef'
  
C:\Users\mcmco\Desktop\WMMR\src\MovieMakerCore\HMREngine\X3DFieldTypes.h(49,9): error C2535: 'ULONG HMREngine::X3DFieldNode::Release(void)': member function already defined or declared [C:\Users\mcmco\Desktop\WMMR\build\src\MovieMakerCore\MovieMakerCore.vcxproj]
  (compiling source file '../../../src/MovieMakerCore/HMREngine/X3DNodeImpls/X3DGroupingImpls.cpp')
      C:\Users\mcmco\Desktop\WMMR\src\MovieMakerCore\HMREngine\X3DFieldTypes.h(34,9):
      see declaration of 'HMREngine::X3DFieldNode::Release'
  
C:\Users\mcmco\Desktop\WMMR\src\MovieMakerCore\HMREngine\X3DFieldTypes.h(49,9): error C2535: 'HRESULT HMREngine::X3DFieldNode::QueryInterface(const IID &,void **)': member function already defined or declared [C:\Users\mcmco\Desktop\WMMR\build\src\MovieMakerCore\MovieMakerCore.vcxproj]
  (compiling source file '../../../src/MovieMakerCore/HMREngine/X3DNodeImpls/X3DGroupingImpls.cpp')
      C:\Users\mcmco\Desktop\WMMR\src\MovieMakerCore\HMREngine\X3DFieldTypes.h(35,9):
      see declaration of 'HMREngine::X3DFieldNode::QueryInterface'
  
C:\Users\mcmco\Desktop\WMMR\src\MovieMakerCore\HMREngine\X3DFieldTypes.h(40,24): error C2440: 'static_cast': cannot convert from 'HMREngine::X3DFieldNode *' to 'IUnknown *' [C:\Users\mcmco\Desktop\WMMR\build\src\MovieMakerCore\MovieMakerCore.vcxproj]
  (compiling source file '../../../src/MovieMakerCore/HMREngine/X3DNodeImpls/X3DGroupingImpls.cpp')
      C:\Users\mcmco\Desktop\WMMR\src\MovieMakerCore\HMREngine\X3DFieldTypes.h(40,24):
      Types pointed to are unrelated; conversion requires reinterpret_cast, C-style cast or parenthesized function-style cast
  
C:\Users\mcmco\Desktop\WMMR\src\MovieMakerCore\HMREngine\X3DNodeImpls\X3DNodeImplBase.cpp(199,25): error C2664: 'HRESULT HMREngine::X3DNodeImpl::Initialize(HMREngine::X3DNode *)': cannot convert argument 1 from 'HMREngine::X3DChildNode *' to 'HMREngine::X3DNode *' [C:\Users\mcmco\Desktop\WMMR\build\src\MovieMakerCore\MovieMakerCore.vcxproj]
      C:\Users\mcmco\Desktop\WMMR\src\MovieMakerCore\HMREngine\X3DNodeImpls\X3DNodeImplBase.cpp(199,36):
      Types pointed to are unrelated; conversion requires reinterpret_cast, C-style cast or parenthesized function-style cast
      C:\Users\mcmco\Desktop\WMMR\src\MovieMakerCore\HMREngine\X3DNodeImpls\X3DNodeImplBase.cpp(148,22):
      see declaration of 'HMREngine::X3DNodeImpl::Initialize'
      C:\Users\mcmco\Desktop\WMMR\src\MovieMakerCore\HMREngine\X3DNodeImpls\X3DNodeImplBase.cpp(199,25):
      while trying to match the argument list '(HMREngine::X3DChildNode *)'
  
C:\Users\mcmco\Desktop\WMMR\src\MovieMakerCore\HMREngine\X3DNodeImpls\X3DNodeImplBase.cpp(250,25): error C2664: 'HRESULT HMREngine::X3DNodeImpl::Initialize(HMREngine::X3DNode *)': cannot convert argument 1 from 'HMREngine::X3DChildNode *' to 'HMREngine::X3DNode *' [C:\Users\mcmco\Desktop\WMMR\build\src\MovieMakerCore\MovieMakerCore.vcxproj]
      C:\Users\mcmco\Desktop\WMMR\src\MovieMakerCore\HMREngine\X3DNodeImpls\X3DNodeImplBase.cpp(250,36):
      Types pointed to are unrelated; conversion requires reinterpret_cast, C-style cast or parenthesized function-style cast
      C:\Users\mcmco\Desktop\WMMR\src\MovieMakerCore\HMREngine\X3DNodeImpls\X3DNodeImplBase.cpp(148,22):
      see declaration of 'HMREngine::X3DNodeImpl::Initialize'
      C:\Users\mcmco\Desktop\WMMR\src\MovieMakerCore\HMREngine\X3DNodeImpls\X3DNodeImplBase.cpp(250,25):
      while trying to match the argument list '(HMREngine::X3DChildNode *)'
  
C:\Users\mcmco\Desktop\WMMR\src\MovieMakerCore\HMREngine\X3DNodeImpls\X3DGroupingImpls.h(48,26): error C2061: syntax error: identifier 'X3DGeometryNodeImpl' [C:\Users\mcmco\Desktop\WMMR\build\src\MovieMakerCore\MovieMakerCore.vcxproj]
  (compiling source file '../../../src/MovieMakerCore/HMREngine/X3DNodeImpls/X3DGroupingImpls.cpp')
  
C:\Users\mcmco\Desktop\WMMR\src\MovieMakerCore\HMREngine\X3DNodeImpls\X3DGroupingImpls.h(49,28): error C2061: syntax error: identifier 'X3DAppearanceNodeImpl' [C:\Users\mcmco\Desktop\WMMR\build\src\MovieMakerCore\MovieMakerCore.vcxproj]
  (compiling source file '../../../src/MovieMakerCore/HMREngine/X3DNodeImpls/X3DGroupingImpls.cpp')
  
C:\Users\mcmco\Desktop\WMMR\src\MovieMakerCore\HMREngine\X3DNodeImpls\X3DGroupingImpls.h(51,28): error C2143: syntax error: missing ';' before '*' [C:\Users\mcmco\Desktop\WMMR\build\src\MovieMakerCore\MovieMakerCore.vcxproj]
  (compiling source file '../../../src/MovieMakerCore/HMREngine/X3DNodeImpls/X3DGroupingImpls.cpp')
  
C:\Users\mcmco\Desktop\WMMR\src\MovieMakerCore\HMREngine\X3DNodeImpls\X3DGroupingImpls.h(51,9): error C4430: missing type specifier - int assumed. Note: C++ does not support default-int [C:\Users\mcmco\Desktop\WMMR\build\src\MovieMakerCore\MovieMakerCore.vcxproj]
  (compiling source file '../../../src/MovieMakerCore/HMREngine/X3DNodeImpls/X3DGroupingImpls.cpp')
  
C:\Users\mcmco\Desktop\WMMR\src\MovieMakerCore\HMREngine\X3DNodeImpls\X3DGroupingImpls.h(51,50): error C2334: unexpected token(s) preceding '{'; skipping apparent function body [C:\Users\mcmco\Desktop\WMMR\build\src\MovieMakerCore\MovieMakerCore.vcxproj]
  (compiling source file '../../../src/MovieMakerCore/HMREngine/X3DNodeImpls/X3DGroupingImpls.cpp')
  
C:\Users\mcmco\Desktop\WMMR\src\MovieMakerCore\HMREngine\X3DNodeImpls\X3DGroupingImpls.h(52,30): error C2143: syntax error: missing ';' before '*' [C:\Users\mcmco\Desktop\WMMR\build\src\MovieMakerCore\MovieMakerCore.vcxproj]
  (compiling source file '../../../src/MovieMakerCore/HMREngine/X3DNodeImpls/X3DGroupingImpls.cpp')
  
C:\Users\mcmco\Desktop\WMMR\src\MovieMakerCore\HMREngine\X3DNodeImpls\X3DGroupingImpls.h(52,9): error C4430: missing type specifier - int assumed. Note: C++ does not support default-int [C:\Users\mcmco\Desktop\WMMR\build\src\MovieMakerCore\MovieMakerCore.vcxproj]
  (compiling source file '../../../src/MovieMakerCore/HMREngine/X3DNodeImpls/X3DGroupingImpls.cpp')
  
C:\Users\mcmco\Desktop\WMMR\src\MovieMakerCore\HMREngine\X3DNodeImpls\X3DGroupingImpls.h(52,54): error C2334: unexpected token(s) preceding '{'; skipping apparent function body [C:\Users\mcmco\Desktop\WMMR\build\src\MovieMakerCore\MovieMakerCore.vcxproj]
  (compiling source file '../../../src/MovieMakerCore/HMREngine/X3DNodeImpls/X3DGroupingImpls.cpp')
  
C:\Users\mcmco\Desktop\WMMR\src\MovieMakerCore\HMREngine\X3DNodeImpls\X3DGroupingImpls.h(59,28): error C2143: syntax error: missing ';' before '*' [C:\Users\mcmco\Desktop\WMMR\build\src\MovieMakerCore\MovieMakerCore.vcxproj]
  (compiling source file '../../../src/MovieMakerCore/HMREngine/X3DNodeImpls/X3DGroupingImpls.cpp')
  
C:\Users\mcmco\Desktop\WMMR\src\MovieMakerCore\HMREngine\X3DNodeImpls\X3DGroupingImpls.h(59,9): error C4430: missing type specifier - int assumed. Note: C++ does not support default-int [C:\Users\mcmco\Desktop\WMMR\build\src\MovieMakerCore\MovieMakerCore.vcxproj]
  (compiling source file '../../../src/MovieMakerCore/HMREngine/X3DNodeImpls/X3DGroupingImpls.cpp')
  
C:\Users\mcmco\Desktop\WMMR\src\MovieMakerCore\HMREngine\X3DNodeImpls\X3DGroupingImpls.h(59,50): error C2238: unexpected token(s) preceding ';' [C:\Users\mcmco\Desktop\WMMR\build\src\MovieMakerCore\MovieMakerCore.vcxproj]
  (compiling source file '../../../src/MovieMakerCore/HMREngine/X3DNodeImpls/X3DGroupingImpls.cpp')
  
C:\Users\mcmco\Desktop\WMMR\src\MovieMakerCore\HMREngine\X3DNodeImpls\X3DGroupingImpls.h(60,30): error C2143: syntax error: missing ';' before '*' [C:\Users\mcmco\Desktop\WMMR\build\src\MovieMakerCore\MovieMakerCore.vcxproj]
  (compiling source file '../../../src/MovieMakerCore/HMREngine/X3DNodeImpls/X3DGroupingImpls.cpp')
  
C:\Users\mcmco\Desktop\WMMR\src\MovieMakerCore\HMREngine\X3DNodeImpls\X3DGroupingImpls.h(60,9): error C4430: missing type specifier - int assumed. Note: C++ does not support default-int [C:\Users\mcmco\Desktop\WMMR\build\src\MovieMakerCore\MovieMakerCore.vcxproj]
  (compiling source file '../../../src/MovieMakerCore/HMREngine/X3DNodeImpls/X3DGroupingImpls.cpp')
  
C:\Users\mcmco\Desktop\WMMR\src\MovieMakerCore\HMREngine\X3DNodeImpls\X3DGroupingImpls.h(60,54): error C2238: unexpected token(s) preceding ';' [C:\Users\mcmco\Desktop\WMMR\build\src\MovieMakerCore\MovieMakerCore.vcxproj]
  (compiling source file '../../../src/MovieMakerCore/HMREngine/X3DNodeImpls/X3DGroupingImpls.cpp')
  
C:\Users\mcmco\Desktop\WMMR\src\MovieMakerCore\HMREngine\X3DNodeImpls\X3DGroupingImpls.cpp(66,5): error C2065: 'm_geometry': undeclared identifier [C:\Users\mcmco\Desktop\WMMR\build\src\MovieMakerCore\MovieMakerCore.vcxproj]
C:\Users\mcmco\Desktop\WMMR\src\MovieMakerCore\HMREngine\X3DNodeImpls\X3DGroupingImpls.cpp(67,5): error C2065: 'm_appearance': undeclared identifier [C:\Users\mcmco\Desktop\WMMR\build\src\MovieMakerCore\MovieMakerCore.vcxproj]
C:\Users\mcmco\Desktop\WMMR\src\MovieMakerCore\HMREngine\X3DNodeImpls\X3DGroupingImpls.cpp(72,24): error C2511: 'void HMREngine::X3DShapeNodeImpl::SetGeometry(HMREngine::X3DGeometryNodeImpl *)': overloaded member function not found in 'HMREngine::X3DShapeNodeImpl' [C:\Users\mcmco\Desktop\WMMR\build\src\MovieMakerCore\MovieMakerCore.vcxproj]
      C:\Users\mcmco\Desktop\WMMR\src\MovieMakerCore\HMREngine\X3DNodeImpls\X3DGroupingImpls.h(37,11):
      see declaration of 'HMREngine::X3DShapeNodeImpl'
  
C:\Users\mcmco\Desktop\WMMR\src\MovieMakerCore\HMREngine\X3DNodeImpls\X3DGroupingImpls.cpp(74,5): error C2065: 'm_geometry': undeclared identifier [C:\Users\mcmco\Desktop\WMMR\build\src\MovieMakerCore\MovieMakerCore.vcxproj]
C:\Users\mcmco\Desktop\WMMR\src\MovieMakerCore\HMREngine\X3DNodeImpls\X3DGroupingImpls.cpp(75,5): error C2352: 'HMREngine::X3DNodeImpl::MarkDirty': a call of a non-static member function requires an object [C:\Users\mcmco\Desktop\WMMR\build\src\MovieMakerCore\MovieMakerCore.vcxproj]
      C:\Users\mcmco\Desktop\WMMR\src\MovieMakerCore\HMREngine\X3DNodeImpls\X3DNodeImplBase.h(127,14):
      see declaration of 'HMREngine::X3DNodeImpl::MarkDirty'
  
C:\Users\mcmco\Desktop\WMMR\src\MovieMakerCore\HMREngine\X3DNodeImpls\X3DGroupingImpls.cpp(78,38): error C2065: 'X3DAppearanceNodeImpl': undeclared identifier [C:\Users\mcmco\Desktop\WMMR\build\src\MovieMakerCore\MovieMakerCore.vcxproj]
C:\Users\mcmco\Desktop\WMMR\src\MovieMakerCore\HMREngine\X3DNodeImpls\X3DGroupingImpls.cpp(78,61): error C2065: 'app': undeclared identifier [C:\Users\mcmco\Desktop\WMMR\build\src\MovieMakerCore\MovieMakerCore.vcxproj]
C:\Users\mcmco\Desktop\WMMR\src\MovieMakerCore\HMREngine\X3DNodeImpls\X3DGroupingImpls.cpp(78,24): error C2761: 'void HMREngine::X3DShapeNodeImpl::SetAppearance(void)': redeclaration of member is not allowed [C:\Users\mcmco\Desktop\WMMR\build\src\MovieMakerCore\MovieMakerCore.vcxproj]
C:\Users\mcmco\Desktop\WMMR\src\MovieMakerCore\HMREngine\X3DNodeImpls\X3DGroupingImpls.cpp(79,1): error C2143: syntax error: missing ';' before '{' [C:\Users\mcmco\Desktop\WMMR\build\src\MovieMakerCore\MovieMakerCore.vcxproj]
C:\Users\mcmco\Desktop\WMMR\src\MovieMakerCore\HMREngine\X3DNodeImpls\X3DGroupingImpls.cpp(79,1): error C2447: '{': missing function header (old-style formal list?) [C:\Users\mcmco\Desktop\WMMR\build\src\MovieMakerCore\MovieMakerCore.vcxproj]
C:\Users\mcmco\Desktop\WMMR\src\MovieMakerCore\HMREngine\X3DMath.h(232,22): warning C4458: declaration of 'm' hides class member [C:\Users\mcmco\Desktop\WMMR\build\src\MovieMakerCore\MovieMakerCore.vcxproj]
  (compiling source file '../../../src/MovieMakerCore/HMREngine/X3DNodeImpls/X3DAppearanceImpls.cpp')
      C:\Program Files (x86)\Windows Kits\10\Include\10.0.26100.0\um\DirectXMath.h(973,19):
      see declaration of 'DirectX::XMFLOAT4X4::m'
  
C:\Users\mcmco\Desktop\WMMR\src\MovieMakerCore\HMREngine\X3DMath.h(240,22): warning C4458: declaration of 'm' hides class member [C:\Users\mcmco\Desktop\WMMR\build\src\MovieMakerCore\MovieMakerCore.vcxproj]
  (compiling source file '../../../src/MovieMakerCore/HMREngine/X3DNodeImpls/X3DAppearanceImpls.cpp')
      C:\Program Files (x86)\Windows Kits\10\Include\10.0.26100.0\um\DirectXMath.h(973,19):
      see declaration of 'DirectX::XMFLOAT4X4::m'
  
C:\Users\mcmco\Desktop\WMMR\src\MovieMakerCore\HMREngine\X3DMath.h(249,22): warning C4458: declaration of 'm' hides class member [C:\Users\mcmco\Desktop\WMMR\build\src\MovieMakerCore\MovieMakerCore.vcxproj]
  (compiling source file '../../../src/MovieMakerCore/HMREngine/X3DNodeImpls/X3DAppearanceImpls.cpp')
      C:\Program Files (x86)\Windows Kits\10\Include\10.0.26100.0\um\DirectXMath.h(973,19):
      see declaration of 'DirectX::XMFLOAT4X4::m'
  
C:\Users\mcmco\Desktop\WMMR\src\MovieMakerCore\HMREngine\X3DMath.h(258,22): warning C4458: declaration of 'm' hides class member [C:\Users\mcmco\Desktop\WMMR\build\src\MovieMakerCore\MovieMakerCore.vcxproj]
  (compiling source file '../../../src/MovieMakerCore/HMREngine/X3DNodeImpls/X3DAppearanceImpls.cpp')
      C:\Program Files (x86)\Windows Kits\10\Include\10.0.26100.0\um\DirectXMath.h(973,19):
      see declaration of 'DirectX::XMFLOAT4X4::m'
  
C:\Users\mcmco\Desktop\WMMR\src\MovieMakerCore\HMREngine\X3DFieldTypes.h(49,9): error C2535: 'ULONG HMREngine::X3DFieldNode::AddRef(void)': member function already defined or declared [C:\Users\mcmco\Desktop\WMMR\build\src\MovieMakerCore\MovieMakerCore.vcxproj]
  (compiling source file '../../../src/MovieMakerCore/HMREngine/X3DNodeImpls/X3DAppearanceImpls.cpp')
      C:\Users\mcmco\Desktop\WMMR\src\MovieMakerCore\HMREngine\X3DFieldTypes.h(33,9):
      see declaration of 'HMREngine::X3DFieldNode::AddRef'
  
C:\Users\mcmco\Desktop\WMMR\src\MovieMakerCore\HMREngine\X3DFieldTypes.h(49,9): error C2535: 'ULONG HMREngine::X3DFieldNode::Release(void)': member function already defined or declared [C:\Users\mcmco\Desktop\WMMR\build\src\MovieMakerCore\MovieMakerCore.vcxproj]
  (compiling source file '../../../src/MovieMakerCore/HMREngine/X3DNodeImpls/X3DAppearanceImpls.cpp')
      C:\Users\mcmco\Desktop\WMMR\src\MovieMakerCore\HMREngine\X3DFieldTypes.h(34,9):
      see declaration of 'HMREngine::X3DFieldNode::Release'
  
C:\Users\mcmco\Desktop\WMMR\src\MovieMakerCore\HMREngine\X3DFieldTypes.h(49,9): error C2535: 'HRESULT HMREngine::X3DFieldNode::QueryInterface(const IID &,void **)': member function already defined or declared [C:\Users\mcmco\Desktop\WMMR\build\src\MovieMakerCore\MovieMakerCore.vcxproj]
  (compiling source file '../../../src/MovieMakerCore/HMREngine/X3DNodeImpls/X3DAppearanceImpls.cpp')
      C:\Users\mcmco\Desktop\WMMR\src\MovieMakerCore\HMREngine\X3DFieldTypes.h(35,9):
      see declaration of 'HMREngine::X3DFieldNode::QueryInterface'
  
C:\Users\mcmco\Desktop\WMMR\src\MovieMakerCore\HMREngine\X3DFieldTypes.h(40,24): error C2440: 'static_cast': cannot convert from 'HMREngine::X3DFieldNode *' to 'IUnknown *' [C:\Users\mcmco\Desktop\WMMR\build\src\MovieMakerCore\MovieMakerCore.vcxproj]
  (compiling source file '../../../src/MovieMakerCore/HMREngine/X3DNodeImpls/X3DAppearanceImpls.cpp')
      C:\Users\mcmco\Desktop\WMMR\src\MovieMakerCore\HMREngine\X3DFieldTypes.h(40,24):
      Types pointed to are unrelated; conversion requires reinterpret_cast, C-style cast or parenthesized function-style cast
  
C:\Users\mcmco\Desktop\WMMR\src\MovieMakerCore\HMREngine\X3DNodeImpls\X3DAppearanceImpls.h(122,34): error C2061: syntax error: identifier 'TextureTransformContainerImpl' [C:\Users\mcmco\Desktop\WMMR\build\src\MovieMakerCore\MovieMakerCore.vcxproj]
  (compiling source file '../../../src/MovieMakerCore/HMREngine/X3DNodeImpls/X3DAppearanceImpls.cpp')
  
C:\Users\mcmco\Desktop\WMMR\src\MovieMakerCore\HMREngine\X3DNodeImpls\X3DAppearanceImpls.h(126,38): error C2143: syntax error: missing ';' before '*' [C:\Users\mcmco\Desktop\WMMR\build\src\MovieMakerCore\MovieMakerCore.vcxproj]
  (compiling source file '../../../src/MovieMakerCore/HMREngine/X3DNodeImpls/X3DAppearanceImpls.cpp')
  
C:\Users\mcmco\Desktop\WMMR\src\MovieMakerCore\HMREngine\X3DNodeImpls\X3DAppearanceImpls.h(126,9): error C4430: missing type specifier - int assumed. Note: C++ does not support default-int [C:\Users\mcmco\Desktop\WMMR\build\src\MovieMakerCore\MovieMakerCore.vcxproj]
  (compiling source file '../../../src/MovieMakerCore/HMREngine/X3DNodeImpls/X3DAppearanceImpls.cpp')
  
C:\Users\mcmco\Desktop\WMMR\src\MovieMakerCore\HMREngine\X3DNodeImpls\X3DAppearanceImpls.h(126,68): error C2334: unexpected token(s) preceding '{'; skipping apparent function body [C:\Users\mcmco\Desktop\WMMR\build\src\MovieMakerCore\MovieMakerCore.vcxproj]
  (compiling source file '../../../src/MovieMakerCore/HMREngine/X3DNodeImpls/X3DAppearanceImpls.cpp')
  
C:\Users\mcmco\Desktop\WMMR\src\MovieMakerCore\HMREngine\X3DNodeImpls\X3DAppearanceImpls.h(131,38): error C2143: syntax error: missing ';' before '*' [C:\Users\mcmco\Desktop\WMMR\build\src\MovieMakerCore\MovieMakerCore.vcxproj]
  (compiling source file '../../../src/MovieMakerCore/HMREngine/X3DNodeImpls/X3DAppearanceImpls.cpp')
  
C:\Users\mcmco\Desktop\WMMR\src\MovieMakerCore\HMREngine\X3DNodeImpls\X3DAppearanceImpls.h(131,9): error C4430: missing type specifier - int assumed. Note: C++ does not support default-int [C:\Users\mcmco\Desktop\WMMR\build\src\MovieMakerCore\MovieMakerCore.vcxproj]
  (compiling source file '../../../src/MovieMakerCore/HMREngine/X3DNodeImpls/X3DAppearanceImpls.cpp')
  
C:\Users\mcmco\Desktop\WMMR\src\MovieMakerCore\HMREngine\X3DNodeImpls\X3DAppearanceImpls.h(131,68): error C2238: unexpected token(s) preceding ';' [C:\Users\mcmco\Desktop\WMMR\build\src\MovieMakerCore\MovieMakerCore.vcxproj]
  (compiling source file '../../../src/MovieMakerCore/HMREngine/X3DNodeImpls/X3DAppearanceImpls.cpp')
  
C:\Users\mcmco\Desktop\WMMR\src\MovieMakerCore\HMREngine\X3DNodeImpls\X3DAppearanceImpls.h(195,24): error C2061: syntax error: identifier 'X3DShaderNodeImpl' [C:\Users\mcmco\Desktop\WMMR\build\src\MovieMakerCore\MovieMakerCore.vcxproj]
  (compiling source file '../../../src/MovieMakerCore/HMREngine/X3DNodeImpls/X3DAppearanceImpls.cpp')
  
C:\Users\mcmco\Desktop\WMMR\src\MovieMakerCore\HMREngine\X3DNodeImpls\X3DAppearanceImpls.h(196,26): error C2143: syntax error: missing ';' before '*' [C:\Users\mcmco\Desktop\WMMR\build\src\MovieMakerCore\MovieMakerCore.vcxproj]
  (compiling source file '../../../src/MovieMakerCore/HMREngine/X3DNodeImpls/X3DAppearanceImpls.cpp')
  
C:\Users\mcmco\Desktop\WMMR\src\MovieMakerCore\HMREngine\X3DNodeImpls\X3DAppearanceImpls.h(196,9): error C4430: missing type specifier - int assumed. Note: C++ does not support default-int [C:\Users\mcmco\Desktop\WMMR\build\src\MovieMakerCore\MovieMakerCore.vcxproj]
  (compiling source file '../../../src/MovieMakerCore/HMREngine/X3DNodeImpls/X3DAppearanceImpls.cpp')
  
C:\Users\mcmco\Desktop\WMMR\src\MovieMakerCore\HMREngine\X3DNodeImpls\X3DAppearanceImpls.h(196,55): error C2238: unexpected token(s) preceding ';' [C:\Users\mcmco\Desktop\WMMR\build\src\MovieMakerCore\MovieMakerCore.vcxproj]
  (compiling source file '../../../src/MovieMakerCore/HMREngine/X3DNodeImpls/X3DAppearanceImpls.cpp')
  
C:\Users\mcmco\Desktop\WMMR\src\MovieMakerCore\HMREngine\X3DNodeImpls\X3DAppearanceImpls.h(199,21): error C2065: 'X3DShaderNodeImpl': undeclared identifier [C:\Users\mcmco\Desktop\WMMR\build\src\MovieMakerCore\MovieMakerCore.vcxproj]
  (compiling source file '../../../src/MovieMakerCore/HMREngine/X3DNodeImpls/X3DAppearanceImpls.cpp')
  
C:\Users\mcmco\Desktop\WMMR\src\MovieMakerCore\HMREngine\X3DNodeImpls\X3DAppearanceImpls.h(199,39): error C2059: syntax error: '>' [C:\Users\mcmco\Desktop\WMMR\build\src\MovieMakerCore\MovieMakerCore.vcxproj]
  (compiling source file '../../../src/MovieMakerCore/HMREngine/X3DNodeImpls/X3DAppearanceImpls.cpp')
  
C:\Users\mcmco\Desktop\WMMR\src\MovieMakerCore\HMREngine\X3DNodeImpls\X3DAppearanceImpls.cpp(113,32): error C2039: 'm_diffuseColor': is not a member of 'HMREngine::X3DMaterialNode' [C:\Users\mcmco\Desktop\WMMR\build\src\MovieMakerCore\MovieMakerCore.vcxproj]
      C:\Users\mcmco\Desktop\WMMR\src\MovieMakerCore\HMREngine\X3DNodes.h(215,11):
      see declaration of 'HMREngine::X3DMaterialNode'
  
C:\Users\mcmco\Desktop\WMMR\src\MovieMakerCore\HMREngine\X3DNodeImpls\X3DAppearanceImpls.cpp(114,33): error C2039: 'm_specularColor': is not a member of 'HMREngine::X3DMaterialNode' [C:\Users\mcmco\Desktop\WMMR\build\src\MovieMakerCore\MovieMakerCore.vcxproj]
      C:\Users\mcmco\Desktop\WMMR\src\MovieMakerCore\HMREngine\X3DNodes.h(215,11):
      see declaration of 'HMREngine::X3DMaterialNode'
  
C:\Users\mcmco\Desktop\WMMR\src\MovieMakerCore\HMREngine\X3DNodeImpls\X3DAppearanceImpls.cpp(115,33): error C2039: 'm_emissiveColor': is not a member of 'HMREngine::X3DMaterialNode' [C:\Users\mcmco\Desktop\WMMR\build\src\MovieMakerCore\MovieMakerCore.vcxproj]
      C:\Users\mcmco\Desktop\WMMR\src\MovieMakerCore\HMREngine\X3DNodes.h(215,11):
      see declaration of 'HMREngine::X3DMaterialNode'
  
C:\Users\mcmco\Desktop\WMMR\src\MovieMakerCore\HMREngine\X3DNodeImpls\X3DAppearanceImpls.cpp(116,32): error C2039: 'm_ambientColor': is not a member of 'HMREngine::X3DMaterialNode' [C:\Users\mcmco\Desktop\WMMR\build\src\MovieMakerCore\MovieMakerCore.vcxproj]
      C:\Users\mcmco\Desktop\WMMR\src\MovieMakerCore\HMREngine\X3DNodes.h(215,11):
      see declaration of 'HMREngine::X3DMaterialNode'
  
C:\Users\mcmco\Desktop\WMMR\src\MovieMakerCore\HMREngine\X3DNodeImpls\X3DAppearanceImpls.cpp(117,29): error C2039: 'm_shininess': is not a member of 'HMREngine::X3DMaterialNode' [C:\Users\mcmco\Desktop\WMMR\build\src\MovieMakerCore\MovieMakerCore.vcxproj]
      C:\Users\mcmco\Desktop\WMMR\src\MovieMakerCore\HMREngine\X3DNodes.h(215,11):
      see declaration of 'HMREngine::X3DMaterialNode'
  
C:\Users\mcmco\Desktop\WMMR\src\MovieMakerCore\HMREngine\X3DNodeImpls\X3DAppearanceImpls.cpp(118,32): error C2039: 'm_transparency': is not a member of 'HMREngine::X3DMaterialNode' [C:\Users\mcmco\Desktop\WMMR\build\src\MovieMakerCore\MovieMakerCore.vcxproj]
      C:\Users\mcmco\Desktop\WMMR\src\MovieMakerCore\HMREngine\X3DNodes.h(215,11):
      see declaration of 'HMREngine::X3DMaterialNode'
  
C:\Users\mcmco\Desktop\WMMR\src\MovieMakerCore\HMREngine\X3DNodeImpls\X3DAppearanceImpls.cpp(149,5): error C2065: 'm_textureTransform': undeclared identifier [C:\Users\mcmco\Desktop\WMMR\build\src\MovieMakerCore\MovieMakerCore.vcxproj]
C:\Users\mcmco\Desktop\WMMR\src\MovieMakerCore\HMREngine\X3DNodeImpls\X3DAppearanceImpls.cpp(165,29): error C2511: 'void HMREngine::X3DAppearanceNodeImpl::SetTextureTransform(HMREngine::TextureTransformContainerImpl *)': overloaded member function not found in 'HMREngine::X3DAppearanceNodeImpl' [C:\Users\mcmco\Desktop\WMMR\build\src\MovieMakerCore\MovieMakerCore.vcxproj]
      C:\Users\mcmco\Desktop\WMMR\src\MovieMakerCore\HMREngine\X3DNodeImpls\X3DAppearanceImpls.h(111,11):
      see declaration of 'HMREngine::X3DAppearanceNodeImpl'
  
C:\Users\mcmco\Desktop\WMMR\src\MovieMakerCore\HMREngine\X3DNodeImpls\X3DAppearanceImpls.cpp(167,5): error C2065: 'm_textureTransform': undeclared identifier [C:\Users\mcmco\Desktop\WMMR\build\src\MovieMakerCore\MovieMakerCore.vcxproj]
C:\Users\mcmco\Desktop\WMMR\src\MovieMakerCore\HMREngine\X3DNodeImpls\X3DAppearanceImpls.cpp(168,5): error C2352: 'HMREngine::X3DNodeImpl::MarkDirty': a call of a non-static member function requires an object [C:\Users\mcmco\Desktop\WMMR\build\src\MovieMakerCore\MovieMakerCore.vcxproj]
      C:\Users\mcmco\Desktop\WMMR\src\MovieMakerCore\HMREngine\X3DNodeImpls\X3DNodeImplBase.h(127,14):
      see declaration of 'HMREngine::X3DNodeImpl::MarkDirty'
  
C:\Users\mcmco\Desktop\WMMR\src\MovieMakerCore\HMREngine\X3DNodeImpls\X3DAppearanceImpls.cpp(184,25): error C2664: 'HRESULT HMREngine::X3DNodeImpl::Initialize(HMREngine::X3DNode *)': cannot convert argument 1 from 'HMREngine::X3DChildNode *' to 'HMREngine::X3DNode *' [C:\Users\mcmco\Desktop\WMMR\build\src\MovieMakerCore\MovieMakerCore.vcxproj]
      C:\Users\mcmco\Desktop\WMMR\src\MovieMakerCore\HMREngine\X3DNodeImpls\X3DAppearanceImpls.cpp(184,36):
      Types pointed to are unrelated; conversion requires reinterpret_cast, C-style cast or parenthesized function-style cast
      C:\Users\mcmco\Desktop\WMMR\src\MovieMakerCore\HMREngine\X3DNodeImpls\X3DNodeImplBase.h(112,17):
      see declaration of 'HMREngine::X3DNodeImpl::Initialize'
      C:\Users\mcmco\Desktop\WMMR\src\MovieMakerCore\HMREngine\X3DNodeImpls\X3DAppearanceImpls.cpp(184,25):
      while trying to match the argument list '(HMREngine::X3DChildNode *)'
  
C:\Users\mcmco\Desktop\WMMR\src\MovieMakerCore\HMREngine\X3DNodeImpls\X3DAppearanceImpls.cpp(246,25): error C2511: 'void HMREngine::ShaderSetNodeImpl::AddShader(HMREngine::X3DShaderNodeImpl *)': overloaded member function not found in 'HMREngine::ShaderSetNodeImpl' [C:\Users\mcmco\Desktop\WMMR\build\src\MovieMakerCore\MovieMakerCore.vcxproj]
      C:\Users\mcmco\Desktop\WMMR\src\MovieMakerCore\HMREngine\X3DNodeImpls\X3DAppearanceImpls.h(185,11):
      see declaration of 'HMREngine::ShaderSetNodeImpl'
  
C:\Users\mcmco\Desktop\WMMR\src\MovieMakerCore\HMREngine\X3DNodeImpls\X3DAppearanceImpls.cpp(251,39): error C2039: 'GetShader': is not a member of 'HMREngine::ShaderSetNodeImpl' [C:\Users\mcmco\Desktop\WMMR\build\src\MovieMakerCore\MovieMakerCore.vcxproj]
      C:\Users\mcmco\Desktop\WMMR\src\MovieMakerCore\HMREngine\X3DNodeImpls\X3DAppearanceImpls.h(185,11):
      see declaration of 'HMREngine::ShaderSetNodeImpl'
  
C:\Users\mcmco\Desktop\WMMR\src\MovieMakerCore\HMREngine\X3DNodeImpls\X3DAppearanceImpls.cpp(251,39): error C2270: 'GetShader': modifiers not allowed on nonmember functions [C:\Users\mcmco\Desktop\WMMR\build\src\MovieMakerCore\MovieMakerCore.vcxproj]
C:\Users\mcmco\Desktop\WMMR\src\MovieMakerCore\HMREngine\X3DNodeImpls\X3DAppearanceImpls.cpp(253,18): error C2065: 'm_shaders': undeclared identifier [C:\Users\mcmco\Desktop\WMMR\build\src\MovieMakerCore\MovieMakerCore.vcxproj]
C:\Users\mcmco\Desktop\WMMR\src\MovieMakerCore\HMREngine\X3DNodeImpls\X3DAppearanceImpls.cpp(254,12): error C2065: 'm_shaders': undeclared identifier [C:\Users\mcmco\Desktop\WMMR\build\src\MovieMakerCore\MovieMakerCore.vcxproj]
C:\Users\mcmco\Desktop\WMMR\src\MovieMakerCore\HMREngine\X3DNodeImpls\X3DAppearanceImpls.cpp(272,25): error C2664: 'HRESULT HMREngine::X3DNodeImpl::Initialize(HMREngine::X3DNode *)': cannot convert argument 1 from 'HMREngine::X3DChildNode *' to 'HMREngine::X3DNode *' [C:\Users\mcmco\Desktop\WMMR\build\src\MovieMakerCore\MovieMakerCore.vcxproj]
      C:\Users\mcmco\Desktop\WMMR\src\MovieMakerCore\HMREngine\X3DNodeImpls\X3DAppearanceImpls.cpp(272,36):
      Types pointed to are unrelated; conversion requires reinterpret_cast, C-style cast or parenthesized function-style cast
      C:\Users\mcmco\Desktop\WMMR\src\MovieMakerCore\HMREngine\X3DNodeImpls\X3DNodeImplBase.h(112,17):
      see declaration of 'HMREngine::X3DNodeImpl::Initialize'
      C:\Users\mcmco\Desktop\WMMR\src\MovieMakerCore\HMREngine\X3DNodeImpls\X3DAppearanceImpls.cpp(272,25):
      while trying to match the argument list '(HMREngine::X3DChildNode *)'
  
C:\Users\mcmco\Desktop\WMMR\src\WTL\atlprint.h(809,25): warning C4100: 'dc': unreferenced parameter [C:\Users\mcmco\Desktop\WMMR\build\src\MovieMakerCore\MovieMakerCore.vcxproj]
  (compiling source file '../../../src/MovieMakerCore/HMREngine/X3DNodeImpls/X3DLayerImpls.cpp')
  
C:\Users\mcmco\Desktop\WMMR\src\WTL\atlprint.h(809,25): warning C4100: 'dc': unreferenced parameter [C:\Users\mcmco\Desktop\WMMR\build\src\MovieMakerCore\MovieMakerCore.vcxproj]
  (compiling source file '../../../src/MovieMakerCore/HMREngine/X3DNodeImpls/X3DSensorImpls.cpp')
  
C:\Users\mcmco\Desktop\WMMR\src\WTL\atlprint.h(809,25): warning C4100: 'dc': unreferenced parameter [C:\Users\mcmco\Desktop\WMMR\build\src\MovieMakerCore\MovieMakerCore.vcxproj]
  (compiling source file '../../../src/MovieMakerCore/HMREngine/PatternMesh/PatternMesh.cpp')
  
C:\Users\mcmco\Desktop\WMMR\src\WTL\atlprint.h(809,25): warning C4100: 'dc': unreferenced parameter [C:\Users\mcmco\Desktop\WMMR\build\src\MovieMakerCore\MovieMakerCore.vcxproj]
  (compiling source file '../../../src/MovieMakerCore/HMREngine/PatternMesh/PatternMeshFactory.cpp')
  
C:\Users\mcmco\Desktop\WMMR\src\WTL\atlprint.h(809,25): warning C4100: 'dc': unreferenced parameter [C:\Users\mcmco\Desktop\WMMR\build\src\MovieMakerCore\MovieMakerCore.vcxproj]
  (compiling source file '../../../src/MovieMakerCore/HMREngine/TextRender/TextRenderPipeline.cpp')
  
C:\Users\mcmco\Desktop\WMMR\src\WLXPhotoBase\BaseTypes.h(536,18): warning C4251: 'Base::File::m_strPath': 'ATL::CStringT<wchar_t,ATL::StrTraitATL<wchar_t,ATL::ChTraitsCRT<wchar_t>>>' needs to have dll-interface to be used by clients of 'Base::File' [C:\Users\mcmco\Desktop\WMMR\build\src\MovieMakerCore\MovieMakerCore.vcxproj]
  (compiling source file '../../../src/MovieMakerCore/HMREngine/X3DNodeImpls/X3DLayerImpls.cpp')
      C:\Program Files (x86)\Microsoft Visual Studio\2022\BuildTools\VC\Tools\MSVC\14.44.35207\atlmfc\include\cstringt.h(999,7):
      see declaration of 'ATL::CStringT<wchar_t,ATL::StrTraitATL<wchar_t,ATL::ChTraitsCRT<wchar_t>>>'
  
C:\Users\mcmco\Desktop\WMMR\src\WLXPhotoBase\BaseTypes.h(568,18): warning C4251: 'Base::TempFile::m_strPath': 'ATL::CStringT<wchar_t,ATL::StrTraitATL<wchar_t,ATL::ChTraitsCRT<wchar_t>>>' needs to have dll-interface to be used by clients of 'Base::TempFile' [C:\Users\mcmco\Desktop\WMMR\build\src\MovieMakerCore\MovieMakerCore.vcxproj]
  (compiling source file '../../../src/MovieMakerCore/HMREngine/X3DNodeImpls/X3DLayerImpls.cpp')
      C:\Program Files (x86)\Microsoft Visual Studio\2022\BuildTools\VC\Tools\MSVC\14.44.35207\atlmfc\include\cstringt.h(999,7):
      see declaration of 'ATL::CStringT<wchar_t,ATL::StrTraitATL<wchar_t,ATL::ChTraitsCRT<wchar_t>>>'
  
C:\Users\mcmco\Desktop\WMMR\src\WLXPhotoBase\BaseTypes.h(661,21): warning C4251: 'Base::FindFile::m_strDirectory': 'ATL::CStringT<wchar_t,ATL::StrTraitATL<wchar_t,ATL::ChTraitsCRT<wchar_t>>>' needs to have dll-interface to be used by clients of 'Base::FindFile' [C:\Users\mcmco\Desktop\WMMR\build\src\MovieMakerCore\MovieMakerCore.vcxproj]
  (compiling source file '../../../src/MovieMakerCore/HMREngine/X3DNodeImpls/X3DLayerImpls.cpp')
      C:\Program Files (x86)\Microsoft Visual Studio\2022\BuildTools\VC\Tools\MSVC\14.44.35207\atlmfc\include\cstringt.h(999,7):
      see declaration of 'ATL::CStringT<wchar_t,ATL::StrTraitATL<wchar_t,ATL::ChTraitsCRT<wchar_t>>>'
  
C:\Users\mcmco\Desktop\WMMR\src\WLXPhotoBase\BaseTypes.h(536,18): warning C4251: 'Base::File::m_strPath': 'ATL::CStringT<wchar_t,ATL::StrTraitATL<wchar_t,ATL::ChTraitsCRT<wchar_t>>>' needs to have dll-interface to be used by clients of 'Base::File' [C:\Users\mcmco\Desktop\WMMR\build\src\MovieMakerCore\MovieMakerCore.vcxproj]
  (compiling source file '../../../src/MovieMakerCore/HMREngine/X3DNodeImpls/X3DSensorImpls.cpp')
      C:\Program Files (x86)\Microsoft Visual Studio\2022\BuildTools\VC\Tools\MSVC\14.44.35207\atlmfc\include\cstringt.h(999,7):
      see declaration of 'ATL::CStringT<wchar_t,ATL::StrTraitATL<wchar_t,ATL::ChTraitsCRT<wchar_t>>>'
  
C:\Users\mcmco\Desktop\WMMR\src\WLXPhotoBase\BaseTypes.h(568,18): warning C4251: 'Base::TempFile::m_strPath': 'ATL::CStringT<wchar_t,ATL::StrTraitATL<wchar_t,ATL::ChTraitsCRT<wchar_t>>>' needs to have dll-interface to be used by clients of 'Base::TempFile' [C:\Users\mcmco\Desktop\WMMR\build\src\MovieMakerCore\MovieMakerCore.vcxproj]
  (compiling source file '../../../src/MovieMakerCore/HMREngine/X3DNodeImpls/X3DSensorImpls.cpp')
      C:\Program Files (x86)\Microsoft Visual Studio\2022\BuildTools\VC\Tools\MSVC\14.44.35207\atlmfc\include\cstringt.h(999,7):
      see declaration of 'ATL::CStringT<wchar_t,ATL::StrTraitATL<wchar_t,ATL::ChTraitsCRT<wchar_t>>>'
  
C:\Users\mcmco\Desktop\WMMR\src\WLXPhotoBase\BaseTypes.h(661,21): warning C4251: 'Base::FindFile::m_strDirectory': 'ATL::CStringT<wchar_t,ATL::StrTraitATL<wchar_t,ATL::ChTraitsCRT<wchar_t>>>' needs to have dll-interface to be used by clients of 'Base::FindFile' [C:\Users\mcmco\Desktop\WMMR\build\src\MovieMakerCore\MovieMakerCore.vcxproj]
  (compiling source file '../../../src/MovieMakerCore/HMREngine/X3DNodeImpls/X3DSensorImpls.cpp')
      C:\Program Files (x86)\Microsoft Visual Studio\2022\BuildTools\VC\Tools\MSVC\14.44.35207\atlmfc\include\cstringt.h(999,7):
      see declaration of 'ATL::CStringT<wchar_t,ATL::StrTraitATL<wchar_t,ATL::ChTraitsCRT<wchar_t>>>'
  
C:\Users\mcmco\Desktop\WMMR\src\WLXPhotoBase\BaseTypes.h(724,25): warning C4251: 'Base::IntSet::m_values': 'ATL::CAtlArray<int,ATL::CElementTraits<int>>' needs to have dll-interface to be used by clients of 'Base::IntSet' [C:\Users\mcmco\Desktop\WMMR\build\src\MovieMakerCore\MovieMakerCore.vcxproj]
  (compiling source file '../../../src/MovieMakerCore/HMREngine/X3DNodeImpls/X3DLayerImpls.cpp')
      C:\Program Files (x86)\Microsoft Visual Studio\2022\BuildTools\VC\Tools\MSVC\14.44.35207\atlmfc\include\atlcoll.h(530,7):
      see declaration of 'ATL::CAtlArray<int,ATL::CElementTraits<int>>'
  
C:\Users\mcmco\Desktop\WMMR\src\WLXPhotoBase\BaseTypes.h(724,25): warning C4251: 'Base::IntSet::m_values': 'ATL::CAtlArray<int,ATL::CElementTraits<int>>' needs to have dll-interface to be used by clients of 'Base::IntSet' [C:\Users\mcmco\Desktop\WMMR\build\src\MovieMakerCore\MovieMakerCore.vcxproj]
  (compiling source file '../../../src/MovieMakerCore/HMREngine/X3DNodeImpls/X3DSensorImpls.cpp')
      C:\Program Files (x86)\Microsoft Visual Studio\2022\BuildTools\VC\Tools\MSVC\14.44.35207\atlmfc\include\atlcoll.h(530,7):
      see declaration of 'ATL::CAtlArray<int,ATL::CElementTraits<int>>'
  
C:\Users\mcmco\Desktop\WMMR\src\WLXPhotoBase\BaseTypes.h(536,18): warning C4251: 'Base::File::m_strPath': 'ATL::CStringT<wchar_t,ATL::StrTraitATL<wchar_t,ATL::ChTraitsCRT<wchar_t>>>' needs to have dll-interface to be used by clients of 'Base::File' [C:\Users\mcmco\Desktop\WMMR\build\src\MovieMakerCore\MovieMakerCore.vcxproj]
  (compiling source file '../../../src/MovieMakerCore/HMREngine/PatternMesh/PatternMesh.cpp')
      C:\Program Files (x86)\Microsoft Visual Studio\2022\BuildTools\VC\Tools\MSVC\14.44.35207\atlmfc\include\cstringt.h(999,7):
      see declaration of 'ATL::CStringT<wchar_t,ATL::StrTraitATL<wchar_t,ATL::ChTraitsCRT<wchar_t>>>'
  
C:\Users\mcmco\Desktop\WMMR\src\WLXPhotoBase\BaseTypes.h(568,18): warning C4251: 'Base::TempFile::m_strPath': 'ATL::CStringT<wchar_t,ATL::StrTraitATL<wchar_t,ATL::ChTraitsCRT<wchar_t>>>' needs to have dll-interface to be used by clients of 'Base::TempFile' [C:\Users\mcmco\Desktop\WMMR\build\src\MovieMakerCore\MovieMakerCore.vcxproj]
  (compiling source file '../../../src/MovieMakerCore/HMREngine/PatternMesh/PatternMesh.cpp')
      C:\Program Files (x86)\Microsoft Visual Studio\2022\BuildTools\VC\Tools\MSVC\14.44.35207\atlmfc\include\cstringt.h(999,7):
      see declaration of 'ATL::CStringT<wchar_t,ATL::StrTraitATL<wchar_t,ATL::ChTraitsCRT<wchar_t>>>'
  
C:\Users\mcmco\Desktop\WMMR\src\WLXPhotoBase\BaseTypes.h(661,21): warning C4251: 'Base::FindFile::m_strDirectory': 'ATL::CStringT<wchar_t,ATL::StrTraitATL<wchar_t,ATL::ChTraitsCRT<wchar_t>>>' needs to have dll-interface to be used by clients of 'Base::FindFile' [C:\Users\mcmco\Desktop\WMMR\build\src\MovieMakerCore\MovieMakerCore.vcxproj]
  (compiling source file '../../../src/MovieMakerCore/HMREngine/PatternMesh/PatternMesh.cpp')
      C:\Program Files (x86)\Microsoft Visual Studio\2022\BuildTools\VC\Tools\MSVC\14.44.35207\atlmfc\include\cstringt.h(999,7):
      see declaration of 'ATL::CStringT<wchar_t,ATL::StrTraitATL<wchar_t,ATL::ChTraitsCRT<wchar_t>>>'
  
C:\Users\mcmco\Desktop\WMMR\src\WLXPhotoBase\BaseTypes.h(724,25): warning C4251: 'Base::IntSet::m_values': 'ATL::CAtlArray<int,ATL::CElementTraits<int>>' needs to have dll-interface to be used by clients of 'Base::IntSet' [C:\Users\mcmco\Desktop\WMMR\build\src\MovieMakerCore\MovieMakerCore.vcxproj]
  (compiling source file '../../../src/MovieMakerCore/HMREngine/PatternMesh/PatternMesh.cpp')
      C:\Program Files (x86)\Microsoft Visual Studio\2022\BuildTools\VC\Tools\MSVC\14.44.35207\atlmfc\include\atlcoll.h(530,7):
      see declaration of 'ATL::CAtlArray<int,ATL::CElementTraits<int>>'
  
C:\Users\mcmco\Desktop\WMMR\src\WLXPhotoBase\BaseTypes.h(536,18): warning C4251: 'Base::File::m_strPath': 'ATL::CStringT<wchar_t,ATL::StrTraitATL<wchar_t,ATL::ChTraitsCRT<wchar_t>>>' needs to have dll-interface to be used by clients of 'Base::File' [C:\Users\mcmco\Desktop\WMMR\build\src\MovieMakerCore\MovieMakerCore.vcxproj]
  (compiling source file '../../../src/MovieMakerCore/HMREngine/PatternMesh/PatternMeshFactory.cpp')
      C:\Program Files (x86)\Microsoft Visual Studio\2022\BuildTools\VC\Tools\MSVC\14.44.35207\atlmfc\include\cstringt.h(999,7):
      see declaration of 'ATL::CStringT<wchar_t,ATL::StrTraitATL<wchar_t,ATL::ChTraitsCRT<wchar_t>>>'
  
C:\Users\mcmco\Desktop\WMMR\src\WLXPhotoBase\BaseTypes.h(568,18): warning C4251: 'Base::TempFile::m_strPath': 'ATL::CStringT<wchar_t,ATL::StrTraitATL<wchar_t,ATL::ChTraitsCRT<wchar_t>>>' needs to have dll-interface to be used by clients of 'Base::TempFile' [C:\Users\mcmco\Desktop\WMMR\build\src\MovieMakerCore\MovieMakerCore.vcxproj]
  (compiling source file '../../../src/MovieMakerCore/HMREngine/PatternMesh/PatternMeshFactory.cpp')
      C:\Program Files (x86)\Microsoft Visual Studio\2022\BuildTools\VC\Tools\MSVC\14.44.35207\atlmfc\include\cstringt.h(999,7):
      see declaration of 'ATL::CStringT<wchar_t,ATL::StrTraitATL<wchar_t,ATL::ChTraitsCRT<wchar_t>>>'
  
C:\Users\mcmco\Desktop\WMMR\src\WLXPhotoBase\BaseTypes.h(661,21): warning C4251: 'Base::FindFile::m_strDirectory': 'ATL::CStringT<wchar_t,ATL::StrTraitATL<wchar_t,ATL::ChTraitsCRT<wchar_t>>>' needs to have dll-interface to be used by clients of 'Base::FindFile' [C:\Users\mcmco\Desktop\WMMR\build\src\MovieMakerCore\MovieMakerCore.vcxproj]
  (compiling source file '../../../src/MovieMakerCore/HMREngine/PatternMesh/PatternMeshFactory.cpp')
      C:\Program Files (x86)\Microsoft Visual Studio\2022\BuildTools\VC\Tools\MSVC\14.44.35207\atlmfc\include\cstringt.h(999,7):
      see declaration of 'ATL::CStringT<wchar_t,ATL::StrTraitATL<wchar_t,ATL::ChTraitsCRT<wchar_t>>>'
  
C:\Users\mcmco\Desktop\WMMR\src\WLXPhotoBase\BaseTypes.h(724,25): warning C4251: 'Base::IntSet::m_values': 'ATL::CAtlArray<int,ATL::CElementTraits<int>>' needs to have dll-interface to be used by clients of 'Base::IntSet' [C:\Users\mcmco\Desktop\WMMR\build\src\MovieMakerCore\MovieMakerCore.vcxproj]
  (compiling source file '../../../src/MovieMakerCore/HMREngine/PatternMesh/PatternMeshFactory.cpp')
      C:\Program Files (x86)\Microsoft Visual Studio\2022\BuildTools\VC\Tools\MSVC\14.44.35207\atlmfc\include\atlcoll.h(530,7):
      see declaration of 'ATL::CAtlArray<int,ATL::CElementTraits<int>>'
  
C:\Users\mcmco\Desktop\WMMR\src\WLXPhotoBase\BaseTypes.h(536,18): warning C4251: 'Base::File::m_strPath': 'ATL::CStringT<wchar_t,ATL::StrTraitATL<wchar_t,ATL::ChTraitsCRT<wchar_t>>>' needs to have dll-interface to be used by clients of 'Base::File' [C:\Users\mcmco\Desktop\WMMR\build\src\MovieMakerCore\MovieMakerCore.vcxproj]
  (compiling source file '../../../src/MovieMakerCore/HMREngine/TextRender/TextRenderPipeline.cpp')
      C:\Program Files (x86)\Microsoft Visual Studio\2022\BuildTools\VC\Tools\MSVC\14.44.35207\atlmfc\include\cstringt.h(999,7):
      see declaration of 'ATL::CStringT<wchar_t,ATL::StrTraitATL<wchar_t,ATL::ChTraitsCRT<wchar_t>>>'
  
C:\Users\mcmco\Desktop\WMMR\src\WLXPhotoBase\BaseTypes.h(568,18): warning C4251: 'Base::TempFile::m_strPath': 'ATL::CStringT<wchar_t,ATL::StrTraitATL<wchar_t,ATL::ChTraitsCRT<wchar_t>>>' needs to have dll-interface to be used by clients of 'Base::TempFile' [C:\Users\mcmco\Desktop\WMMR\build\src\MovieMakerCore\MovieMakerCore.vcxproj]
  (compiling source file '../../../src/MovieMakerCore/HMREngine/TextRender/TextRenderPipeline.cpp')
      C:\Program Files (x86)\Microsoft Visual Studio\2022\BuildTools\VC\Tools\MSVC\14.44.35207\atlmfc\include\cstringt.h(999,7):
      see declaration of 'ATL::CStringT<wchar_t,ATL::StrTraitATL<wchar_t,ATL::ChTraitsCRT<wchar_t>>>'
  
C:\Users\mcmco\Desktop\WMMR\src\WLXPhotoBase\BaseTypes.h(661,21): warning C4251: 'Base::FindFile::m_strDirectory': 'ATL::CStringT<wchar_t,ATL::StrTraitATL<wchar_t,ATL::ChTraitsCRT<wchar_t>>>' needs to have dll-interface to be used by clients of 'Base::FindFile' [C:\Users\mcmco\Desktop\WMMR\build\src\MovieMakerCore\MovieMakerCore.vcxproj]
  (compiling source file '../../../src/MovieMakerCore/HMREngine/TextRender/TextRenderPipeline.cpp')
      C:\Program Files (x86)\Microsoft Visual Studio\2022\BuildTools\VC\Tools\MSVC\14.44.35207\atlmfc\include\cstringt.h(999,7):
      see declaration of 'ATL::CStringT<wchar_t,ATL::StrTraitATL<wchar_t,ATL::ChTraitsCRT<wchar_t>>>'
  
C:\Users\mcmco\Desktop\WMMR\src\WLXPhotoBase\BaseTypes.h(724,25): warning C4251: 'Base::IntSet::m_values': 'ATL::CAtlArray<int,ATL::CElementTraits<int>>' needs to have dll-interface to be used by clients of 'Base::IntSet' [C:\Users\mcmco\Desktop\WMMR\build\src\MovieMakerCore\MovieMakerCore.vcxproj]
  (compiling source file '../../../src/MovieMakerCore/HMREngine/TextRender/TextRenderPipeline.cpp')
      C:\Program Files (x86)\Microsoft Visual Studio\2022\BuildTools\VC\Tools\MSVC\14.44.35207\atlmfc\include\atlcoll.h(530,7):
      see declaration of 'ATL::CAtlArray<int,ATL::CElementTraits<int>>'
  
C:\Users\mcmco\Desktop\WMMR\src\MovieMakerCore\HMREngine\X3DMath.h(232,22): warning C4458: declaration of 'm' hides class member [C:\Users\mcmco\Desktop\WMMR\build\src\MovieMakerCore\MovieMakerCore.vcxproj]
  (compiling source file '../../../src/MovieMakerCore/HMREngine/X3DNodeImpls/X3DSensorImpls.cpp')
      C:\Program Files (x86)\Windows Kits\10\Include\10.0.26100.0\um\DirectXMath.h(973,19):
      see declaration of 'DirectX::XMFLOAT4X4::m'
  
C:\Users\mcmco\Desktop\WMMR\src\MovieMakerCore\HMREngine\X3DMath.h(240,22): warning C4458: declaration of 'm' hides class member [C:\Users\mcmco\Desktop\WMMR\build\src\MovieMakerCore\MovieMakerCore.vcxproj]
  (compiling source file '../../../src/MovieMakerCore/HMREngine/X3DNodeImpls/X3DSensorImpls.cpp')
      C:\Program Files (x86)\Windows Kits\10\Include\10.0.26100.0\um\DirectXMath.h(973,19):
      see declaration of 'DirectX::XMFLOAT4X4::m'
  
C:\Users\mcmco\Desktop\WMMR\src\MovieMakerCore\HMREngine\X3DMath.h(249,22): warning C4458: declaration of 'm' hides class member [C:\Users\mcmco\Desktop\WMMR\build\src\MovieMakerCore\MovieMakerCore.vcxproj]
  (compiling source file '../../../src/MovieMakerCore/HMREngine/X3DNodeImpls/X3DSensorImpls.cpp')
      C:\Program Files (x86)\Windows Kits\10\Include\10.0.26100.0\um\DirectXMath.h(973,19):
      see declaration of 'DirectX::XMFLOAT4X4::m'
  
C:\Users\mcmco\Desktop\WMMR\src\MovieMakerCore\HMREngine\X3DMath.h(258,22): warning C4458: declaration of 'm' hides class member [C:\Users\mcmco\Desktop\WMMR\build\src\MovieMakerCore\MovieMakerCore.vcxproj]
  (compiling source file '../../../src/MovieMakerCore/HMREngine/X3DNodeImpls/X3DSensorImpls.cpp')
      C:\Program Files (x86)\Windows Kits\10\Include\10.0.26100.0\um\DirectXMath.h(973,19):
      see declaration of 'DirectX::XMFLOAT4X4::m'
  
C:\Users\mcmco\Desktop\WMMR\src\MovieMakerCore\HMREngine\X3DFieldTypes.h(49,9): error C2535: 'ULONG HMREngine::X3DFieldNode::AddRef(void)': member function already defined or declared [C:\Users\mcmco\Desktop\WMMR\build\src\MovieMakerCore\MovieMakerCore.vcxproj]
  (compiling source file '../../../src/MovieMakerCore/HMREngine/X3DNodeImpls/X3DSensorImpls.cpp')
      C:\Users\mcmco\Desktop\WMMR\src\MovieMakerCore\HMREngine\X3DFieldTypes.h(33,9):
      see declaration of 'HMREngine::X3DFieldNode::AddRef'
  
C:\Users\mcmco\Desktop\WMMR\src\MovieMakerCore\HMREngine\X3DFieldTypes.h(49,9): error C2535: 'ULONG HMREngine::X3DFieldNode::Release(void)': member function already defined or declared [C:\Users\mcmco\Desktop\WMMR\build\src\MovieMakerCore\MovieMakerCore.vcxproj]
  (compiling source file '../../../src/MovieMakerCore/HMREngine/X3DNodeImpls/X3DSensorImpls.cpp')
      C:\Users\mcmco\Desktop\WMMR\src\MovieMakerCore\HMREngine\X3DFieldTypes.h(34,9):
      see declaration of 'HMREngine::X3DFieldNode::Release'
  
C:\Users\mcmco\Desktop\WMMR\src\MovieMakerCore\HMREngine\X3DFieldTypes.h(49,9): error C2535: 'HRESULT HMREngine::X3DFieldNode::QueryInterface(const IID &,void **)': member function already defined or declared [C:\Users\mcmco\Desktop\WMMR\build\src\MovieMakerCore\MovieMakerCore.vcxproj]
  (compiling source file '../../../src/MovieMakerCore/HMREngine/X3DNodeImpls/X3DSensorImpls.cpp')
      C:\Users\mcmco\Desktop\WMMR\src\MovieMakerCore\HMREngine\X3DFieldTypes.h(35,9):
      see declaration of 'HMREngine::X3DFieldNode::QueryInterface'
  
C:\Users\mcmco\Desktop\WMMR\src\MovieMakerCore\HMREngine\X3DFieldTypes.h(40,24): error C2440: 'static_cast': cannot convert from 'HMREngine::X3DFieldNode *' to 'IUnknown *' [C:\Users\mcmco\Desktop\WMMR\build\src\MovieMakerCore\MovieMakerCore.vcxproj]
  (compiling source file '../../../src/MovieMakerCore/HMREngine/X3DNodeImpls/X3DSensorImpls.cpp')
      C:\Users\mcmco\Desktop\WMMR\src\MovieMakerCore\HMREngine\X3DFieldTypes.h(40,24):
      Types pointed to are unrelated; conversion requires reinterpret_cast, C-style cast or parenthesized function-style cast
  
C:\Users\mcmco\Desktop\WMMR\src\MovieMakerCore\HMREngine\X3DMath.h(232,22): warning C4458: declaration of 'm' hides class member [C:\Users\mcmco\Desktop\WMMR\build\src\MovieMakerCore\MovieMakerCore.vcxproj]
  (compiling source file '../../../src/MovieMakerCore/HMREngine/X3DNodeImpls/X3DLayerImpls.cpp')
      C:\Program Files (x86)\Windows Kits\10\Include\10.0.26100.0\um\DirectXMath.h(973,19):
      see declaration of 'DirectX::XMFLOAT4X4::m'
  
C:\Users\mcmco\Desktop\WMMR\src\MovieMakerCore\HMREngine\X3DMath.h(240,22): warning C4458: declaration of 'm' hides class member [C:\Users\mcmco\Desktop\WMMR\build\src\MovieMakerCore\MovieMakerCore.vcxproj]
  (compiling source file '../../../src/MovieMakerCore/HMREngine/X3DNodeImpls/X3DLayerImpls.cpp')
      C:\Program Files (x86)\Windows Kits\10\Include\10.0.26100.0\um\DirectXMath.h(973,19):
      see declaration of 'DirectX::XMFLOAT4X4::m'
  
C:\Users\mcmco\Desktop\WMMR\src\MovieMakerCore\HMREngine\X3DMath.h(249,22): warning C4458: declaration of 'm' hides class member [C:\Users\mcmco\Desktop\WMMR\build\src\MovieMakerCore\MovieMakerCore.vcxproj]
  (compiling source file '../../../src/MovieMakerCore/HMREngine/X3DNodeImpls/X3DLayerImpls.cpp')
      C:\Program Files (x86)\Windows Kits\10\Include\10.0.26100.0\um\DirectXMath.h(973,19):
      see declaration of 'DirectX::XMFLOAT4X4::m'
  
C:\Users\mcmco\Desktop\WMMR\src\MovieMakerCore\HMREngine\X3DMath.h(258,22): warning C4458: declaration of 'm' hides class member [C:\Users\mcmco\Desktop\WMMR\build\src\MovieMakerCore\MovieMakerCore.vcxproj]
  (compiling source file '../../../src/MovieMakerCore/HMREngine/X3DNodeImpls/X3DLayerImpls.cpp')
      C:\Program Files (x86)\Windows Kits\10\Include\10.0.26100.0\um\DirectXMath.h(973,19):
      see declaration of 'DirectX::XMFLOAT4X4::m'
  
C:\Users\mcmco\Desktop\WMMR\src\MovieMakerCore\HMREngine\X3DFieldTypes.h(49,9): error C2535: 'ULONG HMREngine::X3DFieldNode::AddRef(void)': member function already defined or declared [C:\Users\mcmco\Desktop\WMMR\build\src\MovieMakerCore\MovieMakerCore.vcxproj]
  (compiling source file '../../../src/MovieMakerCore/HMREngine/X3DNodeImpls/X3DLayerImpls.cpp')
      C:\Users\mcmco\Desktop\WMMR\src\MovieMakerCore\HMREngine\X3DFieldTypes.h(33,9):
      see declaration of 'HMREngine::X3DFieldNode::AddRef'
  
C:\Users\mcmco\Desktop\WMMR\src\MovieMakerCore\HMREngine\X3DFieldTypes.h(49,9): error C2535: 'ULONG HMREngine::X3DFieldNode::Release(void)': member function already defined or declared [C:\Users\mcmco\Desktop\WMMR\build\src\MovieMakerCore\MovieMakerCore.vcxproj]
  (compiling source file '../../../src/MovieMakerCore/HMREngine/X3DNodeImpls/X3DLayerImpls.cpp')
      C:\Users\mcmco\Desktop\WMMR\src\MovieMakerCore\HMREngine\X3DFieldTypes.h(34,9):
      see declaration of 'HMREngine::X3DFieldNode::Release'
  
C:\Users\mcmco\Desktop\WMMR\src\MovieMakerCore\HMREngine\X3DFieldTypes.h(49,9): error C2535: 'HRESULT HMREngine::X3DFieldNode::QueryInterface(const IID &,void **)': member function already defined or declared [C:\Users\mcmco\Desktop\WMMR\build\src\MovieMakerCore\MovieMakerCore.vcxproj]
  (compiling source file '../../../src/MovieMakerCore/HMREngine/X3DNodeImpls/X3DLayerImpls.cpp')
      C:\Users\mcmco\Desktop\WMMR\src\MovieMakerCore\HMREngine\X3DFieldTypes.h(35,9):
      see declaration of 'HMREngine::X3DFieldNode::QueryInterface'
  
C:\Users\mcmco\Desktop\WMMR\src\MovieMakerCore\HMREngine\X3DFieldTypes.h(40,24): error C2440: 'static_cast': cannot convert from 'HMREngine::X3DFieldNode *' to 'IUnknown *' [C:\Users\mcmco\Desktop\WMMR\build\src\MovieMakerCore\MovieMakerCore.vcxproj]
  (compiling source file '../../../src/MovieMakerCore/HMREngine/X3DNodeImpls/X3DLayerImpls.cpp')
      C:\Users\mcmco\Desktop\WMMR\src\MovieMakerCore\HMREngine\X3DFieldTypes.h(40,24):
      Types pointed to are unrelated; conversion requires reinterpret_cast, C-style cast or parenthesized function-style cast
  
C:\Users\mcmco\Desktop\WMMR\src\MovieMakerCore\HMREngine\X3DMath.h(232,22): warning C4458: declaration of 'm' hides class member [C:\Users\mcmco\Desktop\WMMR\build\src\MovieMakerCore\MovieMakerCore.vcxproj]
  (compiling source file '../../../src/MovieMakerCore/HMREngine/PatternMesh/PatternMesh.cpp')
      C:\Program Files (x86)\Windows Kits\10\Include\10.0.26100.0\um\DirectXMath.h(973,19):
      see declaration of 'DirectX::XMFLOAT4X4::m'
  
C:\Users\mcmco\Desktop\WMMR\src\MovieMakerCore\HMREngine\X3DMath.h(240,22): warning C4458: declaration of 'm' hides class member [C:\Users\mcmco\Desktop\WMMR\build\src\MovieMakerCore\MovieMakerCore.vcxproj]
  (compiling source file '../../../src/MovieMakerCore/HMREngine/PatternMesh/PatternMesh.cpp')
      C:\Program Files (x86)\Windows Kits\10\Include\10.0.26100.0\um\DirectXMath.h(973,19):
      see declaration of 'DirectX::XMFLOAT4X4::m'
  
C:\Users\mcmco\Desktop\WMMR\src\MovieMakerCore\HMREngine\X3DMath.h(249,22): warning C4458: declaration of 'm' hides class member [C:\Users\mcmco\Desktop\WMMR\build\src\MovieMakerCore\MovieMakerCore.vcxproj]
  (compiling source file '../../../src/MovieMakerCore/HMREngine/PatternMesh/PatternMesh.cpp')
      C:\Program Files (x86)\Windows Kits\10\Include\10.0.26100.0\um\DirectXMath.h(973,19):
      see declaration of 'DirectX::XMFLOAT4X4::m'
  
C:\Users\mcmco\Desktop\WMMR\src\MovieMakerCore\HMREngine\X3DMath.h(258,22): warning C4458: declaration of 'm' hides class member [C:\Users\mcmco\Desktop\WMMR\build\src\MovieMakerCore\MovieMakerCore.vcxproj]
  (compiling source file '../../../src/MovieMakerCore/HMREngine/PatternMesh/PatternMesh.cpp')
      C:\Program Files (x86)\Windows Kits\10\Include\10.0.26100.0\um\DirectXMath.h(973,19):
      see declaration of 'DirectX::XMFLOAT4X4::m'
  
C:\Users\mcmco\Desktop\WMMR\src\MovieMakerCore\HMREngine\X3DMath.h(232,22): warning C4458: declaration of 'm' hides class member [C:\Users\mcmco\Desktop\WMMR\build\src\MovieMakerCore\MovieMakerCore.vcxproj]
  (compiling source file '../../../src/MovieMakerCore/HMREngine/PatternMesh/PatternMeshFactory.cpp')
      C:\Program Files (x86)\Windows Kits\10\Include\10.0.26100.0\um\DirectXMath.h(973,19):
      see declaration of 'DirectX::XMFLOAT4X4::m'
  
C:\Users\mcmco\Desktop\WMMR\src\MovieMakerCore\HMREngine\X3DMath.h(240,22): warning C4458: declaration of 'm' hides class member [C:\Users\mcmco\Desktop\WMMR\build\src\MovieMakerCore\MovieMakerCore.vcxproj]
  (compiling source file '../../../src/MovieMakerCore/HMREngine/PatternMesh/PatternMeshFactory.cpp')
      C:\Program Files (x86)\Windows Kits\10\Include\10.0.26100.0\um\DirectXMath.h(973,19):
      see declaration of 'DirectX::XMFLOAT4X4::m'
  
C:\Users\mcmco\Desktop\WMMR\src\MovieMakerCore\HMREngine\X3DMath.h(249,22): warning C4458: declaration of 'm' hides class member [C:\Users\mcmco\Desktop\WMMR\build\src\MovieMakerCore\MovieMakerCore.vcxproj]
  (compiling source file '../../../src/MovieMakerCore/HMREngine/PatternMesh/PatternMeshFactory.cpp')
      C:\Program Files (x86)\Windows Kits\10\Include\10.0.26100.0\um\DirectXMath.h(973,19):
      see declaration of 'DirectX::XMFLOAT4X4::m'
  
C:\Users\mcmco\Desktop\WMMR\src\MovieMakerCore\HMREngine\X3DMath.h(258,22): warning C4458: declaration of 'm' hides class member [C:\Users\mcmco\Desktop\WMMR\build\src\MovieMakerCore\MovieMakerCore.vcxproj]
  (compiling source file '../../../src/MovieMakerCore/HMREngine/PatternMesh/PatternMeshFactory.cpp')
      C:\Program Files (x86)\Windows Kits\10\Include\10.0.26100.0\um\DirectXMath.h(973,19):
      see declaration of 'DirectX::XMFLOAT4X4::m'
  
C:\Users\mcmco\Desktop\WMMR\src\MovieMakerCore\HMREngine\X3DNodeImpls\X3DLayerImpls.h(10,37): error C2504: 'X3DGroupingNodeImpl': base class undefined [C:\Users\mcmco\Desktop\WMMR\build\src\MovieMakerCore\MovieMakerCore.vcxproj]
  (compiling source file '../../../src/MovieMakerCore/HMREngine/X3DNodeImpls/X3DLayerImpls.cpp')
  
C:\Users\mcmco\Desktop\WMMR\src\MovieMakerCore\HMREngine\X3DNodeImpls\X3DLayerImpls.h(16,28): error C2061: syntax error: identifier 'X3DLayerNode' [C:\Users\mcmco\Desktop\WMMR\build\src\MovieMakerCore\MovieMakerCore.vcxproj]
  (compiling source file '../../../src/MovieMakerCore/HMREngine/X3DNodeImpls/X3DLayerImpls.cpp')
  
C:\Users\mcmco\Desktop\WMMR\src\MovieMakerCore\HMREngine\X3DNodeImpls\X3DLayerImpls.h(19,21): error C2143: syntax error: missing ';' before '*' [C:\Users\mcmco\Desktop\WMMR\build\src\MovieMakerCore\MovieMakerCore.vcxproj]
  (compiling source file '../../../src/MovieMakerCore/HMREngine/X3DNodeImpls/X3DLayerImpls.cpp')
  
C:\Users\mcmco\Desktop\WMMR\src\MovieMakerCore\HMREngine\X3DNodeImpls\X3DLayerImpls.h(19,9): error C4430: missing type specifier - int assumed. Note: C++ does not support default-int [C:\Users\mcmco\Desktop\WMMR\build\src\MovieMakerCore\MovieMakerCore.vcxproj]
  (compiling source file '../../../src/MovieMakerCore/HMREngine/X3DNodeImpls/X3DLayerImpls.cpp')
  
C:\Users\mcmco\Desktop\WMMR\src\MovieMakerCore\HMREngine\X3DNodeImpls\X3DLayerImpls.h(19,44): error C2334: unexpected token(s) preceding '{'; skipping apparent function body [C:\Users\mcmco\Desktop\WMMR\build\src\MovieMakerCore\MovieMakerCore.vcxproj]
  (compiling source file '../../../src/MovieMakerCore/HMREngine/X3DNodeImpls/X3DLayerImpls.cpp')
  
C:\Users\mcmco\Desktop\WMMR\src\MovieMakerCore\HMREngine\X3DNodeImpls\X3DLayerImpls.h(28,21): error C2143: syntax error: missing ';' before '*' [C:\Users\mcmco\Desktop\WMMR\build\src\MovieMakerCore\MovieMakerCore.vcxproj]
  (compiling source file '../../../src/MovieMakerCore/HMREngine/X3DNodeImpls/X3DLayerImpls.cpp')
  
C:\Users\mcmco\Desktop\WMMR\src\MovieMakerCore\HMREngine\X3DNodeImpls\X3DLayerImpls.h(28,9): error C4430: missing type specifier - int assumed. Note: C++ does not support default-int [C:\Users\mcmco\Desktop\WMMR\build\src\MovieMakerCore\MovieMakerCore.vcxproj]
  (compiling source file '../../../src/MovieMakerCore/HMREngine/X3DNodeImpls/X3DLayerImpls.cpp')
  
C:\Users\mcmco\Desktop\WMMR\src\MovieMakerCore\HMREngine\X3DNodeImpls\X3DLayerImpls.h(28,44): error C2238: unexpected token(s) preceding ';' [C:\Users\mcmco\Desktop\WMMR\build\src\MovieMakerCore\MovieMakerCore.vcxproj]
  (compiling source file '../../../src/MovieMakerCore/HMREngine/X3DNodeImpls/X3DLayerImpls.cpp')
  
C:\Users\mcmco\Desktop\WMMR\src\MovieMakerCore\HMREngine\X3DNodeImpls\X3DLayerImpls.h(17,14): error C3668: 'HMREngine::X3DLayerNodeImpl::Shutdown': method with override specifier 'override' did not override any base class methods [C:\Users\mcmco\Desktop\WMMR\build\src\MovieMakerCore\MovieMakerCore.vcxproj]
  (compiling source file '../../../src/MovieMakerCore/HMREngine/X3DNodeImpls/X3DLayerImpls.cpp')
  
C:\Users\mcmco\Desktop\WMMR\src\MovieMakerCore\HMREngine\X3DNodeImpls\X3DLayerImpls.h(32,17): error C3668: 'HMREngine::X3DLayerNodeImpl::SetupFields': method with override specifier 'override' did not override any base class methods [C:\Users\mcmco\Desktop\WMMR\build\src\MovieMakerCore\MovieMakerCore.vcxproj]
  (compiling source file '../../../src/MovieMakerCore/HMREngine/X3DNodeImpls/X3DLayerImpls.cpp')
  
C:\Users\mcmco\Desktop\WMMR\src\MovieMakerCore\HMREngine\X3DNodeImpls\X3DLayerImpls.h(86,36): error C2504: 'X3DGeometryNodeImpl': base class undefined [C:\Users\mcmco\Desktop\WMMR\build\src\MovieMakerCore\MovieMakerCore.vcxproj]
  (compiling source file '../../../src/MovieMakerCore/HMREngine/X3DNodeImpls/X3DLayerImpls.cpp')
  
C:\Users\mcmco\Desktop\WMMR\src\MovieMakerCore\HMREngine\X3DNodeImpls\X3DLayerImpls.h(93,14): error C3668: 'HMREngine::X3DTextNodeImpl::Shutdown': method with override specifier 'override' did not override any base class methods [C:\Users\mcmco\Desktop\WMMR\build\src\MovieMakerCore\MovieMakerCore.vcxproj]
  (compiling source file '../../../src/MovieMakerCore/HMREngine/X3DNodeImpls/X3DLayerImpls.cpp')
  
C:\Users\mcmco\Desktop\WMMR\src\MovieMakerCore\HMREngine\X3DNodeImpls\X3DLayerImpls.h(109,17): error C3668: 'HMREngine::X3DTextNodeImpl::SetupFields': method with override specifier 'override' did not override any base class methods [C:\Users\mcmco\Desktop\WMMR\build\src\MovieMakerCore\MovieMakerCore.vcxproj]
  (compiling source file '../../../src/MovieMakerCore/HMREngine/X3DNodeImpls/X3DLayerImpls.cpp')
  
C:\Users\mcmco\Desktop\WMMR\src\MovieMakerCore\HMREngine\X3DNodeImpls\X3DLayerImpls.h(96,89): error C3861: 'MarkDirty': identifier not found [C:\Users\mcmco\Desktop\WMMR\build\src\MovieMakerCore\MovieMakerCore.vcxproj]
  (compiling source file '../../../src/MovieMakerCore/HMREngine/X3DNodeImpls/X3DLayerImpls.cpp')
  
C:\Users\mcmco\Desktop\WMMR\src\MovieMakerCore\HMREngine\X3DNodeImpls\X3DLayerImpls.h(99,59): error C3861: 'MarkDirty': identifier not found [C:\Users\mcmco\Desktop\WMMR\build\src\MovieMakerCore\MovieMakerCore.vcxproj]
  (compiling source file '../../../src/MovieMakerCore/HMREngine/X3DNodeImpls/X3DLayerImpls.cpp')
  
C:\Users\mcmco\Desktop\WMMR\src\MovieMakerCore\HMREngine\X3DNodeImpls\X3DLayerImpls.h(102,80): error C3861: 'MarkDirty': identifier not found [C:\Users\mcmco\Desktop\WMMR\build\src\MovieMakerCore\MovieMakerCore.vcxproj]
  (compiling source file '../../../src/MovieMakerCore/HMREngine/X3DNodeImpls/X3DLayerImpls.cpp')
  
C:\Users\mcmco\Desktop\WMMR\src\MovieMakerCore\HMREngine\X3DNodeImpls\X3DLayerImpls.cpp(15,38): error C2065: 'X3DLayerNode': undeclared identifier [C:\Users\mcmco\Desktop\WMMR\build\src\MovieMakerCore\MovieMakerCore.vcxproj]
C:\Users\mcmco\Desktop\WMMR\src\MovieMakerCore\HMREngine\X3DNodeImpls\X3DLayerImpls.cpp(15,52): error C2065: 'node': undeclared identifier [C:\Users\mcmco\Desktop\WMMR\build\src\MovieMakerCore\MovieMakerCore.vcxproj]
C:\Users\mcmco\Desktop\WMMR\src\MovieMakerCore\HMREngine\X3DNodeImpls\X3DLayerImpls.cpp(15,27): error C2761: 'HRESULT HMREngine::X3DLayerNodeImpl::Initialize(void)': redeclaration of member is not allowed [C:\Users\mcmco\Desktop\WMMR\build\src\MovieMakerCore\MovieMakerCore.vcxproj]
C:\Users\mcmco\Desktop\WMMR\src\MovieMakerCore\HMREngine\X3DNodeImpls\X3DLayerImpls.cpp(16,1): error C2143: syntax error: missing ';' before '{' [C:\Users\mcmco\Desktop\WMMR\build\src\MovieMakerCore\MovieMakerCore.vcxproj]
C:\Users\mcmco\Desktop\WMMR\src\MovieMakerCore\HMREngine\X3DNodeImpls\X3DLayerImpls.cpp(16,1): error C2447: '{': missing function header (old-style formal list?) [C:\Users\mcmco\Desktop\WMMR\build\src\MovieMakerCore\MovieMakerCore.vcxproj]
C:\Users\mcmco\Desktop\WMMR\src\MovieMakerCore\HMREngine\X3DNodeImpls\X3DLayerImpls.cpp(28,5): error C2065: 'm_layerNode': undeclared identifier [C:\Users\mcmco\Desktop\WMMR\build\src\MovieMakerCore\MovieMakerCore.vcxproj]
C:\Users\mcmco\Desktop\WMMR\src\MovieMakerCore\HMREngine\X3DNodeImpls\X3DLayerImpls.cpp(29,5): error C2653: 'X3DGroupingNodeImpl': is not a class or namespace name [C:\Users\mcmco\Desktop\WMMR\build\src\MovieMakerCore\MovieMakerCore.vcxproj]
C:\Users\mcmco\Desktop\WMMR\src\MovieMakerCore\HMREngine\X3DNodeImpls\X3DLayerImpls.cpp(34,12): error C2653: 'X3DGroupingNodeImpl': is not a class or namespace name [C:\Users\mcmco\Desktop\WMMR\build\src\MovieMakerCore\MovieMakerCore.vcxproj]
C:\Users\mcmco\Desktop\WMMR\src\MovieMakerCore\HMREngine\X3DNodeImpls\X3DLayerImpls.cpp(123,12): error C2653: 'X3DGeometryNodeImpl': is not a class or namespace name [C:\Users\mcmco\Desktop\WMMR\build\src\MovieMakerCore\MovieMakerCore.vcxproj]
C:\Users\mcmco\Desktop\WMMR\src\MovieMakerCore\HMREngine\X3DNodeImpls\X3DLayerImpls.cpp(129,5): error C2653: 'X3DGeometryNodeImpl': is not a class or namespace name [C:\Users\mcmco\Desktop\WMMR\build\src\MovieMakerCore\MovieMakerCore.vcxproj]
C:\Users\mcmco\Desktop\WMMR\src\MovieMakerCore\HMREngine\X3DNodeImpls\X3DLayerImpls.cpp(134,12): error C2653: 'X3DGeometryNodeImpl': is not a class or namespace name [C:\Users\mcmco\Desktop\WMMR\build\src\MovieMakerCore\MovieMakerCore.vcxproj]
C:\Users\mcmco\Desktop\WMMR\src\MovieMakerCore\HMREngine\X3DFieldTypes.h(49,9): error C2535: 'ULONG HMREngine::X3DFieldNode::AddRef(void)': member function already defined or declared [C:\Users\mcmco\Desktop\WMMR\build\src\MovieMakerCore\MovieMakerCore.vcxproj]
  (compiling source file '../../../src/MovieMakerCore/HMREngine/PatternMesh/PatternMesh.cpp')
      C:\Users\mcmco\Desktop\WMMR\src\MovieMakerCore\HMREngine\X3DFieldTypes.h(33,9):
      see declaration of 'HMREngine::X3DFieldNode::AddRef'
  
C:\Users\mcmco\Desktop\WMMR\src\MovieMakerCore\HMREngine\X3DFieldTypes.h(49,9): error C2535: 'ULONG HMREngine::X3DFieldNode::Release(void)': member function already defined or declared [C:\Users\mcmco\Desktop\WMMR\build\src\MovieMakerCore\MovieMakerCore.vcxproj]
  (compiling source file '../../../src/MovieMakerCore/HMREngine/PatternMesh/PatternMesh.cpp')
      C:\Users\mcmco\Desktop\WMMR\src\MovieMakerCore\HMREngine\X3DFieldTypes.h(34,9):
      see declaration of 'HMREngine::X3DFieldNode::Release'
  
C:\Users\mcmco\Desktop\WMMR\src\MovieMakerCore\HMREngine\X3DFieldTypes.h(49,9): error C2535: 'HRESULT HMREngine::X3DFieldNode::QueryInterface(const IID &,void **)': member function already defined or declared [C:\Users\mcmco\Desktop\WMMR\build\src\MovieMakerCore\MovieMakerCore.vcxproj]
  (compiling source file '../../../src/MovieMakerCore/HMREngine/PatternMesh/PatternMesh.cpp')
      C:\Users\mcmco\Desktop\WMMR\src\MovieMakerCore\HMREngine\X3DFieldTypes.h(35,9):
      see declaration of 'HMREngine::X3DFieldNode::QueryInterface'
  
C:\Users\mcmco\Desktop\WMMR\src\MovieMakerCore\HMREngine\X3DFieldTypes.h(40,24): error C2440: 'static_cast': cannot convert from 'HMREngine::X3DFieldNode *' to 'IUnknown *' [C:\Users\mcmco\Desktop\WMMR\build\src\MovieMakerCore\MovieMakerCore.vcxproj]
  (compiling source file '../../../src/MovieMakerCore/HMREngine/PatternMesh/PatternMesh.cpp')
      C:\Users\mcmco\Desktop\WMMR\src\MovieMakerCore\HMREngine\X3DFieldTypes.h(40,24):
      Types pointed to are unrelated; conversion requires reinterpret_cast, C-style cast or parenthesized function-style cast
  
C:\Users\mcmco\Desktop\WMMR\src\MovieMakerCore\HMREngine\X3DFieldTypes.h(49,9): error C2535: 'ULONG HMREngine::X3DFieldNode::AddRef(void)': member function already defined or declared [C:\Users\mcmco\Desktop\WMMR\build\src\MovieMakerCore\MovieMakerCore.vcxproj]
  (compiling source file '../../../src/MovieMakerCore/HMREngine/PatternMesh/PatternMeshFactory.cpp')
      C:\Users\mcmco\Desktop\WMMR\src\MovieMakerCore\HMREngine\X3DFieldTypes.h(33,9):
      see declaration of 'HMREngine::X3DFieldNode::AddRef'
  
C:\Users\mcmco\Desktop\WMMR\src\MovieMakerCore\HMREngine\X3DFieldTypes.h(49,9): error C2535: 'ULONG HMREngine::X3DFieldNode::Release(void)': member function already defined or declared [C:\Users\mcmco\Desktop\WMMR\build\src\MovieMakerCore\MovieMakerCore.vcxproj]
  (compiling source file '../../../src/MovieMakerCore/HMREngine/PatternMesh/PatternMeshFactory.cpp')
      C:\Users\mcmco\Desktop\WMMR\src\MovieMakerCore\HMREngine\X3DFieldTypes.h(34,9):
      see declaration of 'HMREngine::X3DFieldNode::Release'
  
C:\Users\mcmco\Desktop\WMMR\src\MovieMakerCore\HMREngine\X3DFieldTypes.h(49,9): error C2535: 'HRESULT HMREngine::X3DFieldNode::QueryInterface(const IID &,void **)': member function already defined or declared [C:\Users\mcmco\Desktop\WMMR\build\src\MovieMakerCore\MovieMakerCore.vcxproj]
  (compiling source file '../../../src/MovieMakerCore/HMREngine/PatternMesh/PatternMeshFactory.cpp')
      C:\Users\mcmco\Desktop\WMMR\src\MovieMakerCore\HMREngine\X3DFieldTypes.h(35,9):
      see declaration of 'HMREngine::X3DFieldNode::QueryInterface'
  
C:\Users\mcmco\Desktop\WMMR\src\MovieMakerCore\HMREngine\X3DFieldTypes.h(40,24): error C2440: 'static_cast': cannot convert from 'HMREngine::X3DFieldNode *' to 'IUnknown *' [C:\Users\mcmco\Desktop\WMMR\build\src\MovieMakerCore\MovieMakerCore.vcxproj]
  (compiling source file '../../../src/MovieMakerCore/HMREngine/PatternMesh/PatternMeshFactory.cpp')
      C:\Users\mcmco\Desktop\WMMR\src\MovieMakerCore\HMREngine\X3DFieldTypes.h(40,24):
      Types pointed to are unrelated; conversion requires reinterpret_cast, C-style cast or parenthesized function-style cast
  
C:\Users\mcmco\Desktop\WMMR\src\MovieMakerCore\HMREngine\X3DMath.h(232,22): warning C4458: declaration of 'm' hides class member [C:\Users\mcmco\Desktop\WMMR\build\src\MovieMakerCore\MovieMakerCore.vcxproj]
  (compiling source file '../../../src/MovieMakerCore/HMREngine/TextRender/TextRenderPipeline.cpp')
      C:\Program Files (x86)\Windows Kits\10\Include\10.0.26100.0\um\DirectXMath.h(973,19):
      see declaration of 'DirectX::XMFLOAT4X4::m'
  
C:\Users\mcmco\Desktop\WMMR\src\MovieMakerCore\HMREngine\X3DMath.h(240,22): warning C4458: declaration of 'm' hides class member [C:\Users\mcmco\Desktop\WMMR\build\src\MovieMakerCore\MovieMakerCore.vcxproj]
  (compiling source file '../../../src/MovieMakerCore/HMREngine/TextRender/TextRenderPipeline.cpp')
      C:\Program Files (x86)\Windows Kits\10\Include\10.0.26100.0\um\DirectXMath.h(973,19):
      see declaration of 'DirectX::XMFLOAT4X4::m'
  
C:\Users\mcmco\Desktop\WMMR\src\MovieMakerCore\HMREngine\X3DMath.h(249,22): warning C4458: declaration of 'm' hides class member [C:\Users\mcmco\Desktop\WMMR\build\src\MovieMakerCore\MovieMakerCore.vcxproj]
  (compiling source file '../../../src/MovieMakerCore/HMREngine/TextRender/TextRenderPipeline.cpp')
      C:\Program Files (x86)\Windows Kits\10\Include\10.0.26100.0\um\DirectXMath.h(973,19):
      see declaration of 'DirectX::XMFLOAT4X4::m'
  
C:\Users\mcmco\Desktop\WMMR\src\MovieMakerCore\HMREngine\X3DMath.h(258,22): warning C4458: declaration of 'm' hides class member [C:\Users\mcmco\Desktop\WMMR\build\src\MovieMakerCore\MovieMakerCore.vcxproj]
  (compiling source file '../../../src/MovieMakerCore/HMREngine/TextRender/TextRenderPipeline.cpp')
      C:\Program Files (x86)\Windows Kits\10\Include\10.0.26100.0\um\DirectXMath.h(973,19):
      see declaration of 'DirectX::XMFLOAT4X4::m'
  
C:\Users\mcmco\Desktop\WMMR\src\MovieMakerCore\HMREngine\DXResources\DXResources.h(98,27): error C3646: 'Formats': unknown override specifier [C:\Users\mcmco\Desktop\WMMR\build\src\MovieMakerCore\MovieMakerCore.vcxproj]
  (compiling source file '../../../src/MovieMakerCore/HMREngine/PatternMesh/PatternMesh.cpp')
  
C:\Users\mcmco\Desktop\WMMR\src\MovieMakerCore\HMREngine\DXResources\MeshResourceDX.h(43,39): error C2504: 'HMREngine::DX::DeviceClientDXImpl': base class undefined [C:\Users\mcmco\Desktop\WMMR\build\src\MovieMakerCore\MovieMakerCore.vcxproj]
  (compiling source file '../../../src/MovieMakerCore/HMREngine/PatternMesh/PatternMesh.cpp')
  
C:\Users\mcmco\Desktop\WMMR\src\MovieMakerCore\HMREngine\DXResources\MeshResourceDX.h(82,51): error C2504: 'HMREngine::DX::DeviceClientDXImpl': base class undefined [C:\Users\mcmco\Desktop\WMMR\build\src\MovieMakerCore\MovieMakerCore.vcxproj]
  (compiling source file '../../../src/MovieMakerCore/HMREngine/PatternMesh/PatternMesh.cpp')
  
C:\Users\mcmco\Desktop\WMMR\src\MovieMakerCore\HMREngine\X3DFieldTypes.h(49,9): error C2535: 'ULONG HMREngine::X3DFieldNode::AddRef(void)': member function already defined or declared [C:\Users\mcmco\Desktop\WMMR\build\src\MovieMakerCore\MovieMakerCore.vcxproj]
  (compiling source file '../../../src/MovieMakerCore/HMREngine/TextRender/TextRenderPipeline.cpp')
      C:\Users\mcmco\Desktop\WMMR\src\MovieMakerCore\HMREngine\X3DFieldTypes.h(33,9):
      see declaration of 'HMREngine::X3DFieldNode::AddRef'
  
C:\Users\mcmco\Desktop\WMMR\src\MovieMakerCore\HMREngine\X3DFieldTypes.h(49,9): error C2535: 'ULONG HMREngine::X3DFieldNode::Release(void)': member function already defined or declared [C:\Users\mcmco\Desktop\WMMR\build\src\MovieMakerCore\MovieMakerCore.vcxproj]
  (compiling source file '../../../src/MovieMakerCore/HMREngine/TextRender/TextRenderPipeline.cpp')
      C:\Users\mcmco\Desktop\WMMR\src\MovieMakerCore\HMREngine\X3DFieldTypes.h(34,9):
      see declaration of 'HMREngine::X3DFieldNode::Release'
  
C:\Users\mcmco\Desktop\WMMR\src\MovieMakerCore\HMREngine\X3DFieldTypes.h(49,9): error C2535: 'HRESULT HMREngine::X3DFieldNode::QueryInterface(const IID &,void **)': member function already defined or declared [C:\Users\mcmco\Desktop\WMMR\build\src\MovieMakerCore\MovieMakerCore.vcxproj]
  (compiling source file '../../../src/MovieMakerCore/HMREngine/TextRender/TextRenderPipeline.cpp')
      C:\Users\mcmco\Desktop\WMMR\src\MovieMakerCore\HMREngine\X3DFieldTypes.h(35,9):
      see declaration of 'HMREngine::X3DFieldNode::QueryInterface'
  
C:\Users\mcmco\Desktop\WMMR\src\MovieMakerCore\HMREngine\X3DFieldTypes.h(40,24): error C2440: 'static_cast': cannot convert from 'HMREngine::X3DFieldNode *' to 'IUnknown *' [C:\Users\mcmco\Desktop\WMMR\build\src\MovieMakerCore\MovieMakerCore.vcxproj]
  (compiling source file '../../../src/MovieMakerCore/HMREngine/TextRender/TextRenderPipeline.cpp')
      C:\Users\mcmco\Desktop\WMMR\src\MovieMakerCore\HMREngine\X3DFieldTypes.h(40,24):
      Types pointed to are unrelated; conversion requires reinterpret_cast, C-style cast or parenthesized function-style cast
  
C:\Users\mcmco\Desktop\WMMR\src\MovieMakerCore\HMREngine\PatternMesh\PatternMesh.cpp(156,20): warning C4244: 'initializing': conversion from 'UINT' to 'WORD', possible loss of data [C:\Users\mcmco\Desktop\WMMR\build\src\MovieMakerCore\MovieMakerCore.vcxproj]
C:\Users\mcmco\Desktop\WMMR\src\MovieMakerCore\HMREngine\DXResources\DXResources.h(98,27): error C3646: 'Formats': unknown override specifier [C:\Users\mcmco\Desktop\WMMR\build\src\MovieMakerCore\MovieMakerCore.vcxproj]
  (compiling source file '../../../src/MovieMakerCore/HMREngine/PatternMesh/PatternMeshFactory.cpp')
  
C:\Users\mcmco\Desktop\WMMR\src\MovieMakerCore\HMREngine\DXResources\MeshResourceDX.h(43,39): error C2504: 'HMREngine::DX::DeviceClientDXImpl': base class undefined [C:\Users\mcmco\Desktop\WMMR\build\src\MovieMakerCore\MovieMakerCore.vcxproj]
  (compiling source file '../../../src/MovieMakerCore/HMREngine/PatternMesh/PatternMeshFactory.cpp')
  
C:\Users\mcmco\Desktop\WMMR\src\MovieMakerCore\HMREngine\DXResources\MeshResourceDX.h(82,51): error C2504: 'HMREngine::DX::DeviceClientDXImpl': base class undefined [C:\Users\mcmco\Desktop\WMMR\build\src\MovieMakerCore\MovieMakerCore.vcxproj]
  (compiling source file '../../../src/MovieMakerCore/HMREngine/PatternMesh/PatternMeshFactory.cpp')
  
C:\Users\mcmco\Desktop\WMMR\src\MovieMakerCore\HMREngine\PatternMesh\PatternMesh.cpp(530,20): warning C4244: 'initializing': conversion from 'UINT' to 'WORD', possible loss of data [C:\Users\mcmco\Desktop\WMMR\build\src\MovieMakerCore\MovieMakerCore.vcxproj]
C:\Users\mcmco\Desktop\WMMR\src\MovieMakerCore\HMREngine\DXResources\DXResources.h(98,27): error C3646: 'Formats': unknown override specifier [C:\Users\mcmco\Desktop\WMMR\build\src\MovieMakerCore\MovieMakerCore.vcxproj]
  (compiling source file '../../../src/MovieMakerCore/HMREngine/TextRender/TextRenderPipeline.cpp')
  
C:\Users\mcmco\Desktop\WMMR\src\MovieMakerCore\HMREngine\TextRender\TextRenderPipeline.cpp(53,9): error C2660: 'DWriteCreateFactory': function does not take 2 arguments [C:\Users\mcmco\Desktop\WMMR\build\src\MovieMakerCore\MovieMakerCore.vcxproj]
      C:\Program Files (x86)\Windows Kits\10\Include\10.0.26100.0\um\dwrite.h(5123,32):
      see declaration of 'DWriteCreateFactory'
      C:\Users\mcmco\Desktop\WMMR\src\MovieMakerCore\HMREngine\TextRender\TextRenderPipeline.cpp(53,9):
      while trying to match the argument list '(const _GUID, IUnknown **)'
  
C:\Users\mcmco\Desktop\WMMR\src\MovieMakerCore\HMREngine\TextRender\TextRenderPipeline.cpp(64,9): error C2661: 'D2D1CreateFactory': no overloaded function takes 2 arguments [C:\Users\mcmco\Desktop\WMMR\build\src\MovieMakerCore\MovieMakerCore.vcxproj]
      C:\Program Files (x86)\Windows Kits\10\Include\10.0.26100.0\um\d2d1.h(3750,1):
      could be 'HRESULT D2D1CreateFactory(D2D1_FACTORY_TYPE,const D2D1_FACTORY_OPTIONS &,Factory **)'
          C:\Users\mcmco\Desktop\WMMR\src\MovieMakerCore\HMREngine\TextRender\TextRenderPipeline.cpp(64,9):
          'HRESULT D2D1CreateFactory(D2D1_FACTORY_TYPE,const D2D1_FACTORY_OPTIONS &,Factory **)': expects 3 arguments - 2 provided
      C:\Program Files (x86)\Windows Kits\10\Include\10.0.26100.0\um\d2d1.h(3735,1):
      or       'HRESULT D2D1CreateFactory(D2D1_FACTORY_TYPE,Factory **)'
          C:\Users\mcmco\Desktop\WMMR\src\MovieMakerCore\HMREngine\TextRender\TextRenderPipeline.cpp(64,27):
          'initializing': cannot convert from 'const _GUID' to 'D2D1_FACTORY_TYPE'
              C:\Users\mcmco\Desktop\WMMR\src\MovieMakerCore\HMREngine\TextRender\TextRenderPipeline.cpp(64,27):
              No user-defined-conversion operator available that can perform this conversion, or the operator cannot be called
      C:\Users\mcmco\Desktop\WMMR\src\MovieMakerCore\HMREngine\TextRender\TextRenderPipeline.cpp(64,9):
      while trying to match the argument list '(const _GUID, T **)'
          with
          [
              T=ID2D1Factory
          ]
  
C:\Users\mcmco\Desktop\WMMR\src\MovieMakerCore\HMREngine\TextRender\TextRenderPipeline.cpp(114,9): error C2065: 'D2D1_RENDER_TYPE_DEFAULT': undeclared identifier [C:\Users\mcmco\Desktop\WMMR\build\src\MovieMakerCore\MovieMakerCore.vcxproj]
C:\Users\mcmco\Desktop\WMMR\src\MovieMakerCore\HMREngine\TextRender\TextRenderPipeline.cpp(250,9): error C2065: 'D2D1_RENDER_TYPE_DEFAULT': undeclared identifier [C:\Users\mcmco\Desktop\WMMR\build\src\MovieMakerCore\MovieMakerCore.vcxproj]
C:\Users\mcmco\Desktop\WMMR\src\MovieMakerCore\HMREngine\TextRender\TextRenderPipeline.cpp(339,9): error C2065: 'D2D1_RENDER_TYPE_DEFAULT': undeclared identifier [C:\Users\mcmco\Desktop\WMMR\build\src\MovieMakerCore\MovieMakerCore.vcxproj]
C:\Users\mcmco\Desktop\WMMR\src\MovieMakerCore\HMREngine\TextRender\TextRenderPipeline.cpp(354,9): error C2664: 'void ID2D1RenderTarget::DrawTextLayout(D2D1_POINT_2F,IDWriteTextLayout *,ID2D1Brush *,D2D1_DRAW_TEXT_OPTIONS)': cannot convert argument 4 from 'D2D1_RECT_F' to 'D2D1_DRAW_TEXT_OPTIONS' [C:\Users\mcmco\Desktop\WMMR\build\src\MovieMakerCore\MovieMakerCore.vcxproj]
      C:\Users\mcmco\Desktop\WMMR\src\MovieMakerCore\HMREngine\TextRender\TextRenderPipeline.cpp(354,64):
      No user-defined-conversion operator available that can perform this conversion, or the operator cannot be called
      C:\Program Files (x86)\Windows Kits\10\Include\10.0.26100.0\um\d2d1.h(2636,5):
      see declaration of 'ID2D1RenderTarget::DrawTextLayout'
      C:\Users\mcmco\Desktop\WMMR\src\MovieMakerCore\HMREngine\TextRender\TextRenderPipeline.cpp(354,9):
      while trying to match the argument list '(D2D1_POINT_2F, ATL::CComPtr<IDWriteTextLayout>, ATL::CComPtr<ID2D1SolidColorBrush>, D2D1_RECT_F)'
  
  MovieMakerLang.vcxproj -> C:\Users\mcmco\Desktop\WMMR\build\bin\Debug\MovieMakerLang.dll
